Using GPU
Args in experiment:
[1mBasic Config[0m
  Task Name:          long_term_forecast  Is Training:        1                   
  Model ID:           ETTh1_96_720        Model:              GraphMamba          

[1mData Loader[0m
  Data:               ETTh1               Root Path:          /home/cwh/Time-Series-Library/dataset/ETT-small
  Data Path:          ETTh1.csv           Features:           M                   
  Target:             OT                  Freq:               h                   
  Checkpoints:        ./checkpoints/      

[1mForecasting Task[0m
  Seq Len:            96                  Label Len:          48                  
  Pred Len:           720                 Seasonal Patterns:  Monthly             
  Inverse:            0                   

[1mModel Parameters[0m
  Top k:              5                   Num Kernels:        6                   
  Enc In:             7                   Dec In:             7                   
  C Out:              7                   d model:            64                  
  n heads:            8                   e layers:           1                   
  d layers:           1                   d FF:               128                 
  Moving Avg:         25                  Factor:             1                   
  Distil:             1                   Dropout:            0.1                 
  Embed:              timeF               Activation:         gelu                

[1mRun Parameters[0m
  Num Workers:        0                   Itr:                1                   
  Train Epochs:       100                 Batch Size:         32                  
  Patience:           6                   Learning Rate:      0.0005              
  Des:                GraphMamba_all      Loss:               MSE                 
  Lradj:              type1               Use Amp:            0                   

[1mGPU[0m
  Use GPU:            1                   GPU:                0                   
  Use Multi GPU:      0                   Devices:            0,1,2,3             

[1mDe-stationary Projector Params[0m
  P Hidden Dims:      128, 128            P Hidden Layers:    2                   

Use GPU: cuda:0
🚀 Lazy Loading: GraphMamba ...
[GraphMamba] Loaded static graph: /home/cwh/Time-Series-Library/dataset/ETT-small/ETTh1_adj_train_ETTh1_M_uniform_2000_seed2021.npy
>>>>>>>start training : long_term_forecast_ETTh1_96_720_GraphMamba_ETTh1_ftM_sl96_ll48_pl720_dm64_nh8_el1_dl1_df128_expand2_dc2_fc1_ebtimeF_dtTrue_GraphMamba_all_0_patch4_st2_ds32_mv1_bi1_ga0.5_gk2>>>>>>>>>>>>>>>>>>>>>>>>>>
train 7825
val 2161
test 2161
	iters: 100, epoch: 1 | loss: 0.5966861
	speed: 0.0197s/iter; left time: 479.8380s
	iters: 200, epoch: 1 | loss: 0.7405679
	speed: 0.0180s/iter; left time: 437.2219s
Epoch: 1 cost time: 4.567851543426514
Epoch: 1, Steps: 245 | Train Loss: 0.6780099 Vali Loss: 1.5769822 Test Loss: 0.4838967
Validation loss decreased (inf --> 1.576982).  Saving model ...
Updating learning rate to 0.0005
	iters: 100, epoch: 2 | loss: 0.5906863
	speed: 0.0357s/iter; left time: 863.2088s
	iters: 200, epoch: 2 | loss: 0.6690286
	speed: 0.0184s/iter; left time: 442.3780s
Epoch: 2 cost time: 4.452595472335815
Epoch: 2, Steps: 245 | Train Loss: 0.6093024 Vali Loss: 1.6277405 Test Loss: 0.4532196
EarlyStopping counter: 1 out of 6
Updating learning rate to 0.00025
	iters: 100, epoch: 3 | loss: 0.5825127
	speed: 0.0361s/iter; left time: 862.8224s
	iters: 200, epoch: 3 | loss: 0.5983306
	speed: 0.0184s/iter; left time: 438.3761s
Epoch: 3 cost time: 4.586708307266235
Epoch: 3, Steps: 245 | Train Loss: 0.5955267 Vali Loss: 1.6667844 Test Loss: 0.4455593
EarlyStopping counter: 2 out of 6
Updating learning rate to 0.000125
	iters: 100, epoch: 4 | loss: 0.5356354
	speed: 0.0394s/iter; left time: 932.4554s
	iters: 200, epoch: 4 | loss: 0.6345478
	speed: 0.0179s/iter; left time: 421.2213s
Epoch: 4 cost time: 4.410601377487183
Epoch: 4, Steps: 245 | Train Loss: 0.5839653 Vali Loss: 1.6576084 Test Loss: 0.4692840
EarlyStopping counter: 3 out of 6
Updating learning rate to 6.25e-05
	iters: 100, epoch: 5 | loss: 0.5974862
	speed: 0.0377s/iter; left time: 884.0338s
	iters: 200, epoch: 5 | loss: 0.5346696
	speed: 0.0177s/iter; left time: 411.8378s
Epoch: 5 cost time: 4.337754964828491
Epoch: 5, Steps: 245 | Train Loss: 0.5775516 Vali Loss: 1.6734905 Test Loss: 0.4849455
EarlyStopping counter: 4 out of 6
Updating learning rate to 3.125e-05
	iters: 100, epoch: 6 | loss: 0.4987339
	speed: 0.0349s/iter; left time: 807.7426s
	iters: 200, epoch: 6 | loss: 0.5225754
	speed: 0.0173s/iter; left time: 400.0574s
Epoch: 6 cost time: 4.260873556137085
Epoch: 6, Steps: 245 | Train Loss: 0.5732524 Vali Loss: 1.6890801 Test Loss: 0.4736342
EarlyStopping counter: 5 out of 6
Updating learning rate to 1.5625e-05
	iters: 100, epoch: 7 | loss: 0.6244729
	speed: 0.0349s/iter; left time: 799.4963s
	iters: 200, epoch: 7 | loss: 0.5089048
	speed: 0.0181s/iter; left time: 414.2282s
Epoch: 7 cost time: 4.336138486862183
Epoch: 7, Steps: 245 | Train Loss: 0.5711433 Vali Loss: 1.6892287 Test Loss: 0.4703892
EarlyStopping counter: 6 out of 6
Early stopping
>>>>>>>testing : long_term_forecast_ETTh1_96_720_GraphMamba_ETTh1_ftM_sl96_ll48_pl720_dm64_nh8_el1_dl1_df128_expand2_dc2_fc1_ebtimeF_dtTrue_GraphMamba_all_0_patch4_st2_ds32_mv1_bi1_ga0.5_gk2<<<<<<<<<<<<<<<<<<<<<<<<<<<<<<<<<
test 2161
test shape: (2161, 720, 7) (2161, 720, 7)
test shape: (2161, 720, 7) (2161, 720, 7)
mse:0.4827408492565155, mae:0.46631166338920593, dtw:Not calculated
