Args in experiment:
[1mBasic Config[0m
  Task Name:          long_term_forecast  Is Training:        1                   
  Model ID:           closest_dim_ettm2_l336_h720_s2022Model:              DiM                 

[1mData Loader[0m
  Data:               ETTm2               Root Path:          /home/cwh/Time-Series-Library/dataset/ETT-small
  Data Path:          ETTm2.csv           Features:           M                   
  Target:             OT                  Freq:               t                   
  Checkpoints:        /home/cwh/Time-Series-Library/logs/timerole_p0/closest/formal/dim/checkpoints

[1mForecasting Task[0m
  Seq Len:            336                 Label Len:          48                  
  Pred Len:           720                 Seasonal Patterns:  Monthly             
  Inverse:            0                   

[1mModel Parameters[0m
  Top k:              5                   Num Kernels:        6                   
  Enc In:             7                   Dec In:             7                   
  C Out:              7                   d model:            512                 
  n heads:            8                   e layers:           1                   
  d layers:           1                   d FF:               2048                
  Moving Avg:         25                  Factor:             1                   
  Distil:             1                   Dropout:            0.1                 
  Embed:              timeF               Activation:         gelu                
  Output Attention:   0                   

[1mRun Parameters[0m
  Num Workers:        0                   Itr:                1                   
  Train Epochs:       100                 Batch Size:         32                  
  Patience:           6                   Learning Rate:      0.0002              
  Des:                closest_dim_ettm2_l336_h720_s2022Loss:               MSE                 
  Lradj:              type1               Use Amp:            0                   

[1mGPU[0m
  Use GPU:            1                   GPU:                0                   
  Use Multi GPU:      0                   Devices:            0,1,2,3             

[1mDe-stationary Projector Params[0m
  P Hidden Dims:      128, 128            P Hidden Layers:    2                   

Use GPU: cuda:0
>>>>>>>start training : long_term_forecast_closest_dim_ettm2_l336_h720_s2022_DiM_ETTm2_ftM_sl336_ll48_pl720_dm512_nh8_el1_dl1_df2048_seita0.5_ebtimeF_gdep4_node_dim10_closest_dim_ettm2_l336_h720_s2022_0>>>>>>>>>>>>>>>>>>>>>>>>>>
train 33505
val 10801
Number of parameter:  3.10M
	iters: 100, epoch: 1 | loss: 0.6312527
	speed: 0.0122s/iter; left time: 1275.0125s
	iters: 200, epoch: 1 | loss: 0.5212041
	speed: 0.0060s/iter; left time: 628.3142s
	iters: 300, epoch: 1 | loss: 0.4511977
	speed: 0.0059s/iter; left time: 621.2590s
	iters: 400, epoch: 1 | loss: 0.3512402
	speed: 0.0060s/iter; left time: 627.6238s
	iters: 500, epoch: 1 | loss: 0.4974024
	speed: 0.0061s/iter; left time: 634.9369s
	iters: 600, epoch: 1 | loss: 0.4280237
	speed: 0.0061s/iter; left time: 632.0446s
	iters: 700, epoch: 1 | loss: 0.7819501
	speed: 0.0064s/iter; left time: 665.9075s
	iters: 800, epoch: 1 | loss: 0.7804339
	speed: 0.0060s/iter; left time: 622.3297s
	iters: 900, epoch: 1 | loss: 0.2629971
	speed: 0.0062s/iter; left time: 644.8242s
	iters: 1000, epoch: 1 | loss: 0.3446351
	speed: 0.0062s/iter; left time: 638.7254s
Epoch: 1 cost time: 6.6245293617248535
Epoch: 1, Steps: 1048 | Train Loss: 0.5163135 Vali Loss: 0.2821321
Validation loss decreased (inf --> 0.282132).  Saving model ...
Updating learning rate to 0.0002
	iters: 100, epoch: 2 | loss: 0.2621693
	speed: 0.0186s/iter; left time: 1929.2493s
	iters: 200, epoch: 2 | loss: 0.3782720
	speed: 0.0062s/iter; left time: 643.4869s
	iters: 300, epoch: 2 | loss: 0.4114338
	speed: 0.0061s/iter; left time: 629.7298s
	iters: 400, epoch: 2 | loss: 0.6743577
	speed: 0.0059s/iter; left time: 612.2312s
	iters: 500, epoch: 2 | loss: 0.7394331
	speed: 0.0059s/iter; left time: 609.5215s
	iters: 600, epoch: 2 | loss: 0.4478686
	speed: 0.0062s/iter; left time: 642.7764s
	iters: 700, epoch: 2 | loss: 0.4363350
	speed: 0.0059s/iter; left time: 611.6767s
	iters: 800, epoch: 2 | loss: 0.4706061
	speed: 0.0061s/iter; left time: 627.1821s
	iters: 900, epoch: 2 | loss: 0.4936309
	speed: 0.0062s/iter; left time: 635.8005s
	iters: 1000, epoch: 2 | loss: 0.3987566
	speed: 0.0061s/iter; left time: 629.5897s
Epoch: 2 cost time: 6.383096694946289
Epoch: 2, Steps: 1048 | Train Loss: 0.4534561 Vali Loss: 0.2804231
Validation loss decreased (0.282132 --> 0.280423).  Saving model ...
Updating learning rate to 0.0001
	iters: 100, epoch: 3 | loss: 0.4092956
	speed: 0.0187s/iter; left time: 1916.9694s
	iters: 200, epoch: 3 | loss: 0.3205596
	speed: 0.0062s/iter; left time: 636.0338s
	iters: 300, epoch: 3 | loss: 0.5028318
	speed: 0.0062s/iter; left time: 639.4023s
	iters: 400, epoch: 3 | loss: 0.6103077
	speed: 0.0060s/iter; left time: 609.1858s
	iters: 500, epoch: 3 | loss: 0.2567694
	speed: 0.0065s/iter; left time: 669.1279s
	iters: 600, epoch: 3 | loss: 0.6110461
	speed: 0.0061s/iter; left time: 625.1156s
	iters: 700, epoch: 3 | loss: 0.4881026
	speed: 0.0061s/iter; left time: 617.7582s
	iters: 800, epoch: 3 | loss: 0.2828736
	speed: 0.0060s/iter; left time: 613.1831s
	iters: 900, epoch: 3 | loss: 0.5123864
	speed: 0.0058s/iter; left time: 592.9454s
	iters: 1000, epoch: 3 | loss: 0.3346811
	speed: 0.0063s/iter; left time: 641.2188s
Epoch: 3 cost time: 6.44607400894165
Epoch: 3, Steps: 1048 | Train Loss: 0.4100180 Vali Loss: 0.2862049
EarlyStopping counter: 1 out of 6
Updating learning rate to 5e-05
	iters: 100, epoch: 4 | loss: 0.3031061
	speed: 0.0190s/iter; left time: 1933.4020s
	iters: 200, epoch: 4 | loss: 0.3911258
	speed: 0.0061s/iter; left time: 614.0805s
	iters: 300, epoch: 4 | loss: 0.3524328
	speed: 0.0061s/iter; left time: 618.2165s
	iters: 400, epoch: 4 | loss: 0.3389905
	speed: 0.0059s/iter; left time: 596.8148s
	iters: 500, epoch: 4 | loss: 0.3918124
	speed: 0.0061s/iter; left time: 614.8776s
	iters: 600, epoch: 4 | loss: 0.7287382
	speed: 0.0061s/iter; left time: 620.0118s
	iters: 700, epoch: 4 | loss: 0.2509190
	speed: 0.0063s/iter; left time: 638.6377s
	iters: 800, epoch: 4 | loss: 0.4438096
	speed: 0.0061s/iter; left time: 615.8300s
	iters: 900, epoch: 4 | loss: 0.3721035
	speed: 0.0061s/iter; left time: 617.3360s
	iters: 1000, epoch: 4 | loss: 0.3597128
	speed: 0.0061s/iter; left time: 618.4632s
Epoch: 4 cost time: 6.392376184463501
Epoch: 4, Steps: 1048 | Train Loss: 0.3874007 Vali Loss: 0.2848878
EarlyStopping counter: 2 out of 6
Updating learning rate to 2.5e-05
	iters: 100, epoch: 5 | loss: 0.3137473
	speed: 0.0198s/iter; left time: 1985.7859s
	iters: 200, epoch: 5 | loss: 0.2735150
	speed: 0.0062s/iter; left time: 619.3812s
	iters: 300, epoch: 5 | loss: 0.4994450
	speed: 0.0063s/iter; left time: 631.2052s
	iters: 400, epoch: 5 | loss: 0.3688848
	speed: 0.0061s/iter; left time: 614.9794s
	iters: 500, epoch: 5 | loss: 0.3319298
	speed: 0.0062s/iter; left time: 622.5753s
	iters: 600, epoch: 5 | loss: 0.3508186
	speed: 0.0061s/iter; left time: 611.8946s
	iters: 700, epoch: 5 | loss: 0.4622855
	speed: 0.0063s/iter; left time: 630.8746s
	iters: 800, epoch: 5 | loss: 0.4405516
	speed: 0.0063s/iter; left time: 632.3460s
	iters: 900, epoch: 5 | loss: 0.2990333
	speed: 0.0062s/iter; left time: 617.3934s
	iters: 1000, epoch: 5 | loss: 0.4484729
	speed: 0.0062s/iter; left time: 620.2795s
Epoch: 5 cost time: 6.535516023635864
Epoch: 5, Steps: 1048 | Train Loss: 0.3763876 Vali Loss: 0.2865047
EarlyStopping counter: 3 out of 6
Updating learning rate to 1.25e-05
	iters: 100, epoch: 6 | loss: 0.4510242
	speed: 0.0188s/iter; left time: 1864.9732s
	iters: 200, epoch: 6 | loss: 0.5025094
	speed: 0.0062s/iter; left time: 613.8217s
	iters: 300, epoch: 6 | loss: 0.3790083
	speed: 0.0062s/iter; left time: 613.8995s
	iters: 400, epoch: 6 | loss: 0.4070106
	speed: 0.0062s/iter; left time: 613.2668s
	iters: 500, epoch: 6 | loss: 0.3096153
	speed: 0.0060s/iter; left time: 596.3732s
	iters: 600, epoch: 6 | loss: 0.3734965
	speed: 0.0060s/iter; left time: 592.1426s
	iters: 700, epoch: 6 | loss: 0.3680165
	speed: 0.0060s/iter; left time: 590.9211s
	iters: 800, epoch: 6 | loss: 0.4325638
	speed: 0.0063s/iter; left time: 617.7446s
	iters: 900, epoch: 6 | loss: 0.2700037
	speed: 0.0063s/iter; left time: 624.2189s
	iters: 1000, epoch: 6 | loss: 0.4283562
	speed: 0.0063s/iter; left time: 617.7306s
Epoch: 6 cost time: 6.460824966430664
Epoch: 6, Steps: 1048 | Train Loss: 0.3699956 Vali Loss: 0.2881794
EarlyStopping counter: 4 out of 6
Updating learning rate to 6.25e-06
	iters: 100, epoch: 7 | loss: 0.3056958
	speed: 0.0189s/iter; left time: 1856.0266s
	iters: 200, epoch: 7 | loss: 0.2547098
	speed: 0.0060s/iter; left time: 590.0476s
	iters: 300, epoch: 7 | loss: 0.2197276
	speed: 0.0063s/iter; left time: 623.6326s
	iters: 400, epoch: 7 | loss: 0.4499850
	speed: 0.0062s/iter; left time: 609.6329s
	iters: 500, epoch: 7 | loss: 0.3656641
	speed: 0.0062s/iter; left time: 606.9951s
	iters: 600, epoch: 7 | loss: 0.3853019
	speed: 0.0062s/iter; left time: 606.3200s
	iters: 700, epoch: 7 | loss: 0.5919675
	speed: 0.0061s/iter; left time: 594.2992s
	iters: 800, epoch: 7 | loss: 0.3078798
	speed: 0.0062s/iter; left time: 602.0469s
	iters: 900, epoch: 7 | loss: 0.3817575
	speed: 0.0062s/iter; left time: 604.6545s
	iters: 1000, epoch: 7 | loss: 0.5677989
	speed: 0.0063s/iter; left time: 609.6618s
Epoch: 7 cost time: 6.472066164016724
Epoch: 7, Steps: 1048 | Train Loss: 0.3673253 Vali Loss: 0.2888823
EarlyStopping counter: 5 out of 6
Updating learning rate to 3.125e-06
	iters: 100, epoch: 8 | loss: 0.5515964
	speed: 0.0187s/iter; left time: 1817.7712s
	iters: 200, epoch: 8 | loss: 0.2824903
	speed: 0.0062s/iter; left time: 599.0375s
	iters: 300, epoch: 8 | loss: 0.4184792
	speed: 0.0061s/iter; left time: 589.2524s
	iters: 400, epoch: 8 | loss: 0.2791058
	speed: 0.0060s/iter; left time: 587.0725s
	iters: 500, epoch: 8 | loss: 0.3774296
	speed: 0.0064s/iter; left time: 623.6490s
	iters: 600, epoch: 8 | loss: 0.1746791
	speed: 0.0063s/iter; left time: 607.8767s
	iters: 700, epoch: 8 | loss: 0.2456672
	speed: 0.0060s/iter; left time: 578.0046s
	iters: 800, epoch: 8 | loss: 0.3271231
	speed: 0.0060s/iter; left time: 584.3296s
	iters: 900, epoch: 8 | loss: 0.4133335
	speed: 0.0060s/iter; left time: 578.6034s
	iters: 1000, epoch: 8 | loss: 0.2730459
	speed: 0.0064s/iter; left time: 613.4674s
Epoch: 8 cost time: 6.4687066078186035
Epoch: 8, Steps: 1048 | Train Loss: 0.3657866 Vali Loss: 0.2890465
EarlyStopping counter: 6 out of 6
Early stopping
>>>>>>>testing : long_term_forecast_closest_dim_ettm2_l336_h720_s2022_DiM_ETTm2_ftM_sl336_ll48_pl720_dm512_nh8_el1_dl1_df2048_seita0.5_ebtimeF_gdep4_node_dim10_closest_dim_ettm2_l336_h720_s2022_0<<<<<<<<<<<<<<<<<<<<<<<<<<<<<<<<<
test 10801
EVALUATION_RESULT {"batches": 338, "elements": 54437040, "mae": 0.39267202443725585, "metric_version": "element_weighted_v1", "mse": 0.38177573644953533, "parameter_count": 3102604, "split": "test", "test_accessed": true}
