Args in experiment:
[1mBasic Config[0m
  Task Name:          long_term_forecast  Is Training:        1                   
  Model ID:           closest_dim_ettm1_l336_h720_s2023Model:              DiM                 

[1mData Loader[0m
  Data:               ETTm1               Root Path:          /home/cwh/Time-Series-Library/dataset/ETT-small
  Data Path:          ETTm1.csv           Features:           M                   
  Target:             OT                  Freq:               t                   
  Checkpoints:        /home/cwh/Time-Series-Library/logs/timerole_p0/closest/formal/dim/checkpoints

[1mForecasting Task[0m
  Seq Len:            336                 Label Len:          48                  
  Pred Len:           720                 Seasonal Patterns:  Monthly             
  Inverse:            0                   

[1mModel Parameters[0m
  Top k:              5                   Num Kernels:        6                   
  Enc In:             7                   Dec In:             7                   
  C Out:              7                   d model:            512                 
  n heads:            8                   e layers:           1                   
  d layers:           1                   d FF:               2048                
  Moving Avg:         25                  Factor:             1                   
  Distil:             1                   Dropout:            0.1                 
  Embed:              timeF               Activation:         gelu                
  Output Attention:   0                   

[1mRun Parameters[0m
  Num Workers:        0                   Itr:                1                   
  Train Epochs:       100                 Batch Size:         32                  
  Patience:           6                   Learning Rate:      0.0002              
  Des:                closest_dim_ettm1_l336_h720_s2023Loss:               MSE                 
  Lradj:              type1               Use Amp:            0                   

[1mGPU[0m
  Use GPU:            1                   GPU:                0                   
  Use Multi GPU:      0                   Devices:            0,1,2,3             

[1mDe-stationary Projector Params[0m
  P Hidden Dims:      128, 128            P Hidden Layers:    2                   

Use GPU: cuda:0
>>>>>>>start training : long_term_forecast_closest_dim_ettm1_l336_h720_s2023_DiM_ETTm1_ftM_sl336_ll48_pl720_dm512_nh8_el1_dl1_df2048_seita0.5_ebtimeF_gdep4_node_dim10_closest_dim_ettm1_l336_h720_s2023_0>>>>>>>>>>>>>>>>>>>>>>>>>>
train 33505
val 10801
Number of parameter:  3.10M
	iters: 100, epoch: 1 | loss: 0.4452559
	speed: 0.0122s/iter; left time: 1278.3932s
	iters: 200, epoch: 1 | loss: 0.3745090
	speed: 0.0061s/iter; left time: 637.1590s
	iters: 300, epoch: 1 | loss: 0.3935471
	speed: 0.0062s/iter; left time: 648.1801s
	iters: 400, epoch: 1 | loss: 0.4954801
	speed: 0.0061s/iter; left time: 639.5897s
	iters: 500, epoch: 1 | loss: 0.4369028
	speed: 0.0061s/iter; left time: 635.5191s
	iters: 600, epoch: 1 | loss: 0.4205874
	speed: 0.0064s/iter; left time: 665.7055s
	iters: 700, epoch: 1 | loss: 0.3850354
	speed: 0.0062s/iter; left time: 648.1845s
	iters: 800, epoch: 1 | loss: 0.4252325
	speed: 0.0061s/iter; left time: 638.4571s
	iters: 900, epoch: 1 | loss: 0.3877273
	speed: 0.0064s/iter; left time: 663.8748s
	iters: 1000, epoch: 1 | loss: 0.3394938
	speed: 0.0065s/iter; left time: 670.8444s
Epoch: 1 cost time: 6.749223947525024
Epoch: 1, Steps: 1048 | Train Loss: 0.4245002 Vali Loss: 0.9584050
Validation loss decreased (inf --> 0.958405).  Saving model ...
Updating learning rate to 0.0002
	iters: 100, epoch: 2 | loss: 0.4332473
	speed: 0.0188s/iter; left time: 1945.3376s
	iters: 200, epoch: 2 | loss: 0.4173404
	speed: 0.0063s/iter; left time: 655.4106s
	iters: 300, epoch: 2 | loss: 0.3634964
	speed: 0.0062s/iter; left time: 644.9001s
	iters: 400, epoch: 2 | loss: 0.3948260
	speed: 0.0062s/iter; left time: 638.7627s
	iters: 500, epoch: 2 | loss: 0.3770261
	speed: 0.0063s/iter; left time: 648.8496s
	iters: 600, epoch: 2 | loss: 0.3945010
	speed: 0.0061s/iter; left time: 627.9801s
	iters: 700, epoch: 2 | loss: 0.4481873
	speed: 0.0064s/iter; left time: 658.0211s
	iters: 800, epoch: 2 | loss: 0.4203331
	speed: 0.0061s/iter; left time: 627.3885s
	iters: 900, epoch: 2 | loss: 0.4053250
	speed: 0.0063s/iter; left time: 645.1017s
	iters: 1000, epoch: 2 | loss: 0.3062609
	speed: 0.0063s/iter; left time: 652.2584s
Epoch: 2 cost time: 6.54418158531189
Epoch: 2, Steps: 1048 | Train Loss: 0.3902814 Vali Loss: 0.9656653
EarlyStopping counter: 1 out of 6
Updating learning rate to 0.0001
	iters: 100, epoch: 3 | loss: 0.3468614
	speed: 0.0190s/iter; left time: 1951.2816s
	iters: 200, epoch: 3 | loss: 0.3545672
	speed: 0.0064s/iter; left time: 657.5933s
	iters: 300, epoch: 3 | loss: 0.3604710
	speed: 0.0064s/iter; left time: 652.7123s
	iters: 400, epoch: 3 | loss: 0.3706248
	speed: 0.0061s/iter; left time: 626.8378s
	iters: 500, epoch: 3 | loss: 0.3224724
	speed: 0.0063s/iter; left time: 648.5139s
	iters: 600, epoch: 3 | loss: 0.3696375
	speed: 0.0063s/iter; left time: 642.3112s
	iters: 700, epoch: 3 | loss: 0.2995869
	speed: 0.0063s/iter; left time: 637.8576s
	iters: 800, epoch: 3 | loss: 0.3339502
	speed: 0.0064s/iter; left time: 654.7031s
	iters: 900, epoch: 3 | loss: 0.3739692
	speed: 0.0064s/iter; left time: 648.2411s
	iters: 1000, epoch: 3 | loss: 0.3698909
	speed: 0.0064s/iter; left time: 648.9958s
Epoch: 3 cost time: 6.636639833450317
Epoch: 3, Steps: 1048 | Train Loss: 0.3659161 Vali Loss: 1.0045774
EarlyStopping counter: 2 out of 6
Updating learning rate to 5e-05
	iters: 100, epoch: 4 | loss: 0.3582625
	speed: 0.0187s/iter; left time: 1901.9480s
	iters: 200, epoch: 4 | loss: 0.4057124
	speed: 0.0060s/iter; left time: 605.5446s
	iters: 300, epoch: 4 | loss: 0.3607689
	speed: 0.0060s/iter; left time: 603.7892s
	iters: 400, epoch: 4 | loss: 0.3835622
	speed: 0.0059s/iter; left time: 594.8531s
	iters: 500, epoch: 4 | loss: 0.3566822
	speed: 0.0058s/iter; left time: 591.1868s
	iters: 600, epoch: 4 | loss: 0.3091538
	speed: 0.0063s/iter; left time: 637.1630s
	iters: 700, epoch: 4 | loss: 0.3403243
	speed: 0.0057s/iter; left time: 574.5532s
	iters: 800, epoch: 4 | loss: 0.4233987
	speed: 0.0061s/iter; left time: 620.1049s
	iters: 900, epoch: 4 | loss: 0.3925273
	speed: 0.0060s/iter; left time: 602.2891s
	iters: 1000, epoch: 4 | loss: 0.3008243
	speed: 0.0060s/iter; left time: 599.2900s
Epoch: 4 cost time: 6.300219535827637
Epoch: 4, Steps: 1048 | Train Loss: 0.3507576 Vali Loss: 0.9943461
EarlyStopping counter: 3 out of 6
Updating learning rate to 2.5e-05
	iters: 100, epoch: 5 | loss: 0.3598110
	speed: 0.0184s/iter; left time: 1853.1186s
	iters: 200, epoch: 5 | loss: 0.3385327
	speed: 0.0058s/iter; left time: 582.6441s
	iters: 300, epoch: 5 | loss: 0.3152153
	speed: 0.0061s/iter; left time: 608.1573s
	iters: 400, epoch: 5 | loss: 0.3044769
	speed: 0.0058s/iter; left time: 578.8077s
	iters: 500, epoch: 5 | loss: 0.3472983
	speed: 0.0059s/iter; left time: 594.8473s
	iters: 600, epoch: 5 | loss: 0.3426944
	speed: 0.0060s/iter; left time: 604.1405s
	iters: 700, epoch: 5 | loss: 0.3459456
	speed: 0.0063s/iter; left time: 624.8329s
	iters: 800, epoch: 5 | loss: 0.3347866
	speed: 0.0066s/iter; left time: 659.3787s
	iters: 900, epoch: 5 | loss: 0.4132199
	speed: 0.0062s/iter; left time: 619.8236s
	iters: 1000, epoch: 5 | loss: 0.3636520
	speed: 0.0063s/iter; left time: 625.7870s
Epoch: 5 cost time: 6.41691780090332
Epoch: 5, Steps: 1048 | Train Loss: 0.3428018 Vali Loss: 0.9993233
EarlyStopping counter: 4 out of 6
Updating learning rate to 1.25e-05
	iters: 100, epoch: 6 | loss: 0.3146813
	speed: 0.0190s/iter; left time: 1886.2498s
	iters: 200, epoch: 6 | loss: 0.3391627
	speed: 0.0060s/iter; left time: 591.2707s
	iters: 300, epoch: 6 | loss: 0.3407922
	speed: 0.0061s/iter; left time: 604.8743s
	iters: 400, epoch: 6 | loss: 0.3247930
	speed: 0.0064s/iter; left time: 633.3612s
	iters: 500, epoch: 6 | loss: 0.3459594
	speed: 0.0060s/iter; left time: 597.2442s
	iters: 600, epoch: 6 | loss: 0.3212919
	speed: 0.0062s/iter; left time: 609.9522s
	iters: 700, epoch: 6 | loss: 0.3887275
	speed: 0.0061s/iter; left time: 604.4226s
	iters: 800, epoch: 6 | loss: 0.4067795
	speed: 0.0061s/iter; left time: 598.7089s
	iters: 900, epoch: 6 | loss: 0.3281275
	speed: 0.0064s/iter; left time: 635.1828s
	iters: 1000, epoch: 6 | loss: 0.3190664
	speed: 0.0062s/iter; left time: 607.9398s
Epoch: 6 cost time: 6.4534385204315186
Epoch: 6, Steps: 1048 | Train Loss: 0.3388356 Vali Loss: 1.0041958
EarlyStopping counter: 5 out of 6
Updating learning rate to 6.25e-06
	iters: 100, epoch: 7 | loss: 0.3319761
	speed: 0.0194s/iter; left time: 1908.8312s
	iters: 200, epoch: 7 | loss: 0.3275968
	speed: 0.0062s/iter; left time: 611.3854s
	iters: 300, epoch: 7 | loss: 0.2787483
	speed: 0.0062s/iter; left time: 612.1081s
	iters: 400, epoch: 7 | loss: 0.3386034
	speed: 0.0062s/iter; left time: 612.2264s
	iters: 500, epoch: 7 | loss: 0.3351924
	speed: 0.0062s/iter; left time: 604.5052s
	iters: 600, epoch: 7 | loss: 0.3522721
	speed: 0.0066s/iter; left time: 647.8619s
	iters: 700, epoch: 7 | loss: 0.3540304
	speed: 0.0064s/iter; left time: 627.5805s
	iters: 800, epoch: 7 | loss: 0.3277679
	speed: 0.0063s/iter; left time: 611.4680s
	iters: 900, epoch: 7 | loss: 0.2844898
	speed: 0.0063s/iter; left time: 619.5924s
	iters: 1000, epoch: 7 | loss: 0.3349297
	speed: 0.0062s/iter; left time: 599.7270s
Epoch: 7 cost time: 6.6274755001068115
Epoch: 7, Steps: 1048 | Train Loss: 0.3368142 Vali Loss: 1.0085450
EarlyStopping counter: 6 out of 6
Early stopping
>>>>>>>testing : long_term_forecast_closest_dim_ettm1_l336_h720_s2023_DiM_ETTm1_ftM_sl336_ll48_pl720_dm512_nh8_el1_dl1_df2048_seita0.5_ebtimeF_gdep4_node_dim10_closest_dim_ettm1_l336_h720_s2023_0<<<<<<<<<<<<<<<<<<<<<<<<<<<<<<<<<
test 10801
EVALUATION_RESULT {"batches": 338, "elements": 54437040, "mae": 0.4268809448550564, "metric_version": "element_weighted_v1", "mse": 0.4281492355664452, "parameter_count": 3102604, "split": "test", "test_accessed": true}
