Args in experiment:
[1mBasic Config[0m
  Task Name:          long_term_forecast  Is Training:        1                   
  Model ID:           closest_dim_ettm2_l336_h96_s2023Model:              DiM                 

[1mData Loader[0m
  Data:               ETTm2               Root Path:          /home/cwh/Time-Series-Library/dataset/ETT-small
  Data Path:          ETTm2.csv           Features:           M                   
  Target:             OT                  Freq:               t                   
  Checkpoints:        /home/cwh/Time-Series-Library/logs/timerole_p0/closest/formal/dim/checkpoints

[1mForecasting Task[0m
  Seq Len:            336                 Label Len:          48                  
  Pred Len:           96                  Seasonal Patterns:  Monthly             
  Inverse:            0                   

[1mModel Parameters[0m
  Top k:              5                   Num Kernels:        6                   
  Enc In:             7                   Dec In:             7                   
  C Out:              7                   d model:            512                 
  n heads:            8                   e layers:           1                   
  d layers:           1                   d FF:               2048                
  Moving Avg:         25                  Factor:             1                   
  Distil:             1                   Dropout:            0.1                 
  Embed:              timeF               Activation:         gelu                
  Output Attention:   0                   

[1mRun Parameters[0m
  Num Workers:        0                   Itr:                1                   
  Train Epochs:       100                 Batch Size:         32                  
  Patience:           6                   Learning Rate:      0.0002              
  Des:                closest_dim_ettm2_l336_h96_s2023Loss:               MSE                 
  Lradj:              type1               Use Amp:            0                   

[1mGPU[0m
  Use GPU:            1                   GPU:                0                   
  Use Multi GPU:      0                   Devices:            0,1,2,3             

[1mDe-stationary Projector Params[0m
  P Hidden Dims:      128, 128            P Hidden Layers:    2                   

Use GPU: cuda:0
>>>>>>>start training : long_term_forecast_closest_dim_ettm2_l336_h96_s2023_DiM_ETTm2_ftM_sl336_ll48_pl96_dm512_nh8_el1_dl1_df2048_seita0.5_ebtimeF_gdep4_node_dim10_closest_dim_ettm2_l336_h96_s2023_0>>>>>>>>>>>>>>>>>>>>>>>>>>
train 34129
val 11425
Number of parameter:  2.78M
	iters: 100, epoch: 1 | loss: 0.2094159
	speed: 0.0116s/iter; left time: 1240.6562s
	iters: 200, epoch: 1 | loss: 0.2092058
	speed: 0.0055s/iter; left time: 588.2004s
	iters: 300, epoch: 1 | loss: 0.1471513
	speed: 0.0054s/iter; left time: 577.1826s
	iters: 400, epoch: 1 | loss: 0.2536780
	speed: 0.0055s/iter; left time: 589.8715s
	iters: 500, epoch: 1 | loss: 0.1438076
	speed: 0.0056s/iter; left time: 599.5967s
	iters: 600, epoch: 1 | loss: 0.1430988
	speed: 0.0057s/iter; left time: 608.0153s
	iters: 700, epoch: 1 | loss: 0.1657239
	speed: 0.0057s/iter; left time: 604.0151s
	iters: 800, epoch: 1 | loss: 0.1283711
	speed: 0.0057s/iter; left time: 600.3851s
	iters: 900, epoch: 1 | loss: 0.1232372
	speed: 0.0055s/iter; left time: 580.3473s
	iters: 1000, epoch: 1 | loss: 0.2167544
	speed: 0.0054s/iter; left time: 574.0146s
Epoch: 1 cost time: 6.179682731628418
Epoch: 1, Steps: 1067 | Train Loss: 0.2247646 Vali Loss: 0.1231784
Validation loss decreased (inf --> 0.123178).  Saving model ...
Updating learning rate to 0.0002
	iters: 100, epoch: 2 | loss: 0.2111607
	speed: 0.0178s/iter; left time: 1879.7114s
	iters: 200, epoch: 2 | loss: 0.2394665
	speed: 0.0058s/iter; left time: 615.5296s
	iters: 300, epoch: 2 | loss: 0.1895749
	speed: 0.0058s/iter; left time: 611.9427s
	iters: 400, epoch: 2 | loss: 0.0915849
	speed: 0.0057s/iter; left time: 596.6473s
	iters: 500, epoch: 2 | loss: 0.1330287
	speed: 0.0055s/iter; left time: 582.8518s
	iters: 600, epoch: 2 | loss: 0.3398730
	speed: 0.0056s/iter; left time: 589.6448s
	iters: 700, epoch: 2 | loss: 0.2691915
	speed: 0.0056s/iter; left time: 583.4601s
	iters: 800, epoch: 2 | loss: 0.1274200
	speed: 0.0057s/iter; left time: 592.8190s
	iters: 900, epoch: 2 | loss: 0.1809086
	speed: 0.0054s/iter; left time: 569.6570s
	iters: 1000, epoch: 2 | loss: 0.1872232
	speed: 0.0058s/iter; left time: 605.4654s
Epoch: 2 cost time: 6.017167806625366
Epoch: 2, Steps: 1067 | Train Loss: 0.1934680 Vali Loss: 0.1190066
Validation loss decreased (0.123178 --> 0.119007).  Saving model ...
Updating learning rate to 0.0001
	iters: 100, epoch: 3 | loss: 0.1829781
	speed: 0.0184s/iter; left time: 1924.6276s
	iters: 200, epoch: 3 | loss: 0.3305170
	speed: 0.0054s/iter; left time: 563.4636s
	iters: 300, epoch: 3 | loss: 0.1950603
	speed: 0.0056s/iter; left time: 581.3757s
	iters: 400, epoch: 3 | loss: 0.1661218
	speed: 0.0053s/iter; left time: 557.0656s
	iters: 500, epoch: 3 | loss: 0.2979449
	speed: 0.0059s/iter; left time: 611.7111s
	iters: 600, epoch: 3 | loss: 0.1821526
	speed: 0.0055s/iter; left time: 572.8392s
	iters: 700, epoch: 3 | loss: 0.1850968
	speed: 0.0056s/iter; left time: 582.9976s
	iters: 800, epoch: 3 | loss: 0.2310394
	speed: 0.0055s/iter; left time: 573.5690s
	iters: 900, epoch: 3 | loss: 0.1446862
	speed: 0.0060s/iter; left time: 623.1371s
	iters: 1000, epoch: 3 | loss: 0.1900873
	speed: 0.0057s/iter; left time: 587.3046s
Epoch: 3 cost time: 6.008468151092529
Epoch: 3, Steps: 1067 | Train Loss: 0.1707068 Vali Loss: 0.1189490
Validation loss decreased (0.119007 --> 0.118949).  Saving model ...
Updating learning rate to 5e-05
	iters: 100, epoch: 4 | loss: 0.1930957
	speed: 0.0187s/iter; left time: 1934.0005s
	iters: 200, epoch: 4 | loss: 0.2273498
	speed: 0.0057s/iter; left time: 589.7241s
	iters: 300, epoch: 4 | loss: 0.1250868
	speed: 0.0059s/iter; left time: 608.9326s
	iters: 400, epoch: 4 | loss: 0.2125722
	speed: 0.0056s/iter; left time: 575.9335s
	iters: 500, epoch: 4 | loss: 0.2224375
	speed: 0.0056s/iter; left time: 577.6651s
	iters: 600, epoch: 4 | loss: 0.1575834
	speed: 0.0058s/iter; left time: 593.2719s
	iters: 700, epoch: 4 | loss: 0.0878712
	speed: 0.0058s/iter; left time: 595.4885s
	iters: 800, epoch: 4 | loss: 0.2185228
	speed: 0.0058s/iter; left time: 600.6021s
	iters: 900, epoch: 4 | loss: 0.2725195
	speed: 0.0057s/iter; left time: 589.8317s
	iters: 1000, epoch: 4 | loss: 0.1722670
	speed: 0.0057s/iter; left time: 588.8294s
Epoch: 4 cost time: 6.126887083053589
Epoch: 4, Steps: 1067 | Train Loss: 0.1593835 Vali Loss: 0.1179249
Validation loss decreased (0.118949 --> 0.117925).  Saving model ...
Updating learning rate to 2.5e-05
	iters: 100, epoch: 5 | loss: 0.1719621
	speed: 0.0181s/iter; left time: 1856.0951s
	iters: 200, epoch: 5 | loss: 0.1611614
	speed: 0.0059s/iter; left time: 598.6266s
	iters: 300, epoch: 5 | loss: 0.1868337
	speed: 0.0057s/iter; left time: 581.0301s
	iters: 400, epoch: 5 | loss: 0.2489278
	speed: 0.0056s/iter; left time: 567.3186s
	iters: 500, epoch: 5 | loss: 0.1808892
	speed: 0.0057s/iter; left time: 577.2732s
	iters: 600, epoch: 5 | loss: 0.1288366
	speed: 0.0058s/iter; left time: 591.1931s
	iters: 700, epoch: 5 | loss: 0.1157510
	speed: 0.0054s/iter; left time: 553.9790s
	iters: 800, epoch: 5 | loss: 0.1284728
	speed: 0.0055s/iter; left time: 563.4623s
	iters: 900, epoch: 5 | loss: 0.1582596
	speed: 0.0055s/iter; left time: 555.7335s
	iters: 1000, epoch: 5 | loss: 0.1290502
	speed: 0.0056s/iter; left time: 566.6107s
Epoch: 5 cost time: 6.043559789657593
Epoch: 5, Steps: 1067 | Train Loss: 0.1536661 Vali Loss: 0.1195485
EarlyStopping counter: 1 out of 6
Updating learning rate to 1.25e-05
	iters: 100, epoch: 6 | loss: 0.1374011
	speed: 0.0181s/iter; left time: 1833.7852s
	iters: 200, epoch: 6 | loss: 0.1436092
	speed: 0.0055s/iter; left time: 560.1081s
	iters: 300, epoch: 6 | loss: 0.2049235
	speed: 0.0056s/iter; left time: 563.2467s
	iters: 400, epoch: 6 | loss: 0.1701047
	speed: 0.0054s/iter; left time: 546.4014s
	iters: 500, epoch: 6 | loss: 0.1262593
	speed: 0.0056s/iter; left time: 563.8044s
	iters: 600, epoch: 6 | loss: 0.1193511
	speed: 0.0056s/iter; left time: 567.6515s
	iters: 700, epoch: 6 | loss: 0.1170502
	speed: 0.0057s/iter; left time: 574.0047s
	iters: 800, epoch: 6 | loss: 0.1449771
	speed: 0.0056s/iter; left time: 558.6660s
	iters: 900, epoch: 6 | loss: 0.1352391
	speed: 0.0057s/iter; left time: 569.6357s
	iters: 1000, epoch: 6 | loss: 0.2244774
	speed: 0.0055s/iter; left time: 551.6246s
Epoch: 6 cost time: 5.953467845916748
Epoch: 6, Steps: 1067 | Train Loss: 0.1506669 Vali Loss: 0.1191769
EarlyStopping counter: 2 out of 6
Updating learning rate to 6.25e-06
	iters: 100, epoch: 7 | loss: 0.1173244
	speed: 0.0177s/iter; left time: 1775.1147s
	iters: 200, epoch: 7 | loss: 0.0856863
	speed: 0.0056s/iter; left time: 561.5999s
	iters: 300, epoch: 7 | loss: 0.1239167
	speed: 0.0056s/iter; left time: 563.8138s
	iters: 400, epoch: 7 | loss: 0.2538157
	speed: 0.0054s/iter; left time: 537.0068s
	iters: 500, epoch: 7 | loss: 0.1824644
	speed: 0.0056s/iter; left time: 554.1046s
	iters: 600, epoch: 7 | loss: 0.1666999
	speed: 0.0057s/iter; left time: 567.1109s
	iters: 700, epoch: 7 | loss: 0.1331112
	speed: 0.0056s/iter; left time: 554.1981s
	iters: 800, epoch: 7 | loss: 0.1272026
	speed: 0.0054s/iter; left time: 533.6453s
	iters: 900, epoch: 7 | loss: 0.1871185
	speed: 0.0057s/iter; left time: 567.6065s
	iters: 1000, epoch: 7 | loss: 0.1485527
	speed: 0.0055s/iter; left time: 542.4893s
Epoch: 7 cost time: 5.941360950469971
Epoch: 7, Steps: 1067 | Train Loss: 0.1492311 Vali Loss: 0.1195715
EarlyStopping counter: 3 out of 6
Updating learning rate to 3.125e-06
	iters: 100, epoch: 8 | loss: 0.0897471
	speed: 0.0176s/iter; left time: 1743.9045s
	iters: 200, epoch: 8 | loss: 0.1219410
	speed: 0.0056s/iter; left time: 553.8850s
	iters: 300, epoch: 8 | loss: 0.1117272
	speed: 0.0057s/iter; left time: 560.2306s
	iters: 400, epoch: 8 | loss: 0.1010442
	speed: 0.0059s/iter; left time: 585.1641s
	iters: 500, epoch: 8 | loss: 0.2542996
	speed: 0.0057s/iter; left time: 564.6268s
	iters: 600, epoch: 8 | loss: 0.1309968
	speed: 0.0058s/iter; left time: 572.4930s
	iters: 700, epoch: 8 | loss: 0.2042779
	speed: 0.0055s/iter; left time: 544.7945s
	iters: 800, epoch: 8 | loss: 0.0850421
	speed: 0.0056s/iter; left time: 551.3461s
	iters: 900, epoch: 8 | loss: 0.1077239
	speed: 0.0057s/iter; left time: 556.3622s
	iters: 1000, epoch: 8 | loss: 0.1612521
	speed: 0.0058s/iter; left time: 567.1815s
Epoch: 8 cost time: 6.047424077987671
Epoch: 8, Steps: 1067 | Train Loss: 0.1483582 Vali Loss: 0.1195896
EarlyStopping counter: 4 out of 6
Updating learning rate to 1.5625e-06
	iters: 100, epoch: 9 | loss: 0.1419204
	speed: 0.0178s/iter; left time: 1749.6086s
	iters: 200, epoch: 9 | loss: 0.1290937
	speed: 0.0057s/iter; left time: 555.1055s
	iters: 300, epoch: 9 | loss: 0.2125572
	speed: 0.0057s/iter; left time: 558.2817s
	iters: 400, epoch: 9 | loss: 0.1202702
	speed: 0.0058s/iter; left time: 569.6797s
	iters: 500, epoch: 9 | loss: 0.1346157
	speed: 0.0057s/iter; left time: 554.2169s
	iters: 600, epoch: 9 | loss: 0.1543130
	speed: 0.0057s/iter; left time: 551.3479s
	iters: 700, epoch: 9 | loss: 0.2010764
	speed: 0.0058s/iter; left time: 567.9190s
	iters: 800, epoch: 9 | loss: 0.1176744
	speed: 0.0054s/iter; left time: 525.0632s
	iters: 900, epoch: 9 | loss: 0.1031525
	speed: 0.0056s/iter; left time: 539.8609s
	iters: 1000, epoch: 9 | loss: 0.1150001
	speed: 0.0054s/iter; left time: 523.2181s
Epoch: 9 cost time: 6.012175798416138
Epoch: 9, Steps: 1067 | Train Loss: 0.1479461 Vali Loss: 0.1195243
EarlyStopping counter: 5 out of 6
Updating learning rate to 7.8125e-07
	iters: 100, epoch: 10 | loss: 0.1606012
	speed: 0.0175s/iter; left time: 1697.1632s
	iters: 200, epoch: 10 | loss: 0.2195062
	speed: 0.0056s/iter; left time: 541.2184s
	iters: 300, epoch: 10 | loss: 0.1366815
	speed: 0.0055s/iter; left time: 531.5646s
	iters: 400, epoch: 10 | loss: 0.1577680
	speed: 0.0056s/iter; left time: 540.0598s
	iters: 500, epoch: 10 | loss: 0.1041849
	speed: 0.0055s/iter; left time: 533.5450s
	iters: 600, epoch: 10 | loss: 0.2371358
	speed: 0.0055s/iter; left time: 529.1512s
	iters: 700, epoch: 10 | loss: 0.1456217
	speed: 0.0056s/iter; left time: 537.6178s
	iters: 800, epoch: 10 | loss: 0.1325690
	speed: 0.0057s/iter; left time: 548.1900s
	iters: 900, epoch: 10 | loss: 0.1241507
	speed: 0.0056s/iter; left time: 538.1714s
	iters: 1000, epoch: 10 | loss: 0.1154301
	speed: 0.0061s/iter; left time: 584.5856s
Epoch: 10 cost time: 5.9958343505859375
Epoch: 10, Steps: 1067 | Train Loss: 0.1478647 Vali Loss: 0.1195198
EarlyStopping counter: 6 out of 6
Early stopping
>>>>>>>testing : long_term_forecast_closest_dim_ettm2_l336_h96_s2023_DiM_ETTm2_ftM_sl336_ll48_pl96_dm512_nh8_el1_dl1_df2048_seita0.5_ebtimeF_gdep4_node_dim10_closest_dim_ettm2_l336_h96_s2023_0<<<<<<<<<<<<<<<<<<<<<<<<<<<<<<<<<
test 11425
EVALUATION_RESULT {"batches": 358, "elements": 7677600, "mae": 0.25264083672305176, "metric_version": "element_weighted_v1", "mse": 0.16878357221077317, "parameter_count": 2782492, "split": "test", "test_accessed": true}
