True
Args in experiment:
[1mBasic Config[0m
  Task Name:          long_term_forecast  Is Training:        1                   
  Model ID:           closest_attraos_ettm2_l336_h96_s2023Model:              Attraos             

[1mData Loader[0m
  Data:               ETTm2               Root Path:          /home/cwh/Time-Series-Library/dataset/ETT-small
  Data Path:          ETTm2.csv           Features:           M                   
  Target:             OT                  Freq:               t                   
  Checkpoints:        /home/cwh/Time-Series-Library/logs/timerole_p0/closest/formal/attraos/checkpoints

[1mForecasting Task[0m
  Seq Len:            336                 Label Len:          48                  
  Pred Len:           96                  Seasonal Patterns:  Monthly             
  Inverse:            0                   

[1mModel Parameters[0m
  Top k:              5                   Num Kernels:        6                   
  Enc In:             7                   Dec In:             7                   
  C Out:              7                   d model:            512                 
  n heads:            8                   e layers:           1                   
  d layers:           1                   d FF:               2048                
  Moving Avg:         25                  Factor:             1                   
  Distil:             1                   Dropout:            0.1                 
  Embed:              timeF               Activation:         gelu                
  Output Attention:   0                   

[1mRun Parameters[0m
  Num Workers:        0                   Itr:                1                   
  Train Epochs:       100                 Batch Size:         32                  
  Patience:           6                   Learning Rate:      0.0001              
  Des:                closest_attraos_ettm2_l336_h96_s2023Loss:               MSE                 
  Lradj:              type1               Use Amp:            0                   

[1mGPU[0m
  Use GPU:            1                   GPU:                0                   
  Use Multi GPU:      0                   Devices:            0,1,2,3             

[1mDe-stationary Projector Params[0m
  P Hidden Dims:      128, 128            P Hidden Layers:    2                   

Use GPU: cuda:0
>>>>>>>start training : long_term_forecast_closest_attraos_ettm2_l336_h96_s2023_Attraos_ETTm2_ftM_sl336_ll48_pl96_dm512_nh8_el1_dl1_df2048_fc1_ebtimeF_dtTrue_closest_attraos_ettm2_l336_h96_s2023_0>>>>>>>>>>>>>>>>>>>>>>>>>>
train 34129
val 11425
Parameters: 0.192864
	iters: 200, epoch: 1 | loss: 0.2184241
	speed: 0.0263s/iter; left time: 2805.1819s
	iters: 400, epoch: 1 | loss: 0.2951295
	speed: 0.0230s/iter; left time: 2449.4644s
	iters: 600, epoch: 1 | loss: 0.1505693
	speed: 0.0230s/iter; left time: 2443.1666s
	iters: 800, epoch: 1 | loss: 0.1554342
	speed: 0.0230s/iter; left time: 2438.1776s
	iters: 1000, epoch: 1 | loss: 0.3568256
	speed: 0.0231s/iter; left time: 2436.7898s
Epoch: 1 cost time: 24.720749139785767
Epoch: 1, Steps: 1067 | Train Loss: 0.2607108 Vali Loss: 0.1302814
Validation loss decreased (inf --> 0.130281).  Saving model ...
Parameters: 0.192864
	iters: 200, epoch: 2 | loss: 0.2395835
	speed: 0.0433s/iter; left time: 4561.5564s
	iters: 400, epoch: 2 | loss: 0.1507187
	speed: 0.0230s/iter; left time: 2418.1230s
	iters: 600, epoch: 2 | loss: 0.3957670
	speed: 0.0230s/iter; left time: 2417.9140s
	iters: 800, epoch: 2 | loss: 0.1444018
	speed: 0.0231s/iter; left time: 2421.4356s
	iters: 1000, epoch: 2 | loss: 0.1948206
	speed: 0.0231s/iter; left time: 2411.9109s
Epoch: 2 cost time: 24.571935415267944
Epoch: 2, Steps: 1067 | Train Loss: 0.2165432 Vali Loss: 0.1238741
Validation loss decreased (0.130281 --> 0.123874).  Saving model ...
Parameters: 0.192864
	iters: 200, epoch: 3 | loss: 0.1437775
	speed: 0.0433s/iter; left time: 4521.0881s
	iters: 400, epoch: 3 | loss: 0.1177672
	speed: 0.0231s/iter; left time: 2405.1379s
	iters: 600, epoch: 3 | loss: 0.1131964
	speed: 0.0231s/iter; left time: 2404.3870s
	iters: 800, epoch: 3 | loss: 0.1291541
	speed: 0.0230s/iter; left time: 2389.1837s
	iters: 1000, epoch: 3 | loss: 0.2228367
	speed: 0.0231s/iter; left time: 2389.3314s
Epoch: 3 cost time: 24.590815782546997
Epoch: 3, Steps: 1067 | Train Loss: 0.2038199 Vali Loss: 0.1222022
Validation loss decreased (0.123874 --> 0.122202).  Saving model ...
Parameters: 0.192864
	iters: 200, epoch: 4 | loss: 0.1120402
	speed: 0.0434s/iter; left time: 4479.4743s
	iters: 400, epoch: 4 | loss: 0.2709693
	speed: 0.0230s/iter; left time: 2376.3786s
	iters: 600, epoch: 4 | loss: 0.1530863
	speed: 0.0230s/iter; left time: 2367.5505s
	iters: 800, epoch: 4 | loss: 0.1188801
	speed: 0.0231s/iter; left time: 2369.4107s
	iters: 1000, epoch: 4 | loss: 0.2098974
	speed: 0.0230s/iter; left time: 2362.6097s
Epoch: 4 cost time: 24.573528289794922
Epoch: 4, Steps: 1067 | Train Loss: 0.1980751 Vali Loss: 0.1211222
Validation loss decreased (0.122202 --> 0.121122).  Saving model ...
Parameters: 0.192864
	iters: 200, epoch: 5 | loss: 0.1368087
	speed: 0.0434s/iter; left time: 4432.7760s
	iters: 400, epoch: 5 | loss: 0.3101583
	speed: 0.0231s/iter; left time: 2352.0777s
	iters: 600, epoch: 5 | loss: 0.1984579
	speed: 0.0230s/iter; left time: 2342.3262s
	iters: 800, epoch: 5 | loss: 0.0865057
	speed: 0.0230s/iter; left time: 2334.8398s
	iters: 1000, epoch: 5 | loss: 0.2355005
	speed: 0.0230s/iter; left time: 2336.0515s
Epoch: 5 cost time: 24.543798446655273
Epoch: 5, Steps: 1067 | Train Loss: 0.1950908 Vali Loss: 0.1217996
EarlyStopping counter: 1 out of 6
Parameters: 0.192864
	iters: 200, epoch: 6 | loss: 0.1560370
	speed: 0.0433s/iter; left time: 4376.5550s
	iters: 400, epoch: 6 | loss: 0.1931019
	speed: 0.0230s/iter; left time: 2326.2763s
	iters: 600, epoch: 6 | loss: 0.1860089
	speed: 0.0230s/iter; left time: 2319.2170s
	iters: 800, epoch: 6 | loss: 0.1179903
	speed: 0.0231s/iter; left time: 2319.2341s
	iters: 1000, epoch: 6 | loss: 0.1819128
	speed: 0.0231s/iter; left time: 2314.2859s
Epoch: 6 cost time: 24.577965259552002
Epoch: 6, Steps: 1067 | Train Loss: 0.1935375 Vali Loss: 0.1229761
EarlyStopping counter: 2 out of 6
Parameters: 0.192864
	iters: 200, epoch: 7 | loss: 0.1695424
	speed: 0.0432s/iter; left time: 4321.9840s
	iters: 400, epoch: 7 | loss: 0.1031508
	speed: 0.0230s/iter; left time: 2296.1962s
	iters: 600, epoch: 7 | loss: 0.1610556
	speed: 0.0230s/iter; left time: 2296.2267s
	iters: 800, epoch: 7 | loss: 0.1133276
	speed: 0.0231s/iter; left time: 2298.3241s
	iters: 1000, epoch: 7 | loss: 0.2759163
	speed: 0.0230s/iter; left time: 2287.5377s
Epoch: 7 cost time: 24.56936264038086
Epoch: 7, Steps: 1067 | Train Loss: 0.1925108 Vali Loss: 0.1225816
EarlyStopping counter: 3 out of 6
Parameters: 0.192864
	iters: 200, epoch: 8 | loss: 0.2081648
	speed: 0.0433s/iter; left time: 4285.8620s
	iters: 400, epoch: 8 | loss: 0.1438044
	speed: 0.0230s/iter; left time: 2276.3836s
	iters: 600, epoch: 8 | loss: 0.1604996
	speed: 0.0230s/iter; left time: 2272.6008s
	iters: 800, epoch: 8 | loss: 0.1758774
	speed: 0.0230s/iter; left time: 2264.7572s
	iters: 1000, epoch: 8 | loss: 0.1324492
	speed: 0.0230s/iter; left time: 2256.6165s
Epoch: 8 cost time: 24.552582263946533
Epoch: 8, Steps: 1067 | Train Loss: 0.1922443 Vali Loss: 0.1215774
EarlyStopping counter: 4 out of 6
Parameters: 0.192864
	iters: 200, epoch: 9 | loss: 0.1882524
	speed: 0.0557s/iter; left time: 5453.8162s
	iters: 400, epoch: 9 | loss: 0.1166210
	speed: 0.0230s/iter; left time: 2248.5834s
	iters: 600, epoch: 9 | loss: 0.1699581
	speed: 0.0230s/iter; left time: 2246.8730s
	iters: 800, epoch: 9 | loss: 0.2286632
	speed: 0.0231s/iter; left time: 2247.3391s
	iters: 1000, epoch: 9 | loss: 0.2171695
	speed: 0.0230s/iter; left time: 2234.5229s
Epoch: 9 cost time: 27.071021556854248
Epoch: 9, Steps: 1067 | Train Loss: 0.1922803 Vali Loss: 0.1218306
EarlyStopping counter: 5 out of 6
Parameters: 0.192864
	iters: 200, epoch: 10 | loss: 0.1086606
	speed: 0.0435s/iter; left time: 4214.4121s
	iters: 400, epoch: 10 | loss: 0.2809670
	speed: 0.0231s/iter; left time: 2228.9313s
	iters: 600, epoch: 10 | loss: 0.1063541
	speed: 0.0230s/iter; left time: 2222.8501s
	iters: 800, epoch: 10 | loss: 0.1379875
	speed: 0.0231s/iter; left time: 2222.8073s
	iters: 1000, epoch: 10 | loss: 0.4441203
	speed: 0.0230s/iter; left time: 2213.7922s
Epoch: 10 cost time: 24.573719024658203
Epoch: 10, Steps: 1067 | Train Loss: 0.1920203 Vali Loss: 0.1223188
EarlyStopping counter: 6 out of 6
Early stopping
>>>>>>>testing : long_term_forecast_closest_attraos_ettm2_l336_h96_s2023_Attraos_ETTm2_ftM_sl336_ll48_pl96_dm512_nh8_el1_dl1_df2048_fc1_ebtimeF_dtTrue_closest_attraos_ettm2_l336_h96_s2023_0<<<<<<<<<<<<<<<<<<<<<<<<<<<<<<<<<
test 11425
EVALUATION_RESULT {"batches": 358, "elements": 7677600, "mae": 0.2604546464556541, "metric_version": "element_weighted_v1", "mse": 0.17267291739097024, "parameter_count": 192864, "split": "test", "test_accessed": true}
