True
Args in experiment:
[1mBasic Config[0m
  Task Name:          long_term_forecast  Is Training:        1                   
  Model ID:           closest_attraos_ettm1_l336_h96_s2023Model:              Attraos             

[1mData Loader[0m
  Data:               ETTm1               Root Path:          /home/cwh/Time-Series-Library/dataset/ETT-small
  Data Path:          ETTm1.csv           Features:           M                   
  Target:             OT                  Freq:               t                   
  Checkpoints:        /home/cwh/Time-Series-Library/logs/timerole_p0/closest/formal/attraos/checkpoints

[1mForecasting Task[0m
  Seq Len:            336                 Label Len:          48                  
  Pred Len:           96                  Seasonal Patterns:  Monthly             
  Inverse:            0                   

[1mModel Parameters[0m
  Top k:              5                   Num Kernels:        6                   
  Enc In:             7                   Dec In:             7                   
  C Out:              7                   d model:            512                 
  n heads:            8                   e layers:           1                   
  d layers:           1                   d FF:               2048                
  Moving Avg:         25                  Factor:             1                   
  Distil:             1                   Dropout:            0.1                 
  Embed:              timeF               Activation:         gelu                
  Output Attention:   0                   

[1mRun Parameters[0m
  Num Workers:        0                   Itr:                1                   
  Train Epochs:       100                 Batch Size:         32                  
  Patience:           6                   Learning Rate:      0.0001              
  Des:                closest_attraos_ettm1_l336_h96_s2023Loss:               MSE                 
  Lradj:              type1               Use Amp:            0                   

[1mGPU[0m
  Use GPU:            1                   GPU:                0                   
  Use Multi GPU:      0                   Devices:            0,1,2,3             

[1mDe-stationary Projector Params[0m
  P Hidden Dims:      128, 128            P Hidden Layers:    2                   

Use GPU: cuda:0
>>>>>>>start training : long_term_forecast_closest_attraos_ettm1_l336_h96_s2023_Attraos_ETTm1_ftM_sl336_ll48_pl96_dm512_nh8_el1_dl1_df2048_fc1_ebtimeF_dtTrue_closest_attraos_ettm1_l336_h96_s2023_0>>>>>>>>>>>>>>>>>>>>>>>>>>
train 34129
val 11425
Parameters: 0.192864
	iters: 200, epoch: 1 | loss: 0.3076445
	speed: 0.0266s/iter; left time: 2830.1789s
	iters: 400, epoch: 1 | loss: 0.2757930
	speed: 0.0230s/iter; left time: 2449.8834s
	iters: 600, epoch: 1 | loss: 0.2606744
	speed: 0.0230s/iter; left time: 2444.1277s
	iters: 800, epoch: 1 | loss: 0.3036784
	speed: 0.0231s/iter; left time: 2449.8725s
	iters: 1000, epoch: 1 | loss: 0.3922456
	speed: 0.0231s/iter; left time: 2442.8445s
Epoch: 1 cost time: 24.810933113098145
Epoch: 1, Steps: 1067 | Train Loss: 0.3136311 Vali Loss: 0.4108390
Validation loss decreased (inf --> 0.410839).  Saving model ...
Parameters: 0.192864
	iters: 200, epoch: 2 | loss: 0.2295983
	speed: 0.0434s/iter; left time: 4573.1691s
	iters: 400, epoch: 2 | loss: 0.2517481
	speed: 0.0231s/iter; left time: 2428.7017s
	iters: 600, epoch: 2 | loss: 0.2421607
	speed: 0.0231s/iter; left time: 2422.1001s
	iters: 800, epoch: 2 | loss: 0.2307882
	speed: 0.0230s/iter; left time: 2416.0947s
	iters: 1000, epoch: 2 | loss: 0.2362980
	speed: 0.0230s/iter; left time: 2404.2731s
Epoch: 2 cost time: 24.57953190803528
Epoch: 2, Steps: 1067 | Train Loss: 0.2687269 Vali Loss: 0.4001732
Validation loss decreased (0.410839 --> 0.400173).  Saving model ...
Parameters: 0.192864
	iters: 200, epoch: 3 | loss: 0.2631506
	speed: 0.0432s/iter; left time: 4510.4710s
	iters: 400, epoch: 3 | loss: 0.3395177
	speed: 0.0231s/iter; left time: 2406.7866s
	iters: 600, epoch: 3 | loss: 0.2550898
	speed: 0.0231s/iter; left time: 2399.0393s
	iters: 800, epoch: 3 | loss: 0.2695078
	speed: 0.0231s/iter; left time: 2393.4149s
	iters: 1000, epoch: 3 | loss: 0.2887061
	speed: 0.0230s/iter; left time: 2385.8844s
Epoch: 3 cost time: 24.601611614227295
Epoch: 3, Steps: 1067 | Train Loss: 0.2605920 Vali Loss: 0.3877551
Validation loss decreased (0.400173 --> 0.387755).  Saving model ...
Parameters: 0.192864
	iters: 200, epoch: 4 | loss: 0.2615148
	speed: 0.0434s/iter; left time: 4484.9532s
	iters: 400, epoch: 4 | loss: 0.2750643
	speed: 0.0231s/iter; left time: 2377.8100s
	iters: 600, epoch: 4 | loss: 0.2389111
	speed: 0.0231s/iter; left time: 2376.5200s
	iters: 800, epoch: 4 | loss: 0.2997317
	speed: 0.0231s/iter; left time: 2368.1844s
	iters: 1000, epoch: 4 | loss: 0.2358618
	speed: 0.0231s/iter; left time: 2364.4479s
Epoch: 4 cost time: 24.615307331085205
Epoch: 4, Steps: 1067 | Train Loss: 0.2586237 Vali Loss: 0.3912552
EarlyStopping counter: 1 out of 6
Parameters: 0.192864
	iters: 200, epoch: 5 | loss: 0.2521662
	speed: 0.0433s/iter; left time: 4429.8013s
	iters: 400, epoch: 5 | loss: 0.2524251
	speed: 0.0231s/iter; left time: 2354.0027s
	iters: 600, epoch: 5 | loss: 0.3188052
	speed: 0.0231s/iter; left time: 2348.2193s
	iters: 800, epoch: 5 | loss: 0.1955018
	speed: 0.0231s/iter; left time: 2351.4288s
	iters: 1000, epoch: 5 | loss: 0.2311828
	speed: 0.0231s/iter; left time: 2345.4898s
Epoch: 5 cost time: 24.62841773033142
Epoch: 5, Steps: 1067 | Train Loss: 0.2587366 Vali Loss: 0.3886825
EarlyStopping counter: 2 out of 6
Parameters: 0.192864
	iters: 200, epoch: 6 | loss: 0.2871078
	speed: 0.0433s/iter; left time: 4385.3187s
	iters: 400, epoch: 6 | loss: 0.2669367
	speed: 0.0231s/iter; left time: 2331.9909s
	iters: 600, epoch: 6 | loss: 0.1999075
	speed: 0.0231s/iter; left time: 2326.9572s
	iters: 800, epoch: 6 | loss: 0.2603152
	speed: 0.0231s/iter; left time: 2323.6460s
	iters: 1000, epoch: 6 | loss: 0.3118420
	speed: 0.0230s/iter; left time: 2312.9230s
Epoch: 6 cost time: 24.626506567001343
Epoch: 6, Steps: 1067 | Train Loss: 0.2598311 Vali Loss: 0.3839924
Validation loss decreased (0.387755 --> 0.383992).  Saving model ...
Parameters: 0.192864
	iters: 200, epoch: 7 | loss: 0.2658824
	speed: 0.0434s/iter; left time: 4345.7506s
	iters: 400, epoch: 7 | loss: 0.1935751
	speed: 0.0230s/iter; left time: 2298.3241s
	iters: 600, epoch: 7 | loss: 0.2119158
	speed: 0.0230s/iter; left time: 2296.4611s
	iters: 800, epoch: 7 | loss: 0.2642116
	speed: 0.0231s/iter; left time: 2301.7654s
	iters: 1000, epoch: 7 | loss: 0.2411464
	speed: 0.0232s/iter; left time: 2299.7665s
Epoch: 7 cost time: 24.599839448928833
Epoch: 7, Steps: 1067 | Train Loss: 0.2621880 Vali Loss: 0.3976623
EarlyStopping counter: 1 out of 6
Parameters: 0.192864
	iters: 200, epoch: 8 | loss: 0.3635193
	speed: 0.0434s/iter; left time: 4296.0146s
	iters: 400, epoch: 8 | loss: 0.2306336
	speed: 0.0231s/iter; left time: 2278.0825s
	iters: 600, epoch: 8 | loss: 0.2735987
	speed: 0.0231s/iter; left time: 2279.8277s
	iters: 800, epoch: 8 | loss: 0.2452180
	speed: 0.0231s/iter; left time: 2272.6590s
	iters: 1000, epoch: 8 | loss: 0.2313852
	speed: 0.0231s/iter; left time: 2270.4668s
Epoch: 8 cost time: 24.625689029693604
Epoch: 8, Steps: 1067 | Train Loss: 0.2661057 Vali Loss: 0.3935384
EarlyStopping counter: 2 out of 6
Parameters: 0.192864
	iters: 200, epoch: 9 | loss: 0.2087162
	speed: 0.0434s/iter; left time: 4248.2301s
	iters: 400, epoch: 9 | loss: 0.2626561
	speed: 0.0231s/iter; left time: 2256.7540s
	iters: 600, epoch: 9 | loss: 0.2727969
	speed: 0.0231s/iter; left time: 2251.9651s
	iters: 800, epoch: 9 | loss: 0.2457744
	speed: 0.0231s/iter; left time: 2244.6780s
	iters: 1000, epoch: 9 | loss: 0.2884846
	speed: 0.0230s/iter; left time: 2237.9028s
Epoch: 9 cost time: 24.59745717048645
Epoch: 9, Steps: 1067 | Train Loss: 0.2673192 Vali Loss: 0.3937327
EarlyStopping counter: 3 out of 6
Parameters: 0.192864
	iters: 200, epoch: 10 | loss: 0.2891982
	speed: 0.0433s/iter; left time: 4192.1466s
	iters: 400, epoch: 10 | loss: 0.2268533
	speed: 0.0231s/iter; left time: 2230.4201s
	iters: 600, epoch: 10 | loss: 0.2656207
	speed: 0.0231s/iter; left time: 2226.7197s
	iters: 800, epoch: 10 | loss: 0.2223129
	speed: 0.0231s/iter; left time: 2222.2975s
	iters: 1000, epoch: 10 | loss: 0.2454745
	speed: 0.0231s/iter; left time: 2216.9351s
Epoch: 10 cost time: 24.596593379974365
Epoch: 10, Steps: 1067 | Train Loss: 0.2660812 Vali Loss: 0.3936568
EarlyStopping counter: 4 out of 6
Parameters: 0.192864
	iters: 200, epoch: 11 | loss: 0.2142594
	speed: 0.0434s/iter; left time: 4159.9812s
	iters: 400, epoch: 11 | loss: 0.2580468
	speed: 0.0230s/iter; left time: 2203.9367s
	iters: 600, epoch: 11 | loss: 0.3079867
	speed: 0.0231s/iter; left time: 2208.3481s
	iters: 800, epoch: 11 | loss: 0.2867779
	speed: 0.0231s/iter; left time: 2200.7529s
	iters: 1000, epoch: 11 | loss: 0.2696127
	speed: 0.0231s/iter; left time: 2191.5037s
Epoch: 11 cost time: 24.621474266052246
Epoch: 11, Steps: 1067 | Train Loss: 0.2651301 Vali Loss: 0.3984458
EarlyStopping counter: 5 out of 6
Parameters: 0.192864
	iters: 200, epoch: 12 | loss: 0.2914327
	speed: 0.0433s/iter; left time: 4105.0889s
	iters: 400, epoch: 12 | loss: 0.2569269
	speed: 0.0230s/iter; left time: 2174.8020s
	iters: 600, epoch: 12 | loss: 0.3254437
	speed: 0.0230s/iter; left time: 2169.2848s
	iters: 800, epoch: 12 | loss: 0.2721015
	speed: 0.0230s/iter; left time: 2165.5688s
	iters: 1000, epoch: 12 | loss: 0.2014814
	speed: 0.0231s/iter; left time: 2170.0525s
Epoch: 12 cost time: 24.547045707702637
Epoch: 12, Steps: 1067 | Train Loss: 0.2643941 Vali Loss: 0.3956225
EarlyStopping counter: 6 out of 6
Early stopping
>>>>>>>testing : long_term_forecast_closest_attraos_ettm1_l336_h96_s2023_Attraos_ETTm1_ftM_sl336_ll48_pl96_dm512_nh8_el1_dl1_df2048_fc1_ebtimeF_dtTrue_closest_attraos_ettm1_l336_h96_s2023_0<<<<<<<<<<<<<<<<<<<<<<<<<<<<<<<<<
test 11425
EVALUATION_RESULT {"batches": 358, "elements": 7677600, "mae": 0.3580101117166589, "metric_version": "element_weighted_v1", "mse": 0.313253239958289, "parameter_count": 192864, "split": "test", "test_accessed": true}
