True
Args in experiment:
[1mBasic Config[0m
  Task Name:          long_term_forecast  Is Training:        1                   
  Model ID:           closest_attraos_ettm2_l336_h720_s2021Model:              Attraos             

[1mData Loader[0m
  Data:               ETTm2               Root Path:          /home/cwh/Time-Series-Library/dataset/ETT-small
  Data Path:          ETTm2.csv           Features:           M                   
  Target:             OT                  Freq:               t                   
  Checkpoints:        /home/cwh/Time-Series-Library/logs/timerole_p0/closest/formal/attraos/checkpoints

[1mForecasting Task[0m
  Seq Len:            336                 Label Len:          48                  
  Pred Len:           720                 Seasonal Patterns:  Monthly             
  Inverse:            0                   

[1mModel Parameters[0m
  Top k:              5                   Num Kernels:        6                   
  Enc In:             7                   Dec In:             7                   
  C Out:              7                   d model:            512                 
  n heads:            8                   e layers:           1                   
  d layers:           1                   d FF:               2048                
  Moving Avg:         25                  Factor:             1                   
  Distil:             1                   Dropout:            0.1                 
  Embed:              timeF               Activation:         gelu                
  Output Attention:   0                   

[1mRun Parameters[0m
  Num Workers:        0                   Itr:                1                   
  Train Epochs:       100                 Batch Size:         32                  
  Patience:           6                   Learning Rate:      0.0001              
  Des:                closest_attraos_ettm2_l336_h720_s2021Loss:               MSE                 
  Lradj:              type1               Use Amp:            0                   

[1mGPU[0m
  Use GPU:            1                   GPU:                0                   
  Use Multi GPU:      0                   Devices:            0,1,2,3             

[1mDe-stationary Projector Params[0m
  P Hidden Dims:      128, 128            P Hidden Layers:    2                   

Use GPU: cuda:0
>>>>>>>start training : long_term_forecast_closest_attraos_ettm2_l336_h720_s2021_Attraos_ETTm2_ftM_sl336_ll48_pl720_dm512_nh8_el1_dl1_df2048_fc1_ebtimeF_dtTrue_closest_attraos_ettm2_l336_h720_s2021_0>>>>>>>>>>>>>>>>>>>>>>>>>>
train 33505
val 10801
Parameters: 1.032144
	iters: 200, epoch: 1 | loss: 0.3089657
	speed: 0.0265s/iter; left time: 2774.9110s
	iters: 400, epoch: 1 | loss: 0.5018067
	speed: 0.0232s/iter; left time: 2423.9390s
	iters: 600, epoch: 1 | loss: 0.4995635
	speed: 0.0232s/iter; left time: 2420.2760s
	iters: 800, epoch: 1 | loss: 0.8652385
	speed: 0.0233s/iter; left time: 2421.5168s
	iters: 1000, epoch: 1 | loss: 0.5721070
	speed: 0.0233s/iter; left time: 2413.6512s
Epoch: 1 cost time: 24.496939420700073
Epoch: 1, Steps: 1048 | Train Loss: 0.5517822 Vali Loss: 0.2846735
Validation loss decreased (inf --> 0.284673).  Saving model ...
Parameters: 1.032144
	iters: 200, epoch: 2 | loss: 0.3922709
	speed: 0.0413s/iter; left time: 4272.7084s
	iters: 400, epoch: 2 | loss: 0.3563233
	speed: 0.0232s/iter; left time: 2399.6018s
	iters: 600, epoch: 2 | loss: 0.7112378
	speed: 0.0233s/iter; left time: 2401.2895s
	iters: 800, epoch: 2 | loss: 0.5730292
	speed: 0.0233s/iter; left time: 2393.6995s
	iters: 1000, epoch: 2 | loss: 0.4296191
	speed: 0.0233s/iter; left time: 2391.7389s
Epoch: 2 cost time: 24.35158395767212
Epoch: 2, Steps: 1048 | Train Loss: 0.4959998 Vali Loss: 0.2806061
Validation loss decreased (0.284673 --> 0.280606).  Saving model ...
Parameters: 1.032144
	iters: 200, epoch: 3 | loss: 0.5251965
	speed: 0.0411s/iter; left time: 4217.1212s
	iters: 400, epoch: 3 | loss: 0.4172587
	speed: 0.0232s/iter; left time: 2377.9022s
	iters: 600, epoch: 3 | loss: 0.7985395
	speed: 0.0233s/iter; left time: 2374.7793s
	iters: 800, epoch: 3 | loss: 0.3610266
	speed: 0.0233s/iter; left time: 2375.1630s
	iters: 1000, epoch: 3 | loss: 0.9680406
	speed: 0.0233s/iter; left time: 2367.0307s
Epoch: 3 cost time: 24.36601710319519
Epoch: 3, Steps: 1048 | Train Loss: 0.5005955 Vali Loss: 0.2780246
Validation loss decreased (0.280606 --> 0.278025).  Saving model ...
Parameters: 1.032144
	iters: 200, epoch: 4 | loss: 0.5091576
	speed: 0.0414s/iter; left time: 4202.1619s
	iters: 400, epoch: 4 | loss: 0.6444703
	speed: 0.0233s/iter; left time: 2358.0479s
	iters: 600, epoch: 4 | loss: 0.3152673
	speed: 0.0233s/iter; left time: 2353.3749s
	iters: 800, epoch: 4 | loss: 0.2696525
	speed: 0.0233s/iter; left time: 2347.2973s
	iters: 1000, epoch: 4 | loss: 0.3589769
	speed: 0.0233s/iter; left time: 2344.2474s
Epoch: 4 cost time: 24.37438201904297
Epoch: 4, Steps: 1048 | Train Loss: 0.5019124 Vali Loss: 0.2751544
Validation loss decreased (0.278025 --> 0.275154).  Saving model ...
Parameters: 1.032144
	iters: 200, epoch: 5 | loss: 0.5566955
	speed: 0.0413s/iter; left time: 4149.3868s
	iters: 400, epoch: 5 | loss: 0.6070616
	speed: 0.0233s/iter; left time: 2332.4558s
	iters: 600, epoch: 5 | loss: 0.4572861
	speed: 0.0233s/iter; left time: 2327.7030s
	iters: 800, epoch: 5 | loss: 0.3370253
	speed: 0.0232s/iter; left time: 2318.9425s
	iters: 1000, epoch: 5 | loss: 0.5488454
	speed: 0.0232s/iter; left time: 2314.4902s
Epoch: 5 cost time: 24.358742237091064
Epoch: 5, Steps: 1048 | Train Loss: 0.5115602 Vali Loss: 0.2722099
Validation loss decreased (0.275154 --> 0.272210).  Saving model ...
Parameters: 1.032144
	iters: 200, epoch: 6 | loss: 0.6042093
	speed: 0.0412s/iter; left time: 4092.9066s
	iters: 400, epoch: 6 | loss: 0.4264395
	speed: 0.0233s/iter; left time: 2307.8351s
	iters: 600, epoch: 6 | loss: 0.2501187
	speed: 0.0232s/iter; left time: 2300.7578s
	iters: 800, epoch: 6 | loss: 0.2694062
	speed: 0.0233s/iter; left time: 2302.9228s
	iters: 1000, epoch: 6 | loss: 0.3395269
	speed: 0.0233s/iter; left time: 2296.2943s
Epoch: 6 cost time: 24.37715458869934
Epoch: 6, Steps: 1048 | Train Loss: 0.5109293 Vali Loss: 0.2747781
EarlyStopping counter: 1 out of 6
Parameters: 1.032144
	iters: 200, epoch: 7 | loss: 0.6293008
	speed: 0.0413s/iter; left time: 4059.9670s
	iters: 400, epoch: 7 | loss: 0.5667817
	speed: 0.0233s/iter; left time: 2285.6373s
	iters: 600, epoch: 7 | loss: 0.3243762
	speed: 0.0233s/iter; left time: 2280.2446s
	iters: 800, epoch: 7 | loss: 0.8581293
	speed: 0.0232s/iter; left time: 2266.0170s
	iters: 1000, epoch: 7 | loss: 0.5741301
	speed: 0.0232s/iter; left time: 2264.8253s
Epoch: 7 cost time: 24.3650221824646
Epoch: 7, Steps: 1048 | Train Loss: 0.5076815 Vali Loss: 0.2699801
Validation loss decreased (0.272210 --> 0.269980).  Saving model ...
Parameters: 1.032144
	iters: 200, epoch: 8 | loss: 0.8348791
	speed: 0.0412s/iter; left time: 4008.6951s
	iters: 400, epoch: 8 | loss: 0.4176376
	speed: 0.0233s/iter; left time: 2262.2936s
	iters: 600, epoch: 8 | loss: 0.7902339
	speed: 0.0233s/iter; left time: 2255.8528s
	iters: 800, epoch: 8 | loss: 0.4431904
	speed: 0.0233s/iter; left time: 2250.2176s
	iters: 1000, epoch: 8 | loss: 0.4697203
	speed: 0.0233s/iter; left time: 2246.1052s
Epoch: 8 cost time: 24.369412660598755
Epoch: 8, Steps: 1048 | Train Loss: 0.5092093 Vali Loss: 0.2688993
Validation loss decreased (0.269980 --> 0.268899).  Saving model ...
Parameters: 1.032144
	iters: 200, epoch: 9 | loss: 0.6361129
	speed: 0.0413s/iter; left time: 3971.3045s
	iters: 400, epoch: 9 | loss: 0.7479422
	speed: 0.0233s/iter; left time: 2234.9956s
	iters: 600, epoch: 9 | loss: 0.3373365
	speed: 0.0232s/iter; left time: 2223.2856s
	iters: 800, epoch: 9 | loss: 0.3129157
	speed: 0.0232s/iter; left time: 2220.9587s
	iters: 1000, epoch: 9 | loss: 0.4772106
	speed: 0.0233s/iter; left time: 2218.4589s
Epoch: 9 cost time: 24.35100221633911
Epoch: 9, Steps: 1048 | Train Loss: 0.5071817 Vali Loss: 0.2694196
EarlyStopping counter: 1 out of 6
Parameters: 1.032144
	iters: 200, epoch: 10 | loss: 0.7793100
	speed: 0.0413s/iter; left time: 3930.8789s
	iters: 400, epoch: 10 | loss: 0.5733455
	speed: 0.0233s/iter; left time: 2210.2719s
	iters: 600, epoch: 10 | loss: 0.5205417
	speed: 0.0232s/iter; left time: 2202.1960s
	iters: 800, epoch: 10 | loss: 0.4263051
	speed: 0.0232s/iter; left time: 2193.3465s
	iters: 1000, epoch: 10 | loss: 0.3628315
	speed: 0.0233s/iter; left time: 2195.7728s
Epoch: 10 cost time: 24.34371590614319
Epoch: 10, Steps: 1048 | Train Loss: 0.5066483 Vali Loss: 0.2706980
EarlyStopping counter: 2 out of 6
Parameters: 1.032144
	iters: 200, epoch: 11 | loss: 0.5683445
	speed: 0.0412s/iter; left time: 3873.3417s
	iters: 400, epoch: 11 | loss: 0.8325579
	speed: 0.0233s/iter; left time: 2189.6282s
	iters: 600, epoch: 11 | loss: 0.4513586
	speed: 0.0233s/iter; left time: 2184.3197s
	iters: 800, epoch: 11 | loss: 0.5906605
	speed: 0.0233s/iter; left time: 2176.2460s
	iters: 1000, epoch: 11 | loss: 0.4353359
	speed: 0.0233s/iter; left time: 2175.7717s
Epoch: 11 cost time: 24.37632918357849
Epoch: 11, Steps: 1048 | Train Loss: 0.5042440 Vali Loss: 0.2686755
Validation loss decreased (0.268899 --> 0.268676).  Saving model ...
Parameters: 1.032144
	iters: 200, epoch: 12 | loss: 0.4550883
	speed: 0.0412s/iter; left time: 3833.3421s
	iters: 400, epoch: 12 | loss: 0.3134454
	speed: 0.0232s/iter; left time: 2156.7297s
	iters: 600, epoch: 12 | loss: 0.2982548
	speed: 0.0232s/iter; left time: 2149.6007s
	iters: 800, epoch: 12 | loss: 0.2467244
	speed: 0.0233s/iter; left time: 2150.7548s
	iters: 1000, epoch: 12 | loss: 0.3107661
	speed: 0.0233s/iter; left time: 2146.0503s
Epoch: 12 cost time: 24.329845190048218
Epoch: 12, Steps: 1048 | Train Loss: 0.5010155 Vali Loss: 0.2734612
EarlyStopping counter: 1 out of 6
Parameters: 1.032144
	iters: 200, epoch: 13 | loss: 0.3533495
	speed: 0.0411s/iter; left time: 3783.6545s
	iters: 400, epoch: 13 | loss: 0.3192807
	speed: 0.0233s/iter; left time: 2136.4933s
	iters: 600, epoch: 13 | loss: 0.4342588
	speed: 0.0233s/iter; left time: 2135.6895s
	iters: 800, epoch: 13 | loss: 0.4184780
	speed: 0.0233s/iter; left time: 2131.0022s
	iters: 1000, epoch: 13 | loss: 0.5131347
	speed: 0.0233s/iter; left time: 2125.8484s
Epoch: 13 cost time: 24.38734531402588
Epoch: 13, Steps: 1048 | Train Loss: 0.5022478 Vali Loss: 0.2757880
EarlyStopping counter: 2 out of 6
Parameters: 1.032144
	iters: 200, epoch: 14 | loss: 0.4545136
	speed: 0.0414s/iter; left time: 3766.2410s
	iters: 400, epoch: 14 | loss: 0.3455504
	speed: 0.0233s/iter; left time: 2116.8257s
	iters: 600, epoch: 14 | loss: 0.3685420
	speed: 0.0233s/iter; left time: 2108.1234s
	iters: 800, epoch: 14 | loss: 0.4373820
	speed: 0.0232s/iter; left time: 2096.4563s
	iters: 1000, epoch: 14 | loss: 0.5137776
	speed: 0.0233s/iter; left time: 2100.5874s
Epoch: 14 cost time: 24.377763032913208
Epoch: 14, Steps: 1048 | Train Loss: 0.4963066 Vali Loss: 0.2787465
EarlyStopping counter: 3 out of 6
Parameters: 1.032144
	iters: 200, epoch: 15 | loss: 0.4733529
	speed: 0.0412s/iter; left time: 3708.9722s
	iters: 400, epoch: 15 | loss: 0.3524000
	speed: 0.0232s/iter; left time: 2082.3800s
	iters: 600, epoch: 15 | loss: 0.5749428
	speed: 0.0232s/iter; left time: 2081.3705s
	iters: 800, epoch: 15 | loss: 0.3110157
	speed: 0.0233s/iter; left time: 2079.9549s
	iters: 1000, epoch: 15 | loss: 0.3020624
	speed: 0.0232s/iter; left time: 2067.7227s
Epoch: 15 cost time: 24.326338291168213
Epoch: 15, Steps: 1048 | Train Loss: 0.4923681 Vali Loss: 0.2812098
EarlyStopping counter: 4 out of 6
Parameters: 1.032144
	iters: 200, epoch: 16 | loss: 0.4775151
	speed: 0.0413s/iter; left time: 3667.5653s
	iters: 400, epoch: 16 | loss: 0.5099189
	speed: 0.0233s/iter; left time: 2065.2111s
	iters: 600, epoch: 16 | loss: 0.6087204
	speed: 0.0233s/iter; left time: 2058.8195s
	iters: 800, epoch: 16 | loss: 0.3947334
	speed: 0.0233s/iter; left time: 2059.1963s
	iters: 1000, epoch: 16 | loss: 0.5507345
	speed: 0.0233s/iter; left time: 2052.4335s
Epoch: 16 cost time: 24.38706612586975
Epoch: 16, Steps: 1048 | Train Loss: 0.4923319 Vali Loss: 0.2902879
EarlyStopping counter: 5 out of 6
Parameters: 1.032144
	iters: 200, epoch: 17 | loss: 0.3254925
	speed: 0.0412s/iter; left time: 3617.4466s
	iters: 400, epoch: 17 | loss: 0.4480652
	speed: 0.0233s/iter; left time: 2040.0511s
	iters: 600, epoch: 17 | loss: 0.6218756
	speed: 0.0233s/iter; left time: 2039.7953s
	iters: 800, epoch: 17 | loss: 0.5453616
	speed: 0.0232s/iter; left time: 2027.6978s
	iters: 1000, epoch: 17 | loss: 0.4082401
	speed: 0.0233s/iter; left time: 2025.4569s
Epoch: 17 cost time: 24.362276315689087
Epoch: 17, Steps: 1048 | Train Loss: 0.5034359 Vali Loss: 0.2841143
EarlyStopping counter: 6 out of 6
Early stopping
>>>>>>>testing : long_term_forecast_closest_attraos_ettm2_l336_h720_s2021_Attraos_ETTm2_ftM_sl336_ll48_pl720_dm512_nh8_el1_dl1_df2048_fc1_ebtimeF_dtTrue_closest_attraos_ettm2_l336_h720_s2021_0<<<<<<<<<<<<<<<<<<<<<<<<<<<<<<<<<
test 10801
EVALUATION_RESULT {"batches": 338, "elements": 54437040, "mae": 0.3874777863005249, "metric_version": "element_weighted_v1", "mse": 0.37463280051726383, "parameter_count": 1032144, "split": "test", "test_accessed": true}
