Using GPU
Args in experiment:
[1mBasic Config[0m
  Task Name:          long_term_forecast  Is Training:        1                   
  Model ID:           ETTh1_96_192        Model:              TimeXer             

[1mData Loader[0m
  Data:               ETTh1               Root Path:          /home/cwh/Time-Series-Library/dataset/ETT-small
  Data Path:          ETTh1.csv           Features:           M                   
  Target:             OT                  Freq:               h                   
  Checkpoints:        ./checkpoints/      

[1mForecasting Task[0m
  Seq Len:            96                  Label Len:          48                  
  Pred Len:           192                 Seasonal Patterns:  Monthly             
  Inverse:            0                   

[1mModel Parameters[0m
  Top k:              5                   Num Kernels:        6                   
  Enc In:             7                   Dec In:             7                   
  C Out:              7                   d model:            128                 
  n heads:            8                   e layers:           2                   
  d layers:           1                   d FF:               2048                
  Moving Avg:         25                  Factor:             3                   
  Distil:             1                   Dropout:            0.1                 
  Embed:              timeF               Activation:         gelu                

[1mRun Parameters[0m
  Num Workers:        10                  Itr:                1                   
  Train Epochs:       10                  Batch Size:         4                   
  Patience:           3                   Learning Rate:      0.0001              
  Des:                Exp                 Loss:               MSE                 
  Lradj:              type1               Use Amp:            0                   

[1mGPU[0m
  Use GPU:            1                   GPU:                0                   
  Use Multi GPU:      0                   Devices:            0,1,2,3             

[1mDe-stationary Projector Params[0m
  P Hidden Dims:      128, 128            P Hidden Layers:    2                   

Use GPU: cuda:0
🚀 Lazy Loading: TimeXer ...
>>>>>>>start training : long_term_forecast_ETTh1_96_192_TimeXer_ETTh1_ftM_sl96_ll48_pl192_dm128_nh8_el2_dl1_df2048_expand2_dc4_fc3_ebtimeF_dtTrue_Exp_0>>>>>>>>>>>>>>>>>>>>>>>>>>
train 8353
val 2689
test 2689
	iters: 100, epoch: 1 | loss: 0.5318989
	speed: 0.0129s/iter; left time: 268.5320s
	iters: 200, epoch: 1 | loss: 0.6875810
	speed: 0.0096s/iter; left time: 197.8634s
	iters: 300, epoch: 1 | loss: 0.6786199
	speed: 0.0094s/iter; left time: 193.9872s
	iters: 400, epoch: 1 | loss: 0.5145983
	speed: 0.0098s/iter; left time: 200.0372s
	iters: 500, epoch: 1 | loss: 0.4438238
	speed: 0.0096s/iter; left time: 195.2683s
	iters: 600, epoch: 1 | loss: 0.8025711
	speed: 0.0096s/iter; left time: 195.6419s
	iters: 700, epoch: 1 | loss: 0.4359966
	speed: 0.0095s/iter; left time: 192.4144s
	iters: 800, epoch: 1 | loss: 0.4402975
	speed: 0.0092s/iter; left time: 184.1500s
	iters: 900, epoch: 1 | loss: 0.2441680
	speed: 0.0097s/iter; left time: 193.1012s
	iters: 1000, epoch: 1 | loss: 0.6942981
	speed: 0.0096s/iter; left time: 190.8555s
	iters: 1100, epoch: 1 | loss: 0.7483513
	speed: 0.0093s/iter; left time: 183.3749s
	iters: 1200, epoch: 1 | loss: 0.6084431
	speed: 0.0094s/iter; left time: 185.0520s
	iters: 1300, epoch: 1 | loss: 0.3907197
	speed: 0.0094s/iter; left time: 183.2595s
	iters: 1400, epoch: 1 | loss: 0.3731351
	speed: 0.0089s/iter; left time: 174.2607s
	iters: 1500, epoch: 1 | loss: 0.5437338
	speed: 0.0092s/iter; left time: 177.9016s
	iters: 1600, epoch: 1 | loss: 0.3606319
	speed: 0.0092s/iter; left time: 177.0911s
	iters: 1700, epoch: 1 | loss: 0.3589573
	speed: 0.0094s/iter; left time: 181.0816s
	iters: 1800, epoch: 1 | loss: 0.5167711
	speed: 0.0090s/iter; left time: 171.2093s
	iters: 1900, epoch: 1 | loss: 0.3377019
	speed: 0.0095s/iter; left time: 180.7557s
	iters: 2000, epoch: 1 | loss: 0.4710738
	speed: 0.0088s/iter; left time: 166.1974s
Epoch: 1 cost time: 19.910590648651123
Epoch: 1, Steps: 2089 | Train Loss: 0.4613005 Vali Loss: 1.0285696 Test Loss: 0.4554502
Validation loss decreased (inf --> 1.028570).  Saving model ...
Updating learning rate to 0.0001
	iters: 100, epoch: 2 | loss: 0.6740252
	speed: 0.0797s/iter; left time: 1490.3389s
	iters: 200, epoch: 2 | loss: 0.5139165
	speed: 0.0097s/iter; left time: 179.6266s
	iters: 300, epoch: 2 | loss: 0.3266478
	speed: 0.0095s/iter; left time: 175.0408s
	iters: 400, epoch: 2 | loss: 0.3832528
	speed: 0.0096s/iter; left time: 176.6067s
	iters: 500, epoch: 2 | loss: 0.4432309
	speed: 0.0087s/iter; left time: 158.7145s
	iters: 600, epoch: 2 | loss: 0.3425221
	speed: 0.0089s/iter; left time: 162.6423s
	iters: 700, epoch: 2 | loss: 0.3628584
	speed: 0.0099s/iter; left time: 178.4155s
	iters: 800, epoch: 2 | loss: 0.3743543
	speed: 0.0087s/iter; left time: 157.4523s
	iters: 900, epoch: 2 | loss: 0.4509462
	speed: 0.0090s/iter; left time: 161.6239s
	iters: 1000, epoch: 2 | loss: 0.3575358
	speed: 0.0089s/iter; left time: 158.3820s
	iters: 1100, epoch: 2 | loss: 0.4864576
	speed: 0.0093s/iter; left time: 164.7498s
	iters: 1200, epoch: 2 | loss: 0.3142220
	speed: 0.0090s/iter; left time: 157.7348s
	iters: 1300, epoch: 2 | loss: 0.5271984
	speed: 0.0088s/iter; left time: 153.8259s
	iters: 1400, epoch: 2 | loss: 0.4504496
	speed: 0.0087s/iter; left time: 151.5522s
	iters: 1500, epoch: 2 | loss: 0.3811055
	speed: 0.0090s/iter; left time: 156.3611s
	iters: 1600, epoch: 2 | loss: 0.4272853
	speed: 0.0092s/iter; left time: 158.7671s
	iters: 1700, epoch: 2 | loss: 0.3200482
	speed: 0.0088s/iter; left time: 149.9238s
	iters: 1800, epoch: 2 | loss: 0.3664963
	speed: 0.0088s/iter; left time: 150.0087s
	iters: 1900, epoch: 2 | loss: 0.4538128
	speed: 0.0086s/iter; left time: 145.8407s
	iters: 2000, epoch: 2 | loss: 0.6434866
	speed: 0.0087s/iter; left time: 145.7290s
Epoch: 2 cost time: 19.193891525268555
Epoch: 2, Steps: 2089 | Train Loss: 0.4355752 Vali Loss: 1.0181326 Test Loss: 0.4581299
Validation loss decreased (1.028570 --> 1.018133).  Saving model ...
Updating learning rate to 5e-05
	iters: 100, epoch: 3 | loss: 0.2759265
	speed: 0.0733s/iter; left time: 1217.6839s
	iters: 200, epoch: 3 | loss: 0.3364622
	speed: 0.0090s/iter; left time: 149.2326s
	iters: 300, epoch: 3 | loss: 0.4603108
	speed: 0.0093s/iter; left time: 152.6797s
	iters: 400, epoch: 3 | loss: 0.3033797
	speed: 0.0102s/iter; left time: 166.2526s
	iters: 500, epoch: 3 | loss: 0.5588863
	speed: 0.0092s/iter; left time: 149.2212s
	iters: 600, epoch: 3 | loss: 0.3330670
	speed: 0.0087s/iter; left time: 140.2367s
	iters: 700, epoch: 3 | loss: 0.3714669
	speed: 0.0088s/iter; left time: 141.6671s
	iters: 800, epoch: 3 | loss: 0.6428489
	speed: 0.0086s/iter; left time: 137.1133s
	iters: 900, epoch: 3 | loss: 0.3924498
	speed: 0.0088s/iter; left time: 139.1568s
	iters: 1000, epoch: 3 | loss: 0.6362857
	speed: 0.0093s/iter; left time: 146.1852s
	iters: 1100, epoch: 3 | loss: 0.5162632
	speed: 0.0089s/iter; left time: 138.2514s
	iters: 1200, epoch: 3 | loss: 0.2454929
	speed: 0.0088s/iter; left time: 135.9267s
	iters: 1300, epoch: 3 | loss: 0.4416887
	speed: 0.0087s/iter; left time: 134.6177s
	iters: 1400, epoch: 3 | loss: 0.5218096
	speed: 0.0097s/iter; left time: 148.8707s
	iters: 1500, epoch: 3 | loss: 0.5434282
	speed: 0.0092s/iter; left time: 139.4308s
	iters: 1600, epoch: 3 | loss: 0.3835721
	speed: 0.0096s/iter; left time: 145.5239s
	iters: 1700, epoch: 3 | loss: 0.4189885
	speed: 0.0091s/iter; left time: 136.8086s
	iters: 1800, epoch: 3 | loss: 0.2567106
	speed: 0.0088s/iter; left time: 130.9561s
	iters: 1900, epoch: 3 | loss: 0.3551225
	speed: 0.0091s/iter; left time: 134.3936s
	iters: 2000, epoch: 3 | loss: 0.3446125
	speed: 0.0092s/iter; left time: 134.6813s
Epoch: 3 cost time: 19.196757793426514
Epoch: 3, Steps: 2089 | Train Loss: 0.4163019 Vali Loss: 1.0066400 Test Loss: 0.4336303
Validation loss decreased (1.018133 --> 1.006640).  Saving model ...
Updating learning rate to 2.5e-05
	iters: 100, epoch: 4 | loss: 0.5204365
	speed: 0.0754s/iter; left time: 1094.3911s
	iters: 200, epoch: 4 | loss: 0.4039469
	speed: 0.0089s/iter; left time: 128.9321s
	iters: 300, epoch: 4 | loss: 0.8940358
	speed: 0.0091s/iter; left time: 129.9482s
	iters: 400, epoch: 4 | loss: 0.2549637
	speed: 0.0090s/iter; left time: 127.3756s
	iters: 500, epoch: 4 | loss: 0.3499551
	speed: 0.0092s/iter; left time: 130.2874s
	iters: 600, epoch: 4 | loss: 0.5162849
	speed: 0.0089s/iter; left time: 124.7806s
	iters: 700, epoch: 4 | loss: 0.4842089
	speed: 0.0092s/iter; left time: 127.6757s
	iters: 800, epoch: 4 | loss: 0.3661036
	speed: 0.0107s/iter; left time: 148.4685s
	iters: 900, epoch: 4 | loss: 0.4278236
	speed: 0.0100s/iter; left time: 137.3477s
	iters: 1000, epoch: 4 | loss: 0.3010936
	speed: 0.0091s/iter; left time: 123.3677s
	iters: 1100, epoch: 4 | loss: 0.3237972
	speed: 0.0091s/iter; left time: 123.7252s
	iters: 1200, epoch: 4 | loss: 0.2706450
	speed: 0.0088s/iter; left time: 118.7024s
	iters: 1300, epoch: 4 | loss: 0.4473040
	speed: 0.0089s/iter; left time: 118.5145s
	iters: 1400, epoch: 4 | loss: 0.3210121
	speed: 0.0088s/iter; left time: 116.3266s
	iters: 1500, epoch: 4 | loss: 0.5697474
	speed: 0.0091s/iter; left time: 119.4584s
	iters: 1600, epoch: 4 | loss: 0.4662448
	speed: 0.0088s/iter; left time: 114.9741s
	iters: 1700, epoch: 4 | loss: 0.3421160
	speed: 0.0088s/iter; left time: 113.5519s
	iters: 1800, epoch: 4 | loss: 0.4066488
	speed: 0.0088s/iter; left time: 112.3277s
	iters: 1900, epoch: 4 | loss: 0.4473962
	speed: 0.0088s/iter; left time: 112.0120s
	iters: 2000, epoch: 4 | loss: 0.3811401
	speed: 0.0092s/iter; left time: 115.8205s
Epoch: 4 cost time: 19.303642511367798
Epoch: 4, Steps: 2089 | Train Loss: 0.4061373 Vali Loss: 0.9987860 Test Loss: 0.4369797
Validation loss decreased (1.006640 --> 0.998786).  Saving model ...
Updating learning rate to 1.25e-05
	iters: 100, epoch: 5 | loss: 0.3625113
	speed: 0.0763s/iter; left time: 949.4092s
	iters: 200, epoch: 5 | loss: 0.4175264
	speed: 0.0088s/iter; left time: 108.7868s
	iters: 300, epoch: 5 | loss: 0.3136685
	speed: 0.0088s/iter; left time: 107.8648s
	iters: 400, epoch: 5 | loss: 0.4304495
	speed: 0.0089s/iter; left time: 107.8038s
	iters: 500, epoch: 5 | loss: 0.2903598
	speed: 0.0088s/iter; left time: 106.3653s
	iters: 600, epoch: 5 | loss: 0.5422989
	speed: 0.0090s/iter; left time: 106.8537s
	iters: 700, epoch: 5 | loss: 0.4182581
	speed: 0.0087s/iter; left time: 102.6696s
	iters: 800, epoch: 5 | loss: 0.3512489
	speed: 0.0086s/iter; left time: 100.7789s
	iters: 900, epoch: 5 | loss: 0.3128054
	speed: 0.0087s/iter; left time: 100.8377s
	iters: 1000, epoch: 5 | loss: 0.4129612
	speed: 0.0089s/iter; left time: 102.8394s
	iters: 1100, epoch: 5 | loss: 0.3104272
	speed: 0.0091s/iter; left time: 103.5002s
	iters: 1200, epoch: 5 | loss: 0.4264434
	speed: 0.0090s/iter; left time: 102.1027s
	iters: 1300, epoch: 5 | loss: 0.3477953
	speed: 0.0087s/iter; left time: 98.2445s
	iters: 1400, epoch: 5 | loss: 0.3026994
	speed: 0.0088s/iter; left time: 98.2702s
	iters: 1500, epoch: 5 | loss: 0.3500523
	speed: 0.0086s/iter; left time: 95.3697s
	iters: 1600, epoch: 5 | loss: 0.3225035
	speed: 0.0090s/iter; left time: 97.9239s
	iters: 1700, epoch: 5 | loss: 0.4100115
	speed: 0.0088s/iter; left time: 95.3079s
	iters: 1800, epoch: 5 | loss: 0.4211304
	speed: 0.0089s/iter; left time: 95.8618s
	iters: 1900, epoch: 5 | loss: 0.3032367
	speed: 0.0088s/iter; left time: 93.7461s
	iters: 2000, epoch: 5 | loss: 0.3864076
	speed: 0.0088s/iter; left time: 92.7237s
Epoch: 5 cost time: 18.630483150482178
Epoch: 5, Steps: 2089 | Train Loss: 0.4010302 Vali Loss: 0.9997871 Test Loss: 0.4290387
EarlyStopping counter: 1 out of 3
Updating learning rate to 6.25e-06
	iters: 100, epoch: 6 | loss: 0.4218066
	speed: 0.0734s/iter; left time: 759.6547s
	iters: 200, epoch: 6 | loss: 0.5012590
	speed: 0.0089s/iter; left time: 90.7795s
	iters: 300, epoch: 6 | loss: 0.4046561
	speed: 0.0090s/iter; left time: 91.1570s
	iters: 400, epoch: 6 | loss: 0.3358957
	speed: 0.0089s/iter; left time: 89.8222s
	iters: 500, epoch: 6 | loss: 0.2810268
	speed: 0.0095s/iter; left time: 94.4264s
	iters: 600, epoch: 6 | loss: 0.3097683
	speed: 0.0104s/iter; left time: 102.2817s
	iters: 700, epoch: 6 | loss: 0.3492175
	speed: 0.0096s/iter; left time: 93.4703s
	iters: 800, epoch: 6 | loss: 0.5505997
	speed: 0.0092s/iter; left time: 88.4031s
	iters: 900, epoch: 6 | loss: 0.3578341
	speed: 0.0100s/iter; left time: 95.0121s
	iters: 1000, epoch: 6 | loss: 0.4489060
	speed: 0.0092s/iter; left time: 87.0499s
	iters: 1100, epoch: 6 | loss: 0.2496580
	speed: 0.0091s/iter; left time: 84.6513s
	iters: 1200, epoch: 6 | loss: 0.3010405
	speed: 0.0090s/iter; left time: 83.3609s
	iters: 1300, epoch: 6 | loss: 0.5139349
	speed: 0.0090s/iter; left time: 82.5324s
	iters: 1400, epoch: 6 | loss: 0.2650136
	speed: 0.0086s/iter; left time: 78.2069s
	iters: 1500, epoch: 6 | loss: 0.4543911
	speed: 0.0087s/iter; left time: 77.4687s
	iters: 1600, epoch: 6 | loss: 0.2719168
	speed: 0.0087s/iter; left time: 76.9433s
	iters: 1700, epoch: 6 | loss: 0.2521137
	speed: 0.0086s/iter; left time: 75.1905s
	iters: 1800, epoch: 6 | loss: 0.3140399
	speed: 0.0086s/iter; left time: 74.5337s
	iters: 1900, epoch: 6 | loss: 0.3526872
	speed: 0.0087s/iter; left time: 73.9279s
	iters: 2000, epoch: 6 | loss: 0.2518167
	speed: 0.0087s/iter; left time: 73.4404s
Epoch: 6 cost time: 19.1280255317688
Epoch: 6, Steps: 2089 | Train Loss: 0.3985338 Vali Loss: 0.9971763 Test Loss: 0.4314317
Validation loss decreased (0.998786 --> 0.997176).  Saving model ...
Updating learning rate to 3.125e-06
	iters: 100, epoch: 7 | loss: 0.3555766
	speed: 0.0788s/iter; left time: 650.5039s
	iters: 200, epoch: 7 | loss: 0.4123868
	speed: 0.0093s/iter; left time: 75.4711s
	iters: 300, epoch: 7 | loss: 0.5198851
	speed: 0.0088s/iter; left time: 71.2639s
	iters: 400, epoch: 7 | loss: 0.4145224
	speed: 0.0089s/iter; left time: 70.9449s
	iters: 500, epoch: 7 | loss: 0.4481759
	speed: 0.0090s/iter; left time: 70.5646s
	iters: 600, epoch: 7 | loss: 0.3736347
	speed: 0.0089s/iter; left time: 68.8964s
	iters: 700, epoch: 7 | loss: 0.3756986
	speed: 0.0089s/iter; left time: 68.4112s
	iters: 800, epoch: 7 | loss: 0.4852639
	speed: 0.0089s/iter; left time: 66.9601s
	iters: 900, epoch: 7 | loss: 0.3847949
	speed: 0.0091s/iter; left time: 68.1551s
	iters: 1000, epoch: 7 | loss: 0.5874516
	speed: 0.0086s/iter; left time: 63.0024s
	iters: 1100, epoch: 7 | loss: 0.3184849
	speed: 0.0087s/iter; left time: 63.4415s
	iters: 1200, epoch: 7 | loss: 0.4564425
	speed: 0.0088s/iter; left time: 63.2144s
	iters: 1300, epoch: 7 | loss: 0.4187813
	speed: 0.0089s/iter; left time: 62.5943s
	iters: 1400, epoch: 7 | loss: 0.3017156
	speed: 0.0084s/iter; left time: 58.3672s
	iters: 1500, epoch: 7 | loss: 0.4734349
	speed: 0.0083s/iter; left time: 57.0561s
	iters: 1600, epoch: 7 | loss: 0.5429465
	speed: 0.0083s/iter; left time: 56.3130s
	iters: 1700, epoch: 7 | loss: 0.3352032
	speed: 0.0090s/iter; left time: 59.8722s
	iters: 1800, epoch: 7 | loss: 0.5110493
	speed: 0.0086s/iter; left time: 56.2746s
	iters: 1900, epoch: 7 | loss: 0.3918668
	speed: 0.0086s/iter; left time: 55.7613s
	iters: 2000, epoch: 7 | loss: 0.2794857
	speed: 0.0084s/iter; left time: 53.5282s
Epoch: 7 cost time: 18.517410039901733
Epoch: 7, Steps: 2089 | Train Loss: 0.3971876 Vali Loss: 0.9965911 Test Loss: 0.4285393
Validation loss decreased (0.997176 --> 0.996591).  Saving model ...
Updating learning rate to 1.5625e-06
	iters: 100, epoch: 8 | loss: 0.2939797
	speed: 0.0767s/iter; left time: 473.2302s
	iters: 200, epoch: 8 | loss: 0.3755130
	speed: 0.0087s/iter; left time: 53.0424s
	iters: 300, epoch: 8 | loss: 0.3634433
	speed: 0.0085s/iter; left time: 51.0187s
	iters: 400, epoch: 8 | loss: 0.4344968
	speed: 0.0088s/iter; left time: 51.7279s
	iters: 500, epoch: 8 | loss: 0.3370698
	speed: 0.0085s/iter; left time: 49.2427s
	iters: 600, epoch: 8 | loss: 0.4922723
	speed: 0.0088s/iter; left time: 49.8385s
	iters: 700, epoch: 8 | loss: 0.4977235
	speed: 0.0087s/iter; left time: 48.6481s
	iters: 800, epoch: 8 | loss: 0.4351751
	speed: 0.0087s/iter; left time: 47.8149s
	iters: 900, epoch: 8 | loss: 0.3436573
	speed: 0.0087s/iter; left time: 46.4777s
	iters: 1000, epoch: 8 | loss: 0.3782391
	speed: 0.0085s/iter; left time: 44.7901s
	iters: 1100, epoch: 8 | loss: 0.4782587
	speed: 0.0087s/iter; left time: 44.9901s
	iters: 1200, epoch: 8 | loss: 0.4399191
	speed: 0.0086s/iter; left time: 43.7796s
	iters: 1300, epoch: 8 | loss: 0.3229159
	speed: 0.0088s/iter; left time: 43.9341s
	iters: 1400, epoch: 8 | loss: 0.2955906
	speed: 0.0087s/iter; left time: 42.4768s
	iters: 1500, epoch: 8 | loss: 0.4047154
	speed: 0.0085s/iter; left time: 40.6531s
	iters: 1600, epoch: 8 | loss: 0.2499458
	speed: 0.0087s/iter; left time: 40.5503s
	iters: 1700, epoch: 8 | loss: 0.2896864
	speed: 0.0089s/iter; left time: 40.8172s
	iters: 1800, epoch: 8 | loss: 0.5119941
	speed: 0.0089s/iter; left time: 39.5479s
	iters: 1900, epoch: 8 | loss: 0.3905177
	speed: 0.0088s/iter; left time: 38.3501s
	iters: 2000, epoch: 8 | loss: 0.6338570
	speed: 0.0088s/iter; left time: 37.3643s
Epoch: 8 cost time: 18.538490056991577
Epoch: 8, Steps: 2089 | Train Loss: 0.3967270 Vali Loss: 0.9975737 Test Loss: 0.4299054
EarlyStopping counter: 1 out of 3
Updating learning rate to 7.8125e-07
	iters: 100, epoch: 9 | loss: 0.3788050
	speed: 0.0738s/iter; left time: 300.9410s
	iters: 200, epoch: 9 | loss: 0.3600601
	speed: 0.0088s/iter; left time: 34.9532s
	iters: 300, epoch: 9 | loss: 0.5902990
	speed: 0.0087s/iter; left time: 33.9298s
	iters: 400, epoch: 9 | loss: 0.3302861
	speed: 0.0087s/iter; left time: 32.7743s
	iters: 500, epoch: 9 | loss: 0.4476624
	speed: 0.0089s/iter; left time: 32.7600s
	iters: 600, epoch: 9 | loss: 0.3411851
	speed: 0.0093s/iter; left time: 33.1367s
	iters: 700, epoch: 9 | loss: 0.2690580
	speed: 0.0094s/iter; left time: 32.7507s
	iters: 800, epoch: 9 | loss: 0.6292709
	speed: 0.0088s/iter; left time: 29.6961s
	iters: 900, epoch: 9 | loss: 0.3272235
	speed: 0.0088s/iter; left time: 28.9791s
	iters: 1000, epoch: 9 | loss: 0.3176847
	speed: 0.0088s/iter; left time: 27.9612s
	iters: 1100, epoch: 9 | loss: 0.5417680
	speed: 0.0091s/iter; left time: 28.0717s
	iters: 1200, epoch: 9 | loss: 0.4676898
	speed: 0.0090s/iter; left time: 26.8741s
	iters: 1300, epoch: 9 | loss: 0.3401163
	speed: 0.0090s/iter; left time: 26.0127s
	iters: 1400, epoch: 9 | loss: 0.4704052
	speed: 0.0093s/iter; left time: 25.7139s
	iters: 1500, epoch: 9 | loss: 0.3365090
	speed: 0.0089s/iter; left time: 23.9456s
	iters: 1600, epoch: 9 | loss: 0.3532371
	speed: 0.0092s/iter; left time: 23.6883s
	iters: 1700, epoch: 9 | loss: 0.2568414
	speed: 0.0089s/iter; left time: 22.0755s
	iters: 1800, epoch: 9 | loss: 0.3410894
	speed: 0.0094s/iter; left time: 22.2447s
	iters: 1900, epoch: 9 | loss: 0.3981316
	speed: 0.0090s/iter; left time: 20.5786s
	iters: 2000, epoch: 9 | loss: 0.4991621
	speed: 0.0088s/iter; left time: 19.0940s
Epoch: 9 cost time: 19.038970708847046
Epoch: 9, Steps: 2089 | Train Loss: 0.3959403 Vali Loss: 0.9970997 Test Loss: 0.4293201
EarlyStopping counter: 2 out of 3
Updating learning rate to 3.90625e-07
	iters: 100, epoch: 10 | loss: 0.4314512
	speed: 0.0748s/iter; left time: 148.7633s
	iters: 200, epoch: 10 | loss: 0.3253458
	speed: 0.0090s/iter; left time: 17.0473s
	iters: 300, epoch: 10 | loss: 0.3616209
	speed: 0.0090s/iter; left time: 16.0381s
	iters: 400, epoch: 10 | loss: 0.3634273
	speed: 0.0089s/iter; left time: 15.0655s
	iters: 500, epoch: 10 | loss: 0.5009857
	speed: 0.0090s/iter; left time: 14.2338s
	iters: 600, epoch: 10 | loss: 0.3479432
	speed: 0.0085s/iter; left time: 12.7386s
	iters: 700, epoch: 10 | loss: 0.7043176
	speed: 0.0087s/iter; left time: 12.1258s
	iters: 800, epoch: 10 | loss: 0.3052024
	speed: 0.0088s/iter; left time: 11.2921s
	iters: 900, epoch: 10 | loss: 0.4732610
	speed: 0.0088s/iter; left time: 10.4439s
	iters: 1000, epoch: 10 | loss: 0.4873365
	speed: 0.0086s/iter; left time: 9.3982s
	iters: 1100, epoch: 10 | loss: 0.3008179
	speed: 0.0085s/iter; left time: 8.4096s
	iters: 1200, epoch: 10 | loss: 0.4856031
	speed: 0.0090s/iter; left time: 8.0470s
	iters: 1300, epoch: 10 | loss: 0.2612781
	speed: 0.0085s/iter; left time: 6.7114s
	iters: 1400, epoch: 10 | loss: 0.5890452
	speed: 0.0085s/iter; left time: 5.8576s
	iters: 1500, epoch: 10 | loss: 0.2826546
	speed: 0.0086s/iter; left time: 5.0921s
	iters: 1600, epoch: 10 | loss: 0.6628688
	speed: 0.0086s/iter; left time: 4.2224s
	iters: 1700, epoch: 10 | loss: 0.4666091
	speed: 0.0089s/iter; left time: 3.4875s
	iters: 1800, epoch: 10 | loss: 0.5457740
	speed: 0.0085s/iter; left time: 2.4721s
	iters: 1900, epoch: 10 | loss: 0.4073532
	speed: 0.0086s/iter; left time: 1.6349s
	iters: 2000, epoch: 10 | loss: 0.4527075
	speed: 0.0088s/iter; left time: 0.7902s
Epoch: 10 cost time: 18.540390491485596
Epoch: 10, Steps: 2089 | Train Loss: 0.3960648 Vali Loss: 0.9966223 Test Loss: 0.4298896
EarlyStopping counter: 3 out of 3
Early stopping
>>>>>>>testing : long_term_forecast_ETTh1_96_192_TimeXer_ETTh1_ftM_sl96_ll48_pl192_dm128_nh8_el2_dl1_df2048_expand2_dc4_fc3_ebtimeF_dtTrue_Exp_0<<<<<<<<<<<<<<<<<<<<<<<<<<<<<<<<<
test 2689
test shape: (2689, 192, 7) (2689, 192, 7)
test shape: (2689, 192, 7) (2689, 192, 7)
mse:0.42850548028945923, mae:0.4354545474052429, dtw:Not calculated
