Using GPU
Args in experiment:
[1mBasic Config[0m
  Task Name:          long_term_forecast  Is Training:        1                   
  Model ID:           ETTm2_96_96_table2_ettm2_p96_no_patch_s2023Model:              GraphMambaRecent    

[1mData Loader[0m
  Data:               ETTm2               Root Path:          /home/cwh/Time-Series-Library/dataset/ETT-small
  Data Path:          ETTm2.csv           Features:           M                   
  Target:             OT                  Freq:               h                   
  Checkpoints:        /home/cwh/Time-Series-Library/logs/timerole_p0/recent_backbone/seed2023/checkpoints

[1mForecasting Task[0m
  Seq Len:            336                 Label Len:          48                  
  Pred Len:           96                  Seasonal Patterns:  Monthly             
  Inverse:            0                   

[1mModel Parameters[0m
  Top k:              5                   Num Kernels:        6                   
  Enc In:             7                   Dec In:             7                   
  C Out:              7                   d model:            64                  
  n heads:            8                   e layers:           1                   
  d layers:           1                   d FF:               128                 
  Moving Avg:         25                  Factor:             1                   
  Distil:             1                   Dropout:            0.1                 
  Embed:              timeF               Activation:         gelu                

[1mRun Parameters[0m
  Num Workers:        0                   Itr:                1                   
  Train Epochs:       100                 Batch Size:         32                  
  Patience:           6                   Learning Rate:      0.0005              
  Des:                table2_ettm2_p96_no_patch_s2023Loss:               MSE                 
  Lradj:              type1               Use Amp:            0                   

[1mGPU[0m
  Use GPU:            1                   GPU:                0                   
  Use Multi GPU:      0                   Devices:            0,1,2,3             

[1mDe-stationary Projector Params[0m
  P Hidden Dims:      128, 128            P Hidden Layers:    2                   

Use GPU: cuda:0
🚀 Lazy Loading: GraphMambaRecent ...
[GraphMamba] Building 7x7 static graph from 2000 training samples
>>>>>>>start training : long_term_forecast_ETTm2_96_96_table2_ettm2_p96_no_patch_s2023_GraphMambaRecent_ETTm2_ftM_sl336_ll48_pl96_dm64_nh8_el1_dl1_df128_expand2_dc2_fc1_ebtimeF_dtTrue_table2_ettm2_p96_no_patch_s2023_0>>>>>>>>>>>>>>>>>>>>>>>>>>
train 34129
val 11425
	iters: 100, epoch: 1 | loss: 0.1978710
	speed: 0.0088s/iter; left time: 933.1003s
	iters: 200, epoch: 1 | loss: 0.4281235
	speed: 0.0067s/iter; left time: 713.3181s
	iters: 300, epoch: 1 | loss: 0.6852533
	speed: 0.0070s/iter; left time: 742.0668s
	iters: 400, epoch: 1 | loss: 0.2222303
	speed: 0.0066s/iter; left time: 705.3832s
	iters: 500, epoch: 1 | loss: 0.2680855
	speed: 0.0078s/iter; left time: 823.2731s
	iters: 600, epoch: 1 | loss: 0.2125221
	speed: 0.0078s/iter; left time: 830.5905s
	iters: 700, epoch: 1 | loss: 0.1430520
	speed: 0.0070s/iter; left time: 737.8904s
	iters: 800, epoch: 1 | loss: 0.3535297
	speed: 0.0070s/iter; left time: 744.8166s
	iters: 900, epoch: 1 | loss: 0.1344250
	speed: 0.0070s/iter; left time: 741.5020s
	iters: 1000, epoch: 1 | loss: 0.3021672
	speed: 0.0071s/iter; left time: 748.5654s
Epoch: 1 cost time: 7.720982313156128
Epoch: 1, Steps: 1067 | Train Loss: 0.2420123 Vali Loss: 0.1283104
Validation loss decreased (inf --> 0.128310).  Saving model ...
Updating learning rate to 0.0005
	iters: 100, epoch: 2 | loss: 0.1937737
	speed: 0.0219s/iter; left time: 2306.7663s
	iters: 200, epoch: 2 | loss: 0.1182044
	speed: 0.0066s/iter; left time: 700.6491s
	iters: 300, epoch: 2 | loss: 0.1470485
	speed: 0.0069s/iter; left time: 722.1554s
	iters: 400, epoch: 2 | loss: 0.2475106
	speed: 0.0069s/iter; left time: 724.9736s
	iters: 500, epoch: 2 | loss: 0.1291524
	speed: 0.0070s/iter; left time: 737.7573s
	iters: 600, epoch: 2 | loss: 0.1676084
	speed: 0.0069s/iter; left time: 720.5586s
	iters: 700, epoch: 2 | loss: 0.1558588
	speed: 0.0069s/iter; left time: 725.1505s
	iters: 800, epoch: 2 | loss: 0.1008263
	speed: 0.0069s/iter; left time: 720.4161s
	iters: 900, epoch: 2 | loss: 0.2412360
	speed: 0.0071s/iter; left time: 745.9277s
	iters: 1000, epoch: 2 | loss: 0.5373986
	speed: 0.0069s/iter; left time: 717.0524s
Epoch: 2 cost time: 7.3771538734436035
Epoch: 2, Steps: 1067 | Train Loss: 0.2204850 Vali Loss: 0.1327563
EarlyStopping counter: 1 out of 6
Updating learning rate to 0.00025
	iters: 100, epoch: 3 | loss: 0.1597652
	speed: 0.0230s/iter; left time: 2398.2871s
	iters: 200, epoch: 3 | loss: 0.1375160
	speed: 0.0069s/iter; left time: 716.8916s
	iters: 300, epoch: 3 | loss: 0.1672803
	speed: 0.0071s/iter; left time: 739.2410s
	iters: 400, epoch: 3 | loss: 0.1464282
	speed: 0.0069s/iter; left time: 715.7575s
	iters: 500, epoch: 3 | loss: 0.2460317
	speed: 0.0070s/iter; left time: 732.1622s
	iters: 600, epoch: 3 | loss: 0.1709253
	speed: 0.0068s/iter; left time: 707.6487s
	iters: 700, epoch: 3 | loss: 0.1617163
	speed: 0.0068s/iter; left time: 704.5092s
	iters: 800, epoch: 3 | loss: 0.1155399
	speed: 0.0067s/iter; left time: 700.3864s
	iters: 900, epoch: 3 | loss: 0.1735880
	speed: 0.0072s/iter; left time: 742.6505s
	iters: 1000, epoch: 3 | loss: 0.1113227
	speed: 0.0070s/iter; left time: 721.1526s
Epoch: 3 cost time: 7.408504962921143
Epoch: 3, Steps: 1067 | Train Loss: 0.2078823 Vali Loss: 0.1289382
EarlyStopping counter: 2 out of 6
Updating learning rate to 0.000125
	iters: 100, epoch: 4 | loss: 0.1226191
	speed: 0.0226s/iter; left time: 2336.0790s
	iters: 200, epoch: 4 | loss: 0.1607322
	speed: 0.0068s/iter; left time: 702.8351s
	iters: 300, epoch: 4 | loss: 0.1457967
	speed: 0.0075s/iter; left time: 775.9969s
	iters: 400, epoch: 4 | loss: 0.1460741
	speed: 0.0069s/iter; left time: 708.2390s
	iters: 500, epoch: 4 | loss: 0.2093788
	speed: 0.0069s/iter; left time: 705.8289s
	iters: 600, epoch: 4 | loss: 0.1367792
	speed: 0.0073s/iter; left time: 746.7055s
	iters: 700, epoch: 4 | loss: 0.1663906
	speed: 0.0069s/iter; left time: 706.0782s
	iters: 800, epoch: 4 | loss: 0.1616283
	speed: 0.0070s/iter; left time: 719.3185s
	iters: 900, epoch: 4 | loss: 0.1001547
	speed: 0.0071s/iter; left time: 727.4517s
	iters: 1000, epoch: 4 | loss: 0.2769601
	speed: 0.0070s/iter; left time: 717.7557s
Epoch: 4 cost time: 7.508948564529419
Epoch: 4, Steps: 1067 | Train Loss: 0.1995418 Vali Loss: 0.1382439
EarlyStopping counter: 3 out of 6
Updating learning rate to 6.25e-05
	iters: 100, epoch: 5 | loss: 0.1375766
	speed: 0.0224s/iter; left time: 2294.8030s
	iters: 200, epoch: 5 | loss: 0.1246505
	speed: 0.0073s/iter; left time: 743.2829s
	iters: 300, epoch: 5 | loss: 0.1929558
	speed: 0.0069s/iter; left time: 705.0387s
	iters: 400, epoch: 5 | loss: 0.1821348
	speed: 0.0067s/iter; left time: 686.9439s
	iters: 500, epoch: 5 | loss: 0.2314129
	speed: 0.0071s/iter; left time: 721.9660s
	iters: 600, epoch: 5 | loss: 0.1337849
	speed: 0.0072s/iter; left time: 729.1780s
	iters: 700, epoch: 5 | loss: 0.1493102
	speed: 0.0067s/iter; left time: 683.9862s
	iters: 800, epoch: 5 | loss: 0.1552454
	speed: 0.0068s/iter; left time: 688.8141s
	iters: 900, epoch: 5 | loss: 0.2370476
	speed: 0.0071s/iter; left time: 718.5476s
	iters: 1000, epoch: 5 | loss: 0.2134208
	speed: 0.0067s/iter; left time: 679.3673s
Epoch: 5 cost time: 7.3737099170684814
Epoch: 5, Steps: 1067 | Train Loss: 0.1947635 Vali Loss: 0.1362120
EarlyStopping counter: 4 out of 6
Updating learning rate to 3.125e-05
	iters: 100, epoch: 6 | loss: 0.1526135
	speed: 0.0216s/iter; left time: 2191.4153s
	iters: 200, epoch: 6 | loss: 0.2065017
	speed: 0.0068s/iter; left time: 691.8947s
	iters: 300, epoch: 6 | loss: 0.1089263
	speed: 0.0072s/iter; left time: 732.2631s
	iters: 400, epoch: 6 | loss: 0.1325300
	speed: 0.0069s/iter; left time: 691.9187s
	iters: 500, epoch: 6 | loss: 0.1185675
	speed: 0.0069s/iter; left time: 692.4810s
	iters: 600, epoch: 6 | loss: 0.4356754
	speed: 0.0071s/iter; left time: 713.9643s
	iters: 700, epoch: 6 | loss: 0.2686816
	speed: 0.0068s/iter; left time: 687.3650s
	iters: 800, epoch: 6 | loss: 0.2365907
	speed: 0.0068s/iter; left time: 682.9641s
	iters: 900, epoch: 6 | loss: 0.2985765
	speed: 0.0075s/iter; left time: 752.8277s
	iters: 1000, epoch: 6 | loss: 0.3636141
	speed: 0.0069s/iter; left time: 692.7071s
Epoch: 6 cost time: 7.437396287918091
Epoch: 6, Steps: 1067 | Train Loss: 0.1919002 Vali Loss: 0.1378677
EarlyStopping counter: 5 out of 6
Updating learning rate to 1.5625e-05
	iters: 100, epoch: 7 | loss: 0.2815132
	speed: 0.0223s/iter; left time: 2237.2359s
	iters: 200, epoch: 7 | loss: 0.1641804
	speed: 0.0071s/iter; left time: 710.8846s
	iters: 300, epoch: 7 | loss: 0.1988062
	speed: 0.0070s/iter; left time: 702.9225s
	iters: 400, epoch: 7 | loss: 0.1671537
	speed: 0.0070s/iter; left time: 703.6805s
	iters: 500, epoch: 7 | loss: 0.1757270
	speed: 0.0070s/iter; left time: 694.0560s
	iters: 600, epoch: 7 | loss: 0.2228378
	speed: 0.0070s/iter; left time: 700.1426s
	iters: 700, epoch: 7 | loss: 0.1386576
	speed: 0.0069s/iter; left time: 691.8815s
	iters: 800, epoch: 7 | loss: 0.2671061
	speed: 0.0070s/iter; left time: 698.1043s
	iters: 900, epoch: 7 | loss: 0.1450182
	speed: 0.0072s/iter; left time: 714.7396s
	iters: 1000, epoch: 7 | loss: 0.1860122
	speed: 0.0070s/iter; left time: 691.4052s
Epoch: 7 cost time: 7.488558292388916
Epoch: 7, Steps: 1067 | Train Loss: 0.1904153 Vali Loss: 0.1388953
EarlyStopping counter: 6 out of 6
Early stopping
VALIDATION_RESULT {"best_epoch": 1, "best_mae": 0.24537747867159312, "best_mse": 0.12831041951371788, "epochs_ran": 7, "metric_version": "element_weighted_v1"}
>>>>>>>test skipped (validation-only run)<<<<<<<<<<<<<<<<<<<<<<<<
