Using GPU
Args in experiment:
[1mBasic Config[0m
  Task Name:          long_term_forecast  Is Training:        1                   
  Model ID:           ETTm2_96_720_table2_ettm2_p720_no_graph_s2023Model:              GraphMambaRecent    

[1mData Loader[0m
  Data:               ETTm2               Root Path:          /home/cwh/Time-Series-Library/dataset/ETT-small
  Data Path:          ETTm2.csv           Features:           M                   
  Target:             OT                  Freq:               h                   
  Checkpoints:        /home/cwh/Time-Series-Library/logs/timerole_p0/recent_backbone/seed2023/checkpoints

[1mForecasting Task[0m
  Seq Len:            336                 Label Len:          48                  
  Pred Len:           720                 Seasonal Patterns:  Monthly             
  Inverse:            0                   

[1mModel Parameters[0m
  Top k:              5                   Num Kernels:        6                   
  Enc In:             7                   Dec In:             7                   
  C Out:              7                   d model:            64                  
  n heads:            8                   e layers:           1                   
  d layers:           1                   d FF:               128                 
  Moving Avg:         25                  Factor:             1                   
  Distil:             1                   Dropout:            0.1                 
  Embed:              timeF               Activation:         gelu                

[1mRun Parameters[0m
  Num Workers:        0                   Itr:                1                   
  Train Epochs:       100                 Batch Size:         32                  
  Patience:           6                   Learning Rate:      0.0005              
  Des:                table2_ettm2_p720_no_graph_s2023Loss:               MSE                 
  Lradj:              type1               Use Amp:            0                   

[1mGPU[0m
  Use GPU:            1                   GPU:                0                   
  Use Multi GPU:      0                   Devices:            0,1,2,3             

[1mDe-stationary Projector Params[0m
  P Hidden Dims:      128, 128            P Hidden Layers:    2                   

Use GPU: cuda:0
🚀 Lazy Loading: GraphMambaRecent ...
>>>>>>>start training : long_term_forecast_ETTm2_96_720_table2_ettm2_p720_no_graph_s2023_GraphMambaRecent_ETTm2_ftM_sl336_ll48_pl720_dm64_nh8_el1_dl1_df128_expand2_dc2_fc1_ebtimeF_dtTrue_table2_ettm2_p720_no_graph_s2023_0>>>>>>>>>>>>>>>>>>>>>>>>>>
train 33505
val 10801
	iters: 100, epoch: 1 | loss: 0.6774788
	speed: 0.0122s/iter; left time: 1274.6031s
	iters: 200, epoch: 1 | loss: 0.9586147
	speed: 0.0103s/iter; left time: 1072.9863s
	iters: 300, epoch: 1 | loss: 1.0329686
	speed: 0.0102s/iter; left time: 1065.0591s
	iters: 400, epoch: 1 | loss: 0.4629643
	speed: 0.0102s/iter; left time: 1066.2211s
	iters: 500, epoch: 1 | loss: 0.3445225
	speed: 0.0102s/iter; left time: 1066.4360s
	iters: 600, epoch: 1 | loss: 0.6825587
	speed: 0.0104s/iter; left time: 1088.0660s
	iters: 700, epoch: 1 | loss: 0.4205128
	speed: 0.0103s/iter; left time: 1070.3227s
	iters: 800, epoch: 1 | loss: 0.6042168
	speed: 0.0102s/iter; left time: 1062.7321s
	iters: 900, epoch: 1 | loss: 0.3972084
	speed: 0.0102s/iter; left time: 1057.3028s
	iters: 1000, epoch: 1 | loss: 0.4566080
	speed: 0.0104s/iter; left time: 1081.7753s
Epoch: 1 cost time: 10.960026264190674
Epoch: 1, Steps: 1048 | Train Loss: 0.6230428 Vali Loss: 0.2963768
Validation loss decreased (inf --> 0.296377).  Saving model ...
Updating learning rate to 0.0005
	iters: 100, epoch: 2 | loss: 0.4195884
	speed: 0.0303s/iter; left time: 3141.0620s
	iters: 200, epoch: 2 | loss: 0.4535908
	speed: 0.0104s/iter; left time: 1072.8135s
	iters: 300, epoch: 2 | loss: 0.7534646
	speed: 0.0103s/iter; left time: 1063.1536s
	iters: 400, epoch: 2 | loss: 0.7590504
	speed: 0.0106s/iter; left time: 1095.8739s
	iters: 500, epoch: 2 | loss: 0.6915168
	speed: 0.0102s/iter; left time: 1057.3788s
	iters: 600, epoch: 2 | loss: 0.7404844
	speed: 0.0101s/iter; left time: 1040.6139s
	iters: 700, epoch: 2 | loss: 0.6225712
	speed: 0.0103s/iter; left time: 1057.8855s
	iters: 800, epoch: 2 | loss: 0.4614905
	speed: 0.0103s/iter; left time: 1060.4716s
	iters: 900, epoch: 2 | loss: 0.4043147
	speed: 0.0105s/iter; left time: 1077.2919s
	iters: 1000, epoch: 2 | loss: 0.3843371
	speed: 0.0106s/iter; left time: 1094.1497s
Epoch: 2 cost time: 10.856734275817871
Epoch: 2, Steps: 1048 | Train Loss: 0.5738574 Vali Loss: 0.3010156
EarlyStopping counter: 1 out of 6
Updating learning rate to 0.00025
	iters: 100, epoch: 3 | loss: 0.6987810
	speed: 0.0309s/iter; left time: 3172.2472s
	iters: 200, epoch: 3 | loss: 0.6842462
	speed: 0.0105s/iter; left time: 1073.4641s
	iters: 300, epoch: 3 | loss: 0.2640199
	speed: 0.0105s/iter; left time: 1077.7531s
	iters: 400, epoch: 3 | loss: 0.3854361
	speed: 0.0104s/iter; left time: 1064.5591s
	iters: 500, epoch: 3 | loss: 0.2616470
	speed: 0.0104s/iter; left time: 1058.0163s
	iters: 600, epoch: 3 | loss: 0.5042700
	speed: 0.0106s/iter; left time: 1082.9259s
	iters: 700, epoch: 3 | loss: 0.3498798
	speed: 0.0102s/iter; left time: 1044.2337s
	iters: 800, epoch: 3 | loss: 0.4001701
	speed: 0.0102s/iter; left time: 1040.9281s
	iters: 900, epoch: 3 | loss: 0.7221696
	speed: 0.0103s/iter; left time: 1052.7134s
	iters: 1000, epoch: 3 | loss: 0.6649259
	speed: 0.0104s/iter; left time: 1062.7802s
Epoch: 3 cost time: 10.893397331237793
Epoch: 3, Steps: 1048 | Train Loss: 0.5472562 Vali Loss: 0.3034663
EarlyStopping counter: 2 out of 6
Updating learning rate to 0.000125
	iters: 100, epoch: 4 | loss: 0.5877103
	speed: 0.0310s/iter; left time: 3150.4693s
	iters: 200, epoch: 4 | loss: 0.5890274
	speed: 0.0104s/iter; left time: 1054.6470s
	iters: 300, epoch: 4 | loss: 0.4509650
	speed: 0.0106s/iter; left time: 1069.5675s
	iters: 400, epoch: 4 | loss: 1.1878854
	speed: 0.0103s/iter; left time: 1038.7097s
	iters: 500, epoch: 4 | loss: 0.2695220
	speed: 0.0104s/iter; left time: 1052.8325s
	iters: 600, epoch: 4 | loss: 0.5437798
	speed: 0.0103s/iter; left time: 1043.7350s
	iters: 700, epoch: 4 | loss: 0.7501906
	speed: 0.0103s/iter; left time: 1042.8774s
	iters: 800, epoch: 4 | loss: 0.8989172
	speed: 0.0107s/iter; left time: 1075.4230s
	iters: 900, epoch: 4 | loss: 0.5949067
	speed: 0.0106s/iter; left time: 1063.4537s
	iters: 1000, epoch: 4 | loss: 0.5776925
	speed: 0.0103s/iter; left time: 1039.9980s
Epoch: 4 cost time: 10.936677932739258
Epoch: 4, Steps: 1048 | Train Loss: 0.5316086 Vali Loss: 0.3101326
EarlyStopping counter: 3 out of 6
Updating learning rate to 6.25e-05
	iters: 100, epoch: 5 | loss: 0.4801692
	speed: 0.0309s/iter; left time: 3101.5733s
	iters: 200, epoch: 5 | loss: 0.3796108
	speed: 0.0102s/iter; left time: 1021.4053s
	iters: 300, epoch: 5 | loss: 0.5082673
	speed: 0.0107s/iter; left time: 1069.1488s
	iters: 400, epoch: 5 | loss: 0.4660634
	speed: 0.0104s/iter; left time: 1044.1673s
	iters: 500, epoch: 5 | loss: 0.3559975
	speed: 0.0106s/iter; left time: 1059.6813s
	iters: 600, epoch: 5 | loss: 0.4379180
	speed: 0.0104s/iter; left time: 1039.2810s
	iters: 700, epoch: 5 | loss: 0.5119548
	speed: 0.0106s/iter; left time: 1063.2255s
	iters: 800, epoch: 5 | loss: 0.4055428
	speed: 0.0103s/iter; left time: 1032.6503s
	iters: 900, epoch: 5 | loss: 0.5279061
	speed: 0.0105s/iter; left time: 1044.7053s
	iters: 1000, epoch: 5 | loss: 0.3961790
	speed: 0.0103s/iter; left time: 1029.2787s
Epoch: 5 cost time: 10.965134382247925
Epoch: 5, Steps: 1048 | Train Loss: 0.5229065 Vali Loss: 0.3103914
EarlyStopping counter: 4 out of 6
Updating learning rate to 3.125e-05
	iters: 100, epoch: 6 | loss: 0.2808486
	speed: 0.0312s/iter; left time: 3105.8539s
	iters: 200, epoch: 6 | loss: 0.2873408
	speed: 0.0104s/iter; left time: 1034.3960s
	iters: 300, epoch: 6 | loss: 0.4086466
	speed: 0.0105s/iter; left time: 1041.6287s
	iters: 400, epoch: 6 | loss: 0.2900952
	speed: 0.0104s/iter; left time: 1029.4691s
	iters: 500, epoch: 6 | loss: 0.6401101
	speed: 0.0106s/iter; left time: 1050.6358s
	iters: 600, epoch: 6 | loss: 0.6211480
	speed: 0.0103s/iter; left time: 1019.7838s
	iters: 700, epoch: 6 | loss: 0.3845037
	speed: 0.0106s/iter; left time: 1050.0912s
	iters: 800, epoch: 6 | loss: 0.3619889
	speed: 0.0104s/iter; left time: 1031.3151s
	iters: 900, epoch: 6 | loss: 0.8282250
	speed: 0.0104s/iter; left time: 1024.3382s
	iters: 1000, epoch: 6 | loss: 0.4389119
	speed: 0.0106s/iter; left time: 1044.8546s
Epoch: 6 cost time: 10.976886510848999
Epoch: 6, Steps: 1048 | Train Loss: 0.5180972 Vali Loss: 0.3106563
EarlyStopping counter: 5 out of 6
Updating learning rate to 1.5625e-05
	iters: 100, epoch: 7 | loss: 0.7089174
	speed: 0.0318s/iter; left time: 3125.8424s
	iters: 200, epoch: 7 | loss: 0.4659702
	speed: 0.0106s/iter; left time: 1045.4722s
	iters: 300, epoch: 7 | loss: 0.2866372
	speed: 0.0104s/iter; left time: 1024.9364s
	iters: 400, epoch: 7 | loss: 0.2771259
	speed: 0.0105s/iter; left time: 1025.4238s
	iters: 500, epoch: 7 | loss: 0.3679175
	speed: 0.0104s/iter; left time: 1021.7832s
	iters: 600, epoch: 7 | loss: 0.5186474
	speed: 0.0106s/iter; left time: 1040.5614s
	iters: 700, epoch: 7 | loss: 0.7760011
	speed: 0.0104s/iter; left time: 1017.8937s
	iters: 800, epoch: 7 | loss: 0.6223843
	speed: 0.0105s/iter; left time: 1023.4443s
	iters: 900, epoch: 7 | loss: 0.2780431
	speed: 0.0104s/iter; left time: 1019.3892s
	iters: 1000, epoch: 7 | loss: 0.4572072
	speed: 0.0106s/iter; left time: 1031.4391s
Epoch: 7 cost time: 11.004608392715454
Epoch: 7, Steps: 1048 | Train Loss: 0.5156627 Vali Loss: 0.3096748
EarlyStopping counter: 6 out of 6
Early stopping
VALIDATION_RESULT {"best_epoch": 1, "best_mae": 0.3746773137916527, "best_mse": 0.29637682540434557, "epochs_ran": 7, "metric_version": "element_weighted_v1"}
>>>>>>>test skipped (validation-only run)<<<<<<<<<<<<<<<<<<<<<<<<
