Using GPU
Args in experiment:
[1mBasic Config[0m
  Task Name:          long_term_forecast  Is Training:        1                   
  Model ID:           ETTm1_96_96_table2_ettm1_p96_no_patch_s2023Model:              GraphMambaRecent    

[1mData Loader[0m
  Data:               ETTm1               Root Path:          /home/cwh/Time-Series-Library/dataset/ETT-small
  Data Path:          ETTm1.csv           Features:           M                   
  Target:             OT                  Freq:               h                   
  Checkpoints:        /home/cwh/Time-Series-Library/logs/timerole_p0/recent_backbone/seed2023/checkpoints

[1mForecasting Task[0m
  Seq Len:            336                 Label Len:          48                  
  Pred Len:           96                  Seasonal Patterns:  Monthly             
  Inverse:            0                   

[1mModel Parameters[0m
  Top k:              5                   Num Kernels:        6                   
  Enc In:             7                   Dec In:             7                   
  C Out:              7                   d model:            64                  
  n heads:            8                   e layers:           1                   
  d layers:           1                   d FF:               128                 
  Moving Avg:         25                  Factor:             1                   
  Distil:             1                   Dropout:            0.1                 
  Embed:              timeF               Activation:         gelu                

[1mRun Parameters[0m
  Num Workers:        0                   Itr:                1                   
  Train Epochs:       100                 Batch Size:         32                  
  Patience:           6                   Learning Rate:      0.0005              
  Des:                table2_ettm1_p96_no_patch_s2023Loss:               MSE                 
  Lradj:              type1               Use Amp:            0                   

[1mGPU[0m
  Use GPU:            1                   GPU:                0                   
  Use Multi GPU:      0                   Devices:            0,1,2,3             

[1mDe-stationary Projector Params[0m
  P Hidden Dims:      128, 128            P Hidden Layers:    2                   

Use GPU: cuda:0
🚀 Lazy Loading: GraphMambaRecent ...
[GraphMamba] Building 7x7 static graph from 2000 training samples
>>>>>>>start training : long_term_forecast_ETTm1_96_96_table2_ettm1_p96_no_patch_s2023_GraphMambaRecent_ETTm1_ftM_sl336_ll48_pl96_dm64_nh8_el1_dl1_df128_expand2_dc2_fc1_ebtimeF_dtTrue_table2_ettm1_p96_no_patch_s2023_0>>>>>>>>>>>>>>>>>>>>>>>>>>
train 34129
val 11425
	iters: 100, epoch: 1 | loss: 0.2730857
	speed: 0.0089s/iter; left time: 950.2145s
	iters: 200, epoch: 1 | loss: 0.3690012
	speed: 0.0065s/iter; left time: 696.6296s
	iters: 300, epoch: 1 | loss: 0.2844486
	speed: 0.0071s/iter; left time: 754.0626s
	iters: 400, epoch: 1 | loss: 0.2234507
	speed: 0.0069s/iter; left time: 738.6652s
	iters: 500, epoch: 1 | loss: 0.3059992
	speed: 0.0069s/iter; left time: 729.4447s
	iters: 600, epoch: 1 | loss: 0.2173552
	speed: 0.0070s/iter; left time: 740.7276s
	iters: 700, epoch: 1 | loss: 0.3393673
	speed: 0.0072s/iter; left time: 760.5101s
	iters: 800, epoch: 1 | loss: 0.2897206
	speed: 0.0068s/iter; left time: 723.9344s
	iters: 900, epoch: 1 | loss: 0.3916799
	speed: 0.0070s/iter; left time: 745.6384s
	iters: 1000, epoch: 1 | loss: 0.2405209
	speed: 0.0071s/iter; left time: 747.2353s
Epoch: 1 cost time: 7.704106569290161
Epoch: 1, Steps: 1067 | Train Loss: 0.3103547 Vali Loss: 0.3837219
Validation loss decreased (inf --> 0.383722).  Saving model ...
Updating learning rate to 0.0005
	iters: 100, epoch: 2 | loss: 0.2342460
	speed: 0.0242s/iter; left time: 2550.3668s
	iters: 200, epoch: 2 | loss: 0.2394993
	speed: 0.0069s/iter; left time: 725.3937s
	iters: 300, epoch: 2 | loss: 0.2358841
	speed: 0.0070s/iter; left time: 737.1723s
	iters: 400, epoch: 2 | loss: 0.2683456
	speed: 0.0069s/iter; left time: 723.0382s
	iters: 500, epoch: 2 | loss: 0.2254399
	speed: 0.0073s/iter; left time: 765.2336s
	iters: 600, epoch: 2 | loss: 0.2634999
	speed: 0.0069s/iter; left time: 723.3556s
	iters: 700, epoch: 2 | loss: 0.2279338
	speed: 0.0067s/iter; left time: 706.1802s
	iters: 800, epoch: 2 | loss: 0.2737609
	speed: 0.0070s/iter; left time: 730.9125s
	iters: 900, epoch: 2 | loss: 0.2085252
	speed: 0.0068s/iter; left time: 709.8028s
	iters: 1000, epoch: 2 | loss: 0.2119873
	speed: 0.0067s/iter; left time: 703.1566s
Epoch: 2 cost time: 7.378345966339111
Epoch: 2, Steps: 1067 | Train Loss: 0.2655076 Vali Loss: 0.4059707
EarlyStopping counter: 1 out of 6
Updating learning rate to 0.00025
	iters: 100, epoch: 3 | loss: 0.2719067
	speed: 0.0225s/iter; left time: 2349.2358s
	iters: 200, epoch: 3 | loss: 0.2563688
	speed: 0.0067s/iter; left time: 704.4095s
	iters: 300, epoch: 3 | loss: 0.2538469
	speed: 0.0067s/iter; left time: 694.2575s
	iters: 400, epoch: 3 | loss: 0.2218185
	speed: 0.0068s/iter; left time: 704.0511s
	iters: 500, epoch: 3 | loss: 0.2319521
	speed: 0.0070s/iter; left time: 732.5642s
	iters: 600, epoch: 3 | loss: 0.3046629
	speed: 0.0067s/iter; left time: 691.8577s
	iters: 700, epoch: 3 | loss: 0.2416859
	speed: 0.0070s/iter; left time: 727.3424s
	iters: 800, epoch: 3 | loss: 0.3212135
	speed: 0.0068s/iter; left time: 706.5669s
	iters: 900, epoch: 3 | loss: 0.2507262
	speed: 0.0067s/iter; left time: 697.1276s
	iters: 1000, epoch: 3 | loss: 0.2197451
	speed: 0.0067s/iter; left time: 693.0429s
Epoch: 3 cost time: 7.261230707168579
Epoch: 3, Steps: 1067 | Train Loss: 0.2501217 Vali Loss: 0.4198709
EarlyStopping counter: 2 out of 6
Updating learning rate to 0.000125
	iters: 100, epoch: 4 | loss: 0.2468621
	speed: 0.0224s/iter; left time: 2318.9056s
	iters: 200, epoch: 4 | loss: 0.2393818
	speed: 0.0069s/iter; left time: 715.0869s
	iters: 300, epoch: 4 | loss: 0.2855050
	speed: 0.0068s/iter; left time: 696.6236s
	iters: 400, epoch: 4 | loss: 0.1681193
	speed: 0.0068s/iter; left time: 696.4741s
	iters: 500, epoch: 4 | loss: 0.2672244
	speed: 0.0073s/iter; left time: 747.8560s
	iters: 600, epoch: 4 | loss: 0.2608779
	speed: 0.0067s/iter; left time: 689.9627s
	iters: 700, epoch: 4 | loss: 0.1969493
	speed: 0.0067s/iter; left time: 688.1861s
	iters: 800, epoch: 4 | loss: 0.2434955
	speed: 0.0067s/iter; left time: 690.6018s
	iters: 900, epoch: 4 | loss: 0.2172524
	speed: 0.0069s/iter; left time: 704.4217s
	iters: 1000, epoch: 4 | loss: 0.2542317
	speed: 0.0069s/iter; left time: 707.4143s
Epoch: 4 cost time: 7.3184638023376465
Epoch: 4, Steps: 1067 | Train Loss: 0.2412596 Vali Loss: 0.4195767
EarlyStopping counter: 3 out of 6
Updating learning rate to 6.25e-05
	iters: 100, epoch: 5 | loss: 0.2135361
	speed: 0.0225s/iter; left time: 2302.5020s
	iters: 200, epoch: 5 | loss: 0.2343112
	speed: 0.0070s/iter; left time: 718.4575s
	iters: 300, epoch: 5 | loss: 0.2375757
	speed: 0.0069s/iter; left time: 708.7419s
	iters: 400, epoch: 5 | loss: 0.2185183
	speed: 0.0069s/iter; left time: 701.2049s
	iters: 500, epoch: 5 | loss: 0.2562079
	speed: 0.0069s/iter; left time: 707.2420s
	iters: 600, epoch: 5 | loss: 0.2733857
	speed: 0.0068s/iter; left time: 689.9535s
	iters: 700, epoch: 5 | loss: 0.2025355
	speed: 0.0069s/iter; left time: 702.3177s
	iters: 800, epoch: 5 | loss: 0.1788378
	speed: 0.0067s/iter; left time: 679.1471s
	iters: 900, epoch: 5 | loss: 0.1621880
	speed: 0.0066s/iter; left time: 671.0661s
	iters: 1000, epoch: 5 | loss: 0.2801749
	speed: 0.0066s/iter; left time: 671.9248s
Epoch: 5 cost time: 7.2905964851379395
Epoch: 5, Steps: 1067 | Train Loss: 0.2360460 Vali Loss: 0.4211202
EarlyStopping counter: 4 out of 6
Updating learning rate to 3.125e-05
	iters: 100, epoch: 6 | loss: 0.2009697
	speed: 0.0224s/iter; left time: 2267.9468s
	iters: 200, epoch: 6 | loss: 0.2073443
	speed: 0.0068s/iter; left time: 686.8948s
	iters: 300, epoch: 6 | loss: 0.1977623
	speed: 0.0068s/iter; left time: 690.4994s
	iters: 400, epoch: 6 | loss: 0.2242247
	speed: 0.0071s/iter; left time: 714.5400s
	iters: 500, epoch: 6 | loss: 0.2472182
	speed: 0.0069s/iter; left time: 699.0423s
	iters: 600, epoch: 6 | loss: 0.2233392
	speed: 0.0072s/iter; left time: 722.3253s
	iters: 700, epoch: 6 | loss: 0.3064627
	speed: 0.0069s/iter; left time: 693.7031s
	iters: 800, epoch: 6 | loss: 0.2199569
	speed: 0.0066s/iter; left time: 664.4806s
	iters: 900, epoch: 6 | loss: 0.2250125
	speed: 0.0068s/iter; left time: 684.2338s
	iters: 1000, epoch: 6 | loss: 0.2705316
	speed: 0.0069s/iter; left time: 692.1213s
Epoch: 6 cost time: 7.324764251708984
Epoch: 6, Steps: 1067 | Train Loss: 0.2330471 Vali Loss: 0.4350289
EarlyStopping counter: 5 out of 6
Updating learning rate to 1.5625e-05
	iters: 100, epoch: 7 | loss: 0.2075470
	speed: 0.0224s/iter; left time: 2248.7567s
	iters: 200, epoch: 7 | loss: 0.2244732
	speed: 0.0067s/iter; left time: 672.0442s
	iters: 300, epoch: 7 | loss: 0.2558013
	speed: 0.0068s/iter; left time: 684.4884s
	iters: 400, epoch: 7 | loss: 0.2389472
	speed: 0.0067s/iter; left time: 666.5307s
	iters: 500, epoch: 7 | loss: 0.2416584
	speed: 0.0070s/iter; left time: 696.9272s
	iters: 600, epoch: 7 | loss: 0.2508204
	speed: 0.0068s/iter; left time: 674.5102s
	iters: 700, epoch: 7 | loss: 0.2077772
	speed: 0.0068s/iter; left time: 681.1809s
	iters: 800, epoch: 7 | loss: 0.2719744
	speed: 0.0068s/iter; left time: 681.1627s
	iters: 900, epoch: 7 | loss: 0.2421412
	speed: 0.0068s/iter; left time: 672.0113s
	iters: 1000, epoch: 7 | loss: 0.1829423
	speed: 0.0069s/iter; left time: 685.2051s
Epoch: 7 cost time: 7.306440353393555
Epoch: 7, Steps: 1067 | Train Loss: 0.2314275 Vali Loss: 0.4276839
EarlyStopping counter: 6 out of 6
Early stopping
VALIDATION_RESULT {"best_epoch": 1, "best_mae": 0.40583084793305463, "best_mse": 0.3837218918879355, "epochs_ran": 7, "metric_version": "element_weighted_v1"}
>>>>>>>test skipped (validation-only run)<<<<<<<<<<<<<<<<<<<<<<<<
