Using GPU
Args in experiment:
[1mBasic Config[0m
  Task Name:          long_term_forecast  Is Training:        1                   
  Model ID:           ETTm2_96_720_table2_ettm2_p720_no_decomp_s2023Model:              GraphMambaRecent    

[1mData Loader[0m
  Data:               ETTm2               Root Path:          /home/cwh/Time-Series-Library/dataset/ETT-small
  Data Path:          ETTm2.csv           Features:           M                   
  Target:             OT                  Freq:               h                   
  Checkpoints:        /home/cwh/Time-Series-Library/logs/timerole_p0/recent_backbone/seed2023/checkpoints

[1mForecasting Task[0m
  Seq Len:            336                 Label Len:          48                  
  Pred Len:           720                 Seasonal Patterns:  Monthly             
  Inverse:            0                   

[1mModel Parameters[0m
  Top k:              5                   Num Kernels:        6                   
  Enc In:             7                   Dec In:             7                   
  C Out:              7                   d model:            64                  
  n heads:            8                   e layers:           1                   
  d layers:           1                   d FF:               128                 
  Moving Avg:         25                  Factor:             1                   
  Distil:             1                   Dropout:            0.1                 
  Embed:              timeF               Activation:         gelu                

[1mRun Parameters[0m
  Num Workers:        0                   Itr:                1                   
  Train Epochs:       100                 Batch Size:         32                  
  Patience:           6                   Learning Rate:      0.0005              
  Des:                table2_ettm2_p720_no_decomp_s2023Loss:               MSE                 
  Lradj:              type1               Use Amp:            0                   

[1mGPU[0m
  Use GPU:            1                   GPU:                0                   
  Use Multi GPU:      0                   Devices:            0,1,2,3             

[1mDe-stationary Projector Params[0m
  P Hidden Dims:      128, 128            P Hidden Layers:    2                   

Use GPU: cuda:0
🚀 Lazy Loading: GraphMambaRecent ...
[GraphMamba] Building 7x7 static graph from 2000 training samples
>>>>>>>start training : long_term_forecast_ETTm2_96_720_table2_ettm2_p720_no_decomp_s2023_GraphMambaRecent_ETTm2_ftM_sl336_ll48_pl720_dm64_nh8_el1_dl1_df128_expand2_dc2_fc1_ebtimeF_dtTrue_table2_ettm2_p720_no_decomp_s2023_0>>>>>>>>>>>>>>>>>>>>>>>>>>
train 33505
val 10801
	iters: 100, epoch: 1 | loss: 1.2347093
	speed: 0.0131s/iter; left time: 1374.6994s
	iters: 200, epoch: 1 | loss: 0.4326149
	speed: 0.0107s/iter; left time: 1119.4077s
	iters: 300, epoch: 1 | loss: 0.4499254
	speed: 0.0110s/iter; left time: 1145.9510s
	iters: 400, epoch: 1 | loss: 1.4297638
	speed: 0.0110s/iter; left time: 1149.7309s
	iters: 500, epoch: 1 | loss: 0.4241898
	speed: 0.0108s/iter; left time: 1125.7845s
	iters: 600, epoch: 1 | loss: 0.3882575
	speed: 0.0107s/iter; left time: 1118.6014s
	iters: 700, epoch: 1 | loss: 0.3111188
	speed: 0.0108s/iter; left time: 1122.7005s
	iters: 800, epoch: 1 | loss: 1.0255834
	speed: 0.0107s/iter; left time: 1113.0546s
	iters: 900, epoch: 1 | loss: 0.4003545
	speed: 0.0108s/iter; left time: 1119.8859s
	iters: 1000, epoch: 1 | loss: 0.3753356
	speed: 0.0105s/iter; left time: 1085.9933s
Epoch: 1 cost time: 11.524187803268433
Epoch: 1, Steps: 1048 | Train Loss: 0.5946379 Vali Loss: 0.3183772
Validation loss decreased (inf --> 0.318377).  Saving model ...
Updating learning rate to 0.0005
	iters: 100, epoch: 2 | loss: 0.3797874
	speed: 0.0317s/iter; left time: 3281.0951s
	iters: 200, epoch: 2 | loss: 0.7117006
	speed: 0.0129s/iter; left time: 1337.0703s
	iters: 300, epoch: 2 | loss: 0.4687337
	speed: 0.0107s/iter; left time: 1111.4492s
	iters: 400, epoch: 2 | loss: 0.5855498
	speed: 0.0110s/iter; left time: 1137.8663s
	iters: 500, epoch: 2 | loss: 0.7356122
	speed: 0.0108s/iter; left time: 1113.7309s
	iters: 600, epoch: 2 | loss: 0.3826519
	speed: 0.0106s/iter; left time: 1094.9852s
	iters: 700, epoch: 2 | loss: 0.3377013
	speed: 0.0108s/iter; left time: 1117.3703s
	iters: 800, epoch: 2 | loss: 0.3539284
	speed: 0.0110s/iter; left time: 1133.8810s
	iters: 900, epoch: 2 | loss: 0.2438438
	speed: 0.0111s/iter; left time: 1138.8288s
	iters: 1000, epoch: 2 | loss: 0.4866204
	speed: 0.0107s/iter; left time: 1099.8730s
Epoch: 2 cost time: 11.621825695037842
Epoch: 2, Steps: 1048 | Train Loss: 0.5663697 Vali Loss: 0.3074853
Validation loss decreased (0.318377 --> 0.307485).  Saving model ...
Updating learning rate to 0.00025
	iters: 100, epoch: 3 | loss: 0.3118935
	speed: 0.0323s/iter; left time: 3317.2422s
	iters: 200, epoch: 3 | loss: 0.4270054
	speed: 0.0109s/iter; left time: 1115.3380s
	iters: 300, epoch: 3 | loss: 0.4150015
	speed: 0.0105s/iter; left time: 1079.0122s
	iters: 400, epoch: 3 | loss: 0.6967750
	speed: 0.0108s/iter; left time: 1105.2708s
	iters: 500, epoch: 3 | loss: 0.4769625
	speed: 0.0109s/iter; left time: 1109.3454s
	iters: 600, epoch: 3 | loss: 0.3213159
	speed: 0.0107s/iter; left time: 1089.6962s
	iters: 700, epoch: 3 | loss: 0.7917397
	speed: 0.0109s/iter; left time: 1113.5500s
	iters: 800, epoch: 3 | loss: 0.4041588
	speed: 0.0109s/iter; left time: 1110.0574s
	iters: 900, epoch: 3 | loss: 0.2633310
	speed: 0.0110s/iter; left time: 1117.6148s
	iters: 1000, epoch: 3 | loss: 0.3530590
	speed: 0.0108s/iter; left time: 1102.8451s
Epoch: 3 cost time: 11.341212749481201
Epoch: 3, Steps: 1048 | Train Loss: 0.5428861 Vali Loss: 0.3019937
Validation loss decreased (0.307485 --> 0.301994).  Saving model ...
Updating learning rate to 0.000125
	iters: 100, epoch: 4 | loss: 0.4770404
	speed: 0.0318s/iter; left time: 3233.5182s
	iters: 200, epoch: 4 | loss: 1.3122971
	speed: 0.0109s/iter; left time: 1102.8341s
	iters: 300, epoch: 4 | loss: 0.2600610
	speed: 0.0108s/iter; left time: 1097.3860s
	iters: 400, epoch: 4 | loss: 0.4487050
	speed: 0.0109s/iter; left time: 1103.0412s
	iters: 500, epoch: 4 | loss: 0.4881225
	speed: 0.0107s/iter; left time: 1086.3781s
	iters: 600, epoch: 4 | loss: 0.4004712
	speed: 0.0110s/iter; left time: 1110.8412s
	iters: 700, epoch: 4 | loss: 0.2976754
	speed: 0.0110s/iter; left time: 1106.4165s
	iters: 800, epoch: 4 | loss: 0.3470252
	speed: 0.0110s/iter; left time: 1111.5115s
	iters: 900, epoch: 4 | loss: 0.3975799
	speed: 0.0110s/iter; left time: 1111.3038s
	iters: 1000, epoch: 4 | loss: 0.2850576
	speed: 0.0108s/iter; left time: 1090.5463s
Epoch: 4 cost time: 11.39977502822876
Epoch: 4, Steps: 1048 | Train Loss: 0.5288492 Vali Loss: 0.3043186
EarlyStopping counter: 1 out of 6
Updating learning rate to 6.25e-05
	iters: 100, epoch: 5 | loss: 0.4305007
	speed: 0.0314s/iter; left time: 3157.9127s
	iters: 200, epoch: 5 | loss: 0.8197674
	speed: 0.0107s/iter; left time: 1077.4328s
	iters: 300, epoch: 5 | loss: 0.6890174
	speed: 0.0108s/iter; left time: 1087.7548s
	iters: 400, epoch: 5 | loss: 0.4970076
	speed: 0.0107s/iter; left time: 1075.5995s
	iters: 500, epoch: 5 | loss: 0.4800073
	speed: 0.0109s/iter; left time: 1092.0048s
	iters: 600, epoch: 5 | loss: 0.3322259
	speed: 0.0107s/iter; left time: 1065.7361s
	iters: 700, epoch: 5 | loss: 0.5188296
	speed: 0.0109s/iter; left time: 1093.4802s
	iters: 800, epoch: 5 | loss: 0.3021365
	speed: 0.0108s/iter; left time: 1078.7369s
	iters: 900, epoch: 5 | loss: 0.4823925
	speed: 0.0109s/iter; left time: 1082.0222s
	iters: 1000, epoch: 5 | loss: 0.2703867
	speed: 0.0107s/iter; left time: 1063.6881s
Epoch: 5 cost time: 11.328020572662354
Epoch: 5, Steps: 1048 | Train Loss: 0.5201591 Vali Loss: 0.3049517
EarlyStopping counter: 2 out of 6
Updating learning rate to 3.125e-05
	iters: 100, epoch: 6 | loss: 0.4487778
	speed: 0.0318s/iter; left time: 3159.4983s
	iters: 200, epoch: 6 | loss: 0.3087014
	speed: 0.0108s/iter; left time: 1074.7530s
	iters: 300, epoch: 6 | loss: 0.6214567
	speed: 0.0108s/iter; left time: 1071.9610s
	iters: 400, epoch: 6 | loss: 0.7166724
	speed: 0.0110s/iter; left time: 1093.6777s
	iters: 500, epoch: 6 | loss: 1.1280143
	speed: 0.0109s/iter; left time: 1082.7974s
	iters: 600, epoch: 6 | loss: 0.7042347
	speed: 0.0108s/iter; left time: 1064.7675s
	iters: 700, epoch: 6 | loss: 0.2859986
	speed: 0.0112s/iter; left time: 1109.3449s
	iters: 800, epoch: 6 | loss: 0.3804035
	speed: 0.0108s/iter; left time: 1070.9178s
	iters: 900, epoch: 6 | loss: 0.3965633
	speed: 0.0108s/iter; left time: 1063.4899s
	iters: 1000, epoch: 6 | loss: 0.4464937
	speed: 0.0108s/iter; left time: 1060.5850s
Epoch: 6 cost time: 11.398102760314941
Epoch: 6, Steps: 1048 | Train Loss: 0.5156404 Vali Loss: 0.3065336
EarlyStopping counter: 3 out of 6
Updating learning rate to 1.5625e-05
	iters: 100, epoch: 7 | loss: 0.4472610
	speed: 0.0323s/iter; left time: 3174.1329s
	iters: 200, epoch: 7 | loss: 0.4572861
	speed: 0.0111s/iter; left time: 1090.4505s
	iters: 300, epoch: 7 | loss: 0.6347868
	speed: 0.0110s/iter; left time: 1083.8913s
	iters: 400, epoch: 7 | loss: 0.8598123
	speed: 0.0115s/iter; left time: 1129.7883s
	iters: 500, epoch: 7 | loss: 0.8479614
	speed: 0.0111s/iter; left time: 1089.8901s
	iters: 600, epoch: 7 | loss: 0.5312840
	speed: 0.0111s/iter; left time: 1082.2977s
	iters: 700, epoch: 7 | loss: 0.4389796
	speed: 0.0110s/iter; left time: 1077.8643s
	iters: 800, epoch: 7 | loss: 0.4185515
	speed: 0.0110s/iter; left time: 1070.5920s
	iters: 900, epoch: 7 | loss: 0.7285926
	speed: 0.0110s/iter; left time: 1075.9610s
	iters: 1000, epoch: 7 | loss: 0.2591932
	speed: 0.0110s/iter; left time: 1076.6120s
Epoch: 7 cost time: 11.638988018035889
Epoch: 7, Steps: 1048 | Train Loss: 0.5132603 Vali Loss: 0.3093495
EarlyStopping counter: 4 out of 6
Updating learning rate to 7.8125e-06
	iters: 100, epoch: 8 | loss: 0.4890169
	speed: 0.0319s/iter; left time: 3104.1754s
	iters: 200, epoch: 8 | loss: 0.5966125
	speed: 0.0112s/iter; left time: 1085.6791s
	iters: 300, epoch: 8 | loss: 0.2571506
	speed: 0.0111s/iter; left time: 1078.3301s
	iters: 400, epoch: 8 | loss: 0.4951335
	speed: 0.0115s/iter; left time: 1116.1562s
	iters: 500, epoch: 8 | loss: 0.6566450
	speed: 0.0112s/iter; left time: 1086.4215s
	iters: 600, epoch: 8 | loss: 1.5017921
	speed: 0.0114s/iter; left time: 1105.8174s
	iters: 700, epoch: 8 | loss: 0.3509502
	speed: 0.0111s/iter; left time: 1072.8170s
	iters: 800, epoch: 8 | loss: 0.5236905
	speed: 0.0112s/iter; left time: 1084.3690s
	iters: 900, epoch: 8 | loss: 0.4045781
	speed: 0.0108s/iter; left time: 1044.1086s
	iters: 1000, epoch: 8 | loss: 0.9214922
	speed: 0.0110s/iter; left time: 1060.4974s
Epoch: 8 cost time: 11.635682582855225
Epoch: 8, Steps: 1048 | Train Loss: 0.5126976 Vali Loss: 0.3095263
EarlyStopping counter: 5 out of 6
Updating learning rate to 3.90625e-06
	iters: 100, epoch: 9 | loss: 0.5067809
	speed: 0.0314s/iter; left time: 3024.7165s
	iters: 200, epoch: 9 | loss: 0.3551752
	speed: 0.0112s/iter; left time: 1079.5522s
	iters: 300, epoch: 9 | loss: 0.4679926
	speed: 0.0110s/iter; left time: 1058.6509s
	iters: 400, epoch: 9 | loss: 0.6454644
	speed: 0.0108s/iter; left time: 1033.2024s
	iters: 500, epoch: 9 | loss: 0.3179839
	speed: 0.0110s/iter; left time: 1058.2608s
	iters: 600, epoch: 9 | loss: 0.4629372
	speed: 0.0112s/iter; left time: 1073.9930s
	iters: 700, epoch: 9 | loss: 0.3417866
	speed: 0.0110s/iter; left time: 1050.5583s
	iters: 800, epoch: 9 | loss: 0.6291246
	speed: 0.0108s/iter; left time: 1033.8052s
	iters: 900, epoch: 9 | loss: 0.4361115
	speed: 0.0108s/iter; left time: 1028.3946s
	iters: 1000, epoch: 9 | loss: 0.3725069
	speed: 0.0111s/iter; left time: 1058.2678s
Epoch: 9 cost time: 11.481845617294312
Epoch: 9, Steps: 1048 | Train Loss: 0.5120228 Vali Loss: 0.3097248
EarlyStopping counter: 6 out of 6
Early stopping
VALIDATION_RESULT {"best_epoch": 3, "best_mae": 0.38224948046059265, "best_mse": 0.3019937124554807, "epochs_ran": 9, "metric_version": "element_weighted_v1"}
>>>>>>>test skipped (validation-only run)<<<<<<<<<<<<<<<<<<<<<<<<
