Using GPU
Args in experiment:
[1mBasic Config[0m
  Task Name:          long_term_forecast  Is Training:        1                   
  Model ID:           ETTm1_96_720_table2_ettm1_p720_no_graph_s2023Model:              GraphMambaRecent    

[1mData Loader[0m
  Data:               ETTm1               Root Path:          /home/cwh/Time-Series-Library/dataset/ETT-small
  Data Path:          ETTm1.csv           Features:           M                   
  Target:             OT                  Freq:               h                   
  Checkpoints:        /home/cwh/Time-Series-Library/logs/timerole_p0/recent_backbone/seed2023/checkpoints

[1mForecasting Task[0m
  Seq Len:            336                 Label Len:          48                  
  Pred Len:           720                 Seasonal Patterns:  Monthly             
  Inverse:            0                   

[1mModel Parameters[0m
  Top k:              5                   Num Kernels:        6                   
  Enc In:             7                   Dec In:             7                   
  C Out:              7                   d model:            64                  
  n heads:            8                   e layers:           1                   
  d layers:           1                   d FF:               128                 
  Moving Avg:         25                  Factor:             1                   
  Distil:             1                   Dropout:            0.1                 
  Embed:              timeF               Activation:         gelu                

[1mRun Parameters[0m
  Num Workers:        0                   Itr:                1                   
  Train Epochs:       100                 Batch Size:         32                  
  Patience:           6                   Learning Rate:      0.0005              
  Des:                table2_ettm1_p720_no_graph_s2023Loss:               MSE                 
  Lradj:              type1               Use Amp:            0                   

[1mGPU[0m
  Use GPU:            1                   GPU:                0                   
  Use Multi GPU:      0                   Devices:            0,1,2,3             

[1mDe-stationary Projector Params[0m
  P Hidden Dims:      128, 128            P Hidden Layers:    2                   

Use GPU: cuda:0
🚀 Lazy Loading: GraphMambaRecent ...
>>>>>>>start training : long_term_forecast_ETTm1_96_720_table2_ettm1_p720_no_graph_s2023_GraphMambaRecent_ETTm1_ftM_sl336_ll48_pl720_dm64_nh8_el1_dl1_df128_expand2_dc2_fc1_ebtimeF_dtTrue_table2_ettm1_p720_no_graph_s2023_0>>>>>>>>>>>>>>>>>>>>>>>>>>
train 33505
val 10801
	iters: 100, epoch: 1 | loss: 0.5173748
	speed: 0.0121s/iter; left time: 1271.3382s
	iters: 200, epoch: 1 | loss: 0.4462939
	speed: 0.0103s/iter; left time: 1073.1649s
	iters: 300, epoch: 1 | loss: 0.4891608
	speed: 0.0103s/iter; left time: 1074.2086s
	iters: 400, epoch: 1 | loss: 0.5561181
	speed: 0.0104s/iter; left time: 1082.0267s
	iters: 500, epoch: 1 | loss: 0.4399536
	speed: 0.0103s/iter; left time: 1075.0403s
	iters: 600, epoch: 1 | loss: 0.4799002
	speed: 0.0102s/iter; left time: 1067.1228s
	iters: 700, epoch: 1 | loss: 0.4821721
	speed: 0.0103s/iter; left time: 1075.6013s
	iters: 800, epoch: 1 | loss: 0.4060702
	speed: 0.0101s/iter; left time: 1053.5780s
	iters: 900, epoch: 1 | loss: 0.5094907
	speed: 0.0103s/iter; left time: 1075.3579s
	iters: 1000, epoch: 1 | loss: 0.4670980
	speed: 0.0102s/iter; left time: 1053.8599s
Epoch: 1 cost time: 10.965222835540771
Epoch: 1, Steps: 1048 | Train Loss: 0.5131408 Vali Loss: 1.0105604
Validation loss decreased (inf --> 1.010560).  Saving model ...
Updating learning rate to 0.0005
	iters: 100, epoch: 2 | loss: 0.5750605
	speed: 0.0311s/iter; left time: 3226.6113s
	iters: 200, epoch: 2 | loss: 0.4799798
	speed: 0.0103s/iter; left time: 1065.1123s
	iters: 300, epoch: 2 | loss: 0.5569783
	speed: 0.0103s/iter; left time: 1067.2720s
	iters: 400, epoch: 2 | loss: 0.4328245
	speed: 0.0103s/iter; left time: 1063.3218s
	iters: 500, epoch: 2 | loss: 0.4333369
	speed: 0.0103s/iter; left time: 1066.0040s
	iters: 600, epoch: 2 | loss: 0.4392554
	speed: 0.0101s/iter; left time: 1044.1935s
	iters: 700, epoch: 2 | loss: 0.4777223
	speed: 0.0101s/iter; left time: 1037.3611s
	iters: 800, epoch: 2 | loss: 0.3973012
	speed: 0.0101s/iter; left time: 1037.6029s
	iters: 900, epoch: 2 | loss: 0.4651484
	speed: 0.0102s/iter; left time: 1050.0655s
	iters: 1000, epoch: 2 | loss: 0.3546371
	speed: 0.0102s/iter; left time: 1047.2033s
Epoch: 2 cost time: 10.700862884521484
Epoch: 2, Steps: 1048 | Train Loss: 0.4603916 Vali Loss: 0.9756927
Validation loss decreased (1.010560 --> 0.975693).  Saving model ...
Updating learning rate to 0.00025
	iters: 100, epoch: 3 | loss: 0.4676234
	speed: 0.0302s/iter; left time: 3096.0368s
	iters: 200, epoch: 3 | loss: 0.4609152
	speed: 0.0102s/iter; left time: 1046.7121s
	iters: 300, epoch: 3 | loss: 0.4038377
	speed: 0.0103s/iter; left time: 1052.2272s
	iters: 400, epoch: 3 | loss: 0.4295243
	speed: 0.0103s/iter; left time: 1056.1472s
	iters: 500, epoch: 3 | loss: 0.3624642
	speed: 0.0103s/iter; left time: 1047.9522s
	iters: 600, epoch: 3 | loss: 0.3500087
	speed: 0.0103s/iter; left time: 1050.0794s
	iters: 700, epoch: 3 | loss: 0.4316244
	speed: 0.0103s/iter; left time: 1046.9485s
	iters: 800, epoch: 3 | loss: 0.4071684
	speed: 0.0103s/iter; left time: 1051.8567s
	iters: 900, epoch: 3 | loss: 0.3438860
	speed: 0.0104s/iter; left time: 1059.6477s
	iters: 1000, epoch: 3 | loss: 0.3812053
	speed: 0.0103s/iter; left time: 1044.3735s
Epoch: 3 cost time: 10.78150200843811
Epoch: 3, Steps: 1048 | Train Loss: 0.4436500 Vali Loss: 0.9718447
Validation loss decreased (0.975693 --> 0.971845).  Saving model ...
Updating learning rate to 0.000125
	iters: 100, epoch: 4 | loss: 0.3991752
	speed: 0.0307s/iter; left time: 3117.0822s
	iters: 200, epoch: 4 | loss: 0.4776290
	speed: 0.0104s/iter; left time: 1057.7821s
	iters: 300, epoch: 4 | loss: 0.4485671
	speed: 0.0103s/iter; left time: 1038.9238s
	iters: 400, epoch: 4 | loss: 0.4020239
	speed: 0.0102s/iter; left time: 1032.8231s
	iters: 500, epoch: 4 | loss: 0.4953822
	speed: 0.0102s/iter; left time: 1031.9647s
	iters: 600, epoch: 4 | loss: 0.4916295
	speed: 0.0103s/iter; left time: 1042.0889s
	iters: 700, epoch: 4 | loss: 0.4169071
	speed: 0.0100s/iter; left time: 1008.8821s
	iters: 800, epoch: 4 | loss: 0.3442077
	speed: 0.0102s/iter; left time: 1029.7354s
	iters: 900, epoch: 4 | loss: 0.3907935
	speed: 0.0103s/iter; left time: 1038.4723s
	iters: 1000, epoch: 4 | loss: 0.4568279
	speed: 0.0103s/iter; left time: 1032.4473s
Epoch: 4 cost time: 10.74736499786377
Epoch: 4, Steps: 1048 | Train Loss: 0.4370109 Vali Loss: 0.9668842
Validation loss decreased (0.971845 --> 0.966884).  Saving model ...
Updating learning rate to 6.25e-05
	iters: 100, epoch: 5 | loss: 0.4680638
	speed: 0.0305s/iter; left time: 3063.2832s
	iters: 200, epoch: 5 | loss: 0.4362421
	speed: 0.0103s/iter; left time: 1037.5041s
	iters: 300, epoch: 5 | loss: 0.4129142
	speed: 0.0104s/iter; left time: 1044.3794s
	iters: 400, epoch: 5 | loss: 0.5258804
	speed: 0.0101s/iter; left time: 1014.4912s
	iters: 500, epoch: 5 | loss: 0.4460755
	speed: 0.0100s/iter; left time: 1001.8721s
	iters: 600, epoch: 5 | loss: 0.4109481
	speed: 0.0103s/iter; left time: 1032.7217s
	iters: 700, epoch: 5 | loss: 0.3669375
	speed: 0.0101s/iter; left time: 1012.0584s
	iters: 800, epoch: 5 | loss: 0.4010881
	speed: 0.0102s/iter; left time: 1019.0112s
	iters: 900, epoch: 5 | loss: 0.4259669
	speed: 0.0102s/iter; left time: 1016.1662s
	iters: 1000, epoch: 5 | loss: 0.4110275
	speed: 0.0104s/iter; left time: 1035.5384s
Epoch: 5 cost time: 10.738627195358276
Epoch: 5, Steps: 1048 | Train Loss: 0.4326454 Vali Loss: 0.9661665
Validation loss decreased (0.966884 --> 0.966166).  Saving model ...
Updating learning rate to 3.125e-05
	iters: 100, epoch: 6 | loss: 0.5030966
	speed: 0.0300s/iter; left time: 2985.6161s
	iters: 200, epoch: 6 | loss: 0.4833693
	speed: 0.0102s/iter; left time: 1016.6331s
	iters: 300, epoch: 6 | loss: 0.3364181
	speed: 0.0102s/iter; left time: 1008.6492s
	iters: 400, epoch: 6 | loss: 0.4849253
	speed: 0.0102s/iter; left time: 1011.9625s
	iters: 500, epoch: 6 | loss: 0.3869758
	speed: 0.0103s/iter; left time: 1021.0200s
	iters: 600, epoch: 6 | loss: 0.4234390
	speed: 0.0103s/iter; left time: 1016.6989s
	iters: 700, epoch: 6 | loss: 0.3533320
	speed: 0.0104s/iter; left time: 1024.9257s
	iters: 800, epoch: 6 | loss: 0.4223705
	speed: 0.0102s/iter; left time: 1008.5035s
	iters: 900, epoch: 6 | loss: 0.3760362
	speed: 0.0101s/iter; left time: 1001.2945s
	iters: 1000, epoch: 6 | loss: 0.4226604
	speed: 0.0102s/iter; left time: 1000.8541s
Epoch: 6 cost time: 10.71934199333191
Epoch: 6, Steps: 1048 | Train Loss: 0.4295791 Vali Loss: 0.9680680
EarlyStopping counter: 1 out of 6
Updating learning rate to 1.5625e-05
	iters: 100, epoch: 7 | loss: 0.3768022
	speed: 0.0305s/iter; left time: 3005.1981s
	iters: 200, epoch: 7 | loss: 0.4366789
	speed: 0.0102s/iter; left time: 1000.8654s
	iters: 300, epoch: 7 | loss: 0.5405190
	speed: 0.0103s/iter; left time: 1015.0962s
	iters: 400, epoch: 7 | loss: 0.4109356
	speed: 0.0102s/iter; left time: 1004.7718s
	iters: 500, epoch: 7 | loss: 0.3971159
	speed: 0.0101s/iter; left time: 994.7760s
	iters: 600, epoch: 7 | loss: 0.4090453
	speed: 0.0104s/iter; left time: 1018.1332s
	iters: 700, epoch: 7 | loss: 0.4198206
	speed: 0.0104s/iter; left time: 1012.8254s
	iters: 800, epoch: 7 | loss: 0.5093054
	speed: 0.0103s/iter; left time: 1009.2290s
	iters: 900, epoch: 7 | loss: 0.4821414
	speed: 0.0103s/iter; left time: 1006.9629s
	iters: 1000, epoch: 7 | loss: 0.3686900
	speed: 0.0104s/iter; left time: 1013.7102s
Epoch: 7 cost time: 10.803147554397583
Epoch: 7, Steps: 1048 | Train Loss: 0.4281742 Vali Loss: 0.9682182
EarlyStopping counter: 2 out of 6
Updating learning rate to 7.8125e-06
	iters: 100, epoch: 8 | loss: 0.4293001
	speed: 0.0305s/iter; left time: 2965.3943s
	iters: 200, epoch: 8 | loss: 0.4978204
	speed: 0.0102s/iter; left time: 992.8573s
	iters: 300, epoch: 8 | loss: 0.4294428
	speed: 0.0103s/iter; left time: 1000.2843s
	iters: 400, epoch: 8 | loss: 0.5065095
	speed: 0.0102s/iter; left time: 992.9398s
	iters: 500, epoch: 8 | loss: 0.3746476
	speed: 0.0102s/iter; left time: 992.4575s
	iters: 600, epoch: 8 | loss: 0.4351480
	speed: 0.0104s/iter; left time: 1005.9946s
	iters: 700, epoch: 8 | loss: 0.3820182
	speed: 0.0104s/iter; left time: 1002.8903s
	iters: 800, epoch: 8 | loss: 0.4625275
	speed: 0.0103s/iter; left time: 991.7327s
	iters: 900, epoch: 8 | loss: 0.4276675
	speed: 0.0106s/iter; left time: 1020.9385s
	iters: 1000, epoch: 8 | loss: 0.4198314
	speed: 0.0103s/iter; left time: 993.1214s
Epoch: 8 cost time: 10.79263973236084
Epoch: 8, Steps: 1048 | Train Loss: 0.4275658 Vali Loss: 0.9678906
EarlyStopping counter: 3 out of 6
Updating learning rate to 3.90625e-06
	iters: 100, epoch: 9 | loss: 0.4329168
	speed: 0.0300s/iter; left time: 2891.5471s
	iters: 200, epoch: 9 | loss: 0.5070343
	speed: 0.0103s/iter; left time: 989.0613s
	iters: 300, epoch: 9 | loss: 0.4185318
	speed: 0.0102s/iter; left time: 980.8684s
	iters: 400, epoch: 9 | loss: 0.4078523
	speed: 0.0102s/iter; left time: 976.6760s
	iters: 500, epoch: 9 | loss: 0.4193944
	speed: 0.0102s/iter; left time: 976.2566s
	iters: 600, epoch: 9 | loss: 0.4299715
	speed: 0.0101s/iter; left time: 964.2782s
	iters: 700, epoch: 9 | loss: 0.4559260
	speed: 0.0103s/iter; left time: 983.6318s
	iters: 800, epoch: 9 | loss: 0.3816524
	speed: 0.0105s/iter; left time: 1001.1352s
	iters: 900, epoch: 9 | loss: 0.4026194
	speed: 0.0102s/iter; left time: 976.3787s
	iters: 1000, epoch: 9 | loss: 0.3602928
	speed: 0.0102s/iter; left time: 976.7900s
Epoch: 9 cost time: 10.724488973617554
Epoch: 9, Steps: 1048 | Train Loss: 0.4274601 Vali Loss: 0.9681604
EarlyStopping counter: 4 out of 6
Updating learning rate to 1.953125e-06
	iters: 100, epoch: 10 | loss: 0.4115007
	speed: 0.0303s/iter; left time: 2889.9406s
	iters: 200, epoch: 10 | loss: 0.4276477
	speed: 0.0103s/iter; left time: 975.7188s
	iters: 300, epoch: 10 | loss: 0.3904150
	speed: 0.0103s/iter; left time: 981.2275s
	iters: 400, epoch: 10 | loss: 0.3941877
	speed: 0.0104s/iter; left time: 991.9280s
	iters: 500, epoch: 10 | loss: 0.4535409
	speed: 0.0102s/iter; left time: 967.8565s
	iters: 600, epoch: 10 | loss: 0.4533364
	speed: 0.0104s/iter; left time: 980.9878s
	iters: 700, epoch: 10 | loss: 0.4109726
	speed: 0.0103s/iter; left time: 975.1035s
	iters: 800, epoch: 10 | loss: 0.4234997
	speed: 0.0105s/iter; left time: 990.2999s
	iters: 900, epoch: 10 | loss: 0.4427132
	speed: 0.0102s/iter; left time: 966.3460s
	iters: 1000, epoch: 10 | loss: 0.4033946
	speed: 0.0102s/iter; left time: 959.6510s
Epoch: 10 cost time: 10.785802602767944
Epoch: 10, Steps: 1048 | Train Loss: 0.4268644 Vali Loss: 0.9685490
EarlyStopping counter: 5 out of 6
Updating learning rate to 9.765625e-07
	iters: 100, epoch: 11 | loss: 0.4133116
	speed: 0.0303s/iter; left time: 2854.9295s
	iters: 200, epoch: 11 | loss: 0.4844558
	speed: 0.0105s/iter; left time: 984.7013s
	iters: 300, epoch: 11 | loss: 0.4024955
	speed: 0.0103s/iter; left time: 964.4049s
	iters: 400, epoch: 11 | loss: 0.3825851
	speed: 0.0103s/iter; left time: 970.0550s
	iters: 500, epoch: 11 | loss: 0.3990647
	speed: 0.0105s/iter; left time: 981.0386s
	iters: 600, epoch: 11 | loss: 0.4028035
	speed: 0.0102s/iter; left time: 960.2384s
	iters: 700, epoch: 11 | loss: 0.3968078
	speed: 0.0102s/iter; left time: 959.0109s
	iters: 800, epoch: 11 | loss: 0.4547019
	speed: 0.0104s/iter; left time: 971.0839s
	iters: 900, epoch: 11 | loss: 0.4148429
	speed: 0.0104s/iter; left time: 967.4848s
	iters: 1000, epoch: 11 | loss: 0.3685156
	speed: 0.0103s/iter; left time: 958.7163s
Epoch: 11 cost time: 10.799154043197632
Epoch: 11, Steps: 1048 | Train Loss: 0.4287118 Vali Loss: 0.9683081
EarlyStopping counter: 6 out of 6
Early stopping
VALIDATION_RESULT {"best_epoch": 5, "best_mae": 0.6580872045313724, "best_mse": 0.9661664737201453, "epochs_ran": 11, "metric_version": "element_weighted_v1"}
>>>>>>>test skipped (validation-only run)<<<<<<<<<<<<<<<<<<<<<<<<
