Using GPU
Args in experiment:
[1mBasic Config[0m
  Task Name:          long_term_forecast  Is Training:        1                   
  Model ID:           ETTm1_96_96_table2_ettm1_p96_no_graph_s2023Model:              GraphMambaRecent    

[1mData Loader[0m
  Data:               ETTm1               Root Path:          /home/cwh/Time-Series-Library/dataset/ETT-small
  Data Path:          ETTm1.csv           Features:           M                   
  Target:             OT                  Freq:               h                   
  Checkpoints:        /home/cwh/Time-Series-Library/logs/timerole_p0/recent_backbone/seed2023/checkpoints

[1mForecasting Task[0m
  Seq Len:            336                 Label Len:          48                  
  Pred Len:           96                  Seasonal Patterns:  Monthly             
  Inverse:            0                   

[1mModel Parameters[0m
  Top k:              5                   Num Kernels:        6                   
  Enc In:             7                   Dec In:             7                   
  C Out:              7                   d model:            64                  
  n heads:            8                   e layers:           1                   
  d layers:           1                   d FF:               128                 
  Moving Avg:         25                  Factor:             1                   
  Distil:             1                   Dropout:            0.1                 
  Embed:              timeF               Activation:         gelu                

[1mRun Parameters[0m
  Num Workers:        0                   Itr:                1                   
  Train Epochs:       100                 Batch Size:         32                  
  Patience:           6                   Learning Rate:      0.0005              
  Des:                table2_ettm1_p96_no_graph_s2023Loss:               MSE                 
  Lradj:              type1               Use Amp:            0                   

[1mGPU[0m
  Use GPU:            1                   GPU:                0                   
  Use Multi GPU:      0                   Devices:            0,1,2,3             

[1mDe-stationary Projector Params[0m
  P Hidden Dims:      128, 128            P Hidden Layers:    2                   

Use GPU: cuda:0
🚀 Lazy Loading: GraphMambaRecent ...
>>>>>>>start training : long_term_forecast_ETTm1_96_96_table2_ettm1_p96_no_graph_s2023_GraphMambaRecent_ETTm1_ftM_sl336_ll48_pl96_dm64_nh8_el1_dl1_df128_expand2_dc2_fc1_ebtimeF_dtTrue_table2_ettm1_p96_no_graph_s2023_0>>>>>>>>>>>>>>>>>>>>>>>>>>
train 34129
val 11425
	iters: 100, epoch: 1 | loss: 0.4457552
	speed: 0.0118s/iter; left time: 1254.9701s
	iters: 200, epoch: 1 | loss: 0.3797074
	speed: 0.0096s/iter; left time: 1027.3476s
	iters: 300, epoch: 1 | loss: 0.3912984
	speed: 0.0097s/iter; left time: 1027.3150s
	iters: 400, epoch: 1 | loss: 0.2966571
	speed: 0.0098s/iter; left time: 1038.2232s
	iters: 500, epoch: 1 | loss: 0.3249367
	speed: 0.0098s/iter; left time: 1035.6956s
	iters: 600, epoch: 1 | loss: 0.2757927
	speed: 0.0098s/iter; left time: 1037.3849s
	iters: 700, epoch: 1 | loss: 0.2717894
	speed: 0.0097s/iter; left time: 1030.0147s
	iters: 800, epoch: 1 | loss: 0.3091735
	speed: 0.0096s/iter; left time: 1013.9624s
	iters: 900, epoch: 1 | loss: 0.2792580
	speed: 0.0099s/iter; left time: 1043.4759s
	iters: 1000, epoch: 1 | loss: 0.3717292
	speed: 0.0098s/iter; left time: 1037.4550s
Epoch: 1 cost time: 10.618059396743774
Epoch: 1, Steps: 1067 | Train Loss: 0.3559341 Vali Loss: 0.4137144
Validation loss decreased (inf --> 0.413714).  Saving model ...
Updating learning rate to 0.0005
	iters: 100, epoch: 2 | loss: 0.2961178
	speed: 0.0318s/iter; left time: 3352.8540s
	iters: 200, epoch: 2 | loss: 0.3030968
	speed: 0.0098s/iter; left time: 1029.1450s
	iters: 300, epoch: 2 | loss: 0.3019679
	speed: 0.0098s/iter; left time: 1034.5852s
	iters: 400, epoch: 2 | loss: 0.3033617
	speed: 0.0097s/iter; left time: 1018.5900s
	iters: 500, epoch: 2 | loss: 0.2486621
	speed: 0.0099s/iter; left time: 1040.5907s
	iters: 600, epoch: 2 | loss: 0.2959617
	speed: 0.0096s/iter; left time: 1013.1969s
	iters: 700, epoch: 2 | loss: 0.2704930
	speed: 0.0097s/iter; left time: 1020.0234s
	iters: 800, epoch: 2 | loss: 0.2758738
	speed: 0.0097s/iter; left time: 1017.6971s
	iters: 900, epoch: 2 | loss: 0.3742093
	speed: 0.0096s/iter; left time: 1006.1721s
	iters: 1000, epoch: 2 | loss: 0.2772233
	speed: 0.0099s/iter; left time: 1031.9757s
Epoch: 2 cost time: 10.396751403808594
Epoch: 2, Steps: 1067 | Train Loss: 0.2804750 Vali Loss: 0.4037096
Validation loss decreased (0.413714 --> 0.403710).  Saving model ...
Updating learning rate to 0.00025
	iters: 100, epoch: 3 | loss: 0.2940693
	speed: 0.0314s/iter; left time: 3275.8960s
	iters: 200, epoch: 3 | loss: 0.2508195
	speed: 0.0097s/iter; left time: 1012.2151s
	iters: 300, epoch: 3 | loss: 0.2043274
	speed: 0.0096s/iter; left time: 1002.0379s
	iters: 400, epoch: 3 | loss: 0.2687506
	speed: 0.0098s/iter; left time: 1017.2762s
	iters: 500, epoch: 3 | loss: 0.2084720
	speed: 0.0096s/iter; left time: 1001.0423s
	iters: 600, epoch: 3 | loss: 0.2677947
	speed: 0.0097s/iter; left time: 1010.2808s
	iters: 700, epoch: 3 | loss: 0.2571783
	speed: 0.0097s/iter; left time: 1006.8482s
	iters: 800, epoch: 3 | loss: 0.2893724
	speed: 0.0098s/iter; left time: 1012.3862s
	iters: 900, epoch: 3 | loss: 0.2132279
	speed: 0.0096s/iter; left time: 997.0965s
	iters: 1000, epoch: 3 | loss: 0.3441750
	speed: 0.0096s/iter; left time: 997.5804s
Epoch: 3 cost time: 10.339734315872192
Epoch: 3, Steps: 1067 | Train Loss: 0.2662511 Vali Loss: 0.4060915
EarlyStopping counter: 1 out of 6
Updating learning rate to 0.000125
	iters: 100, epoch: 4 | loss: 0.2628576
	speed: 0.0311s/iter; left time: 3211.5704s
	iters: 200, epoch: 4 | loss: 0.2347660
	speed: 0.0098s/iter; left time: 1013.1900s
	iters: 300, epoch: 4 | loss: 0.2270019
	speed: 0.0101s/iter; left time: 1039.1078s
	iters: 400, epoch: 4 | loss: 0.3734059
	speed: 0.0098s/iter; left time: 1013.6102s
	iters: 500, epoch: 4 | loss: 0.2897031
	speed: 0.0098s/iter; left time: 1006.8100s
	iters: 600, epoch: 4 | loss: 0.2395587
	speed: 0.0098s/iter; left time: 1010.6734s
	iters: 700, epoch: 4 | loss: 0.2338468
	speed: 0.0099s/iter; left time: 1012.7287s
	iters: 800, epoch: 4 | loss: 0.2533889
	speed: 0.0100s/iter; left time: 1026.2204s
	iters: 900, epoch: 4 | loss: 0.3527694
	speed: 0.0098s/iter; left time: 1005.6300s
	iters: 1000, epoch: 4 | loss: 0.2574746
	speed: 0.0100s/iter; left time: 1023.4164s
Epoch: 4 cost time: 10.523087739944458
Epoch: 4, Steps: 1067 | Train Loss: 0.2599886 Vali Loss: 0.4078798
EarlyStopping counter: 2 out of 6
Updating learning rate to 6.25e-05
	iters: 100, epoch: 5 | loss: 0.2851309
	speed: 0.0317s/iter; left time: 3246.2511s
	iters: 200, epoch: 5 | loss: 0.2741621
	speed: 0.0099s/iter; left time: 1009.5506s
	iters: 300, epoch: 5 | loss: 0.2434881
	speed: 0.0098s/iter; left time: 1002.0934s
	iters: 400, epoch: 5 | loss: 0.2563006
	speed: 0.0101s/iter; left time: 1030.0202s
	iters: 500, epoch: 5 | loss: 0.2207364
	speed: 0.0098s/iter; left time: 1003.3775s
	iters: 600, epoch: 5 | loss: 0.2628789
	speed: 0.0097s/iter; left time: 984.6982s
	iters: 700, epoch: 5 | loss: 0.2853400
	speed: 0.0096s/iter; left time: 973.9574s
	iters: 800, epoch: 5 | loss: 0.2688186
	speed: 0.0097s/iter; left time: 990.4945s
	iters: 900, epoch: 5 | loss: 0.2102314
	speed: 0.0096s/iter; left time: 973.2460s
	iters: 1000, epoch: 5 | loss: 0.2749214
	speed: 0.0097s/iter; left time: 983.7669s
Epoch: 5 cost time: 10.419886589050293
Epoch: 5, Steps: 1067 | Train Loss: 0.2563172 Vali Loss: 0.4094761
EarlyStopping counter: 3 out of 6
Updating learning rate to 3.125e-05
	iters: 100, epoch: 6 | loss: 0.2886210
	speed: 0.0310s/iter; left time: 3140.9309s
	iters: 200, epoch: 6 | loss: 0.2496513
	speed: 0.0096s/iter; left time: 970.6288s
	iters: 300, epoch: 6 | loss: 0.2808339
	speed: 0.0095s/iter; left time: 958.6001s
	iters: 400, epoch: 6 | loss: 0.3089430
	speed: 0.0098s/iter; left time: 993.8152s
	iters: 500, epoch: 6 | loss: 0.2257669
	speed: 0.0097s/iter; left time: 974.8392s
	iters: 600, epoch: 6 | loss: 0.2890477
	speed: 0.0097s/iter; left time: 978.5793s
	iters: 700, epoch: 6 | loss: 0.2871978
	speed: 0.0097s/iter; left time: 976.7233s
	iters: 800, epoch: 6 | loss: 0.2305378
	speed: 0.0096s/iter; left time: 969.5639s
	iters: 900, epoch: 6 | loss: 0.2424568
	speed: 0.0096s/iter; left time: 967.8479s
	iters: 1000, epoch: 6 | loss: 0.2984550
	speed: 0.0097s/iter; left time: 971.4808s
Epoch: 6 cost time: 10.338841915130615
Epoch: 6, Steps: 1067 | Train Loss: 0.2541538 Vali Loss: 0.4088392
EarlyStopping counter: 4 out of 6
Updating learning rate to 1.5625e-05
	iters: 100, epoch: 7 | loss: 0.2335496
	speed: 0.0313s/iter; left time: 3140.7740s
	iters: 200, epoch: 7 | loss: 0.2672622
	speed: 0.0100s/iter; left time: 997.5350s
	iters: 300, epoch: 7 | loss: 0.2114068
	speed: 0.0098s/iter; left time: 976.4300s
	iters: 400, epoch: 7 | loss: 0.3502329
	speed: 0.0098s/iter; left time: 982.9080s
	iters: 500, epoch: 7 | loss: 0.2564889
	speed: 0.0099s/iter; left time: 991.8583s
	iters: 600, epoch: 7 | loss: 0.2374638
	speed: 0.0098s/iter; left time: 976.6649s
	iters: 700, epoch: 7 | loss: 0.2106958
	speed: 0.0097s/iter; left time: 968.9055s
	iters: 800, epoch: 7 | loss: 0.3303864
	speed: 0.0096s/iter; left time: 951.8249s
	iters: 900, epoch: 7 | loss: 0.2414102
	speed: 0.0094s/iter; left time: 930.3520s
	iters: 1000, epoch: 7 | loss: 0.2588859
	speed: 0.0099s/iter; left time: 979.0117s
Epoch: 7 cost time: 10.431917905807495
Epoch: 7, Steps: 1067 | Train Loss: 0.2529890 Vali Loss: 0.4105728
EarlyStopping counter: 5 out of 6
Updating learning rate to 7.8125e-06
	iters: 100, epoch: 8 | loss: 0.2028671
	speed: 0.0311s/iter; left time: 3085.3643s
	iters: 200, epoch: 8 | loss: 0.2515564
	speed: 0.0099s/iter; left time: 978.4578s
	iters: 300, epoch: 8 | loss: 0.2270118
	speed: 0.0097s/iter; left time: 959.7232s
	iters: 400, epoch: 8 | loss: 0.2738564
	speed: 0.0096s/iter; left time: 951.3950s
	iters: 500, epoch: 8 | loss: 0.2782609
	speed: 0.0098s/iter; left time: 970.1011s
	iters: 600, epoch: 8 | loss: 0.2832576
	speed: 0.0099s/iter; left time: 975.5606s
	iters: 700, epoch: 8 | loss: 0.2568695
	speed: 0.0097s/iter; left time: 960.5147s
	iters: 800, epoch: 8 | loss: 0.2433532
	speed: 0.0096s/iter; left time: 945.3657s
	iters: 900, epoch: 8 | loss: 0.2552908
	speed: 0.0097s/iter; left time: 954.0982s
	iters: 1000, epoch: 8 | loss: 0.2545321
	speed: 0.0097s/iter; left time: 955.3733s
Epoch: 8 cost time: 10.389421701431274
Epoch: 8, Steps: 1067 | Train Loss: 0.2523714 Vali Loss: 0.4075461
EarlyStopping counter: 6 out of 6
Early stopping
VALIDATION_RESULT {"best_epoch": 2, "best_mae": 0.41946394134216214, "best_mse": 0.4037096244086198, "epochs_ran": 8, "metric_version": "element_weighted_v1"}
>>>>>>>test skipped (validation-only run)<<<<<<<<<<<<<<<<<<<<<<<<
