Using GPU
Args in experiment:
[1mBasic Config[0m
  Task Name:          long_term_forecast  Is Training:        1                   
  Model ID:           ETTm1_96_96_table2_ettm1_p96_uni_mamba_s2023Model:              GraphMambaRecent    

[1mData Loader[0m
  Data:               ETTm1               Root Path:          /home/cwh/Time-Series-Library/dataset/ETT-small
  Data Path:          ETTm1.csv           Features:           M                   
  Target:             OT                  Freq:               h                   
  Checkpoints:        /home/cwh/Time-Series-Library/logs/timerole_p0/recent_backbone/seed2023/checkpoints

[1mForecasting Task[0m
  Seq Len:            336                 Label Len:          48                  
  Pred Len:           96                  Seasonal Patterns:  Monthly             
  Inverse:            0                   

[1mModel Parameters[0m
  Top k:              5                   Num Kernels:        6                   
  Enc In:             7                   Dec In:             7                   
  C Out:              7                   d model:            64                  
  n heads:            8                   e layers:           1                   
  d layers:           1                   d FF:               128                 
  Moving Avg:         25                  Factor:             1                   
  Distil:             1                   Dropout:            0.1                 
  Embed:              timeF               Activation:         gelu                

[1mRun Parameters[0m
  Num Workers:        0                   Itr:                1                   
  Train Epochs:       100                 Batch Size:         32                  
  Patience:           6                   Learning Rate:      0.0005              
  Des:                table2_ettm1_p96_uni_mamba_s2023Loss:               MSE                 
  Lradj:              type1               Use Amp:            0                   

[1mGPU[0m
  Use GPU:            1                   GPU:                0                   
  Use Multi GPU:      0                   Devices:            0,1,2,3             

[1mDe-stationary Projector Params[0m
  P Hidden Dims:      128, 128            P Hidden Layers:    2                   

Use GPU: cuda:0
🚀 Lazy Loading: GraphMambaRecent ...
[GraphMamba] Building 7x7 static graph from 2000 training samples
>>>>>>>start training : long_term_forecast_ETTm1_96_96_table2_ettm1_p96_uni_mamba_s2023_GraphMambaRecent_ETTm1_ftM_sl336_ll48_pl96_dm64_nh8_el1_dl1_df128_expand2_dc2_fc1_ebtimeF_dtTrue_table2_ettm1_p96_uni_mamba_s2023_0>>>>>>>>>>>>>>>>>>>>>>>>>>
train 34129
val 11425
	iters: 100, epoch: 1 | loss: 0.4067390
	speed: 0.0097s/iter; left time: 1029.8252s
	iters: 200, epoch: 1 | loss: 0.3066666
	speed: 0.0080s/iter; left time: 849.5023s
	iters: 300, epoch: 1 | loss: 0.3036677
	speed: 0.0079s/iter; left time: 842.7107s
	iters: 400, epoch: 1 | loss: 0.2992891
	speed: 0.0078s/iter; left time: 829.2905s
	iters: 500, epoch: 1 | loss: 0.3459229
	speed: 0.0079s/iter; left time: 838.8377s
	iters: 600, epoch: 1 | loss: 0.3252237
	speed: 0.0078s/iter; left time: 831.3347s
	iters: 700, epoch: 1 | loss: 0.3127934
	speed: 0.0078s/iter; left time: 830.8061s
	iters: 800, epoch: 1 | loss: 0.3220931
	speed: 0.0084s/iter; left time: 885.5767s
	iters: 900, epoch: 1 | loss: 0.2676666
	speed: 0.0077s/iter; left time: 811.6528s
	iters: 1000, epoch: 1 | loss: 0.2890632
	speed: 0.0079s/iter; left time: 837.7729s
Epoch: 1 cost time: 8.620747566223145
Epoch: 1, Steps: 1067 | Train Loss: 0.3392780 Vali Loss: 0.4065017
Validation loss decreased (inf --> 0.406502).  Saving model ...
Updating learning rate to 0.0005
	iters: 100, epoch: 2 | loss: 0.2797128
	speed: 0.0262s/iter; left time: 2762.0375s
	iters: 200, epoch: 2 | loss: 0.2744999
	speed: 0.0079s/iter; left time: 831.5008s
	iters: 300, epoch: 2 | loss: 0.2303316
	speed: 0.0079s/iter; left time: 832.5203s
	iters: 400, epoch: 2 | loss: 0.3253751
	speed: 0.0078s/iter; left time: 823.5562s
	iters: 500, epoch: 2 | loss: 0.3351681
	speed: 0.0076s/iter; left time: 801.5769s
	iters: 600, epoch: 2 | loss: 0.2865677
	speed: 0.0079s/iter; left time: 828.9402s
	iters: 700, epoch: 2 | loss: 0.2574953
	speed: 0.0076s/iter; left time: 799.7298s
	iters: 800, epoch: 2 | loss: 0.2836440
	speed: 0.0079s/iter; left time: 827.3632s
	iters: 900, epoch: 2 | loss: 0.3228884
	speed: 0.0078s/iter; left time: 813.0795s
	iters: 1000, epoch: 2 | loss: 0.2245209
	speed: 0.0077s/iter; left time: 801.8091s
Epoch: 2 cost time: 8.3556649684906
Epoch: 2, Steps: 1067 | Train Loss: 0.2801022 Vali Loss: 0.4019438
Validation loss decreased (0.406502 --> 0.401944).  Saving model ...
Updating learning rate to 0.00025
	iters: 100, epoch: 3 | loss: 0.2511472
	speed: 0.0254s/iter; left time: 2649.3551s
	iters: 200, epoch: 3 | loss: 0.4097162
	speed: 0.0076s/iter; left time: 793.0484s
	iters: 300, epoch: 3 | loss: 0.2531049
	speed: 0.0077s/iter; left time: 804.2751s
	iters: 400, epoch: 3 | loss: 0.1990554
	speed: 0.0078s/iter; left time: 816.4278s
	iters: 500, epoch: 3 | loss: 0.2350595
	speed: 0.0080s/iter; left time: 836.4070s
	iters: 600, epoch: 3 | loss: 0.2765430
	speed: 0.0092s/iter; left time: 955.0806s
	iters: 700, epoch: 3 | loss: 0.2442607
	speed: 0.0088s/iter; left time: 914.3826s
	iters: 800, epoch: 3 | loss: 0.2674961
	speed: 0.0078s/iter; left time: 810.2121s
	iters: 900, epoch: 3 | loss: 0.2083651
	speed: 0.0078s/iter; left time: 810.5423s
	iters: 1000, epoch: 3 | loss: 0.2229300
	speed: 0.0078s/iter; left time: 812.2059s
Epoch: 3 cost time: 8.57668662071228
Epoch: 3, Steps: 1067 | Train Loss: 0.2674763 Vali Loss: 0.4137928
EarlyStopping counter: 1 out of 6
Updating learning rate to 0.000125
	iters: 100, epoch: 4 | loss: 0.2617969
	speed: 0.0259s/iter; left time: 2682.6263s
	iters: 200, epoch: 4 | loss: 0.3157486
	speed: 0.0078s/iter; left time: 810.0919s
	iters: 300, epoch: 4 | loss: 0.2933617
	speed: 0.0079s/iter; left time: 813.1898s
	iters: 400, epoch: 4 | loss: 0.1596088
	speed: 0.0079s/iter; left time: 810.0924s
	iters: 500, epoch: 4 | loss: 0.2843067
	speed: 0.0077s/iter; left time: 795.1024s
	iters: 600, epoch: 4 | loss: 0.2301732
	speed: 0.0078s/iter; left time: 802.3138s
	iters: 700, epoch: 4 | loss: 0.2837738
	speed: 0.0079s/iter; left time: 815.2684s
	iters: 800, epoch: 4 | loss: 0.2302016
	speed: 0.0083s/iter; left time: 848.1898s
	iters: 900, epoch: 4 | loss: 0.2866889
	speed: 0.0080s/iter; left time: 818.4440s
	iters: 1000, epoch: 4 | loss: 0.2653899
	speed: 0.0081s/iter; left time: 827.6854s
Epoch: 4 cost time: 8.447507381439209
Epoch: 4, Steps: 1067 | Train Loss: 0.2608503 Vali Loss: 0.4096766
EarlyStopping counter: 2 out of 6
Updating learning rate to 6.25e-05
	iters: 100, epoch: 5 | loss: 0.2060299
	speed: 0.0250s/iter; left time: 2560.8873s
	iters: 200, epoch: 5 | loss: 0.1902374
	speed: 0.0079s/iter; left time: 807.0050s
	iters: 300, epoch: 5 | loss: 0.2774075
	speed: 0.0077s/iter; left time: 782.0425s
	iters: 400, epoch: 5 | loss: 0.2875867
	speed: 0.0075s/iter; left time: 761.7457s
	iters: 500, epoch: 5 | loss: 0.2408129
	speed: 0.0080s/iter; left time: 818.9259s
	iters: 600, epoch: 5 | loss: 0.2601723
	speed: 0.0078s/iter; left time: 790.5492s
	iters: 700, epoch: 5 | loss: 0.2601284
	speed: 0.0081s/iter; left time: 828.6396s
	iters: 800, epoch: 5 | loss: 0.2598340
	speed: 0.0078s/iter; left time: 790.5590s
	iters: 900, epoch: 5 | loss: 0.2752304
	speed: 0.0077s/iter; left time: 781.8934s
	iters: 1000, epoch: 5 | loss: 0.2780601
	speed: 0.0076s/iter; left time: 775.3398s
Epoch: 5 cost time: 8.286577463150024
Epoch: 5, Steps: 1067 | Train Loss: 0.2572205 Vali Loss: 0.4078890
EarlyStopping counter: 3 out of 6
Updating learning rate to 3.125e-05
	iters: 100, epoch: 6 | loss: 0.2351524
	speed: 0.0246s/iter; left time: 2488.7693s
	iters: 200, epoch: 6 | loss: 0.2225227
	speed: 0.0076s/iter; left time: 766.7499s
	iters: 300, epoch: 6 | loss: 0.2069981
	speed: 0.0077s/iter; left time: 775.4432s
	iters: 400, epoch: 6 | loss: 0.2880425
	speed: 0.0076s/iter; left time: 767.4836s
	iters: 500, epoch: 6 | loss: 0.2409802
	speed: 0.0076s/iter; left time: 769.9532s
	iters: 600, epoch: 6 | loss: 0.2850768
	speed: 0.0074s/iter; left time: 749.7422s
	iters: 700, epoch: 6 | loss: 0.2877745
	speed: 0.0078s/iter; left time: 782.2571s
	iters: 800, epoch: 6 | loss: 0.2414500
	speed: 0.0075s/iter; left time: 750.9499s
	iters: 900, epoch: 6 | loss: 0.2448711
	speed: 0.0076s/iter; left time: 761.8788s
	iters: 1000, epoch: 6 | loss: 0.1969634
	speed: 0.0077s/iter; left time: 777.2980s
Epoch: 6 cost time: 8.144923686981201
Epoch: 6, Steps: 1067 | Train Loss: 0.2555661 Vali Loss: 0.4075610
EarlyStopping counter: 4 out of 6
Updating learning rate to 1.5625e-05
	iters: 100, epoch: 7 | loss: 0.2617753
	speed: 0.0260s/iter; left time: 2608.3605s
	iters: 200, epoch: 7 | loss: 0.2419612
	speed: 0.0076s/iter; left time: 765.0317s
	iters: 300, epoch: 7 | loss: 0.1976365
	speed: 0.0078s/iter; left time: 775.9699s
	iters: 400, epoch: 7 | loss: 0.2425125
	speed: 0.0076s/iter; left time: 757.6111s
	iters: 500, epoch: 7 | loss: 0.2814129
	speed: 0.0075s/iter; left time: 750.5699s
	iters: 600, epoch: 7 | loss: 0.3598739
	speed: 0.0074s/iter; left time: 736.8610s
	iters: 700, epoch: 7 | loss: 0.2961164
	speed: 0.0076s/iter; left time: 753.7355s
	iters: 800, epoch: 7 | loss: 0.3083669
	speed: 0.0075s/iter; left time: 744.3136s
	iters: 900, epoch: 7 | loss: 0.2265748
	speed: 0.0075s/iter; left time: 742.4669s
	iters: 1000, epoch: 7 | loss: 0.2531732
	speed: 0.0078s/iter; left time: 778.8057s
Epoch: 7 cost time: 8.094745874404907
Epoch: 7, Steps: 1067 | Train Loss: 0.2543538 Vali Loss: 0.4092551
EarlyStopping counter: 5 out of 6
Updating learning rate to 7.8125e-06
	iters: 100, epoch: 8 | loss: 0.2327496
	speed: 0.0247s/iter; left time: 2451.3633s
	iters: 200, epoch: 8 | loss: 0.3278923
	speed: 0.0077s/iter; left time: 758.3405s
	iters: 300, epoch: 8 | loss: 0.2675946
	speed: 0.0093s/iter; left time: 922.2360s
	iters: 400, epoch: 8 | loss: 0.2605948
	speed: 0.0090s/iter; left time: 892.4797s
	iters: 500, epoch: 8 | loss: 0.2513713
	speed: 0.0081s/iter; left time: 802.6876s
	iters: 600, epoch: 8 | loss: 0.2869128
	speed: 0.0083s/iter; left time: 822.3897s
	iters: 700, epoch: 8 | loss: 0.2366397
	speed: 0.0083s/iter; left time: 818.0857s
	iters: 800, epoch: 8 | loss: 0.2700937
	speed: 0.0079s/iter; left time: 779.5104s
	iters: 900, epoch: 8 | loss: 0.2319187
	speed: 0.0080s/iter; left time: 786.6187s
	iters: 1000, epoch: 8 | loss: 0.3207486
	speed: 0.0077s/iter; left time: 753.3926s
Epoch: 8 cost time: 8.717304229736328
Epoch: 8, Steps: 1067 | Train Loss: 0.2537290 Vali Loss: 0.4078778
EarlyStopping counter: 6 out of 6
Early stopping
VALIDATION_RESULT {"best_epoch": 2, "best_mae": 0.416710612919227, "best_mse": 0.4019438149067739, "epochs_ran": 8, "metric_version": "element_weighted_v1"}
>>>>>>>test skipped (validation-only run)<<<<<<<<<<<<<<<<<<<<<<<<
