Using GPU
Args in experiment:
[1mBasic Config[0m
  Task Name:          long_term_forecast  Is Training:        1                   
  Model ID:           ETTm1_96_720_table2_ettm1_p720_uni_mamba_s2023Model:              GraphMambaRecent    

[1mData Loader[0m
  Data:               ETTm1               Root Path:          /home/cwh/Time-Series-Library/dataset/ETT-small
  Data Path:          ETTm1.csv           Features:           M                   
  Target:             OT                  Freq:               h                   
  Checkpoints:        /home/cwh/Time-Series-Library/logs/timerole_p0/recent_backbone/seed2023/checkpoints

[1mForecasting Task[0m
  Seq Len:            336                 Label Len:          48                  
  Pred Len:           720                 Seasonal Patterns:  Monthly             
  Inverse:            0                   

[1mModel Parameters[0m
  Top k:              5                   Num Kernels:        6                   
  Enc In:             7                   Dec In:             7                   
  C Out:              7                   d model:            64                  
  n heads:            8                   e layers:           1                   
  d layers:           1                   d FF:               128                 
  Moving Avg:         25                  Factor:             1                   
  Distil:             1                   Dropout:            0.1                 
  Embed:              timeF               Activation:         gelu                

[1mRun Parameters[0m
  Num Workers:        0                   Itr:                1                   
  Train Epochs:       100                 Batch Size:         32                  
  Patience:           6                   Learning Rate:      0.0005              
  Des:                table2_ettm1_p720_uni_mamba_s2023Loss:               MSE                 
  Lradj:              type1               Use Amp:            0                   

[1mGPU[0m
  Use GPU:            1                   GPU:                0                   
  Use Multi GPU:      0                   Devices:            0,1,2,3             

[1mDe-stationary Projector Params[0m
  P Hidden Dims:      128, 128            P Hidden Layers:    2                   

Use GPU: cuda:0
🚀 Lazy Loading: GraphMambaRecent ...
[GraphMamba] Building 7x7 static graph from 2000 training samples
>>>>>>>start training : long_term_forecast_ETTm1_96_720_table2_ettm1_p720_uni_mamba_s2023_GraphMambaRecent_ETTm1_ftM_sl336_ll48_pl720_dm64_nh8_el1_dl1_df128_expand2_dc2_fc1_ebtimeF_dtTrue_table2_ettm1_p720_uni_mamba_s2023_0>>>>>>>>>>>>>>>>>>>>>>>>>>
train 33505
val 10801
	iters: 100, epoch: 1 | loss: 0.5447847
	speed: 0.0099s/iter; left time: 1040.5909s
	iters: 200, epoch: 1 | loss: 0.5774777
	speed: 0.0082s/iter; left time: 854.7430s
	iters: 300, epoch: 1 | loss: 0.5291981
	speed: 0.0081s/iter; left time: 847.8099s
	iters: 400, epoch: 1 | loss: 0.4433612
	speed: 0.0085s/iter; left time: 886.3956s
	iters: 500, epoch: 1 | loss: 0.4774812
	speed: 0.0083s/iter; left time: 865.7368s
	iters: 600, epoch: 1 | loss: 0.4808909
	speed: 0.0082s/iter; left time: 850.4384s
	iters: 700, epoch: 1 | loss: 0.5086406
	speed: 0.0080s/iter; left time: 834.1221s
	iters: 800, epoch: 1 | loss: 0.4599826
	speed: 0.0081s/iter; left time: 838.6845s
	iters: 900, epoch: 1 | loss: 0.4406116
	speed: 0.0081s/iter; left time: 843.4621s
	iters: 1000, epoch: 1 | loss: 0.5058413
	speed: 0.0080s/iter; left time: 828.1527s
Epoch: 1 cost time: 8.724515438079834
Epoch: 1, Steps: 1048 | Train Loss: 0.5011096 Vali Loss: 0.9878945
Validation loss decreased (inf --> 0.987895).  Saving model ...
Updating learning rate to 0.0005
	iters: 100, epoch: 2 | loss: 0.3775066
	speed: 0.0250s/iter; left time: 2588.3644s
	iters: 200, epoch: 2 | loss: 0.3820426
	speed: 0.0083s/iter; left time: 860.8304s
	iters: 300, epoch: 2 | loss: 0.5157140
	speed: 0.0082s/iter; left time: 850.4150s
	iters: 400, epoch: 2 | loss: 0.4850729
	speed: 0.0084s/iter; left time: 865.6258s
	iters: 500, epoch: 2 | loss: 0.5404183
	speed: 0.0085s/iter; left time: 877.0849s
	iters: 600, epoch: 2 | loss: 0.5112357
	speed: 0.0083s/iter; left time: 853.1827s
	iters: 700, epoch: 2 | loss: 0.3682144
	speed: 0.0092s/iter; left time: 949.1334s
	iters: 800, epoch: 2 | loss: 0.4513591
	speed: 0.0094s/iter; left time: 972.1588s
	iters: 900, epoch: 2 | loss: 0.5075869
	speed: 0.0080s/iter; left time: 818.6268s
	iters: 1000, epoch: 2 | loss: 0.4087603
	speed: 0.0078s/iter; left time: 806.4259s
Epoch: 2 cost time: 8.799372911453247
Epoch: 2, Steps: 1048 | Train Loss: 0.4600165 Vali Loss: 0.9786886
Validation loss decreased (0.987895 --> 0.978689).  Saving model ...
Updating learning rate to 0.00025
	iters: 100, epoch: 3 | loss: 0.4958476
	speed: 0.0249s/iter; left time: 2552.9288s
	iters: 200, epoch: 3 | loss: 0.3719886
	speed: 0.0080s/iter; left time: 815.0351s
	iters: 300, epoch: 3 | loss: 0.4149589
	speed: 0.0079s/iter; left time: 807.4432s
	iters: 400, epoch: 3 | loss: 0.4639287
	speed: 0.0079s/iter; left time: 808.6700s
	iters: 500, epoch: 3 | loss: 0.4270700
	speed: 0.0078s/iter; left time: 801.4877s
	iters: 600, epoch: 3 | loss: 0.3842121
	speed: 0.0082s/iter; left time: 838.0054s
	iters: 700, epoch: 3 | loss: 0.4861544
	speed: 0.0082s/iter; left time: 836.6107s
	iters: 800, epoch: 3 | loss: 0.4551625
	speed: 0.0078s/iter; left time: 795.8830s
	iters: 900, epoch: 3 | loss: 0.4381696
	speed: 0.0081s/iter; left time: 829.6858s
	iters: 1000, epoch: 3 | loss: 0.4756900
	speed: 0.0081s/iter; left time: 819.6278s
Epoch: 3 cost time: 8.404378652572632
Epoch: 3, Steps: 1048 | Train Loss: 0.4431819 Vali Loss: 0.9730794
Validation loss decreased (0.978689 --> 0.973079).  Saving model ...
Updating learning rate to 0.000125
	iters: 100, epoch: 4 | loss: 0.4027366
	speed: 0.0244s/iter; left time: 2477.5090s
	iters: 200, epoch: 4 | loss: 0.4474148
	speed: 0.0081s/iter; left time: 817.5717s
	iters: 300, epoch: 4 | loss: 0.4638680
	speed: 0.0077s/iter; left time: 783.2405s
	iters: 400, epoch: 4 | loss: 0.5144107
	speed: 0.0082s/iter; left time: 829.0334s
	iters: 500, epoch: 4 | loss: 0.4170051
	speed: 0.0080s/iter; left time: 811.1408s
	iters: 600, epoch: 4 | loss: 0.4484344
	speed: 0.0078s/iter; left time: 783.6487s
	iters: 700, epoch: 4 | loss: 0.4336322
	speed: 0.0081s/iter; left time: 817.8479s
	iters: 800, epoch: 4 | loss: 0.4355980
	speed: 0.0078s/iter; left time: 786.8325s
	iters: 900, epoch: 4 | loss: 0.4422975
	speed: 0.0081s/iter; left time: 814.8356s
	iters: 1000, epoch: 4 | loss: 0.4205642
	speed: 0.0079s/iter; left time: 796.8469s
Epoch: 4 cost time: 8.324515581130981
Epoch: 4, Steps: 1048 | Train Loss: 0.4355899 Vali Loss: 0.9789147
EarlyStopping counter: 1 out of 6
Updating learning rate to 6.25e-05
	iters: 100, epoch: 5 | loss: 0.3795818
	speed: 0.0240s/iter; left time: 2408.6032s
	iters: 200, epoch: 5 | loss: 0.4245127
	speed: 0.0079s/iter; left time: 796.3140s
	iters: 300, epoch: 5 | loss: 0.4473428
	speed: 0.0084s/iter; left time: 840.8387s
	iters: 400, epoch: 5 | loss: 0.4141310
	speed: 0.0078s/iter; left time: 785.2500s
	iters: 500, epoch: 5 | loss: 0.4136902
	speed: 0.0078s/iter; left time: 783.0687s
	iters: 600, epoch: 5 | loss: 0.4287714
	speed: 0.0081s/iter; left time: 807.3825s
	iters: 700, epoch: 5 | loss: 0.5692718
	speed: 0.0078s/iter; left time: 778.4284s
	iters: 800, epoch: 5 | loss: 0.3825611
	speed: 0.0081s/iter; left time: 809.9784s
	iters: 900, epoch: 5 | loss: 0.4730567
	speed: 0.0079s/iter; left time: 784.9977s
	iters: 1000, epoch: 5 | loss: 0.3965120
	speed: 0.0079s/iter; left time: 782.4354s
Epoch: 5 cost time: 8.342843770980835
Epoch: 5, Steps: 1048 | Train Loss: 0.4312208 Vali Loss: 0.9821540
EarlyStopping counter: 2 out of 6
Updating learning rate to 3.125e-05
	iters: 100, epoch: 6 | loss: 0.3972473
	speed: 0.0244s/iter; left time: 2424.5141s
	iters: 200, epoch: 6 | loss: 0.4144658
	speed: 0.0080s/iter; left time: 793.2927s
	iters: 300, epoch: 6 | loss: 0.3981937
	speed: 0.0085s/iter; left time: 839.6171s
	iters: 400, epoch: 6 | loss: 0.5061034
	speed: 0.0086s/iter; left time: 849.7638s
	iters: 500, epoch: 6 | loss: 0.5418528
	speed: 0.0085s/iter; left time: 842.0361s
	iters: 600, epoch: 6 | loss: 0.4533257
	speed: 0.0084s/iter; left time: 834.6302s
	iters: 700, epoch: 6 | loss: 0.4601865
	speed: 0.0084s/iter; left time: 833.4639s
	iters: 800, epoch: 6 | loss: 0.3921086
	speed: 0.0082s/iter; left time: 811.5150s
	iters: 900, epoch: 6 | loss: 0.4560290
	speed: 0.0081s/iter; left time: 795.8456s
	iters: 1000, epoch: 6 | loss: 0.4536499
	speed: 0.0082s/iter; left time: 807.1077s
Epoch: 6 cost time: 8.676416873931885
Epoch: 6, Steps: 1048 | Train Loss: 0.4289115 Vali Loss: 0.9783052
EarlyStopping counter: 3 out of 6
Updating learning rate to 1.5625e-05
	iters: 100, epoch: 7 | loss: 0.4153905
	speed: 0.0249s/iter; left time: 2454.4624s
	iters: 200, epoch: 7 | loss: 0.4378756
	speed: 0.0084s/iter; left time: 825.5734s
	iters: 300, epoch: 7 | loss: 0.4278440
	speed: 0.0081s/iter; left time: 798.1235s
	iters: 400, epoch: 7 | loss: 0.3853996
	speed: 0.0079s/iter; left time: 776.1738s
	iters: 500, epoch: 7 | loss: 0.3605960
	speed: 0.0079s/iter; left time: 776.9559s
	iters: 600, epoch: 7 | loss: 0.4525616
	speed: 0.0078s/iter; left time: 763.6759s
	iters: 700, epoch: 7 | loss: 0.4408993
	speed: 0.0081s/iter; left time: 791.5143s
	iters: 800, epoch: 7 | loss: 0.3662443
	speed: 0.0079s/iter; left time: 775.5138s
	iters: 900, epoch: 7 | loss: 0.3683532
	speed: 0.0080s/iter; left time: 779.6789s
	iters: 1000, epoch: 7 | loss: 0.4518548
	speed: 0.0081s/iter; left time: 786.0466s
Epoch: 7 cost time: 8.415619134902954
Epoch: 7, Steps: 1048 | Train Loss: 0.4279573 Vali Loss: 0.9792536
EarlyStopping counter: 4 out of 6
Updating learning rate to 7.8125e-06
	iters: 100, epoch: 8 | loss: 0.4383779
	speed: 0.0245s/iter; left time: 2389.6124s
	iters: 200, epoch: 8 | loss: 0.3720573
	speed: 0.0080s/iter; left time: 776.5748s
	iters: 300, epoch: 8 | loss: 0.4598763
	speed: 0.0083s/iter; left time: 806.2456s
	iters: 400, epoch: 8 | loss: 0.3832851
	speed: 0.0081s/iter; left time: 785.5764s
	iters: 500, epoch: 8 | loss: 0.3623858
	speed: 0.0082s/iter; left time: 794.6684s
	iters: 600, epoch: 8 | loss: 0.4733189
	speed: 0.0084s/iter; left time: 809.2450s
	iters: 700, epoch: 8 | loss: 0.3830729
	speed: 0.0083s/iter; left time: 804.6469s
	iters: 800, epoch: 8 | loss: 0.4060471
	speed: 0.0083s/iter; left time: 804.3464s
	iters: 900, epoch: 8 | loss: 0.4767022
	speed: 0.0080s/iter; left time: 773.5993s
	iters: 1000, epoch: 8 | loss: 0.3999706
	speed: 0.0081s/iter; left time: 779.6710s
Epoch: 8 cost time: 8.572697639465332
Epoch: 8, Steps: 1048 | Train Loss: 0.4269927 Vali Loss: 0.9786504
EarlyStopping counter: 5 out of 6
Updating learning rate to 3.90625e-06
	iters: 100, epoch: 9 | loss: 0.4568686
	speed: 0.0257s/iter; left time: 2478.6633s
	iters: 200, epoch: 9 | loss: 0.3835587
	speed: 0.0081s/iter; left time: 777.3343s
	iters: 300, epoch: 9 | loss: 0.4006607
	speed: 0.0080s/iter; left time: 770.5868s
	iters: 400, epoch: 9 | loss: 0.4483263
	speed: 0.0080s/iter; left time: 772.6139s
	iters: 500, epoch: 9 | loss: 0.3194052
	speed: 0.0080s/iter; left time: 767.6707s
	iters: 600, epoch: 9 | loss: 0.4422908
	speed: 0.0083s/iter; left time: 793.2465s
	iters: 700, epoch: 9 | loss: 0.4373706
	speed: 0.0079s/iter; left time: 759.9995s
	iters: 800, epoch: 9 | loss: 0.4068430
	speed: 0.0080s/iter; left time: 761.2830s
	iters: 900, epoch: 9 | loss: 0.4236695
	speed: 0.0078s/iter; left time: 742.9012s
	iters: 1000, epoch: 9 | loss: 0.3523669
	speed: 0.0079s/iter; left time: 753.2314s
Epoch: 9 cost time: 8.43500804901123
Epoch: 9, Steps: 1048 | Train Loss: 0.4266617 Vali Loss: 0.9794894
EarlyStopping counter: 6 out of 6
Early stopping
VALIDATION_RESULT {"best_epoch": 3, "best_mae": 0.6583579995865407, "best_mse": 0.973079431819309, "epochs_ran": 9, "metric_version": "element_weighted_v1"}
>>>>>>>test skipped (validation-only run)<<<<<<<<<<<<<<<<<<<<<<<<
