Using GPU
Args in experiment:
[1mBasic Config[0m
  Task Name:          long_term_forecast  Is Training:        1                   
  Model ID:           ETTm1_96_720_cmrhm_backbone_ettm1_p720_no_patch_s2021Model:              GraphMambaCMRHM     

[1mData Loader[0m
  Data:               ETTm1               Root Path:          /home/cwh/Time-Series-Library/dataset/ETT-small
  Data Path:          ETTm1.csv           Features:           M                   
  Target:             OT                  Freq:               h                   
  Checkpoints:        /home/cwh/Time-Series-Library/logs/cmrhm_backbone_ablation/checkpoints

[1mForecasting Task[0m
  Seq Len:            336                 Label Len:          48                  
  Pred Len:           720                 Seasonal Patterns:  Monthly             
  Inverse:            0                   

[1mModel Parameters[0m
  Top k:              5                   Num Kernels:        6                   
  Enc In:             7                   Dec In:             7                   
  C Out:              7                   d model:            64                  
  n heads:            8                   e layers:           1                   
  d layers:           1                   d FF:               128                 
  Moving Avg:         25                  Factor:             1                   
  Distil:             1                   Dropout:            0.1                 
  Embed:              timeF               Activation:         gelu                

[1mRun Parameters[0m
  Num Workers:        0                   Itr:                1                   
  Train Epochs:       100                 Batch Size:         32                  
  Patience:           6                   Learning Rate:      0.0005              
  Des:                cmrhm_backbone_ettm1_p720_no_patch_s2021Loss:               MSE                 
  Lradj:              type1               Use Amp:            0                   

[1mGPU[0m
  Use GPU:            1                   GPU:                0                   
  Use Multi GPU:      0                   Devices:            0,1,2,3             

[1mDe-stationary Projector Params[0m
  P Hidden Dims:      128, 128            P Hidden Layers:    2                   

Use GPU: cuda:0
🚀 Lazy Loading: GraphMambaCMRHM ...
[GraphMamba] Building 7x7 static graph from 2000 training samples
>>>>>>>start training : long_term_forecast_ETTm1_96_720_cmrhm_backbone_ettm1_p720_no_patch_s2021_GraphMambaCMRHM_ETTm1_ftM_sl336_ll48_pl720_dm64_nh8_el1_dl1_df128_expand2_dc2_fc1_ebtimeF_dtTrue_cmrhm_backbone_ettm1_p720_no_patch_s2021_0>>>>>>>>>>>>>>>>>>>>>>>>>>
train 33505
val 10801
	iters: 100, epoch: 1 | loss: 0.4471013
	speed: 0.0111s/iter; left time: 1161.9164s
	iters: 200, epoch: 1 | loss: 0.4562120
	speed: 0.0089s/iter; left time: 927.8783s
	iters: 300, epoch: 1 | loss: 0.4493936
	speed: 0.0085s/iter; left time: 883.1027s
	iters: 400, epoch: 1 | loss: 0.4107870
	speed: 0.0087s/iter; left time: 908.0449s
	iters: 500, epoch: 1 | loss: 0.3799881
	speed: 0.0087s/iter; left time: 905.5921s
	iters: 600, epoch: 1 | loss: 0.4407660
	speed: 0.0086s/iter; left time: 896.6557s
	iters: 700, epoch: 1 | loss: 0.4240995
	speed: 0.0088s/iter; left time: 912.1520s
	iters: 800, epoch: 1 | loss: 0.4163107
	speed: 0.0087s/iter; left time: 902.8648s
	iters: 900, epoch: 1 | loss: 0.4533535
	speed: 0.0086s/iter; left time: 890.7953s
	iters: 1000, epoch: 1 | loss: 0.4416108
	speed: 0.0087s/iter; left time: 905.9520s
Epoch: 1 cost time: 9.322605848312378
Epoch: 1, Steps: 1048 | Train Loss: 0.4456920 Vali Loss: 0.9494540
Validation loss decreased (inf --> 0.949454).  Saving model ...
Updating learning rate to 0.0005
	iters: 100, epoch: 2 | loss: 0.3903879
	speed: 0.0256s/iter; left time: 2649.6015s
	iters: 200, epoch: 2 | loss: 0.4811228
	speed: 0.0087s/iter; left time: 898.0048s
	iters: 300, epoch: 2 | loss: 0.4469693
	speed: 0.0088s/iter; left time: 905.3238s
	iters: 400, epoch: 2 | loss: 0.4782710
	speed: 0.0088s/iter; left time: 911.3684s
	iters: 500, epoch: 2 | loss: 0.3586611
	speed: 0.0086s/iter; left time: 884.4911s
	iters: 600, epoch: 2 | loss: 0.4698842
	speed: 0.0086s/iter; left time: 889.0721s
	iters: 700, epoch: 2 | loss: 0.3582661
	speed: 0.0086s/iter; left time: 890.0721s
	iters: 800, epoch: 2 | loss: 0.4374968
	speed: 0.0089s/iter; left time: 918.4325s
	iters: 900, epoch: 2 | loss: 0.3856344
	speed: 0.0087s/iter; left time: 899.3693s
	iters: 1000, epoch: 2 | loss: 0.4435913
	speed: 0.0087s/iter; left time: 894.3728s
Epoch: 2 cost time: 9.132148742675781
Epoch: 2, Steps: 1048 | Train Loss: 0.4053363 Vali Loss: 0.9521464
EarlyStopping counter: 1 out of 6
Updating learning rate to 0.00025
	iters: 100, epoch: 3 | loss: 0.4868893
	speed: 0.0261s/iter; left time: 2678.5393s
	iters: 200, epoch: 3 | loss: 0.3938119
	speed: 0.0085s/iter; left time: 873.9550s
	iters: 300, epoch: 3 | loss: 0.3763598
	speed: 0.0084s/iter; left time: 863.8058s
	iters: 400, epoch: 3 | loss: 0.3559479
	speed: 0.0082s/iter; left time: 840.8737s
	iters: 500, epoch: 3 | loss: 0.4900709
	speed: 0.0081s/iter; left time: 829.7587s
	iters: 600, epoch: 3 | loss: 0.3618675
	speed: 0.0084s/iter; left time: 856.2449s
	iters: 700, epoch: 3 | loss: 0.3452140
	speed: 0.0083s/iter; left time: 851.4920s
	iters: 800, epoch: 3 | loss: 0.3629628
	speed: 0.0084s/iter; left time: 860.8891s
	iters: 900, epoch: 3 | loss: 0.3634472
	speed: 0.0083s/iter; left time: 841.3666s
	iters: 1000, epoch: 3 | loss: 0.3579122
	speed: 0.0081s/iter; left time: 824.1346s
Epoch: 3 cost time: 8.77731442451477
Epoch: 3, Steps: 1048 | Train Loss: 0.3919851 Vali Loss: 0.9523059
EarlyStopping counter: 2 out of 6
Updating learning rate to 0.000125
	iters: 100, epoch: 4 | loss: 0.3867817
	speed: 0.0248s/iter; left time: 2517.8122s
	iters: 200, epoch: 4 | loss: 0.3951960
	speed: 0.0083s/iter; left time: 842.6818s
	iters: 300, epoch: 4 | loss: 0.3524816
	speed: 0.0084s/iter; left time: 850.2989s
	iters: 400, epoch: 4 | loss: 0.3476656
	speed: 0.0088s/iter; left time: 890.7739s
	iters: 500, epoch: 4 | loss: 0.4118535
	speed: 0.0081s/iter; left time: 820.4427s
	iters: 600, epoch: 4 | loss: 0.3444996
	speed: 0.0082s/iter; left time: 828.9779s
	iters: 700, epoch: 4 | loss: 0.4370335
	speed: 0.0085s/iter; left time: 858.1303s
	iters: 800, epoch: 4 | loss: 0.3335702
	speed: 0.0081s/iter; left time: 812.1403s
	iters: 900, epoch: 4 | loss: 0.3834622
	speed: 0.0085s/iter; left time: 854.2030s
	iters: 1000, epoch: 4 | loss: 0.3770585
	speed: 0.0085s/iter; left time: 858.9903s
Epoch: 4 cost time: 8.750935792922974
Epoch: 4, Steps: 1048 | Train Loss: 0.3819286 Vali Loss: 0.9672313
EarlyStopping counter: 3 out of 6
Updating learning rate to 6.25e-05
	iters: 100, epoch: 5 | loss: 0.3641157
	speed: 0.0247s/iter; left time: 2477.7037s
	iters: 200, epoch: 5 | loss: 0.3722002
	speed: 0.0084s/iter; left time: 842.1117s
	iters: 300, epoch: 5 | loss: 0.3308307
	speed: 0.0083s/iter; left time: 829.2289s
	iters: 400, epoch: 5 | loss: 0.3377585
	speed: 0.0084s/iter; left time: 843.5555s
	iters: 500, epoch: 5 | loss: 0.3587364
	speed: 0.0083s/iter; left time: 831.1841s
	iters: 600, epoch: 5 | loss: 0.3774718
	speed: 0.0088s/iter; left time: 880.6303s
	iters: 700, epoch: 5 | loss: 0.4563014
	speed: 0.0086s/iter; left time: 862.6202s
	iters: 800, epoch: 5 | loss: 0.4164318
	speed: 0.0084s/iter; left time: 841.7384s
	iters: 900, epoch: 5 | loss: 0.3611192
	speed: 0.0085s/iter; left time: 845.7111s
	iters: 1000, epoch: 5 | loss: 0.3730784
	speed: 0.0083s/iter; left time: 822.9211s
Epoch: 5 cost time: 8.819703340530396
Epoch: 5, Steps: 1048 | Train Loss: 0.3760287 Vali Loss: 0.9714803
EarlyStopping counter: 4 out of 6
Updating learning rate to 3.125e-05
	iters: 100, epoch: 6 | loss: 0.3702021
	speed: 0.0258s/iter; left time: 2562.4722s
	iters: 200, epoch: 6 | loss: 0.3677425
	speed: 0.0089s/iter; left time: 883.1250s
	iters: 300, epoch: 6 | loss: 0.4060058
	speed: 0.0085s/iter; left time: 844.3209s
	iters: 400, epoch: 6 | loss: 0.3754911
	speed: 0.0084s/iter; left time: 832.4395s
	iters: 500, epoch: 6 | loss: 0.3545204
	speed: 0.0085s/iter; left time: 838.3236s
	iters: 600, epoch: 6 | loss: 0.3362337
	speed: 0.0084s/iter; left time: 833.8969s
	iters: 700, epoch: 6 | loss: 0.3804258
	speed: 0.0084s/iter; left time: 826.8913s
	iters: 800, epoch: 6 | loss: 0.3740086
	speed: 0.0084s/iter; left time: 830.9959s
	iters: 900, epoch: 6 | loss: 0.3317429
	speed: 0.0084s/iter; left time: 830.4932s
	iters: 1000, epoch: 6 | loss: 0.3734396
	speed: 0.0083s/iter; left time: 813.2982s
Epoch: 6 cost time: 8.914963006973267
Epoch: 6, Steps: 1048 | Train Loss: 0.3727457 Vali Loss: 0.9659629
EarlyStopping counter: 5 out of 6
Updating learning rate to 1.5625e-05
	iters: 100, epoch: 7 | loss: 0.3809626
	speed: 0.0258s/iter; left time: 2535.7695s
	iters: 200, epoch: 7 | loss: 0.3440008
	speed: 0.0086s/iter; left time: 844.7449s
	iters: 300, epoch: 7 | loss: 0.3590692
	speed: 0.0079s/iter; left time: 777.8953s
	iters: 400, epoch: 7 | loss: 0.4048483
	speed: 0.0083s/iter; left time: 813.2064s
	iters: 500, epoch: 7 | loss: 0.4088818
	speed: 0.0083s/iter; left time: 809.3039s
	iters: 600, epoch: 7 | loss: 0.2922991
	speed: 0.0083s/iter; left time: 814.9163s
	iters: 700, epoch: 7 | loss: 0.3189484
	speed: 0.0084s/iter; left time: 826.3377s
	iters: 800, epoch: 7 | loss: 0.3707315
	speed: 0.0083s/iter; left time: 807.5613s
	iters: 900, epoch: 7 | loss: 0.3869922
	speed: 0.0086s/iter; left time: 843.5926s
	iters: 1000, epoch: 7 | loss: 0.4356022
	speed: 0.0082s/iter; left time: 798.8182s
Epoch: 7 cost time: 8.739391326904297
Epoch: 7, Steps: 1048 | Train Loss: 0.3709967 Vali Loss: 0.9740652
EarlyStopping counter: 6 out of 6
Early stopping
VALIDATION_RESULT {"best_epoch": 1, "best_mae": 0.6434859865750415, "best_mse": 0.9494539752942115, "epochs_ran": 7, "metric_version": "element_weighted_v1"}
>>>>>>>test skipped (validation-only run)<<<<<<<<<<<<<<<<<<<<<<<<
