Using GPU
Args in experiment:
[1mBasic Config[0m
  Task Name:          long_term_forecast  Is Training:        1                   
  Model ID:           ETTm2_96_720_cmrhm_backbone_ettm2_p720_no_mamba_s2021Model:              GraphMambaCMRHM     

[1mData Loader[0m
  Data:               ETTm2               Root Path:          /home/cwh/Time-Series-Library/dataset/ETT-small
  Data Path:          ETTm2.csv           Features:           M                   
  Target:             OT                  Freq:               h                   
  Checkpoints:        /home/cwh/Time-Series-Library/logs/cmrhm_backbone_ablation/checkpoints

[1mForecasting Task[0m
  Seq Len:            336                 Label Len:          48                  
  Pred Len:           720                 Seasonal Patterns:  Monthly             
  Inverse:            0                   

[1mModel Parameters[0m
  Top k:              5                   Num Kernels:        6                   
  Enc In:             7                   Dec In:             7                   
  C Out:              7                   d model:            64                  
  n heads:            8                   e layers:           1                   
  d layers:           1                   d FF:               128                 
  Moving Avg:         25                  Factor:             1                   
  Distil:             1                   Dropout:            0.1                 
  Embed:              timeF               Activation:         gelu                

[1mRun Parameters[0m
  Num Workers:        0                   Itr:                1                   
  Train Epochs:       100                 Batch Size:         32                  
  Patience:           6                   Learning Rate:      0.0005              
  Des:                cmrhm_backbone_ettm2_p720_no_mamba_s2021Loss:               MSE                 
  Lradj:              type1               Use Amp:            0                   

[1mGPU[0m
  Use GPU:            1                   GPU:                0                   
  Use Multi GPU:      0                   Devices:            0,1,2,3             

[1mDe-stationary Projector Params[0m
  P Hidden Dims:      128, 128            P Hidden Layers:    2                   

Use GPU: cuda:0
🚀 Lazy Loading: GraphMambaCMRHM ...
[GraphMamba] Building 7x7 static graph from 2000 training samples
>>>>>>>start training : long_term_forecast_ETTm2_96_720_cmrhm_backbone_ettm2_p720_no_mamba_s2021_GraphMambaCMRHM_ETTm2_ftM_sl336_ll48_pl720_dm64_nh8_el1_dl1_df128_expand2_dc2_fc1_ebtimeF_dtTrue_cmrhm_backbone_ettm2_p720_no_mamba_s2021_0>>>>>>>>>>>>>>>>>>>>>>>>>>
train 33505
val 10801
	iters: 100, epoch: 1 | loss: 0.6821944
	speed: 0.0124s/iter; left time: 1296.5730s
	iters: 200, epoch: 1 | loss: 1.3182590
	speed: 0.0053s/iter; left time: 550.0945s
	iters: 300, epoch: 1 | loss: 1.0956013
	speed: 0.0056s/iter; left time: 580.9583s
	iters: 400, epoch: 1 | loss: 0.5700498
	speed: 0.0056s/iter; left time: 584.5495s
	iters: 500, epoch: 1 | loss: 0.7233760
	speed: 0.0056s/iter; left time: 582.0221s
	iters: 600, epoch: 1 | loss: 0.6232587
	speed: 0.0053s/iter; left time: 552.3184s
	iters: 700, epoch: 1 | loss: 0.5558688
	speed: 0.0053s/iter; left time: 551.6732s
	iters: 800, epoch: 1 | loss: 0.5225431
	speed: 0.0056s/iter; left time: 578.1027s
	iters: 900, epoch: 1 | loss: 0.4055886
	speed: 0.0056s/iter; left time: 580.3501s
	iters: 1000, epoch: 1 | loss: 0.3594297
	speed: 0.0052s/iter; left time: 541.1852s
Epoch: 1 cost time: 5.830904006958008
Epoch: 1, Steps: 1048 | Train Loss: 0.5337733 Vali Loss: 0.2732181
Validation loss decreased (inf --> 0.273218).  Saving model ...
Updating learning rate to 0.0005
	iters: 100, epoch: 2 | loss: 0.8451426
	speed: 0.0175s/iter; left time: 1813.9119s
	iters: 200, epoch: 2 | loss: 0.5079661
	speed: 0.0052s/iter; left time: 541.6461s
	iters: 300, epoch: 2 | loss: 0.4648827
	speed: 0.0051s/iter; left time: 529.3729s
	iters: 400, epoch: 2 | loss: 0.3720027
	speed: 0.0057s/iter; left time: 588.8405s
	iters: 500, epoch: 2 | loss: 0.5584027
	speed: 0.0053s/iter; left time: 548.0015s
	iters: 600, epoch: 2 | loss: 0.6989499
	speed: 0.0054s/iter; left time: 560.8168s
	iters: 700, epoch: 2 | loss: 0.3985332
	speed: 0.0052s/iter; left time: 539.6144s
	iters: 800, epoch: 2 | loss: 0.3735271
	speed: 0.0054s/iter; left time: 555.6798s
	iters: 900, epoch: 2 | loss: 0.3164799
	speed: 0.0052s/iter; left time: 534.5558s
	iters: 1000, epoch: 2 | loss: 0.4850881
	speed: 0.0053s/iter; left time: 545.3155s
Epoch: 2 cost time: 5.571678161621094
Epoch: 2, Steps: 1048 | Train Loss: 0.5072531 Vali Loss: 0.2702794
Validation loss decreased (0.273218 --> 0.270279).  Saving model ...
Updating learning rate to 0.00025
	iters: 100, epoch: 3 | loss: 0.2711699
	speed: 0.0173s/iter; left time: 1770.0646s
	iters: 200, epoch: 3 | loss: 0.4222222
	speed: 0.0053s/iter; left time: 545.4418s
	iters: 300, epoch: 3 | loss: 0.5661527
	speed: 0.0053s/iter; left time: 547.5975s
	iters: 400, epoch: 3 | loss: 0.6712341
	speed: 0.0056s/iter; left time: 574.3573s
	iters: 500, epoch: 3 | loss: 0.5216070
	speed: 0.0054s/iter; left time: 555.1915s
	iters: 600, epoch: 3 | loss: 0.4250444
	speed: 0.0058s/iter; left time: 591.9818s
	iters: 700, epoch: 3 | loss: 0.3196712
	speed: 0.0055s/iter; left time: 556.3836s
	iters: 800, epoch: 3 | loss: 0.7289819
	speed: 0.0054s/iter; left time: 551.6405s
	iters: 900, epoch: 3 | loss: 0.4677473
	speed: 0.0053s/iter; left time: 542.3243s
	iters: 1000, epoch: 3 | loss: 0.6771350
	speed: 0.0054s/iter; left time: 545.8127s
Epoch: 3 cost time: 5.68760085105896
Epoch: 3, Steps: 1048 | Train Loss: 0.4961882 Vali Loss: 0.2742829
EarlyStopping counter: 1 out of 6
Updating learning rate to 0.000125
	iters: 100, epoch: 4 | loss: 0.5016868
	speed: 0.0173s/iter; left time: 1757.4204s
	iters: 200, epoch: 4 | loss: 0.2572090
	speed: 0.0054s/iter; left time: 548.9258s
	iters: 300, epoch: 4 | loss: 0.4617914
	speed: 0.0059s/iter; left time: 594.5887s
	iters: 400, epoch: 4 | loss: 0.4183125
	speed: 0.0052s/iter; left time: 524.6355s
	iters: 500, epoch: 4 | loss: 0.2702013
	speed: 0.0055s/iter; left time: 557.4280s
	iters: 600, epoch: 4 | loss: 0.2690522
	speed: 0.0056s/iter; left time: 564.0555s
	iters: 700, epoch: 4 | loss: 0.4831431
	speed: 0.0054s/iter; left time: 548.3712s
	iters: 800, epoch: 4 | loss: 0.5747759
	speed: 0.0055s/iter; left time: 556.6864s
	iters: 900, epoch: 4 | loss: 0.5566285
	speed: 0.0051s/iter; left time: 517.3725s
	iters: 1000, epoch: 4 | loss: 0.4232421
	speed: 0.0053s/iter; left time: 535.4773s
Epoch: 4 cost time: 5.704242706298828
Epoch: 4, Steps: 1048 | Train Loss: 0.4904345 Vali Loss: 0.2730381
EarlyStopping counter: 2 out of 6
Updating learning rate to 6.25e-05
	iters: 100, epoch: 5 | loss: 0.4116859
	speed: 0.0175s/iter; left time: 1758.6084s
	iters: 200, epoch: 5 | loss: 0.3033696
	speed: 0.0053s/iter; left time: 535.5244s
	iters: 300, epoch: 5 | loss: 0.4726916
	speed: 0.0055s/iter; left time: 552.1146s
	iters: 400, epoch: 5 | loss: 0.4895518
	speed: 0.0052s/iter; left time: 519.2569s
	iters: 500, epoch: 5 | loss: 0.4030018
	speed: 0.0053s/iter; left time: 527.9348s
	iters: 600, epoch: 5 | loss: 0.3442506
	speed: 0.0054s/iter; left time: 541.2565s
	iters: 700, epoch: 5 | loss: 0.5757378
	speed: 0.0055s/iter; left time: 544.8843s
	iters: 800, epoch: 5 | loss: 0.7765951
	speed: 0.0051s/iter; left time: 506.1953s
	iters: 900, epoch: 5 | loss: 0.4111250
	speed: 0.0055s/iter; left time: 545.9288s
	iters: 1000, epoch: 5 | loss: 0.4711380
	speed: 0.0054s/iter; left time: 541.7280s
Epoch: 5 cost time: 5.622640371322632
Epoch: 5, Steps: 1048 | Train Loss: 0.4874914 Vali Loss: 0.2734902
EarlyStopping counter: 3 out of 6
Updating learning rate to 3.125e-05
	iters: 100, epoch: 6 | loss: 0.4133454
	speed: 0.0171s/iter; left time: 1699.6356s
	iters: 200, epoch: 6 | loss: 0.5222617
	speed: 0.0053s/iter; left time: 528.6191s
	iters: 300, epoch: 6 | loss: 0.3191303
	speed: 0.0052s/iter; left time: 519.8533s
	iters: 400, epoch: 6 | loss: 0.5862690
	speed: 0.0054s/iter; left time: 532.8614s
	iters: 500, epoch: 6 | loss: 0.3937278
	speed: 0.0052s/iter; left time: 518.8330s
	iters: 600, epoch: 6 | loss: 0.3088839
	speed: 0.0053s/iter; left time: 523.5573s
	iters: 700, epoch: 6 | loss: 0.5297867
	speed: 0.0054s/iter; left time: 531.3113s
	iters: 800, epoch: 6 | loss: 1.0583394
	speed: 0.0052s/iter; left time: 516.8553s
	iters: 900, epoch: 6 | loss: 1.1254374
	speed: 0.0051s/iter; left time: 507.6044s
	iters: 1000, epoch: 6 | loss: 0.5793985
	speed: 0.0053s/iter; left time: 523.4653s
Epoch: 6 cost time: 5.583876371383667
Epoch: 6, Steps: 1048 | Train Loss: 0.4858250 Vali Loss: 0.2750048
EarlyStopping counter: 4 out of 6
Updating learning rate to 1.5625e-05
	iters: 100, epoch: 7 | loss: 0.3904002
	speed: 0.0174s/iter; left time: 1710.8017s
	iters: 200, epoch: 7 | loss: 0.8192034
	speed: 0.0053s/iter; left time: 525.3251s
	iters: 300, epoch: 7 | loss: 0.7096158
	speed: 0.0054s/iter; left time: 526.4847s
	iters: 400, epoch: 7 | loss: 0.2512861
	speed: 0.0053s/iter; left time: 524.2532s
	iters: 500, epoch: 7 | loss: 0.5217843
	speed: 0.0053s/iter; left time: 521.9340s
	iters: 600, epoch: 7 | loss: 0.8606130
	speed: 0.0057s/iter; left time: 556.0957s
	iters: 700, epoch: 7 | loss: 0.5812341
	speed: 0.0053s/iter; left time: 521.0644s
	iters: 800, epoch: 7 | loss: 0.4307919
	speed: 0.0053s/iter; left time: 518.8159s
	iters: 900, epoch: 7 | loss: 0.2703282
	speed: 0.0055s/iter; left time: 533.8765s
	iters: 1000, epoch: 7 | loss: 0.4363676
	speed: 0.0053s/iter; left time: 518.1854s
Epoch: 7 cost time: 5.647507190704346
Epoch: 7, Steps: 1048 | Train Loss: 0.4851796 Vali Loss: 0.2738840
EarlyStopping counter: 5 out of 6
Updating learning rate to 7.8125e-06
	iters: 100, epoch: 8 | loss: 0.3946803
	speed: 0.0176s/iter; left time: 1717.5206s
	iters: 200, epoch: 8 | loss: 0.4153805
	speed: 0.0058s/iter; left time: 559.3686s
	iters: 300, epoch: 8 | loss: 0.5570033
	speed: 0.0053s/iter; left time: 518.2745s
	iters: 400, epoch: 8 | loss: 0.5160400
	speed: 0.0053s/iter; left time: 514.7122s
	iters: 500, epoch: 8 | loss: 0.3115423
	speed: 0.0050s/iter; left time: 486.9410s
	iters: 600, epoch: 8 | loss: 0.6862183
	speed: 0.0056s/iter; left time: 538.9250s
	iters: 700, epoch: 8 | loss: 0.5582887
	speed: 0.0053s/iter; left time: 510.3728s
	iters: 800, epoch: 8 | loss: 0.3222427
	speed: 0.0053s/iter; left time: 507.9329s
	iters: 900, epoch: 8 | loss: 0.4712042
	speed: 0.0051s/iter; left time: 494.8317s
	iters: 1000, epoch: 8 | loss: 0.4446509
	speed: 0.0055s/iter; left time: 534.6685s
Epoch: 8 cost time: 5.628426551818848
Epoch: 8, Steps: 1048 | Train Loss: 0.4848099 Vali Loss: 0.2737711
EarlyStopping counter: 6 out of 6
Early stopping
VALIDATION_RESULT {"best_epoch": 2, "best_mae": 0.3564672835165978, "best_mse": 0.27027938889213804, "epochs_ran": 8, "metric_version": "element_weighted_v1"}
>>>>>>>test skipped (validation-only run)<<<<<<<<<<<<<<<<<<<<<<<<
