Using GPU
Args in experiment:
[1mBasic Config[0m
  Task Name:          long_term_forecast  Is Training:        1                   
  Model ID:           ETTm2_96_96_cmrhm_backbone_ettm2_p96_no_graph_s2021Model:              GraphMambaCMRHM     

[1mData Loader[0m
  Data:               ETTm2               Root Path:          /home/cwh/Time-Series-Library/dataset/ETT-small
  Data Path:          ETTm2.csv           Features:           M                   
  Target:             OT                  Freq:               h                   
  Checkpoints:        /home/cwh/Time-Series-Library/logs/cmrhm_backbone_ablation/checkpoints

[1mForecasting Task[0m
  Seq Len:            336                 Label Len:          48                  
  Pred Len:           96                  Seasonal Patterns:  Monthly             
  Inverse:            0                   

[1mModel Parameters[0m
  Top k:              5                   Num Kernels:        6                   
  Enc In:             7                   Dec In:             7                   
  C Out:              7                   d model:            64                  
  n heads:            8                   e layers:           1                   
  d layers:           1                   d FF:               128                 
  Moving Avg:         25                  Factor:             1                   
  Distil:             1                   Dropout:            0.1                 
  Embed:              timeF               Activation:         gelu                

[1mRun Parameters[0m
  Num Workers:        0                   Itr:                1                   
  Train Epochs:       100                 Batch Size:         32                  
  Patience:           6                   Learning Rate:      0.0005              
  Des:                cmrhm_backbone_ettm2_p96_no_graph_s2021Loss:               MSE                 
  Lradj:              type1               Use Amp:            0                   

[1mGPU[0m
  Use GPU:            1                   GPU:                0                   
  Use Multi GPU:      0                   Devices:            0,1,2,3             

[1mDe-stationary Projector Params[0m
  P Hidden Dims:      128, 128            P Hidden Layers:    2                   

Use GPU: cuda:0
🚀 Lazy Loading: GraphMambaCMRHM ...
>>>>>>>start training : long_term_forecast_ETTm2_96_96_cmrhm_backbone_ettm2_p96_no_graph_s2021_GraphMambaCMRHM_ETTm2_ftM_sl336_ll48_pl96_dm64_nh8_el1_dl1_df128_expand2_dc2_fc1_ebtimeF_dtTrue_cmrhm_backbone_ettm2_p96_no_graph_s2021_0>>>>>>>>>>>>>>>>>>>>>>>>>>
train 34129
val 11425
	iters: 100, epoch: 1 | loss: 0.1861427
	speed: 0.0135s/iter; left time: 1441.7404s
	iters: 200, epoch: 1 | loss: 0.2043738
	speed: 0.0119s/iter; left time: 1270.6705s
	iters: 300, epoch: 1 | loss: 0.3468401
	speed: 0.0117s/iter; left time: 1249.7295s
	iters: 400, epoch: 1 | loss: 0.2457826
	speed: 0.0116s/iter; left time: 1232.6877s
	iters: 500, epoch: 1 | loss: 0.2277205
	speed: 0.0111s/iter; left time: 1182.0862s
	iters: 600, epoch: 1 | loss: 0.1654430
	speed: 0.0114s/iter; left time: 1212.3802s
	iters: 700, epoch: 1 | loss: 0.2882531
	speed: 0.0120s/iter; left time: 1275.6834s
	iters: 800, epoch: 1 | loss: 0.1882260
	speed: 0.0113s/iter; left time: 1201.2598s
	iters: 900, epoch: 1 | loss: 0.1357734
	speed: 0.0115s/iter; left time: 1215.6890s
	iters: 1000, epoch: 1 | loss: 0.3009719
	speed: 0.0117s/iter; left time: 1235.6348s
Epoch: 1 cost time: 12.594144821166992
Epoch: 1, Steps: 1067 | Train Loss: 0.2514087 Vali Loss: 0.1266882
Validation loss decreased (inf --> 0.126688).  Saving model ...
Updating learning rate to 0.0005
	iters: 100, epoch: 2 | loss: 0.4906553
	speed: 0.0362s/iter; left time: 3816.7829s
	iters: 200, epoch: 2 | loss: 0.1323811
	speed: 0.0113s/iter; left time: 1192.3706s
	iters: 300, epoch: 2 | loss: 0.2738872
	speed: 0.0115s/iter; left time: 1206.7390s
	iters: 400, epoch: 2 | loss: 0.1745495
	speed: 0.0113s/iter; left time: 1188.9203s
	iters: 500, epoch: 2 | loss: 0.2152158
	speed: 0.0113s/iter; left time: 1188.2026s
	iters: 600, epoch: 2 | loss: 0.2870594
	speed: 0.0114s/iter; left time: 1201.6343s
	iters: 700, epoch: 2 | loss: 0.2629337
	speed: 0.0115s/iter; left time: 1206.7694s
	iters: 800, epoch: 2 | loss: 0.2883468
	speed: 0.0113s/iter; left time: 1188.1335s
	iters: 900, epoch: 2 | loss: 0.1189221
	speed: 0.0114s/iter; left time: 1195.3146s
	iters: 1000, epoch: 2 | loss: 0.1490173
	speed: 0.0113s/iter; left time: 1186.4858s
Epoch: 2 cost time: 12.160808801651001
Epoch: 2, Steps: 1067 | Train Loss: 0.2072561 Vali Loss: 0.1283257
EarlyStopping counter: 1 out of 6
Updating learning rate to 0.00025
	iters: 100, epoch: 3 | loss: 0.1095333
	speed: 0.0351s/iter; left time: 3662.6594s
	iters: 200, epoch: 3 | loss: 0.1721706
	speed: 0.0115s/iter; left time: 1202.7223s
	iters: 300, epoch: 3 | loss: 0.2229745
	speed: 0.0116s/iter; left time: 1209.8336s
	iters: 400, epoch: 3 | loss: 0.1904062
	speed: 0.0115s/iter; left time: 1194.8398s
	iters: 500, epoch: 3 | loss: 0.2943810
	speed: 0.0112s/iter; left time: 1160.6942s
	iters: 600, epoch: 3 | loss: 0.3440607
	speed: 0.0115s/iter; left time: 1192.9190s
	iters: 700, epoch: 3 | loss: 0.1431511
	speed: 0.0112s/iter; left time: 1166.8213s
	iters: 800, epoch: 3 | loss: 0.1079272
	speed: 0.0113s/iter; left time: 1175.7075s
	iters: 900, epoch: 3 | loss: 0.3663234
	speed: 0.0116s/iter; left time: 1207.5359s
	iters: 1000, epoch: 3 | loss: 0.2328899
	speed: 0.0116s/iter; left time: 1198.5819s
Epoch: 3 cost time: 12.208321332931519
Epoch: 3, Steps: 1067 | Train Loss: 0.1961522 Vali Loss: 0.1258920
Validation loss decreased (0.126688 --> 0.125892).  Saving model ...
Updating learning rate to 0.000125
	iters: 100, epoch: 4 | loss: 0.1006887
	speed: 0.0374s/iter; left time: 3871.0775s
	iters: 200, epoch: 4 | loss: 0.2533185
	speed: 0.0117s/iter; left time: 1205.9460s
	iters: 300, epoch: 4 | loss: 0.1920573
	speed: 0.0119s/iter; left time: 1228.9085s
	iters: 400, epoch: 4 | loss: 0.1756474
	speed: 0.0116s/iter; left time: 1194.7827s
	iters: 500, epoch: 4 | loss: 0.1169279
	speed: 0.0117s/iter; left time: 1200.4760s
	iters: 600, epoch: 4 | loss: 0.1545772
	speed: 0.0115s/iter; left time: 1188.4162s
	iters: 700, epoch: 4 | loss: 0.2308690
	speed: 0.0114s/iter; left time: 1173.3444s
	iters: 800, epoch: 4 | loss: 0.1084890
	speed: 0.0115s/iter; left time: 1178.2316s
	iters: 900, epoch: 4 | loss: 0.3593841
	speed: 0.0115s/iter; left time: 1181.9463s
	iters: 1000, epoch: 4 | loss: 0.1315695
	speed: 0.0118s/iter; left time: 1208.7799s
Epoch: 4 cost time: 12.412046194076538
Epoch: 4, Steps: 1067 | Train Loss: 0.1917732 Vali Loss: 0.1287817
EarlyStopping counter: 1 out of 6
Updating learning rate to 6.25e-05
	iters: 100, epoch: 5 | loss: 0.1505593
	speed: 0.0367s/iter; left time: 3756.3812s
	iters: 200, epoch: 5 | loss: 0.1217814
	speed: 0.0114s/iter; left time: 1161.7075s
	iters: 300, epoch: 5 | loss: 0.1665956
	speed: 0.0114s/iter; left time: 1161.2623s
	iters: 400, epoch: 5 | loss: 0.2352787
	speed: 0.0113s/iter; left time: 1152.5889s
	iters: 500, epoch: 5 | loss: 0.2286936
	speed: 0.0115s/iter; left time: 1172.5271s
	iters: 600, epoch: 5 | loss: 0.1113467
	speed: 0.0113s/iter; left time: 1153.6787s
	iters: 700, epoch: 5 | loss: 0.1323790
	speed: 0.0114s/iter; left time: 1160.6380s
	iters: 800, epoch: 5 | loss: 0.1395298
	speed: 0.0116s/iter; left time: 1174.7162s
	iters: 900, epoch: 5 | loss: 0.3498515
	speed: 0.0111s/iter; left time: 1128.3319s
	iters: 1000, epoch: 5 | loss: 0.1308144
	speed: 0.0115s/iter; left time: 1163.5667s
Epoch: 5 cost time: 12.21931529045105
Epoch: 5, Steps: 1067 | Train Loss: 0.1890766 Vali Loss: 0.1262152
EarlyStopping counter: 2 out of 6
Updating learning rate to 3.125e-05
	iters: 100, epoch: 6 | loss: 0.1637300
	speed: 0.0360s/iter; left time: 3645.0875s
	iters: 200, epoch: 6 | loss: 0.4215992
	speed: 0.0115s/iter; left time: 1164.0386s
	iters: 300, epoch: 6 | loss: 0.1899504
	speed: 0.0117s/iter; left time: 1184.6200s
	iters: 400, epoch: 6 | loss: 0.2084590
	speed: 0.0118s/iter; left time: 1190.4646s
	iters: 500, epoch: 6 | loss: 0.3377517
	speed: 0.0118s/iter; left time: 1187.0438s
	iters: 600, epoch: 6 | loss: 0.1558958
	speed: 0.0117s/iter; left time: 1178.6288s
	iters: 700, epoch: 6 | loss: 0.3305370
	speed: 0.0118s/iter; left time: 1183.5431s
	iters: 800, epoch: 6 | loss: 0.1580953
	speed: 0.0117s/iter; left time: 1175.8965s
	iters: 900, epoch: 6 | loss: 0.3419977
	speed: 0.0119s/iter; left time: 1196.0039s
	iters: 1000, epoch: 6 | loss: 0.1351843
	speed: 0.0121s/iter; left time: 1217.0833s
Epoch: 6 cost time: 12.526023149490356
Epoch: 6, Steps: 1067 | Train Loss: 0.1877778 Vali Loss: 0.1284498
EarlyStopping counter: 3 out of 6
Updating learning rate to 1.5625e-05
	iters: 100, epoch: 7 | loss: 0.1878423
	speed: 0.0367s/iter; left time: 3675.3712s
	iters: 200, epoch: 7 | loss: 0.1476297
	speed: 0.0119s/iter; left time: 1191.1228s
	iters: 300, epoch: 7 | loss: 0.2507184
	speed: 0.0117s/iter; left time: 1170.6905s
	iters: 400, epoch: 7 | loss: 0.1660855
	speed: 0.0121s/iter; left time: 1205.4897s
	iters: 500, epoch: 7 | loss: 0.2796477
	speed: 0.0119s/iter; left time: 1184.3779s
	iters: 600, epoch: 7 | loss: 0.1111862
	speed: 0.0116s/iter; left time: 1155.6399s
	iters: 700, epoch: 7 | loss: 0.1961254
	speed: 0.0115s/iter; left time: 1141.5403s
	iters: 800, epoch: 7 | loss: 0.1499927
	speed: 0.0119s/iter; left time: 1179.4958s
	iters: 900, epoch: 7 | loss: 0.2857594
	speed: 0.0118s/iter; left time: 1177.2598s
	iters: 1000, epoch: 7 | loss: 0.2704630
	speed: 0.0118s/iter; left time: 1173.2543s
Epoch: 7 cost time: 12.584052324295044
Epoch: 7, Steps: 1067 | Train Loss: 0.1867762 Vali Loss: 0.1282891
EarlyStopping counter: 4 out of 6
Updating learning rate to 7.8125e-06
	iters: 100, epoch: 8 | loss: 0.1234510
	speed: 0.0370s/iter; left time: 3666.5848s
	iters: 200, epoch: 8 | loss: 0.2917202
	speed: 0.0121s/iter; left time: 1199.9308s
	iters: 300, epoch: 8 | loss: 0.1997199
	speed: 0.0119s/iter; left time: 1172.6031s
	iters: 400, epoch: 8 | loss: 0.3018884
	speed: 0.0116s/iter; left time: 1142.3974s
	iters: 500, epoch: 8 | loss: 0.2153467
	speed: 0.0119s/iter; left time: 1174.0550s
	iters: 600, epoch: 8 | loss: 0.1569923
	speed: 0.0117s/iter; left time: 1154.3938s
	iters: 700, epoch: 8 | loss: 0.1630861
	speed: 0.0118s/iter; left time: 1167.1395s
	iters: 800, epoch: 8 | loss: 0.1735512
	speed: 0.0120s/iter; left time: 1181.9740s
	iters: 900, epoch: 8 | loss: 0.1484862
	speed: 0.0119s/iter; left time: 1167.4853s
	iters: 1000, epoch: 8 | loss: 0.1429158
	speed: 0.0116s/iter; left time: 1141.3616s
Epoch: 8 cost time: 12.62386155128479
Epoch: 8, Steps: 1067 | Train Loss: 0.1863546 Vali Loss: 0.1276318
EarlyStopping counter: 5 out of 6
Updating learning rate to 3.90625e-06
	iters: 100, epoch: 9 | loss: 0.1046414
	speed: 0.0371s/iter; left time: 3637.9833s
	iters: 200, epoch: 9 | loss: 0.1705417
	speed: 0.0119s/iter; left time: 1170.5102s
	iters: 300, epoch: 9 | loss: 0.2174822
	speed: 0.0121s/iter; left time: 1182.2416s
	iters: 400, epoch: 9 | loss: 0.1823516
	speed: 0.0120s/iter; left time: 1173.1835s
	iters: 500, epoch: 9 | loss: 0.1745640
	speed: 0.0116s/iter; left time: 1130.3991s
	iters: 600, epoch: 9 | loss: 0.1129528
	speed: 0.0121s/iter; left time: 1183.6317s
	iters: 700, epoch: 9 | loss: 0.1973482
	speed: 0.0120s/iter; left time: 1173.2283s
	iters: 800, epoch: 9 | loss: 0.1387136
	speed: 0.0120s/iter; left time: 1170.2485s
	iters: 900, epoch: 9 | loss: 0.1985131
	speed: 0.0119s/iter; left time: 1154.7904s
	iters: 1000, epoch: 9 | loss: 0.3510043
	speed: 0.0116s/iter; left time: 1129.4050s
Epoch: 9 cost time: 12.720399379730225
Epoch: 9, Steps: 1067 | Train Loss: 0.1860826 Vali Loss: 0.1278457
EarlyStopping counter: 6 out of 6
Early stopping
VALIDATION_RESULT {"best_epoch": 3, "best_mae": 0.24370032277792408, "best_mse": 0.12589198201227103, "epochs_ran": 9, "metric_version": "element_weighted_v1"}
>>>>>>>test skipped (validation-only run)<<<<<<<<<<<<<<<<<<<<<<<<
