Using GPU
Args in experiment:
[1mBasic Config[0m
  Task Name:          long_term_forecast  Is Training:        1                   
  Model ID:           ETTm1_96_96_cmrhm_backbone_ettm1_p96_no_graph_s2021Model:              GraphMambaCMRHM     

[1mData Loader[0m
  Data:               ETTm1               Root Path:          /home/cwh/Time-Series-Library/dataset/ETT-small
  Data Path:          ETTm1.csv           Features:           M                   
  Target:             OT                  Freq:               h                   
  Checkpoints:        /home/cwh/Time-Series-Library/logs/cmrhm_backbone_ablation/checkpoints

[1mForecasting Task[0m
  Seq Len:            336                 Label Len:          48                  
  Pred Len:           96                  Seasonal Patterns:  Monthly             
  Inverse:            0                   

[1mModel Parameters[0m
  Top k:              5                   Num Kernels:        6                   
  Enc In:             7                   Dec In:             7                   
  C Out:              7                   d model:            64                  
  n heads:            8                   e layers:           1                   
  d layers:           1                   d FF:               128                 
  Moving Avg:         25                  Factor:             1                   
  Distil:             1                   Dropout:            0.1                 
  Embed:              timeF               Activation:         gelu                

[1mRun Parameters[0m
  Num Workers:        0                   Itr:                1                   
  Train Epochs:       100                 Batch Size:         32                  
  Patience:           6                   Learning Rate:      0.0005              
  Des:                cmrhm_backbone_ettm1_p96_no_graph_s2021Loss:               MSE                 
  Lradj:              type1               Use Amp:            0                   

[1mGPU[0m
  Use GPU:            1                   GPU:                0                   
  Use Multi GPU:      0                   Devices:            0,1,2,3             

[1mDe-stationary Projector Params[0m
  P Hidden Dims:      128, 128            P Hidden Layers:    2                   

Use GPU: cuda:0
🚀 Lazy Loading: GraphMambaCMRHM ...
>>>>>>>start training : long_term_forecast_ETTm1_96_96_cmrhm_backbone_ettm1_p96_no_graph_s2021_GraphMambaCMRHM_ETTm1_ftM_sl336_ll48_pl96_dm64_nh8_el1_dl1_df128_expand2_dc2_fc1_ebtimeF_dtTrue_cmrhm_backbone_ettm1_p96_no_graph_s2021_0>>>>>>>>>>>>>>>>>>>>>>>>>>
train 34129
val 11425
	iters: 100, epoch: 1 | loss: 0.4322179
	speed: 0.0131s/iter; left time: 1400.8824s
	iters: 200, epoch: 1 | loss: 0.2949384
	speed: 0.0116s/iter; left time: 1239.4256s
	iters: 300, epoch: 1 | loss: 0.3597349
	speed: 0.0117s/iter; left time: 1241.4696s
	iters: 400, epoch: 1 | loss: 0.3553801
	speed: 0.0115s/iter; left time: 1224.9479s
	iters: 500, epoch: 1 | loss: 0.2485668
	speed: 0.0114s/iter; left time: 1215.4188s
	iters: 600, epoch: 1 | loss: 0.3292688
	speed: 0.0112s/iter; left time: 1187.5633s
	iters: 700, epoch: 1 | loss: 0.2744794
	speed: 0.0116s/iter; left time: 1228.7362s
	iters: 800, epoch: 1 | loss: 0.2741985
	speed: 0.0116s/iter; left time: 1224.9153s
	iters: 900, epoch: 1 | loss: 0.2442301
	speed: 0.0114s/iter; left time: 1202.9418s
	iters: 1000, epoch: 1 | loss: 0.2438782
	speed: 0.0118s/iter; left time: 1248.4949s
Epoch: 1 cost time: 12.502965211868286
Epoch: 1, Steps: 1067 | Train Loss: 0.3232769 Vali Loss: 0.3936661
Validation loss decreased (inf --> 0.393666).  Saving model ...
Updating learning rate to 0.0005
	iters: 100, epoch: 2 | loss: 0.3475625
	speed: 0.0370s/iter; left time: 3903.4283s
	iters: 200, epoch: 2 | loss: 0.2609888
	speed: 0.0112s/iter; left time: 1176.6564s
	iters: 300, epoch: 2 | loss: 0.2397572
	speed: 0.0114s/iter; left time: 1202.7892s
	iters: 400, epoch: 2 | loss: 0.2766868
	speed: 0.0115s/iter; left time: 1214.9561s
	iters: 500, epoch: 2 | loss: 0.2359175
	speed: 0.0115s/iter; left time: 1209.0531s
	iters: 600, epoch: 2 | loss: 0.2211222
	speed: 0.0116s/iter; left time: 1222.3429s
	iters: 700, epoch: 2 | loss: 0.2160926
	speed: 0.0120s/iter; left time: 1257.7868s
	iters: 800, epoch: 2 | loss: 0.2394874
	speed: 0.0118s/iter; left time: 1239.8139s
	iters: 900, epoch: 2 | loss: 0.3085528
	speed: 0.0117s/iter; left time: 1230.0117s
	iters: 1000, epoch: 2 | loss: 0.2196967
	speed: 0.0114s/iter; left time: 1188.7569s
Epoch: 2 cost time: 12.366376638412476
Epoch: 2, Steps: 1067 | Train Loss: 0.2576950 Vali Loss: 0.3727871
Validation loss decreased (0.393666 --> 0.372787).  Saving model ...
Updating learning rate to 0.00025
	iters: 100, epoch: 3 | loss: 0.2513417
	speed: 0.0364s/iter; left time: 3805.4505s
	iters: 200, epoch: 3 | loss: 0.2291576
	speed: 0.0118s/iter; left time: 1228.1336s
	iters: 300, epoch: 3 | loss: 0.3574602
	speed: 0.0119s/iter; left time: 1238.7143s
	iters: 400, epoch: 3 | loss: 0.2128585
	speed: 0.0112s/iter; left time: 1166.7560s
	iters: 500, epoch: 3 | loss: 0.2289678
	speed: 0.0113s/iter; left time: 1175.1022s
	iters: 600, epoch: 3 | loss: 0.2461097
	speed: 0.0114s/iter; left time: 1180.8353s
	iters: 700, epoch: 3 | loss: 0.2272457
	speed: 0.0116s/iter; left time: 1202.9455s
	iters: 800, epoch: 3 | loss: 0.2494793
	speed: 0.0118s/iter; left time: 1225.4653s
	iters: 900, epoch: 3 | loss: 0.2302052
	speed: 0.0117s/iter; left time: 1207.8896s
	iters: 1000, epoch: 3 | loss: 0.2137246
	speed: 0.0119s/iter; left time: 1231.6913s
Epoch: 3 cost time: 12.358740091323853
Epoch: 3, Steps: 1067 | Train Loss: 0.2451693 Vali Loss: 0.3700406
Validation loss decreased (0.372787 --> 0.370041).  Saving model ...
Updating learning rate to 0.000125
	iters: 100, epoch: 4 | loss: 0.1649064
	speed: 0.0350s/iter; left time: 3614.5411s
	iters: 200, epoch: 4 | loss: 0.2454038
	speed: 0.0117s/iter; left time: 1203.8563s
	iters: 300, epoch: 4 | loss: 0.1798266
	speed: 0.0115s/iter; left time: 1186.0821s
	iters: 400, epoch: 4 | loss: 0.1878304
	speed: 0.0117s/iter; left time: 1209.1551s
	iters: 500, epoch: 4 | loss: 0.2187555
	speed: 0.0114s/iter; left time: 1174.8293s
	iters: 600, epoch: 4 | loss: 0.2333740
	speed: 0.0116s/iter; left time: 1190.1515s
	iters: 700, epoch: 4 | loss: 0.2241576
	speed: 0.0116s/iter; left time: 1196.2864s
	iters: 800, epoch: 4 | loss: 0.2554874
	speed: 0.0116s/iter; left time: 1187.2004s
	iters: 900, epoch: 4 | loss: 0.2310054
	speed: 0.0116s/iter; left time: 1185.9600s
	iters: 1000, epoch: 4 | loss: 0.2392710
	speed: 0.0114s/iter; left time: 1167.7073s
Epoch: 4 cost time: 12.30503225326538
Epoch: 4, Steps: 1067 | Train Loss: 0.2409956 Vali Loss: 0.3702092
EarlyStopping counter: 1 out of 6
Updating learning rate to 6.25e-05
	iters: 100, epoch: 5 | loss: 0.2796843
	speed: 0.0352s/iter; left time: 3601.8691s
	iters: 200, epoch: 5 | loss: 0.2485913
	speed: 0.0115s/iter; left time: 1179.5142s
	iters: 300, epoch: 5 | loss: 0.2121398
	speed: 0.0120s/iter; left time: 1224.9169s
	iters: 400, epoch: 5 | loss: 0.2574649
	speed: 0.0118s/iter; left time: 1198.9998s
	iters: 500, epoch: 5 | loss: 0.2987003
	speed: 0.0117s/iter; left time: 1194.3767s
	iters: 600, epoch: 5 | loss: 0.2665914
	speed: 0.0116s/iter; left time: 1179.6466s
	iters: 700, epoch: 5 | loss: 0.2776667
	speed: 0.0118s/iter; left time: 1197.0251s
	iters: 800, epoch: 5 | loss: 0.2289492
	speed: 0.0115s/iter; left time: 1169.0701s
	iters: 900, epoch: 5 | loss: 0.2162441
	speed: 0.0118s/iter; left time: 1193.5169s
	iters: 1000, epoch: 5 | loss: 0.1842716
	speed: 0.0116s/iter; left time: 1175.0580s
Epoch: 5 cost time: 12.418550252914429
Epoch: 5, Steps: 1067 | Train Loss: 0.2386627 Vali Loss: 0.3704431
EarlyStopping counter: 2 out of 6
Updating learning rate to 3.125e-05
	iters: 100, epoch: 6 | loss: 0.2157112
	speed: 0.0359s/iter; left time: 3638.5861s
	iters: 200, epoch: 6 | loss: 0.2342408
	speed: 0.0116s/iter; left time: 1168.9612s
	iters: 300, epoch: 6 | loss: 0.2408238
	speed: 0.0114s/iter; left time: 1154.4932s
	iters: 400, epoch: 6 | loss: 0.2852342
	speed: 0.0112s/iter; left time: 1130.4982s
	iters: 500, epoch: 6 | loss: 0.2320898
	speed: 0.0113s/iter; left time: 1142.4974s
	iters: 600, epoch: 6 | loss: 0.2006986
	speed: 0.0111s/iter; left time: 1122.4670s
	iters: 700, epoch: 6 | loss: 0.2972624
	speed: 0.0112s/iter; left time: 1130.8197s
	iters: 800, epoch: 6 | loss: 0.2370894
	speed: 0.0115s/iter; left time: 1157.2140s
	iters: 900, epoch: 6 | loss: 0.2015391
	speed: 0.0115s/iter; left time: 1155.7126s
	iters: 1000, epoch: 6 | loss: 0.2537105
	speed: 0.0113s/iter; left time: 1132.1747s
Epoch: 6 cost time: 12.105033159255981
Epoch: 6, Steps: 1067 | Train Loss: 0.2373864 Vali Loss: 0.3700037
Validation loss decreased (0.370041 --> 0.370004).  Saving model ...
Updating learning rate to 1.5625e-05
	iters: 100, epoch: 7 | loss: 0.2424509
	speed: 0.0347s/iter; left time: 3476.6210s
	iters: 200, epoch: 7 | loss: 0.2736234
	speed: 0.0112s/iter; left time: 1118.1885s
	iters: 300, epoch: 7 | loss: 0.2287585
	speed: 0.0111s/iter; left time: 1107.5751s
	iters: 400, epoch: 7 | loss: 0.2307404
	speed: 0.0112s/iter; left time: 1121.1259s
	iters: 500, epoch: 7 | loss: 0.1977735
	speed: 0.0113s/iter; left time: 1123.8283s
	iters: 600, epoch: 7 | loss: 0.2256088
	speed: 0.0117s/iter; left time: 1161.6174s
	iters: 700, epoch: 7 | loss: 0.2038212
	speed: 0.0115s/iter; left time: 1143.3573s
	iters: 800, epoch: 7 | loss: 0.2649570
	speed: 0.0118s/iter; left time: 1171.6439s
	iters: 900, epoch: 7 | loss: 0.2653631
	speed: 0.0114s/iter; left time: 1137.4528s
	iters: 1000, epoch: 7 | loss: 0.2182882
	speed: 0.0115s/iter; left time: 1139.1421s
Epoch: 7 cost time: 12.180382251739502
Epoch: 7, Steps: 1067 | Train Loss: 0.2367401 Vali Loss: 0.3706481
EarlyStopping counter: 1 out of 6
Updating learning rate to 7.8125e-06
	iters: 100, epoch: 8 | loss: 0.2679818
	speed: 0.0361s/iter; left time: 3575.4002s
	iters: 200, epoch: 8 | loss: 0.2152169
	speed: 0.0115s/iter; left time: 1137.6885s
	iters: 300, epoch: 8 | loss: 0.2428709
	speed: 0.0112s/iter; left time: 1106.8422s
	iters: 400, epoch: 8 | loss: 0.2180367
	speed: 0.0115s/iter; left time: 1140.2230s
	iters: 500, epoch: 8 | loss: 0.3078538
	speed: 0.0116s/iter; left time: 1142.5155s
	iters: 600, epoch: 8 | loss: 0.2446787
	speed: 0.0114s/iter; left time: 1122.9062s
	iters: 700, epoch: 8 | loss: 0.2450652
	speed: 0.0115s/iter; left time: 1134.3002s
	iters: 800, epoch: 8 | loss: 0.2326375
	speed: 0.0116s/iter; left time: 1139.3624s
	iters: 900, epoch: 8 | loss: 0.2386162
	speed: 0.0115s/iter; left time: 1126.8443s
	iters: 1000, epoch: 8 | loss: 0.2169684
	speed: 0.0114s/iter; left time: 1122.1689s
Epoch: 8 cost time: 12.241357564926147
Epoch: 8, Steps: 1067 | Train Loss: 0.2361436 Vali Loss: 0.3709053
EarlyStopping counter: 2 out of 6
Updating learning rate to 3.90625e-06
	iters: 100, epoch: 9 | loss: 0.2323825
	speed: 0.0356s/iter; left time: 3491.3253s
	iters: 200, epoch: 9 | loss: 0.1994429
	speed: 0.0114s/iter; left time: 1115.2150s
	iters: 300, epoch: 9 | loss: 0.1966444
	speed: 0.0115s/iter; left time: 1125.3858s
	iters: 400, epoch: 9 | loss: 0.2240876
	speed: 0.0112s/iter; left time: 1098.8659s
	iters: 500, epoch: 9 | loss: 0.2598156
	speed: 0.0116s/iter; left time: 1129.5093s
	iters: 600, epoch: 9 | loss: 0.2542333
	speed: 0.0114s/iter; left time: 1115.6752s
	iters: 700, epoch: 9 | loss: 0.2187530
	speed: 0.0113s/iter; left time: 1097.2065s
	iters: 800, epoch: 9 | loss: 0.2048203
	speed: 0.0113s/iter; left time: 1096.3075s
	iters: 900, epoch: 9 | loss: 0.1934811
	speed: 0.0113s/iter; left time: 1103.5396s
	iters: 1000, epoch: 9 | loss: 0.2086729
	speed: 0.0115s/iter; left time: 1120.0895s
Epoch: 9 cost time: 12.144831895828247
Epoch: 9, Steps: 1067 | Train Loss: 0.2359731 Vali Loss: 0.3703071
EarlyStopping counter: 3 out of 6
Updating learning rate to 1.953125e-06
	iters: 100, epoch: 10 | loss: 0.2440951
	speed: 0.0353s/iter; left time: 3426.6893s
	iters: 200, epoch: 10 | loss: 0.2359391
	speed: 0.0118s/iter; left time: 1144.1064s
	iters: 300, epoch: 10 | loss: 0.2083915
	speed: 0.0114s/iter; left time: 1100.3766s
	iters: 400, epoch: 10 | loss: 0.2623470
	speed: 0.0113s/iter; left time: 1093.9281s
	iters: 500, epoch: 10 | loss: 0.2754984
	speed: 0.0117s/iter; left time: 1134.4891s
	iters: 600, epoch: 10 | loss: 0.1957258
	speed: 0.0116s/iter; left time: 1120.6416s
	iters: 700, epoch: 10 | loss: 0.1964511
	speed: 0.0117s/iter; left time: 1124.0461s
	iters: 800, epoch: 10 | loss: 0.2510472
	speed: 0.0113s/iter; left time: 1092.4593s
	iters: 900, epoch: 10 | loss: 0.2164389
	speed: 0.0113s/iter; left time: 1089.2691s
	iters: 1000, epoch: 10 | loss: 0.2320727
	speed: 0.0117s/iter; left time: 1123.8023s
Epoch: 10 cost time: 12.284748315811157
Epoch: 10, Steps: 1067 | Train Loss: 0.2358369 Vali Loss: 0.3704565
EarlyStopping counter: 4 out of 6
Updating learning rate to 9.765625e-07
	iters: 100, epoch: 11 | loss: 0.2171370
	speed: 0.0356s/iter; left time: 3412.5803s
	iters: 200, epoch: 11 | loss: 0.2527568
	speed: 0.0114s/iter; left time: 1090.7126s
	iters: 300, epoch: 11 | loss: 0.3145876
	speed: 0.0114s/iter; left time: 1092.6123s
	iters: 400, epoch: 11 | loss: 0.2196455
	speed: 0.0116s/iter; left time: 1110.6966s
	iters: 500, epoch: 11 | loss: 0.2572652
	speed: 0.0114s/iter; left time: 1089.8181s
	iters: 600, epoch: 11 | loss: 0.2308316
	speed: 0.0115s/iter; left time: 1098.0475s
	iters: 700, epoch: 11 | loss: 0.2698795
	speed: 0.0118s/iter; left time: 1123.1448s
	iters: 800, epoch: 11 | loss: 0.2138886
	speed: 0.0116s/iter; left time: 1103.8469s
	iters: 900, epoch: 11 | loss: 0.1994067
	speed: 0.0115s/iter; left time: 1097.5521s
	iters: 1000, epoch: 11 | loss: 0.2122522
	speed: 0.0117s/iter; left time: 1111.8070s
Epoch: 11 cost time: 12.350124835968018
Epoch: 11, Steps: 1067 | Train Loss: 0.2358406 Vali Loss: 0.3702658
EarlyStopping counter: 5 out of 6
Updating learning rate to 4.8828125e-07
	iters: 100, epoch: 12 | loss: 0.2791328
	speed: 0.0357s/iter; left time: 3387.2197s
	iters: 200, epoch: 12 | loss: 0.2308926
	speed: 0.0114s/iter; left time: 1083.3065s
	iters: 300, epoch: 12 | loss: 0.2131289
	speed: 0.0115s/iter; left time: 1088.9035s
	iters: 400, epoch: 12 | loss: 0.2264954
	speed: 0.0119s/iter; left time: 1122.3430s
	iters: 500, epoch: 12 | loss: 0.1921978
	speed: 0.0118s/iter; left time: 1113.1908s
	iters: 600, epoch: 12 | loss: 0.2345460
	speed: 0.0116s/iter; left time: 1098.7977s
	iters: 700, epoch: 12 | loss: 0.1900917
	speed: 0.0117s/iter; left time: 1105.7422s
	iters: 800, epoch: 12 | loss: 0.2521321
	speed: 0.0117s/iter; left time: 1097.0685s
	iters: 900, epoch: 12 | loss: 0.2103304
	speed: 0.0115s/iter; left time: 1079.1779s
	iters: 1000, epoch: 12 | loss: 0.2364173
	speed: 0.0120s/iter; left time: 1123.8075s
Epoch: 12 cost time: 12.425934791564941
Epoch: 12, Steps: 1067 | Train Loss: 0.2357976 Vali Loss: 0.3702769
EarlyStopping counter: 6 out of 6
Early stopping
VALIDATION_RESULT {"best_epoch": 6, "best_mae": 0.4013636263407828, "best_mse": 0.3700037034700423, "epochs_ran": 12, "metric_version": "element_weighted_v1"}
>>>>>>>test skipped (validation-only run)<<<<<<<<<<<<<<<<<<<<<<<<
