Using GPU
Args in experiment:
[1mBasic Config[0m
  Task Name:          long_term_forecast  Is Training:        1                   
  Model ID:           ETTm1_96_96_cmrhm_backbone_ettm1_p96_no_decomp_s2021Model:              GraphMambaCMRHM     

[1mData Loader[0m
  Data:               ETTm1               Root Path:          /home/cwh/Time-Series-Library/dataset/ETT-small
  Data Path:          ETTm1.csv           Features:           M                   
  Target:             OT                  Freq:               h                   
  Checkpoints:        /home/cwh/Time-Series-Library/logs/cmrhm_backbone_ablation/checkpoints

[1mForecasting Task[0m
  Seq Len:            336                 Label Len:          48                  
  Pred Len:           96                  Seasonal Patterns:  Monthly             
  Inverse:            0                   

[1mModel Parameters[0m
  Top k:              5                   Num Kernels:        6                   
  Enc In:             7                   Dec In:             7                   
  C Out:              7                   d model:            64                  
  n heads:            8                   e layers:           1                   
  d layers:           1                   d FF:               128                 
  Moving Avg:         25                  Factor:             1                   
  Distil:             1                   Dropout:            0.1                 
  Embed:              timeF               Activation:         gelu                

[1mRun Parameters[0m
  Num Workers:        0                   Itr:                1                   
  Train Epochs:       100                 Batch Size:         32                  
  Patience:           6                   Learning Rate:      0.0005              
  Des:                cmrhm_backbone_ettm1_p96_no_decomp_s2021Loss:               MSE                 
  Lradj:              type1               Use Amp:            0                   

[1mGPU[0m
  Use GPU:            1                   GPU:                0                   
  Use Multi GPU:      0                   Devices:            0,1,2,3             

[1mDe-stationary Projector Params[0m
  P Hidden Dims:      128, 128            P Hidden Layers:    2                   

Use GPU: cuda:0
🚀 Lazy Loading: GraphMambaCMRHM ...
[GraphMamba] Building 7x7 static graph from 2000 training samples
>>>>>>>start training : long_term_forecast_ETTm1_96_96_cmrhm_backbone_ettm1_p96_no_decomp_s2021_GraphMambaCMRHM_ETTm1_ftM_sl336_ll48_pl96_dm64_nh8_el1_dl1_df128_expand2_dc2_fc1_ebtimeF_dtTrue_cmrhm_backbone_ettm1_p96_no_decomp_s2021_0>>>>>>>>>>>>>>>>>>>>>>>>>>
train 34129
val 11425
	iters: 100, epoch: 1 | loss: 0.3933468
	speed: 0.0146s/iter; left time: 1559.7219s
	iters: 200, epoch: 1 | loss: 0.2818210
	speed: 0.0122s/iter; left time: 1300.2530s
	iters: 300, epoch: 1 | loss: 0.2630252
	speed: 0.0119s/iter; left time: 1268.5520s
	iters: 400, epoch: 1 | loss: 0.3032802
	speed: 0.0122s/iter; left time: 1296.3737s
	iters: 500, epoch: 1 | loss: 0.2294975
	speed: 0.0122s/iter; left time: 1296.6830s
	iters: 600, epoch: 1 | loss: 0.2969976
	speed: 0.0119s/iter; left time: 1260.4702s
	iters: 700, epoch: 1 | loss: 0.2755665
	speed: 0.0121s/iter; left time: 1279.1811s
	iters: 800, epoch: 1 | loss: 0.2713523
	speed: 0.0119s/iter; left time: 1261.3188s
	iters: 900, epoch: 1 | loss: 0.2581808
	speed: 0.0121s/iter; left time: 1279.6145s
	iters: 1000, epoch: 1 | loss: 0.2640738
	speed: 0.0118s/iter; left time: 1243.2440s
Epoch: 1 cost time: 13.083359479904175
Epoch: 1, Steps: 1067 | Train Loss: 0.3000534 Vali Loss: 0.3835348
Validation loss decreased (inf --> 0.383535).  Saving model ...
Updating learning rate to 0.0005
	iters: 100, epoch: 2 | loss: 0.2311981
	speed: 0.0372s/iter; left time: 3921.1373s
	iters: 200, epoch: 2 | loss: 0.3074960
	speed: 0.0121s/iter; left time: 1271.0191s
	iters: 300, epoch: 2 | loss: 0.2676087
	speed: 0.0122s/iter; left time: 1280.7729s
	iters: 400, epoch: 2 | loss: 0.2405518
	speed: 0.0122s/iter; left time: 1289.1144s
	iters: 500, epoch: 2 | loss: 0.2659159
	speed: 0.0123s/iter; left time: 1289.6021s
	iters: 600, epoch: 2 | loss: 0.2633909
	speed: 0.0121s/iter; left time: 1274.4997s
	iters: 700, epoch: 2 | loss: 0.2106289
	speed: 0.0120s/iter; left time: 1258.3379s
	iters: 800, epoch: 2 | loss: 0.2584170
	speed: 0.0120s/iter; left time: 1255.2992s
	iters: 900, epoch: 2 | loss: 0.2280759
	speed: 0.0121s/iter; left time: 1262.2119s
	iters: 1000, epoch: 2 | loss: 0.2572521
	speed: 0.0121s/iter; left time: 1262.8284s
Epoch: 2 cost time: 12.90598726272583
Epoch: 2, Steps: 1067 | Train Loss: 0.2558079 Vali Loss: 0.3754338
Validation loss decreased (0.383535 --> 0.375434).  Saving model ...
Updating learning rate to 0.00025
	iters: 100, epoch: 3 | loss: 0.2595498
	speed: 0.0366s/iter; left time: 3820.6113s
	iters: 200, epoch: 3 | loss: 0.2612211
	speed: 0.0120s/iter; left time: 1250.5022s
	iters: 300, epoch: 3 | loss: 0.1873693
	speed: 0.0119s/iter; left time: 1243.2879s
	iters: 400, epoch: 3 | loss: 0.2596016
	speed: 0.0117s/iter; left time: 1218.9949s
	iters: 500, epoch: 3 | loss: 0.2597190
	speed: 0.0118s/iter; left time: 1228.7809s
	iters: 600, epoch: 3 | loss: 0.2889472
	speed: 0.0121s/iter; left time: 1253.2011s
	iters: 700, epoch: 3 | loss: 0.2859562
	speed: 0.0118s/iter; left time: 1227.3139s
	iters: 800, epoch: 3 | loss: 0.2524166
	speed: 0.0119s/iter; left time: 1239.9453s
	iters: 900, epoch: 3 | loss: 0.2206470
	speed: 0.0118s/iter; left time: 1223.8050s
	iters: 1000, epoch: 3 | loss: 0.2253072
	speed: 0.0118s/iter; left time: 1224.0841s
Epoch: 3 cost time: 12.683581113815308
Epoch: 3, Steps: 1067 | Train Loss: 0.2423113 Vali Loss: 0.3695832
Validation loss decreased (0.375434 --> 0.369583).  Saving model ...
Updating learning rate to 0.000125
	iters: 100, epoch: 4 | loss: 0.1750020
	speed: 0.0360s/iter; left time: 3723.9219s
	iters: 200, epoch: 4 | loss: 0.1963608
	speed: 0.0119s/iter; left time: 1232.2895s
	iters: 300, epoch: 4 | loss: 0.2325250
	speed: 0.0122s/iter; left time: 1258.5880s
	iters: 400, epoch: 4 | loss: 0.2192730
	speed: 0.0122s/iter; left time: 1256.0005s
	iters: 500, epoch: 4 | loss: 0.2680991
	speed: 0.0120s/iter; left time: 1235.8498s
	iters: 600, epoch: 4 | loss: 0.2053507
	speed: 0.0124s/iter; left time: 1272.1026s
	iters: 700, epoch: 4 | loss: 0.2612541
	speed: 0.0124s/iter; left time: 1277.2337s
	iters: 800, epoch: 4 | loss: 0.2487233
	speed: 0.0127s/iter; left time: 1302.9920s
	iters: 900, epoch: 4 | loss: 0.2564669
	speed: 0.0121s/iter; left time: 1246.2137s
	iters: 1000, epoch: 4 | loss: 0.2556128
	speed: 0.0123s/iter; left time: 1256.0179s
Epoch: 4 cost time: 13.060194969177246
Epoch: 4, Steps: 1067 | Train Loss: 0.2364509 Vali Loss: 0.3663453
Validation loss decreased (0.369583 --> 0.366345).  Saving model ...
Updating learning rate to 6.25e-05
	iters: 100, epoch: 5 | loss: 0.2263917
	speed: 0.0373s/iter; left time: 3812.6685s
	iters: 200, epoch: 5 | loss: 0.2695789
	speed: 0.0121s/iter; left time: 1236.7873s
	iters: 300, epoch: 5 | loss: 0.2237521
	speed: 0.0121s/iter; left time: 1231.1813s
	iters: 400, epoch: 5 | loss: 0.2386197
	speed: 0.0122s/iter; left time: 1248.5098s
	iters: 500, epoch: 5 | loss: 0.2149899
	speed: 0.0118s/iter; left time: 1202.2695s
	iters: 600, epoch: 5 | loss: 0.2031391
	speed: 0.0123s/iter; left time: 1251.0919s
	iters: 700, epoch: 5 | loss: 0.2122618
	speed: 0.0124s/iter; left time: 1265.4486s
	iters: 800, epoch: 5 | loss: 0.2792870
	speed: 0.0121s/iter; left time: 1228.7935s
	iters: 900, epoch: 5 | loss: 0.2363477
	speed: 0.0120s/iter; left time: 1219.7829s
	iters: 1000, epoch: 5 | loss: 0.2717058
	speed: 0.0121s/iter; left time: 1228.7908s
Epoch: 5 cost time: 12.927200078964233
Epoch: 5, Steps: 1067 | Train Loss: 0.2332272 Vali Loss: 0.3664988
EarlyStopping counter: 1 out of 6
Updating learning rate to 3.125e-05
	iters: 100, epoch: 6 | loss: 0.2909816
	speed: 0.0370s/iter; left time: 3748.3491s
	iters: 200, epoch: 6 | loss: 0.2180672
	speed: 0.0121s/iter; left time: 1220.2823s
	iters: 300, epoch: 6 | loss: 0.2694460
	speed: 0.0121s/iter; left time: 1220.2743s
	iters: 400, epoch: 6 | loss: 0.2076358
	speed: 0.0121s/iter; left time: 1217.8667s
	iters: 500, epoch: 6 | loss: 0.1952344
	speed: 0.0119s/iter; left time: 1199.9070s
	iters: 600, epoch: 6 | loss: 0.2839126
	speed: 0.0119s/iter; left time: 1195.4263s
	iters: 700, epoch: 6 | loss: 0.1991547
	speed: 0.0119s/iter; left time: 1199.3117s
	iters: 800, epoch: 6 | loss: 0.2315582
	speed: 0.0117s/iter; left time: 1177.7063s
	iters: 900, epoch: 6 | loss: 0.2187530
	speed: 0.0118s/iter; left time: 1186.5614s
	iters: 1000, epoch: 6 | loss: 0.2158544
	speed: 0.0119s/iter; left time: 1198.5268s
Epoch: 6 cost time: 12.762572765350342
Epoch: 6, Steps: 1067 | Train Loss: 0.2316707 Vali Loss: 0.3658537
Validation loss decreased (0.366345 --> 0.365854).  Saving model ...
Updating learning rate to 1.5625e-05
	iters: 100, epoch: 7 | loss: 0.2505341
	speed: 0.0369s/iter; left time: 3700.0465s
	iters: 200, epoch: 7 | loss: 0.2419363
	speed: 0.0120s/iter; left time: 1198.9356s
	iters: 300, epoch: 7 | loss: 0.2141478
	speed: 0.0117s/iter; left time: 1174.8120s
	iters: 400, epoch: 7 | loss: 0.2126154
	speed: 0.0121s/iter; left time: 1211.2674s
	iters: 500, epoch: 7 | loss: 0.2149190
	speed: 0.0124s/iter; left time: 1232.9130s
	iters: 600, epoch: 7 | loss: 0.2128926
	speed: 0.0121s/iter; left time: 1210.6159s
	iters: 700, epoch: 7 | loss: 0.2211687
	speed: 0.0124s/iter; left time: 1237.1325s
	iters: 800, epoch: 7 | loss: 0.2817193
	speed: 0.0122s/iter; left time: 1215.2303s
	iters: 900, epoch: 7 | loss: 0.2078035
	speed: 0.0124s/iter; left time: 1229.2341s
	iters: 1000, epoch: 7 | loss: 0.2050750
	speed: 0.0124s/iter; left time: 1231.1750s
Epoch: 7 cost time: 12.961354732513428
Epoch: 7, Steps: 1067 | Train Loss: 0.2308862 Vali Loss: 0.3649988
Validation loss decreased (0.365854 --> 0.364999).  Saving model ...
Updating learning rate to 7.8125e-06
	iters: 100, epoch: 8 | loss: 0.2433091
	speed: 0.0366s/iter; left time: 3624.7019s
	iters: 200, epoch: 8 | loss: 0.2300511
	speed: 0.0123s/iter; left time: 1213.2045s
	iters: 300, epoch: 8 | loss: 0.2371470
	speed: 0.0124s/iter; left time: 1225.3866s
	iters: 400, epoch: 8 | loss: 0.2097964
	speed: 0.0122s/iter; left time: 1203.2376s
	iters: 500, epoch: 8 | loss: 0.2197735
	speed: 0.0122s/iter; left time: 1208.5449s
	iters: 600, epoch: 8 | loss: 0.1973485
	speed: 0.0119s/iter; left time: 1172.8468s
	iters: 700, epoch: 8 | loss: 0.2595405
	speed: 0.0118s/iter; left time: 1160.4781s
	iters: 800, epoch: 8 | loss: 0.2391334
	speed: 0.0123s/iter; left time: 1207.1925s
	iters: 900, epoch: 8 | loss: 0.2304943
	speed: 0.0117s/iter; left time: 1146.0010s
	iters: 1000, epoch: 8 | loss: 0.2017765
	speed: 0.0118s/iter; left time: 1157.7425s
Epoch: 8 cost time: 12.80649733543396
Epoch: 8, Steps: 1067 | Train Loss: 0.2303837 Vali Loss: 0.3656931
EarlyStopping counter: 1 out of 6
Updating learning rate to 3.90625e-06
	iters: 100, epoch: 9 | loss: 0.2254507
	speed: 0.0371s/iter; left time: 3640.0619s
	iters: 200, epoch: 9 | loss: 0.1947310
	speed: 0.0121s/iter; left time: 1183.6444s
	iters: 300, epoch: 9 | loss: 0.1880921
	speed: 0.0120s/iter; left time: 1170.5570s
	iters: 400, epoch: 9 | loss: 0.1980312
	speed: 0.0120s/iter; left time: 1177.6540s
	iters: 500, epoch: 9 | loss: 0.2213769
	speed: 0.0117s/iter; left time: 1146.9222s
	iters: 600, epoch: 9 | loss: 0.1851772
	speed: 0.0119s/iter; left time: 1156.3857s
	iters: 700, epoch: 9 | loss: 0.2000299
	speed: 0.0120s/iter; left time: 1166.8919s
	iters: 800, epoch: 9 | loss: 0.2927263
	speed: 0.0118s/iter; left time: 1152.5372s
	iters: 900, epoch: 9 | loss: 0.2360224
	speed: 0.0118s/iter; left time: 1143.5589s
	iters: 1000, epoch: 9 | loss: 0.2529439
	speed: 0.0117s/iter; left time: 1134.1190s
Epoch: 9 cost time: 12.671979427337646
Epoch: 9, Steps: 1067 | Train Loss: 0.2300554 Vali Loss: 0.3656241
EarlyStopping counter: 2 out of 6
Updating learning rate to 1.953125e-06
	iters: 100, epoch: 10 | loss: 0.2464425
	speed: 0.0367s/iter; left time: 3557.7569s
	iters: 200, epoch: 10 | loss: 0.2900602
	speed: 0.0120s/iter; left time: 1163.6410s
	iters: 300, epoch: 10 | loss: 0.2156219
	speed: 0.0121s/iter; left time: 1169.4516s
	iters: 400, epoch: 10 | loss: 0.2297370
	speed: 0.0121s/iter; left time: 1166.7264s
	iters: 500, epoch: 10 | loss: 0.2487225
	speed: 0.0118s/iter; left time: 1138.0953s
	iters: 600, epoch: 10 | loss: 0.2108002
	speed: 0.0119s/iter; left time: 1143.5993s
	iters: 700, epoch: 10 | loss: 0.2714840
	speed: 0.0119s/iter; left time: 1147.5293s
	iters: 800, epoch: 10 | loss: 0.2367158
	speed: 0.0120s/iter; left time: 1159.5406s
	iters: 900, epoch: 10 | loss: 0.2585764
	speed: 0.0121s/iter; left time: 1159.7191s
	iters: 1000, epoch: 10 | loss: 0.2137456
	speed: 0.0119s/iter; left time: 1140.4106s
Epoch: 10 cost time: 12.768567085266113
Epoch: 10, Steps: 1067 | Train Loss: 0.2298562 Vali Loss: 0.3654748
EarlyStopping counter: 3 out of 6
Updating learning rate to 9.765625e-07
	iters: 100, epoch: 11 | loss: 0.2238412
	speed: 0.0363s/iter; left time: 3484.7770s
	iters: 200, epoch: 11 | loss: 0.2209198
	speed: 0.0122s/iter; left time: 1173.7156s
	iters: 300, epoch: 11 | loss: 0.2086037
	speed: 0.0120s/iter; left time: 1149.2221s
	iters: 400, epoch: 11 | loss: 0.2385754
	speed: 0.0120s/iter; left time: 1146.8422s
	iters: 500, epoch: 11 | loss: 0.2118443
	speed: 0.0124s/iter; left time: 1187.0087s
	iters: 600, epoch: 11 | loss: 0.2533062
	speed: 0.0122s/iter; left time: 1160.4187s
	iters: 700, epoch: 11 | loss: 0.2054684
	speed: 0.0123s/iter; left time: 1176.8225s
	iters: 800, epoch: 11 | loss: 0.2667578
	speed: 0.0121s/iter; left time: 1154.9945s
	iters: 900, epoch: 11 | loss: 0.2214509
	speed: 0.0122s/iter; left time: 1158.4102s
	iters: 1000, epoch: 11 | loss: 0.1919429
	speed: 0.0120s/iter; left time: 1136.6853s
Epoch: 11 cost time: 12.930831670761108
Epoch: 11, Steps: 1067 | Train Loss: 0.2299307 Vali Loss: 0.3654184
EarlyStopping counter: 4 out of 6
Updating learning rate to 4.8828125e-07
	iters: 100, epoch: 12 | loss: 0.2350058
	speed: 0.0367s/iter; left time: 3483.2472s
	iters: 200, epoch: 12 | loss: 0.2611441
	speed: 0.0121s/iter; left time: 1147.7459s
	iters: 300, epoch: 12 | loss: 0.2011945
	speed: 0.0119s/iter; left time: 1129.6129s
	iters: 400, epoch: 12 | loss: 0.2145421
	speed: 0.0119s/iter; left time: 1128.5995s
	iters: 500, epoch: 12 | loss: 0.2056246
	speed: 0.0119s/iter; left time: 1126.9049s
	iters: 600, epoch: 12 | loss: 0.2235415
	speed: 0.0118s/iter; left time: 1117.6086s
	iters: 700, epoch: 12 | loss: 0.2767988
	speed: 0.0120s/iter; left time: 1130.7527s
	iters: 800, epoch: 12 | loss: 0.2472684
	speed: 0.0118s/iter; left time: 1115.3400s
	iters: 900, epoch: 12 | loss: 0.2093924
	speed: 0.0120s/iter; left time: 1128.3623s
	iters: 1000, epoch: 12 | loss: 0.2130168
	speed: 0.0122s/iter; left time: 1144.0977s
Epoch: 12 cost time: 12.777417421340942
Epoch: 12, Steps: 1067 | Train Loss: 0.2297514 Vali Loss: 0.3654416
EarlyStopping counter: 5 out of 6
Updating learning rate to 2.44140625e-07
	iters: 100, epoch: 13 | loss: 0.2705325
	speed: 0.0369s/iter; left time: 3457.8283s
	iters: 200, epoch: 13 | loss: 0.2382376
	speed: 0.0124s/iter; left time: 1163.2068s
	iters: 300, epoch: 13 | loss: 0.1959673
	speed: 0.0121s/iter; left time: 1133.7941s
	iters: 400, epoch: 13 | loss: 0.2180571
	speed: 0.0122s/iter; left time: 1136.7370s
	iters: 500, epoch: 13 | loss: 0.2988994
	speed: 0.0121s/iter; left time: 1134.3052s
	iters: 600, epoch: 13 | loss: 0.2068917
	speed: 0.0124s/iter; left time: 1152.8473s
	iters: 700, epoch: 13 | loss: 0.2705940
	speed: 0.0121s/iter; left time: 1131.4927s
	iters: 800, epoch: 13 | loss: 0.2146863
	speed: 0.0123s/iter; left time: 1147.7649s
	iters: 900, epoch: 13 | loss: 0.2175144
	speed: 0.0125s/iter; left time: 1158.7014s
	iters: 1000, epoch: 13 | loss: 0.2467651
	speed: 0.0127s/iter; left time: 1181.9250s
Epoch: 13 cost time: 13.115210771560669
Epoch: 13, Steps: 1067 | Train Loss: 0.2298944 Vali Loss: 0.3654564
EarlyStopping counter: 6 out of 6
Early stopping
VALIDATION_RESULT {"best_epoch": 7, "best_mae": 0.4004253932407924, "best_mse": 0.36499884983518666, "epochs_ran": 13, "metric_version": "element_weighted_v1"}
>>>>>>>test skipped (validation-only run)<<<<<<<<<<<<<<<<<<<<<<<<
