Using GPU
Args in experiment:
[1mBasic Config[0m
  Task Name:          long_term_forecast  Is Training:        1                   
  Model ID:           ETTm1_96_96_cmrhm_backbone_ettm1_p96_no_mamba_s2021Model:              GraphMambaCMRHM     

[1mData Loader[0m
  Data:               ETTm1               Root Path:          /home/cwh/Time-Series-Library/dataset/ETT-small
  Data Path:          ETTm1.csv           Features:           M                   
  Target:             OT                  Freq:               h                   
  Checkpoints:        /home/cwh/Time-Series-Library/logs/cmrhm_backbone_ablation/checkpoints

[1mForecasting Task[0m
  Seq Len:            336                 Label Len:          48                  
  Pred Len:           96                  Seasonal Patterns:  Monthly             
  Inverse:            0                   

[1mModel Parameters[0m
  Top k:              5                   Num Kernels:        6                   
  Enc In:             7                   Dec In:             7                   
  C Out:              7                   d model:            64                  
  n heads:            8                   e layers:           1                   
  d layers:           1                   d FF:               128                 
  Moving Avg:         25                  Factor:             1                   
  Distil:             1                   Dropout:            0.1                 
  Embed:              timeF               Activation:         gelu                

[1mRun Parameters[0m
  Num Workers:        0                   Itr:                1                   
  Train Epochs:       100                 Batch Size:         32                  
  Patience:           6                   Learning Rate:      0.0005              
  Des:                cmrhm_backbone_ettm1_p96_no_mamba_s2021Loss:               MSE                 
  Lradj:              type1               Use Amp:            0                   

[1mGPU[0m
  Use GPU:            1                   GPU:                0                   
  Use Multi GPU:      0                   Devices:            0,1,2,3             

[1mDe-stationary Projector Params[0m
  P Hidden Dims:      128, 128            P Hidden Layers:    2                   

Use GPU: cuda:0
🚀 Lazy Loading: GraphMambaCMRHM ...
[GraphMamba] Building 7x7 static graph from 2000 training samples
>>>>>>>start training : long_term_forecast_ETTm1_96_96_cmrhm_backbone_ettm1_p96_no_mamba_s2021_GraphMambaCMRHM_ETTm1_ftM_sl336_ll48_pl96_dm64_nh8_el1_dl1_df128_expand2_dc2_fc1_ebtimeF_dtTrue_cmrhm_backbone_ettm1_p96_no_mamba_s2021_0>>>>>>>>>>>>>>>>>>>>>>>>>>
train 34129
val 11425
	iters: 100, epoch: 1 | loss: 0.3023181
	speed: 0.0118s/iter; left time: 1257.4972s
	iters: 200, epoch: 1 | loss: 0.2808097
	speed: 0.0048s/iter; left time: 515.2591s
	iters: 300, epoch: 1 | loss: 0.3029239
	speed: 0.0048s/iter; left time: 512.2005s
	iters: 400, epoch: 1 | loss: 0.3112015
	speed: 0.0049s/iter; left time: 515.6462s
	iters: 500, epoch: 1 | loss: 0.2696728
	speed: 0.0050s/iter; left time: 534.4643s
	iters: 600, epoch: 1 | loss: 0.2988458
	speed: 0.0048s/iter; left time: 509.1351s
	iters: 700, epoch: 1 | loss: 0.2249741
	speed: 0.0049s/iter; left time: 520.5063s
	iters: 800, epoch: 1 | loss: 0.2299740
	speed: 0.0051s/iter; left time: 544.3154s
	iters: 900, epoch: 1 | loss: 0.2844736
	speed: 0.0052s/iter; left time: 553.3259s
	iters: 1000, epoch: 1 | loss: 0.2626737
	speed: 0.0051s/iter; left time: 538.6988s
Epoch: 1 cost time: 5.4362828731536865
Epoch: 1, Steps: 1067 | Train Loss: 0.2923171 Vali Loss: 0.3858285
Validation loss decreased (inf --> 0.385828).  Saving model ...
Updating learning rate to 0.0005
	iters: 100, epoch: 2 | loss: 0.2988380
	speed: 0.0174s/iter; left time: 1841.2537s
	iters: 200, epoch: 2 | loss: 0.2501207
	speed: 0.0052s/iter; left time: 551.8014s
	iters: 300, epoch: 2 | loss: 0.2625729
	speed: 0.0055s/iter; left time: 584.4353s
	iters: 400, epoch: 2 | loss: 0.2091622
	speed: 0.0054s/iter; left time: 570.3957s
	iters: 500, epoch: 2 | loss: 0.2697430
	speed: 0.0053s/iter; left time: 554.0035s
	iters: 600, epoch: 2 | loss: 0.2217165
	speed: 0.0053s/iter; left time: 560.7342s
	iters: 700, epoch: 2 | loss: 0.2945071
	speed: 0.0053s/iter; left time: 559.1223s
	iters: 800, epoch: 2 | loss: 0.2368947
	speed: 0.0052s/iter; left time: 544.6436s
	iters: 900, epoch: 2 | loss: 0.2523545
	speed: 0.0050s/iter; left time: 528.3872s
	iters: 1000, epoch: 2 | loss: 0.2438485
	speed: 0.0051s/iter; left time: 532.2232s
Epoch: 2 cost time: 5.6143035888671875
Epoch: 2, Steps: 1067 | Train Loss: 0.2598854 Vali Loss: 0.3782212
Validation loss decreased (0.385828 --> 0.378221).  Saving model ...
Updating learning rate to 0.00025
	iters: 100, epoch: 3 | loss: 0.2959552
	speed: 0.0174s/iter; left time: 1816.8072s
	iters: 200, epoch: 3 | loss: 0.2747151
	speed: 0.0050s/iter; left time: 519.0018s
	iters: 300, epoch: 3 | loss: 0.2510268
	speed: 0.0054s/iter; left time: 560.3560s
	iters: 400, epoch: 3 | loss: 0.2583423
	speed: 0.0053s/iter; left time: 553.6085s
	iters: 500, epoch: 3 | loss: 0.2725548
	speed: 0.0055s/iter; left time: 571.7864s
	iters: 600, epoch: 3 | loss: 0.2015218
	speed: 0.0056s/iter; left time: 580.0378s
	iters: 700, epoch: 3 | loss: 0.3097636
	speed: 0.0055s/iter; left time: 569.8381s
	iters: 800, epoch: 3 | loss: 0.2412070
	speed: 0.0056s/iter; left time: 576.9628s
	iters: 900, epoch: 3 | loss: 0.2805063
	speed: 0.0054s/iter; left time: 557.4424s
	iters: 1000, epoch: 3 | loss: 0.1882917
	speed: 0.0054s/iter; left time: 554.2643s
Epoch: 3 cost time: 5.7064971923828125
Epoch: 3, Steps: 1067 | Train Loss: 0.2525784 Vali Loss: 0.3732540
Validation loss decreased (0.378221 --> 0.373254).  Saving model ...
Updating learning rate to 0.000125
	iters: 100, epoch: 4 | loss: 0.2433185
	speed: 0.0178s/iter; left time: 1844.0465s
	iters: 200, epoch: 4 | loss: 0.2401986
	speed: 0.0052s/iter; left time: 535.1505s
	iters: 300, epoch: 4 | loss: 0.2164853
	speed: 0.0054s/iter; left time: 560.0839s
	iters: 400, epoch: 4 | loss: 0.2235991
	speed: 0.0056s/iter; left time: 577.8884s
	iters: 500, epoch: 4 | loss: 0.2282339
	speed: 0.0052s/iter; left time: 537.9670s
	iters: 600, epoch: 4 | loss: 0.2496726
	speed: 0.0051s/iter; left time: 523.8315s
	iters: 700, epoch: 4 | loss: 0.3195066
	speed: 0.0051s/iter; left time: 523.2503s
	iters: 800, epoch: 4 | loss: 0.2194812
	speed: 0.0055s/iter; left time: 566.6239s
	iters: 900, epoch: 4 | loss: 0.2197567
	speed: 0.0053s/iter; left time: 538.7577s
	iters: 1000, epoch: 4 | loss: 0.2381194
	speed: 0.0051s/iter; left time: 521.1799s
Epoch: 4 cost time: 5.613288164138794
Epoch: 4, Steps: 1067 | Train Loss: 0.2494199 Vali Loss: 0.3717481
Validation loss decreased (0.373254 --> 0.371748).  Saving model ...
Updating learning rate to 6.25e-05
	iters: 100, epoch: 5 | loss: 0.2449472
	speed: 0.0167s/iter; left time: 1704.8318s
	iters: 200, epoch: 5 | loss: 0.2383519
	speed: 0.0049s/iter; left time: 502.3995s
	iters: 300, epoch: 5 | loss: 0.2064768
	speed: 0.0052s/iter; left time: 530.2707s
	iters: 400, epoch: 5 | loss: 0.2371853
	speed: 0.0051s/iter; left time: 524.9731s
	iters: 500, epoch: 5 | loss: 0.2599421
	speed: 0.0051s/iter; left time: 515.4490s
	iters: 600, epoch: 5 | loss: 0.2702742
	speed: 0.0054s/iter; left time: 545.1497s
	iters: 700, epoch: 5 | loss: 0.2414328
	speed: 0.0050s/iter; left time: 508.3895s
	iters: 800, epoch: 5 | loss: 0.2178091
	speed: 0.0052s/iter; left time: 531.8779s
	iters: 900, epoch: 5 | loss: 0.2728792
	speed: 0.0053s/iter; left time: 538.0450s
	iters: 1000, epoch: 5 | loss: 0.2567011
	speed: 0.0052s/iter; left time: 530.5584s
Epoch: 5 cost time: 5.469775438308716
Epoch: 5, Steps: 1067 | Train Loss: 0.2479405 Vali Loss: 0.3713602
Validation loss decreased (0.371748 --> 0.371360).  Saving model ...
Updating learning rate to 3.125e-05
	iters: 100, epoch: 6 | loss: 0.1934388
	speed: 0.0171s/iter; left time: 1736.5073s
	iters: 200, epoch: 6 | loss: 0.2639121
	speed: 0.0052s/iter; left time: 527.6997s
	iters: 300, epoch: 6 | loss: 0.2559088
	speed: 0.0053s/iter; left time: 534.0452s
	iters: 400, epoch: 6 | loss: 0.2511582
	speed: 0.0052s/iter; left time: 522.7691s
	iters: 500, epoch: 6 | loss: 0.2240834
	speed: 0.0054s/iter; left time: 543.9268s
	iters: 600, epoch: 6 | loss: 0.2688554
	speed: 0.0052s/iter; left time: 524.8867s
	iters: 700, epoch: 6 | loss: 0.2780224
	speed: 0.0049s/iter; left time: 491.8594s
	iters: 800, epoch: 6 | loss: 0.2113293
	speed: 0.0053s/iter; left time: 534.9915s
	iters: 900, epoch: 6 | loss: 0.2898146
	speed: 0.0051s/iter; left time: 508.1484s
	iters: 1000, epoch: 6 | loss: 0.2413985
	speed: 0.0053s/iter; left time: 536.8376s
Epoch: 6 cost time: 5.5480897426605225
Epoch: 6, Steps: 1067 | Train Loss: 0.2472609 Vali Loss: 0.3706230
Validation loss decreased (0.371360 --> 0.370623).  Saving model ...
Updating learning rate to 1.5625e-05
	iters: 100, epoch: 7 | loss: 0.2467385
	speed: 0.0173s/iter; left time: 1728.4539s
	iters: 200, epoch: 7 | loss: 0.2056623
	speed: 0.0048s/iter; left time: 480.6334s
	iters: 300, epoch: 7 | loss: 0.1902204
	speed: 0.0050s/iter; left time: 500.6621s
	iters: 400, epoch: 7 | loss: 0.1997828
	speed: 0.0049s/iter; left time: 490.0767s
	iters: 500, epoch: 7 | loss: 0.2892723
	speed: 0.0050s/iter; left time: 501.1043s
	iters: 600, epoch: 7 | loss: 0.2307958
	speed: 0.0051s/iter; left time: 507.2010s
	iters: 700, epoch: 7 | loss: 0.2154804
	speed: 0.0053s/iter; left time: 522.9549s
	iters: 800, epoch: 7 | loss: 0.2552059
	speed: 0.0051s/iter; left time: 509.3287s
	iters: 900, epoch: 7 | loss: 0.2201398
	speed: 0.0051s/iter; left time: 510.7506s
	iters: 1000, epoch: 7 | loss: 0.2464923
	speed: 0.0053s/iter; left time: 526.4918s
Epoch: 7 cost time: 5.4081220626831055
Epoch: 7, Steps: 1067 | Train Loss: 0.2467498 Vali Loss: 0.3704995
Validation loss decreased (0.370623 --> 0.370500).  Saving model ...
Updating learning rate to 7.8125e-06
	iters: 100, epoch: 8 | loss: 0.1906176
	speed: 0.0175s/iter; left time: 1732.7512s
	iters: 200, epoch: 8 | loss: 0.2350060
	speed: 0.0054s/iter; left time: 537.5943s
	iters: 300, epoch: 8 | loss: 0.2431026
	speed: 0.0050s/iter; left time: 498.9979s
	iters: 400, epoch: 8 | loss: 0.2342863
	speed: 0.0054s/iter; left time: 535.2661s
	iters: 500, epoch: 8 | loss: 0.2501585
	speed: 0.0053s/iter; left time: 522.4416s
	iters: 600, epoch: 8 | loss: 0.2338874
	speed: 0.0052s/iter; left time: 509.1667s
	iters: 700, epoch: 8 | loss: 0.1806232
	speed: 0.0051s/iter; left time: 506.2249s
	iters: 800, epoch: 8 | loss: 0.2378014
	speed: 0.0050s/iter; left time: 490.5944s
	iters: 900, epoch: 8 | loss: 0.2127510
	speed: 0.0051s/iter; left time: 503.5628s
	iters: 1000, epoch: 8 | loss: 0.2503746
	speed: 0.0051s/iter; left time: 504.2058s
Epoch: 8 cost time: 5.544649124145508
Epoch: 8, Steps: 1067 | Train Loss: 0.2465740 Vali Loss: 0.3704114
Validation loss decreased (0.370500 --> 0.370411).  Saving model ...
Updating learning rate to 3.90625e-06
	iters: 100, epoch: 9 | loss: 0.2195764
	speed: 0.0176s/iter; left time: 1727.0013s
	iters: 200, epoch: 9 | loss: 0.2522858
	speed: 0.0049s/iter; left time: 482.4226s
	iters: 300, epoch: 9 | loss: 0.2266324
	speed: 0.0051s/iter; left time: 498.4180s
	iters: 400, epoch: 9 | loss: 0.2531652
	speed: 0.0054s/iter; left time: 528.5200s
	iters: 500, epoch: 9 | loss: 0.2120237
	speed: 0.0055s/iter; left time: 536.6077s
	iters: 600, epoch: 9 | loss: 0.2770981
	speed: 0.0051s/iter; left time: 497.4245s
	iters: 700, epoch: 9 | loss: 0.2794048
	speed: 0.0050s/iter; left time: 485.2294s
	iters: 800, epoch: 9 | loss: 0.2925070
	speed: 0.0054s/iter; left time: 522.7504s
	iters: 900, epoch: 9 | loss: 0.2433990
	speed: 0.0052s/iter; left time: 508.4610s
	iters: 1000, epoch: 9 | loss: 0.3549356
	speed: 0.0051s/iter; left time: 492.3921s
Epoch: 9 cost time: 5.519410610198975
Epoch: 9, Steps: 1067 | Train Loss: 0.2464364 Vali Loss: 0.3704389
EarlyStopping counter: 1 out of 6
Updating learning rate to 1.953125e-06
	iters: 100, epoch: 10 | loss: 0.2603598
	speed: 0.0170s/iter; left time: 1647.0001s
	iters: 200, epoch: 10 | loss: 0.2253457
	speed: 0.0051s/iter; left time: 498.5133s
	iters: 300, epoch: 10 | loss: 0.2409384
	speed: 0.0052s/iter; left time: 499.2550s
	iters: 400, epoch: 10 | loss: 0.3615637
	speed: 0.0054s/iter; left time: 525.6748s
	iters: 500, epoch: 10 | loss: 0.2762572
	speed: 0.0052s/iter; left time: 499.9975s
	iters: 600, epoch: 10 | loss: 0.2491184
	speed: 0.0051s/iter; left time: 490.0202s
	iters: 700, epoch: 10 | loss: 0.2281987
	speed: 0.0053s/iter; left time: 508.2950s
	iters: 800, epoch: 10 | loss: 0.2295573
	speed: 0.0054s/iter; left time: 522.3919s
	iters: 900, epoch: 10 | loss: 0.2582710
	speed: 0.0051s/iter; left time: 486.6773s
	iters: 1000, epoch: 10 | loss: 0.2037159
	speed: 0.0049s/iter; left time: 472.2657s
Epoch: 10 cost time: 5.519683599472046
Epoch: 10, Steps: 1067 | Train Loss: 0.2463697 Vali Loss: 0.3703991
Validation loss decreased (0.370411 --> 0.370399).  Saving model ...
Updating learning rate to 9.765625e-07
	iters: 100, epoch: 11 | loss: 0.2401176
	speed: 0.0177s/iter; left time: 1702.0460s
	iters: 200, epoch: 11 | loss: 0.2062712
	speed: 0.0051s/iter; left time: 484.6298s
	iters: 300, epoch: 11 | loss: 0.2734335
	speed: 0.0048s/iter; left time: 455.1707s
	iters: 400, epoch: 11 | loss: 0.2179850
	speed: 0.0049s/iter; left time: 473.0010s
	iters: 500, epoch: 11 | loss: 0.2054724
	speed: 0.0049s/iter; left time: 465.8685s
	iters: 600, epoch: 11 | loss: 0.1947408
	speed: 0.0050s/iter; left time: 473.3119s
	iters: 700, epoch: 11 | loss: 0.2256744
	speed: 0.0050s/iter; left time: 474.8742s
	iters: 800, epoch: 11 | loss: 0.2496517
	speed: 0.0052s/iter; left time: 499.0714s
	iters: 900, epoch: 11 | loss: 0.2247090
	speed: 0.0050s/iter; left time: 478.8340s
	iters: 1000, epoch: 11 | loss: 0.2740578
	speed: 0.0050s/iter; left time: 471.5713s
Epoch: 11 cost time: 5.3208911418914795
Epoch: 11, Steps: 1067 | Train Loss: 0.2464525 Vali Loss: 0.3704930
EarlyStopping counter: 1 out of 6
Updating learning rate to 4.8828125e-07
	iters: 100, epoch: 12 | loss: 0.2971990
	speed: 0.0170s/iter; left time: 1616.7831s
	iters: 200, epoch: 12 | loss: 0.3050165
	speed: 0.0048s/iter; left time: 451.4583s
	iters: 300, epoch: 12 | loss: 0.2895453
	speed: 0.0050s/iter; left time: 474.5221s
	iters: 400, epoch: 12 | loss: 0.2365378
	speed: 0.0050s/iter; left time: 469.1793s
	iters: 500, epoch: 12 | loss: 0.2788896
	speed: 0.0050s/iter; left time: 471.0770s
	iters: 600, epoch: 12 | loss: 0.3378703
	speed: 0.0051s/iter; left time: 484.8538s
	iters: 700, epoch: 12 | loss: 0.2961200
	speed: 0.0048s/iter; left time: 452.1978s
	iters: 800, epoch: 12 | loss: 0.2261757
	speed: 0.0050s/iter; left time: 469.1097s
	iters: 900, epoch: 12 | loss: 0.2313045
	speed: 0.0049s/iter; left time: 463.7021s
	iters: 1000, epoch: 12 | loss: 0.3184168
	speed: 0.0049s/iter; left time: 456.5148s
Epoch: 12 cost time: 5.274179697036743
Epoch: 12, Steps: 1067 | Train Loss: 0.2463141 Vali Loss: 0.3704813
EarlyStopping counter: 2 out of 6
Updating learning rate to 2.44140625e-07
	iters: 100, epoch: 13 | loss: 0.2712615
	speed: 0.0170s/iter; left time: 1591.8680s
	iters: 200, epoch: 13 | loss: 0.2831332
	speed: 0.0048s/iter; left time: 453.7247s
	iters: 300, epoch: 13 | loss: 0.3278041
	speed: 0.0049s/iter; left time: 456.6272s
	iters: 400, epoch: 13 | loss: 0.2505328
	speed: 0.0051s/iter; left time: 478.4296s
	iters: 500, epoch: 13 | loss: 0.2217446
	speed: 0.0050s/iter; left time: 463.7088s
	iters: 600, epoch: 13 | loss: 0.2502476
	speed: 0.0048s/iter; left time: 444.9660s
	iters: 700, epoch: 13 | loss: 0.2337646
	speed: 0.0051s/iter; left time: 478.5455s
	iters: 800, epoch: 13 | loss: 0.2196645
	speed: 0.0049s/iter; left time: 457.5883s
	iters: 900, epoch: 13 | loss: 0.2234303
	speed: 0.0051s/iter; left time: 474.3421s
	iters: 1000, epoch: 13 | loss: 0.3241069
	speed: 0.0050s/iter; left time: 460.5833s
Epoch: 13 cost time: 5.3003082275390625
Epoch: 13, Steps: 1067 | Train Loss: 0.2464187 Vali Loss: 0.3704854
EarlyStopping counter: 3 out of 6
Updating learning rate to 1.220703125e-07
	iters: 100, epoch: 14 | loss: 0.2061082
	speed: 0.0167s/iter; left time: 1551.0011s
	iters: 200, epoch: 14 | loss: 0.2922047
	speed: 0.0049s/iter; left time: 449.8943s
	iters: 300, epoch: 14 | loss: 0.2359076
	speed: 0.0051s/iter; left time: 469.7653s
	iters: 400, epoch: 14 | loss: 0.2478765
	speed: 0.0050s/iter; left time: 458.3482s
	iters: 500, epoch: 14 | loss: 0.2051013
	speed: 0.0051s/iter; left time: 473.0022s
	iters: 600, epoch: 14 | loss: 0.2775865
	speed: 0.0050s/iter; left time: 461.6228s
	iters: 700, epoch: 14 | loss: 0.2410326
	speed: 0.0050s/iter; left time: 465.1619s
	iters: 800, epoch: 14 | loss: 0.2773178
	speed: 0.0048s/iter; left time: 438.4106s
	iters: 900, epoch: 14 | loss: 0.2077502
	speed: 0.0049s/iter; left time: 451.9145s
	iters: 1000, epoch: 14 | loss: 0.2675166
	speed: 0.0050s/iter; left time: 462.8950s
Epoch: 14 cost time: 5.316758394241333
Epoch: 14, Steps: 1067 | Train Loss: 0.2463275 Vali Loss: 0.3704816
EarlyStopping counter: 4 out of 6
Updating learning rate to 6.103515625e-08
	iters: 100, epoch: 15 | loss: 0.1952582
	speed: 0.0171s/iter; left time: 1570.7793s
	iters: 200, epoch: 15 | loss: 0.2352175
	speed: 0.0050s/iter; left time: 458.4524s
	iters: 300, epoch: 15 | loss: 0.2191412
	speed: 0.0049s/iter; left time: 450.7999s
	iters: 400, epoch: 15 | loss: 0.3153674
	speed: 0.0047s/iter; left time: 432.1832s
	iters: 500, epoch: 15 | loss: 0.2054962
	speed: 0.0050s/iter; left time: 457.7776s
	iters: 600, epoch: 15 | loss: 0.2501501
	speed: 0.0051s/iter; left time: 468.8084s
	iters: 700, epoch: 15 | loss: 0.2085342
	speed: 0.0049s/iter; left time: 449.4851s
	iters: 800, epoch: 15 | loss: 0.2330137
	speed: 0.0055s/iter; left time: 499.8343s
	iters: 900, epoch: 15 | loss: 0.2179130
	speed: 0.0050s/iter; left time: 451.2392s
	iters: 1000, epoch: 15 | loss: 0.2929298
	speed: 0.0052s/iter; left time: 474.7961s
Epoch: 15 cost time: 5.378454208374023
Epoch: 15, Steps: 1067 | Train Loss: 0.2463791 Vali Loss: 0.3704783
EarlyStopping counter: 5 out of 6
Updating learning rate to 3.0517578125e-08
	iters: 100, epoch: 16 | loss: 0.2017565
	speed: 0.0165s/iter; left time: 1499.0385s
	iters: 200, epoch: 16 | loss: 0.2283329
	speed: 0.0048s/iter; left time: 432.9363s
	iters: 300, epoch: 16 | loss: 0.2224235
	speed: 0.0047s/iter; left time: 429.1598s
	iters: 400, epoch: 16 | loss: 0.2486384
	speed: 0.0050s/iter; left time: 447.7722s
	iters: 500, epoch: 16 | loss: 0.2116006
	speed: 0.0048s/iter; left time: 432.7565s
	iters: 600, epoch: 16 | loss: 0.2681440
	speed: 0.0052s/iter; left time: 464.7225s
	iters: 700, epoch: 16 | loss: 0.2833076
	speed: 0.0052s/iter; left time: 463.6396s
	iters: 800, epoch: 16 | loss: 0.2606895
	speed: 0.0051s/iter; left time: 459.5753s
	iters: 900, epoch: 16 | loss: 0.2366898
	speed: 0.0053s/iter; left time: 471.4623s
	iters: 1000, epoch: 16 | loss: 0.2064647
	speed: 0.0051s/iter; left time: 456.5903s
Epoch: 16 cost time: 5.344871520996094
Epoch: 16, Steps: 1067 | Train Loss: 0.2463001 Vali Loss: 0.3704778
EarlyStopping counter: 6 out of 6
Early stopping
VALIDATION_RESULT {"best_epoch": 10, "best_mae": 0.40286970242493053, "best_mse": 0.3703990700906474, "epochs_ran": 16, "metric_version": "element_weighted_v1"}
>>>>>>>test skipped (validation-only run)<<<<<<<<<<<<<<<<<<<<<<<<
