Using GPU
Args in experiment:
[1mBasic Config[0m
  Task Name:          long_term_forecast  Is Training:        1                   
  Model ID:           ETTm2_96_96_cmrhm_backbone_ettm2_p96_no_decomp_s2021Model:              GraphMambaCMRHM     

[1mData Loader[0m
  Data:               ETTm2               Root Path:          /home/cwh/Time-Series-Library/dataset/ETT-small
  Data Path:          ETTm2.csv           Features:           M                   
  Target:             OT                  Freq:               h                   
  Checkpoints:        /home/cwh/Time-Series-Library/logs/cmrhm_backbone_ablation/checkpoints

[1mForecasting Task[0m
  Seq Len:            336                 Label Len:          48                  
  Pred Len:           96                  Seasonal Patterns:  Monthly             
  Inverse:            0                   

[1mModel Parameters[0m
  Top k:              5                   Num Kernels:        6                   
  Enc In:             7                   Dec In:             7                   
  C Out:              7                   d model:            64                  
  n heads:            8                   e layers:           1                   
  d layers:           1                   d FF:               128                 
  Moving Avg:         25                  Factor:             1                   
  Distil:             1                   Dropout:            0.1                 
  Embed:              timeF               Activation:         gelu                

[1mRun Parameters[0m
  Num Workers:        0                   Itr:                1                   
  Train Epochs:       100                 Batch Size:         32                  
  Patience:           6                   Learning Rate:      0.0005              
  Des:                cmrhm_backbone_ettm2_p96_no_decomp_s2021Loss:               MSE                 
  Lradj:              type1               Use Amp:            0                   

[1mGPU[0m
  Use GPU:            1                   GPU:                0                   
  Use Multi GPU:      0                   Devices:            0,1,2,3             

[1mDe-stationary Projector Params[0m
  P Hidden Dims:      128, 128            P Hidden Layers:    2                   

Use GPU: cuda:0
🚀 Lazy Loading: GraphMambaCMRHM ...
[GraphMamba] Building 7x7 static graph from 2000 training samples
>>>>>>>start training : long_term_forecast_ETTm2_96_96_cmrhm_backbone_ettm2_p96_no_decomp_s2021_GraphMambaCMRHM_ETTm2_ftM_sl336_ll48_pl96_dm64_nh8_el1_dl1_df128_expand2_dc2_fc1_ebtimeF_dtTrue_cmrhm_backbone_ettm2_p96_no_decomp_s2021_0>>>>>>>>>>>>>>>>>>>>>>>>>>
train 34129
val 11425
	iters: 100, epoch: 1 | loss: 0.2196120
	speed: 0.0142s/iter; left time: 1508.7371s
	iters: 200, epoch: 1 | loss: 0.2911184
	speed: 0.0118s/iter; left time: 1260.0654s
	iters: 300, epoch: 1 | loss: 0.2354356
	speed: 0.0120s/iter; left time: 1274.7387s
	iters: 400, epoch: 1 | loss: 0.3546042
	speed: 0.0125s/iter; left time: 1333.0216s
	iters: 500, epoch: 1 | loss: 0.2080445
	speed: 0.0122s/iter; left time: 1295.5816s
	iters: 600, epoch: 1 | loss: 0.1931479
	speed: 0.0122s/iter; left time: 1290.1083s
	iters: 700, epoch: 1 | loss: 0.5343528
	speed: 0.0120s/iter; left time: 1273.0351s
	iters: 800, epoch: 1 | loss: 0.2565921
	speed: 0.0123s/iter; left time: 1299.8653s
	iters: 900, epoch: 1 | loss: 0.1531651
	speed: 0.0118s/iter; left time: 1245.0785s
	iters: 1000, epoch: 1 | loss: 0.1011441
	speed: 0.0118s/iter; left time: 1250.4026s
Epoch: 1 cost time: 13.090489149093628
Epoch: 1, Steps: 1067 | Train Loss: 0.2324096 Vali Loss: 0.1250564
Validation loss decreased (inf --> 0.125056).  Saving model ...
Updating learning rate to 0.0005
	iters: 100, epoch: 2 | loss: 0.3176340
	speed: 0.0372s/iter; left time: 3928.0760s
	iters: 200, epoch: 2 | loss: 0.1697970
	speed: 0.0122s/iter; left time: 1286.6704s
	iters: 300, epoch: 2 | loss: 0.1970285
	speed: 0.0120s/iter; left time: 1265.2813s
	iters: 400, epoch: 2 | loss: 0.3947077
	speed: 0.0119s/iter; left time: 1254.2043s
	iters: 500, epoch: 2 | loss: 0.2155905
	speed: 0.0122s/iter; left time: 1279.3121s
	iters: 600, epoch: 2 | loss: 0.1808026
	speed: 0.0118s/iter; left time: 1242.5030s
	iters: 700, epoch: 2 | loss: 0.1288635
	speed: 0.0119s/iter; left time: 1248.4595s
	iters: 800, epoch: 2 | loss: 0.2254316
	speed: 0.0121s/iter; left time: 1264.0159s
	iters: 900, epoch: 2 | loss: 0.2030272
	speed: 0.0119s/iter; left time: 1241.4412s
	iters: 1000, epoch: 2 | loss: 0.2533658
	speed: 0.0120s/iter; left time: 1255.2882s
Epoch: 2 cost time: 12.799375057220459
Epoch: 2, Steps: 1067 | Train Loss: 0.2011896 Vali Loss: 0.1246682
Validation loss decreased (0.125056 --> 0.124668).  Saving model ...
Updating learning rate to 0.00025
	iters: 100, epoch: 3 | loss: 0.2119035
	speed: 0.0365s/iter; left time: 3815.3012s
	iters: 200, epoch: 3 | loss: 0.1244053
	speed: 0.0123s/iter; left time: 1282.6496s
	iters: 300, epoch: 3 | loss: 0.1306842
	speed: 0.0119s/iter; left time: 1241.4200s
	iters: 400, epoch: 3 | loss: 0.1757680
	speed: 0.0122s/iter; left time: 1266.4100s
	iters: 500, epoch: 3 | loss: 0.1678666
	speed: 0.0122s/iter; left time: 1272.0765s
	iters: 600, epoch: 3 | loss: 0.1050861
	speed: 0.0119s/iter; left time: 1233.1796s
	iters: 700, epoch: 3 | loss: 0.3029612
	speed: 0.0121s/iter; left time: 1252.8100s
	iters: 800, epoch: 3 | loss: 0.2678780
	speed: 0.0120s/iter; left time: 1246.8171s
	iters: 900, epoch: 3 | loss: 0.1865551
	speed: 0.0121s/iter; left time: 1250.3161s
	iters: 1000, epoch: 3 | loss: 0.1296216
	speed: 0.0119s/iter; left time: 1235.1522s
Epoch: 3 cost time: 12.854465007781982
Epoch: 3, Steps: 1067 | Train Loss: 0.1902631 Vali Loss: 0.1259487
EarlyStopping counter: 1 out of 6
Updating learning rate to 0.000125
	iters: 100, epoch: 4 | loss: 0.1524861
	speed: 0.0357s/iter; left time: 3687.5687s
	iters: 200, epoch: 4 | loss: 0.2261112
	speed: 0.0114s/iter; left time: 1178.0331s
	iters: 300, epoch: 4 | loss: 0.2180196
	speed: 0.0117s/iter; left time: 1207.6480s
	iters: 400, epoch: 4 | loss: 0.1141035
	speed: 0.0120s/iter; left time: 1242.2817s
	iters: 500, epoch: 4 | loss: 0.1632781
	speed: 0.0119s/iter; left time: 1222.3365s
	iters: 600, epoch: 4 | loss: 0.2300441
	speed: 0.0123s/iter; left time: 1267.4114s
	iters: 700, epoch: 4 | loss: 0.2933406
	speed: 0.0123s/iter; left time: 1263.9489s
	iters: 800, epoch: 4 | loss: 0.1334044
	speed: 0.0122s/iter; left time: 1247.9337s
	iters: 900, epoch: 4 | loss: 0.1777057
	speed: 0.0117s/iter; left time: 1197.6283s
	iters: 1000, epoch: 4 | loss: 0.1385540
	speed: 0.0122s/iter; left time: 1255.3556s
Epoch: 4 cost time: 12.779391765594482
Epoch: 4, Steps: 1067 | Train Loss: 0.1854561 Vali Loss: 0.1245832
Validation loss decreased (0.124668 --> 0.124583).  Saving model ...
Updating learning rate to 6.25e-05
	iters: 100, epoch: 5 | loss: 0.1930988
	speed: 0.0372s/iter; left time: 3811.4020s
	iters: 200, epoch: 5 | loss: 0.1344949
	speed: 0.0120s/iter; left time: 1228.8615s
	iters: 300, epoch: 5 | loss: 0.1642335
	speed: 0.0118s/iter; left time: 1202.3463s
	iters: 400, epoch: 5 | loss: 0.1546905
	speed: 0.0116s/iter; left time: 1185.0177s
	iters: 500, epoch: 5 | loss: 0.1953426
	speed: 0.0118s/iter; left time: 1200.1789s
	iters: 600, epoch: 5 | loss: 0.1125771
	speed: 0.0125s/iter; left time: 1277.4410s
	iters: 700, epoch: 5 | loss: 0.1400862
	speed: 0.0119s/iter; left time: 1211.7256s
	iters: 800, epoch: 5 | loss: 0.1392132
	speed: 0.0117s/iter; left time: 1184.9992s
	iters: 900, epoch: 5 | loss: 0.2306165
	speed: 0.0115s/iter; left time: 1169.7260s
	iters: 1000, epoch: 5 | loss: 0.1183687
	speed: 0.0119s/iter; left time: 1209.1582s
Epoch: 5 cost time: 12.64962887763977
Epoch: 5, Steps: 1067 | Train Loss: 0.1827312 Vali Loss: 0.1255587
EarlyStopping counter: 1 out of 6
Updating learning rate to 3.125e-05
	iters: 100, epoch: 6 | loss: 0.1949732
	speed: 0.0361s/iter; left time: 3650.8936s
	iters: 200, epoch: 6 | loss: 0.1466668
	speed: 0.0118s/iter; left time: 1192.2586s
	iters: 300, epoch: 6 | loss: 0.0903847
	speed: 0.0121s/iter; left time: 1219.7437s
	iters: 400, epoch: 6 | loss: 0.0865690
	speed: 0.0119s/iter; left time: 1205.8862s
	iters: 500, epoch: 6 | loss: 0.1100119
	speed: 0.0123s/iter; left time: 1238.6888s
	iters: 600, epoch: 6 | loss: 0.5096065
	speed: 0.0120s/iter; left time: 1211.6721s
	iters: 700, epoch: 6 | loss: 0.1345627
	speed: 0.0122s/iter; left time: 1223.6839s
	iters: 800, epoch: 6 | loss: 0.2120634
	speed: 0.0120s/iter; left time: 1209.3317s
	iters: 900, epoch: 6 | loss: 0.2101730
	speed: 0.0121s/iter; left time: 1215.6588s
	iters: 1000, epoch: 6 | loss: 0.1198019
	speed: 0.0119s/iter; left time: 1194.0401s
Epoch: 6 cost time: 12.819968223571777
Epoch: 6, Steps: 1067 | Train Loss: 0.1812746 Vali Loss: 0.1260422
EarlyStopping counter: 2 out of 6
Updating learning rate to 1.5625e-05
	iters: 100, epoch: 7 | loss: 0.1791490
	speed: 0.0367s/iter; left time: 3673.8366s
	iters: 200, epoch: 7 | loss: 0.0958290
	speed: 0.0120s/iter; left time: 1197.0445s
	iters: 300, epoch: 7 | loss: 0.1958138
	speed: 0.0118s/iter; left time: 1178.4645s
	iters: 400, epoch: 7 | loss: 0.3217833
	speed: 0.0118s/iter; left time: 1174.8631s
	iters: 500, epoch: 7 | loss: 0.2373226
	speed: 0.0119s/iter; left time: 1188.2189s
	iters: 600, epoch: 7 | loss: 0.1864564
	speed: 0.0120s/iter; left time: 1199.9578s
	iters: 700, epoch: 7 | loss: 0.1885238
	speed: 0.0122s/iter; left time: 1211.0546s
	iters: 800, epoch: 7 | loss: 0.1409985
	speed: 0.0119s/iter; left time: 1187.3576s
	iters: 900, epoch: 7 | loss: 0.1583896
	speed: 0.0119s/iter; left time: 1178.3310s
	iters: 1000, epoch: 7 | loss: 0.1979243
	speed: 0.0118s/iter; left time: 1175.6760s
Epoch: 7 cost time: 12.731144905090332
Epoch: 7, Steps: 1067 | Train Loss: 0.1804815 Vali Loss: 0.1265767
EarlyStopping counter: 3 out of 6
Updating learning rate to 7.8125e-06
	iters: 100, epoch: 8 | loss: 0.1807050
	speed: 0.0357s/iter; left time: 3538.5812s
	iters: 200, epoch: 8 | loss: 0.2432150
	speed: 0.0117s/iter; left time: 1159.6607s
	iters: 300, epoch: 8 | loss: 0.2453458
	speed: 0.0120s/iter; left time: 1185.2506s
	iters: 400, epoch: 8 | loss: 0.1361388
	speed: 0.0119s/iter; left time: 1176.3424s
	iters: 500, epoch: 8 | loss: 0.1584053
	speed: 0.0120s/iter; left time: 1184.9502s
	iters: 600, epoch: 8 | loss: 0.1773000
	speed: 0.0121s/iter; left time: 1195.9227s
	iters: 700, epoch: 8 | loss: 0.1672130
	speed: 0.0117s/iter; left time: 1154.8676s
	iters: 800, epoch: 8 | loss: 0.3619625
	speed: 0.0120s/iter; left time: 1183.8280s
	iters: 900, epoch: 8 | loss: 0.1286639
	speed: 0.0124s/iter; left time: 1218.1054s
	iters: 1000, epoch: 8 | loss: 0.1240066
	speed: 0.0120s/iter; left time: 1175.2235s
Epoch: 8 cost time: 12.751214027404785
Epoch: 8, Steps: 1067 | Train Loss: 0.1800415 Vali Loss: 0.1266919
EarlyStopping counter: 4 out of 6
Updating learning rate to 3.90625e-06
	iters: 100, epoch: 9 | loss: 0.2071551
	speed: 0.0374s/iter; left time: 3665.0512s
	iters: 200, epoch: 9 | loss: 0.1679868
	speed: 0.0121s/iter; left time: 1185.6750s
	iters: 300, epoch: 9 | loss: 0.1593954
	speed: 0.0119s/iter; left time: 1168.7991s
	iters: 400, epoch: 9 | loss: 0.1080852
	speed: 0.0122s/iter; left time: 1194.7180s
	iters: 500, epoch: 9 | loss: 0.1810488
	speed: 0.0121s/iter; left time: 1178.6261s
	iters: 600, epoch: 9 | loss: 0.2010052
	speed: 0.0119s/iter; left time: 1164.9103s
	iters: 700, epoch: 9 | loss: 0.1252249
	speed: 0.0119s/iter; left time: 1162.2767s
	iters: 800, epoch: 9 | loss: 0.1833849
	speed: 0.0123s/iter; left time: 1196.3829s
	iters: 900, epoch: 9 | loss: 0.2047204
	speed: 0.0123s/iter; left time: 1191.5599s
	iters: 1000, epoch: 9 | loss: 0.2153222
	speed: 0.0120s/iter; left time: 1168.4280s
Epoch: 9 cost time: 12.902289867401123
Epoch: 9, Steps: 1067 | Train Loss: 0.1798818 Vali Loss: 0.1267486
EarlyStopping counter: 5 out of 6
Updating learning rate to 1.953125e-06
	iters: 100, epoch: 10 | loss: 0.2268301
	speed: 0.0378s/iter; left time: 3669.7599s
	iters: 200, epoch: 10 | loss: 0.2030587
	speed: 0.0122s/iter; left time: 1183.7298s
	iters: 300, epoch: 10 | loss: 0.1287343
	speed: 0.0122s/iter; left time: 1178.0866s
	iters: 400, epoch: 10 | loss: 0.1736754
	speed: 0.0119s/iter; left time: 1151.8608s
	iters: 500, epoch: 10 | loss: 0.2286996
	speed: 0.0122s/iter; left time: 1175.9374s
	iters: 600, epoch: 10 | loss: 0.1835683
	speed: 0.0124s/iter; left time: 1200.8651s
	iters: 700, epoch: 10 | loss: 0.2108923
	speed: 0.0122s/iter; left time: 1180.4994s
	iters: 800, epoch: 10 | loss: 0.1354505
	speed: 0.0121s/iter; left time: 1166.9569s
	iters: 900, epoch: 10 | loss: 0.0971688
	speed: 0.0121s/iter; left time: 1162.2688s
	iters: 1000, epoch: 10 | loss: 0.0936436
	speed: 0.0121s/iter; left time: 1160.3806s
Epoch: 10 cost time: 12.966827869415283
Epoch: 10, Steps: 1067 | Train Loss: 0.1797027 Vali Loss: 0.1267830
EarlyStopping counter: 6 out of 6
Early stopping
VALIDATION_RESULT {"best_epoch": 4, "best_mae": 0.24196533524295719, "best_mse": 0.12458324228262695, "epochs_ran": 10, "metric_version": "element_weighted_v1"}
>>>>>>>test skipped (validation-only run)<<<<<<<<<<<<<<<<<<<<<<<<
