Using GPU
Args in experiment:
[1mBasic Config[0m
  Task Name:          long_term_forecast  Is Training:        1                   
  Model ID:           ETTm2_96_720_cmrhm_backbone_ettm2_p720_no_decomp_s2021Model:              GraphMambaCMRHM     

[1mData Loader[0m
  Data:               ETTm2               Root Path:          /home/cwh/Time-Series-Library/dataset/ETT-small
  Data Path:          ETTm2.csv           Features:           M                   
  Target:             OT                  Freq:               h                   
  Checkpoints:        /home/cwh/Time-Series-Library/logs/cmrhm_backbone_ablation/checkpoints

[1mForecasting Task[0m
  Seq Len:            336                 Label Len:          48                  
  Pred Len:           720                 Seasonal Patterns:  Monthly             
  Inverse:            0                   

[1mModel Parameters[0m
  Top k:              5                   Num Kernels:        6                   
  Enc In:             7                   Dec In:             7                   
  C Out:              7                   d model:            64                  
  n heads:            8                   e layers:           1                   
  d layers:           1                   d FF:               128                 
  Moving Avg:         25                  Factor:             1                   
  Distil:             1                   Dropout:            0.1                 
  Embed:              timeF               Activation:         gelu                

[1mRun Parameters[0m
  Num Workers:        0                   Itr:                1                   
  Train Epochs:       100                 Batch Size:         32                  
  Patience:           6                   Learning Rate:      0.0005              
  Des:                cmrhm_backbone_ettm2_p720_no_decomp_s2021Loss:               MSE                 
  Lradj:              type1               Use Amp:            0                   

[1mGPU[0m
  Use GPU:            1                   GPU:                0                   
  Use Multi GPU:      0                   Devices:            0,1,2,3             

[1mDe-stationary Projector Params[0m
  P Hidden Dims:      128, 128            P Hidden Layers:    2                   

Use GPU: cuda:0
🚀 Lazy Loading: GraphMambaCMRHM ...
[GraphMamba] Building 7x7 static graph from 2000 training samples
>>>>>>>start training : long_term_forecast_ETTm2_96_720_cmrhm_backbone_ettm2_p720_no_decomp_s2021_GraphMambaCMRHM_ETTm2_ftM_sl336_ll48_pl720_dm64_nh8_el1_dl1_df128_expand2_dc2_fc1_ebtimeF_dtTrue_cmrhm_backbone_ettm2_p720_no_decomp_s2021_0>>>>>>>>>>>>>>>>>>>>>>>>>>
train 33505
val 10801
	iters: 100, epoch: 1 | loss: 0.4776078
	speed: 0.0152s/iter; left time: 1586.6027s
	iters: 200, epoch: 1 | loss: 0.4750245
	speed: 0.0127s/iter; left time: 1332.6631s
	iters: 300, epoch: 1 | loss: 0.7278888
	speed: 0.0128s/iter; left time: 1334.2602s
	iters: 400, epoch: 1 | loss: 0.3407010
	speed: 0.0129s/iter; left time: 1344.2068s
	iters: 500, epoch: 1 | loss: 0.6555597
	speed: 0.0126s/iter; left time: 1312.1890s
	iters: 600, epoch: 1 | loss: 0.3284515
	speed: 0.0127s/iter; left time: 1321.1066s
	iters: 700, epoch: 1 | loss: 0.7963762
	speed: 0.0126s/iter; left time: 1316.7802s
	iters: 800, epoch: 1 | loss: 0.6437488
	speed: 0.0127s/iter; left time: 1324.6230s
	iters: 900, epoch: 1 | loss: 0.5648222
	speed: 0.0127s/iter; left time: 1318.3457s
	iters: 1000, epoch: 1 | loss: 0.5233699
	speed: 0.0127s/iter; left time: 1320.4305s
Epoch: 1 cost time: 13.571425914764404
Epoch: 1, Steps: 1048 | Train Loss: 0.5448946 Vali Loss: 0.2812773
Validation loss decreased (inf --> 0.281277).  Saving model ...
Updating learning rate to 0.0005
	iters: 100, epoch: 2 | loss: 0.5074276
	speed: 0.0363s/iter; left time: 3764.8939s
	iters: 200, epoch: 2 | loss: 0.3438464
	speed: 0.0128s/iter; left time: 1321.0889s
	iters: 300, epoch: 2 | loss: 0.8046610
	speed: 0.0127s/iter; left time: 1315.4477s
	iters: 400, epoch: 2 | loss: 1.2448486
	speed: 0.0127s/iter; left time: 1314.8530s
	iters: 500, epoch: 2 | loss: 0.2240483
	speed: 0.0127s/iter; left time: 1307.8772s
	iters: 600, epoch: 2 | loss: 0.3026916
	speed: 0.0128s/iter; left time: 1315.4490s
	iters: 700, epoch: 2 | loss: 0.4581381
	speed: 0.0125s/iter; left time: 1288.7438s
	iters: 800, epoch: 2 | loss: 0.4185562
	speed: 0.0126s/iter; left time: 1292.4154s
	iters: 900, epoch: 2 | loss: 0.4776317
	speed: 0.0125s/iter; left time: 1283.8744s
	iters: 1000, epoch: 2 | loss: 0.4836625
	speed: 0.0127s/iter; left time: 1304.8183s
Epoch: 2 cost time: 13.27411961555481
Epoch: 2, Steps: 1048 | Train Loss: 0.5060838 Vali Loss: 0.2773083
Validation loss decreased (0.281277 --> 0.277308).  Saving model ...
Updating learning rate to 0.00025
	iters: 100, epoch: 3 | loss: 0.8259405
	speed: 0.0366s/iter; left time: 3754.1175s
	iters: 200, epoch: 3 | loss: 0.3795802
	speed: 0.0129s/iter; left time: 1320.2665s
	iters: 300, epoch: 3 | loss: 0.5111553
	speed: 0.0125s/iter; left time: 1281.1031s
	iters: 400, epoch: 3 | loss: 0.4665371
	speed: 0.0125s/iter; left time: 1276.0368s
	iters: 500, epoch: 3 | loss: 0.4258399
	speed: 0.0128s/iter; left time: 1308.9104s
	iters: 600, epoch: 3 | loss: 0.3383223
	speed: 0.0131s/iter; left time: 1333.9429s
	iters: 700, epoch: 3 | loss: 0.7347907
	speed: 0.0125s/iter; left time: 1277.6341s
	iters: 800, epoch: 3 | loss: 0.4061280
	speed: 0.0125s/iter; left time: 1274.0477s
	iters: 900, epoch: 3 | loss: 0.8818111
	speed: 0.0127s/iter; left time: 1294.6060s
	iters: 1000, epoch: 3 | loss: 0.3848327
	speed: 0.0128s/iter; left time: 1299.4908s
Epoch: 3 cost time: 13.345060110092163
Epoch: 3, Steps: 1048 | Train Loss: 0.4866087 Vali Loss: 0.2908147
EarlyStopping counter: 1 out of 6
Updating learning rate to 0.000125
	iters: 100, epoch: 4 | loss: 0.3019216
	speed: 0.0361s/iter; left time: 3665.4451s
	iters: 200, epoch: 4 | loss: 0.6020324
	speed: 0.0128s/iter; left time: 1298.3436s
	iters: 300, epoch: 4 | loss: 0.6221726
	speed: 0.0125s/iter; left time: 1263.6864s
	iters: 400, epoch: 4 | loss: 0.4168885
	speed: 0.0127s/iter; left time: 1283.3532s
	iters: 500, epoch: 4 | loss: 0.6047068
	speed: 0.0128s/iter; left time: 1298.4480s
	iters: 600, epoch: 4 | loss: 0.6927784
	speed: 0.0128s/iter; left time: 1288.9288s
	iters: 700, epoch: 4 | loss: 0.3461210
	speed: 0.0129s/iter; left time: 1307.1918s
	iters: 800, epoch: 4 | loss: 0.4345351
	speed: 0.0126s/iter; left time: 1274.6980s
	iters: 900, epoch: 4 | loss: 0.3706414
	speed: 0.0129s/iter; left time: 1300.8931s
	iters: 1000, epoch: 4 | loss: 0.6490353
	speed: 0.0125s/iter; left time: 1260.3553s
Epoch: 4 cost time: 13.314634323120117
Epoch: 4, Steps: 1048 | Train Loss: 0.4760250 Vali Loss: 0.2878470
EarlyStopping counter: 2 out of 6
Updating learning rate to 6.25e-05
	iters: 100, epoch: 5 | loss: 0.6740684
	speed: 0.0353s/iter; left time: 3544.5184s
	iters: 200, epoch: 5 | loss: 0.2961920
	speed: 0.0125s/iter; left time: 1250.5221s
	iters: 300, epoch: 5 | loss: 0.3890438
	speed: 0.0127s/iter; left time: 1271.0779s
	iters: 400, epoch: 5 | loss: 0.4766931
	speed: 0.0126s/iter; left time: 1267.4062s
	iters: 500, epoch: 5 | loss: 0.3071066
	speed: 0.0125s/iter; left time: 1253.3886s
	iters: 600, epoch: 5 | loss: 1.0549121
	speed: 0.0126s/iter; left time: 1263.4499s
	iters: 700, epoch: 5 | loss: 0.3001001
	speed: 0.0126s/iter; left time: 1259.0197s
	iters: 800, epoch: 5 | loss: 0.4343922
	speed: 0.0126s/iter; left time: 1260.0099s
	iters: 900, epoch: 5 | loss: 0.3298014
	speed: 0.0130s/iter; left time: 1299.6580s
	iters: 1000, epoch: 5 | loss: 0.3798116
	speed: 0.0128s/iter; left time: 1273.2898s
Epoch: 5 cost time: 13.217299699783325
Epoch: 5, Steps: 1048 | Train Loss: 0.4699276 Vali Loss: 0.2900544
EarlyStopping counter: 3 out of 6
Updating learning rate to 3.125e-05
	iters: 100, epoch: 6 | loss: 0.3254874
	speed: 0.0350s/iter; left time: 3480.5315s
	iters: 200, epoch: 6 | loss: 0.4466833
	speed: 0.0123s/iter; left time: 1226.5511s
	iters: 300, epoch: 6 | loss: 0.2718193
	speed: 0.0124s/iter; left time: 1234.6835s
	iters: 400, epoch: 6 | loss: 0.3149408
	speed: 0.0125s/iter; left time: 1244.3149s
	iters: 500, epoch: 6 | loss: 0.4437393
	speed: 0.0126s/iter; left time: 1246.9421s
	iters: 600, epoch: 6 | loss: 0.4624297
	speed: 0.0124s/iter; left time: 1225.8534s
	iters: 700, epoch: 6 | loss: 0.4359491
	speed: 0.0127s/iter; left time: 1255.6785s
	iters: 800, epoch: 6 | loss: 0.3699467
	speed: 0.0126s/iter; left time: 1240.6499s
	iters: 900, epoch: 6 | loss: 0.5519583
	speed: 0.0124s/iter; left time: 1221.6301s
	iters: 1000, epoch: 6 | loss: 0.4104193
	speed: 0.0124s/iter; left time: 1220.3435s
Epoch: 6 cost time: 13.08302092552185
Epoch: 6, Steps: 1048 | Train Loss: 0.4671290 Vali Loss: 0.2883089
EarlyStopping counter: 4 out of 6
Updating learning rate to 1.5625e-05
	iters: 100, epoch: 7 | loss: 0.5424646
	speed: 0.0350s/iter; left time: 3440.4397s
	iters: 200, epoch: 7 | loss: 0.5155452
	speed: 0.0124s/iter; left time: 1220.8190s
	iters: 300, epoch: 7 | loss: 0.3365187
	speed: 0.0123s/iter; left time: 1211.8271s
	iters: 400, epoch: 7 | loss: 0.5344003
	speed: 0.0124s/iter; left time: 1214.9212s
	iters: 500, epoch: 7 | loss: 0.4875875
	speed: 0.0122s/iter; left time: 1197.9134s
	iters: 600, epoch: 7 | loss: 0.3494499
	speed: 0.0124s/iter; left time: 1218.6740s
	iters: 700, epoch: 7 | loss: 0.3917800
	speed: 0.0126s/iter; left time: 1234.9344s
	iters: 800, epoch: 7 | loss: 0.4059566
	speed: 0.0127s/iter; left time: 1243.5832s
	iters: 900, epoch: 7 | loss: 0.5499372
	speed: 0.0126s/iter; left time: 1233.5415s
	iters: 1000, epoch: 7 | loss: 0.4776879
	speed: 0.0124s/iter; left time: 1206.9028s
Epoch: 7 cost time: 13.040831327438354
Epoch: 7, Steps: 1048 | Train Loss: 0.4653114 Vali Loss: 0.2905371
EarlyStopping counter: 5 out of 6
Updating learning rate to 7.8125e-06
	iters: 100, epoch: 8 | loss: 0.4308360
	speed: 0.0353s/iter; left time: 3436.2864s
	iters: 200, epoch: 8 | loss: 0.3802139
	speed: 0.0126s/iter; left time: 1224.7809s
	iters: 300, epoch: 8 | loss: 0.4873490
	speed: 0.0128s/iter; left time: 1242.5947s
	iters: 400, epoch: 8 | loss: 0.3019509
	speed: 0.0129s/iter; left time: 1247.5822s
	iters: 500, epoch: 8 | loss: 0.3681670
	speed: 0.0122s/iter; left time: 1184.2004s
	iters: 600, epoch: 8 | loss: 0.5412567
	speed: 0.0125s/iter; left time: 1211.1617s
	iters: 700, epoch: 8 | loss: 0.4287911
	speed: 0.0124s/iter; left time: 1201.4313s
	iters: 800, epoch: 8 | loss: 0.3599935
	speed: 0.0126s/iter; left time: 1213.9131s
	iters: 900, epoch: 8 | loss: 0.4952458
	speed: 0.0125s/iter; left time: 1208.9446s
	iters: 1000, epoch: 8 | loss: 0.3833790
	speed: 0.0124s/iter; left time: 1200.1918s
Epoch: 8 cost time: 13.155487298965454
Epoch: 8, Steps: 1048 | Train Loss: 0.4645814 Vali Loss: 0.2911960
EarlyStopping counter: 6 out of 6
Early stopping
VALIDATION_RESULT {"best_epoch": 2, "best_mae": 0.36145051890162927, "best_mse": 0.27730829673687024, "epochs_ran": 8, "metric_version": "element_weighted_v1"}
>>>>>>>test skipped (validation-only run)<<<<<<<<<<<<<<<<<<<<<<<<
