Using GPU
Args in experiment:
[1mBasic Config[0m
  Task Name:          long_term_forecast  Is Training:        1                   
  Model ID:           ETTm2_96_96_cmrhm_backbone_ettm2_p96_no_patch_s2021Model:              GraphMambaCMRHM     

[1mData Loader[0m
  Data:               ETTm2               Root Path:          /home/cwh/Time-Series-Library/dataset/ETT-small
  Data Path:          ETTm2.csv           Features:           M                   
  Target:             OT                  Freq:               h                   
  Checkpoints:        /home/cwh/Time-Series-Library/logs/cmrhm_backbone_ablation/checkpoints

[1mForecasting Task[0m
  Seq Len:            336                 Label Len:          48                  
  Pred Len:           96                  Seasonal Patterns:  Monthly             
  Inverse:            0                   

[1mModel Parameters[0m
  Top k:              5                   Num Kernels:        6                   
  Enc In:             7                   Dec In:             7                   
  C Out:              7                   d model:            64                  
  n heads:            8                   e layers:           1                   
  d layers:           1                   d FF:               128                 
  Moving Avg:         25                  Factor:             1                   
  Distil:             1                   Dropout:            0.1                 
  Embed:              timeF               Activation:         gelu                

[1mRun Parameters[0m
  Num Workers:        0                   Itr:                1                   
  Train Epochs:       100                 Batch Size:         32                  
  Patience:           6                   Learning Rate:      0.0005              
  Des:                cmrhm_backbone_ettm2_p96_no_patch_s2021Loss:               MSE                 
  Lradj:              type1               Use Amp:            0                   

[1mGPU[0m
  Use GPU:            1                   GPU:                0                   
  Use Multi GPU:      0                   Devices:            0,1,2,3             

[1mDe-stationary Projector Params[0m
  P Hidden Dims:      128, 128            P Hidden Layers:    2                   

Use GPU: cuda:0
🚀 Lazy Loading: GraphMambaCMRHM ...
[GraphMamba] Building 7x7 static graph from 2000 training samples
>>>>>>>start training : long_term_forecast_ETTm2_96_96_cmrhm_backbone_ettm2_p96_no_patch_s2021_GraphMambaCMRHM_ETTm2_ftM_sl336_ll48_pl96_dm64_nh8_el1_dl1_df128_expand2_dc2_fc1_ebtimeF_dtTrue_cmrhm_backbone_ettm2_p96_no_patch_s2021_0>>>>>>>>>>>>>>>>>>>>>>>>>>
train 34129
val 11425
	iters: 100, epoch: 1 | loss: 0.1621645
	speed: 0.0104s/iter; left time: 1109.5308s
	iters: 200, epoch: 1 | loss: 0.1714698
	speed: 0.0081s/iter; left time: 863.4322s
	iters: 300, epoch: 1 | loss: 0.4407969
	speed: 0.0079s/iter; left time: 840.7104s
	iters: 400, epoch: 1 | loss: 0.1502429
	speed: 0.0080s/iter; left time: 852.2849s
	iters: 500, epoch: 1 | loss: 0.1592930
	speed: 0.0079s/iter; left time: 836.9967s
	iters: 600, epoch: 1 | loss: 0.1545365
	speed: 0.0080s/iter; left time: 850.7474s
	iters: 700, epoch: 1 | loss: 0.1513343
	speed: 0.0082s/iter; left time: 872.3483s
	iters: 800, epoch: 1 | loss: 0.2470554
	speed: 0.0082s/iter; left time: 870.1843s
	iters: 900, epoch: 1 | loss: 0.1999903
	speed: 0.0081s/iter; left time: 855.0079s
	iters: 1000, epoch: 1 | loss: 0.2726579
	speed: 0.0081s/iter; left time: 853.2310s
Epoch: 1 cost time: 8.844863891601562
Epoch: 1, Steps: 1067 | Train Loss: 0.2283058 Vali Loss: 0.1516033
Validation loss decreased (inf --> 0.151603).  Saving model ...
Updating learning rate to 0.0005
	iters: 100, epoch: 2 | loss: 0.1974500
	speed: 0.0265s/iter; left time: 2793.3265s
	iters: 200, epoch: 2 | loss: 0.1963325
	speed: 0.0079s/iter; left time: 831.6664s
	iters: 300, epoch: 2 | loss: 0.2433101
	speed: 0.0080s/iter; left time: 845.1931s
	iters: 400, epoch: 2 | loss: 0.1230142
	speed: 0.0083s/iter; left time: 875.8364s
	iters: 500, epoch: 2 | loss: 0.1600484
	speed: 0.0080s/iter; left time: 845.6069s
	iters: 600, epoch: 2 | loss: 0.1996304
	speed: 0.0085s/iter; left time: 897.3107s
	iters: 700, epoch: 2 | loss: 0.1216307
	speed: 0.0082s/iter; left time: 860.3902s
	iters: 800, epoch: 2 | loss: 0.1182851
	speed: 0.0084s/iter; left time: 880.8295s
	iters: 900, epoch: 2 | loss: 0.1514663
	speed: 0.0082s/iter; left time: 859.8730s
	iters: 1000, epoch: 2 | loss: 0.1928477
	speed: 0.0085s/iter; left time: 884.6832s
Epoch: 2 cost time: 8.786702394485474
Epoch: 2, Steps: 1067 | Train Loss: 0.1992550 Vali Loss: 0.1253521
Validation loss decreased (0.151603 --> 0.125352).  Saving model ...
Updating learning rate to 0.00025
	iters: 100, epoch: 3 | loss: 0.1826766
	speed: 0.0267s/iter; left time: 2787.1980s
	iters: 200, epoch: 3 | loss: 0.1751723
	speed: 0.0082s/iter; left time: 850.6468s
	iters: 300, epoch: 3 | loss: 0.1467216
	speed: 0.0082s/iter; left time: 856.3084s
	iters: 400, epoch: 3 | loss: 0.2885255
	speed: 0.0079s/iter; left time: 825.5235s
	iters: 500, epoch: 3 | loss: 0.1305104
	speed: 0.0081s/iter; left time: 839.5447s
	iters: 600, epoch: 3 | loss: 0.2642080
	speed: 0.0084s/iter; left time: 868.1473s
	iters: 700, epoch: 3 | loss: 0.1315003
	speed: 0.0085s/iter; left time: 880.8952s
	iters: 800, epoch: 3 | loss: 0.2318061
	speed: 0.0085s/iter; left time: 883.1055s
	iters: 900, epoch: 3 | loss: 0.1252302
	speed: 0.0082s/iter; left time: 850.6015s
	iters: 1000, epoch: 3 | loss: 0.2861796
	speed: 0.0083s/iter; left time: 857.3380s
Epoch: 3 cost time: 8.831957578659058
Epoch: 3, Steps: 1067 | Train Loss: 0.1873879 Vali Loss: 0.1274554
EarlyStopping counter: 1 out of 6
Updating learning rate to 0.000125
	iters: 100, epoch: 4 | loss: 0.2595752
	speed: 0.0259s/iter; left time: 2677.3248s
	iters: 200, epoch: 4 | loss: 0.1444482
	speed: 0.0082s/iter; left time: 843.7299s
	iters: 300, epoch: 4 | loss: 0.1174259
	speed: 0.0083s/iter; left time: 852.6522s
	iters: 400, epoch: 4 | loss: 0.1892433
	speed: 0.0085s/iter; left time: 879.0808s
	iters: 500, epoch: 4 | loss: 0.3398415
	speed: 0.0083s/iter; left time: 857.5099s
	iters: 600, epoch: 4 | loss: 0.1384935
	speed: 0.0081s/iter; left time: 829.7231s
	iters: 700, epoch: 4 | loss: 0.2351890
	speed: 0.0083s/iter; left time: 855.4634s
	iters: 800, epoch: 4 | loss: 0.1253768
	speed: 0.0081s/iter; left time: 831.2666s
	iters: 900, epoch: 4 | loss: 0.1249076
	speed: 0.0085s/iter; left time: 873.0356s
	iters: 1000, epoch: 4 | loss: 0.1660655
	speed: 0.0082s/iter; left time: 845.1246s
Epoch: 4 cost time: 8.863851547241211
Epoch: 4, Steps: 1067 | Train Loss: 0.1816141 Vali Loss: 0.1273956
EarlyStopping counter: 2 out of 6
Updating learning rate to 6.25e-05
	iters: 100, epoch: 5 | loss: 0.2099908
	speed: 0.0270s/iter; left time: 2766.1289s
	iters: 200, epoch: 5 | loss: 0.1655925
	speed: 0.0089s/iter; left time: 910.5273s
	iters: 300, epoch: 5 | loss: 0.1880510
	speed: 0.0084s/iter; left time: 857.8407s
	iters: 400, epoch: 5 | loss: 0.1098978
	speed: 0.0085s/iter; left time: 865.4374s
	iters: 500, epoch: 5 | loss: 0.1656705
	speed: 0.0085s/iter; left time: 868.8901s
	iters: 600, epoch: 5 | loss: 0.1503486
	speed: 0.0083s/iter; left time: 846.9561s
	iters: 700, epoch: 5 | loss: 0.1650327
	speed: 0.0083s/iter; left time: 843.3928s
	iters: 800, epoch: 5 | loss: 0.1295758
	speed: 0.0080s/iter; left time: 808.4923s
	iters: 900, epoch: 5 | loss: 0.1284806
	speed: 0.0081s/iter; left time: 827.0154s
	iters: 1000, epoch: 5 | loss: 0.0947076
	speed: 0.0081s/iter; left time: 820.2196s
Epoch: 5 cost time: 8.918999433517456
Epoch: 5, Steps: 1067 | Train Loss: 0.1782555 Vali Loss: 0.1273403
EarlyStopping counter: 3 out of 6
Updating learning rate to 3.125e-05
	iters: 100, epoch: 6 | loss: 0.1488290
	speed: 0.0272s/iter; left time: 2753.8297s
	iters: 200, epoch: 6 | loss: 0.1706488
	speed: 0.0082s/iter; left time: 826.5215s
	iters: 300, epoch: 6 | loss: 0.1752906
	speed: 0.0084s/iter; left time: 848.0994s
	iters: 400, epoch: 6 | loss: 0.1193775
	speed: 0.0083s/iter; left time: 840.7063s
	iters: 500, epoch: 6 | loss: 0.1252703
	speed: 0.0083s/iter; left time: 841.5097s
	iters: 600, epoch: 6 | loss: 0.1306200
	speed: 0.0080s/iter; left time: 806.1340s
	iters: 700, epoch: 6 | loss: 0.1959267
	speed: 0.0083s/iter; left time: 835.4274s
	iters: 800, epoch: 6 | loss: 0.2433488
	speed: 0.0084s/iter; left time: 844.5390s
	iters: 900, epoch: 6 | loss: 0.1122391
	speed: 0.0082s/iter; left time: 827.9731s
	iters: 1000, epoch: 6 | loss: 0.1541179
	speed: 0.0086s/iter; left time: 858.2116s
Epoch: 6 cost time: 8.860406637191772
Epoch: 6, Steps: 1067 | Train Loss: 0.1763809 Vali Loss: 0.1286949
EarlyStopping counter: 4 out of 6
Updating learning rate to 1.5625e-05
	iters: 100, epoch: 7 | loss: 0.1168646
	speed: 0.0259s/iter; left time: 2592.1375s
	iters: 200, epoch: 7 | loss: 0.3881475
	speed: 0.0084s/iter; left time: 841.6480s
	iters: 300, epoch: 7 | loss: 0.2066519
	speed: 0.0084s/iter; left time: 836.6411s
	iters: 400, epoch: 7 | loss: 0.1657273
	speed: 0.0080s/iter; left time: 799.7064s
	iters: 500, epoch: 7 | loss: 0.2124448
	speed: 0.0081s/iter; left time: 809.5218s
	iters: 600, epoch: 7 | loss: 0.2014919
	speed: 0.0082s/iter; left time: 816.2741s
	iters: 700, epoch: 7 | loss: 0.1687344
	speed: 0.0081s/iter; left time: 802.2873s
	iters: 800, epoch: 7 | loss: 0.1128772
	speed: 0.0081s/iter; left time: 806.4490s
	iters: 900, epoch: 7 | loss: 0.1305078
	speed: 0.0081s/iter; left time: 807.7866s
	iters: 1000, epoch: 7 | loss: 0.0949594
	speed: 0.0083s/iter; left time: 827.7013s
Epoch: 7 cost time: 8.744795322418213
Epoch: 7, Steps: 1067 | Train Loss: 0.1751247 Vali Loss: 0.1294141
EarlyStopping counter: 5 out of 6
Updating learning rate to 7.8125e-06
	iters: 100, epoch: 8 | loss: 0.1865427
	speed: 0.0268s/iter; left time: 2652.4503s
	iters: 200, epoch: 8 | loss: 0.1886300
	speed: 0.0082s/iter; left time: 811.2714s
	iters: 300, epoch: 8 | loss: 0.0784129
	speed: 0.0085s/iter; left time: 838.0801s
	iters: 400, epoch: 8 | loss: 0.1923405
	speed: 0.0082s/iter; left time: 810.5625s
	iters: 500, epoch: 8 | loss: 0.1165165
	speed: 0.0083s/iter; left time: 820.0581s
	iters: 600, epoch: 8 | loss: 0.1340261
	speed: 0.0082s/iter; left time: 810.2213s
	iters: 700, epoch: 8 | loss: 0.1553019
	speed: 0.0081s/iter; left time: 801.3682s
	iters: 800, epoch: 8 | loss: 0.2099399
	speed: 0.0083s/iter; left time: 821.2088s
	iters: 900, epoch: 8 | loss: 0.1504781
	speed: 0.0080s/iter; left time: 787.9332s
	iters: 1000, epoch: 8 | loss: 0.1481208
	speed: 0.0081s/iter; left time: 798.4146s
Epoch: 8 cost time: 8.778879404067993
Epoch: 8, Steps: 1067 | Train Loss: 0.1745239 Vali Loss: 0.1294445
EarlyStopping counter: 6 out of 6
Early stopping
VALIDATION_RESULT {"best_epoch": 2, "best_mae": 0.2420722909116293, "best_mse": 0.12535213738366244, "epochs_ran": 8, "metric_version": "element_weighted_v1"}
>>>>>>>test skipped (validation-only run)<<<<<<<<<<<<<<<<<<<<<<<<
