Using GPU
Args in experiment:
[1mBasic Config[0m
  Task Name:          long_term_forecast  Is Training:        1                   
  Model ID:           simpletm_ettm1_sl336_pl96_s2021Model:              SimpleTM            

[1mData Loader[0m
  Data:               ETTm1               Root Path:          /home/cwh/Time-Series-Library/dataset/ETT-small
  Data Path:          ETTm1.csv           Features:           M                   
  Target:             OT                  Freq:               t                   
  Checkpoints:        /home/cwh/Time-Series-Library/logs/simpletm_remaining_sl336/checkpoints

[1mForecasting Task[0m
  Seq Len:            336                 Label Len:          0                   
  Pred Len:           96                  Seasonal Patterns:  Monthly             
  Inverse:            0                   

[1mModel Parameters[0m
  Top k:              5                   Num Kernels:        6                   
  Enc In:             7                   Dec In:             7                   
  C Out:              7                   d model:            32                  
  n heads:            8                   e layers:           1                   
  d layers:           1                   d FF:               32                  
  Moving Avg:         25                  Factor:             1                   
  Distil:             1                   Dropout:            0.1                 
  Embed:              timeF               Activation:         gelu                

[1mRun Parameters[0m
  Num Workers:        0                   Itr:                1                   
  Train Epochs:       10                  Batch Size:         256                 
  Patience:           3                   Learning Rate:      0.02                
  Des:                simpletm_ettm1_sl336_pl96_s2021Loss:               MSE                 
  Lradj:              type1               Use Amp:            0                   

[1mGPU[0m
  Use GPU:            1                   GPU:                0                   
  Use Multi GPU:      0                   Devices:            0,1,2,3             

[1mDe-stationary Projector Params[0m
  P Hidden Dims:      128, 128            P Hidden Layers:    2                   

Use GPU: cuda:0
🚀 Lazy Loading: SimpleTM ...
>>>>>>>start training : long_term_forecast_simpletm_ettm1_sl336_pl96_s2021_SimpleTM_ETTm1_ftM_sl336_ll0_pl96_dm32_nh8_el1_dl1_df32_expand2_dc4_fc1_ebtimeF_dtTrue_simpletm_ettm1_sl336_pl96_s2021_0>>>>>>>>>>>>>>>>>>>>>>>>>>
train 34129
val 11425
	iters: 100, epoch: 1 | loss: 0.3064137
	speed: 0.0219s/iter; left time: 27.2284s
Epoch: 1 cost time: 2.1142430305480957
Epoch: 1, Steps: 134 | Train Loss: 0.3473155 Vali Loss: 0.4028690
Validation loss decreased (inf --> 0.402869).  Saving model ...
	iters: 100, epoch: 2 | loss: 0.2530767
	speed: 0.0241s/iter; left time: 26.7189s
Epoch: 2 cost time: 2.2110888957977295
Epoch: 2, Steps: 134 | Train Loss: 0.2698062 Vali Loss: 0.3816344
Validation loss decreased (0.402869 --> 0.381634).  Saving model ...
	iters: 100, epoch: 3 | loss: 0.2567092
	speed: 0.0218s/iter; left time: 21.2451s
Epoch: 3 cost time: 1.7794506549835205
Epoch: 3, Steps: 134 | Train Loss: 0.2558299 Vali Loss: 0.3692337
Validation loss decreased (0.381634 --> 0.369234).  Saving model ...
	iters: 100, epoch: 4 | loss: 0.2544577
	speed: 0.0209s/iter; left time: 17.5565s
Epoch: 4 cost time: 1.7693722248077393
Epoch: 4, Steps: 134 | Train Loss: 0.2503511 Vali Loss: 0.3672082
Validation loss decreased (0.369234 --> 0.367208).  Saving model ...
	iters: 100, epoch: 5 | loss: 0.2670444
	speed: 0.0210s/iter; left time: 14.7888s
Epoch: 5 cost time: 1.7822456359863281
Epoch: 5, Steps: 134 | Train Loss: 0.2461869 Vali Loss: 0.3626681
Validation loss decreased (0.367208 --> 0.362668).  Saving model ...
	iters: 100, epoch: 6 | loss: 0.2537560
	speed: 0.0210s/iter; left time: 11.9892s
Epoch: 6 cost time: 1.8384826183319092
Epoch: 6, Steps: 134 | Train Loss: 0.2431071 Vali Loss: 0.3618420
Validation loss decreased (0.362668 --> 0.361842).  Saving model ...
	iters: 100, epoch: 7 | loss: 0.2592985
	speed: 0.0221s/iter; left time: 9.6536s
Epoch: 7 cost time: 1.8747334480285645
Epoch: 7, Steps: 134 | Train Loss: 0.2402022 Vali Loss: 0.3603562
Validation loss decreased (0.361842 --> 0.360356).  Saving model ...
	iters: 100, epoch: 8 | loss: 0.2473425
	speed: 0.0216s/iter; left time: 6.5405s
Epoch: 8 cost time: 1.8247978687286377
Epoch: 8, Steps: 134 | Train Loss: 0.2375826 Vali Loss: 0.3581598
Validation loss decreased (0.360356 --> 0.358160).  Saving model ...
	iters: 100, epoch: 9 | loss: 0.2167225
	speed: 0.0211s/iter; left time: 3.5644s
Epoch: 9 cost time: 1.8185203075408936
Epoch: 9, Steps: 134 | Train Loss: 0.2352463 Vali Loss: 0.3557356
Validation loss decreased (0.358160 --> 0.355736).  Saving model ...
	iters: 100, epoch: 10 | loss: 0.2392879
	speed: 0.0215s/iter; left time: 0.7533s
Epoch: 10 cost time: 1.8203842639923096
Epoch: 10, Steps: 134 | Train Loss: 0.2339762 Vali Loss: 0.3559399
EarlyStopping counter: 1 out of 3
VALIDATION_RESULT {"best_epoch": 9, "best_mae": 0.3917530126195035, "best_mse": 0.3557356058533917, "epochs_ran": 10, "metric_version": "element_weighted_v1", "train_duration_seconds": 22.95360871311277, "train_peak_cuda_memory_bytes": 78659072}
>>>>>>>testing : long_term_forecast_simpletm_ettm1_sl336_pl96_s2021_SimpleTM_ETTm1_ftM_sl336_ll0_pl96_dm32_nh8_el1_dl1_df32_expand2_dc4_fc1_ebtimeF_dtTrue_simpletm_ettm1_sl336_pl96_s2021_0<<<<<<<<<<<<<<<<<<<<<<<<<<<<<<<<<
test 11425
EVALUATION_RESULT {"batches": 45, "elapsed_seconds": 0.3223627912811935, "elements": 7677600, "mae": 0.3424414891820035, "metric_version": "element_weighted_v1", "milliseconds_per_batch": 7.163617584026522, "mse": 0.2915861175591168, "origin_count": 11425, "origin_metric_version": "per_forecast_origin_mean_v1", "origin_metrics_path": "/home/cwh/Time-Series-Library/logs/simpletm_remaining_sl336/checkpoints/long_term_forecast_simpletm_ettm1_sl336_pl96_s2021_SimpleTM_ETTm1_ftM_sl336_ll0_pl96_dm32_nh8_el1_dl1_df32_expand2_dc4_fc1_ebtimeF_dtTrue_simpletm_ettm1_sl336_pl96_s2021_0/test_origin_metrics.npz", "parameter_count": 20536, "peak_cuda_memory_bytes": 56227840, "split": "test", "test_accessed": true, "timerole_intervention": "intact"}
mse:0.2915861175591168, mae:0.3424414891820035, dtw:Not calculated
