Using GPU
Args in experiment:
[1mBasic Config[0m
  Task Name:          long_term_forecast  Is Training:        1                   
  Model ID:           simpletm_ettm2_sl336_pl336_s2023Model:              SimpleTM            

[1mData Loader[0m
  Data:               ETTm2               Root Path:          /home/cwh/Time-Series-Library/dataset/ETT-small
  Data Path:          ETTm2.csv           Features:           M                   
  Target:             OT                  Freq:               t                   
  Checkpoints:        /home/cwh/Time-Series-Library/logs/simpletm_remaining_sl336/checkpoints

[1mForecasting Task[0m
  Seq Len:            336                 Label Len:          0                   
  Pred Len:           336                 Seasonal Patterns:  Monthly             
  Inverse:            0                   

[1mModel Parameters[0m
  Top k:              5                   Num Kernels:        6                   
  Enc In:             7                   Dec In:             7                   
  C Out:              7                   d model:            64                  
  n heads:            8                   e layers:           1                   
  d layers:           1                   d FF:               64                  
  Moving Avg:         25                  Factor:             1                   
  Distil:             1                   Dropout:            0.1                 
  Embed:              timeF               Activation:         gelu                

[1mRun Parameters[0m
  Num Workers:        0                   Itr:                1                   
  Train Epochs:       10                  Batch Size:         128                 
  Patience:           3                   Learning Rate:      0.006               
  Des:                simpletm_ettm2_sl336_pl336_s2023Loss:               MSE                 
  Lradj:              type1               Use Amp:            0                   

[1mGPU[0m
  Use GPU:            1                   GPU:                0                   
  Use Multi GPU:      0                   Devices:            0,1,2,3             

[1mDe-stationary Projector Params[0m
  P Hidden Dims:      128, 128            P Hidden Layers:    2                   

Use GPU: cuda:0
🚀 Lazy Loading: SimpleTM ...
>>>>>>>start training : long_term_forecast_simpletm_ettm2_sl336_pl336_s2023_SimpleTM_ETTm2_ftM_sl336_ll0_pl336_dm64_nh8_el1_dl1_df64_expand2_dc4_fc1_ebtimeF_dtTrue_simpletm_ettm2_sl336_pl336_s2023_0>>>>>>>>>>>>>>>>>>>>>>>>>>
train 33889
val 11185
	iters: 100, epoch: 1 | loss: 0.4185295
	speed: 0.0206s/iter; left time: 52.6070s
	iters: 200, epoch: 1 | loss: 0.4879368
	speed: 0.0107s/iter; left time: 26.2095s
Epoch: 1 cost time: 3.2113239765167236
Epoch: 1, Steps: 265 | Train Loss: 0.4314431 Vali Loss: 0.2119443
Validation loss decreased (inf --> 0.211944).  Saving model ...
	iters: 100, epoch: 2 | loss: 0.4556122
	speed: 0.0199s/iter; left time: 45.4947s
	iters: 200, epoch: 2 | loss: 0.3602889
	speed: 0.0095s/iter; left time: 20.8266s
Epoch: 2 cost time: 2.4754936695098877
Epoch: 2, Steps: 265 | Train Loss: 0.3881150 Vali Loss: 0.2104811
Validation loss decreased (0.211944 --> 0.210481).  Saving model ...
	iters: 100, epoch: 3 | loss: 0.4056568
	speed: 0.0191s/iter; left time: 38.6358s
	iters: 200, epoch: 3 | loss: 0.2902532
	speed: 0.0091s/iter; left time: 17.5442s
Epoch: 3 cost time: 2.449907064437866
Epoch: 3, Steps: 265 | Train Loss: 0.3600783 Vali Loss: 0.2119934
EarlyStopping counter: 1 out of 3
	iters: 100, epoch: 4 | loss: 0.2786778
	speed: 0.0196s/iter; left time: 34.3510s
	iters: 200, epoch: 4 | loss: 0.3870992
	speed: 0.0096s/iter; left time: 15.9481s
Epoch: 4 cost time: 2.490933418273926
Epoch: 4, Steps: 265 | Train Loss: 0.3430935 Vali Loss: 0.2133326
EarlyStopping counter: 2 out of 3
	iters: 100, epoch: 5 | loss: 0.2878482
	speed: 0.0189s/iter; left time: 28.1422s
	iters: 200, epoch: 5 | loss: 0.2430486
	speed: 0.0094s/iter; left time: 13.1172s
Epoch: 5 cost time: 2.4403412342071533
Epoch: 5, Steps: 265 | Train Loss: 0.3292182 Vali Loss: 0.2105121
EarlyStopping counter: 3 out of 3
Early stopping
VALIDATION_RESULT {"best_epoch": 2, "best_mae": 0.3181125758741835, "best_mse": 0.21048105846974602, "epochs_ran": 5, "metric_version": "element_weighted_v1", "train_duration_seconds": 16.215654713101685, "train_peak_cuda_memory_bytes": 71249920}
>>>>>>>testing : long_term_forecast_simpletm_ettm2_sl336_pl336_s2023_SimpleTM_ETTm2_ftM_sl336_ll0_pl336_dm64_nh8_el1_dl1_df64_expand2_dc4_fc1_ebtimeF_dtTrue_simpletm_ettm2_sl336_pl336_s2023_0<<<<<<<<<<<<<<<<<<<<<<<<<<<<<<<<<
test 11185
EVALUATION_RESULT {"batches": 88, "elapsed_seconds": 0.3908675601705909, "elements": 26307120, "mae": 0.3502425757266474, "metric_version": "element_weighted_v1", "milliseconds_per_batch": 4.4416768201203505, "mse": 0.29948626364922787, "origin_count": 11185, "origin_metric_version": "per_forecast_origin_mean_v1", "origin_metrics_path": "/home/cwh/Time-Series-Library/logs/simpletm_remaining_sl336/checkpoints/long_term_forecast_simpletm_ettm2_sl336_pl336_s2023_SimpleTM_ETTm2_ftM_sl336_ll0_pl336_dm64_nh8_el1_dl1_df64_expand2_dc4_fc1_ebtimeF_dtTrue_simpletm_ettm2_sl336_pl336_s2023_0/test_origin_metrics.npz", "parameter_count": 68976, "peak_cuda_memory_bytes": 52999168, "split": "test", "test_accessed": true, "timerole_intervention": "intact"}
mse:0.29948626364922787, mae:0.3502425757266474, dtw:Not calculated
