Using GPU
Args in experiment:
[1mBasic Config[0m
  Task Name:          long_term_forecast  Is Training:        1                   
  Model ID:           simpletm_etth2_sl336_pl336_s2022Model:              SimpleTM            

[1mData Loader[0m
  Data:               ETTh2               Root Path:          /home/cwh/Time-Series-Library/dataset/ETT-small
  Data Path:          ETTh2.csv           Features:           M                   
  Target:             OT                  Freq:               h                   
  Checkpoints:        /home/cwh/Time-Series-Library/logs/simpletm_remaining_sl336/checkpoints

[1mForecasting Task[0m
  Seq Len:            336                 Label Len:          0                   
  Pred Len:           336                 Seasonal Patterns:  Monthly             
  Inverse:            0                   

[1mModel Parameters[0m
  Top k:              5                   Num Kernels:        6                   
  Enc In:             7                   Dec In:             7                   
  C Out:              7                   d model:            32                  
  n heads:            8                   e layers:           1                   
  d layers:           1                   d FF:               32                  
  Moving Avg:         25                  Factor:             1                   
  Distil:             1                   Dropout:            0.1                 
  Embed:              timeF               Activation:         gelu                

[1mRun Parameters[0m
  Num Workers:        0                   Itr:                1                   
  Train Epochs:       10                  Batch Size:         256                 
  Patience:           3                   Learning Rate:      0.003               
  Des:                simpletm_etth2_sl336_pl336_s2022Loss:               MSE                 
  Lradj:              type1               Use Amp:            0                   

[1mGPU[0m
  Use GPU:            1                   GPU:                0                   
  Use Multi GPU:      0                   Devices:            0,1,2,3             

[1mDe-stationary Projector Params[0m
  P Hidden Dims:      128, 128            P Hidden Layers:    2                   

Use GPU: cuda:0
🚀 Lazy Loading: SimpleTM ...
>>>>>>>start training : long_term_forecast_simpletm_etth2_sl336_pl336_s2022_SimpleTM_ETTh2_ftM_sl336_ll0_pl336_dm32_nh8_el1_dl1_df32_expand2_dc4_fc1_ebtimeF_dtTrue_simpletm_etth2_sl336_pl336_s2022_0>>>>>>>>>>>>>>>>>>>>>>>>>>
train 7969
val 2545
Epoch: 1 cost time: 0.6079294681549072
Epoch: 1, Steps: 32 | Train Loss: 0.7897336 Vali Loss: 0.4528035
Validation loss decreased (inf --> 0.452804).  Saving model ...
Epoch: 2 cost time: 0.3692324161529541
Epoch: 2, Steps: 32 | Train Loss: 0.6546919 Vali Loss: 0.3909908
Validation loss decreased (0.452804 --> 0.390991).  Saving model ...
Epoch: 3 cost time: 0.33196330070495605
Epoch: 3, Steps: 32 | Train Loss: 0.6037101 Vali Loss: 0.3734788
Validation loss decreased (0.390991 --> 0.373479).  Saving model ...
Epoch: 4 cost time: 0.3453805446624756
Epoch: 4, Steps: 32 | Train Loss: 0.5756053 Vali Loss: 0.3822630
EarlyStopping counter: 1 out of 3
Epoch: 5 cost time: 0.34180617332458496
Epoch: 5, Steps: 32 | Train Loss: 0.5698837 Vali Loss: 0.3858699
EarlyStopping counter: 2 out of 3
Epoch: 6 cost time: 0.35495781898498535
Epoch: 6, Steps: 32 | Train Loss: 0.5506151 Vali Loss: 0.3840608
EarlyStopping counter: 3 out of 3
Early stopping
VALIDATION_RESULT {"best_epoch": 3, "best_mae": 0.41947475469190626, "best_mse": 0.3734787614394972, "epochs_ran": 6, "metric_version": "element_weighted_v1", "train_duration_seconds": 3.395625083707273, "train_peak_cuda_memory_bytes": 64371200}
>>>>>>>testing : long_term_forecast_simpletm_etth2_sl336_pl336_s2022_SimpleTM_ETTh2_ftM_sl336_ll0_pl336_dm32_nh8_el1_dl1_df32_expand2_dc4_fc1_ebtimeF_dtTrue_simpletm_etth2_sl336_pl336_s2022_0<<<<<<<<<<<<<<<<<<<<<<<<<<<<<<<<<
test 2545
EVALUATION_RESULT {"batches": 10, "elapsed_seconds": 0.060053083114326, "elements": 5985840, "mae": 0.4201284171269195, "metric_version": "element_weighted_v1", "milliseconds_per_batch": 6.0053083114326, "mse": 0.39735062442677216, "origin_count": 2545, "origin_metric_version": "per_forecast_origin_mean_v1", "origin_metrics_path": "/home/cwh/Time-Series-Library/logs/simpletm_remaining_sl336/checkpoints/long_term_forecast_simpletm_etth2_sl336_pl336_s2022_SimpleTM_ETTh2_ftM_sl336_ll0_pl336_dm32_nh8_el1_dl1_df32_expand2_dc4_fc1_ebtimeF_dtTrue_simpletm_etth2_sl336_pl336_s2022_0/test_origin_metrics.npz", "parameter_count": 28456, "peak_cuda_memory_bytes": 53555200, "split": "test", "test_accessed": true, "timerole_intervention": "intact"}
mse:0.39735062442677216, mae:0.4201284171269195, dtw:Not calculated
