Using GPU
Args in experiment:
[1mBasic Config[0m
  Task Name:          long_term_forecast  Is Training:        1                   
  Model ID:           simpletm_weather_sl336_pl720_s2022Model:              SimpleTM            

[1mData Loader[0m
  Data:               custom              Root Path:          /home/cwh/Time-Series-Library/dataset/weather
  Data Path:          weather.csv         Features:           M                   
  Target:             CO2 (ppm)           Freq:               t                   
  Checkpoints:        /home/cwh/Time-Series-Library/logs/simpletm_remaining_sl336/checkpoints

[1mForecasting Task[0m
  Seq Len:            336                 Label Len:          0                   
  Pred Len:           720                 Seasonal Patterns:  Monthly             
  Inverse:            0                   

[1mModel Parameters[0m
  Top k:              5                   Num Kernels:        6                   
  Enc In:             21                  Dec In:             21                  
  C Out:              21                  d model:            32                  
  n heads:            8                   e layers:           1                   
  d layers:           1                   d FF:               32                  
  Moving Avg:         25                  Factor:             1                   
  Distil:             1                   Dropout:            0.1                 
  Embed:              timeF               Activation:         gelu                

[1mRun Parameters[0m
  Num Workers:        0                   Itr:                1                   
  Train Epochs:       10                  Batch Size:         256                 
  Patience:           3                   Learning Rate:      0.02                
  Des:                simpletm_weather_sl336_pl720_s2022Loss:               MSE                 
  Lradj:              type1               Use Amp:            0                   

[1mGPU[0m
  Use GPU:            1                   GPU:                0                   
  Use Multi GPU:      0                   Devices:            0,1,2,3             

[1mDe-stationary Projector Params[0m
  P Hidden Dims:      128, 128            P Hidden Layers:    2                   

Use GPU: cuda:0
🚀 Lazy Loading: SimpleTM ...
>>>>>>>start training : long_term_forecast_simpletm_weather_sl336_pl720_s2022_SimpleTM_custom_ftM_sl336_ll0_pl720_dm32_nh8_el1_dl1_df32_expand2_dc4_fc1_ebtimeF_dtTrue_simpletm_weather_sl336_pl720_s2022_0>>>>>>>>>>>>>>>>>>>>>>>>>>
train 35832
val 4551
	iters: 100, epoch: 1 | loss: 0.6452922
	speed: 0.0292s/iter; left time: 38.0185s
Epoch: 1 cost time: 3.0604517459869385
Epoch: 1, Steps: 140 | Train Loss: 0.7067200 Vali Loss: 0.6509848
Validation loss decreased (inf --> 0.650985).  Saving model ...
	iters: 100, epoch: 2 | loss: 0.6085485
	speed: 0.0292s/iter; left time: 33.9351s
Epoch: 2 cost time: 2.678668260574341
Epoch: 2, Steps: 140 | Train Loss: 0.6038352 Vali Loss: 0.6468773
Validation loss decreased (0.650985 --> 0.646877).  Saving model ...
	iters: 100, epoch: 3 | loss: 0.5610787
	speed: 0.0295s/iter; left time: 30.1615s
Epoch: 3 cost time: 2.7646102905273438
Epoch: 3, Steps: 140 | Train Loss: 0.5999162 Vali Loss: 0.6443095
Validation loss decreased (0.646877 --> 0.644310).  Saving model ...
	iters: 100, epoch: 4 | loss: 0.5643970
	speed: 0.0335s/iter; left time: 29.5395s
Epoch: 4 cost time: 2.928154230117798
Epoch: 4, Steps: 140 | Train Loss: 0.6225118 Vali Loss: 0.6431214
Validation loss decreased (0.644310 --> 0.643121).  Saving model ...
	iters: 100, epoch: 5 | loss: 0.5607377
	speed: 0.0302s/iter; left time: 22.3846s
Epoch: 5 cost time: 2.721614360809326
Epoch: 5, Steps: 140 | Train Loss: 0.5964965 Vali Loss: 0.6354288
Validation loss decreased (0.643121 --> 0.635429).  Saving model ...
	iters: 100, epoch: 6 | loss: 0.5850062
	speed: 0.0300s/iter; left time: 18.0521s
Epoch: 6 cost time: 2.7087059020996094
Epoch: 6, Steps: 140 | Train Loss: 0.5898753 Vali Loss: 0.6333392
Validation loss decreased (0.635429 --> 0.633339).  Saving model ...
	iters: 100, epoch: 7 | loss: 0.5681450
	speed: 0.0322s/iter; left time: 14.8629s
Epoch: 7 cost time: 2.9189231395721436
Epoch: 7, Steps: 140 | Train Loss: 0.5885306 Vali Loss: 0.6324224
Validation loss decreased (0.633339 --> 0.632422).  Saving model ...
	iters: 100, epoch: 8 | loss: 0.5738412
	speed: 0.0297s/iter; left time: 9.5439s
Epoch: 8 cost time: 2.7041311264038086
Epoch: 8, Steps: 140 | Train Loss: 0.5860480 Vali Loss: 0.6310193
Validation loss decreased (0.632422 --> 0.631019).  Saving model ...
	iters: 100, epoch: 9 | loss: 0.6091579
	speed: 0.0301s/iter; left time: 5.4463s
Epoch: 9 cost time: 2.6954877376556396
Epoch: 9, Steps: 140 | Train Loss: 0.5844356 Vali Loss: 0.6299926
Validation loss decreased (0.631019 --> 0.629993).  Saving model ...
	iters: 100, epoch: 10 | loss: 0.5526810
	speed: 0.0314s/iter; left time: 1.2877s
Epoch: 10 cost time: 2.9292678833007812
Epoch: 10, Steps: 140 | Train Loss: 0.5836971 Vali Loss: 0.6298713
Validation loss decreased (0.629993 --> 0.629871).  Saving model ...
VALIDATION_RESULT {"best_epoch": 10, "best_mae": 0.43225976593608706, "best_mse": 0.6298713329328167, "epochs_ran": 10, "metric_version": "element_weighted_v1", "train_duration_seconds": 32.0873259389773, "train_peak_cuda_memory_bytes": 197844992}
>>>>>>>testing : long_term_forecast_simpletm_weather_sl336_pl720_s2022_SimpleTM_custom_ftM_sl336_ll0_pl720_dm32_nh8_el1_dl1_df32_expand2_dc4_fc1_ebtimeF_dtTrue_simpletm_weather_sl336_pl720_s2022_0<<<<<<<<<<<<<<<<<<<<<<<<<<<<<<<<<
test 9820
EVALUATION_RESULT {"batches": 39, "elapsed_seconds": 0.5126379281282425, "elements": 148478400, "mae": 0.3307936550030173, "metric_version": "element_weighted_v1", "milliseconds_per_batch": 13.144562259698526, "mse": 0.3184946533047905, "origin_count": 9820, "origin_metric_version": "per_forecast_origin_mean_v1", "origin_metrics_path": "/home/cwh/Time-Series-Library/logs/simpletm_remaining_sl336/checkpoints/long_term_forecast_simpletm_weather_sl336_pl720_s2022_SimpleTM_custom_ftM_sl336_ll0_pl720_dm32_nh8_el1_dl1_df32_expand2_dc4_fc1_ebtimeF_dtTrue_simpletm_weather_sl336_pl720_s2022_0/test_origin_metrics.npz", "parameter_count": 41744, "peak_cuda_memory_bytes": 155105280, "split": "test", "test_accessed": true, "timerole_intervention": "intact"}
mse:0.3184946533047905, mae:0.3307936550030173, dtw:Not calculated
