Using GPU
Args in experiment:
[1mBasic Config[0m
  Task Name:          long_term_forecast  Is Training:        1                   
  Model ID:           simpletm_etth2_sl336_pl336_s2023Model:              SimpleTM            

[1mData Loader[0m
  Data:               ETTh2               Root Path:          /home/cwh/Time-Series-Library/dataset/ETT-small
  Data Path:          ETTh2.csv           Features:           M                   
  Target:             OT                  Freq:               h                   
  Checkpoints:        /home/cwh/Time-Series-Library/logs/simpletm_remaining_sl336/checkpoints

[1mForecasting Task[0m
  Seq Len:            336                 Label Len:          0                   
  Pred Len:           336                 Seasonal Patterns:  Monthly             
  Inverse:            0                   

[1mModel Parameters[0m
  Top k:              5                   Num Kernels:        6                   
  Enc In:             7                   Dec In:             7                   
  C Out:              7                   d model:            32                  
  n heads:            8                   e layers:           1                   
  d layers:           1                   d FF:               32                  
  Moving Avg:         25                  Factor:             1                   
  Distil:             1                   Dropout:            0.1                 
  Embed:              timeF               Activation:         gelu                

[1mRun Parameters[0m
  Num Workers:        0                   Itr:                1                   
  Train Epochs:       10                  Batch Size:         256                 
  Patience:           3                   Learning Rate:      0.003               
  Des:                simpletm_etth2_sl336_pl336_s2023Loss:               MSE                 
  Lradj:              type1               Use Amp:            0                   

[1mGPU[0m
  Use GPU:            1                   GPU:                0                   
  Use Multi GPU:      0                   Devices:            0,1,2,3             

[1mDe-stationary Projector Params[0m
  P Hidden Dims:      128, 128            P Hidden Layers:    2                   

Use GPU: cuda:0
🚀 Lazy Loading: SimpleTM ...
>>>>>>>start training : long_term_forecast_simpletm_etth2_sl336_pl336_s2023_SimpleTM_ETTh2_ftM_sl336_ll0_pl336_dm32_nh8_el1_dl1_df32_expand2_dc4_fc1_ebtimeF_dtTrue_simpletm_etth2_sl336_pl336_s2023_0>>>>>>>>>>>>>>>>>>>>>>>>>>
train 7969
val 2545
Epoch: 1 cost time: 0.683502197265625
Epoch: 1, Steps: 32 | Train Loss: 0.8003968 Vali Loss: 0.4570781
Validation loss decreased (inf --> 0.457078).  Saving model ...
Epoch: 2 cost time: 0.35564637184143066
Epoch: 2, Steps: 32 | Train Loss: 0.6616782 Vali Loss: 0.3868676
Validation loss decreased (0.457078 --> 0.386868).  Saving model ...
Epoch: 3 cost time: 0.3447387218475342
Epoch: 3, Steps: 32 | Train Loss: 0.6193859 Vali Loss: 0.3772472
Validation loss decreased (0.386868 --> 0.377247).  Saving model ...
Epoch: 4 cost time: 0.3496825695037842
Epoch: 4, Steps: 32 | Train Loss: 0.5893896 Vali Loss: 0.3871353
EarlyStopping counter: 1 out of 3
Epoch: 5 cost time: 0.35885143280029297
Epoch: 5, Steps: 32 | Train Loss: 0.5682934 Vali Loss: 0.3779558
EarlyStopping counter: 2 out of 3
Epoch: 6 cost time: 0.35340285301208496
Epoch: 6, Steps: 32 | Train Loss: 0.5590690 Vali Loss: 0.3820117
EarlyStopping counter: 3 out of 3
Early stopping
VALIDATION_RESULT {"best_epoch": 3, "best_mae": 0.42137154361376183, "best_mse": 0.3772471718150669, "epochs_ran": 6, "metric_version": "element_weighted_v1", "train_duration_seconds": 3.5324260420165956, "train_peak_cuda_memory_bytes": 64371200}
>>>>>>>testing : long_term_forecast_simpletm_etth2_sl336_pl336_s2023_SimpleTM_ETTh2_ftM_sl336_ll0_pl336_dm32_nh8_el1_dl1_df32_expand2_dc4_fc1_ebtimeF_dtTrue_simpletm_etth2_sl336_pl336_s2023_0<<<<<<<<<<<<<<<<<<<<<<<<<<<<<<<<<
test 2545
EVALUATION_RESULT {"batches": 10, "elapsed_seconds": 0.06229189271107316, "elements": 5985840, "mae": 0.4163676563147361, "metric_version": "element_weighted_v1", "milliseconds_per_batch": 6.229189271107316, "mse": 0.39245699734185174, "origin_count": 2545, "origin_metric_version": "per_forecast_origin_mean_v1", "origin_metrics_path": "/home/cwh/Time-Series-Library/logs/simpletm_remaining_sl336/checkpoints/long_term_forecast_simpletm_etth2_sl336_pl336_s2023_SimpleTM_ETTh2_ftM_sl336_ll0_pl336_dm32_nh8_el1_dl1_df32_expand2_dc4_fc1_ebtimeF_dtTrue_simpletm_etth2_sl336_pl336_s2023_0/test_origin_metrics.npz", "parameter_count": 28456, "peak_cuda_memory_bytes": 53555200, "split": "test", "test_accessed": true, "timerole_intervention": "intact"}
mse:0.39245699734185174, mae:0.4163676563147361, dtw:Not calculated
