Using GPU
Args in experiment:
[1mBasic Config[0m
  Task Name:          long_term_forecast  Is Training:        1                   
  Model ID:           simpletm_ettm2_sl336_pl192_s2022Model:              SimpleTM            

[1mData Loader[0m
  Data:               ETTm2               Root Path:          /home/cwh/Time-Series-Library/dataset/ETT-small
  Data Path:          ETTm2.csv           Features:           M                   
  Target:             OT                  Freq:               t                   
  Checkpoints:        /home/cwh/Time-Series-Library/logs/simpletm_remaining_sl336/checkpoints

[1mForecasting Task[0m
  Seq Len:            336                 Label Len:          0                   
  Pred Len:           192                 Seasonal Patterns:  Monthly             
  Inverse:            0                   

[1mModel Parameters[0m
  Top k:              5                   Num Kernels:        6                   
  Enc In:             7                   Dec In:             7                   
  C Out:              7                   d model:            32                  
  n heads:            8                   e layers:           1                   
  d layers:           1                   d FF:               32                  
  Moving Avg:         25                  Factor:             1                   
  Distil:             1                   Dropout:            0.1                 
  Embed:              timeF               Activation:         gelu                

[1mRun Parameters[0m
  Num Workers:        0                   Itr:                1                   
  Train Epochs:       10                  Batch Size:         256                 
  Patience:           3                   Learning Rate:      0.006               
  Des:                simpletm_ettm2_sl336_pl192_s2022Loss:               MSE                 
  Lradj:              type1               Use Amp:            0                   

[1mGPU[0m
  Use GPU:            1                   GPU:                0                   
  Use Multi GPU:      0                   Devices:            0,1,2,3             

[1mDe-stationary Projector Params[0m
  P Hidden Dims:      128, 128            P Hidden Layers:    2                   

Use GPU: cuda:0
🚀 Lazy Loading: SimpleTM ...
>>>>>>>start training : long_term_forecast_simpletm_ettm2_sl336_pl192_s2022_SimpleTM_ETTm2_ftM_sl336_ll0_pl192_dm32_nh8_el1_dl1_df32_expand2_dc4_fc1_ebtimeF_dtTrue_simpletm_ettm2_sl336_pl192_s2022_0>>>>>>>>>>>>>>>>>>>>>>>>>>
train 34033
val 11329
	iters: 100, epoch: 1 | loss: 0.3561553
	speed: 0.0190s/iter; left time: 23.4198s
Epoch: 1 cost time: 1.7359418869018555
Epoch: 1, Steps: 133 | Train Loss: 0.3856959 Vali Loss: 0.1675086
Validation loss decreased (inf --> 0.167509).  Saving model ...
	iters: 100, epoch: 2 | loss: 0.3261120
	speed: 0.0173s/iter; left time: 19.0097s
Epoch: 2 cost time: 1.4872665405273438
Epoch: 2, Steps: 133 | Train Loss: 0.3106585 Vali Loss: 0.1695033
EarlyStopping counter: 1 out of 3
	iters: 100, epoch: 3 | loss: 0.2591954
	speed: 0.0180s/iter; left time: 17.4174s
Epoch: 3 cost time: 1.511610984802246
Epoch: 3, Steps: 133 | Train Loss: 0.2857274 Vali Loss: 0.1691056
EarlyStopping counter: 2 out of 3
	iters: 100, epoch: 4 | loss: 0.2264992
	speed: 0.0198s/iter; left time: 16.5047s
Epoch: 4 cost time: 1.7901890277862549
Epoch: 4, Steps: 133 | Train Loss: 0.2665030 Vali Loss: 0.1684258
EarlyStopping counter: 3 out of 3
Early stopping
VALIDATION_RESULT {"best_epoch": 1, "best_mae": 0.2843256604202526, "best_mse": 0.16750863288203485, "epochs_ran": 4, "metric_version": "element_weighted_v1", "train_duration_seconds": 8.738616978749633, "train_peak_cuda_memory_bytes": 59307008}
>>>>>>>testing : long_term_forecast_simpletm_ettm2_sl336_pl192_s2022_SimpleTM_ETTm2_ftM_sl336_ll0_pl192_dm32_nh8_el1_dl1_df32_expand2_dc4_fc1_ebtimeF_dtTrue_simpletm_ettm2_sl336_pl192_s2022_0<<<<<<<<<<<<<<<<<<<<<<<<<<<<<<<<<
test 11329
EVALUATION_RESULT {"batches": 45, "elapsed_seconds": 0.2824851367622614, "elements": 15226176, "mae": 0.3062339077752106, "metric_version": "element_weighted_v1", "milliseconds_per_batch": 6.277447483605808, "mse": 0.23468413130751362, "origin_count": 11329, "origin_metric_version": "per_forecast_origin_mean_v1", "origin_metrics_path": "/home/cwh/Time-Series-Library/logs/simpletm_remaining_sl336/checkpoints/long_term_forecast_simpletm_ettm2_sl336_pl192_s2022_SimpleTM_ETTm2_ftM_sl336_ll0_pl192_dm32_nh8_el1_dl1_df32_expand2_dc4_fc1_ebtimeF_dtTrue_simpletm_ettm2_sl336_pl192_s2022_0/test_origin_metrics.npz", "parameter_count": 23760, "peak_cuda_memory_bytes": 50306048, "split": "test", "test_accessed": true, "timerole_intervention": "intact"}
mse:0.23468413130751362, mae:0.3062339077752106, dtw:Not calculated
