Using GPU
Args in experiment:
[1mBasic Config[0m
  Task Name:          long_term_forecast  Is Training:        1                   
  Model ID:           simpletm_ettm2_sl336_pl96_s2022Model:              SimpleTM            

[1mData Loader[0m
  Data:               ETTm2               Root Path:          /home/cwh/Time-Series-Library/dataset/ETT-small
  Data Path:          ETTm2.csv           Features:           M                   
  Target:             OT                  Freq:               t                   
  Checkpoints:        /home/cwh/Time-Series-Library/logs/simpletm_remaining_sl336/checkpoints

[1mForecasting Task[0m
  Seq Len:            336                 Label Len:          0                   
  Pred Len:           96                  Seasonal Patterns:  Monthly             
  Inverse:            0                   

[1mModel Parameters[0m
  Top k:              5                   Num Kernels:        6                   
  Enc In:             7                   Dec In:             7                   
  C Out:              7                   d model:            32                  
  n heads:            8                   e layers:           1                   
  d layers:           1                   d FF:               32                  
  Moving Avg:         25                  Factor:             1                   
  Distil:             1                   Dropout:            0.1                 
  Embed:              timeF               Activation:         gelu                

[1mRun Parameters[0m
  Num Workers:        0                   Itr:                1                   
  Train Epochs:       10                  Batch Size:         256                 
  Patience:           3                   Learning Rate:      0.006               
  Des:                simpletm_ettm2_sl336_pl96_s2022Loss:               MSE                 
  Lradj:              type1               Use Amp:            0                   

[1mGPU[0m
  Use GPU:            1                   GPU:                0                   
  Use Multi GPU:      0                   Devices:            0,1,2,3             

[1mDe-stationary Projector Params[0m
  P Hidden Dims:      128, 128            P Hidden Layers:    2                   

Use GPU: cuda:0
🚀 Lazy Loading: SimpleTM ...
>>>>>>>start training : long_term_forecast_simpletm_ettm2_sl336_pl96_s2022_SimpleTM_ETTm2_ftM_sl336_ll0_pl96_dm32_nh8_el1_dl1_df32_expand2_dc4_fc1_ebtimeF_dtTrue_simpletm_ettm2_sl336_pl96_s2022_0>>>>>>>>>>>>>>>>>>>>>>>>>>
train 34129
val 11425
	iters: 100, epoch: 1 | loss: 0.2488508
	speed: 0.0234s/iter; left time: 29.0130s
Epoch: 1 cost time: 2.306339979171753
Epoch: 1, Steps: 134 | Train Loss: 0.3105040 Vali Loss: 0.1304772
Validation loss decreased (inf --> 0.130477).  Saving model ...
	iters: 100, epoch: 2 | loss: 0.1873251
	speed: 0.0227s/iter; left time: 25.0751s
Epoch: 2 cost time: 1.9623932838439941
Epoch: 2, Steps: 134 | Train Loss: 0.2283648 Vali Loss: 0.1257672
Validation loss decreased (0.130477 --> 0.125767).  Saving model ...
	iters: 100, epoch: 3 | loss: 0.1974172
	speed: 0.0229s/iter; left time: 22.2930s
Epoch: 3 cost time: 1.9994666576385498
Epoch: 3, Steps: 134 | Train Loss: 0.2129040 Vali Loss: 0.1262789
EarlyStopping counter: 1 out of 3
	iters: 100, epoch: 4 | loss: 0.1811655
	speed: 0.0232s/iter; left time: 19.5001s
Epoch: 4 cost time: 2.005422830581665
Epoch: 4, Steps: 134 | Train Loss: 0.1987022 Vali Loss: 0.1272489
EarlyStopping counter: 2 out of 3
	iters: 100, epoch: 5 | loss: 0.1587226
	speed: 0.0229s/iter; left time: 16.1381s
Epoch: 5 cost time: 1.9719195365905762
Epoch: 5, Steps: 134 | Train Loss: 0.1918227 Vali Loss: 0.1263008
EarlyStopping counter: 3 out of 3
Early stopping
VALIDATION_RESULT {"best_epoch": 2, "best_mae": 0.24664741041511995, "best_mse": 0.12576717280119276, "epochs_ran": 5, "metric_version": "element_weighted_v1", "train_duration_seconds": 12.810621832031757, "train_peak_cuda_memory_bytes": 78960128}
>>>>>>>testing : long_term_forecast_simpletm_ettm2_sl336_pl96_s2022_SimpleTM_ETTm2_ftM_sl336_ll0_pl96_dm32_nh8_el1_dl1_df32_expand2_dc4_fc1_ebtimeF_dtTrue_simpletm_ettm2_sl336_pl96_s2022_0<<<<<<<<<<<<<<<<<<<<<<<<<<<<<<<<<
test 11425
EVALUATION_RESULT {"batches": 45, "elapsed_seconds": 0.2823958331719041, "elements": 7677600, "mae": 0.26853351363666705, "metric_version": "element_weighted_v1", "milliseconds_per_batch": 6.275462959375647, "mse": 0.17538496692590294, "origin_count": 11425, "origin_metric_version": "per_forecast_origin_mean_v1", "origin_metrics_path": "/home/cwh/Time-Series-Library/logs/simpletm_remaining_sl336/checkpoints/long_term_forecast_simpletm_ettm2_sl336_pl96_s2022_SimpleTM_ETTm2_ftM_sl336_ll0_pl96_dm32_nh8_el1_dl1_df32_expand2_dc4_fc1_ebtimeF_dtTrue_simpletm_ettm2_sl336_pl96_s2022_0/test_origin_metrics.npz", "parameter_count": 20592, "peak_cuda_memory_bytes": 56227840, "split": "test", "test_accessed": true, "timerole_intervention": "intact"}
mse:0.17538496692590294, mae:0.26853351363666705, dtw:Not calculated
