Using GPU
Args in experiment:
[1mBasic Config[0m
  Task Name:          long_term_forecast  Is Training:        1                   
  Model ID:           simpletm_ettm1_sl336_pl720_s2021Model:              SimpleTM            

[1mData Loader[0m
  Data:               ETTm1               Root Path:          /home/cwh/Time-Series-Library/dataset/ETT-small
  Data Path:          ETTm1.csv           Features:           M                   
  Target:             OT                  Freq:               t                   
  Checkpoints:        /home/cwh/Time-Series-Library/logs/simpletm_remaining_sl336/checkpoints

[1mForecasting Task[0m
  Seq Len:            336                 Label Len:          0                   
  Pred Len:           720                 Seasonal Patterns:  Monthly             
  Inverse:            0                   

[1mModel Parameters[0m
  Top k:              5                   Num Kernels:        6                   
  Enc In:             7                   Dec In:             7                   
  C Out:              7                   d model:            32                  
  n heads:            8                   e layers:           1                   
  d layers:           1                   d FF:               32                  
  Moving Avg:         25                  Factor:             1                   
  Distil:             1                   Dropout:            0.1                 
  Embed:              timeF               Activation:         gelu                

[1mRun Parameters[0m
  Num Workers:        0                   Itr:                1                   
  Train Epochs:       10                  Batch Size:         256                 
  Patience:           3                   Learning Rate:      0.02                
  Des:                simpletm_ettm1_sl336_pl720_s2021Loss:               MSE                 
  Lradj:              type1               Use Amp:            0                   

[1mGPU[0m
  Use GPU:            1                   GPU:                0                   
  Use Multi GPU:      0                   Devices:            0,1,2,3             

[1mDe-stationary Projector Params[0m
  P Hidden Dims:      128, 128            P Hidden Layers:    2                   

Use GPU: cuda:0
🚀 Lazy Loading: SimpleTM ...
>>>>>>>start training : long_term_forecast_simpletm_ettm1_sl336_pl720_s2021_SimpleTM_ETTm1_ftM_sl336_ll0_pl720_dm32_nh8_el1_dl1_df32_expand2_dc4_fc1_ebtimeF_dtTrue_simpletm_ettm1_sl336_pl720_s2021_0>>>>>>>>>>>>>>>>>>>>>>>>>>
train 33505
val 10801
	iters: 100, epoch: 1 | loss: 0.4590424
	speed: 0.0262s/iter; left time: 31.7044s
Epoch: 1 cost time: 2.7177581787109375
Epoch: 1, Steps: 131 | Train Loss: 0.5007849 Vali Loss: 0.9653870
Validation loss decreased (inf --> 0.965387).  Saving model ...
	iters: 100, epoch: 2 | loss: 0.4195425
	speed: 0.0289s/iter; left time: 31.2252s
Epoch: 2 cost time: 2.2922730445861816
Epoch: 2, Steps: 131 | Train Loss: 0.4208298 Vali Loss: 0.9523685
Validation loss decreased (0.965387 --> 0.952369).  Saving model ...
	iters: 100, epoch: 3 | loss: 0.3934861
	speed: 0.0256s/iter; left time: 24.2897s
Epoch: 3 cost time: 2.1998486518859863
Epoch: 3, Steps: 131 | Train Loss: 0.4110456 Vali Loss: 0.9541999
EarlyStopping counter: 1 out of 3
	iters: 100, epoch: 4 | loss: 0.4093486
	speed: 0.0271s/iter; left time: 22.1668s
Epoch: 4 cost time: 2.225369691848755
Epoch: 4, Steps: 131 | Train Loss: 0.4064930 Vali Loss: 0.9521924
Validation loss decreased (0.952369 --> 0.952192).  Saving model ...
	iters: 100, epoch: 5 | loss: 0.3928360
	speed: 0.0272s/iter; left time: 18.6937s
Epoch: 5 cost time: 2.324167251586914
Epoch: 5, Steps: 131 | Train Loss: 0.4026266 Vali Loss: 0.9701406
EarlyStopping counter: 1 out of 3
	iters: 100, epoch: 6 | loss: 0.4164295
	speed: 0.0277s/iter; left time: 15.3908s
Epoch: 6 cost time: 2.1984691619873047
Epoch: 6, Steps: 131 | Train Loss: 0.3996396 Vali Loss: 0.9458601
Validation loss decreased (0.952192 --> 0.945860).  Saving model ...
	iters: 100, epoch: 7 | loss: 0.3969130
	speed: 0.0257s/iter; left time: 10.9091s
Epoch: 7 cost time: 2.1643247604370117
Epoch: 7, Steps: 131 | Train Loss: 0.3962800 Vali Loss: 0.9459740
EarlyStopping counter: 1 out of 3
	iters: 100, epoch: 8 | loss: 0.4154684
	speed: 0.0265s/iter; left time: 7.8041s
Epoch: 8 cost time: 2.2016522884368896
Epoch: 8, Steps: 131 | Train Loss: 0.3933226 Vali Loss: 0.9520552
EarlyStopping counter: 2 out of 3
	iters: 100, epoch: 9 | loss: 0.3858529
	speed: 0.0277s/iter; left time: 4.5189s
Epoch: 9 cost time: 2.3308238983154297
Epoch: 9, Steps: 131 | Train Loss: 0.3914161 Vali Loss: 0.9565814
EarlyStopping counter: 3 out of 3
Early stopping
VALIDATION_RESULT {"best_epoch": 6, "best_mae": 0.6361464739242803, "best_mse": 0.9458601228823242, "epochs_ran": 9, "metric_version": "element_weighted_v1", "train_duration_seconds": 25.816532792057842, "train_peak_cuda_memory_bytes": 101981184}
>>>>>>>testing : long_term_forecast_simpletm_ettm1_sl336_pl720_s2021_SimpleTM_ETTm1_ftM_sl336_ll0_pl720_dm32_nh8_el1_dl1_df32_expand2_dc4_fc1_ebtimeF_dtTrue_simpletm_ettm1_sl336_pl720_s2021_0<<<<<<<<<<<<<<<<<<<<<<<<<<<<<<<<<
test 10801
EVALUATION_RESULT {"batches": 43, "elapsed_seconds": 0.4596927110105753, "elements": 54437040, "mae": 0.4219117392599322, "metric_version": "element_weighted_v1", "milliseconds_per_batch": 10.690528163036635, "mse": 0.41815135315035495, "origin_count": 10801, "origin_metric_version": "per_forecast_origin_mean_v1", "origin_metrics_path": "/home/cwh/Time-Series-Library/logs/simpletm_remaining_sl336/checkpoints/long_term_forecast_simpletm_ettm1_sl336_pl720_s2021_SimpleTM_ETTm1_ftM_sl336_ll0_pl720_dm32_nh8_el1_dl1_df32_expand2_dc4_fc1_ebtimeF_dtTrue_simpletm_ettm1_sl336_pl720_s2021_0/test_origin_metrics.npz", "parameter_count": 41128, "peak_cuda_memory_bytes": 84245504, "split": "test", "test_accessed": true, "timerole_intervention": "intact"}
mse:0.41815135315035495, mae:0.4219117392599322, dtw:Not calculated
