Using GPU
Args in experiment:
[1mBasic Config[0m
  Task Name:          long_term_forecast  Is Training:        1                   
  Model ID:           simpletm_weather_sl336_pl192_s2022Model:              SimpleTM            

[1mData Loader[0m
  Data:               custom              Root Path:          /home/cwh/Time-Series-Library/dataset/weather
  Data Path:          weather.csv         Features:           M                   
  Target:             CO2 (ppm)           Freq:               t                   
  Checkpoints:        /home/cwh/Time-Series-Library/logs/simpletm_remaining_sl336/checkpoints

[1mForecasting Task[0m
  Seq Len:            336                 Label Len:          0                   
  Pred Len:           192                 Seasonal Patterns:  Monthly             
  Inverse:            0                   

[1mModel Parameters[0m
  Top k:              5                   Num Kernels:        6                   
  Enc In:             21                  Dec In:             21                  
  C Out:              21                  d model:            32                  
  n heads:            8                   e layers:           4                   
  d layers:           1                   d FF:               32                  
  Moving Avg:         25                  Factor:             1                   
  Distil:             1                   Dropout:            0.1                 
  Embed:              timeF               Activation:         gelu                

[1mRun Parameters[0m
  Num Workers:        0                   Itr:                1                   
  Train Epochs:       10                  Batch Size:         256                 
  Patience:           3                   Learning Rate:      0.009               
  Des:                simpletm_weather_sl336_pl192_s2022Loss:               MSE                 
  Lradj:              type1               Use Amp:            0                   

[1mGPU[0m
  Use GPU:            1                   GPU:                0                   
  Use Multi GPU:      0                   Devices:            0,1,2,3             

[1mDe-stationary Projector Params[0m
  P Hidden Dims:      128, 128            P Hidden Layers:    2                   

Use GPU: cuda:0
🚀 Lazy Loading: SimpleTM ...
>>>>>>>start training : long_term_forecast_simpletm_weather_sl336_pl192_s2022_SimpleTM_custom_ftM_sl336_ll0_pl192_dm32_nh8_el4_dl1_df32_expand2_dc4_fc1_ebtimeF_dtTrue_simpletm_weather_sl336_pl192_s2022_0>>>>>>>>>>>>>>>>>>>>>>>>>>
train 36360
val 5079
	iters: 100, epoch: 1 | loss: 0.6002286
	speed: 0.0379s/iter; left time: 50.4982s
Epoch: 1 cost time: 4.472939491271973
Epoch: 1, Steps: 143 | Train Loss: 0.6236876 Vali Loss: 0.4935042
Validation loss decreased (inf --> 0.493504).  Saving model ...
	iters: 100, epoch: 2 | loss: 0.4718926
	speed: 0.0469s/iter; left time: 55.6722s
Epoch: 2 cost time: 4.579661846160889
Epoch: 2, Steps: 143 | Train Loss: 0.5025796 Vali Loss: 0.4909141
Validation loss decreased (0.493504 --> 0.490914).  Saving model ...
	iters: 100, epoch: 3 | loss: 0.4425433
	speed: 0.0460s/iter; left time: 48.0878s
Epoch: 3 cost time: 4.176697015762329
Epoch: 3, Steps: 143 | Train Loss: 0.4900813 Vali Loss: 0.4637466
Validation loss decreased (0.490914 --> 0.463747).  Saving model ...
	iters: 100, epoch: 4 | loss: 0.4851904
	speed: 0.0453s/iter; left time: 40.8998s
Epoch: 4 cost time: 4.313448190689087
Epoch: 4, Steps: 143 | Train Loss: 0.4666442 Vali Loss: 0.4635871
Validation loss decreased (0.463747 --> 0.463587).  Saving model ...
	iters: 100, epoch: 5 | loss: 0.4179178
	speed: 0.0441s/iter; left time: 33.4661s
Epoch: 5 cost time: 4.051193714141846
Epoch: 5, Steps: 143 | Train Loss: 0.4659992 Vali Loss: 0.4523143
Validation loss decreased (0.463587 --> 0.452314).  Saving model ...
	iters: 100, epoch: 6 | loss: 0.3606629
	speed: 0.0430s/iter; left time: 26.4811s
Epoch: 6 cost time: 4.043418884277344
Epoch: 6, Steps: 143 | Train Loss: 0.4429829 Vali Loss: 0.4531349
EarlyStopping counter: 1 out of 3
	iters: 100, epoch: 7 | loss: 0.4984470
	speed: 0.0449s/iter; left time: 21.2429s
Epoch: 7 cost time: 4.14863133430481
Epoch: 7, Steps: 143 | Train Loss: 0.4385708 Vali Loss: 0.4581412
EarlyStopping counter: 2 out of 3
	iters: 100, epoch: 8 | loss: 0.4284318
	speed: 0.0436s/iter; left time: 14.3966s
Epoch: 8 cost time: 4.113226413726807
Epoch: 8, Steps: 143 | Train Loss: 0.4340339 Vali Loss: 0.4577400
EarlyStopping counter: 3 out of 3
Early stopping
VALIDATION_RESULT {"best_epoch": 5, "best_mae": 0.3248744825555821, "best_mse": 0.45231425485330295, "epochs_ran": 8, "metric_version": "element_weighted_v1", "train_duration_seconds": 37.18215218093246, "train_peak_cuda_memory_bytes": 214913536}
>>>>>>>testing : long_term_forecast_simpletm_weather_sl336_pl192_s2022_SimpleTM_custom_ftM_sl336_ll0_pl192_dm32_nh8_el4_dl1_df32_expand2_dc4_fc1_ebtimeF_dtTrue_simpletm_weather_sl336_pl192_s2022_0<<<<<<<<<<<<<<<<<<<<<<<<<<<<<<<<<
test 10348
EVALUATION_RESULT {"batches": 41, "elapsed_seconds": 0.5836407421156764, "elements": 41723136, "mae": 0.24862081653270263, "metric_version": "element_weighted_v1", "milliseconds_per_batch": 14.235140051601864, "mse": 0.1968725835499278, "origin_count": 10348, "origin_metric_version": "per_forecast_origin_mean_v1", "origin_metrics_path": "/home/cwh/Time-Series-Library/logs/simpletm_remaining_sl336/checkpoints/long_term_forecast_simpletm_weather_sl336_pl192_s2022_SimpleTM_custom_ftM_sl336_ll0_pl192_dm32_nh8_el4_dl1_df32_expand2_dc4_fc1_ebtimeF_dtTrue_simpletm_weather_sl336_pl192_s2022_0/test_origin_metrics.npz", "parameter_count": 45728, "peak_cuda_memory_bytes": 83687936, "split": "test", "test_accessed": true, "timerole_intervention": "intact"}
mse:0.1968725835499278, mae:0.24862081653270263, dtw:Not calculated
