Using GPU
Args in experiment:
[1mBasic Config[0m
  Task Name:          long_term_forecast  Is Training:        1                   
  Model ID:           simpletm_ettm1_sl336_pl720_s2023Model:              SimpleTM            

[1mData Loader[0m
  Data:               ETTm1               Root Path:          /home/cwh/Time-Series-Library/dataset/ETT-small
  Data Path:          ETTm1.csv           Features:           M                   
  Target:             OT                  Freq:               t                   
  Checkpoints:        /home/cwh/Time-Series-Library/logs/simpletm_remaining_sl336/checkpoints

[1mForecasting Task[0m
  Seq Len:            336                 Label Len:          0                   
  Pred Len:           720                 Seasonal Patterns:  Monthly             
  Inverse:            0                   

[1mModel Parameters[0m
  Top k:              5                   Num Kernels:        6                   
  Enc In:             7                   Dec In:             7                   
  C Out:              7                   d model:            32                  
  n heads:            8                   e layers:           1                   
  d layers:           1                   d FF:               32                  
  Moving Avg:         25                  Factor:             1                   
  Distil:             1                   Dropout:            0.1                 
  Embed:              timeF               Activation:         gelu                

[1mRun Parameters[0m
  Num Workers:        0                   Itr:                1                   
  Train Epochs:       10                  Batch Size:         256                 
  Patience:           3                   Learning Rate:      0.02                
  Des:                simpletm_ettm1_sl336_pl720_s2023Loss:               MSE                 
  Lradj:              type1               Use Amp:            0                   

[1mGPU[0m
  Use GPU:            1                   GPU:                0                   
  Use Multi GPU:      0                   Devices:            0,1,2,3             

[1mDe-stationary Projector Params[0m
  P Hidden Dims:      128, 128            P Hidden Layers:    2                   

Use GPU: cuda:0
🚀 Lazy Loading: SimpleTM ...
>>>>>>>start training : long_term_forecast_simpletm_ettm1_sl336_pl720_s2023_SimpleTM_ETTm1_ftM_sl336_ll0_pl720_dm32_nh8_el1_dl1_df32_expand2_dc4_fc1_ebtimeF_dtTrue_simpletm_ettm1_sl336_pl720_s2023_0>>>>>>>>>>>>>>>>>>>>>>>>>>
train 33505
val 10801
	iters: 100, epoch: 1 | loss: 0.4633917
	speed: 0.0242s/iter; left time: 29.2920s
Epoch: 1 cost time: 2.3919055461883545
Epoch: 1, Steps: 131 | Train Loss: 0.4991912 Vali Loss: 0.9635509
Validation loss decreased (inf --> 0.963551).  Saving model ...
	iters: 100, epoch: 2 | loss: 0.4014804
	speed: 0.0249s/iter; left time: 26.8420s
Epoch: 2 cost time: 2.0698699951171875
Epoch: 2, Steps: 131 | Train Loss: 0.4218117 Vali Loss: 0.9492376
Validation loss decreased (0.963551 --> 0.949238).  Saving model ...
	iters: 100, epoch: 3 | loss: 0.3829520
	speed: 0.0248s/iter; left time: 23.5213s
Epoch: 3 cost time: 2.041569709777832
Epoch: 3, Steps: 131 | Train Loss: 0.4111599 Vali Loss: 0.9543659
EarlyStopping counter: 1 out of 3
	iters: 100, epoch: 4 | loss: 0.4050113
	speed: 0.0251s/iter; left time: 20.4959s
Epoch: 4 cost time: 2.1040265560150146
Epoch: 4, Steps: 131 | Train Loss: 0.4063436 Vali Loss: 0.9601057
EarlyStopping counter: 2 out of 3
	iters: 100, epoch: 5 | loss: 0.3936385
	speed: 0.0248s/iter; left time: 17.0132s
Epoch: 5 cost time: 2.0904526710510254
Epoch: 5, Steps: 131 | Train Loss: 0.4037953 Vali Loss: 0.9434193
Validation loss decreased (0.949238 --> 0.943419).  Saving model ...
	iters: 100, epoch: 6 | loss: 0.3749945
	speed: 0.0243s/iter; left time: 13.5279s
Epoch: 6 cost time: 2.0468294620513916
Epoch: 6, Steps: 131 | Train Loss: 0.3995728 Vali Loss: 0.9467503
EarlyStopping counter: 1 out of 3
	iters: 100, epoch: 7 | loss: 0.3795026
	speed: 0.0267s/iter; left time: 11.3639s
Epoch: 7 cost time: 2.3302881717681885
Epoch: 7, Steps: 131 | Train Loss: 0.3965997 Vali Loss: 0.9467029
EarlyStopping counter: 2 out of 3
	iters: 100, epoch: 8 | loss: 0.4104331
	speed: 0.0278s/iter; left time: 8.1813s
Epoch: 8 cost time: 2.1496505737304688
Epoch: 8, Steps: 131 | Train Loss: 0.3946908 Vali Loss: 0.9400711
Validation loss decreased (0.943419 --> 0.940071).  Saving model ...
	iters: 100, epoch: 9 | loss: 0.4168730
	speed: 0.0252s/iter; left time: 4.1018s
Epoch: 9 cost time: 2.083639621734619
Epoch: 9, Steps: 131 | Train Loss: 0.3922133 Vali Loss: 0.9396064
Validation loss decreased (0.940071 --> 0.939606).  Saving model ...
	iters: 100, epoch: 10 | loss: 0.3856467
	speed: 0.0248s/iter; left time: 0.7922s
Epoch: 10 cost time: 2.038942813873291
Epoch: 10, Steps: 131 | Train Loss: 0.3914454 Vali Loss: 0.9384417
Validation loss decreased (0.939606 --> 0.938442).  Saving model ...
VALIDATION_RESULT {"best_epoch": 10, "best_mae": 0.6344361859360832, "best_mse": 0.9384417258106796, "epochs_ran": 10, "metric_version": "element_weighted_v1", "train_duration_seconds": 26.70380700705573, "train_peak_cuda_memory_bytes": 101981184}
>>>>>>>testing : long_term_forecast_simpletm_ettm1_sl336_pl720_s2023_SimpleTM_ETTm1_ftM_sl336_ll0_pl720_dm32_nh8_el1_dl1_df32_expand2_dc4_fc1_ebtimeF_dtTrue_simpletm_ettm1_sl336_pl720_s2023_0<<<<<<<<<<<<<<<<<<<<<<<<<<<<<<<<<
test 10801
EVALUATION_RESULT {"batches": 43, "elapsed_seconds": 0.5037825587205589, "elements": 54437040, "mae": 0.41976483922986996, "metric_version": "element_weighted_v1", "milliseconds_per_batch": 11.715873458617649, "mse": 0.41439420070759725, "origin_count": 10801, "origin_metric_version": "per_forecast_origin_mean_v1", "origin_metrics_path": "/home/cwh/Time-Series-Library/logs/simpletm_remaining_sl336/checkpoints/long_term_forecast_simpletm_ettm1_sl336_pl720_s2023_SimpleTM_ETTm1_ftM_sl336_ll0_pl720_dm32_nh8_el1_dl1_df32_expand2_dc4_fc1_ebtimeF_dtTrue_simpletm_ettm1_sl336_pl720_s2023_0/test_origin_metrics.npz", "parameter_count": 41128, "peak_cuda_memory_bytes": 84245504, "split": "test", "test_accessed": true, "timerole_intervention": "intact"}
mse:0.41439420070759725, mae:0.41976483922986996, dtw:Not calculated
