Using GPU
Args in experiment:
[1mBasic Config[0m
  Task Name:          long_term_forecast  Is Training:        1                   
  Model ID:           ETTm1_96_96_table2_ettm1_p96_uni_mamba_s2021Model:              GraphMambaRecent    

[1mData Loader[0m
  Data:               ETTm1               Root Path:          /home/cwh/Time-Series-Library/dataset/ETT-small
  Data Path:          ETTm1.csv           Features:           M                   
  Target:             OT                  Freq:               h                   
  Checkpoints:        /home/cwh/Time-Series-Library/logs/graphmamba_backbone_ablation/checkpoints

[1mForecasting Task[0m
  Seq Len:            336                 Label Len:          48                  
  Pred Len:           96                  Seasonal Patterns:  Monthly             
  Inverse:            0                   

[1mModel Parameters[0m
  Top k:              5                   Num Kernels:        6                   
  Enc In:             7                   Dec In:             7                   
  C Out:              7                   d model:            64                  
  n heads:            8                   e layers:           1                   
  d layers:           1                   d FF:               128                 
  Moving Avg:         25                  Factor:             1                   
  Distil:             1                   Dropout:            0.1                 
  Embed:              timeF               Activation:         gelu                

[1mRun Parameters[0m
  Num Workers:        0                   Itr:                1                   
  Train Epochs:       100                 Batch Size:         32                  
  Patience:           6                   Learning Rate:      0.0005              
  Des:                table2_ettm1_p96_uni_mamba_s2021Loss:               MSE                 
  Lradj:              type1               Use Amp:            0                   

[1mGPU[0m
  Use GPU:            1                   GPU:                0                   
  Use Multi GPU:      0                   Devices:            0,1,2,3             

[1mDe-stationary Projector Params[0m
  P Hidden Dims:      128, 128            P Hidden Layers:    2                   

Use GPU: cuda:0
🚀 Lazy Loading: GraphMambaRecent ...
[GraphMamba] Building 7x7 static graph from 2000 training samples
>>>>>>>start training : long_term_forecast_ETTm1_96_96_table2_ettm1_p96_uni_mamba_s2021_GraphMambaRecent_ETTm1_ftM_sl336_ll48_pl96_dm64_nh8_el1_dl1_df128_expand2_dc2_fc1_ebtimeF_dtTrue_table2_ettm1_p96_uni_mamba_s2021_0>>>>>>>>>>>>>>>>>>>>>>>>>>
train 34129
val 11425
	iters: 100, epoch: 1 | loss: 0.2731808
	speed: 0.0105s/iter; left time: 1119.0121s
	iters: 200, epoch: 1 | loss: 0.4183296
	speed: 0.0086s/iter; left time: 913.6395s
	iters: 300, epoch: 1 | loss: 0.4112861
	speed: 0.0081s/iter; left time: 866.8476s
	iters: 400, epoch: 1 | loss: 0.3111067
	speed: 0.0083s/iter; left time: 879.9476s
	iters: 500, epoch: 1 | loss: 0.2451202
	speed: 0.0086s/iter; left time: 917.5881s
	iters: 600, epoch: 1 | loss: 0.2851500
	speed: 0.0085s/iter; left time: 901.7797s
	iters: 700, epoch: 1 | loss: 0.4586124
	speed: 0.0084s/iter; left time: 887.2401s
	iters: 800, epoch: 1 | loss: 0.2759817
	speed: 0.0082s/iter; left time: 864.8058s
	iters: 900, epoch: 1 | loss: 0.3553094
	speed: 0.0082s/iter; left time: 867.8986s
	iters: 1000, epoch: 1 | loss: 0.2731057
	speed: 0.0084s/iter; left time: 887.1119s
Epoch: 1 cost time: 9.154324531555176
Epoch: 1, Steps: 1067 | Train Loss: 0.3446782 Vali Loss: 0.4172776
Validation loss decreased (inf --> 0.417278).  Saving model ...
Updating learning rate to 0.0005
	iters: 100, epoch: 2 | loss: 0.2502334
	speed: 0.0273s/iter; left time: 2879.1972s
	iters: 200, epoch: 2 | loss: 0.2741019
	speed: 0.0081s/iter; left time: 858.8553s
	iters: 300, epoch: 2 | loss: 0.2798707
	speed: 0.0082s/iter; left time: 858.5975s
	iters: 400, epoch: 2 | loss: 0.2881145
	speed: 0.0083s/iter; left time: 877.6876s
	iters: 500, epoch: 2 | loss: 0.2873596
	speed: 0.0084s/iter; left time: 881.7945s
	iters: 600, epoch: 2 | loss: 0.2599061
	speed: 0.0087s/iter; left time: 915.8787s
	iters: 700, epoch: 2 | loss: 0.3926620
	speed: 0.0086s/iter; left time: 900.4003s
	iters: 800, epoch: 2 | loss: 0.2541795
	speed: 0.0085s/iter; left time: 894.1600s
	iters: 900, epoch: 2 | loss: 0.3025974
	speed: 0.0083s/iter; left time: 869.0666s
	iters: 1000, epoch: 2 | loss: 0.2897661
	speed: 0.0090s/iter; left time: 937.2938s
Epoch: 2 cost time: 9.003925561904907
Epoch: 2, Steps: 1067 | Train Loss: 0.2849664 Vali Loss: 0.4195630
EarlyStopping counter: 1 out of 6
Updating learning rate to 0.00025
	iters: 100, epoch: 3 | loss: 0.2714512
	speed: 0.0270s/iter; left time: 2823.5879s
	iters: 200, epoch: 3 | loss: 0.2695735
	speed: 0.0086s/iter; left time: 893.0015s
	iters: 300, epoch: 3 | loss: 0.2687958
	speed: 0.0087s/iter; left time: 911.6874s
	iters: 400, epoch: 3 | loss: 0.3272011
	speed: 0.0085s/iter; left time: 882.0413s
	iters: 500, epoch: 3 | loss: 0.3380867
	speed: 0.0081s/iter; left time: 842.7851s
	iters: 600, epoch: 3 | loss: 0.2728354
	speed: 0.0083s/iter; left time: 867.1575s
	iters: 700, epoch: 3 | loss: 0.3309311
	speed: 0.0088s/iter; left time: 911.3438s
	iters: 800, epoch: 3 | loss: 0.2736977
	speed: 0.0083s/iter; left time: 859.3853s
	iters: 900, epoch: 3 | loss: 0.2445976
	speed: 0.0082s/iter; left time: 848.9003s
	iters: 1000, epoch: 3 | loss: 0.2493803
	speed: 0.0082s/iter; left time: 848.9970s
Epoch: 3 cost time: 8.980164766311646
Epoch: 3, Steps: 1067 | Train Loss: 0.2698859 Vali Loss: 0.4064454
Validation loss decreased (0.417278 --> 0.406445).  Saving model ...
Updating learning rate to 0.000125
	iters: 100, epoch: 4 | loss: 0.2307672
	speed: 0.0268s/iter; left time: 2773.0067s
	iters: 200, epoch: 4 | loss: 0.2610209
	speed: 0.0082s/iter; left time: 851.1596s
	iters: 300, epoch: 4 | loss: 0.2284551
	speed: 0.0082s/iter; left time: 845.5675s
	iters: 400, epoch: 4 | loss: 0.2256746
	speed: 0.0084s/iter; left time: 863.4899s
	iters: 500, epoch: 4 | loss: 0.2322963
	speed: 0.0082s/iter; left time: 848.9733s
	iters: 600, epoch: 4 | loss: 0.2189063
	speed: 0.0084s/iter; left time: 865.0984s
	iters: 700, epoch: 4 | loss: 0.2289394
	speed: 0.0084s/iter; left time: 862.3349s
	iters: 800, epoch: 4 | loss: 0.2789984
	speed: 0.0085s/iter; left time: 871.6245s
	iters: 900, epoch: 4 | loss: 0.2695159
	speed: 0.0083s/iter; left time: 854.5053s
	iters: 1000, epoch: 4 | loss: 0.1605775
	speed: 0.0080s/iter; left time: 825.1163s
Epoch: 4 cost time: 8.868726968765259
Epoch: 4, Steps: 1067 | Train Loss: 0.2640509 Vali Loss: 0.4131664
EarlyStopping counter: 1 out of 6
Updating learning rate to 6.25e-05
	iters: 100, epoch: 5 | loss: 0.2290159
	speed: 0.0266s/iter; left time: 2726.8677s
	iters: 200, epoch: 5 | loss: 0.2473519
	speed: 0.0083s/iter; left time: 853.5006s
	iters: 300, epoch: 5 | loss: 0.3105356
	speed: 0.0081s/iter; left time: 824.7730s
	iters: 400, epoch: 5 | loss: 0.2557655
	speed: 0.0084s/iter; left time: 852.1395s
	iters: 500, epoch: 5 | loss: 0.2355820
	speed: 0.0084s/iter; left time: 860.7273s
	iters: 600, epoch: 5 | loss: 0.2329317
	speed: 0.0085s/iter; left time: 861.3967s
	iters: 700, epoch: 5 | loss: 0.2341635
	speed: 0.0083s/iter; left time: 839.5886s
	iters: 800, epoch: 5 | loss: 0.2624948
	speed: 0.0082s/iter; left time: 829.5026s
	iters: 900, epoch: 5 | loss: 0.2898452
	speed: 0.0083s/iter; left time: 843.8197s
	iters: 1000, epoch: 5 | loss: 0.3067658
	speed: 0.0084s/iter; left time: 854.1478s
Epoch: 5 cost time: 8.854936599731445
Epoch: 5, Steps: 1067 | Train Loss: 0.2606635 Vali Loss: 0.4127165
EarlyStopping counter: 2 out of 6
Updating learning rate to 3.125e-05
	iters: 100, epoch: 6 | loss: 0.2940697
	speed: 0.0266s/iter; left time: 2694.7057s
	iters: 200, epoch: 6 | loss: 0.2135083
	speed: 0.0086s/iter; left time: 868.0330s
	iters: 300, epoch: 6 | loss: 0.2656844
	speed: 0.0083s/iter; left time: 836.4832s
	iters: 400, epoch: 6 | loss: 0.2261873
	speed: 0.0083s/iter; left time: 834.4221s
	iters: 500, epoch: 6 | loss: 0.2795445
	speed: 0.0085s/iter; left time: 856.1092s
	iters: 600, epoch: 6 | loss: 0.2218046
	speed: 0.0086s/iter; left time: 864.4505s
	iters: 700, epoch: 6 | loss: 0.3135764
	speed: 0.0085s/iter; left time: 853.6518s
	iters: 800, epoch: 6 | loss: 0.2390610
	speed: 0.0084s/iter; left time: 845.1425s
	iters: 900, epoch: 6 | loss: 0.2550884
	speed: 0.0083s/iter; left time: 834.7125s
	iters: 1000, epoch: 6 | loss: 0.3220628
	speed: 0.0081s/iter; left time: 814.8530s
Epoch: 6 cost time: 8.948365688323975
Epoch: 6, Steps: 1067 | Train Loss: 0.2589654 Vali Loss: 0.4093569
EarlyStopping counter: 3 out of 6
Updating learning rate to 1.5625e-05
	iters: 100, epoch: 7 | loss: 0.2669822
	speed: 0.0272s/iter; left time: 2728.2965s
	iters: 200, epoch: 7 | loss: 0.3187376
	speed: 0.0084s/iter; left time: 840.7277s
	iters: 300, epoch: 7 | loss: 0.2827903
	speed: 0.0081s/iter; left time: 806.3660s
	iters: 400, epoch: 7 | loss: 0.2777260
	speed: 0.0083s/iter; left time: 827.3796s
	iters: 500, epoch: 7 | loss: 0.3324770
	speed: 0.0084s/iter; left time: 834.2185s
	iters: 600, epoch: 7 | loss: 0.2618968
	speed: 0.0082s/iter; left time: 813.2812s
	iters: 700, epoch: 7 | loss: 0.2724850
	speed: 0.0083s/iter; left time: 822.2275s
	iters: 800, epoch: 7 | loss: 0.2472707
	speed: 0.0083s/iter; left time: 830.7496s
	iters: 900, epoch: 7 | loss: 0.3008732
	speed: 0.0084s/iter; left time: 833.2763s
	iters: 1000, epoch: 7 | loss: 0.2120695
	speed: 0.0084s/iter; left time: 835.0415s
Epoch: 7 cost time: 8.855675458908081
Epoch: 7, Steps: 1067 | Train Loss: 0.2578449 Vali Loss: 0.4117376
EarlyStopping counter: 4 out of 6
Updating learning rate to 7.8125e-06
	iters: 100, epoch: 8 | loss: 0.2462990
	speed: 0.0272s/iter; left time: 2692.7608s
	iters: 200, epoch: 8 | loss: 0.2851948
	speed: 0.0090s/iter; left time: 886.6313s
	iters: 300, epoch: 8 | loss: 0.2393652
	speed: 0.0084s/iter; left time: 831.2441s
	iters: 400, epoch: 8 | loss: 0.3058629
	speed: 0.0083s/iter; left time: 818.9730s
	iters: 500, epoch: 8 | loss: 0.2721322
	speed: 0.0084s/iter; left time: 832.8015s
	iters: 600, epoch: 8 | loss: 0.1981853
	speed: 0.0085s/iter; left time: 836.4373s
	iters: 700, epoch: 8 | loss: 0.2910108
	speed: 0.0079s/iter; left time: 780.0181s
	iters: 800, epoch: 8 | loss: 0.2522353
	speed: 0.0083s/iter; left time: 817.7191s
	iters: 900, epoch: 8 | loss: 0.2621640
	speed: 0.0085s/iter; left time: 835.5795s
	iters: 1000, epoch: 8 | loss: 0.2666977
	speed: 0.0082s/iter; left time: 804.4477s
Epoch: 8 cost time: 8.921168565750122
Epoch: 8, Steps: 1067 | Train Loss: 0.2572606 Vali Loss: 0.4090369
EarlyStopping counter: 5 out of 6
Updating learning rate to 3.90625e-06
	iters: 100, epoch: 9 | loss: 0.3100969
	speed: 0.0263s/iter; left time: 2577.6892s
	iters: 200, epoch: 9 | loss: 0.2166395
	speed: 0.0080s/iter; left time: 783.6256s
	iters: 300, epoch: 9 | loss: 0.2141508
	speed: 0.0084s/iter; left time: 819.6155s
	iters: 400, epoch: 9 | loss: 0.2680455
	speed: 0.0080s/iter; left time: 785.7296s
	iters: 500, epoch: 9 | loss: 0.2598683
	speed: 0.0082s/iter; left time: 803.2907s
	iters: 600, epoch: 9 | loss: 0.2225350
	speed: 0.0082s/iter; left time: 800.7626s
	iters: 700, epoch: 9 | loss: 0.2357638
	speed: 0.0084s/iter; left time: 818.1001s
	iters: 800, epoch: 9 | loss: 0.2207772
	speed: 0.0083s/iter; left time: 808.3764s
	iters: 900, epoch: 9 | loss: 0.3121690
	speed: 0.0083s/iter; left time: 803.3467s
	iters: 1000, epoch: 9 | loss: 0.2442187
	speed: 0.0084s/iter; left time: 817.1876s
Epoch: 9 cost time: 8.818776845932007
Epoch: 9, Steps: 1067 | Train Loss: 0.2570727 Vali Loss: 0.4104440
EarlyStopping counter: 6 out of 6
Early stopping
VALIDATION_RESULT {"best_epoch": 3, "best_mae": 0.41973419491544395, "best_mse": 0.40644543306621594, "epochs_ran": 9, "metric_version": "element_weighted_v1"}
>>>>>>>test skipped (validation-only run)<<<<<<<<<<<<<<<<<<<<<<<<
