Using GPU
Args in experiment:
[1mBasic Config[0m
  Task Name:          long_term_forecast  Is Training:        1                   
  Model ID:           ETTm1_96_96_table2_ettm1_p96_no_mamba_s2021Model:              GraphMambaRecent    

[1mData Loader[0m
  Data:               ETTm1               Root Path:          /home/cwh/Time-Series-Library/dataset/ETT-small
  Data Path:          ETTm1.csv           Features:           M                   
  Target:             OT                  Freq:               h                   
  Checkpoints:        /home/cwh/Time-Series-Library/logs/graphmamba_backbone_ablation/checkpoints

[1mForecasting Task[0m
  Seq Len:            336                 Label Len:          48                  
  Pred Len:           96                  Seasonal Patterns:  Monthly             
  Inverse:            0                   

[1mModel Parameters[0m
  Top k:              5                   Num Kernels:        6                   
  Enc In:             7                   Dec In:             7                   
  C Out:              7                   d model:            64                  
  n heads:            8                   e layers:           1                   
  d layers:           1                   d FF:               128                 
  Moving Avg:         25                  Factor:             1                   
  Distil:             1                   Dropout:            0.1                 
  Embed:              timeF               Activation:         gelu                

[1mRun Parameters[0m
  Num Workers:        0                   Itr:                1                   
  Train Epochs:       100                 Batch Size:         32                  
  Patience:           6                   Learning Rate:      0.0005              
  Des:                table2_ettm1_p96_no_mamba_s2021Loss:               MSE                 
  Lradj:              type1               Use Amp:            0                   

[1mGPU[0m
  Use GPU:            1                   GPU:                0                   
  Use Multi GPU:      0                   Devices:            0,1,2,3             

[1mDe-stationary Projector Params[0m
  P Hidden Dims:      128, 128            P Hidden Layers:    2                   

Use GPU: cuda:0
🚀 Lazy Loading: GraphMambaRecent ...
[GraphMamba] Building 7x7 static graph from 2000 training samples
>>>>>>>start training : long_term_forecast_ETTm1_96_96_table2_ettm1_p96_no_mamba_s2021_GraphMambaRecent_ETTm1_ftM_sl336_ll48_pl96_dm64_nh8_el1_dl1_df128_expand2_dc2_fc1_ebtimeF_dtTrue_table2_ettm1_p96_no_mamba_s2021_0>>>>>>>>>>>>>>>>>>>>>>>>>>
train 34129
val 11425
	iters: 100, epoch: 1 | loss: 0.3043278
	speed: 0.0112s/iter; left time: 1196.1748s
	iters: 200, epoch: 1 | loss: 0.3015986
	speed: 0.0044s/iter; left time: 473.7791s
	iters: 300, epoch: 1 | loss: 0.3267741
	speed: 0.0044s/iter; left time: 471.3169s
	iters: 400, epoch: 1 | loss: 0.3544764
	speed: 0.0045s/iter; left time: 476.2971s
	iters: 500, epoch: 1 | loss: 0.3151634
	speed: 0.0045s/iter; left time: 481.5074s
	iters: 600, epoch: 1 | loss: 0.3228184
	speed: 0.0040s/iter; left time: 425.5538s
	iters: 700, epoch: 1 | loss: 0.2705828
	speed: 0.0041s/iter; left time: 433.9805s
	iters: 800, epoch: 1 | loss: 0.3010743
	speed: 0.0045s/iter; left time: 474.0009s
	iters: 900, epoch: 1 | loss: 0.3307810
	speed: 0.0040s/iter; left time: 423.5845s
	iters: 1000, epoch: 1 | loss: 0.2726509
	speed: 0.0039s/iter; left time: 416.0109s
Epoch: 1 cost time: 4.688430547714233
Epoch: 1, Steps: 1067 | Train Loss: 0.3264094 Vali Loss: 0.4003679
Validation loss decreased (inf --> 0.400368).  Saving model ...
Updating learning rate to 0.0005
	iters: 100, epoch: 2 | loss: 0.3505470
	speed: 0.0148s/iter; left time: 1561.3854s
	iters: 200, epoch: 2 | loss: 0.3160417
	speed: 0.0046s/iter; left time: 481.3751s
	iters: 300, epoch: 2 | loss: 0.2946595
	speed: 0.0044s/iter; left time: 461.4450s
	iters: 400, epoch: 2 | loss: 0.2598405
	speed: 0.0044s/iter; left time: 464.4174s
	iters: 500, epoch: 2 | loss: 0.3084381
	speed: 0.0043s/iter; left time: 452.2287s
	iters: 600, epoch: 2 | loss: 0.2583225
	speed: 0.0044s/iter; left time: 457.3203s
	iters: 700, epoch: 2 | loss: 0.3615286
	speed: 0.0043s/iter; left time: 449.3597s
	iters: 800, epoch: 2 | loss: 0.2808739
	speed: 0.0042s/iter; left time: 441.4201s
	iters: 900, epoch: 2 | loss: 0.3195764
	speed: 0.0043s/iter; left time: 446.9036s
	iters: 1000, epoch: 2 | loss: 0.2539251
	speed: 0.0042s/iter; left time: 442.8205s
Epoch: 2 cost time: 4.661182641983032
Epoch: 2, Steps: 1067 | Train Loss: 0.2991100 Vali Loss: 0.3909114
Validation loss decreased (0.400368 --> 0.390911).  Saving model ...
Updating learning rate to 0.00025
	iters: 100, epoch: 3 | loss: 0.3379788
	speed: 0.0142s/iter; left time: 1483.8868s
	iters: 200, epoch: 3 | loss: 0.2872982
	speed: 0.0044s/iter; left time: 455.2102s
	iters: 300, epoch: 3 | loss: 0.2828904
	speed: 0.0043s/iter; left time: 452.5944s
	iters: 400, epoch: 3 | loss: 0.3104352
	speed: 0.0042s/iter; left time: 441.0644s
	iters: 500, epoch: 3 | loss: 0.2837976
	speed: 0.0044s/iter; left time: 454.4967s
	iters: 600, epoch: 3 | loss: 0.2350957
	speed: 0.0042s/iter; left time: 440.5264s
	iters: 700, epoch: 3 | loss: 0.3596420
	speed: 0.0040s/iter; left time: 419.2785s
	iters: 800, epoch: 3 | loss: 0.3089636
	speed: 0.0045s/iter; left time: 464.9825s
	iters: 900, epoch: 3 | loss: 0.3049113
	speed: 0.0041s/iter; left time: 421.7567s
	iters: 1000, epoch: 3 | loss: 0.2118164
	speed: 0.0043s/iter; left time: 442.8628s
Epoch: 3 cost time: 4.537475109100342
Epoch: 3, Steps: 1067 | Train Loss: 0.2884413 Vali Loss: 0.3865048
Validation loss decreased (0.390911 --> 0.386505).  Saving model ...
Updating learning rate to 0.000125
	iters: 100, epoch: 4 | loss: 0.2774042
	speed: 0.0147s/iter; left time: 1520.8971s
	iters: 200, epoch: 4 | loss: 0.2585388
	speed: 0.0042s/iter; left time: 434.0187s
	iters: 300, epoch: 4 | loss: 0.2357071
	speed: 0.0042s/iter; left time: 431.5194s
	iters: 400, epoch: 4 | loss: 0.2539309
	speed: 0.0042s/iter; left time: 430.6886s
	iters: 500, epoch: 4 | loss: 0.2388665
	speed: 0.0044s/iter; left time: 450.2566s
	iters: 600, epoch: 4 | loss: 0.2672162
	speed: 0.0039s/iter; left time: 403.6246s
	iters: 700, epoch: 4 | loss: 0.3984891
	speed: 0.0041s/iter; left time: 420.2659s
	iters: 800, epoch: 4 | loss: 0.2779307
	speed: 0.0041s/iter; left time: 416.8512s
	iters: 900, epoch: 4 | loss: 0.2481018
	speed: 0.0042s/iter; left time: 427.9822s
	iters: 1000, epoch: 4 | loss: 0.2820428
	speed: 0.0045s/iter; left time: 456.2154s
Epoch: 4 cost time: 4.5335705280303955
Epoch: 4, Steps: 1067 | Train Loss: 0.2847662 Vali Loss: 0.3858456
Validation loss decreased (0.386505 --> 0.385846).  Saving model ...
Updating learning rate to 6.25e-05
	iters: 100, epoch: 5 | loss: 0.2662383
	speed: 0.0145s/iter; left time: 1484.4019s
	iters: 200, epoch: 5 | loss: 0.2832101
	speed: 0.0042s/iter; left time: 434.0459s
	iters: 300, epoch: 5 | loss: 0.2206991
	speed: 0.0047s/iter; left time: 478.7385s
	iters: 400, epoch: 5 | loss: 0.2885932
	speed: 0.0043s/iter; left time: 442.1457s
	iters: 500, epoch: 5 | loss: 0.2973565
	speed: 0.0041s/iter; left time: 422.2221s
	iters: 600, epoch: 5 | loss: 0.2760160
	speed: 0.0043s/iter; left time: 442.3685s
	iters: 700, epoch: 5 | loss: 0.2995772
	speed: 0.0042s/iter; left time: 425.5250s
	iters: 800, epoch: 5 | loss: 0.2394028
	speed: 0.0044s/iter; left time: 446.9476s
	iters: 900, epoch: 5 | loss: 0.3225723
	speed: 0.0042s/iter; left time: 425.4365s
	iters: 1000, epoch: 5 | loss: 0.2936004
	speed: 0.0039s/iter; left time: 398.3182s
Epoch: 5 cost time: 4.533444881439209
Epoch: 5, Steps: 1067 | Train Loss: 0.2829468 Vali Loss: 0.3852493
Validation loss decreased (0.385846 --> 0.385249).  Saving model ...
Updating learning rate to 3.125e-05
	iters: 100, epoch: 6 | loss: 0.2248059
	speed: 0.0144s/iter; left time: 1459.2988s
	iters: 200, epoch: 6 | loss: 0.3315777
	speed: 0.0041s/iter; left time: 416.9631s
	iters: 300, epoch: 6 | loss: 0.2918696
	speed: 0.0040s/iter; left time: 405.4291s
	iters: 400, epoch: 6 | loss: 0.2698039
	speed: 0.0041s/iter; left time: 416.6238s
	iters: 500, epoch: 6 | loss: 0.2561240
	speed: 0.0043s/iter; left time: 428.7795s
	iters: 600, epoch: 6 | loss: 0.3049618
	speed: 0.0044s/iter; left time: 442.7470s
	iters: 700, epoch: 6 | loss: 0.3130768
	speed: 0.0042s/iter; left time: 422.7874s
	iters: 800, epoch: 6 | loss: 0.2267803
	speed: 0.0044s/iter; left time: 438.6204s
	iters: 900, epoch: 6 | loss: 0.3303504
	speed: 0.0041s/iter; left time: 409.9820s
	iters: 1000, epoch: 6 | loss: 0.2729908
	speed: 0.0041s/iter; left time: 406.4933s
Epoch: 6 cost time: 4.471404790878296
Epoch: 6, Steps: 1067 | Train Loss: 0.2821840 Vali Loss: 0.3850298
Validation loss decreased (0.385249 --> 0.385030).  Saving model ...
Updating learning rate to 1.5625e-05
	iters: 100, epoch: 7 | loss: 0.2771040
	speed: 0.0145s/iter; left time: 1448.3406s
	iters: 200, epoch: 7 | loss: 0.2378057
	speed: 0.0041s/iter; left time: 414.1658s
	iters: 300, epoch: 7 | loss: 0.2193761
	speed: 0.0042s/iter; left time: 418.2919s
	iters: 400, epoch: 7 | loss: 0.2472852
	speed: 0.0045s/iter; left time: 452.7176s
	iters: 500, epoch: 7 | loss: 0.2849153
	speed: 0.0042s/iter; left time: 417.3152s
	iters: 600, epoch: 7 | loss: 0.2579530
	speed: 0.0041s/iter; left time: 408.3909s
	iters: 700, epoch: 7 | loss: 0.2616287
	speed: 0.0041s/iter; left time: 412.7410s
	iters: 800, epoch: 7 | loss: 0.2719544
	speed: 0.0042s/iter; left time: 418.4135s
	iters: 900, epoch: 7 | loss: 0.2676386
	speed: 0.0044s/iter; left time: 440.6599s
	iters: 1000, epoch: 7 | loss: 0.2829369
	speed: 0.0042s/iter; left time: 414.4012s
Epoch: 7 cost time: 4.528415203094482
Epoch: 7, Steps: 1067 | Train Loss: 0.2813113 Vali Loss: 0.3846330
Validation loss decreased (0.385030 --> 0.384633).  Saving model ...
Updating learning rate to 7.8125e-06
	iters: 100, epoch: 8 | loss: 0.2180985
	speed: 0.0145s/iter; left time: 1439.9640s
	iters: 200, epoch: 8 | loss: 0.2727168
	speed: 0.0044s/iter; left time: 434.0626s
	iters: 300, epoch: 8 | loss: 0.2875193
	speed: 0.0043s/iter; left time: 421.9762s
	iters: 400, epoch: 8 | loss: 0.2393024
	speed: 0.0042s/iter; left time: 413.0094s
	iters: 500, epoch: 8 | loss: 0.3072838
	speed: 0.0042s/iter; left time: 412.4359s
	iters: 600, epoch: 8 | loss: 0.2433561
	speed: 0.0043s/iter; left time: 421.9403s
	iters: 700, epoch: 8 | loss: 0.2077571
	speed: 0.0039s/iter; left time: 387.6979s
	iters: 800, epoch: 8 | loss: 0.2686074
	speed: 0.0040s/iter; left time: 393.3688s
	iters: 900, epoch: 8 | loss: 0.2261809
	speed: 0.0043s/iter; left time: 420.2305s
	iters: 1000, epoch: 8 | loss: 0.2711822
	speed: 0.0043s/iter; left time: 424.0825s
Epoch: 8 cost time: 4.476823568344116
Epoch: 8, Steps: 1067 | Train Loss: 0.2811681 Vali Loss: 0.3847318
EarlyStopping counter: 1 out of 6
Updating learning rate to 3.90625e-06
	iters: 100, epoch: 9 | loss: 0.2580698
	speed: 0.0142s/iter; left time: 1395.7178s
	iters: 200, epoch: 9 | loss: 0.2929066
	speed: 0.0041s/iter; left time: 405.5588s
	iters: 300, epoch: 9 | loss: 0.2832803
	speed: 0.0045s/iter; left time: 437.9097s
	iters: 400, epoch: 9 | loss: 0.2932440
	speed: 0.0040s/iter; left time: 395.3203s
	iters: 500, epoch: 9 | loss: 0.2197622
	speed: 0.0043s/iter; left time: 417.5898s
	iters: 600, epoch: 9 | loss: 0.3452483
	speed: 0.0042s/iter; left time: 407.1229s
	iters: 700, epoch: 9 | loss: 0.3281917
	speed: 0.0045s/iter; left time: 434.9224s
	iters: 800, epoch: 9 | loss: 0.3565134
	speed: 0.0044s/iter; left time: 425.1541s
	iters: 900, epoch: 9 | loss: 0.2663061
	speed: 0.0045s/iter; left time: 438.5019s
	iters: 1000, epoch: 9 | loss: 0.4224236
	speed: 0.0043s/iter; left time: 416.8081s
Epoch: 9 cost time: 4.562127351760864
Epoch: 9, Steps: 1067 | Train Loss: 0.2809968 Vali Loss: 0.3848608
EarlyStopping counter: 2 out of 6
Updating learning rate to 1.953125e-06
	iters: 100, epoch: 10 | loss: 0.2792997
	speed: 0.0140s/iter; left time: 1361.7528s
	iters: 200, epoch: 10 | loss: 0.2699650
	speed: 0.0043s/iter; left time: 412.9018s
	iters: 300, epoch: 10 | loss: 0.2710251
	speed: 0.0041s/iter; left time: 398.0094s
	iters: 400, epoch: 10 | loss: 0.3943306
	speed: 0.0044s/iter; left time: 423.2048s
	iters: 500, epoch: 10 | loss: 0.3135346
	speed: 0.0041s/iter; left time: 394.6931s
	iters: 600, epoch: 10 | loss: 0.2550899
	speed: 0.0040s/iter; left time: 383.6507s
	iters: 700, epoch: 10 | loss: 0.2688397
	speed: 0.0043s/iter; left time: 418.2821s
	iters: 800, epoch: 10 | loss: 0.2675156
	speed: 0.0040s/iter; left time: 388.1979s
	iters: 900, epoch: 10 | loss: 0.3367042
	speed: 0.0040s/iter; left time: 380.3493s
	iters: 1000, epoch: 10 | loss: 0.2028250
	speed: 0.0039s/iter; left time: 378.1925s
Epoch: 10 cost time: 4.435466766357422
Epoch: 10, Steps: 1067 | Train Loss: 0.2809502 Vali Loss: 0.3847607
EarlyStopping counter: 3 out of 6
Updating learning rate to 9.765625e-07
	iters: 100, epoch: 11 | loss: 0.2776661
	speed: 0.0142s/iter; left time: 1361.4630s
	iters: 200, epoch: 11 | loss: 0.2263206
	speed: 0.0040s/iter; left time: 387.7253s
	iters: 300, epoch: 11 | loss: 0.3188781
	speed: 0.0042s/iter; left time: 398.2947s
	iters: 400, epoch: 11 | loss: 0.2464828
	speed: 0.0042s/iter; left time: 404.4862s
	iters: 500, epoch: 11 | loss: 0.2264766
	speed: 0.0044s/iter; left time: 420.4553s
	iters: 600, epoch: 11 | loss: 0.2277796
	speed: 0.0043s/iter; left time: 414.0613s
	iters: 700, epoch: 11 | loss: 0.2589449
	speed: 0.0041s/iter; left time: 391.2036s
	iters: 800, epoch: 11 | loss: 0.2996127
	speed: 0.0042s/iter; left time: 396.4154s
	iters: 900, epoch: 11 | loss: 0.2846465
	speed: 0.0042s/iter; left time: 396.2770s
	iters: 1000, epoch: 11 | loss: 0.3188000
	speed: 0.0041s/iter; left time: 385.3006s
Epoch: 11 cost time: 4.462930202484131
Epoch: 11, Steps: 1067 | Train Loss: 0.2810433 Vali Loss: 0.3848117
EarlyStopping counter: 4 out of 6
Updating learning rate to 4.8828125e-07
	iters: 100, epoch: 12 | loss: 0.3207732
	speed: 0.0137s/iter; left time: 1299.4847s
	iters: 200, epoch: 12 | loss: 0.3300037
	speed: 0.0042s/iter; left time: 400.5511s
	iters: 300, epoch: 12 | loss: 0.3383181
	speed: 0.0044s/iter; left time: 418.9447s
	iters: 400, epoch: 12 | loss: 0.3025013
	speed: 0.0041s/iter; left time: 386.3426s
	iters: 500, epoch: 12 | loss: 0.2751216
	speed: 0.0042s/iter; left time: 393.6848s
	iters: 600, epoch: 12 | loss: 0.3812549
	speed: 0.0043s/iter; left time: 401.7921s
	iters: 700, epoch: 12 | loss: 0.3211911
	speed: 0.0041s/iter; left time: 389.0106s
	iters: 800, epoch: 12 | loss: 0.2738518
	speed: 0.0044s/iter; left time: 413.5974s
	iters: 900, epoch: 12 | loss: 0.2683383
	speed: 0.0041s/iter; left time: 389.1005s
	iters: 1000, epoch: 12 | loss: 0.3469287
	speed: 0.0041s/iter; left time: 389.6656s
Epoch: 12 cost time: 4.473742485046387
Epoch: 12, Steps: 1067 | Train Loss: 0.2808633 Vali Loss: 0.3848066
EarlyStopping counter: 5 out of 6
Updating learning rate to 2.44140625e-07
	iters: 100, epoch: 13 | loss: 0.2751274
	speed: 0.0142s/iter; left time: 1332.0309s
	iters: 200, epoch: 13 | loss: 0.3392277
	speed: 0.0043s/iter; left time: 398.3813s
	iters: 300, epoch: 13 | loss: 0.3952490
	speed: 0.0040s/iter; left time: 374.8036s
	iters: 400, epoch: 13 | loss: 0.2807875
	speed: 0.0042s/iter; left time: 389.0792s
	iters: 500, epoch: 13 | loss: 0.2475692
	speed: 0.0041s/iter; left time: 383.5070s
	iters: 600, epoch: 13 | loss: 0.2972486
	speed: 0.0042s/iter; left time: 396.2066s
	iters: 700, epoch: 13 | loss: 0.2695485
	speed: 0.0042s/iter; left time: 387.0044s
	iters: 800, epoch: 13 | loss: 0.2687379
	speed: 0.0041s/iter; left time: 382.7803s
	iters: 900, epoch: 13 | loss: 0.2651771
	speed: 0.0041s/iter; left time: 378.2850s
	iters: 1000, epoch: 13 | loss: 0.3439633
	speed: 0.0042s/iter; left time: 393.9105s
Epoch: 13 cost time: 4.5253541469573975
Epoch: 13, Steps: 1067 | Train Loss: 0.2811213 Vali Loss: 0.3848064
EarlyStopping counter: 6 out of 6
Early stopping
VALIDATION_RESULT {"best_epoch": 7, "best_mae": 0.4081246896727676, "best_mse": 0.38463303457365267, "epochs_ran": 13, "metric_version": "element_weighted_v1"}
>>>>>>>test skipped (validation-only run)<<<<<<<<<<<<<<<<<<<<<<<<
