Using GPU
Args in experiment:
[1mBasic Config[0m
  Task Name:          long_term_forecast  Is Training:        1                   
  Model ID:           ETTm2_96_96_table2_ettm2_p96_no_patch_s2021Model:              GraphMambaRecent    

[1mData Loader[0m
  Data:               ETTm2               Root Path:          /home/cwh/Time-Series-Library/dataset/ETT-small
  Data Path:          ETTm2.csv           Features:           M                   
  Target:             OT                  Freq:               h                   
  Checkpoints:        /home/cwh/Time-Series-Library/logs/graphmamba_backbone_ablation/checkpoints

[1mForecasting Task[0m
  Seq Len:            336                 Label Len:          48                  
  Pred Len:           96                  Seasonal Patterns:  Monthly             
  Inverse:            0                   

[1mModel Parameters[0m
  Top k:              5                   Num Kernels:        6                   
  Enc In:             7                   Dec In:             7                   
  C Out:              7                   d model:            64                  
  n heads:            8                   e layers:           1                   
  d layers:           1                   d FF:               128                 
  Moving Avg:         25                  Factor:             1                   
  Distil:             1                   Dropout:            0.1                 
  Embed:              timeF               Activation:         gelu                

[1mRun Parameters[0m
  Num Workers:        0                   Itr:                1                   
  Train Epochs:       100                 Batch Size:         32                  
  Patience:           6                   Learning Rate:      0.0005              
  Des:                table2_ettm2_p96_no_patch_s2021Loss:               MSE                 
  Lradj:              type1               Use Amp:            0                   

[1mGPU[0m
  Use GPU:            1                   GPU:                0                   
  Use Multi GPU:      0                   Devices:            0,1,2,3             

[1mDe-stationary Projector Params[0m
  P Hidden Dims:      128, 128            P Hidden Layers:    2                   

Use GPU: cuda:0
🚀 Lazy Loading: GraphMambaRecent ...
[GraphMamba] Building 7x7 static graph from 2000 training samples
>>>>>>>start training : long_term_forecast_ETTm2_96_96_table2_ettm2_p96_no_patch_s2021_GraphMambaRecent_ETTm2_ftM_sl336_ll48_pl96_dm64_nh8_el1_dl1_df128_expand2_dc2_fc1_ebtimeF_dtTrue_table2_ettm2_p96_no_patch_s2021_0>>>>>>>>>>>>>>>>>>>>>>>>>>
train 34129
val 11425
	iters: 100, epoch: 1 | loss: 0.1628662
	speed: 0.0097s/iter; left time: 1034.7945s
	iters: 200, epoch: 1 | loss: 0.1727158
	speed: 0.0076s/iter; left time: 810.4024s
	iters: 300, epoch: 1 | loss: 0.4483773
	speed: 0.0074s/iter; left time: 784.6198s
	iters: 400, epoch: 1 | loss: 0.1537446
	speed: 0.0074s/iter; left time: 788.4938s
	iters: 500, epoch: 1 | loss: 0.1819136
	speed: 0.0075s/iter; left time: 792.0732s
	iters: 600, epoch: 1 | loss: 0.1515098
	speed: 0.0075s/iter; left time: 800.8919s
	iters: 700, epoch: 1 | loss: 0.1794440
	speed: 0.0075s/iter; left time: 795.4624s
	iters: 800, epoch: 1 | loss: 0.3130269
	speed: 0.0073s/iter; left time: 774.5243s
	iters: 900, epoch: 1 | loss: 0.2099372
	speed: 0.0074s/iter; left time: 781.6863s
	iters: 1000, epoch: 1 | loss: 0.3051991
	speed: 0.0073s/iter; left time: 774.6677s
Epoch: 1 cost time: 8.162807941436768
Epoch: 1, Steps: 1067 | Train Loss: 0.2412071 Vali Loss: 0.1498643
Validation loss decreased (inf --> 0.149864).  Saving model ...
Updating learning rate to 0.0005
	iters: 100, epoch: 2 | loss: 0.1904051
	speed: 0.0235s/iter; left time: 2479.9699s
	iters: 200, epoch: 2 | loss: 0.2379033
	speed: 0.0075s/iter; left time: 790.5692s
	iters: 300, epoch: 2 | loss: 0.2670336
	speed: 0.0072s/iter; left time: 757.3496s
	iters: 400, epoch: 2 | loss: 0.1240876
	speed: 0.0077s/iter; left time: 805.6782s
	iters: 500, epoch: 2 | loss: 0.1453597
	speed: 0.0073s/iter; left time: 769.6838s
	iters: 600, epoch: 2 | loss: 0.2531622
	speed: 0.0075s/iter; left time: 786.0707s
	iters: 700, epoch: 2 | loss: 0.1253335
	speed: 0.0076s/iter; left time: 795.9713s
	iters: 800, epoch: 2 | loss: 0.1143595
	speed: 0.0074s/iter; left time: 777.0921s
	iters: 900, epoch: 2 | loss: 0.1498509
	speed: 0.0072s/iter; left time: 753.5949s
	iters: 1000, epoch: 2 | loss: 0.2175871
	speed: 0.0074s/iter; left time: 770.9537s
Epoch: 2 cost time: 7.8914570808410645
Epoch: 2, Steps: 1067 | Train Loss: 0.2183490 Vali Loss: 0.1300655
Validation loss decreased (0.149864 --> 0.130066).  Saving model ...
Updating learning rate to 0.00025
	iters: 100, epoch: 3 | loss: 0.1936369
	speed: 0.0233s/iter; left time: 2438.0950s
	iters: 200, epoch: 3 | loss: 0.1737209
	speed: 0.0072s/iter; left time: 751.8888s
	iters: 300, epoch: 3 | loss: 0.1424681
	speed: 0.0075s/iter; left time: 781.3132s
	iters: 400, epoch: 3 | loss: 0.2556394
	speed: 0.0073s/iter; left time: 763.7076s
	iters: 500, epoch: 3 | loss: 0.1557874
	speed: 0.0073s/iter; left time: 756.3053s
	iters: 600, epoch: 3 | loss: 0.2995355
	speed: 0.0077s/iter; left time: 796.5345s
	iters: 700, epoch: 3 | loss: 0.1383177
	speed: 0.0074s/iter; left time: 772.0238s
	iters: 800, epoch: 3 | loss: 0.2471481
	speed: 0.0072s/iter; left time: 752.1325s
	iters: 900, epoch: 3 | loss: 0.1250148
	speed: 0.0072s/iter; left time: 750.1882s
	iters: 1000, epoch: 3 | loss: 0.3681783
	speed: 0.0074s/iter; left time: 765.2617s
Epoch: 3 cost time: 7.840426921844482
Epoch: 3, Steps: 1067 | Train Loss: 0.2051708 Vali Loss: 0.1332776
EarlyStopping counter: 1 out of 6
Updating learning rate to 0.000125
	iters: 100, epoch: 4 | loss: 0.2653712
	speed: 0.0240s/iter; left time: 2478.3408s
	iters: 200, epoch: 4 | loss: 0.1582730
	speed: 0.0073s/iter; left time: 758.7480s
	iters: 300, epoch: 4 | loss: 0.1195793
	speed: 0.0073s/iter; left time: 756.2184s
	iters: 400, epoch: 4 | loss: 0.1750752
	speed: 0.0074s/iter; left time: 760.3423s
	iters: 500, epoch: 4 | loss: 0.3749255
	speed: 0.0075s/iter; left time: 777.1870s
	iters: 600, epoch: 4 | loss: 0.1347045
	speed: 0.0072s/iter; left time: 742.2377s
	iters: 700, epoch: 4 | loss: 0.2623927
	speed: 0.0075s/iter; left time: 767.2964s
	iters: 800, epoch: 4 | loss: 0.1201630
	speed: 0.0074s/iter; left time: 755.5506s
	iters: 900, epoch: 4 | loss: 0.1263978
	speed: 0.0075s/iter; left time: 770.0176s
	iters: 1000, epoch: 4 | loss: 0.1910172
	speed: 0.0074s/iter; left time: 760.0003s
Epoch: 4 cost time: 7.899921894073486
Epoch: 4, Steps: 1067 | Train Loss: 0.1981097 Vali Loss: 0.1316205
EarlyStopping counter: 2 out of 6
Updating learning rate to 6.25e-05
	iters: 100, epoch: 5 | loss: 0.2182736
	speed: 0.0243s/iter; left time: 2488.4520s
	iters: 200, epoch: 5 | loss: 0.1729309
	speed: 0.0075s/iter; left time: 767.9253s
	iters: 300, epoch: 5 | loss: 0.1898519
	speed: 0.0074s/iter; left time: 753.0609s
	iters: 400, epoch: 5 | loss: 0.1095997
	speed: 0.0075s/iter; left time: 768.4873s
	iters: 500, epoch: 5 | loss: 0.1782809
	speed: 0.0075s/iter; left time: 761.8767s
	iters: 600, epoch: 5 | loss: 0.1466474
	speed: 0.0074s/iter; left time: 751.7491s
	iters: 700, epoch: 5 | loss: 0.1609131
	speed: 0.0075s/iter; left time: 764.0584s
	iters: 800, epoch: 5 | loss: 0.1234097
	speed: 0.0074s/iter; left time: 753.9660s
	iters: 900, epoch: 5 | loss: 0.1404259
	speed: 0.0073s/iter; left time: 739.4715s
	iters: 1000, epoch: 5 | loss: 0.0982732
	speed: 0.0078s/iter; left time: 795.3108s
Epoch: 5 cost time: 8.000120401382446
Epoch: 5, Steps: 1067 | Train Loss: 0.1941478 Vali Loss: 0.1316256
EarlyStopping counter: 3 out of 6
Updating learning rate to 3.125e-05
	iters: 100, epoch: 6 | loss: 0.1592564
	speed: 0.0242s/iter; left time: 2453.0758s
	iters: 200, epoch: 6 | loss: 0.1731293
	speed: 0.0075s/iter; left time: 759.4479s
	iters: 300, epoch: 6 | loss: 0.1854414
	speed: 0.0076s/iter; left time: 766.5537s
	iters: 400, epoch: 6 | loss: 0.1229791
	speed: 0.0076s/iter; left time: 763.4720s
	iters: 500, epoch: 6 | loss: 0.1248807
	speed: 0.0073s/iter; left time: 734.2164s
	iters: 600, epoch: 6 | loss: 0.1275730
	speed: 0.0076s/iter; left time: 764.7573s
	iters: 700, epoch: 6 | loss: 0.1947561
	speed: 0.0074s/iter; left time: 749.1650s
	iters: 800, epoch: 6 | loss: 0.2960527
	speed: 0.0073s/iter; left time: 734.2145s
	iters: 900, epoch: 6 | loss: 0.1114661
	speed: 0.0075s/iter; left time: 755.7966s
	iters: 1000, epoch: 6 | loss: 0.1664885
	speed: 0.0074s/iter; left time: 744.2672s
Epoch: 6 cost time: 7.982447624206543
Epoch: 6, Steps: 1067 | Train Loss: 0.1920243 Vali Loss: 0.1330170
EarlyStopping counter: 4 out of 6
Updating learning rate to 1.5625e-05
	iters: 100, epoch: 7 | loss: 0.1148557
	speed: 0.0236s/iter; left time: 2359.8062s
	iters: 200, epoch: 7 | loss: 0.4441358
	speed: 0.0075s/iter; left time: 748.7514s
	iters: 300, epoch: 7 | loss: 0.2276703
	speed: 0.0073s/iter; left time: 726.0062s
	iters: 400, epoch: 7 | loss: 0.1642480
	speed: 0.0071s/iter; left time: 711.3548s
	iters: 500, epoch: 7 | loss: 0.2540516
	speed: 0.0073s/iter; left time: 725.2627s
	iters: 600, epoch: 7 | loss: 0.2148209
	speed: 0.0074s/iter; left time: 733.6609s
	iters: 700, epoch: 7 | loss: 0.1704105
	speed: 0.0073s/iter; left time: 725.0920s
	iters: 800, epoch: 7 | loss: 0.1037951
	speed: 0.0074s/iter; left time: 738.9687s
	iters: 900, epoch: 7 | loss: 0.1327267
	speed: 0.0076s/iter; left time: 757.2842s
	iters: 1000, epoch: 7 | loss: 0.0896659
	speed: 0.0075s/iter; left time: 745.6826s
Epoch: 7 cost time: 7.845917224884033
Epoch: 7, Steps: 1067 | Train Loss: 0.1906276 Vali Loss: 0.1334026
EarlyStopping counter: 5 out of 6
Updating learning rate to 7.8125e-06
	iters: 100, epoch: 8 | loss: 0.1868178
	speed: 0.0239s/iter; left time: 2371.6297s
	iters: 200, epoch: 8 | loss: 0.2035641
	speed: 0.0077s/iter; left time: 759.6205s
	iters: 300, epoch: 8 | loss: 0.0824164
	speed: 0.0075s/iter; left time: 743.8444s
	iters: 400, epoch: 8 | loss: 0.1902803
	speed: 0.0074s/iter; left time: 731.2692s
	iters: 500, epoch: 8 | loss: 0.1385080
	speed: 0.0074s/iter; left time: 730.3463s
	iters: 600, epoch: 8 | loss: 0.1446927
	speed: 0.0074s/iter; left time: 730.3516s
	iters: 700, epoch: 8 | loss: 0.1463704
	speed: 0.0076s/iter; left time: 744.1794s
	iters: 800, epoch: 8 | loss: 0.2214266
	speed: 0.0079s/iter; left time: 773.1968s
	iters: 900, epoch: 8 | loss: 0.1622360
	speed: 0.0075s/iter; left time: 739.7200s
	iters: 1000, epoch: 8 | loss: 0.1737387
	speed: 0.0074s/iter; left time: 724.9080s
Epoch: 8 cost time: 8.041368007659912
Epoch: 8, Steps: 1067 | Train Loss: 0.1900933 Vali Loss: 0.1337608
EarlyStopping counter: 6 out of 6
Early stopping
VALIDATION_RESULT {"best_epoch": 2, "best_mae": 0.24555342590285922, "best_mse": 0.13006551220850038, "epochs_ran": 8, "metric_version": "element_weighted_v1"}
>>>>>>>test skipped (validation-only run)<<<<<<<<<<<<<<<<<<<<<<<<
