Using GPU
Args in experiment:
[1mBasic Config[0m
  Task Name:          long_term_forecast  Is Training:        1                   
  Model ID:           ETTm1_96_96_table2_ettm1_p96_no_decomp_s2021Model:              GraphMambaRecent    

[1mData Loader[0m
  Data:               ETTm1               Root Path:          /home/cwh/Time-Series-Library/dataset/ETT-small
  Data Path:          ETTm1.csv           Features:           M                   
  Target:             OT                  Freq:               h                   
  Checkpoints:        /home/cwh/Time-Series-Library/logs/graphmamba_backbone_ablation/checkpoints

[1mForecasting Task[0m
  Seq Len:            336                 Label Len:          48                  
  Pred Len:           96                  Seasonal Patterns:  Monthly             
  Inverse:            0                   

[1mModel Parameters[0m
  Top k:              5                   Num Kernels:        6                   
  Enc In:             7                   Dec In:             7                   
  C Out:              7                   d model:            64                  
  n heads:            8                   e layers:           1                   
  d layers:           1                   d FF:               128                 
  Moving Avg:         25                  Factor:             1                   
  Distil:             1                   Dropout:            0.1                 
  Embed:              timeF               Activation:         gelu                

[1mRun Parameters[0m
  Num Workers:        0                   Itr:                1                   
  Train Epochs:       100                 Batch Size:         32                  
  Patience:           6                   Learning Rate:      0.0005              
  Des:                table2_ettm1_p96_no_decomp_s2021Loss:               MSE                 
  Lradj:              type1               Use Amp:            0                   

[1mGPU[0m
  Use GPU:            1                   GPU:                0                   
  Use Multi GPU:      0                   Devices:            0,1,2,3             

[1mDe-stationary Projector Params[0m
  P Hidden Dims:      128, 128            P Hidden Layers:    2                   

Use GPU: cuda:0
🚀 Lazy Loading: GraphMambaRecent ...
[GraphMamba] Building 7x7 static graph from 2000 training samples
>>>>>>>start training : long_term_forecast_ETTm1_96_96_table2_ettm1_p96_no_decomp_s2021_GraphMambaRecent_ETTm1_ftM_sl336_ll48_pl96_dm64_nh8_el1_dl1_df128_expand2_dc2_fc1_ebtimeF_dtTrue_table2_ettm1_p96_no_decomp_s2021_0>>>>>>>>>>>>>>>>>>>>>>>>>>
train 34129
val 11425
	iters: 100, epoch: 1 | loss: 0.3954850
	speed: 0.0148s/iter; left time: 1577.0198s
	iters: 200, epoch: 1 | loss: 0.2965378
	speed: 0.0110s/iter; left time: 1175.5342s
	iters: 300, epoch: 1 | loss: 0.3135052
	speed: 0.0114s/iter; left time: 1210.2310s
	iters: 400, epoch: 1 | loss: 0.3430531
	speed: 0.0109s/iter; left time: 1157.8706s
	iters: 500, epoch: 1 | loss: 0.2614724
	speed: 0.0110s/iter; left time: 1172.3065s
	iters: 600, epoch: 1 | loss: 0.3179702
	speed: 0.0110s/iter; left time: 1171.6645s
	iters: 700, epoch: 1 | loss: 0.3147252
	speed: 0.0110s/iter; left time: 1161.3590s
	iters: 800, epoch: 1 | loss: 0.2947209
	speed: 0.0110s/iter; left time: 1164.4549s
	iters: 900, epoch: 1 | loss: 0.2647189
	speed: 0.0113s/iter; left time: 1196.7420s
	iters: 1000, epoch: 1 | loss: 0.2883627
	speed: 0.0117s/iter; left time: 1234.2268s
Epoch: 1 cost time: 12.26439094543457
Epoch: 1, Steps: 1067 | Train Loss: 0.3262188 Vali Loss: 0.3935515
Validation loss decreased (inf --> 0.393552).  Saving model ...
Updating learning rate to 0.0005
	iters: 100, epoch: 2 | loss: 0.2342327
	speed: 0.0347s/iter; left time: 3659.5353s
	iters: 200, epoch: 2 | loss: 0.3407601
	speed: 0.0113s/iter; left time: 1189.2043s
	iters: 300, epoch: 2 | loss: 0.2940459
	speed: 0.0115s/iter; left time: 1213.4198s
	iters: 400, epoch: 2 | loss: 0.2651095
	speed: 0.0113s/iter; left time: 1189.1737s
	iters: 500, epoch: 2 | loss: 0.2815700
	speed: 0.0115s/iter; left time: 1209.8773s
	iters: 600, epoch: 2 | loss: 0.2618134
	speed: 0.0113s/iter; left time: 1186.8002s
	iters: 700, epoch: 2 | loss: 0.2191743
	speed: 0.0111s/iter; left time: 1165.3735s
	iters: 800, epoch: 2 | loss: 0.2877837
	speed: 0.0110s/iter; left time: 1157.0085s
	iters: 900, epoch: 2 | loss: 0.2502351
	speed: 0.0108s/iter; left time: 1128.6001s
	iters: 1000, epoch: 2 | loss: 0.2824220
	speed: 0.0110s/iter; left time: 1154.6962s
Epoch: 2 cost time: 11.966857671737671
Epoch: 2, Steps: 1067 | Train Loss: 0.2756956 Vali Loss: 0.4017276
EarlyStopping counter: 1 out of 6
Updating learning rate to 0.00025
	iters: 100, epoch: 3 | loss: 0.2963073
	speed: 0.0339s/iter; left time: 3540.1295s
	iters: 200, epoch: 3 | loss: 0.2762874
	speed: 0.0109s/iter; left time: 1134.3565s
	iters: 300, epoch: 3 | loss: 0.1941240
	speed: 0.0111s/iter; left time: 1157.6177s
	iters: 400, epoch: 3 | loss: 0.2945800
	speed: 0.0111s/iter; left time: 1151.5381s
	iters: 500, epoch: 3 | loss: 0.2824183
	speed: 0.0111s/iter; left time: 1155.3929s
	iters: 600, epoch: 3 | loss: 0.2943068
	speed: 0.0108s/iter; left time: 1124.1196s
	iters: 700, epoch: 3 | loss: 0.3221880
	speed: 0.0109s/iter; left time: 1132.2943s
	iters: 800, epoch: 3 | loss: 0.2700336
	speed: 0.0108s/iter; left time: 1124.5907s
	iters: 900, epoch: 3 | loss: 0.2606718
	speed: 0.0108s/iter; left time: 1119.9753s
	iters: 1000, epoch: 3 | loss: 0.2465989
	speed: 0.0111s/iter; left time: 1151.0927s
Epoch: 3 cost time: 11.678579807281494
Epoch: 3, Steps: 1067 | Train Loss: 0.2596237 Vali Loss: 0.4114357
EarlyStopping counter: 2 out of 6
Updating learning rate to 0.000125
	iters: 100, epoch: 4 | loss: 0.1794278
	speed: 0.0333s/iter; left time: 3441.3730s
	iters: 200, epoch: 4 | loss: 0.1952594
	speed: 0.0110s/iter; left time: 1134.3414s
	iters: 300, epoch: 4 | loss: 0.2406376
	speed: 0.0108s/iter; left time: 1118.4367s
	iters: 400, epoch: 4 | loss: 0.2329699
	speed: 0.0110s/iter; left time: 1132.1160s
	iters: 500, epoch: 4 | loss: 0.2919137
	speed: 0.0109s/iter; left time: 1120.5254s
	iters: 600, epoch: 4 | loss: 0.2234086
	speed: 0.0109s/iter; left time: 1122.0525s
	iters: 700, epoch: 4 | loss: 0.2700110
	speed: 0.0110s/iter; left time: 1134.9168s
	iters: 800, epoch: 4 | loss: 0.2633342
	speed: 0.0111s/iter; left time: 1138.0904s
	iters: 900, epoch: 4 | loss: 0.2902791
	speed: 0.0109s/iter; left time: 1114.7768s
	iters: 1000, epoch: 4 | loss: 0.2749349
	speed: 0.0109s/iter; left time: 1121.6072s
Epoch: 4 cost time: 11.672831296920776
Epoch: 4, Steps: 1067 | Train Loss: 0.2530970 Vali Loss: 0.4037929
EarlyStopping counter: 3 out of 6
Updating learning rate to 6.25e-05
	iters: 100, epoch: 5 | loss: 0.2302315
	speed: 0.0334s/iter; left time: 3417.2038s
	iters: 200, epoch: 5 | loss: 0.2735961
	speed: 0.0107s/iter; left time: 1094.3808s
	iters: 300, epoch: 5 | loss: 0.2407613
	speed: 0.0107s/iter; left time: 1096.5674s
	iters: 400, epoch: 5 | loss: 0.2605115
	speed: 0.0109s/iter; left time: 1114.0294s
	iters: 500, epoch: 5 | loss: 0.2258598
	speed: 0.0112s/iter; left time: 1137.2563s
	iters: 600, epoch: 5 | loss: 0.2147680
	speed: 0.0112s/iter; left time: 1138.1385s
	iters: 700, epoch: 5 | loss: 0.2225220
	speed: 0.0113s/iter; left time: 1145.0333s
	iters: 800, epoch: 5 | loss: 0.3014105
	speed: 0.0112s/iter; left time: 1137.2795s
	iters: 900, epoch: 5 | loss: 0.2478265
	speed: 0.0112s/iter; left time: 1136.2220s
	iters: 1000, epoch: 5 | loss: 0.2928414
	speed: 0.0110s/iter; left time: 1118.9285s
Epoch: 5 cost time: 11.77041506767273
Epoch: 5, Steps: 1067 | Train Loss: 0.2490432 Vali Loss: 0.4055511
EarlyStopping counter: 4 out of 6
Updating learning rate to 3.125e-05
	iters: 100, epoch: 6 | loss: 0.3267588
	speed: 0.0341s/iter; left time: 3448.6003s
	iters: 200, epoch: 6 | loss: 0.2356439
	speed: 0.0110s/iter; left time: 1116.1115s
	iters: 300, epoch: 6 | loss: 0.2703592
	speed: 0.0114s/iter; left time: 1148.0393s
	iters: 400, epoch: 6 | loss: 0.2113571
	speed: 0.0112s/iter; left time: 1129.3430s
	iters: 500, epoch: 6 | loss: 0.2063096
	speed: 0.0111s/iter; left time: 1119.5168s
	iters: 600, epoch: 6 | loss: 0.2894248
	speed: 0.0111s/iter; left time: 1121.9959s
	iters: 700, epoch: 6 | loss: 0.1966031
	speed: 0.0110s/iter; left time: 1111.0054s
	iters: 800, epoch: 6 | loss: 0.2572203
	speed: 0.0109s/iter; left time: 1098.1572s
	iters: 900, epoch: 6 | loss: 0.2321571
	speed: 0.0109s/iter; left time: 1096.2556s
	iters: 1000, epoch: 6 | loss: 0.2533849
	speed: 0.0113s/iter; left time: 1138.9653s
Epoch: 6 cost time: 11.84479308128357
Epoch: 6, Steps: 1067 | Train Loss: 0.2469977 Vali Loss: 0.4070528
EarlyStopping counter: 5 out of 6
Updating learning rate to 1.5625e-05
	iters: 100, epoch: 7 | loss: 0.2736632
	speed: 0.0356s/iter; left time: 3566.4185s
	iters: 200, epoch: 7 | loss: 0.2596240
	speed: 0.0113s/iter; left time: 1127.2655s
	iters: 300, epoch: 7 | loss: 0.2233950
	speed: 0.0114s/iter; left time: 1136.0341s
	iters: 400, epoch: 7 | loss: 0.2257285
	speed: 0.0112s/iter; left time: 1120.9889s
	iters: 500, epoch: 7 | loss: 0.2507513
	speed: 0.0113s/iter; left time: 1123.4200s
	iters: 600, epoch: 7 | loss: 0.2240361
	speed: 0.0112s/iter; left time: 1115.6860s
	iters: 700, epoch: 7 | loss: 0.2319486
	speed: 0.0112s/iter; left time: 1114.5018s
	iters: 800, epoch: 7 | loss: 0.3077295
	speed: 0.0110s/iter; left time: 1098.6021s
	iters: 900, epoch: 7 | loss: 0.2121124
	speed: 0.0110s/iter; left time: 1096.9283s
	iters: 1000, epoch: 7 | loss: 0.2279688
	speed: 0.0111s/iter; left time: 1102.8497s
Epoch: 7 cost time: 11.914336919784546
Epoch: 7, Steps: 1067 | Train Loss: 0.2460376 Vali Loss: 0.4062576
EarlyStopping counter: 6 out of 6
Early stopping
VALIDATION_RESULT {"best_epoch": 1, "best_mae": 0.41004499014683216, "best_mse": 0.39355150487803786, "epochs_ran": 7, "metric_version": "element_weighted_v1"}
>>>>>>>test skipped (validation-only run)<<<<<<<<<<<<<<<<<<<<<<<<
