Using GPU
Args in experiment:
[1mBasic Config[0m
  Task Name:          long_term_forecast  Is Training:        1                   
  Model ID:           ETTm2_96_720_table2_ettm2_p720_no_patch_s2021Model:              GraphMambaRecent    

[1mData Loader[0m
  Data:               ETTm2               Root Path:          /home/cwh/Time-Series-Library/dataset/ETT-small
  Data Path:          ETTm2.csv           Features:           M                   
  Target:             OT                  Freq:               h                   
  Checkpoints:        /home/cwh/Time-Series-Library/logs/graphmamba_backbone_ablation/checkpoints

[1mForecasting Task[0m
  Seq Len:            336                 Label Len:          48                  
  Pred Len:           720                 Seasonal Patterns:  Monthly             
  Inverse:            0                   

[1mModel Parameters[0m
  Top k:              5                   Num Kernels:        6                   
  Enc In:             7                   Dec In:             7                   
  C Out:              7                   d model:            64                  
  n heads:            8                   e layers:           1                   
  d layers:           1                   d FF:               128                 
  Moving Avg:         25                  Factor:             1                   
  Distil:             1                   Dropout:            0.1                 
  Embed:              timeF               Activation:         gelu                

[1mRun Parameters[0m
  Num Workers:        0                   Itr:                1                   
  Train Epochs:       100                 Batch Size:         32                  
  Patience:           6                   Learning Rate:      0.0005              
  Des:                table2_ettm2_p720_no_patch_s2021Loss:               MSE                 
  Lradj:              type1               Use Amp:            0                   

[1mGPU[0m
  Use GPU:            1                   GPU:                0                   
  Use Multi GPU:      0                   Devices:            0,1,2,3             

[1mDe-stationary Projector Params[0m
  P Hidden Dims:      128, 128            P Hidden Layers:    2                   

Use GPU: cuda:0
🚀 Lazy Loading: GraphMambaRecent ...
[GraphMamba] Building 7x7 static graph from 2000 training samples
>>>>>>>start training : long_term_forecast_ETTm2_96_720_table2_ettm2_p720_no_patch_s2021_GraphMambaRecent_ETTm2_ftM_sl336_ll48_pl720_dm64_nh8_el1_dl1_df128_expand2_dc2_fc1_ebtimeF_dtTrue_table2_ettm2_p720_no_patch_s2021_0>>>>>>>>>>>>>>>>>>>>>>>>>>
train 33505
val 10801
	iters: 100, epoch: 1 | loss: 0.9253927
	speed: 0.0102s/iter; left time: 1066.8373s
	iters: 200, epoch: 1 | loss: 1.4047700
	speed: 0.0076s/iter; left time: 799.1556s
	iters: 300, epoch: 1 | loss: 0.4441389
	speed: 0.0078s/iter; left time: 814.4916s
	iters: 400, epoch: 1 | loss: 0.5247396
	speed: 0.0080s/iter; left time: 830.2658s
	iters: 500, epoch: 1 | loss: 0.3309969
	speed: 0.0081s/iter; left time: 841.6891s
	iters: 600, epoch: 1 | loss: 0.3449899
	speed: 0.0078s/iter; left time: 817.5983s
	iters: 700, epoch: 1 | loss: 0.6755386
	speed: 0.0077s/iter; left time: 799.6517s
	iters: 800, epoch: 1 | loss: 0.3507146
	speed: 0.0079s/iter; left time: 820.8660s
	iters: 900, epoch: 1 | loss: 0.8929721
	speed: 0.0078s/iter; left time: 806.0099s
	iters: 1000, epoch: 1 | loss: 0.5042633
	speed: 0.0081s/iter; left time: 835.8639s
Epoch: 1 cost time: 8.486454248428345
Epoch: 1, Steps: 1048 | Train Loss: 0.5877384 Vali Loss: 0.2937429
Validation loss decreased (inf --> 0.293743).  Saving model ...
Updating learning rate to 0.0005
	iters: 100, epoch: 2 | loss: 0.4395166
	speed: 0.0236s/iter; left time: 2447.4607s
	iters: 200, epoch: 2 | loss: 0.9688904
	speed: 0.0076s/iter; left time: 788.9041s
	iters: 300, epoch: 2 | loss: 0.3924122
	speed: 0.0079s/iter; left time: 819.4418s
	iters: 400, epoch: 2 | loss: 0.3535861
	speed: 0.0078s/iter; left time: 804.9307s
	iters: 500, epoch: 2 | loss: 0.5485870
	speed: 0.0076s/iter; left time: 784.2533s
	iters: 600, epoch: 2 | loss: 0.3954459
	speed: 0.0074s/iter; left time: 759.9609s
	iters: 700, epoch: 2 | loss: 0.7100995
	speed: 0.0077s/iter; left time: 796.1336s
	iters: 800, epoch: 2 | loss: 0.6402877
	speed: 0.0073s/iter; left time: 753.8814s
	iters: 900, epoch: 2 | loss: 0.2416759
	speed: 0.0076s/iter; left time: 779.9388s
	iters: 1000, epoch: 2 | loss: 0.8612119
	speed: 0.0077s/iter; left time: 790.3134s
Epoch: 2 cost time: 7.98412561416626
Epoch: 2, Steps: 1048 | Train Loss: 0.5550935 Vali Loss: 0.2959721
EarlyStopping counter: 1 out of 6
Updating learning rate to 0.00025
	iters: 100, epoch: 3 | loss: 0.4054335
	speed: 0.0228s/iter; left time: 2338.6001s
	iters: 200, epoch: 3 | loss: 0.7089465
	speed: 0.0076s/iter; left time: 783.0521s
	iters: 300, epoch: 3 | loss: 0.9983979
	speed: 0.0077s/iter; left time: 785.8982s
	iters: 400, epoch: 3 | loss: 0.3116350
	speed: 0.0075s/iter; left time: 766.8575s
	iters: 500, epoch: 3 | loss: 0.4230588
	speed: 0.0076s/iter; left time: 773.7164s
	iters: 600, epoch: 3 | loss: 0.5870704
	speed: 0.0077s/iter; left time: 782.8264s
	iters: 700, epoch: 3 | loss: 0.2844130
	speed: 0.0076s/iter; left time: 779.5059s
	iters: 800, epoch: 3 | loss: 1.0562066
	speed: 0.0076s/iter; left time: 771.4519s
	iters: 900, epoch: 3 | loss: 0.4025714
	speed: 0.0076s/iter; left time: 778.0630s
	iters: 1000, epoch: 3 | loss: 0.7617024
	speed: 0.0074s/iter; left time: 751.3323s
Epoch: 3 cost time: 7.950821399688721
Epoch: 3, Steps: 1048 | Train Loss: 0.5292616 Vali Loss: 0.3066161
EarlyStopping counter: 2 out of 6
Updating learning rate to 0.000125
	iters: 100, epoch: 4 | loss: 0.3429889
	speed: 0.0231s/iter; left time: 2348.7916s
	iters: 200, epoch: 4 | loss: 0.5224476
	speed: 0.0077s/iter; left time: 783.0986s
	iters: 300, epoch: 4 | loss: 0.5421285
	speed: 0.0074s/iter; left time: 752.0463s
	iters: 400, epoch: 4 | loss: 0.3768242
	speed: 0.0075s/iter; left time: 759.0224s
	iters: 500, epoch: 4 | loss: 0.4046544
	speed: 0.0075s/iter; left time: 762.9999s
	iters: 600, epoch: 4 | loss: 0.6063499
	speed: 0.0075s/iter; left time: 759.2707s
	iters: 700, epoch: 4 | loss: 0.6380894
	speed: 0.0077s/iter; left time: 778.5055s
	iters: 800, epoch: 4 | loss: 0.7504386
	speed: 0.0079s/iter; left time: 799.0715s
	iters: 900, epoch: 4 | loss: 0.3900125
	speed: 0.0078s/iter; left time: 785.2576s
	iters: 1000, epoch: 4 | loss: 0.6266820
	speed: 0.0075s/iter; left time: 751.4780s
Epoch: 4 cost time: 7.999179124832153
Epoch: 4, Steps: 1048 | Train Loss: 0.5119439 Vali Loss: 0.2958967
EarlyStopping counter: 3 out of 6
Updating learning rate to 6.25e-05
	iters: 100, epoch: 5 | loss: 0.4907037
	speed: 0.0236s/iter; left time: 2376.9478s
	iters: 200, epoch: 5 | loss: 0.3934889
	speed: 0.0076s/iter; left time: 762.1075s
	iters: 300, epoch: 5 | loss: 0.7701423
	speed: 0.0078s/iter; left time: 778.0195s
	iters: 400, epoch: 5 | loss: 0.6665592
	speed: 0.0078s/iter; left time: 779.4109s
	iters: 500, epoch: 5 | loss: 0.7862700
	speed: 0.0079s/iter; left time: 795.5246s
	iters: 600, epoch: 5 | loss: 0.3297906
	speed: 0.0077s/iter; left time: 771.2894s
	iters: 700, epoch: 5 | loss: 0.4207800
	speed: 0.0080s/iter; left time: 800.1452s
	iters: 800, epoch: 5 | loss: 1.0404006
	speed: 0.0075s/iter; left time: 745.7819s
	iters: 900, epoch: 5 | loss: 0.3409767
	speed: 0.0078s/iter; left time: 776.5190s
	iters: 1000, epoch: 5 | loss: 0.4693238
	speed: 0.0078s/iter; left time: 780.7735s
Epoch: 5 cost time: 8.120960474014282
Epoch: 5, Steps: 1048 | Train Loss: 0.4988759 Vali Loss: 0.2994521
EarlyStopping counter: 4 out of 6
Updating learning rate to 3.125e-05
	iters: 100, epoch: 6 | loss: 0.4843909
	speed: 0.0233s/iter; left time: 2315.9150s
	iters: 200, epoch: 6 | loss: 0.4732976
	speed: 0.0074s/iter; left time: 738.4922s
	iters: 300, epoch: 6 | loss: 0.3156434
	speed: 0.0077s/iter; left time: 764.9728s
	iters: 400, epoch: 6 | loss: 0.3210257
	speed: 0.0078s/iter; left time: 774.2991s
	iters: 500, epoch: 6 | loss: 0.3840252
	speed: 0.0077s/iter; left time: 767.0259s
	iters: 600, epoch: 6 | loss: 0.4325425
	speed: 0.0081s/iter; left time: 798.5744s
	iters: 700, epoch: 6 | loss: 0.2609739
	speed: 0.0078s/iter; left time: 772.3872s
	iters: 800, epoch: 6 | loss: 0.6593140
	speed: 0.0078s/iter; left time: 766.9536s
	iters: 900, epoch: 6 | loss: 0.5941656
	speed: 0.0081s/iter; left time: 796.3857s
	iters: 1000, epoch: 6 | loss: 0.5000595
	speed: 0.0076s/iter; left time: 749.3846s
Epoch: 6 cost time: 8.159595251083374
Epoch: 6, Steps: 1048 | Train Loss: 0.4927753 Vali Loss: 0.2992668
EarlyStopping counter: 5 out of 6
Updating learning rate to 1.5625e-05
	iters: 100, epoch: 7 | loss: 0.9926093
	speed: 0.0236s/iter; left time: 2319.2686s
	iters: 200, epoch: 7 | loss: 0.2614713
	speed: 0.0078s/iter; left time: 766.1980s
	iters: 300, epoch: 7 | loss: 0.3989488
	speed: 0.0078s/iter; left time: 766.3056s
	iters: 400, epoch: 7 | loss: 0.3100476
	speed: 0.0075s/iter; left time: 736.9436s
	iters: 500, epoch: 7 | loss: 0.3568571
	speed: 0.0077s/iter; left time: 752.9094s
	iters: 600, epoch: 7 | loss: 0.4234059
	speed: 0.0074s/iter; left time: 725.3158s
	iters: 700, epoch: 7 | loss: 0.4487381
	speed: 0.0077s/iter; left time: 757.2666s
	iters: 800, epoch: 7 | loss: 0.7688659
	speed: 0.0075s/iter; left time: 737.1422s
	iters: 900, epoch: 7 | loss: 0.3144601
	speed: 0.0075s/iter; left time: 727.4481s
	iters: 1000, epoch: 7 | loss: 0.2881404
	speed: 0.0078s/iter; left time: 756.8134s
Epoch: 7 cost time: 8.03737497329712
Epoch: 7, Steps: 1048 | Train Loss: 0.4890931 Vali Loss: 0.3034988
EarlyStopping counter: 6 out of 6
Early stopping
VALIDATION_RESULT {"best_epoch": 1, "best_mae": 0.37250338102742175, "best_mse": 0.2937429367945061, "epochs_ran": 7, "metric_version": "element_weighted_v1"}
>>>>>>>test skipped (validation-only run)<<<<<<<<<<<<<<<<<<<<<<<<
