{"status": "gate_passed", "stage": "closest_finalize", "detail": "resume: /home/cwh/Time-Series-Library/logs/timerole_p0/closest/formal/final/audit.json", "updated_at": "2026-08-24T11:44:10.212430+08:00"}
{"status": "gate_passed", "stage": "sensitivity", "detail": "resume: /home/cwh/Time-Series-Library/logs/timerole_p0/sensitivity/status.json", "updated_at": "2026-08-24T11:44:10.212711+08:00"}
{"status": "launching", "stage": "ecl_pilot", "detail": "/home/cwh/Time-Series-Library/.venv/bin/python -u scripts/run_timerole_p0_ecl_solar.py --phase pilot --datasets electricity --gpu 0 --pilot-epochs 2 --timeout-seconds 21600", "updated_at": "2026-08-24T11:44:10.225575+08:00"}
{"status": "waiting", "stage": "ecl_pilot", "detail": "tmux session timerole_p0_ecl_pilot is active", "updated_at": "2026-08-24T11:44:10.230632+08:00"}
{"status": "waiting", "stage": "ecl_pilot", "detail": "tmux session timerole_p0_ecl_pilot is active", "updated_at": "2026-08-24T11:45:10.234199+08:00"}
{"status": "waiting", "stage": "ecl_pilot", "detail": "tmux session timerole_p0_ecl_pilot is active", "updated_at": "2026-08-24T11:46:10.238479+08:00"}
{"status": "waiting", "stage": "ecl_pilot", "detail": "tmux session timerole_p0_ecl_pilot is active", "updated_at": "2026-08-24T11:47:10.242275+08:00"}
{"status": "waiting", "stage": "ecl_pilot", "detail": "tmux session timerole_p0_ecl_pilot is active", "updated_at": "2026-08-24T11:48:10.245949+08:00"}
{"status": "waiting", "stage": "ecl_pilot", "detail": "tmux session timerole_p0_ecl_pilot is active", "updated_at": "2026-08-24T11:49:10.249291+08:00"}
{"status": "waiting", "stage": "ecl_pilot", "detail": "tmux session timerole_p0_ecl_pilot is active", "updated_at": "2026-08-24T11:50:10.252922+08:00"}
{"status": "waiting", "stage": "ecl_pilot", "detail": "tmux session timerole_p0_ecl_pilot is active", "updated_at": "2026-08-24T11:51:10.256808+08:00"}
{"status": "waiting", "stage": "ecl_pilot", "detail": "tmux session timerole_p0_ecl_pilot is active", "updated_at": "2026-08-24T11:52:10.269743+08:00"}
{"status": "waiting", "stage": "ecl_pilot", "detail": "tmux session timerole_p0_ecl_pilot is active", "updated_at": "2026-08-24T11:53:10.273268+08:00"}
{"status": "waiting", "stage": "ecl_pilot", "detail": "tmux session timerole_p0_ecl_pilot is active", "updated_at": "2026-08-24T11:54:10.277525+08:00"}
{"status": "waiting", "stage": "ecl_pilot", "detail": "tmux session timerole_p0_ecl_pilot is active", "updated_at": "2026-08-24T11:55:10.281021+08:00"}
{"status": "waiting", "stage": "ecl_pilot", "detail": "tmux session timerole_p0_ecl_pilot is active", "updated_at": "2026-08-24T11:56:10.284645+08:00"}
{"status": "waiting", "stage": "ecl_pilot", "detail": "tmux session timerole_p0_ecl_pilot is active", "updated_at": "2026-08-24T11:57:10.287852+08:00"}
{"status": "waiting", "stage": "ecl_pilot", "detail": "tmux session timerole_p0_ecl_pilot is active", "updated_at": "2026-08-24T11:58:10.291530+08:00"}
{"status": "waiting", "stage": "ecl_pilot", "detail": "tmux session timerole_p0_ecl_pilot is active", "updated_at": "2026-08-24T11:59:10.295302+08:00"}
{"status": "waiting", "stage": "ecl_pilot", "detail": "tmux session timerole_p0_ecl_pilot is active", "updated_at": "2026-08-24T12:00:10.299271+08:00"}
{"status": "waiting", "stage": "ecl_pilot", "detail": "tmux session timerole_p0_ecl_pilot is active", "updated_at": "2026-08-24T12:01:10.302683+08:00"}
{"status": "waiting", "stage": "ecl_pilot", "detail": "tmux session timerole_p0_ecl_pilot is active", "updated_at": "2026-08-24T12:02:10.306177+08:00"}
{"status": "waiting", "stage": "ecl_pilot", "detail": "tmux session timerole_p0_ecl_pilot is active", "updated_at": "2026-08-24T12:03:10.309835+08:00"}
{"status": "waiting", "stage": "ecl_pilot", "detail": "tmux session timerole_p0_ecl_pilot is active", "updated_at": "2026-08-24T12:04:10.313414+08:00"}
{"status": "waiting", "stage": "ecl_pilot", "detail": "tmux session timerole_p0_ecl_pilot is active", "updated_at": "2026-08-24T12:05:10.316811+08:00"}
{"status": "waiting", "stage": "ecl_pilot", "detail": "tmux session timerole_p0_ecl_pilot is active", "updated_at": "2026-08-24T12:06:10.320233+08:00"}
{"status": "waiting", "stage": "ecl_pilot", "detail": "tmux session timerole_p0_ecl_pilot is active", "updated_at": "2026-08-24T12:07:10.323646+08:00"}
{"status": "waiting", "stage": "ecl_pilot", "detail": "tmux session timerole_p0_ecl_pilot is active", "updated_at": "2026-08-24T12:08:10.327235+08:00"}
{"status": "waiting", "stage": "ecl_pilot", "detail": "tmux session timerole_p0_ecl_pilot is active", "updated_at": "2026-08-24T12:09:10.330691+08:00"}
{"status": "waiting", "stage": "ecl_pilot", "detail": "tmux session timerole_p0_ecl_pilot is active", "updated_at": "2026-08-24T12:10:10.334470+08:00"}
{"status": "waiting", "stage": "ecl_pilot", "detail": "tmux session timerole_p0_ecl_pilot is active", "updated_at": "2026-08-24T12:11:10.338036+08:00"}
{"status": "waiting", "stage": "ecl_pilot", "detail": "tmux session timerole_p0_ecl_pilot is active", "updated_at": "2026-08-24T12:12:10.341405+08:00"}
{"status": "waiting", "stage": "ecl_pilot", "detail": "tmux session timerole_p0_ecl_pilot is active", "updated_at": "2026-08-24T12:13:10.344590+08:00"}
{"status": "waiting", "stage": "ecl_pilot", "detail": "tmux session timerole_p0_ecl_pilot is active", "updated_at": "2026-08-24T12:14:10.347889+08:00"}
{"status": "waiting", "stage": "ecl_pilot", "detail": "tmux session timerole_p0_ecl_pilot is active", "updated_at": "2026-08-24T12:15:10.359845+08:00"}
{"status": "waiting", "stage": "ecl_pilot", "detail": "tmux session timerole_p0_ecl_pilot is active", "updated_at": "2026-08-24T12:16:10.363084+08:00"}
{"status": "waiting", "stage": "ecl_pilot", "detail": "tmux session timerole_p0_ecl_pilot is active", "updated_at": "2026-08-24T12:17:10.365914+08:00"}
{"status": "waiting", "stage": "ecl_pilot", "detail": "tmux session timerole_p0_ecl_pilot is active", "updated_at": "2026-08-24T12:18:10.368980+08:00"}
{"status": "waiting", "stage": "ecl_pilot", "detail": "tmux session timerole_p0_ecl_pilot is active", "updated_at": "2026-08-24T12:19:10.371869+08:00"}
{"status": "waiting", "stage": "ecl_pilot", "detail": "tmux session timerole_p0_ecl_pilot is active", "updated_at": "2026-08-24T12:20:10.374977+08:00"}
{"status": "waiting", "stage": "ecl_pilot", "detail": "tmux session timerole_p0_ecl_pilot is active", "updated_at": "2026-08-24T12:21:10.378263+08:00"}
{"status": "waiting", "stage": "ecl_pilot", "detail": "tmux session timerole_p0_ecl_pilot is active", "updated_at": "2026-08-24T12:22:10.381811+08:00"}
{"status": "waiting", "stage": "ecl_pilot", "detail": "tmux session timerole_p0_ecl_pilot is active", "updated_at": "2026-08-24T12:23:10.384929+08:00"}
{"status": "waiting", "stage": "ecl_pilot", "detail": "tmux session timerole_p0_ecl_pilot is active", "updated_at": "2026-08-24T12:24:10.388510+08:00"}
{"status": "waiting", "stage": "ecl_pilot", "detail": "tmux session timerole_p0_ecl_pilot is active", "updated_at": "2026-08-24T12:25:10.400588+08:00"}
{"status": "waiting", "stage": "ecl_pilot", "detail": "tmux session timerole_p0_ecl_pilot is active", "updated_at": "2026-08-24T12:26:10.404054+08:00"}
{"status": "waiting", "stage": "ecl_pilot", "detail": "tmux session timerole_p0_ecl_pilot is active", "updated_at": "2026-08-24T12:27:10.407628+08:00"}
{"status": "waiting", "stage": "ecl_pilot", "detail": "tmux session timerole_p0_ecl_pilot is active", "updated_at": "2026-08-24T12:28:10.410721+08:00"}
{"status": "waiting", "stage": "ecl_pilot", "detail": "tmux session timerole_p0_ecl_pilot is active", "updated_at": "2026-08-24T12:29:10.413817+08:00"}
{"status": "waiting", "stage": "ecl_pilot", "detail": "tmux session timerole_p0_ecl_pilot is active", "updated_at": "2026-08-24T12:30:10.416843+08:00"}
{"status": "waiting", "stage": "ecl_pilot", "detail": "tmux session timerole_p0_ecl_pilot is active", "updated_at": "2026-08-24T12:31:10.419911+08:00"}
{"status": "waiting", "stage": "ecl_pilot", "detail": "tmux session timerole_p0_ecl_pilot is active", "updated_at": "2026-08-24T12:32:10.422928+08:00"}
{"status": "waiting", "stage": "ecl_pilot", "detail": "tmux session timerole_p0_ecl_pilot is active", "updated_at": "2026-08-24T12:33:10.426228+08:00"}
{"status": "waiting", "stage": "ecl_pilot", "detail": "tmux session timerole_p0_ecl_pilot is active", "updated_at": "2026-08-24T12:34:10.429488+08:00"}
{"status": "waiting", "stage": "ecl_pilot", "detail": "tmux session timerole_p0_ecl_pilot is active", "updated_at": "2026-08-24T12:35:10.432582+08:00"}
{"status": "waiting", "stage": "ecl_pilot", "detail": "tmux session timerole_p0_ecl_pilot is active", "updated_at": "2026-08-24T12:36:10.435575+08:00"}
{"status": "waiting", "stage": "ecl_pilot", "detail": "tmux session timerole_p0_ecl_pilot is active", "updated_at": "2026-08-24T12:37:10.438601+08:00"}
{"status": "waiting", "stage": "ecl_pilot", "detail": "tmux session timerole_p0_ecl_pilot is active", "updated_at": "2026-08-24T12:38:10.441718+08:00"}
{"status": "waiting", "stage": "ecl_pilot", "detail": "tmux session timerole_p0_ecl_pilot is active", "updated_at": "2026-08-24T12:39:10.444855+08:00"}
{"status": "waiting", "stage": "ecl_pilot", "detail": "tmux session timerole_p0_ecl_pilot is active", "updated_at": "2026-08-24T12:40:10.447917+08:00"}
{"status": "waiting", "stage": "ecl_pilot", "detail": "tmux session timerole_p0_ecl_pilot is active", "updated_at": "2026-08-24T12:41:10.451365+08:00"}
{"status": "waiting", "stage": "ecl_pilot", "detail": "tmux session timerole_p0_ecl_pilot is active", "updated_at": "2026-08-24T12:42:10.454774+08:00"}
{"status": "waiting", "stage": "ecl_pilot", "detail": "tmux session timerole_p0_ecl_pilot is active", "updated_at": "2026-08-24T12:43:10.458303+08:00"}
{"status": "waiting", "stage": "ecl_pilot", "detail": "tmux session timerole_p0_ecl_pilot is active", "updated_at": "2026-08-24T12:44:10.461279+08:00"}
{"status": "waiting", "stage": "ecl_pilot", "detail": "tmux session timerole_p0_ecl_pilot is active", "updated_at": "2026-08-24T12:45:10.464161+08:00"}
{"status": "waiting", "stage": "ecl_pilot", "detail": "tmux session timerole_p0_ecl_pilot is active", "updated_at": "2026-08-24T12:46:10.467316+08:00"}
{"status": "waiting", "stage": "ecl_pilot", "detail": "tmux session timerole_p0_ecl_pilot is active", "updated_at": "2026-08-24T12:47:10.470133+08:00"}
{"status": "waiting", "stage": "ecl_pilot", "detail": "tmux session timerole_p0_ecl_pilot is active", "updated_at": "2026-08-24T12:48:10.473021+08:00"}
{"status": "waiting", "stage": "ecl_pilot", "detail": "tmux session timerole_p0_ecl_pilot is active", "updated_at": "2026-08-24T12:49:10.476780+08:00"}
{"status": "waiting", "stage": "ecl_pilot", "detail": "tmux session timerole_p0_ecl_pilot is active", "updated_at": "2026-08-24T12:50:10.480020+08:00"}
{"status": "waiting", "stage": "ecl_pilot", "detail": "tmux session timerole_p0_ecl_pilot is active", "updated_at": "2026-08-24T12:51:10.483118+08:00"}
{"status": "waiting", "stage": "ecl_pilot", "detail": "tmux session timerole_p0_ecl_pilot is active", "updated_at": "2026-08-24T12:52:10.486200+08:00"}
{"status": "waiting", "stage": "ecl_pilot", "detail": "tmux session timerole_p0_ecl_pilot is active", "updated_at": "2026-08-24T12:53:10.489261+08:00"}
{"status": "waiting", "stage": "ecl_pilot", "detail": "tmux session timerole_p0_ecl_pilot is active", "updated_at": "2026-08-24T12:54:10.492467+08:00"}
{"status": "waiting", "stage": "ecl_pilot", "detail": "tmux session timerole_p0_ecl_pilot is active", "updated_at": "2026-08-24T12:55:10.495656+08:00"}
{"status": "waiting", "stage": "ecl_pilot", "detail": "tmux session timerole_p0_ecl_pilot is active", "updated_at": "2026-08-24T12:56:10.499301+08:00"}
{"status": "waiting", "stage": "ecl_pilot", "detail": "tmux session timerole_p0_ecl_pilot is active", "updated_at": "2026-08-24T12:57:10.502385+08:00"}
{"status": "waiting", "stage": "ecl_pilot", "detail": "tmux session timerole_p0_ecl_pilot is active", "updated_at": "2026-08-24T12:58:10.506004+08:00"}
{"status": "waiting", "stage": "ecl_pilot", "detail": "tmux session timerole_p0_ecl_pilot is active", "updated_at": "2026-08-24T12:59:10.509318+08:00"}
{"status": "waiting", "stage": "ecl_pilot", "detail": "tmux session timerole_p0_ecl_pilot is active", "updated_at": "2026-08-24T13:00:10.512375+08:00"}
{"status": "waiting", "stage": "ecl_pilot", "detail": "tmux session timerole_p0_ecl_pilot is active", "updated_at": "2026-08-24T13:01:10.515432+08:00"}
{"status": "waiting", "stage": "ecl_pilot", "detail": "tmux session timerole_p0_ecl_pilot is active", "updated_at": "2026-08-24T13:02:10.518296+08:00"}
{"status": "waiting", "stage": "ecl_pilot", "detail": "tmux session timerole_p0_ecl_pilot is active", "updated_at": "2026-08-24T13:03:10.522049+08:00"}
{"status": "waiting", "stage": "ecl_pilot", "detail": "tmux session timerole_p0_ecl_pilot is active", "updated_at": "2026-08-24T13:04:10.525548+08:00"}
{"status": "waiting", "stage": "ecl_pilot", "detail": "tmux session timerole_p0_ecl_pilot is active", "updated_at": "2026-08-24T13:05:10.528601+08:00"}
{"status": "waiting", "stage": "ecl_pilot", "detail": "tmux session timerole_p0_ecl_pilot is active", "updated_at": "2026-08-24T13:06:10.532437+08:00"}
{"status": "waiting", "stage": "ecl_pilot", "detail": "tmux session timerole_p0_ecl_pilot is active", "updated_at": "2026-08-24T13:07:10.535658+08:00"}
{"status": "waiting", "stage": "ecl_pilot", "detail": "tmux session timerole_p0_ecl_pilot is active", "updated_at": "2026-08-24T13:08:10.538683+08:00"}
{"status": "waiting", "stage": "ecl_pilot", "detail": "tmux session timerole_p0_ecl_pilot is active", "updated_at": "2026-08-24T13:09:10.541449+08:00"}
{"status": "waiting", "stage": "ecl_pilot", "detail": "tmux session timerole_p0_ecl_pilot is active", "updated_at": "2026-08-24T13:10:10.544087+08:00"}
{"status": "waiting", "stage": "ecl_pilot", "detail": "tmux session timerole_p0_ecl_pilot is active", "updated_at": "2026-08-24T13:11:10.546874+08:00"}
{"status": "waiting", "stage": "ecl_pilot", "detail": "tmux session timerole_p0_ecl_pilot is active", "updated_at": "2026-08-24T13:12:10.549849+08:00"}
{"status": "waiting", "stage": "ecl_pilot", "detail": "tmux session timerole_p0_ecl_pilot is active", "updated_at": "2026-08-24T13:13:10.552922+08:00"}
{"status": "waiting", "stage": "ecl_pilot", "detail": "tmux session timerole_p0_ecl_pilot is active", "updated_at": "2026-08-24T13:14:10.555522+08:00"}
{"status": "waiting", "stage": "ecl_pilot", "detail": "tmux session timerole_p0_ecl_pilot is active", "updated_at": "2026-08-24T13:15:10.558282+08:00"}
{"status": "waiting", "stage": "ecl_pilot", "detail": "tmux session timerole_p0_ecl_pilot is active", "updated_at": "2026-08-24T13:16:10.561006+08:00"}
{"status": "waiting", "stage": "ecl_pilot", "detail": "tmux session timerole_p0_ecl_pilot is active", "updated_at": "2026-08-24T13:17:10.563582+08:00"}
{"status": "waiting", "stage": "ecl_pilot", "detail": "tmux session timerole_p0_ecl_pilot is active", "updated_at": "2026-08-24T13:18:10.566747+08:00"}
{"status": "waiting", "stage": "ecl_pilot", "detail": "tmux session timerole_p0_ecl_pilot is active", "updated_at": "2026-08-24T13:19:10.570377+08:00"}
{"status": "waiting", "stage": "ecl_pilot", "detail": "tmux session timerole_p0_ecl_pilot is active", "updated_at": "2026-08-24T13:20:10.573547+08:00"}
{"status": "waiting", "stage": "ecl_pilot", "detail": "tmux session timerole_p0_ecl_pilot is active", "updated_at": "2026-08-24T13:21:10.577155+08:00"}
{"status": "waiting", "stage": "ecl_pilot", "detail": "tmux session timerole_p0_ecl_pilot is active", "updated_at": "2026-08-24T13:22:10.580579+08:00"}
{"status": "waiting", "stage": "ecl_pilot", "detail": "tmux session timerole_p0_ecl_pilot is active", "updated_at": "2026-08-24T13:23:10.583826+08:00"}
{"status": "waiting", "stage": "ecl_pilot", "detail": "tmux session timerole_p0_ecl_pilot is active", "updated_at": "2026-08-24T13:24:10.587299+08:00"}
{"status": "waiting", "stage": "ecl_pilot", "detail": "tmux session timerole_p0_ecl_pilot is active", "updated_at": "2026-08-24T13:25:10.590674+08:00"}
{"status": "waiting", "stage": "ecl_pilot", "detail": "tmux session timerole_p0_ecl_pilot is active", "updated_at": "2026-08-24T13:26:10.594842+08:00"}
{"status": "waiting", "stage": "ecl_pilot", "detail": "tmux session timerole_p0_ecl_pilot is active", "updated_at": "2026-08-24T13:27:10.597740+08:00"}
{"status": "waiting", "stage": "ecl_pilot", "detail": "tmux session timerole_p0_ecl_pilot is active", "updated_at": "2026-08-24T13:28:10.600913+08:00"}
{"status": "waiting", "stage": "ecl_pilot", "detail": "tmux session timerole_p0_ecl_pilot is active", "updated_at": "2026-08-24T13:29:10.604061+08:00"}
{"status": "waiting", "stage": "ecl_pilot", "detail": "tmux session timerole_p0_ecl_pilot is active", "updated_at": "2026-08-24T13:30:10.607116+08:00"}
{"status": "waiting", "stage": "ecl_pilot", "detail": "tmux session timerole_p0_ecl_pilot is active", "updated_at": "2026-08-24T13:31:10.610486+08:00"}
{"status": "waiting", "stage": "ecl_pilot", "detail": "tmux session timerole_p0_ecl_pilot is active", "updated_at": "2026-08-24T13:32:10.613856+08:00"}
{"status": "waiting", "stage": "ecl_pilot", "detail": "tmux session timerole_p0_ecl_pilot is active", "updated_at": "2026-08-24T13:33:10.616792+08:00"}
{"status": "waiting", "stage": "ecl_pilot", "detail": "tmux session timerole_p0_ecl_pilot is active", "updated_at": "2026-08-24T13:34:10.620085+08:00"}
{"status": "waiting", "stage": "ecl_pilot", "detail": "tmux session timerole_p0_ecl_pilot is active", "updated_at": "2026-08-24T13:35:10.623160+08:00"}
{"status": "waiting", "stage": "ecl_pilot", "detail": "tmux session timerole_p0_ecl_pilot is active", "updated_at": "2026-08-24T13:36:10.625962+08:00"}
{"status": "waiting", "stage": "ecl_pilot", "detail": "tmux session timerole_p0_ecl_pilot is active", "updated_at": "2026-08-24T13:37:10.629296+08:00"}
{"status": "waiting", "stage": "ecl_pilot", "detail": "tmux session timerole_p0_ecl_pilot is active", "updated_at": "2026-08-24T13:38:10.632482+08:00"}
{"status": "waiting", "stage": "ecl_pilot", "detail": "tmux session timerole_p0_ecl_pilot is active", "updated_at": "2026-08-24T13:39:10.635453+08:00"}
{"status": "waiting", "stage": "ecl_pilot", "detail": "tmux session timerole_p0_ecl_pilot is active", "updated_at": "2026-08-24T13:40:10.639059+08:00"}
{"status": "waiting", "stage": "ecl_pilot", "detail": "tmux session timerole_p0_ecl_pilot is active", "updated_at": "2026-08-24T13:41:10.642205+08:00"}
{"status": "waiting", "stage": "ecl_pilot", "detail": "tmux session timerole_p0_ecl_pilot is active", "updated_at": "2026-08-24T13:42:10.645681+08:00"}
{"status": "waiting", "stage": "ecl_pilot", "detail": "tmux session timerole_p0_ecl_pilot is active", "updated_at": "2026-08-24T13:43:10.648961+08:00"}
{"status": "waiting", "stage": "ecl_pilot", "detail": "tmux session timerole_p0_ecl_pilot is active", "updated_at": "2026-08-24T13:44:10.652220+08:00"}
{"status": "waiting", "stage": "ecl_pilot", "detail": "tmux session timerole_p0_ecl_pilot is active", "updated_at": "2026-08-24T13:45:10.655499+08:00"}
{"status": "waiting", "stage": "ecl_pilot", "detail": "tmux session timerole_p0_ecl_pilot is active", "updated_at": "2026-08-24T13:46:10.658720+08:00"}
{"status": "waiting", "stage": "ecl_pilot", "detail": "tmux session timerole_p0_ecl_pilot is active", "updated_at": "2026-08-24T13:47:10.661949+08:00"}
{"status": "waiting", "stage": "ecl_pilot", "detail": "tmux session timerole_p0_ecl_pilot is active", "updated_at": "2026-08-24T13:48:10.665034+08:00"}
{"status": "waiting", "stage": "ecl_pilot", "detail": "tmux session timerole_p0_ecl_pilot is active", "updated_at": "2026-08-24T13:49:10.668256+08:00"}
{"status": "waiting", "stage": "ecl_pilot", "detail": "tmux session timerole_p0_ecl_pilot is active", "updated_at": "2026-08-24T13:50:10.671407+08:00"}
{"status": "waiting", "stage": "ecl_pilot", "detail": "tmux session timerole_p0_ecl_pilot is active", "updated_at": "2026-08-24T13:51:10.674595+08:00"}
{"status": "waiting", "stage": "ecl_pilot", "detail": "tmux session timerole_p0_ecl_pilot is active", "updated_at": "2026-08-24T13:52:10.678040+08:00"}
{"status": "waiting", "stage": "ecl_pilot", "detail": "tmux session timerole_p0_ecl_pilot is active", "updated_at": "2026-08-24T13:53:10.681458+08:00"}
{"status": "waiting", "stage": "ecl_pilot", "detail": "tmux session timerole_p0_ecl_pilot is active", "updated_at": "2026-08-24T13:54:10.684676+08:00"}
{"status": "waiting", "stage": "ecl_pilot", "detail": "tmux session timerole_p0_ecl_pilot is active", "updated_at": "2026-08-24T13:55:10.688228+08:00"}
{"status": "waiting", "stage": "ecl_pilot", "detail": "tmux session timerole_p0_ecl_pilot is active", "updated_at": "2026-08-24T13:56:10.690826+08:00"}
{"status": "waiting", "stage": "ecl_pilot", "detail": "tmux session timerole_p0_ecl_pilot is active", "updated_at": "2026-08-24T13:57:10.693602+08:00"}
{"status": "waiting", "stage": "ecl_pilot", "detail": "tmux session timerole_p0_ecl_pilot is active", "updated_at": "2026-08-24T13:58:10.696851+08:00"}
{"status": "waiting", "stage": "ecl_pilot", "detail": "tmux session timerole_p0_ecl_pilot is active", "updated_at": "2026-08-24T13:59:10.699927+08:00"}
{"status": "waiting", "stage": "ecl_pilot", "detail": "tmux session timerole_p0_ecl_pilot is active", "updated_at": "2026-08-24T14:00:10.703946+08:00"}
{"status": "waiting", "stage": "ecl_pilot", "detail": "tmux session timerole_p0_ecl_pilot is active", "updated_at": "2026-08-24T14:01:10.707078+08:00"}
{"status": "waiting", "stage": "ecl_pilot", "detail": "tmux session timerole_p0_ecl_pilot is active", "updated_at": "2026-08-24T14:02:10.710143+08:00"}
{"status": "waiting", "stage": "ecl_pilot", "detail": "tmux session timerole_p0_ecl_pilot is active", "updated_at": "2026-08-24T14:03:10.713132+08:00"}
{"status": "waiting", "stage": "ecl_pilot", "detail": "tmux session timerole_p0_ecl_pilot is active", "updated_at": "2026-08-24T14:04:10.716022+08:00"}
{"status": "waiting", "stage": "ecl_pilot", "detail": "tmux session timerole_p0_ecl_pilot is active", "updated_at": "2026-08-24T14:05:10.718838+08:00"}
{"status": "waiting", "stage": "ecl_pilot", "detail": "tmux session timerole_p0_ecl_pilot is active", "updated_at": "2026-08-24T14:06:10.721911+08:00"}
{"status": "waiting", "stage": "ecl_pilot", "detail": "tmux session timerole_p0_ecl_pilot is active", "updated_at": "2026-08-24T14:07:10.724735+08:00"}
{"status": "waiting", "stage": "ecl_pilot", "detail": "tmux session timerole_p0_ecl_pilot is active", "updated_at": "2026-08-24T14:08:10.728047+08:00"}
{"status": "waiting", "stage": "ecl_pilot", "detail": "tmux session timerole_p0_ecl_pilot is active", "updated_at": "2026-08-24T14:09:10.730833+08:00"}
{"status": "waiting", "stage": "ecl_pilot", "detail": "tmux session timerole_p0_ecl_pilot is active", "updated_at": "2026-08-24T14:10:10.733789+08:00"}
{"status": "waiting", "stage": "ecl_pilot", "detail": "tmux session timerole_p0_ecl_pilot is active", "updated_at": "2026-08-24T14:11:10.736935+08:00"}
{"status": "waiting", "stage": "ecl_pilot", "detail": "tmux session timerole_p0_ecl_pilot is active", "updated_at": "2026-08-24T14:12:10.740390+08:00"}
{"status": "waiting", "stage": "ecl_pilot", "detail": "tmux session timerole_p0_ecl_pilot is active", "updated_at": "2026-08-24T14:13:10.743168+08:00"}
{"status": "waiting", "stage": "ecl_pilot", "detail": "tmux session timerole_p0_ecl_pilot is active", "updated_at": "2026-08-24T14:14:10.745857+08:00"}
{"status": "waiting", "stage": "ecl_pilot", "detail": "tmux session timerole_p0_ecl_pilot is active", "updated_at": "2026-08-24T14:15:10.748796+08:00"}
{"status": "waiting", "stage": "ecl_pilot", "detail": "tmux session timerole_p0_ecl_pilot is active", "updated_at": "2026-08-24T14:16:10.752534+08:00"}
{"status": "waiting", "stage": "ecl_pilot", "detail": "tmux session timerole_p0_ecl_pilot is active", "updated_at": "2026-08-24T14:17:10.755554+08:00"}
{"status": "waiting", "stage": "ecl_pilot", "detail": "tmux session timerole_p0_ecl_pilot is active", "updated_at": "2026-08-24T14:18:10.758194+08:00"}
{"status": "waiting", "stage": "ecl_pilot", "detail": "tmux session timerole_p0_ecl_pilot is active", "updated_at": "2026-08-24T14:19:10.760858+08:00"}
{"status": "waiting", "stage": "ecl_pilot", "detail": "tmux session timerole_p0_ecl_pilot is active", "updated_at": "2026-08-24T14:20:10.763808+08:00"}
{"status": "waiting", "stage": "ecl_pilot", "detail": "tmux session timerole_p0_ecl_pilot is active", "updated_at": "2026-08-24T14:21:10.768448+08:00"}
{"status": "waiting", "stage": "ecl_pilot", "detail": "tmux session timerole_p0_ecl_pilot is active", "updated_at": "2026-08-24T14:22:10.771570+08:00"}
{"status": "waiting", "stage": "ecl_pilot", "detail": "tmux session timerole_p0_ecl_pilot is active", "updated_at": "2026-08-24T14:23:10.774970+08:00"}
{"status": "waiting", "stage": "ecl_pilot", "detail": "tmux session timerole_p0_ecl_pilot is active", "updated_at": "2026-08-24T14:24:10.777897+08:00"}
{"status": "waiting", "stage": "ecl_pilot", "detail": "tmux session timerole_p0_ecl_pilot is active", "updated_at": "2026-08-24T14:25:10.780623+08:00"}
{"status": "waiting", "stage": "ecl_pilot", "detail": "tmux session timerole_p0_ecl_pilot is active", "updated_at": "2026-08-24T14:26:10.783331+08:00"}
{"status": "waiting", "stage": "ecl_pilot", "detail": "tmux session timerole_p0_ecl_pilot is active", "updated_at": "2026-08-24T14:27:10.786264+08:00"}
{"status": "waiting", "stage": "ecl_pilot", "detail": "tmux session timerole_p0_ecl_pilot is active", "updated_at": "2026-08-24T14:28:10.788888+08:00"}
{"status": "waiting", "stage": "ecl_pilot", "detail": "tmux session timerole_p0_ecl_pilot is active", "updated_at": "2026-08-24T14:29:10.791757+08:00"}
{"status": "waiting", "stage": "ecl_pilot", "detail": "tmux session timerole_p0_ecl_pilot is active", "updated_at": "2026-08-24T14:30:10.794479+08:00"}
{"status": "waiting", "stage": "ecl_pilot", "detail": "tmux session timerole_p0_ecl_pilot is active", "updated_at": "2026-08-24T14:31:10.797500+08:00"}
{"status": "waiting", "stage": "ecl_pilot", "detail": "tmux session timerole_p0_ecl_pilot is active", "updated_at": "2026-08-24T14:32:10.800801+08:00"}
{"status": "waiting", "stage": "ecl_pilot", "detail": "tmux session timerole_p0_ecl_pilot is active", "updated_at": "2026-08-24T14:33:10.803857+08:00"}
{"status": "waiting", "stage": "ecl_pilot", "detail": "tmux session timerole_p0_ecl_pilot is active", "updated_at": "2026-08-24T14:34:10.806941+08:00"}
{"status": "waiting", "stage": "ecl_pilot", "detail": "tmux session timerole_p0_ecl_pilot is active", "updated_at": "2026-08-24T14:35:10.809338+08:00"}
{"status": "waiting", "stage": "ecl_pilot", "detail": "tmux session timerole_p0_ecl_pilot is active", "updated_at": "2026-08-24T14:36:10.812092+08:00"}
{"status": "waiting", "stage": "ecl_pilot", "detail": "tmux session timerole_p0_ecl_pilot is active", "updated_at": "2026-08-24T14:37:10.815338+08:00"}
{"status": "waiting", "stage": "ecl_pilot", "detail": "tmux session timerole_p0_ecl_pilot is active", "updated_at": "2026-08-24T14:38:10.818282+08:00"}
{"status": "waiting", "stage": "ecl_pilot", "detail": "tmux session timerole_p0_ecl_pilot is active", "updated_at": "2026-08-24T14:39:10.821078+08:00"}
{"status": "waiting", "stage": "ecl_pilot", "detail": "tmux session timerole_p0_ecl_pilot is active", "updated_at": "2026-08-24T14:40:10.823832+08:00"}
{"status": "waiting", "stage": "ecl_pilot", "detail": "tmux session timerole_p0_ecl_pilot is active", "updated_at": "2026-08-24T14:41:10.826561+08:00"}
{"status": "waiting", "stage": "ecl_pilot", "detail": "tmux session timerole_p0_ecl_pilot is active", "updated_at": "2026-08-24T14:42:10.829456+08:00"}
{"status": "waiting", "stage": "ecl_pilot", "detail": "tmux session timerole_p0_ecl_pilot is active", "updated_at": "2026-08-24T14:43:10.832418+08:00"}
{"status": "waiting", "stage": "ecl_pilot", "detail": "tmux session timerole_p0_ecl_pilot is active", "updated_at": "2026-08-24T14:44:10.835347+08:00"}
{"status": "waiting", "stage": "ecl_pilot", "detail": "tmux session timerole_p0_ecl_pilot is active", "updated_at": "2026-08-24T14:45:10.838134+08:00"}
{"status": "waiting", "stage": "ecl_pilot", "detail": "tmux session timerole_p0_ecl_pilot is active", "updated_at": "2026-08-24T14:46:10.841247+08:00"}
{"status": "waiting", "stage": "ecl_pilot", "detail": "tmux session timerole_p0_ecl_pilot is active", "updated_at": "2026-08-24T14:47:10.843891+08:00"}
{"status": "waiting", "stage": "ecl_pilot", "detail": "tmux session timerole_p0_ecl_pilot is active", "updated_at": "2026-08-24T14:48:10.846741+08:00"}
{"status": "waiting", "stage": "ecl_pilot", "detail": "tmux session timerole_p0_ecl_pilot is active", "updated_at": "2026-08-24T14:49:10.849346+08:00"}
{"status": "waiting", "stage": "ecl_pilot", "detail": "tmux session timerole_p0_ecl_pilot is active", "updated_at": "2026-08-24T14:50:10.852082+08:00"}
{"status": "waiting", "stage": "ecl_pilot", "detail": "tmux session timerole_p0_ecl_pilot is active", "updated_at": "2026-08-24T14:51:10.854727+08:00"}
{"status": "waiting", "stage": "ecl_pilot", "detail": "tmux session timerole_p0_ecl_pilot is active", "updated_at": "2026-08-24T14:52:10.857463+08:00"}
{"status": "waiting", "stage": "ecl_pilot", "detail": "tmux session timerole_p0_ecl_pilot is active", "updated_at": "2026-08-24T14:53:10.860111+08:00"}
{"status": "waiting", "stage": "ecl_pilot", "detail": "tmux session timerole_p0_ecl_pilot is active", "updated_at": "2026-08-24T14:54:10.862757+08:00"}
{"status": "waiting", "stage": "ecl_pilot", "detail": "tmux session timerole_p0_ecl_pilot is active", "updated_at": "2026-08-24T14:55:10.865994+08:00"}
{"status": "waiting", "stage": "ecl_pilot", "detail": "tmux session timerole_p0_ecl_pilot is active", "updated_at": "2026-08-24T14:56:10.868611+08:00"}
{"status": "waiting", "stage": "ecl_pilot", "detail": "tmux session timerole_p0_ecl_pilot is active", "updated_at": "2026-08-24T14:57:10.872702+08:00"}
{"status": "waiting", "stage": "ecl_pilot", "detail": "tmux session timerole_p0_ecl_pilot is active", "updated_at": "2026-08-24T14:58:10.875402+08:00"}
{"status": "waiting", "stage": "ecl_pilot", "detail": "tmux session timerole_p0_ecl_pilot is active", "updated_at": "2026-08-24T14:59:10.878104+08:00"}
{"status": "waiting", "stage": "ecl_pilot", "detail": "tmux session timerole_p0_ecl_pilot is active", "updated_at": "2026-08-24T15:00:10.880638+08:00"}
{"status": "waiting", "stage": "ecl_pilot", "detail": "tmux session timerole_p0_ecl_pilot is active", "updated_at": "2026-08-24T15:01:10.883269+08:00"}
{"status": "waiting", "stage": "ecl_pilot", "detail": "tmux session timerole_p0_ecl_pilot is active", "updated_at": "2026-08-24T15:02:10.886108+08:00"}
{"status": "waiting", "stage": "ecl_pilot", "detail": "tmux session timerole_p0_ecl_pilot is active", "updated_at": "2026-08-24T15:03:10.889918+08:00"}
{"status": "waiting", "stage": "ecl_pilot", "detail": "tmux session timerole_p0_ecl_pilot is active", "updated_at": "2026-08-24T15:04:10.892784+08:00"}
{"status": "waiting", "stage": "ecl_pilot", "detail": "tmux session timerole_p0_ecl_pilot is active", "updated_at": "2026-08-24T15:05:10.895553+08:00"}
{"status": "waiting", "stage": "ecl_pilot", "detail": "tmux session timerole_p0_ecl_pilot is active", "updated_at": "2026-08-24T15:06:10.901035+08:00"}
{"status": "waiting", "stage": "ecl_pilot", "detail": "tmux session timerole_p0_ecl_pilot is active", "updated_at": "2026-08-24T15:07:10.907456+08:00"}
{"status": "waiting", "stage": "ecl_pilot", "detail": "tmux session timerole_p0_ecl_pilot is active", "updated_at": "2026-08-24T15:08:10.909951+08:00"}
{"status": "waiting", "stage": "ecl_pilot", "detail": "tmux session timerole_p0_ecl_pilot is active", "updated_at": "2026-08-24T15:09:10.912739+08:00"}
{"status": "waiting", "stage": "ecl_pilot", "detail": "tmux session timerole_p0_ecl_pilot is active", "updated_at": "2026-08-24T15:10:10.918284+08:00"}
{"status": "waiting", "stage": "ecl_pilot", "detail": "tmux session timerole_p0_ecl_pilot is active", "updated_at": "2026-08-24T15:11:10.921959+08:00"}
{"status": "waiting", "stage": "ecl_pilot", "detail": "tmux session timerole_p0_ecl_pilot is active", "updated_at": "2026-08-24T15:12:10.924496+08:00"}
{"status": "waiting", "stage": "ecl_pilot", "detail": "tmux session timerole_p0_ecl_pilot is active", "updated_at": "2026-08-24T15:13:10.927309+08:00"}
{"status": "waiting", "stage": "ecl_pilot", "detail": "tmux session timerole_p0_ecl_pilot is active", "updated_at": "2026-08-24T15:14:10.933158+08:00"}
{"status": "waiting", "stage": "ecl_pilot", "detail": "tmux session timerole_p0_ecl_pilot is active", "updated_at": "2026-08-24T15:15:10.936697+08:00"}
{"status": "waiting", "stage": "ecl_pilot", "detail": "tmux session timerole_p0_ecl_pilot is active", "updated_at": "2026-08-24T15:16:10.940003+08:00"}
{"status": "waiting", "stage": "ecl_pilot", "detail": "tmux session timerole_p0_ecl_pilot is active", "updated_at": "2026-08-24T15:17:10.942670+08:00"}
{"status": "waiting", "stage": "ecl_pilot", "detail": "tmux session timerole_p0_ecl_pilot is active", "updated_at": "2026-08-24T15:18:10.946700+08:00"}
{"status": "waiting", "stage": "ecl_pilot", "detail": "tmux session timerole_p0_ecl_pilot is active", "updated_at": "2026-08-24T15:19:10.950808+08:00"}
{"status": "waiting", "stage": "ecl_pilot", "detail": "tmux session timerole_p0_ecl_pilot is active", "updated_at": "2026-08-24T15:20:10.953690+08:00"}
{"status": "waiting", "stage": "ecl_pilot", "detail": "tmux session timerole_p0_ecl_pilot is active", "updated_at": "2026-08-24T15:21:10.959036+08:00"}
{"status": "waiting", "stage": "ecl_pilot", "detail": "tmux session timerole_p0_ecl_pilot is active", "updated_at": "2026-08-24T15:22:10.962023+08:00"}
{"status": "waiting", "stage": "ecl_pilot", "detail": "tmux session timerole_p0_ecl_pilot is active", "updated_at": "2026-08-24T15:23:10.967227+08:00"}
{"status": "waiting", "stage": "ecl_pilot", "detail": "tmux session timerole_p0_ecl_pilot is active", "updated_at": "2026-08-24T15:24:10.969867+08:00"}
{"status": "waiting", "stage": "ecl_pilot", "detail": "tmux session timerole_p0_ecl_pilot is active", "updated_at": "2026-08-24T15:25:10.972952+08:00"}
{"status": "waiting", "stage": "ecl_pilot", "detail": "tmux session timerole_p0_ecl_pilot is active", "updated_at": "2026-08-24T15:26:10.977031+08:00"}
{"status": "waiting", "stage": "ecl_pilot", "detail": "tmux session timerole_p0_ecl_pilot is active", "updated_at": "2026-08-24T15:27:10.982292+08:00"}
{"status": "waiting", "stage": "ecl_pilot", "detail": "tmux session timerole_p0_ecl_pilot is active", "updated_at": "2026-08-24T15:28:10.987991+08:00"}
{"status": "waiting", "stage": "ecl_pilot", "detail": "tmux session timerole_p0_ecl_pilot is active", "updated_at": "2026-08-24T15:29:10.990604+08:00"}
{"status": "waiting", "stage": "ecl_pilot", "detail": "tmux session timerole_p0_ecl_pilot is active", "updated_at": "2026-08-24T15:30:10.993149+08:00"}
{"status": "waiting", "stage": "ecl_pilot", "detail": "tmux session timerole_p0_ecl_pilot is active", "updated_at": "2026-08-24T15:31:10.995790+08:00"}
{"status": "waiting", "stage": "ecl_pilot", "detail": "tmux session timerole_p0_ecl_pilot is active", "updated_at": "2026-08-24T15:32:10.998302+08:00"}
{"status": "waiting", "stage": "ecl_pilot", "detail": "tmux session timerole_p0_ecl_pilot is active", "updated_at": "2026-08-24T15:33:11.000762+08:00"}
{"status": "waiting", "stage": "ecl_pilot", "detail": "tmux session timerole_p0_ecl_pilot is active", "updated_at": "2026-08-24T15:34:11.003491+08:00"}
{"status": "waiting", "stage": "ecl_pilot", "detail": "tmux session timerole_p0_ecl_pilot is active", "updated_at": "2026-08-24T15:35:11.007621+08:00"}
{"status": "waiting", "stage": "ecl_pilot", "detail": "tmux session timerole_p0_ecl_pilot is active", "updated_at": "2026-08-24T15:36:11.011919+08:00"}
{"status": "waiting", "stage": "ecl_pilot", "detail": "tmux session timerole_p0_ecl_pilot is active", "updated_at": "2026-08-24T15:37:11.015220+08:00"}
{"status": "waiting", "stage": "ecl_pilot", "detail": "tmux session timerole_p0_ecl_pilot is active", "updated_at": "2026-08-24T15:38:11.018377+08:00"}
{"status": "waiting", "stage": "ecl_pilot", "detail": "tmux session timerole_p0_ecl_pilot is active", "updated_at": "2026-08-24T15:39:11.020921+08:00"}
{"status": "waiting", "stage": "ecl_pilot", "detail": "tmux session timerole_p0_ecl_pilot is active", "updated_at": "2026-08-24T15:40:11.024008+08:00"}
{"status": "waiting", "stage": "ecl_pilot", "detail": "tmux session timerole_p0_ecl_pilot is active", "updated_at": "2026-08-24T15:41:11.026559+08:00"}
{"status": "waiting", "stage": "ecl_pilot", "detail": "tmux session timerole_p0_ecl_pilot is active", "updated_at": "2026-08-24T15:42:11.029692+08:00"}
{"status": "waiting", "stage": "ecl_pilot", "detail": "tmux session timerole_p0_ecl_pilot is active", "updated_at": "2026-08-24T15:43:11.033072+08:00"}
{"status": "waiting", "stage": "ecl_pilot", "detail": "tmux session timerole_p0_ecl_pilot is active", "updated_at": "2026-08-24T15:44:11.037848+08:00"}
{"status": "waiting", "stage": "ecl_pilot", "detail": "tmux session timerole_p0_ecl_pilot is active", "updated_at": "2026-08-24T15:45:11.040440+08:00"}
{"status": "waiting", "stage": "ecl_pilot", "detail": "tmux session timerole_p0_ecl_pilot is active", "updated_at": "2026-08-24T15:46:11.043265+08:00"}
{"status": "waiting", "stage": "ecl_pilot", "detail": "tmux session timerole_p0_ecl_pilot is active", "updated_at": "2026-08-24T15:47:11.046910+08:00"}
{"status": "waiting", "stage": "ecl_pilot", "detail": "tmux session timerole_p0_ecl_pilot is active", "updated_at": "2026-08-24T15:48:11.049524+08:00"}
{"status": "waiting", "stage": "ecl_pilot", "detail": "tmux session timerole_p0_ecl_pilot is active", "updated_at": "2026-08-24T15:49:11.052026+08:00"}
{"status": "waiting", "stage": "ecl_pilot", "detail": "tmux session timerole_p0_ecl_pilot is active", "updated_at": "2026-08-24T15:50:11.055543+08:00"}
{"status": "waiting", "stage": "ecl_pilot", "detail": "tmux session timerole_p0_ecl_pilot is active", "updated_at": "2026-08-24T15:51:11.058611+08:00"}
{"status": "waiting", "stage": "ecl_pilot", "detail": "tmux session timerole_p0_ecl_pilot is active", "updated_at": "2026-08-24T15:52:11.061702+08:00"}
{"status": "waiting", "stage": "ecl_pilot", "detail": "tmux session timerole_p0_ecl_pilot is active", "updated_at": "2026-08-24T15:53:11.064391+08:00"}
{"status": "waiting", "stage": "ecl_pilot", "detail": "tmux session timerole_p0_ecl_pilot is active", "updated_at": "2026-08-24T15:54:11.068170+08:00"}
{"status": "waiting", "stage": "ecl_pilot", "detail": "tmux session timerole_p0_ecl_pilot is active", "updated_at": "2026-08-24T15:55:11.071190+08:00"}
{"status": "waiting", "stage": "ecl_pilot", "detail": "tmux session timerole_p0_ecl_pilot is active", "updated_at": "2026-08-24T15:56:11.074419+08:00"}
{"status": "waiting", "stage": "ecl_pilot", "detail": "tmux session timerole_p0_ecl_pilot is active", "updated_at": "2026-08-24T15:57:11.078194+08:00"}
{"status": "waiting", "stage": "ecl_pilot", "detail": "tmux session timerole_p0_ecl_pilot is active", "updated_at": "2026-08-24T15:58:11.080964+08:00"}
{"status": "waiting", "stage": "ecl_pilot", "detail": "tmux session timerole_p0_ecl_pilot is active", "updated_at": "2026-08-24T15:59:11.084284+08:00"}
{"status": "waiting", "stage": "ecl_pilot", "detail": "tmux session timerole_p0_ecl_pilot is active", "updated_at": "2026-08-24T16:00:11.086734+08:00"}
{"status": "waiting", "stage": "ecl_pilot", "detail": "tmux session timerole_p0_ecl_pilot is active", "updated_at": "2026-08-24T16:01:11.089225+08:00"}
{"status": "waiting", "stage": "ecl_pilot", "detail": "tmux session timerole_p0_ecl_pilot is active", "updated_at": "2026-08-24T16:02:11.092163+08:00"}
{"status": "waiting", "stage": "ecl_pilot", "detail": "tmux session timerole_p0_ecl_pilot is active", "updated_at": "2026-08-24T16:03:11.098008+08:00"}
{"status": "waiting", "stage": "ecl_pilot", "detail": "tmux session timerole_p0_ecl_pilot is active", "updated_at": "2026-08-24T16:04:11.100815+08:00"}
{"status": "waiting", "stage": "ecl_pilot", "detail": "tmux session timerole_p0_ecl_pilot is active", "updated_at": "2026-08-24T16:05:11.103982+08:00"}
{"status": "waiting", "stage": "ecl_pilot", "detail": "tmux session timerole_p0_ecl_pilot is active", "updated_at": "2026-08-24T16:06:11.107899+08:00"}
{"status": "waiting", "stage": "ecl_pilot", "detail": "tmux session timerole_p0_ecl_pilot is active", "updated_at": "2026-08-24T16:07:11.113415+08:00"}
{"status": "waiting", "stage": "ecl_pilot", "detail": "tmux session timerole_p0_ecl_pilot is active", "updated_at": "2026-08-24T16:08:11.116102+08:00"}
{"status": "waiting", "stage": "ecl_pilot", "detail": "tmux session timerole_p0_ecl_pilot is active", "updated_at": "2026-08-24T16:09:11.119061+08:00"}
{"status": "waiting", "stage": "ecl_pilot", "detail": "tmux session timerole_p0_ecl_pilot is active", "updated_at": "2026-08-24T16:10:11.121724+08:00"}
{"status": "waiting", "stage": "ecl_pilot", "detail": "tmux session timerole_p0_ecl_pilot is active", "updated_at": "2026-08-24T16:11:11.124856+08:00"}
{"status": "waiting", "stage": "ecl_pilot", "detail": "tmux session timerole_p0_ecl_pilot is active", "updated_at": "2026-08-24T16:12:11.127874+08:00"}
{"status": "waiting", "stage": "ecl_pilot", "detail": "tmux session timerole_p0_ecl_pilot is active", "updated_at": "2026-08-24T16:13:11.130483+08:00"}
{"status": "waiting", "stage": "ecl_pilot", "detail": "tmux session timerole_p0_ecl_pilot is active", "updated_at": "2026-08-24T16:14:11.133568+08:00"}
{"status": "waiting", "stage": "ecl_pilot", "detail": "tmux session timerole_p0_ecl_pilot is active", "updated_at": "2026-08-24T16:15:11.136919+08:00"}
{"status": "waiting", "stage": "ecl_pilot", "detail": "tmux session timerole_p0_ecl_pilot is active", "updated_at": "2026-08-24T16:16:11.139595+08:00"}
{"status": "waiting", "stage": "ecl_pilot", "detail": "tmux session timerole_p0_ecl_pilot is active", "updated_at": "2026-08-24T16:17:11.142851+08:00"}
{"status": "waiting", "stage": "ecl_pilot", "detail": "tmux session timerole_p0_ecl_pilot is active", "updated_at": "2026-08-24T16:18:11.147448+08:00"}
{"status": "waiting", "stage": "ecl_pilot", "detail": "tmux session timerole_p0_ecl_pilot is active", "updated_at": "2026-08-24T16:19:11.150517+08:00"}
{"status": "waiting", "stage": "ecl_pilot", "detail": "tmux session timerole_p0_ecl_pilot is active", "updated_at": "2026-08-24T16:20:11.154371+08:00"}
{"status": "waiting", "stage": "ecl_pilot", "detail": "tmux session timerole_p0_ecl_pilot is active", "updated_at": "2026-08-24T16:21:11.156691+08:00"}
{"status": "waiting", "stage": "ecl_pilot", "detail": "tmux session timerole_p0_ecl_pilot is active", "updated_at": "2026-08-24T16:22:11.162225+08:00"}
{"status": "waiting", "stage": "ecl_pilot", "detail": "tmux session timerole_p0_ecl_pilot is active", "updated_at": "2026-08-24T16:23:11.165798+08:00"}
{"status": "waiting", "stage": "ecl_pilot", "detail": "tmux session timerole_p0_ecl_pilot is active", "updated_at": "2026-08-24T16:24:11.168730+08:00"}
{"status": "waiting", "stage": "ecl_pilot", "detail": "tmux session timerole_p0_ecl_pilot is active", "updated_at": "2026-08-24T16:25:11.171399+08:00"}
{"status": "waiting", "stage": "ecl_pilot", "detail": "tmux session timerole_p0_ecl_pilot is active", "updated_at": "2026-08-24T16:26:11.175099+08:00"}
{"status": "waiting", "stage": "ecl_pilot", "detail": "tmux session timerole_p0_ecl_pilot is active", "updated_at": "2026-08-24T16:27:11.178932+08:00"}
{"status": "waiting", "stage": "ecl_pilot", "detail": "tmux session timerole_p0_ecl_pilot is active", "updated_at": "2026-08-24T16:28:11.183281+08:00"}
{"status": "waiting", "stage": "ecl_pilot", "detail": "tmux session timerole_p0_ecl_pilot is active", "updated_at": "2026-08-24T16:29:11.185718+08:00"}
{"status": "waiting", "stage": "ecl_pilot", "detail": "tmux session timerole_p0_ecl_pilot is active", "updated_at": "2026-08-24T16:30:11.188278+08:00"}
{"status": "waiting", "stage": "ecl_pilot", "detail": "tmux session timerole_p0_ecl_pilot is active", "updated_at": "2026-08-24T16:31:11.193009+08:00"}
{"status": "waiting", "stage": "ecl_pilot", "detail": "tmux session timerole_p0_ecl_pilot is active", "updated_at": "2026-08-24T16:32:11.195589+08:00"}
{"status": "waiting", "stage": "ecl_pilot", "detail": "tmux session timerole_p0_ecl_pilot is active", "updated_at": "2026-08-24T16:33:11.198165+08:00"}
{"status": "waiting", "stage": "ecl_pilot", "detail": "tmux session timerole_p0_ecl_pilot is active", "updated_at": "2026-08-24T16:34:11.203719+08:00"}
{"status": "waiting", "stage": "ecl_pilot", "detail": "tmux session timerole_p0_ecl_pilot is active", "updated_at": "2026-08-24T16:35:11.208592+08:00"}
{"status": "waiting", "stage": "ecl_pilot", "detail": "tmux session timerole_p0_ecl_pilot is active", "updated_at": "2026-08-24T16:36:11.211603+08:00"}
{"status": "waiting", "stage": "ecl_pilot", "detail": "tmux session timerole_p0_ecl_pilot is active", "updated_at": "2026-08-24T16:37:11.216189+08:00"}
{"status": "waiting", "stage": "ecl_pilot", "detail": "tmux session timerole_p0_ecl_pilot is active", "updated_at": "2026-08-24T16:38:11.219405+08:00"}
{"status": "waiting", "stage": "ecl_pilot", "detail": "tmux session timerole_p0_ecl_pilot is active", "updated_at": "2026-08-24T16:39:11.224599+08:00"}
{"status": "waiting", "stage": "ecl_pilot", "detail": "tmux session timerole_p0_ecl_pilot is active", "updated_at": "2026-08-24T16:40:11.229626+08:00"}
{"status": "waiting", "stage": "ecl_pilot", "detail": "tmux session timerole_p0_ecl_pilot is active", "updated_at": "2026-08-24T16:41:11.232835+08:00"}
{"status": "waiting", "stage": "ecl_pilot", "detail": "tmux session timerole_p0_ecl_pilot is active", "updated_at": "2026-08-24T16:42:11.237988+08:00"}
{"status": "waiting", "stage": "ecl_pilot", "detail": "tmux session timerole_p0_ecl_pilot is active", "updated_at": "2026-08-24T16:43:11.241240+08:00"}
{"status": "waiting", "stage": "ecl_pilot", "detail": "tmux session timerole_p0_ecl_pilot is active", "updated_at": "2026-08-24T16:44:11.247423+08:00"}
{"status": "waiting", "stage": "ecl_pilot", "detail": "tmux session timerole_p0_ecl_pilot is active", "updated_at": "2026-08-24T16:45:11.252873+08:00"}
{"status": "waiting", "stage": "ecl_pilot", "detail": "tmux session timerole_p0_ecl_pilot is active", "updated_at": "2026-08-24T16:46:11.255997+08:00"}
{"status": "waiting", "stage": "ecl_pilot", "detail": "tmux session timerole_p0_ecl_pilot is active", "updated_at": "2026-08-24T16:47:11.262555+08:00"}
{"status": "waiting", "stage": "ecl_pilot", "detail": "tmux session timerole_p0_ecl_pilot is active", "updated_at": "2026-08-24T16:48:11.265284+08:00"}
{"status": "waiting", "stage": "ecl_pilot", "detail": "tmux session timerole_p0_ecl_pilot is active", "updated_at": "2026-08-24T16:49:11.268291+08:00"}
{"status": "waiting", "stage": "ecl_pilot", "detail": "tmux session timerole_p0_ecl_pilot is active", "updated_at": "2026-08-24T16:50:11.273576+08:00"}
{"status": "waiting", "stage": "ecl_pilot", "detail": "tmux session timerole_p0_ecl_pilot is active", "updated_at": "2026-08-24T16:51:11.276338+08:00"}
{"status": "waiting", "stage": "ecl_pilot", "detail": "tmux session timerole_p0_ecl_pilot is active", "updated_at": "2026-08-24T16:52:11.279008+08:00"}
{"status": "waiting", "stage": "ecl_pilot", "detail": "tmux session timerole_p0_ecl_pilot is active", "updated_at": "2026-08-24T16:53:11.281746+08:00"}
{"status": "waiting", "stage": "ecl_pilot", "detail": "tmux session timerole_p0_ecl_pilot is active", "updated_at": "2026-08-24T16:54:11.286615+08:00"}
{"status": "waiting", "stage": "ecl_pilot", "detail": "tmux session timerole_p0_ecl_pilot is active", "updated_at": "2026-08-24T16:55:11.291609+08:00"}
{"status": "waiting", "stage": "ecl_pilot", "detail": "tmux session timerole_p0_ecl_pilot is active", "updated_at": "2026-08-24T16:56:11.296452+08:00"}
{"status": "waiting", "stage": "ecl_pilot", "detail": "tmux session timerole_p0_ecl_pilot is active", "updated_at": "2026-08-24T16:57:11.299083+08:00"}
{"status": "waiting", "stage": "ecl_pilot", "detail": "tmux session timerole_p0_ecl_pilot is active", "updated_at": "2026-08-24T16:58:11.302175+08:00"}
{"status": "waiting", "stage": "ecl_pilot", "detail": "tmux session timerole_p0_ecl_pilot is active", "updated_at": "2026-08-24T16:59:11.305175+08:00"}
{"status": "waiting", "stage": "ecl_pilot", "detail": "tmux session timerole_p0_ecl_pilot is active", "updated_at": "2026-08-24T17:00:11.307655+08:00"}
{"status": "waiting", "stage": "ecl_pilot", "detail": "tmux session timerole_p0_ecl_pilot is active", "updated_at": "2026-08-24T17:01:11.310408+08:00"}
{"status": "waiting", "stage": "ecl_pilot", "detail": "tmux session timerole_p0_ecl_pilot is active", "updated_at": "2026-08-24T17:02:11.314579+08:00"}
{"status": "waiting", "stage": "ecl_pilot", "detail": "tmux session timerole_p0_ecl_pilot is active", "updated_at": "2026-08-24T17:03:11.317162+08:00"}
{"status": "waiting", "stage": "ecl_pilot", "detail": "tmux session timerole_p0_ecl_pilot is active", "updated_at": "2026-08-24T17:04:11.319699+08:00"}
{"status": "waiting", "stage": "ecl_pilot", "detail": "tmux session timerole_p0_ecl_pilot is active", "updated_at": "2026-08-24T17:05:11.322182+08:00"}
{"status": "waiting", "stage": "ecl_pilot", "detail": "tmux session timerole_p0_ecl_pilot is active", "updated_at": "2026-08-24T17:06:11.324680+08:00"}
{"status": "waiting", "stage": "ecl_pilot", "detail": "tmux session timerole_p0_ecl_pilot is active", "updated_at": "2026-08-24T17:07:11.327660+08:00"}
{"status": "waiting", "stage": "ecl_pilot", "detail": "tmux session timerole_p0_ecl_pilot is active", "updated_at": "2026-08-24T17:08:11.330662+08:00"}
{"status": "waiting", "stage": "ecl_pilot", "detail": "tmux session timerole_p0_ecl_pilot is active", "updated_at": "2026-08-24T17:09:11.336438+08:00"}
{"status": "waiting", "stage": "ecl_pilot", "detail": "tmux session timerole_p0_ecl_pilot is active", "updated_at": "2026-08-24T17:10:11.339516+08:00"}
{"status": "waiting", "stage": "ecl_pilot", "detail": "tmux session timerole_p0_ecl_pilot is active", "updated_at": "2026-08-24T17:11:11.344767+08:00"}
{"status": "waiting", "stage": "ecl_pilot", "detail": "tmux session timerole_p0_ecl_pilot is active", "updated_at": "2026-08-24T17:12:11.347355+08:00"}
{"status": "waiting", "stage": "ecl_pilot", "detail": "tmux session timerole_p0_ecl_pilot is active", "updated_at": "2026-08-24T17:13:11.353270+08:00"}
{"status": "waiting", "stage": "ecl_pilot", "detail": "tmux session timerole_p0_ecl_pilot is active", "updated_at": "2026-08-24T17:14:11.356029+08:00"}
{"status": "waiting", "stage": "ecl_pilot", "detail": "tmux session timerole_p0_ecl_pilot is active", "updated_at": "2026-08-24T17:15:11.358602+08:00"}
{"status": "waiting", "stage": "ecl_pilot", "detail": "tmux session timerole_p0_ecl_pilot is active", "updated_at": "2026-08-24T17:16:11.361038+08:00"}
{"status": "waiting", "stage": "ecl_pilot", "detail": "tmux session timerole_p0_ecl_pilot is active", "updated_at": "2026-08-24T17:17:11.363993+08:00"}
{"status": "waiting", "stage": "ecl_pilot", "detail": "tmux session timerole_p0_ecl_pilot is active", "updated_at": "2026-08-24T17:18:11.366456+08:00"}
{"status": "waiting", "stage": "ecl_pilot", "detail": "tmux session timerole_p0_ecl_pilot is active", "updated_at": "2026-08-24T17:19:11.371827+08:00"}
{"status": "waiting", "stage": "ecl_pilot", "detail": "tmux session timerole_p0_ecl_pilot is active", "updated_at": "2026-08-24T17:20:11.374364+08:00"}
{"status": "waiting", "stage": "ecl_pilot", "detail": "tmux session timerole_p0_ecl_pilot is active", "updated_at": "2026-08-24T17:21:11.377423+08:00"}
{"status": "waiting", "stage": "ecl_pilot", "detail": "tmux session timerole_p0_ecl_pilot is active", "updated_at": "2026-08-24T17:22:11.381854+08:00"}
{"status": "waiting", "stage": "ecl_pilot", "detail": "tmux session timerole_p0_ecl_pilot is active", "updated_at": "2026-08-24T17:23:11.385793+08:00"}
{"status": "waiting", "stage": "ecl_pilot", "detail": "tmux session timerole_p0_ecl_pilot is active", "updated_at": "2026-08-24T17:24:11.388293+08:00"}
{"status": "waiting", "stage": "ecl_pilot", "detail": "tmux session timerole_p0_ecl_pilot is active", "updated_at": "2026-08-24T17:25:11.393721+08:00"}
{"status": "waiting", "stage": "ecl_pilot", "detail": "tmux session timerole_p0_ecl_pilot is active", "updated_at": "2026-08-24T17:26:11.396180+08:00"}
{"status": "waiting", "stage": "ecl_pilot", "detail": "tmux session timerole_p0_ecl_pilot is active", "updated_at": "2026-08-24T17:27:11.398790+08:00"}
{"status": "waiting", "stage": "ecl_pilot", "detail": "tmux session timerole_p0_ecl_pilot is active", "updated_at": "2026-08-24T17:28:11.402411+08:00"}
{"status": "waiting", "stage": "ecl_pilot", "detail": "tmux session timerole_p0_ecl_pilot is active", "updated_at": "2026-08-24T17:29:11.405682+08:00"}
{"status": "waiting", "stage": "ecl_pilot", "detail": "tmux session timerole_p0_ecl_pilot is active", "updated_at": "2026-08-24T17:30:11.408393+08:00"}
{"status": "waiting", "stage": "ecl_pilot", "detail": "tmux session timerole_p0_ecl_pilot is active", "updated_at": "2026-08-24T17:31:11.411364+08:00"}
{"status": "waiting", "stage": "ecl_pilot", "detail": "tmux session timerole_p0_ecl_pilot is active", "updated_at": "2026-08-24T17:32:11.414717+08:00"}
{"status": "waiting", "stage": "ecl_pilot", "detail": "tmux session timerole_p0_ecl_pilot is active", "updated_at": "2026-08-24T17:33:11.418336+08:00"}
{"status": "waiting", "stage": "ecl_pilot", "detail": "tmux session timerole_p0_ecl_pilot is active", "updated_at": "2026-08-24T17:34:11.420909+08:00"}
{"status": "waiting", "stage": "ecl_pilot", "detail": "tmux session timerole_p0_ecl_pilot is active", "updated_at": "2026-08-24T17:35:11.423879+08:00"}
{"status": "waiting", "stage": "ecl_pilot", "detail": "tmux session timerole_p0_ecl_pilot is active", "updated_at": "2026-08-24T17:36:11.426707+08:00"}
{"status": "waiting", "stage": "ecl_pilot", "detail": "tmux session timerole_p0_ecl_pilot is active", "updated_at": "2026-08-24T17:37:11.429493+08:00"}
{"status": "waiting", "stage": "ecl_pilot", "detail": "tmux session timerole_p0_ecl_pilot is active", "updated_at": "2026-08-24T17:38:11.432083+08:00"}
{"status": "waiting", "stage": "ecl_pilot", "detail": "tmux session timerole_p0_ecl_pilot is active", "updated_at": "2026-08-24T17:39:11.435731+08:00"}
{"status": "waiting", "stage": "ecl_pilot", "detail": "tmux session timerole_p0_ecl_pilot is active", "updated_at": "2026-08-24T17:40:11.438646+08:00"}
{"status": "waiting", "stage": "ecl_pilot", "detail": "tmux session timerole_p0_ecl_pilot is active", "updated_at": "2026-08-24T17:41:11.441174+08:00"}
{"status": "waiting", "stage": "ecl_pilot", "detail": "tmux session timerole_p0_ecl_pilot is active", "updated_at": "2026-08-24T17:42:11.443717+08:00"}
{"status": "waiting", "stage": "ecl_pilot", "detail": "tmux session timerole_p0_ecl_pilot is active", "updated_at": "2026-08-24T17:43:11.447449+08:00"}
{"status": "waiting", "stage": "ecl_pilot", "detail": "tmux session timerole_p0_ecl_pilot is active", "updated_at": "2026-08-24T17:44:11.450183+08:00"}
{"status": "waiting", "stage": "ecl_pilot", "detail": "tmux session timerole_p0_ecl_pilot is active", "updated_at": "2026-08-24T17:45:11.453808+08:00"}
{"status": "waiting", "stage": "ecl_pilot", "detail": "tmux session timerole_p0_ecl_pilot is active", "updated_at": "2026-08-24T17:46:11.456049+08:00"}
{"status": "waiting", "stage": "ecl_pilot", "detail": "tmux session timerole_p0_ecl_pilot is active", "updated_at": "2026-08-24T17:47:11.458602+08:00"}
{"status": "interrupted", "stage": "supervisor", "detail": "external_keyboard_interrupt; no automatic retry", "updated_at": "2026-08-24T17:48:00.021536+08:00"}
