Using GPU
Args in experiment:
[1mBasic Config[0m
  Task Name:          long_term_forecast  Is Training:        1                   
  Model ID:           timemixer_weather_sl336_pl720_s2021Model:              TimeMixer           

[1mData Loader[0m
  Data:               custom              Root Path:          /home/cwh/Time-Series-Library/dataset/weather
  Data Path:          weather.csv         Features:           M                   
  Target:             CO2 (ppm)           Freq:               t                   
  Checkpoints:        /home/cwh/Time-Series-Library/logs/q2_main_baselines/checkpoints

[1mForecasting Task[0m
  Seq Len:            336                 Label Len:          0                   
  Pred Len:           720                 Seasonal Patterns:  Monthly             
  Inverse:            0                   

[1mModel Parameters[0m
  Top k:              5                   Num Kernels:        6                   
  Enc In:             21                  Dec In:             21                  
  C Out:              21                  d model:            16                  
  n heads:            4                   e layers:           3                   
  d layers:           1                   d FF:               32                  
  Moving Avg:         25                  Factor:             3                   
  Distil:             1                   Dropout:            0.1                 
  Embed:              timeF               Activation:         gelu                

[1mRun Parameters[0m
  Num Workers:        0                   Itr:                1                   
  Train Epochs:       20                  Batch Size:         32                  
  Patience:           10                  Learning Rate:      0.01                
  Des:                timemixer_weather_sl336_pl720_s2021Loss:               MSE                 
  Lradj:              type1               Use Amp:            0                   

[1mGPU[0m
  Use GPU:            1                   GPU:                0                   
  Use Multi GPU:      0                   Devices:            0,1,2,3             

[1mDe-stationary Projector Params[0m
  P Hidden Dims:      128, 128            P Hidden Layers:    2                   

Use GPU: cuda:0
🚀 Lazy Loading: TimeMixer ...
>>>>>>>start training : long_term_forecast_timemixer_weather_sl336_pl720_s2021_TimeMixer_custom_ftM_sl336_ll0_pl720_dm16_nh4_el3_dl1_df32_expand2_dc4_fc3_ebtimeF_dtTrue_timemixer_weather_sl336_pl720_s2021_0>>>>>>>>>>>>>>>>>>>>>>>>>>
train 35832
val 4551
	iters: 100, epoch: 1 | loss: 0.5275993
	speed: 195.5508s/iter; left time: 4360979.1272s
	iters: 200, epoch: 1 | loss: 0.6243056
	speed: 0.0307s/iter; left time: 680.7365s
	iters: 300, epoch: 1 | loss: 0.7462732
	speed: 0.0215s/iter; left time: 476.0127s
	iters: 400, epoch: 1 | loss: 0.5979207
	speed: 0.0210s/iter; left time: 462.2540s
	iters: 500, epoch: 1 | loss: 0.7906291
	speed: 0.0217s/iter; left time: 474.6009s
	iters: 600, epoch: 1 | loss: 30589083648.0000000
	speed: 0.0213s/iter; left time: 463.6790s
	iters: 700, epoch: 1 | loss: 138680405178974208.0000000
	speed: 0.0215s/iter; left time: 467.5356s
	iters: 800, epoch: 1 | loss: 6557132476383232.0000000
	speed: 0.0214s/iter; left time: 463.2320s
	iters: 900, epoch: 1 | loss: 1641538245361664.0000000
	speed: 0.0215s/iter; left time: 462.8694s
	iters: 1000, epoch: 1 | loss: 1088326593413120.0000000
	speed: 0.0213s/iter; left time: 455.1954s
	iters: 1100, epoch: 1 | loss: 2405529041240064.0000000
	speed: 0.0213s/iter; left time: 452.7494s
Epoch: 1 cost time: 19577.315802812576
Epoch: 1, Steps: 1120 | Train Loss: 650429468502874368.0000000 Vali Loss: 1142915232739085.5000000
Validation loss decreased (inf --> 1142915232739085.500000).  Saving model ...
Updating learning rate to 0.01
	iters: 100, epoch: 2 | loss: 665813077983232.0000000
	speed: 0.0389s/iter; left time: 824.1496s
	iters: 200, epoch: 2 | loss: 495154129534976.0000000
	speed: 0.0214s/iter; left time: 451.0366s
	iters: 300, epoch: 2 | loss: 537111061069824.0000000
	speed: 0.0217s/iter; left time: 455.5088s
	iters: 400, epoch: 2 | loss: 307328565903360.0000000
	speed: 0.0213s/iter; left time: 444.9195s
	iters: 500, epoch: 2 | loss: 215954092982272.0000000
	speed: 0.0215s/iter; left time: 446.9524s
	iters: 600, epoch: 2 | loss: 294745687457792.0000000
	speed: 0.0214s/iter; left time: 443.4764s
	iters: 700, epoch: 2 | loss: 192517546967040.0000000
	speed: 0.0214s/iter; left time: 441.3563s
	iters: 800, epoch: 2 | loss: 255806993858560.0000000
	speed: 0.0217s/iter; left time: 443.7509s
	iters: 900, epoch: 2 | loss: 505693777952768.0000000
	speed: 0.0216s/iter; left time: 440.8390s
	iters: 1000, epoch: 2 | loss: 138752500432896.0000000
	speed: 0.0213s/iter; left time: 431.7391s
	iters: 1100, epoch: 2 | loss: 122651867611136.0000000
	speed: 0.0217s/iter; left time: 438.1423s
Epoch: 2 cost time: 24.087344884872437
Epoch: 2, Steps: 1120 | Train Loss: 439682548389829.5000000 Vali Loss: 205199736164005.2812500
Validation loss decreased (1142915232739085.500000 --> 205199736164005.281250).  Saving model ...
Updating learning rate to 0.005
	iters: 100, epoch: 3 | loss: 170818197782528.0000000
	speed: 0.0391s/iter; left time: 783.8258s
	iters: 200, epoch: 3 | loss: 110131031310336.0000000
	speed: 0.0219s/iter; left time: 436.9217s
	iters: 300, epoch: 3 | loss: 128856040144896.0000000
	speed: 0.0222s/iter; left time: 440.1662s
	iters: 400, epoch: 3 | loss: 95374479982592.0000000
	speed: 0.0217s/iter; left time: 428.3542s
	iters: 500, epoch: 3 | loss: 100629867397120.0000000
	speed: 0.0217s/iter; left time: 425.9366s
	iters: 600, epoch: 3 | loss: 90545191911424.0000000
	speed: 0.0215s/iter; left time: 421.2255s
	iters: 700, epoch: 3 | loss: 126051552329728.0000000
	speed: 0.0218s/iter; left time: 424.7198s
	iters: 800, epoch: 3 | loss: 139025742561280.0000000
	speed: 0.0217s/iter; left time: 420.6987s
	iters: 900, epoch: 3 | loss: 106674119507968.0000000
	speed: 0.0214s/iter; left time: 412.4654s
	iters: 1000, epoch: 3 | loss: 119214610317312.0000000
	speed: 0.0211s/iter; left time: 405.2383s
	iters: 1100, epoch: 3 | loss: 81750399123456.0000000
	speed: 0.0219s/iter; left time: 418.2507s
Epoch: 3 cost time: 24.3414888381958
Epoch: 3, Steps: 1120 | Train Loss: 141261861289984.0000000 Vali Loss: 142144598254660.2500000
Validation loss decreased (205199736164005.281250 --> 142144598254660.250000).  Saving model ...
Updating learning rate to 0.0025
	iters: 100, epoch: 4 | loss: 118539771969536.0000000
	speed: 0.0392s/iter; left time: 742.2764s
	iters: 200, epoch: 4 | loss: 74114383478784.0000000
	speed: 0.0216s/iter; left time: 407.2127s
	iters: 300, epoch: 4 | loss: 96705961787392.0000000
	speed: 0.0212s/iter; left time: 398.0471s
	iters: 400, epoch: 4 | loss: 90506352656384.0000000
	speed: 0.0214s/iter; left time: 398.4242s
	iters: 500, epoch: 4 | loss: 103120227008512.0000000
	speed: 0.0217s/iter; left time: 402.5647s
	iters: 600, epoch: 4 | loss: 89112736432128.0000000
	speed: 0.0214s/iter; left time: 394.8422s
	iters: 700, epoch: 4 | loss: 92494058487808.0000000
	speed: 0.0218s/iter; left time: 399.9369s
	iters: 800, epoch: 4 | loss: 69215247663104.0000000
	speed: 0.0217s/iter; left time: 396.6077s
	iters: 900, epoch: 4 | loss: 92852780531712.0000000
	speed: 0.0218s/iter; left time: 395.1074s
	iters: 1000, epoch: 4 | loss: 56837852364800.0000000
	speed: 0.0219s/iter; left time: 395.7620s
	iters: 1100, epoch: 4 | loss: 70030221901824.0000000
	speed: 0.0212s/iter; left time: 380.3983s
Epoch: 4 cost time: 24.187577486038208
Epoch: 4, Steps: 1120 | Train Loss: 95413938683904.0000000 Vali Loss: 88026955244100.4218750
Validation loss decreased (142144598254660.250000 --> 88026955244100.421875).  Saving model ...
Updating learning rate to 0.00125
	iters: 100, epoch: 5 | loss: 40328170045440.0000000
	speed: 0.0387s/iter; left time: 689.3728s
	iters: 200, epoch: 5 | loss: 56706268659712.0000000
	speed: 0.0214s/iter; left time: 379.3662s
	iters: 300, epoch: 5 | loss: 53778619301888.0000000
	speed: 0.0217s/iter; left time: 381.9235s
	iters: 400, epoch: 5 | loss: 57262450147328.0000000
	speed: 0.0217s/iter; left time: 379.8168s
	iters: 500, epoch: 5 | loss: 82046038835200.0000000
	speed: 0.0216s/iter; left time: 376.9697s
	iters: 600, epoch: 5 | loss: 79369645064192.0000000
	speed: 0.0221s/iter; left time: 383.6158s
	iters: 700, epoch: 5 | loss: 57214660247552.0000000
	speed: 0.0219s/iter; left time: 377.8985s
	iters: 800, epoch: 5 | loss: 75501716635648.0000000
	speed: 0.0219s/iter; left time: 374.7479s
	iters: 900, epoch: 5 | loss: 98494043914240.0000000
	speed: 0.0219s/iter; left time: 372.3107s
	iters: 1000, epoch: 5 | loss: 94644427816960.0000000
	speed: 0.0219s/iter; left time: 369.8663s
	iters: 1100, epoch: 5 | loss: 62195211698176.0000000
	speed: 0.0215s/iter; left time: 361.7816s
Epoch: 5 cost time: 24.35794472694397
Epoch: 5, Steps: 1120 | Train Loss: 74377294564556.7968750 Vali Loss: 72204458268871.1875000
Validation loss decreased (88026955244100.421875 --> 72204458268871.187500).  Saving model ...
Updating learning rate to 0.000625
	iters: 100, epoch: 6 | loss: 59505752670208.0000000
	speed: 0.0389s/iter; left time: 649.1250s
	iters: 200, epoch: 6 | loss: 47561721249792.0000000
	speed: 0.0218s/iter; left time: 361.3320s
	iters: 300, epoch: 6 | loss: 67763624214528.0000000
	speed: 0.0216s/iter; left time: 357.1271s
	iters: 400, epoch: 6 | loss: 77424259760128.0000000
	speed: 0.0219s/iter; left time: 359.1777s
	iters: 500, epoch: 6 | loss: 46984635351040.0000000
	speed: 0.0216s/iter; left time: 351.3699s
	iters: 600, epoch: 6 | loss: 34515271548928.0000000
	speed: 0.0215s/iter; left time: 348.2356s
	iters: 700, epoch: 6 | loss: 47844979376128.0000000
	speed: 0.0212s/iter; left time: 341.9043s
	iters: 800, epoch: 6 | loss: 78221882163200.0000000
	speed: 0.0216s/iter; left time: 346.2853s
	iters: 900, epoch: 6 | loss: 45681473486848.0000000
	speed: 0.0214s/iter; left time: 339.7589s
	iters: 1000, epoch: 6 | loss: 51383696883712.0000000
	speed: 0.0214s/iter; left time: 338.2986s
	iters: 1100, epoch: 6 | loss: 87963346141184.0000000
	speed: 0.0215s/iter; left time: 336.8032s
Epoch: 6 cost time: 24.15864086151123
Epoch: 6, Steps: 1120 | Train Loss: 64676912554686.1718750 Vali Loss: 62582277169339.2109375
Validation loss decreased (72204458268871.187500 --> 62582277169339.210938).  Saving model ...
Updating learning rate to 0.0003125
	iters: 100, epoch: 7 | loss: 48579494281216.0000000
	speed: 0.0391s/iter; left time: 608.7921s
	iters: 200, epoch: 7 | loss: 33221945327616.0000000
	speed: 0.0215s/iter; left time: 332.4574s
	iters: 300, epoch: 7 | loss: 47487796641792.0000000
	speed: 0.0215s/iter; left time: 330.1482s
	iters: 400, epoch: 7 | loss: 70797813088256.0000000
	speed: 0.0213s/iter; left time: 326.1125s
	iters: 500, epoch: 7 | loss: 127351157424128.0000000
	speed: 0.0215s/iter; left time: 326.4893s
	iters: 600, epoch: 7 | loss: 89889093713920.0000000
	speed: 0.0215s/iter; left time: 324.1954s
	iters: 700, epoch: 7 | loss: 30811527053312.0000000
	speed: 0.0218s/iter; left time: 326.4292s
	iters: 800, epoch: 7 | loss: 68694935863296.0000000
	speed: 0.0217s/iter; left time: 323.6165s
	iters: 900, epoch: 7 | loss: 36390708445184.0000000
	speed: 0.0217s/iter; left time: 320.4887s
	iters: 1000, epoch: 7 | loss: 30077593059328.0000000
	speed: 0.0217s/iter; left time: 318.9932s
	iters: 1100, epoch: 7 | loss: 58337999716352.0000000
	speed: 0.0216s/iter; left time: 314.4264s
Epoch: 7 cost time: 24.17163586616516
Epoch: 7, Steps: 1120 | Train Loss: 56238448733622.8593750 Vali Loss: 56955303836621.6484375
Validation loss decreased (62582277169339.210938 --> 56955303836621.648438).  Saving model ...
Updating learning rate to 0.00015625
	iters: 100, epoch: 8 | loss: 43538859425792.0000000
	speed: 0.0387s/iter; left time: 560.3435s
	iters: 200, epoch: 8 | loss: 45538720350208.0000000
	speed: 0.0221s/iter; left time: 316.9744s
	iters: 300, epoch: 8 | loss: 154957688864768.0000000
	speed: 0.0213s/iter; left time: 304.2067s
	iters: 400, epoch: 8 | loss: 30653582147584.0000000
	speed: 0.0215s/iter; left time: 304.3383s
	iters: 500, epoch: 8 | loss: 55218905546752.0000000
	speed: 0.0215s/iter; left time: 302.3805s
	iters: 600, epoch: 8 | loss: 30905181667328.0000000
	speed: 0.0214s/iter; left time: 298.9841s
	iters: 700, epoch: 8 | loss: 125194832183296.0000000
	speed: 0.0217s/iter; left time: 300.6041s
	iters: 800, epoch: 8 | loss: 49461745156096.0000000
	speed: 0.0217s/iter; left time: 298.3501s
	iters: 900, epoch: 8 | loss: 48565971845120.0000000
	speed: 0.0215s/iter; left time: 293.2466s
	iters: 1000, epoch: 8 | loss: 125221147246592.0000000
	speed: 0.0216s/iter; left time: 292.6010s
	iters: 1100, epoch: 8 | loss: 26526324097024.0000000
	speed: 0.0217s/iter; left time: 292.5667s
Epoch: 8 cost time: 24.163875579833984
Epoch: 8, Steps: 1120 | Train Loss: 53366725085008.4609375 Vali Loss: 52308949656902.1250000
Validation loss decreased (56955303836621.648438 --> 52308949656902.125000).  Saving model ...
Updating learning rate to 7.8125e-05
	iters: 100, epoch: 9 | loss: 28859730755584.0000000
	speed: 0.0388s/iter; left time: 518.0714s
	iters: 200, epoch: 9 | loss: 25385014132736.0000000
	speed: 0.0217s/iter; left time: 287.0018s
	iters: 300, epoch: 9 | loss: 40456356364288.0000000
	speed: 0.0213s/iter; left time: 279.8283s
	iters: 400, epoch: 9 | loss: 39595399970816.0000000
	speed: 0.0217s/iter; left time: 282.7269s
	iters: 500, epoch: 9 | loss: 29414167412736.0000000
	speed: 0.0214s/iter; left time: 276.7564s
	iters: 600, epoch: 9 | loss: 45220943101952.0000000
	speed: 0.0218s/iter; left time: 279.9799s
	iters: 700, epoch: 9 | loss: 31669612445696.0000000
	speed: 0.0219s/iter; left time: 278.8090s
	iters: 800, epoch: 9 | loss: 35754294116352.0000000
	speed: 0.0216s/iter; left time: 273.0967s
	iters: 900, epoch: 9 | loss: 53108667318272.0000000
	speed: 0.0215s/iter; left time: 269.0752s
	iters: 1000, epoch: 9 | loss: 42064121167872.0000000
	speed: 0.0215s/iter; left time: 267.5373s
	iters: 1100, epoch: 9 | loss: 32602532610048.0000000
	speed: 0.0213s/iter; left time: 262.6095s
Epoch: 9 cost time: 24.16070294380188
Epoch: 9, Steps: 1120 | Train Loss: 49176998563020.7968750 Vali Loss: 45353928153316.4375000
Validation loss decreased (52308949656902.125000 --> 45353928153316.437500).  Saving model ...
Updating learning rate to 3.90625e-05
	iters: 100, epoch: 10 | loss: 32394262347776.0000000
	speed: 0.0387s/iter; left time: 473.4089s
	iters: 200, epoch: 10 | loss: 36663212376064.0000000
	speed: 0.0217s/iter; left time: 263.0912s
	iters: 300, epoch: 10 | loss: 37122710962176.0000000
	speed: 0.0213s/iter; left time: 255.6221s
	iters: 400, epoch: 10 | loss: 53505729495040.0000000
	speed: 0.0214s/iter; left time: 254.9778s
	iters: 500, epoch: 10 | loss: 35081406119936.0000000
	speed: 0.0213s/iter; left time: 252.2991s
	iters: 600, epoch: 10 | loss: 37697364164608.0000000
	speed: 0.0217s/iter; left time: 254.2511s
	iters: 700, epoch: 10 | loss: 26863760048128.0000000
	speed: 0.0215s/iter; left time: 250.0161s
	iters: 800, epoch: 10 | loss: 33090896396288.0000000
	speed: 0.0214s/iter; left time: 246.8087s
	iters: 900, epoch: 10 | loss: 28000424820736.0000000
	speed: 0.0215s/iter; left time: 245.4229s
	iters: 1000, epoch: 10 | loss: 32767419088896.0000000
	speed: 0.0216s/iter; left time: 244.6773s
	iters: 1100, epoch: 10 | loss: 62765607682048.0000000
	speed: 0.0218s/iter; left time: 244.7227s
Epoch: 10 cost time: 24.092381238937378
Epoch: 10, Steps: 1120 | Train Loss: 46542431726562.7421875 Vali Loss: 49007844976616.8281250
EarlyStopping counter: 1 out of 10
Updating learning rate to 1.953125e-05
	iters: 100, epoch: 11 | loss: 52468322926592.0000000
	speed: 0.0389s/iter; left time: 431.9086s
	iters: 200, epoch: 11 | loss: 25351669415936.0000000
	speed: 0.0217s/iter; left time: 238.1889s
	iters: 300, epoch: 11 | loss: 43317135933440.0000000
	speed: 0.0217s/iter; left time: 236.5947s
	iters: 400, epoch: 11 | loss: 24449262813184.0000000
	speed: 0.0215s/iter; left time: 232.4866s
	iters: 500, epoch: 11 | loss: 24524126945280.0000000
	speed: 0.0215s/iter; left time: 229.7821s
	iters: 600, epoch: 11 | loss: 23325602480128.0000000
	speed: 0.0220s/iter; left time: 232.7887s
	iters: 700, epoch: 11 | loss: 66630935642112.0000000
	speed: 0.0216s/iter; left time: 226.9533s
	iters: 800, epoch: 11 | loss: 32798041702400.0000000
	speed: 0.0214s/iter; left time: 222.5838s
	iters: 900, epoch: 11 | loss: 23086294368256.0000000
	speed: 0.0212s/iter; left time: 218.4906s
	iters: 1000, epoch: 11 | loss: 30589461725184.0000000
	speed: 0.0215s/iter; left time: 219.4143s
	iters: 1100, epoch: 11 | loss: 21184236224512.0000000
	speed: 0.0218s/iter; left time: 220.2821s
Epoch: 11 cost time: 24.212864875793457
Epoch: 11, Steps: 1120 | Train Loss: 44654606225056.9140625 Vali Loss: 43358337571001.0703125
Validation loss decreased (45353928153316.437500 --> 43358337571001.070312).  Saving model ...
Updating learning rate to 9.765625e-06
	iters: 100, epoch: 12 | loss: 25389957120000.0000000
	speed: 0.0393s/iter; left time: 392.3627s
	iters: 200, epoch: 12 | loss: 121922587197440.0000000
	speed: 0.0220s/iter; left time: 217.0344s
	iters: 300, epoch: 12 | loss: 45507288236032.0000000
	speed: 0.0215s/iter; left time: 210.0163s
	iters: 400, epoch: 12 | loss: 37752879972352.0000000
	speed: 0.0213s/iter; left time: 205.9721s
	iters: 500, epoch: 12 | loss: 122850845392896.0000000
	speed: 0.0214s/iter; left time: 205.2885s
	iters: 600, epoch: 12 | loss: 26944112427008.0000000
	speed: 0.0213s/iter; left time: 201.7770s
	iters: 700, epoch: 12 | loss: 73213572808704.0000000
	speed: 0.0212s/iter; left time: 198.9627s
	iters: 800, epoch: 12 | loss: 50728756314112.0000000
	speed: 0.0211s/iter; left time: 195.5025s
	iters: 900, epoch: 12 | loss: 30152734015488.0000000
	speed: 0.0213s/iter; left time: 195.6226s
	iters: 1000, epoch: 12 | loss: 41685035778048.0000000
	speed: 0.0214s/iter; left time: 194.0986s
	iters: 1100, epoch: 12 | loss: 40264689254400.0000000
	speed: 0.0215s/iter; left time: 193.0220s
Epoch: 12 cost time: 24.01261878013611
Epoch: 12, Steps: 1120 | Train Loss: 40841808089673.1406250 Vali Loss: 43860100243822.5312500
EarlyStopping counter: 1 out of 10
Updating learning rate to 4.8828125e-06
	iters: 100, epoch: 13 | loss: 29141667676160.0000000
	speed: 0.0390s/iter; left time: 345.2556s
	iters: 200, epoch: 13 | loss: 24928287981568.0000000
	speed: 0.0218s/iter; left time: 191.3790s
	iters: 300, epoch: 13 | loss: 34115957030912.0000000
	speed: 0.0223s/iter; left time: 192.7609s
	iters: 400, epoch: 13 | loss: 25345474428928.0000000
	speed: 0.0221s/iter; left time: 189.5799s
	iters: 500, epoch: 13 | loss: 28360323366912.0000000
	speed: 0.0220s/iter; left time: 186.3764s
	iters: 600, epoch: 13 | loss: 40237166231552.0000000
	speed: 0.0225s/iter; left time: 187.8783s
	iters: 700, epoch: 13 | loss: 26493119889408.0000000
	speed: 0.0219s/iter; left time: 180.5886s
	iters: 800, epoch: 13 | loss: 32285998972928.0000000
	speed: 0.0221s/iter; left time: 180.2019s
	iters: 900, epoch: 13 | loss: 55693595901952.0000000
	speed: 0.0221s/iter; left time: 178.3904s
	iters: 1000, epoch: 13 | loss: 20924151627776.0000000
	speed: 0.0223s/iter; left time: 177.2661s
	iters: 1100, epoch: 13 | loss: 45570232156160.0000000
	speed: 0.0219s/iter; left time: 172.2566s
Epoch: 13 cost time: 24.73893427848816
Epoch: 13, Steps: 1120 | Train Loss: 41099300653348.5703125 Vali Loss: 42337249770384.8203125
Validation loss decreased (43358337571001.070312 --> 42337249770384.820312).  Saving model ...
Updating learning rate to 2.44140625e-06
	iters: 100, epoch: 14 | loss: 38263549067264.0000000
	speed: 0.0389s/iter; left time: 300.7556s
	iters: 200, epoch: 14 | loss: 21378881290240.0000000
	speed: 0.0219s/iter; left time: 167.2162s
	iters: 300, epoch: 14 | loss: 47740922888192.0000000
	speed: 0.0219s/iter; left time: 164.8308s
	iters: 400, epoch: 14 | loss: 28704675725312.0000000
	speed: 0.0219s/iter; left time: 163.0846s
	iters: 500, epoch: 14 | loss: 40742558892032.0000000
	speed: 0.0218s/iter; left time: 160.1998s
	iters: 600, epoch: 14 | loss: 29781726855168.0000000
	speed: 0.0219s/iter; left time: 158.6700s
	iters: 700, epoch: 14 | loss: 36792954781696.0000000
	speed: 0.0220s/iter; left time: 156.9989s
	iters: 800, epoch: 14 | loss: 88578189164544.0000000
	speed: 0.0219s/iter; left time: 154.0884s
	iters: 900, epoch: 14 | loss: 154697239363584.0000000
	speed: 0.0215s/iter; left time: 149.1555s
	iters: 1000, epoch: 14 | loss: 28730510540800.0000000
	speed: 0.0217s/iter; left time: 148.1388s
	iters: 1100, epoch: 14 | loss: 28839126237184.0000000
	speed: 0.0218s/iter; left time: 146.9575s
Epoch: 14 cost time: 24.431337594985962
Epoch: 14, Steps: 1120 | Train Loss: 41739458871296.0000000 Vali Loss: 44675709511529.9296875
EarlyStopping counter: 1 out of 10
Updating learning rate to 1.220703125e-06
	iters: 100, epoch: 15 | loss: 29405195796480.0000000
	speed: 0.0385s/iter; left time: 254.9899s
	iters: 200, epoch: 15 | loss: 22940101902336.0000000
	speed: 0.0215s/iter; left time: 140.1442s
	iters: 300, epoch: 15 | loss: 35149467090944.0000000
	speed: 0.0216s/iter; left time: 138.7458s
	iters: 400, epoch: 15 | loss: 60130053849088.0000000
	speed: 0.0217s/iter; left time: 136.9960s
	iters: 500, epoch: 15 | loss: 102900353204224.0000000
	speed: 0.0216s/iter; left time: 134.1873s
	iters: 600, epoch: 15 | loss: 30140585213952.0000000
	speed: 0.0217s/iter; left time: 133.0488s
	iters: 700, epoch: 15 | loss: 56951434117120.0000000
	speed: 0.0218s/iter; left time: 131.3031s
	iters: 800, epoch: 15 | loss: 24372112785408.0000000
	speed: 0.0216s/iter; left time: 127.7055s
	iters: 900, epoch: 15 | loss: 81961238396928.0000000
	speed: 0.0219s/iter; left time: 127.2663s
	iters: 1000, epoch: 15 | loss: 33594359676928.0000000
	speed: 0.0225s/iter; left time: 128.7301s
	iters: 1100, epoch: 15 | loss: 40222138040320.0000000
	speed: 0.0223s/iter; left time: 125.2276s
Epoch: 15 cost time: 24.394301891326904
Epoch: 15, Steps: 1120 | Train Loss: 40698977703877.4843750 Vali Loss: 41558089379002.3593750
Validation loss decreased (42337249770384.820312 --> 41558089379002.359375).  Saving model ...
Updating learning rate to 6.103515625e-07
	iters: 100, epoch: 16 | loss: 23900308111360.0000000
	speed: 0.0392s/iter; left time: 215.7526s
	iters: 200, epoch: 16 | loss: 23334439878656.0000000
	speed: 0.0218s/iter; left time: 118.0001s
	iters: 300, epoch: 16 | loss: 29956721606656.0000000
	speed: 0.0219s/iter; left time: 115.9172s
	iters: 400, epoch: 16 | loss: 51137390575616.0000000
	speed: 0.0217s/iter; left time: 113.0843s
	iters: 500, epoch: 16 | loss: 69690068041728.0000000
	speed: 0.0220s/iter; left time: 112.1581s
	iters: 600, epoch: 16 | loss: 89438734516224.0000000
	speed: 0.0216s/iter; left time: 107.7903s
	iters: 700, epoch: 16 | loss: 29239246061568.0000000
	speed: 0.0217s/iter; left time: 106.4134s
	iters: 800, epoch: 16 | loss: 19636496105472.0000000
	speed: 0.0217s/iter; left time: 104.0166s
	iters: 900, epoch: 16 | loss: 127357247553536.0000000
	speed: 0.0218s/iter; left time: 102.5551s
	iters: 1000, epoch: 16 | loss: 36386732244992.0000000
	speed: 0.0220s/iter; left time: 101.2378s
	iters: 1100, epoch: 16 | loss: 53417917546496.0000000
	speed: 0.0216s/iter; left time: 97.3829s
Epoch: 16 cost time: 24.41991424560547
Epoch: 16, Steps: 1120 | Train Loss: 39396625419936.9140625 Vali Loss: 40667692978294.3906250
Validation loss decreased (41558089379002.359375 --> 40667692978294.390625).  Saving model ...
Updating learning rate to 3.0517578125e-07
	iters: 100, epoch: 17 | loss: 48957778558976.0000000
	speed: 0.0388s/iter; left time: 169.9627s
	iters: 200, epoch: 17 | loss: 30348576555008.0000000
	speed: 0.0215s/iter; left time: 92.1472s
	iters: 300, epoch: 17 | loss: 23661517996032.0000000
	speed: 0.0215s/iter; left time: 89.9863s
	iters: 400, epoch: 17 | loss: 34588420210688.0000000
	speed: 0.0214s/iter; left time: 87.4543s
	iters: 500, epoch: 17 | loss: 40416569196544.0000000
	speed: 0.0217s/iter; left time: 86.2404s
	iters: 600, epoch: 17 | loss: 55316272119808.0000000
	speed: 0.0215s/iter; left time: 83.2735s
	iters: 700, epoch: 17 | loss: 41270948921344.0000000
	speed: 0.0217s/iter; left time: 81.8935s
	iters: 800, epoch: 17 | loss: 36945744887808.0000000
	speed: 0.0224s/iter; left time: 82.4884s
	iters: 900, epoch: 17 | loss: 28039406682112.0000000
	speed: 0.0223s/iter; left time: 79.8441s
	iters: 1000, epoch: 17 | loss: 37828490690560.0000000
	speed: 0.0221s/iter; left time: 77.0590s
	iters: 1100, epoch: 17 | loss: 34606432649216.0000000
	speed: 0.0222s/iter; left time: 75.0261s
Epoch: 17 cost time: 24.439478397369385
Epoch: 17, Steps: 1120 | Train Loss: 39345623174816.9140625 Vali Loss: 42143587088034.8046875
EarlyStopping counter: 1 out of 10
Updating learning rate to 1.52587890625e-07
	iters: 100, epoch: 18 | loss: 43085757153280.0000000
	speed: 0.0393s/iter; left time: 128.2879s
	iters: 200, epoch: 18 | loss: 55093760098304.0000000
	speed: 0.0217s/iter; left time: 68.5772s
	iters: 300, epoch: 18 | loss: 82463489523712.0000000
	speed: 0.0220s/iter; left time: 67.2086s
	iters: 400, epoch: 18 | loss: 38337184268288.0000000
	speed: 0.0224s/iter; left time: 66.3527s
	iters: 500, epoch: 18 | loss: 24360517632000.0000000
	speed: 0.0220s/iter; left time: 62.8390s
	iters: 600, epoch: 18 | loss: 37869192216576.0000000
	speed: 0.0216s/iter; left time: 59.5873s
	iters: 700, epoch: 18 | loss: 22879586484224.0000000
	speed: 0.0215s/iter; left time: 57.3378s
	iters: 800, epoch: 18 | loss: 26804093976576.0000000
	speed: 0.0218s/iter; left time: 55.9216s
	iters: 900, epoch: 18 | loss: 22000649109504.0000000
	speed: 0.0218s/iter; left time: 53.6960s
	iters: 1000, epoch: 18 | loss: 25370885619712.0000000
	speed: 0.0216s/iter; left time: 51.0844s
	iters: 1100, epoch: 18 | loss: 61857100464128.0000000
	speed: 0.0219s/iter; left time: 49.5334s
Epoch: 18 cost time: 24.472850799560547
Epoch: 18, Steps: 1120 | Train Loss: 39960398129678.6250000 Vali Loss: 39950444438195.1796875
Validation loss decreased (40667692978294.390625 --> 39950444438195.179688).  Saving model ...
Updating learning rate to 7.62939453125e-08
	iters: 100, epoch: 19 | loss: 24357143314432.0000000
	speed: 0.0395s/iter; left time: 84.4835s
	iters: 200, epoch: 19 | loss: 26944680755200.0000000
	speed: 0.0223s/iter; left time: 45.5361s
	iters: 300, epoch: 19 | loss: 29435065532416.0000000
	speed: 0.0219s/iter; left time: 42.4593s
	iters: 400, epoch: 19 | loss: 31562166960128.0000000
	speed: 0.0213s/iter; left time: 39.2389s
	iters: 500, epoch: 19 | loss: 22406856966144.0000000
	speed: 0.0216s/iter; left time: 37.6277s
	iters: 600, epoch: 19 | loss: 37727873531904.0000000
	speed: 0.0217s/iter; left time: 35.5537s
	iters: 700, epoch: 19 | loss: 37097570304000.0000000
	speed: 0.0215s/iter; left time: 33.1728s
	iters: 800, epoch: 19 | loss: 27898002014208.0000000
	speed: 0.0217s/iter; left time: 31.2693s
	iters: 900, epoch: 19 | loss: 28971087429632.0000000
	speed: 0.0217s/iter; left time: 29.0625s
	iters: 1000, epoch: 19 | loss: 66578678808576.0000000
	speed: 0.0218s/iter; left time: 27.0503s
	iters: 1100, epoch: 19 | loss: 26798005944320.0000000
	speed: 0.0223s/iter; left time: 25.3944s
Epoch: 19 cost time: 24.414998054504395
Epoch: 19, Steps: 1120 | Train Loss: 40400542327486.1718750 Vali Loss: 40045455468908.9296875
EarlyStopping counter: 1 out of 10
Updating learning rate to 3.814697265625e-08
	iters: 100, epoch: 20 | loss: 25683958956032.0000000
	speed: 0.0390s/iter; left time: 39.8129s
	iters: 200, epoch: 20 | loss: 29959600996352.0000000
	speed: 0.0214s/iter; left time: 19.7477s
	iters: 300, epoch: 20 | loss: 32408311169024.0000000
	speed: 0.0217s/iter; left time: 17.8357s
	iters: 400, epoch: 20 | loss: 22115168288768.0000000
	speed: 0.0215s/iter; left time: 15.4785s
	iters: 500, epoch: 20 | loss: 68479549964288.0000000
	speed: 0.0218s/iter; left time: 13.5570s
	iters: 600, epoch: 20 | loss: 22693051105280.0000000
	speed: 0.0219s/iter; left time: 11.4139s
	iters: 700, epoch: 20 | loss: 22689209122816.0000000
	speed: 0.0221s/iter; left time: 9.3143s
	iters: 800, epoch: 20 | loss: 25671875166208.0000000
	speed: 0.0220s/iter; left time: 7.0506s
	iters: 900, epoch: 20 | loss: 24962880503808.0000000
	speed: 0.0220s/iter; left time: 4.8658s
	iters: 1000, epoch: 20 | loss: 63102758420480.0000000
	speed: 0.0224s/iter; left time: 2.7113s
	iters: 1100, epoch: 20 | loss: 51744578994176.0000000
	speed: 0.0221s/iter; left time: 0.4638s
Epoch: 20 cost time: 24.52797770500183
Epoch: 20, Steps: 1120 | Train Loss: 39857618142588.3437500 Vali Loss: 41094784147913.1250000
EarlyStopping counter: 2 out of 10
Updating learning rate to 1.9073486328125e-08
VALIDATION_RESULT {"best_epoch": 18, "best_mae": 3267827.103554193, "best_mse": 39950444438195.18, "epochs_ran": 20, "metric_version": "element_weighted_v1"}
>>>>>>>testing : long_term_forecast_timemixer_weather_sl336_pl720_s2021_TimeMixer_custom_ftM_sl336_ll0_pl720_dm16_nh4_el3_dl1_df32_expand2_dc4_fc3_ebtimeF_dtTrue_timemixer_weather_sl336_pl720_s2021_0<<<<<<<<<<<<<<<<<<<<<<<<<<<<<<<<<
test 9820
test shape: (9820, 720, 21) (9820, 720, 21)
test shape: (9820, 720, 21) (9820, 720, 21)
mse:28383075368960.0, mae:2642748.75, dtw:Not calculated
