Using GPU
Args in experiment:
[1mBasic Config[0m
  Task Name:          long_term_forecast  Is Training:        1                   
  Model ID:           timemixer_ettm2_sl336_pl192_s2021Model:              TimeMixer           

[1mData Loader[0m
  Data:               ETTm2               Root Path:          /home/cwh/Time-Series-Library/dataset/ETT-small
  Data Path:          ETTm2.csv           Features:           M                   
  Target:             OT                  Freq:               t                   
  Checkpoints:        /home/cwh/Time-Series-Library/logs/q2_main_baselines/checkpoints

[1mForecasting Task[0m
  Seq Len:            336                 Label Len:          0                   
  Pred Len:           192                 Seasonal Patterns:  Monthly             
  Inverse:            0                   

[1mModel Parameters[0m
  Top k:              5                   Num Kernels:        6                   
  Enc In:             7                   Dec In:             7                   
  C Out:              7                   d model:            16                  
  n heads:            4                   e layers:           2                   
  d layers:           1                   d FF:               32                  
  Moving Avg:         25                  Factor:             3                   
  Distil:             1                   Dropout:            0.1                 
  Embed:              timeF               Activation:         gelu                

[1mRun Parameters[0m
  Num Workers:        0                   Itr:                1                   
  Train Epochs:       10                  Batch Size:         32                  
  Patience:           10                  Learning Rate:      0.01                
  Des:                timemixer_ettm2_sl336_pl192_s2021Loss:               MSE                 
  Lradj:              type1               Use Amp:            0                   

[1mGPU[0m
  Use GPU:            1                   GPU:                0                   
  Use Multi GPU:      0                   Devices:            0,1,2,3             

[1mDe-stationary Projector Params[0m
  P Hidden Dims:      128, 128            P Hidden Layers:    2                   

Use GPU: cuda:0
🚀 Lazy Loading: TimeMixer ...
>>>>>>>start training : long_term_forecast_timemixer_ettm2_sl336_pl192_s2021_TimeMixer_ETTm2_ftM_sl336_ll0_pl192_dm16_nh4_el2_dl1_df32_expand2_dc4_fc3_ebtimeF_dtTrue_timemixer_ettm2_sl336_pl192_s2021_0>>>>>>>>>>>>>>>>>>>>>>>>>>
train 34033
val 11329
	iters: 100, epoch: 1 | loss: 0.1719905
	speed: 0.0464s/iter; left time: 489.1091s
	iters: 200, epoch: 1 | loss: 0.2520437
	speed: 0.0371s/iter; left time: 387.8445s
	iters: 300, epoch: 1 | loss: 0.2169801
	speed: 0.0370s/iter; left time: 382.6606s
	iters: 400, epoch: 1 | loss: 0.2229495
	speed: 0.0372s/iter; left time: 380.7984s
	iters: 500, epoch: 1 | loss: 0.3953192
	speed: 0.0365s/iter; left time: 370.2512s
	iters: 600, epoch: 1 | loss: 0.1948161
	speed: 0.0359s/iter; left time: 360.1373s
	iters: 700, epoch: 1 | loss: 207884.8125000
	speed: 0.0365s/iter; left time: 363.2444s
	iters: 800, epoch: 1 | loss: 3358.4196777
	speed: 0.0372s/iter; left time: 365.8952s
	iters: 900, epoch: 1 | loss: 1800.9907227
	speed: 0.0363s/iter; left time: 353.1588s
	iters: 1000, epoch: 1 | loss: 1127.1806641
	speed: 0.0361s/iter; left time: 347.7361s
Epoch: 1 cost time: 39.401100158691406
Epoch: 1, Steps: 1064 | Train Loss: 952305.9061112 Vali Loss: 1047.2087175
Validation loss decreased (inf --> 1047.208717).  Saving model ...
Updating learning rate to 0.01
	iters: 100, epoch: 2 | loss: 508.2325134
	speed: 0.1004s/iter; left time: 951.4520s
	iters: 200, epoch: 2 | loss: 578.9085083
	speed: 0.0368s/iter; left time: 345.5151s
	iters: 300, epoch: 2 | loss: 632.6007080
	speed: 0.0373s/iter; left time: 345.7439s
	iters: 400, epoch: 2 | loss: 517.8604736
	speed: 0.0369s/iter; left time: 338.5565s
	iters: 500, epoch: 2 | loss: 444.5433960
	speed: 0.0373s/iter; left time: 338.4139s
	iters: 600, epoch: 2 | loss: 279.9885254
	speed: 0.0374s/iter; left time: 335.3626s
	iters: 700, epoch: 2 | loss: 306.9455872
	speed: 0.0363s/iter; left time: 322.0803s
	iters: 800, epoch: 2 | loss: 199.5052643
	speed: 0.0365s/iter; left time: 320.6390s
	iters: 900, epoch: 2 | loss: 196.7831573
	speed: 0.0366s/iter; left time: 317.8315s
	iters: 1000, epoch: 2 | loss: 233.9085541
	speed: 0.0364s/iter; left time: 312.5054s
Epoch: 2 cost time: 39.12843132019043
Epoch: 2, Steps: 1064 | Train Loss: 488.5132041 Vali Loss: 205.4608455
Validation loss decreased (1047.208717 --> 205.460846).  Saving model ...
Updating learning rate to 0.005
	iters: 100, epoch: 3 | loss: 166.8342438
	speed: 0.1005s/iter; left time: 845.5469s
	iters: 200, epoch: 3 | loss: 169.2328491
	speed: 0.0368s/iter; left time: 305.8913s
	iters: 300, epoch: 3 | loss: 316.5879211
	speed: 0.0360s/iter; left time: 295.7249s
	iters: 400, epoch: 3 | loss: 150.1565247
	speed: 0.0368s/iter; left time: 298.8291s
	iters: 500, epoch: 3 | loss: 175.3041840
	speed: 0.0379s/iter; left time: 303.8492s
	iters: 600, epoch: 3 | loss: 196.5029297
	speed: 0.0374s/iter; left time: 295.7059s
	iters: 700, epoch: 3 | loss: 150.9735718
	speed: 0.0369s/iter; left time: 288.6467s
	iters: 800, epoch: 3 | loss: 222.9320679
	speed: 0.0368s/iter; left time: 283.9322s
	iters: 900, epoch: 3 | loss: 124.1739197
	speed: 0.0369s/iter; left time: 280.9056s
	iters: 1000, epoch: 3 | loss: 270.4441223
	speed: 0.0361s/iter; left time: 270.8850s
Epoch: 3 cost time: 39.08284258842468
Epoch: 3, Steps: 1064 | Train Loss: 216.1020920 Vali Loss: 126.9715624
Validation loss decreased (205.460846 --> 126.971562).  Saving model ...
Updating learning rate to 0.0025
	iters: 100, epoch: 4 | loss: 139.4645691
	speed: 0.1004s/iter; left time: 737.7389s
	iters: 200, epoch: 4 | loss: 142.1180573
	speed: 0.0368s/iter; left time: 266.4118s
	iters: 300, epoch: 4 | loss: 169.7537537
	speed: 0.0355s/iter; left time: 253.7643s
	iters: 400, epoch: 4 | loss: 252.9477386
	speed: 0.0320s/iter; left time: 225.2389s
	iters: 500, epoch: 4 | loss: 243.5057220
	speed: 0.0344s/iter; left time: 239.1050s
	iters: 600, epoch: 4 | loss: 112.0538559
	speed: 0.0369s/iter; left time: 252.9183s
	iters: 700, epoch: 4 | loss: 178.9389954
	speed: 0.0376s/iter; left time: 253.5620s
	iters: 800, epoch: 4 | loss: 267.3743286
	speed: 0.0376s/iter; left time: 250.0025s
	iters: 900, epoch: 4 | loss: 96.7342758
	speed: 0.0371s/iter; left time: 243.0959s
	iters: 1000, epoch: 4 | loss: 107.2553406
	speed: 0.0372s/iter; left time: 239.8405s
Epoch: 4 cost time: 38.47942519187927
Epoch: 4, Steps: 1064 | Train Loss: 152.3195886 Vali Loss: 103.9063017
Validation loss decreased (126.971562 --> 103.906302).  Saving model ...
Updating learning rate to 0.00125
	iters: 100, epoch: 5 | loss: 137.1362305
	speed: 0.1016s/iter; left time: 638.7274s
	iters: 200, epoch: 5 | loss: 77.9374771
	speed: 0.0363s/iter; left time: 224.5922s
	iters: 300, epoch: 5 | loss: 181.7200317
	speed: 0.0367s/iter; left time: 223.6152s
	iters: 400, epoch: 5 | loss: 129.8521271
	speed: 0.0363s/iter; left time: 216.9941s
	iters: 500, epoch: 5 | loss: 86.8533401
	speed: 0.0360s/iter; left time: 212.0733s
	iters: 600, epoch: 5 | loss: 86.8491364
	speed: 0.0367s/iter; left time: 212.1992s
	iters: 700, epoch: 5 | loss: 138.6908569
	speed: 0.0362s/iter; left time: 206.0319s
	iters: 800, epoch: 5 | loss: 122.6949921
	speed: 0.0362s/iter; left time: 202.3071s
	iters: 900, epoch: 5 | loss: 123.5764389
	speed: 0.0367s/iter; left time: 201.4296s
	iters: 1000, epoch: 5 | loss: 131.2231750
	speed: 0.0374s/iter; left time: 201.2063s
Epoch: 5 cost time: 38.9456946849823
Epoch: 5, Steps: 1064 | Train Loss: 124.9804340 Vali Loss: 90.0802115
Validation loss decreased (103.906302 --> 90.080212).  Saving model ...
Updating learning rate to 0.000625
	iters: 100, epoch: 6 | loss: 117.6731110
	speed: 0.1021s/iter; left time: 533.3050s
	iters: 200, epoch: 6 | loss: 115.2034607
	speed: 0.0372s/iter; left time: 190.3191s
	iters: 300, epoch: 6 | loss: 170.3715057
	speed: 0.0369s/iter; left time: 185.1980s
	iters: 400, epoch: 6 | loss: 83.9093933
	speed: 0.0367s/iter; left time: 180.7695s
	iters: 500, epoch: 6 | loss: 110.3492661
	speed: 0.0368s/iter; left time: 177.1901s
	iters: 600, epoch: 6 | loss: 99.8285370
	speed: 0.0367s/iter; left time: 173.0807s
	iters: 700, epoch: 6 | loss: 58.8369865
	speed: 0.0367s/iter; left time: 169.3938s
	iters: 800, epoch: 6 | loss: 84.3883972
	speed: 0.0365s/iter; left time: 164.8472s
	iters: 900, epoch: 6 | loss: 83.4840012
	speed: 0.0361s/iter; left time: 159.7641s
	iters: 1000, epoch: 6 | loss: 119.0873566
	speed: 0.0364s/iter; left time: 157.2699s
Epoch: 6 cost time: 39.0303590297699
Epoch: 6, Steps: 1064 | Train Loss: 107.3724430 Vali Loss: 81.0116418
Validation loss decreased (90.080212 --> 81.011642).  Saving model ...
Updating learning rate to 0.0003125
	iters: 100, epoch: 7 | loss: 87.9626541
	speed: 0.1015s/iter; left time: 421.8121s
	iters: 200, epoch: 7 | loss: 77.7375488
	speed: 0.0368s/iter; left time: 149.2480s
	iters: 300, epoch: 7 | loss: 149.1186981
	speed: 0.0371s/iter; left time: 146.6359s
	iters: 400, epoch: 7 | loss: 129.6473236
	speed: 0.0365s/iter; left time: 140.9139s
	iters: 500, epoch: 7 | loss: 62.3525047
	speed: 0.0367s/iter; left time: 137.8509s
	iters: 600, epoch: 7 | loss: 94.2200317
	speed: 0.0367s/iter; left time: 134.1717s
	iters: 700, epoch: 7 | loss: 170.9528656
	speed: 0.0364s/iter; left time: 129.6262s
	iters: 800, epoch: 7 | loss: 84.5021896
	speed: 0.0358s/iter; left time: 123.8753s
	iters: 900, epoch: 7 | loss: 70.3886261
	speed: 0.0364s/iter; left time: 122.1487s
	iters: 1000, epoch: 7 | loss: 119.4157181
	speed: 0.0363s/iter; left time: 118.2301s
Epoch: 7 cost time: 38.89522099494934
Epoch: 7, Steps: 1064 | Train Loss: 97.9715494 Vali Loss: 70.2108834
Validation loss decreased (81.011642 --> 70.210883).  Saving model ...
Updating learning rate to 0.00015625
	iters: 100, epoch: 8 | loss: 113.5093460
	speed: 0.0985s/iter; left time: 304.6015s
	iters: 200, epoch: 8 | loss: 79.0571976
	speed: 0.0322s/iter; left time: 96.2857s
	iters: 300, epoch: 8 | loss: 78.9924927
	speed: 0.0374s/iter; left time: 108.0596s
	iters: 400, epoch: 8 | loss: 63.2084045
	speed: 0.0373s/iter; left time: 104.2556s
	iters: 500, epoch: 8 | loss: 102.3925476
	speed: 0.0373s/iter; left time: 100.3383s
	iters: 600, epoch: 8 | loss: 86.0778122
	speed: 0.0374s/iter; left time: 97.0440s
	iters: 700, epoch: 8 | loss: 65.8504868
	speed: 0.0368s/iter; left time: 91.8450s
	iters: 800, epoch: 8 | loss: 96.9869919
	speed: 0.0374s/iter; left time: 89.5430s
	iters: 900, epoch: 8 | loss: 63.9386292
	speed: 0.0374s/iter; left time: 85.8225s
	iters: 1000, epoch: 8 | loss: 59.2387810
	speed: 0.0373s/iter; left time: 81.7818s
Epoch: 8 cost time: 38.70478010177612
Epoch: 8, Steps: 1064 | Train Loss: 91.2600421 Vali Loss: 65.3252210
Validation loss decreased (70.210883 --> 65.325221).  Saving model ...
Updating learning rate to 7.8125e-05
	iters: 100, epoch: 9 | loss: 66.7462006
	speed: 0.1007s/iter; left time: 204.3569s
	iters: 200, epoch: 9 | loss: 90.4630051
	speed: 0.0367s/iter; left time: 70.8894s
	iters: 300, epoch: 9 | loss: 62.8639908
	speed: 0.0370s/iter; left time: 67.6077s
	iters: 400, epoch: 9 | loss: 190.0781250
	speed: 0.0366s/iter; left time: 63.3385s
	iters: 500, epoch: 9 | loss: 106.5972137
	speed: 0.0369s/iter; left time: 60.1198s
	iters: 600, epoch: 9 | loss: 69.8769684
	speed: 0.0369s/iter; left time: 56.4601s
	iters: 700, epoch: 9 | loss: 94.6006165
	speed: 0.0369s/iter; left time: 52.6866s
	iters: 800, epoch: 9 | loss: 130.5514374
	speed: 0.0371s/iter; left time: 49.2926s
	iters: 900, epoch: 9 | loss: 107.0863266
	speed: 0.0371s/iter; left time: 45.6066s
	iters: 1000, epoch: 9 | loss: 82.6136398
	speed: 0.0369s/iter; left time: 41.6567s
Epoch: 9 cost time: 39.20647430419922
Epoch: 9, Steps: 1064 | Train Loss: 86.7422206 Vali Loss: 62.7647025
Validation loss decreased (65.325221 --> 62.764703).  Saving model ...
Updating learning rate to 3.90625e-05
	iters: 100, epoch: 10 | loss: 64.3561249
	speed: 0.1014s/iter; left time: 97.8305s
	iters: 200, epoch: 10 | loss: 99.3096390
	speed: 0.0362s/iter; left time: 31.3304s
	iters: 300, epoch: 10 | loss: 79.9207840
	speed: 0.0369s/iter; left time: 28.2385s
	iters: 400, epoch: 10 | loss: 69.3711395
	speed: 0.0367s/iter; left time: 24.4124s
	iters: 500, epoch: 10 | loss: 65.7600327
	speed: 0.0368s/iter; left time: 20.8189s
	iters: 600, epoch: 10 | loss: 64.2346954
	speed: 0.0364s/iter; left time: 16.9072s
	iters: 700, epoch: 10 | loss: 75.1478577
	speed: 0.0368s/iter; left time: 13.4304s
	iters: 800, epoch: 10 | loss: 76.0637207
	speed: 0.0373s/iter; left time: 9.8743s
	iters: 900, epoch: 10 | loss: 123.0722427
	speed: 0.0372s/iter; left time: 6.1300s
	iters: 1000, epoch: 10 | loss: 71.4211655
	speed: 0.0376s/iter; left time: 2.4443s
Epoch: 10 cost time: 39.19331383705139
Epoch: 10, Steps: 1064 | Train Loss: 84.4538737 Vali Loss: 59.4838487
Validation loss decreased (62.764703 --> 59.483849).  Saving model ...
Updating learning rate to 1.953125e-05
VALIDATION_RESULT {"best_epoch": 10, "best_mae": 5.03067857278366, "best_mse": 59.48384872599496, "epochs_ran": 10, "metric_version": "element_weighted_v1"}
>>>>>>>testing : long_term_forecast_timemixer_ettm2_sl336_pl192_s2021_TimeMixer_ETTm2_ftM_sl336_ll0_pl192_dm16_nh4_el2_dl1_df32_expand2_dc4_fc3_ebtimeF_dtTrue_timemixer_ettm2_sl336_pl192_s2021_0<<<<<<<<<<<<<<<<<<<<<<<<<<<<<<<<<
test 11329
test shape: (11329, 192, 7) (11329, 192, 7)
test shape: (11329, 192, 7) (11329, 192, 7)
mse:84.33717346191406, mae:5.765974044799805, dtw:Not calculated
