Using GPU
Args in experiment:
[1mBasic Config[0m
  Task Name:          long_term_forecast  Is Training:        1                   
  Model ID:           patchtstirpa_ettm1_sl960_pl720_s2021Model:              PatchTSTIRPA        

[1mData Loader[0m
  Data:               ETTm1               Root Path:          /home/cwh/Time-Series-Library/dataset/ETT-small
  Data Path:          ETTm1.csv           Features:           M                   
  Target:             OT                  Freq:               t                   
  Checkpoints:        /home/cwh/Time-Series-Library/logs/patchtst_irpa_cmrhm_2x2x3/checkpoints

[1mForecasting Task[0m
  Seq Len:            960                 Label Len:          48                  
  Pred Len:           720                 Seasonal Patterns:  Monthly             
  Inverse:            0                   

[1mModel Parameters[0m
  Top k:              5                   Num Kernels:        6                   
  Enc In:             7                   Dec In:             7                   
  C Out:              7                   d model:            512                 
  n heads:            8                   e layers:           3                   
  d layers:           1                   d FF:               2048                
  Moving Avg:         25                  Factor:             3                   
  Distil:             1                   Dropout:            0.1                 
  Embed:              timeF               Activation:         gelu                

[1mRun Parameters[0m
  Num Workers:        0                   Itr:                1                   
  Train Epochs:       10                  Batch Size:         32                  
  Patience:           3                   Learning Rate:      0.0001              
  Des:                patchtstirpa_ettm1_sl960_pl720_s2021Loss:               MSE                 
  Lradj:              type1               Use Amp:            0                   

[1mGPU[0m
  Use GPU:            1                   GPU:                0                   
  Use Multi GPU:      0                   Devices:            0,1,2,3             

[1mDe-stationary Projector Params[0m
  P Hidden Dims:      128, 128            P Hidden Layers:    2                   

Use GPU: cuda:0
🚀 Lazy Loading: PatchTSTIRPA ...
>>>>>>>start training : long_term_forecast_patchtstirpa_ettm1_sl960_pl720_s2021_PatchTSTIRPA_ETTm1_ftM_sl960_ll48_pl720_dm512_nh8_el3_dl1_df2048_expand2_dc4_fc3_ebtimeF_dtTrue_patchtstirpa_ettm1_sl960_pl720_s2021_0>>>>>>>>>>>>>>>>>>>>>>>>>>
train 32881
val 10801
	iters: 100, epoch: 1 | loss: 0.4080203
	speed: 0.0166s/iter; left time: 168.5692s
	iters: 200, epoch: 1 | loss: 0.3555653
	speed: 0.0129s/iter; left time: 130.2413s
	iters: 300, epoch: 1 | loss: 0.4484284
	speed: 0.0131s/iter; left time: 131.2053s
	iters: 400, epoch: 1 | loss: 0.4059302
	speed: 0.0131s/iter; left time: 128.9828s
	iters: 500, epoch: 1 | loss: 0.3406067
	speed: 0.0129s/iter; left time: 126.5997s
	iters: 600, epoch: 1 | loss: 0.4355544
	speed: 0.0147s/iter; left time: 142.0228s
	iters: 700, epoch: 1 | loss: 0.4768691
	speed: 0.0141s/iter; left time: 135.1645s
	iters: 800, epoch: 1 | loss: 0.4914935
	speed: 0.0132s/iter; left time: 125.5089s
	iters: 900, epoch: 1 | loss: 0.4360252
	speed: 0.0131s/iter; left time: 123.2356s
	iters: 1000, epoch: 1 | loss: 0.4174797
	speed: 0.0131s/iter; left time: 121.6621s
Epoch: 1 cost time: 14.07100224494934
Epoch: 1, Steps: 1028 | Train Loss: 0.4300827 Vali Loss: 0.9586204
Validation loss decreased (inf --> 0.958620).  Saving model ...
Updating learning rate to 0.0001
	iters: 100, epoch: 2 | loss: 0.4363326
	speed: 0.0365s/iter; left time: 333.7528s
	iters: 200, epoch: 2 | loss: 0.4323503
	speed: 0.0133s/iter; left time: 120.1700s
	iters: 300, epoch: 2 | loss: 0.4457473
	speed: 0.0131s/iter; left time: 117.2274s
	iters: 400, epoch: 2 | loss: 0.4048724
	speed: 0.0132s/iter; left time: 116.9401s
	iters: 500, epoch: 2 | loss: 0.4345455
	speed: 0.0133s/iter; left time: 116.5713s
	iters: 600, epoch: 2 | loss: 0.3961247
	speed: 0.0130s/iter; left time: 112.1890s
	iters: 700, epoch: 2 | loss: 0.3925458
	speed: 0.0132s/iter; left time: 112.9891s
	iters: 800, epoch: 2 | loss: 0.3791508
	speed: 0.0129s/iter; left time: 109.1258s
	iters: 900, epoch: 2 | loss: 0.3893021
	speed: 0.0132s/iter; left time: 110.1935s
	iters: 1000, epoch: 2 | loss: 0.3491184
	speed: 0.0134s/iter; left time: 110.1867s
Epoch: 2 cost time: 13.530519008636475
Epoch: 2, Steps: 1028 | Train Loss: 0.4135281 Vali Loss: 0.9626711
EarlyStopping counter: 1 out of 3
Updating learning rate to 5e-05
	iters: 100, epoch: 3 | loss: 0.4098404
	speed: 0.0353s/iter; left time: 287.2000s
	iters: 200, epoch: 3 | loss: 0.3808104
	speed: 0.0134s/iter; left time: 107.5147s
	iters: 300, epoch: 3 | loss: 0.3703660
	speed: 0.0130s/iter; left time: 102.9904s
	iters: 400, epoch: 3 | loss: 0.3186587
	speed: 0.0129s/iter; left time: 101.1791s
	iters: 500, epoch: 3 | loss: 0.3816905
	speed: 0.0131s/iter; left time: 101.4555s
	iters: 600, epoch: 3 | loss: 0.4180460
	speed: 0.0131s/iter; left time: 99.5963s
	iters: 700, epoch: 3 | loss: 0.3821798
	speed: 0.0131s/iter; left time: 98.6410s
	iters: 800, epoch: 3 | loss: 0.3636593
	speed: 0.0129s/iter; left time: 95.9109s
	iters: 900, epoch: 3 | loss: 0.4478255
	speed: 0.0130s/iter; left time: 95.5395s
	iters: 1000, epoch: 3 | loss: 0.4218826
	speed: 0.0131s/iter; left time: 94.5694s
Epoch: 3 cost time: 13.442219734191895
Epoch: 3, Steps: 1028 | Train Loss: 0.4023521 Vali Loss: 0.9283666
Validation loss decreased (0.958620 --> 0.928367).  Saving model ...
Updating learning rate to 2.5e-05
	iters: 100, epoch: 4 | loss: 0.3779684
	speed: 0.0367s/iter; left time: 260.4758s
	iters: 200, epoch: 4 | loss: 0.4543133
	speed: 0.0130s/iter; left time: 90.9644s
	iters: 300, epoch: 4 | loss: 0.3820930
	speed: 0.0131s/iter; left time: 90.2100s
	iters: 400, epoch: 4 | loss: 0.4026864
	speed: 0.0134s/iter; left time: 91.2728s
	iters: 500, epoch: 4 | loss: 0.4344893
	speed: 0.0129s/iter; left time: 86.5528s
	iters: 600, epoch: 4 | loss: 0.3424350
	speed: 0.0131s/iter; left time: 86.3510s
	iters: 700, epoch: 4 | loss: 0.3416079
	speed: 0.0130s/iter; left time: 84.6431s
	iters: 800, epoch: 4 | loss: 0.4420804
	speed: 0.0130s/iter; left time: 82.8777s
	iters: 900, epoch: 4 | loss: 0.3785348
	speed: 0.0130s/iter; left time: 81.9777s
	iters: 1000, epoch: 4 | loss: 0.3983268
	speed: 0.0130s/iter; left time: 80.8064s
Epoch: 4 cost time: 13.455152750015259
Epoch: 4, Steps: 1028 | Train Loss: 0.3965843 Vali Loss: 0.9376196
EarlyStopping counter: 1 out of 3
Updating learning rate to 1.25e-05
	iters: 100, epoch: 5 | loss: 0.4291406
	speed: 0.0358s/iter; left time: 217.5017s
	iters: 200, epoch: 5 | loss: 0.4112231
	speed: 0.0132s/iter; left time: 78.7822s
	iters: 300, epoch: 5 | loss: 0.3234645
	speed: 0.0135s/iter; left time: 79.1736s
	iters: 400, epoch: 5 | loss: 0.3562098
	speed: 0.0133s/iter; left time: 76.5223s
	iters: 500, epoch: 5 | loss: 0.4027560
	speed: 0.0132s/iter; left time: 74.5883s
	iters: 600, epoch: 5 | loss: 0.3962916
	speed: 0.0130s/iter; left time: 72.4228s
	iters: 700, epoch: 5 | loss: 0.4663049
	speed: 0.0133s/iter; left time: 72.6131s
	iters: 800, epoch: 5 | loss: 0.4317995
	speed: 0.0130s/iter; left time: 69.8566s
	iters: 900, epoch: 5 | loss: 0.3516455
	speed: 0.0130s/iter; left time: 68.7460s
	iters: 1000, epoch: 5 | loss: 0.4261549
	speed: 0.0129s/iter; left time: 66.6082s
Epoch: 5 cost time: 13.516926050186157
Epoch: 5, Steps: 1028 | Train Loss: 0.3935277 Vali Loss: 0.9312013
EarlyStopping counter: 2 out of 3
Updating learning rate to 6.25e-06
	iters: 100, epoch: 6 | loss: 0.4616076
	speed: 0.0347s/iter; left time: 175.0429s
	iters: 200, epoch: 6 | loss: 0.3443174
	speed: 0.0131s/iter; left time: 64.8588s
	iters: 300, epoch: 6 | loss: 0.3756069
	speed: 0.0131s/iter; left time: 63.5766s
	iters: 400, epoch: 6 | loss: 0.4046446
	speed: 0.0130s/iter; left time: 61.6289s
	iters: 500, epoch: 6 | loss: 0.3440589
	speed: 0.0131s/iter; left time: 60.5891s
	iters: 600, epoch: 6 | loss: 0.3227076
	speed: 0.0131s/iter; left time: 59.4587s
	iters: 700, epoch: 6 | loss: 0.3726191
	speed: 0.0132s/iter; left time: 58.4733s
	iters: 800, epoch: 6 | loss: 0.3880886
	speed: 0.0129s/iter; left time: 56.0284s
	iters: 900, epoch: 6 | loss: 0.3580637
	speed: 0.0129s/iter; left time: 54.8519s
	iters: 1000, epoch: 6 | loss: 0.3873468
	speed: 0.0129s/iter; left time: 53.4877s
Epoch: 6 cost time: 13.414972066879272
Epoch: 6, Steps: 1028 | Train Loss: 0.3918019 Vali Loss: 0.9222172
Validation loss decreased (0.928367 --> 0.922217).  Saving model ...
Updating learning rate to 3.125e-06
	iters: 100, epoch: 7 | loss: 0.3954062
	speed: 0.0360s/iter; left time: 144.6371s
	iters: 200, epoch: 7 | loss: 0.4247901
	speed: 0.0129s/iter; left time: 50.5158s
	iters: 300, epoch: 7 | loss: 0.4339178
	speed: 0.0133s/iter; left time: 50.7606s
	iters: 400, epoch: 7 | loss: 0.4040833
	speed: 0.0129s/iter; left time: 47.8271s
	iters: 500, epoch: 7 | loss: 0.3509182
	speed: 0.0129s/iter; left time: 46.7340s
	iters: 600, epoch: 7 | loss: 0.3415977
	speed: 0.0127s/iter; left time: 44.7585s
	iters: 700, epoch: 7 | loss: 0.3974510
	speed: 0.0130s/iter; left time: 44.3150s
	iters: 800, epoch: 7 | loss: 0.4230239
	speed: 0.0131s/iter; left time: 43.2764s
	iters: 900, epoch: 7 | loss: 0.3966328
	speed: 0.0128s/iter; left time: 41.0249s
	iters: 1000, epoch: 7 | loss: 0.4013326
	speed: 0.0129s/iter; left time: 40.2623s
Epoch: 7 cost time: 13.332374095916748
Epoch: 7, Steps: 1028 | Train Loss: 0.3910085 Vali Loss: 0.9268029
EarlyStopping counter: 1 out of 3
Updating learning rate to 1.5625e-06
	iters: 100, epoch: 8 | loss: 0.3492297
	speed: 0.0341s/iter; left time: 101.8872s
	iters: 200, epoch: 8 | loss: 0.4363572
	speed: 0.0128s/iter; left time: 36.9577s
	iters: 300, epoch: 8 | loss: 0.3707403
	speed: 0.0129s/iter; left time: 36.0535s
	iters: 400, epoch: 8 | loss: 0.4066877
	speed: 0.0129s/iter; left time: 34.7064s
	iters: 500, epoch: 8 | loss: 0.4874945
	speed: 0.0129s/iter; left time: 33.3891s
	iters: 600, epoch: 8 | loss: 0.3544449
	speed: 0.0132s/iter; left time: 32.8212s
	iters: 700, epoch: 8 | loss: 0.4053892
	speed: 0.0132s/iter; left time: 31.4024s
	iters: 800, epoch: 8 | loss: 0.4156269
	speed: 0.0135s/iter; left time: 30.9518s
	iters: 900, epoch: 8 | loss: 0.4098639
	speed: 0.0135s/iter; left time: 29.5666s
	iters: 1000, epoch: 8 | loss: 0.4045218
	speed: 0.0130s/iter; left time: 27.0639s
Epoch: 8 cost time: 13.44823431968689
Epoch: 8, Steps: 1028 | Train Loss: 0.3905330 Vali Loss: 0.9247647
EarlyStopping counter: 2 out of 3
Updating learning rate to 7.8125e-07
	iters: 100, epoch: 9 | loss: 0.4039257
	speed: 0.0356s/iter; left time: 69.7422s
	iters: 200, epoch: 9 | loss: 0.3964538
	speed: 0.0129s/iter; left time: 23.9874s
	iters: 300, epoch: 9 | loss: 0.4390770
	speed: 0.0132s/iter; left time: 23.2180s
	iters: 400, epoch: 9 | loss: 0.4044683
	speed: 0.0127s/iter; left time: 21.0891s
	iters: 500, epoch: 9 | loss: 0.4056620
	speed: 0.0130s/iter; left time: 20.2533s
	iters: 600, epoch: 9 | loss: 0.3857772
	speed: 0.0132s/iter; left time: 19.2898s
	iters: 700, epoch: 9 | loss: 0.3989510
	speed: 0.0132s/iter; left time: 17.8861s
	iters: 800, epoch: 9 | loss: 0.4330133
	speed: 0.0130s/iter; left time: 16.3402s
	iters: 900, epoch: 9 | loss: 0.3166091
	speed: 0.0130s/iter; left time: 15.0130s
	iters: 1000, epoch: 9 | loss: 0.3783858
	speed: 0.0127s/iter; left time: 13.4700s
Epoch: 9 cost time: 13.347160816192627
Epoch: 9, Steps: 1028 | Train Loss: 0.3902788 Vali Loss: 0.9258426
EarlyStopping counter: 3 out of 3
Early stopping
VALIDATION_RESULT {"best_epoch": 6, "best_mae": 0.645051843736016, "best_mse": 0.9222172491606818, "epochs_ran": 9, "metric_version": "element_weighted_v1"}
>>>>>>>testing : long_term_forecast_patchtstirpa_ettm1_sl960_pl720_s2021_PatchTSTIRPA_ETTm1_ftM_sl960_ll48_pl720_dm512_nh8_el3_dl1_df2048_expand2_dc4_fc3_ebtimeF_dtTrue_patchtstirpa_ettm1_sl960_pl720_s2021_0<<<<<<<<<<<<<<<<<<<<<<<<<<<<<<<<<
test 10801
test shape: (10801, 720, 7) (10801, 720, 7)
test shape: (10801, 720, 7) (10801, 720, 7)
mse:0.433767169713974, mae:0.4239863157272339, dtw:Not calculated
