Using GPU
Args in experiment:
[1mBasic Config[0m
  Task Name:          long_term_forecast  Is Training:        1                   
  Model ID:           patchtstrecent_weather_sl960_pl720_s2022Model:              PatchTSTRecent      

[1mData Loader[0m
  Data:               custom              Root Path:          /home/cwh/Time-Series-Library/dataset/weather
  Data Path:          weather.csv         Features:           M                   
  Target:             CO2 (ppm)           Freq:               t                   
  Checkpoints:        /home/cwh/Time-Series-Library/logs/patchtst_irpa_cmrhm_2x2x3/checkpoints

[1mForecasting Task[0m
  Seq Len:            960                 Label Len:          48                  
  Pred Len:           720                 Seasonal Patterns:  Monthly             
  Inverse:            0                   

[1mModel Parameters[0m
  Top k:              5                   Num Kernels:        6                   
  Enc In:             21                  Dec In:             21                  
  C Out:              21                  d model:            512                 
  n heads:            4                   e layers:           2                   
  d layers:           1                   d FF:               2048                
  Moving Avg:         25                  Factor:             3                   
  Distil:             1                   Dropout:            0.1                 
  Embed:              timeF               Activation:         gelu                

[1mRun Parameters[0m
  Num Workers:        0                   Itr:                1                   
  Train Epochs:       10                  Batch Size:         32                  
  Patience:           3                   Learning Rate:      0.0001              
  Des:                patchtstrecent_weather_sl960_pl720_s2022Loss:               MSE                 
  Lradj:              type1               Use Amp:            0                   

[1mGPU[0m
  Use GPU:            1                   GPU:                0                   
  Use Multi GPU:      0                   Devices:            0,1,2,3             

[1mDe-stationary Projector Params[0m
  P Hidden Dims:      128, 128            P Hidden Layers:    2                   

Use GPU: cuda:0
🚀 Lazy Loading: PatchTSTRecent ...
>>>>>>>start training : long_term_forecast_patchtstrecent_weather_sl960_pl720_s2022_PatchTSTRecent_custom_ftM_sl960_ll48_pl720_dm512_nh4_el2_dl1_df2048_expand2_dc4_fc3_ebtimeF_dtTrue_patchtstrecent_weather_sl960_pl720_s2022_0>>>>>>>>>>>>>>>>>>>>>>>>>>
train 35208
val 4551
	iters: 100, epoch: 1 | loss: 0.6234632
	speed: 0.0231s/iter; left time: 251.5930s
	iters: 200, epoch: 1 | loss: 0.8039193
	speed: 0.0209s/iter; left time: 225.5421s
	iters: 300, epoch: 1 | loss: 0.6789532
	speed: 0.0206s/iter; left time: 220.8571s
	iters: 400, epoch: 1 | loss: 0.6306886
	speed: 0.0205s/iter; left time: 218.0199s
	iters: 500, epoch: 1 | loss: 0.8088942
	speed: 0.0205s/iter; left time: 215.7308s
	iters: 600, epoch: 1 | loss: 0.7633598
	speed: 0.0205s/iter; left time: 213.6432s
	iters: 700, epoch: 1 | loss: 0.8163240
	speed: 0.0206s/iter; left time: 212.1660s
	iters: 800, epoch: 1 | loss: 1.0724456
	speed: 0.0206s/iter; left time: 209.8410s
	iters: 900, epoch: 1 | loss: 0.8565249
	speed: 0.0206s/iter; left time: 208.0762s
	iters: 1000, epoch: 1 | loss: 0.7527016
	speed: 0.0206s/iter; left time: 206.1600s
	iters: 1100, epoch: 1 | loss: 0.5976837
	speed: 0.0206s/iter; left time: 204.2713s
Epoch: 1 cost time: 22.92919158935547
Epoch: 1, Steps: 1101 | Train Loss: 0.7393834 Vali Loss: 0.7631522
Validation loss decreased (inf --> 0.763152).  Saving model ...
Updating learning rate to 0.0001
	iters: 100, epoch: 2 | loss: 0.6260104
	speed: 0.0337s/iter; left time: 330.7570s
	iters: 200, epoch: 2 | loss: 0.8964884
	speed: 0.0206s/iter; left time: 199.9385s
	iters: 300, epoch: 2 | loss: 0.7611222
	speed: 0.0205s/iter; left time: 197.3525s
	iters: 400, epoch: 2 | loss: 0.6404961
	speed: 0.0206s/iter; left time: 195.8852s
	iters: 500, epoch: 2 | loss: 0.7518233
	speed: 0.0205s/iter; left time: 193.0362s
	iters: 600, epoch: 2 | loss: 0.8796547
	speed: 0.0205s/iter; left time: 191.0109s
	iters: 700, epoch: 2 | loss: 0.6736443
	speed: 0.0206s/iter; left time: 189.3744s
	iters: 800, epoch: 2 | loss: 0.6047472
	speed: 0.0206s/iter; left time: 187.3972s
	iters: 900, epoch: 2 | loss: 0.7591591
	speed: 0.0205s/iter; left time: 185.0892s
	iters: 1000, epoch: 2 | loss: 0.6911687
	speed: 0.0205s/iter; left time: 182.9842s
	iters: 1100, epoch: 2 | loss: 0.7399886
	speed: 0.0206s/iter; left time: 181.1055s
Epoch: 2 cost time: 22.622230768203735
Epoch: 2, Steps: 1101 | Train Loss: 0.7132098 Vali Loss: 0.7248174
Validation loss decreased (0.763152 --> 0.724817).  Saving model ...
Updating learning rate to 5e-05
	iters: 100, epoch: 3 | loss: 0.5949895
	speed: 0.0334s/iter; left time: 290.7117s
	iters: 200, epoch: 3 | loss: 0.6200060
	speed: 0.0206s/iter; left time: 176.9795s
	iters: 300, epoch: 3 | loss: 0.9486185
	speed: 0.0206s/iter; left time: 175.1728s
	iters: 400, epoch: 3 | loss: 0.5854985
	speed: 0.0206s/iter; left time: 173.3476s
	iters: 500, epoch: 3 | loss: 0.5640372
	speed: 0.0206s/iter; left time: 170.7981s
	iters: 600, epoch: 3 | loss: 0.6657836
	speed: 0.0205s/iter; left time: 168.6250s
	iters: 700, epoch: 3 | loss: 0.7340095
	speed: 0.0206s/iter; left time: 166.8240s
	iters: 800, epoch: 3 | loss: 0.8721108
	speed: 0.0205s/iter; left time: 164.2309s
	iters: 900, epoch: 3 | loss: 0.5452447
	speed: 0.0206s/iter; left time: 162.6194s
	iters: 1000, epoch: 3 | loss: 0.6863123
	speed: 0.0206s/iter; left time: 160.5458s
	iters: 1100, epoch: 3 | loss: 0.6162897
	speed: 0.0206s/iter; left time: 158.5245s
Epoch: 3 cost time: 22.63310408592224
Epoch: 3, Steps: 1101 | Train Loss: 0.6974092 Vali Loss: 0.7260104
EarlyStopping counter: 1 out of 3
Updating learning rate to 2.5e-05
	iters: 100, epoch: 4 | loss: 0.8462349
	speed: 0.0330s/iter; left time: 251.3038s
	iters: 200, epoch: 4 | loss: 0.5344117
	speed: 0.0206s/iter; left time: 154.4647s
	iters: 300, epoch: 4 | loss: 0.7266840
	speed: 0.0205s/iter; left time: 152.2250s
	iters: 400, epoch: 4 | loss: 0.5862519
	speed: 0.0205s/iter; left time: 150.0080s
	iters: 500, epoch: 4 | loss: 0.6315072
	speed: 0.0206s/iter; left time: 148.7985s
	iters: 600, epoch: 4 | loss: 0.5808365
	speed: 0.0206s/iter; left time: 146.5132s
	iters: 700, epoch: 4 | loss: 0.6715958
	speed: 0.0206s/iter; left time: 144.3134s
	iters: 800, epoch: 4 | loss: 0.7200512
	speed: 0.0205s/iter; left time: 141.7870s
	iters: 900, epoch: 4 | loss: 0.7655564
	speed: 0.0206s/iter; left time: 140.3736s
	iters: 1000, epoch: 4 | loss: 0.5712522
	speed: 0.0206s/iter; left time: 138.0767s
	iters: 1100, epoch: 4 | loss: 0.5833487
	speed: 0.0205s/iter; left time: 135.5663s
Epoch: 4 cost time: 22.636458158493042
Epoch: 4, Steps: 1101 | Train Loss: 0.6896166 Vali Loss: 0.7184916
Validation loss decreased (0.724817 --> 0.718492).  Saving model ...
Updating learning rate to 1.25e-05
	iters: 100, epoch: 5 | loss: 0.8496770
	speed: 0.0334s/iter; left time: 217.3653s
	iters: 200, epoch: 5 | loss: 0.6155736
	speed: 0.0205s/iter; left time: 131.1834s
	iters: 300, epoch: 5 | loss: 0.6991981
	speed: 0.0206s/iter; left time: 129.7337s
	iters: 400, epoch: 5 | loss: 0.7047608
	speed: 0.0206s/iter; left time: 127.9626s
	iters: 500, epoch: 5 | loss: 0.7093565
	speed: 0.0205s/iter; left time: 125.0265s
	iters: 600, epoch: 5 | loss: 0.5877421
	speed: 0.0205s/iter; left time: 123.2327s
	iters: 700, epoch: 5 | loss: 0.6360265
	speed: 0.0205s/iter; left time: 121.0457s
	iters: 800, epoch: 5 | loss: 0.6145731
	speed: 0.0205s/iter; left time: 118.8192s
	iters: 900, epoch: 5 | loss: 0.7581698
	speed: 0.0205s/iter; left time: 117.2296s
	iters: 1000, epoch: 5 | loss: 0.5883532
	speed: 0.0206s/iter; left time: 115.3708s
	iters: 1100, epoch: 5 | loss: 0.5705627
	speed: 0.0206s/iter; left time: 113.3835s
Epoch: 5 cost time: 22.59518599510193
Epoch: 5, Steps: 1101 | Train Loss: 0.6856744 Vali Loss: 0.7210699
EarlyStopping counter: 1 out of 3
Updating learning rate to 6.25e-06
	iters: 100, epoch: 6 | loss: 0.6800206
	speed: 0.0330s/iter; left time: 178.3253s
	iters: 200, epoch: 6 | loss: 0.8834327
	speed: 0.0205s/iter; left time: 108.6665s
	iters: 300, epoch: 6 | loss: 0.6416342
	speed: 0.0205s/iter; left time: 106.8790s
	iters: 400, epoch: 6 | loss: 0.6501597
	speed: 0.0205s/iter; left time: 104.8790s
	iters: 500, epoch: 6 | loss: 0.6333500
	speed: 0.0206s/iter; left time: 103.1884s
	iters: 600, epoch: 6 | loss: 0.5691029
	speed: 0.0205s/iter; left time: 100.6470s
	iters: 700, epoch: 6 | loss: 0.6043538
	speed: 0.0206s/iter; left time: 99.0960s
	iters: 800, epoch: 6 | loss: 0.6581272
	speed: 0.0207s/iter; left time: 97.2166s
	iters: 900, epoch: 6 | loss: 0.5756563
	speed: 0.0206s/iter; left time: 94.6722s
	iters: 1000, epoch: 6 | loss: 0.5670508
	speed: 0.0206s/iter; left time: 92.9255s
	iters: 1100, epoch: 6 | loss: 0.5257464
	speed: 0.0206s/iter; left time: 90.7217s
Epoch: 6 cost time: 22.63753581047058
Epoch: 6, Steps: 1101 | Train Loss: 0.6840736 Vali Loss: 0.7179167
Validation loss decreased (0.718492 --> 0.717917).  Saving model ...
Updating learning rate to 3.125e-06
	iters: 100, epoch: 7 | loss: 0.6779607
	speed: 0.0333s/iter; left time: 143.4149s
	iters: 200, epoch: 7 | loss: 0.7366874
	speed: 0.0206s/iter; left time: 86.5949s
	iters: 300, epoch: 7 | loss: 0.7095590
	speed: 0.0206s/iter; left time: 84.6854s
	iters: 400, epoch: 7 | loss: 0.8217964
	speed: 0.0206s/iter; left time: 82.6905s
	iters: 500, epoch: 7 | loss: 0.6371443
	speed: 0.0207s/iter; left time: 80.6680s
	iters: 600, epoch: 7 | loss: 0.5767557
	speed: 0.0206s/iter; left time: 78.4665s
	iters: 700, epoch: 7 | loss: 0.7404775
	speed: 0.0206s/iter; left time: 76.2020s
	iters: 800, epoch: 7 | loss: 0.5738434
	speed: 0.0206s/iter; left time: 74.1541s
	iters: 900, epoch: 7 | loss: 0.8379409
	speed: 0.0205s/iter; left time: 71.8079s
	iters: 1000, epoch: 7 | loss: 0.5621790
	speed: 0.0206s/iter; left time: 70.0927s
	iters: 1100, epoch: 7 | loss: 0.6208727
	speed: 0.0205s/iter; left time: 67.7066s
Epoch: 7 cost time: 22.6516535282135
Epoch: 7, Steps: 1101 | Train Loss: 0.6830462 Vali Loss: 0.7157145
Validation loss decreased (0.717917 --> 0.715714).  Saving model ...
Updating learning rate to 1.5625e-06
	iters: 100, epoch: 8 | loss: 0.7340113
	speed: 0.0334s/iter; left time: 107.1541s
	iters: 200, epoch: 8 | loss: 0.8764564
	speed: 0.0206s/iter; left time: 63.8854s
	iters: 300, epoch: 8 | loss: 0.8377089
	speed: 0.0205s/iter; left time: 61.6596s
	iters: 400, epoch: 8 | loss: 0.6534234
	speed: 0.0205s/iter; left time: 59.6496s
	iters: 500, epoch: 8 | loss: 0.5675385
	speed: 0.0206s/iter; left time: 57.6302s
	iters: 600, epoch: 8 | loss: 0.7636467
	speed: 0.0206s/iter; left time: 55.6054s
	iters: 700, epoch: 8 | loss: 0.7345230
	speed: 0.0206s/iter; left time: 53.6486s
	iters: 800, epoch: 8 | loss: 0.7458911
	speed: 0.0205s/iter; left time: 51.4009s
	iters: 900, epoch: 8 | loss: 0.6183804
	speed: 0.0206s/iter; left time: 49.5243s
	iters: 1000, epoch: 8 | loss: 0.6816640
	speed: 0.0206s/iter; left time: 47.4975s
	iters: 1100, epoch: 8 | loss: 0.5835821
	speed: 0.0207s/iter; left time: 45.5169s
Epoch: 8 cost time: 22.64655327796936
Epoch: 8, Steps: 1101 | Train Loss: 0.6824257 Vali Loss: 0.7170669
EarlyStopping counter: 1 out of 3
Updating learning rate to 7.8125e-07
	iters: 100, epoch: 9 | loss: 0.6363617
	speed: 0.0329s/iter; left time: 69.2597s
	iters: 200, epoch: 9 | loss: 0.7159228
	speed: 0.0206s/iter; left time: 41.2339s
	iters: 300, epoch: 9 | loss: 0.6191058
	speed: 0.0205s/iter; left time: 39.0646s
	iters: 400, epoch: 9 | loss: 0.9002721
	speed: 0.0206s/iter; left time: 37.1045s
	iters: 500, epoch: 9 | loss: 0.6622984
	speed: 0.0206s/iter; left time: 35.0608s
	iters: 600, epoch: 9 | loss: 0.6699162
	speed: 0.0206s/iter; left time: 33.0294s
	iters: 700, epoch: 9 | loss: 0.6392716
	speed: 0.0205s/iter; left time: 30.8802s
	iters: 800, epoch: 9 | loss: 0.8226063
	speed: 0.0205s/iter; left time: 28.7388s
	iters: 900, epoch: 9 | loss: 1.1072948
	speed: 0.0205s/iter; left time: 26.7523s
	iters: 1000, epoch: 9 | loss: 0.8118818
	speed: 0.0205s/iter; left time: 24.6796s
	iters: 1100, epoch: 9 | loss: 0.7918703
	speed: 0.0206s/iter; left time: 22.6712s
Epoch: 9 cost time: 22.621030807495117
Epoch: 9, Steps: 1101 | Train Loss: 0.6823063 Vali Loss: 0.7164769
EarlyStopping counter: 2 out of 3
Updating learning rate to 3.90625e-07
	iters: 100, epoch: 10 | loss: 0.6235180
	speed: 0.0326s/iter; left time: 32.6842s
	iters: 200, epoch: 10 | loss: 0.6223869
	speed: 0.0206s/iter; left time: 18.5622s
	iters: 300, epoch: 10 | loss: 0.7563075
	speed: 0.0205s/iter; left time: 16.4593s
	iters: 400, epoch: 10 | loss: 0.6488490
	speed: 0.0205s/iter; left time: 14.3936s
	iters: 500, epoch: 10 | loss: 0.7215459
	speed: 0.0206s/iter; left time: 12.3857s
	iters: 600, epoch: 10 | loss: 0.5910851
	speed: 0.0205s/iter; left time: 10.2918s
	iters: 700, epoch: 10 | loss: 0.8601064
	speed: 0.0205s/iter; left time: 8.2353s
	iters: 800, epoch: 10 | loss: 0.5796912
	speed: 0.0206s/iter; left time: 6.2079s
	iters: 900, epoch: 10 | loss: 0.5323414
	speed: 0.0205s/iter; left time: 4.1497s
	iters: 1000, epoch: 10 | loss: 0.5118762
	speed: 0.0206s/iter; left time: 2.0962s
	iters: 1100, epoch: 10 | loss: 0.5669106
	speed: 0.0205s/iter; left time: 0.0411s
Epoch: 10 cost time: 22.599852085113525
Epoch: 10, Steps: 1101 | Train Loss: 0.6820503 Vali Loss: 0.7167810
EarlyStopping counter: 3 out of 3
Early stopping
VALIDATION_RESULT {"best_epoch": 7, "best_mae": 0.4671273757243015, "best_mse": 0.7157144769306545, "epochs_ran": 10, "metric_version": "element_weighted_v1"}
>>>>>>>testing : long_term_forecast_patchtstrecent_weather_sl960_pl720_s2022_PatchTSTRecent_custom_ftM_sl960_ll48_pl720_dm512_nh4_el2_dl1_df2048_expand2_dc4_fc3_ebtimeF_dtTrue_patchtstrecent_weather_sl960_pl720_s2022_0<<<<<<<<<<<<<<<<<<<<<<<<<<<<<<<<<
test 9820
test shape: (9820, 720, 21) (9820, 720, 21)
test shape: (9820, 720, 21) (9820, 720, 21)
mse:0.35337308049201965, mae:0.34636759757995605, dtw:Not calculated
