Using GPU
Args in experiment:
[1mBasic Config[0m
  Task Name:          long_term_forecast  Is Training:        1                   
  Model ID:           patchtstrecent_ettm1_sl960_pl720_s2023Model:              PatchTSTRecent      

[1mData Loader[0m
  Data:               ETTm1               Root Path:          /home/cwh/Time-Series-Library/dataset/ETT-small
  Data Path:          ETTm1.csv           Features:           M                   
  Target:             OT                  Freq:               t                   
  Checkpoints:        /home/cwh/Time-Series-Library/logs/patchtst_irpa_cmrhm_2x2x3/checkpoints

[1mForecasting Task[0m
  Seq Len:            960                 Label Len:          48                  
  Pred Len:           720                 Seasonal Patterns:  Monthly             
  Inverse:            0                   

[1mModel Parameters[0m
  Top k:              5                   Num Kernels:        6                   
  Enc In:             7                   Dec In:             7                   
  C Out:              7                   d model:            512                 
  n heads:            8                   e layers:           3                   
  d layers:           1                   d FF:               2048                
  Moving Avg:         25                  Factor:             3                   
  Distil:             1                   Dropout:            0.1                 
  Embed:              timeF               Activation:         gelu                

[1mRun Parameters[0m
  Num Workers:        0                   Itr:                1                   
  Train Epochs:       10                  Batch Size:         32                  
  Patience:           3                   Learning Rate:      0.0001              
  Des:                patchtstrecent_ettm1_sl960_pl720_s2023Loss:               MSE                 
  Lradj:              type1               Use Amp:            0                   

[1mGPU[0m
  Use GPU:            1                   GPU:                0                   
  Use Multi GPU:      0                   Devices:            0,1,2,3             

[1mDe-stationary Projector Params[0m
  P Hidden Dims:      128, 128            P Hidden Layers:    2                   

Use GPU: cuda:0
🚀 Lazy Loading: PatchTSTRecent ...
>>>>>>>start training : long_term_forecast_patchtstrecent_ettm1_sl960_pl720_s2023_PatchTSTRecent_ETTm1_ftM_sl960_ll48_pl720_dm512_nh8_el3_dl1_df2048_expand2_dc4_fc3_ebtimeF_dtTrue_patchtstrecent_ettm1_sl960_pl720_s2023_0>>>>>>>>>>>>>>>>>>>>>>>>>>
train 32881
val 10801
	iters: 100, epoch: 1 | loss: 0.5071827
	speed: 0.0141s/iter; left time: 143.1873s
	iters: 200, epoch: 1 | loss: 0.4889814
	speed: 0.0113s/iter; left time: 114.1954s
	iters: 300, epoch: 1 | loss: 0.4347793
	speed: 0.0116s/iter; left time: 115.4361s
	iters: 400, epoch: 1 | loss: 0.5992067
	speed: 0.0114s/iter; left time: 112.7908s
	iters: 500, epoch: 1 | loss: 0.4572146
	speed: 0.0116s/iter; left time: 113.7168s
	iters: 600, epoch: 1 | loss: 0.5290612
	speed: 0.0114s/iter; left time: 110.7690s
	iters: 700, epoch: 1 | loss: 0.4675258
	speed: 0.0115s/iter; left time: 110.3151s
	iters: 800, epoch: 1 | loss: 0.5527294
	speed: 0.0115s/iter; left time: 108.8677s
	iters: 900, epoch: 1 | loss: 0.4530950
	speed: 0.0115s/iter; left time: 107.4791s
	iters: 1000, epoch: 1 | loss: 0.4415435
	speed: 0.0113s/iter; left time: 105.2943s
Epoch: 1 cost time: 12.049332857131958
Epoch: 1, Steps: 1028 | Train Loss: 0.4943350 Vali Loss: 0.9801546
Validation loss decreased (inf --> 0.980155).  Saving model ...
Updating learning rate to 0.0001
	iters: 100, epoch: 2 | loss: 0.4108157
	speed: 0.0296s/iter; left time: 271.1695s
	iters: 200, epoch: 2 | loss: 0.4273187
	speed: 0.0113s/iter; left time: 102.6734s
	iters: 300, epoch: 2 | loss: 0.5157990
	speed: 0.0113s/iter; left time: 100.7484s
	iters: 400, epoch: 2 | loss: 0.5709705
	speed: 0.0113s/iter; left time: 100.2826s
	iters: 500, epoch: 2 | loss: 0.4648803
	speed: 0.0113s/iter; left time: 99.0599s
	iters: 600, epoch: 2 | loss: 0.4614548
	speed: 0.0115s/iter; left time: 99.7903s
	iters: 700, epoch: 2 | loss: 0.4025171
	speed: 0.0115s/iter; left time: 98.1343s
	iters: 800, epoch: 2 | loss: 0.4525429
	speed: 0.0114s/iter; left time: 96.5606s
	iters: 900, epoch: 2 | loss: 0.4450427
	speed: 0.0113s/iter; left time: 94.5307s
	iters: 1000, epoch: 2 | loss: 0.3855774
	speed: 0.0115s/iter; left time: 94.5308s
Epoch: 2 cost time: 11.691668033599854
Epoch: 2, Steps: 1028 | Train Loss: 0.4679190 Vali Loss: 0.9879923
EarlyStopping counter: 1 out of 3
Updating learning rate to 5e-05
	iters: 100, epoch: 3 | loss: 0.4461441
	speed: 0.0292s/iter; left time: 236.8739s
	iters: 200, epoch: 3 | loss: 0.4039531
	speed: 0.0115s/iter; left time: 92.6739s
	iters: 300, epoch: 3 | loss: 0.4723436
	speed: 0.0115s/iter; left time: 90.7732s
	iters: 400, epoch: 3 | loss: 0.4175427
	speed: 0.0115s/iter; left time: 89.9327s
	iters: 500, epoch: 3 | loss: 0.5109423
	speed: 0.0115s/iter; left time: 88.8590s
	iters: 600, epoch: 3 | loss: 0.3526407
	speed: 0.0115s/iter; left time: 87.3211s
	iters: 700, epoch: 3 | loss: 0.4368428
	speed: 0.0116s/iter; left time: 86.9286s
	iters: 800, epoch: 3 | loss: 0.5397647
	speed: 0.0116s/iter; left time: 86.0830s
	iters: 900, epoch: 3 | loss: 0.4839327
	speed: 0.0113s/iter; left time: 82.9867s
	iters: 1000, epoch: 3 | loss: 0.3784587
	speed: 0.0114s/iter; left time: 82.2198s
Epoch: 3 cost time: 11.798965454101562
Epoch: 3, Steps: 1028 | Train Loss: 0.4473406 Vali Loss: 0.9950066
EarlyStopping counter: 2 out of 3
Updating learning rate to 2.5e-05
	iters: 100, epoch: 4 | loss: 0.4342428
	speed: 0.0290s/iter; left time: 205.9712s
	iters: 200, epoch: 4 | loss: 0.3425896
	speed: 0.0114s/iter; left time: 79.5450s
	iters: 300, epoch: 4 | loss: 0.5598775
	speed: 0.0114s/iter; left time: 78.8374s
	iters: 400, epoch: 4 | loss: 0.5290384
	speed: 0.0115s/iter; left time: 78.2760s
	iters: 500, epoch: 4 | loss: 0.4557001
	speed: 0.0114s/iter; left time: 76.0563s
	iters: 600, epoch: 4 | loss: 0.4726396
	speed: 0.0113s/iter; left time: 74.6955s
	iters: 700, epoch: 4 | loss: 0.4103549
	speed: 0.0113s/iter; left time: 73.2009s
	iters: 800, epoch: 4 | loss: 0.4999514
	speed: 0.0114s/iter; left time: 72.6899s
	iters: 900, epoch: 4 | loss: 0.4308474
	speed: 0.0114s/iter; left time: 71.5996s
	iters: 1000, epoch: 4 | loss: 0.3773637
	speed: 0.0116s/iter; left time: 71.6763s
Epoch: 4 cost time: 11.70750617980957
Epoch: 4, Steps: 1028 | Train Loss: 0.4345275 Vali Loss: 0.9878948
EarlyStopping counter: 3 out of 3
Early stopping
VALIDATION_RESULT {"best_epoch": 1, "best_mae": 0.660005774704365, "best_mse": 0.9801545897678309, "epochs_ran": 4, "metric_version": "element_weighted_v1"}
>>>>>>>testing : long_term_forecast_patchtstrecent_ettm1_sl960_pl720_s2023_PatchTSTRecent_ETTm1_ftM_sl960_ll48_pl720_dm512_nh8_el3_dl1_df2048_expand2_dc4_fc3_ebtimeF_dtTrue_patchtstrecent_ettm1_sl960_pl720_s2023_0<<<<<<<<<<<<<<<<<<<<<<<<<<<<<<<<<
test 10801
test shape: (10801, 720, 7) (10801, 720, 7)
test shape: (10801, 720, 7) (10801, 720, 7)
mse:0.4679384231567383, mae:0.449288010597229, dtw:Not calculated
