Using GPU
Args in experiment:
[1mBasic Config[0m
  Task Name:          long_term_forecast  Is Training:        1                   
  Model ID:           patchtstirpa_ettm1_sl960_pl96_s2023Model:              PatchTSTIRPA        

[1mData Loader[0m
  Data:               ETTm1               Root Path:          /home/cwh/Time-Series-Library/dataset/ETT-small
  Data Path:          ETTm1.csv           Features:           M                   
  Target:             OT                  Freq:               t                   
  Checkpoints:        /home/cwh/Time-Series-Library/logs/patchtst_irpa_cmrhm_2x2x3/checkpoints

[1mForecasting Task[0m
  Seq Len:            960                 Label Len:          48                  
  Pred Len:           96                  Seasonal Patterns:  Monthly             
  Inverse:            0                   

[1mModel Parameters[0m
  Top k:              5                   Num Kernels:        6                   
  Enc In:             7                   Dec In:             7                   
  C Out:              7                   d model:            512                 
  n heads:            8                   e layers:           3                   
  d layers:           1                   d FF:               2048                
  Moving Avg:         25                  Factor:             3                   
  Distil:             1                   Dropout:            0.1                 
  Embed:              timeF               Activation:         gelu                

[1mRun Parameters[0m
  Num Workers:        0                   Itr:                1                   
  Train Epochs:       10                  Batch Size:         32                  
  Patience:           3                   Learning Rate:      0.0001              
  Des:                patchtstirpa_ettm1_sl960_pl96_s2023Loss:               MSE                 
  Lradj:              type1               Use Amp:            0                   

[1mGPU[0m
  Use GPU:            1                   GPU:                0                   
  Use Multi GPU:      0                   Devices:            0,1,2,3             

[1mDe-stationary Projector Params[0m
  P Hidden Dims:      128, 128            P Hidden Layers:    2                   

Use GPU: cuda:0
🚀 Lazy Loading: PatchTSTIRPA ...
>>>>>>>start training : long_term_forecast_patchtstirpa_ettm1_sl960_pl96_s2023_PatchTSTIRPA_ETTm1_ftM_sl960_ll48_pl96_dm512_nh8_el3_dl1_df2048_expand2_dc4_fc3_ebtimeF_dtTrue_patchtstirpa_ettm1_sl960_pl96_s2023_0>>>>>>>>>>>>>>>>>>>>>>>>>>
train 33505
val 11425
	iters: 100, epoch: 1 | loss: 0.3617558
	speed: 0.0156s/iter; left time: 162.4577s
	iters: 200, epoch: 1 | loss: 0.3823852
	speed: 0.0123s/iter; left time: 126.3727s
	iters: 300, epoch: 1 | loss: 0.2870843
	speed: 0.0123s/iter; left time: 125.0126s
	iters: 400, epoch: 1 | loss: 0.3074282
	speed: 0.0123s/iter; left time: 123.4944s
	iters: 500, epoch: 1 | loss: 0.2566049
	speed: 0.0127s/iter; left time: 126.9747s
	iters: 600, epoch: 1 | loss: 0.2932283
	speed: 0.0133s/iter; left time: 131.5976s
	iters: 700, epoch: 1 | loss: 0.3159206
	speed: 0.0125s/iter; left time: 121.7816s
	iters: 800, epoch: 1 | loss: 0.3051207
	speed: 0.0123s/iter; left time: 118.9523s
	iters: 900, epoch: 1 | loss: 0.2662586
	speed: 0.0125s/iter; left time: 119.4399s
	iters: 1000, epoch: 1 | loss: 0.3063004
	speed: 0.0126s/iter; left time: 119.0504s
Epoch: 1 cost time: 13.424854278564453
Epoch: 1, Steps: 1048 | Train Loss: 0.3201975 Vali Loss: 0.4466393
Validation loss decreased (inf --> 0.446639).  Saving model ...
Updating learning rate to 0.0001
	iters: 100, epoch: 2 | loss: 0.2875527
	speed: 0.0366s/iter; left time: 341.6221s
	iters: 200, epoch: 2 | loss: 0.2914925
	speed: 0.0125s/iter; left time: 115.5206s
	iters: 300, epoch: 2 | loss: 0.2808999
	speed: 0.0123s/iter; left time: 112.5640s
	iters: 400, epoch: 2 | loss: 0.3346470
	speed: 0.0124s/iter; left time: 111.7342s
	iters: 500, epoch: 2 | loss: 0.2901105
	speed: 0.0124s/iter; left time: 110.5259s
	iters: 600, epoch: 2 | loss: 0.3094492
	speed: 0.0125s/iter; left time: 110.3604s
	iters: 700, epoch: 2 | loss: 0.2013908
	speed: 0.0124s/iter; left time: 108.2345s
	iters: 800, epoch: 2 | loss: 0.2962576
	speed: 0.0123s/iter; left time: 106.5306s
	iters: 900, epoch: 2 | loss: 0.2612545
	speed: 0.0125s/iter; left time: 106.8186s
	iters: 1000, epoch: 2 | loss: 0.3045202
	speed: 0.0123s/iter; left time: 103.5878s
Epoch: 2 cost time: 12.98006272315979
Epoch: 2, Steps: 1048 | Train Loss: 0.2837815 Vali Loss: 0.4035883
Validation loss decreased (0.446639 --> 0.403588).  Saving model ...
Updating learning rate to 5e-05
	iters: 100, epoch: 3 | loss: 0.2109821
	speed: 0.0374s/iter; left time: 309.6371s
	iters: 200, epoch: 3 | loss: 0.2579882
	speed: 0.0123s/iter; left time: 100.4012s
	iters: 300, epoch: 3 | loss: 0.2318022
	speed: 0.0123s/iter; left time: 99.0565s
	iters: 400, epoch: 3 | loss: 0.3097526
	speed: 0.0124s/iter; left time: 98.8979s
	iters: 500, epoch: 3 | loss: 0.3013115
	speed: 0.0124s/iter; left time: 97.8411s
	iters: 600, epoch: 3 | loss: 0.2618320
	speed: 0.0122s/iter; left time: 94.8526s
	iters: 700, epoch: 3 | loss: 0.2311493
	speed: 0.0123s/iter; left time: 94.5384s
	iters: 800, epoch: 3 | loss: 0.2222909
	speed: 0.0123s/iter; left time: 93.5649s
	iters: 900, epoch: 3 | loss: 0.2378464
	speed: 0.0124s/iter; left time: 92.8839s
	iters: 1000, epoch: 3 | loss: 0.2523035
	speed: 0.0125s/iter; left time: 92.6771s
Epoch: 3 cost time: 12.926892280578613
Epoch: 3, Steps: 1048 | Train Loss: 0.2665477 Vali Loss: 0.3981496
Validation loss decreased (0.403588 --> 0.398150).  Saving model ...
Updating learning rate to 2.5e-05
	iters: 100, epoch: 4 | loss: 0.2958105
	speed: 0.0371s/iter; left time: 268.5722s
	iters: 200, epoch: 4 | loss: 0.2328509
	speed: 0.0123s/iter; left time: 88.0781s
	iters: 300, epoch: 4 | loss: 0.2375794
	speed: 0.0121s/iter; left time: 85.2470s
	iters: 400, epoch: 4 | loss: 0.2033018
	speed: 0.0122s/iter; left time: 84.9213s
	iters: 500, epoch: 4 | loss: 0.2375999
	speed: 0.0122s/iter; left time: 83.5675s
	iters: 600, epoch: 4 | loss: 0.2153006
	speed: 0.0122s/iter; left time: 82.4929s
	iters: 700, epoch: 4 | loss: 0.2095218
	speed: 0.0121s/iter; left time: 79.9826s
	iters: 800, epoch: 4 | loss: 0.2760581
	speed: 0.0124s/iter; left time: 80.8405s
	iters: 900, epoch: 4 | loss: 0.2359180
	speed: 0.0121s/iter; left time: 77.9712s
	iters: 1000, epoch: 4 | loss: 0.2761810
	speed: 0.0122s/iter; left time: 77.1532s
Epoch: 4 cost time: 12.816168785095215
Epoch: 4, Steps: 1048 | Train Loss: 0.2584672 Vali Loss: 0.3913292
Validation loss decreased (0.398150 --> 0.391329).  Saving model ...
Updating learning rate to 1.25e-05
	iters: 100, epoch: 5 | loss: 0.2716377
	speed: 0.0368s/iter; left time: 227.5603s
	iters: 200, epoch: 5 | loss: 0.2650190
	speed: 0.0125s/iter; left time: 75.9234s
	iters: 300, epoch: 5 | loss: 0.2379928
	speed: 0.0123s/iter; left time: 73.5042s
	iters: 400, epoch: 5 | loss: 0.2717528
	speed: 0.0122s/iter; left time: 71.8255s
	iters: 500, epoch: 5 | loss: 0.2223485
	speed: 0.0123s/iter; left time: 71.4239s
	iters: 600, epoch: 5 | loss: 0.2447503
	speed: 0.0123s/iter; left time: 70.0368s
	iters: 700, epoch: 5 | loss: 0.2819449
	speed: 0.0124s/iter; left time: 69.1570s
	iters: 800, epoch: 5 | loss: 0.2386673
	speed: 0.0126s/iter; left time: 68.9684s
	iters: 900, epoch: 5 | loss: 0.2629173
	speed: 0.0124s/iter; left time: 67.0622s
	iters: 1000, epoch: 5 | loss: 0.2881669
	speed: 0.0125s/iter; left time: 65.8852s
Epoch: 5 cost time: 12.97951340675354
Epoch: 5, Steps: 1048 | Train Loss: 0.2542288 Vali Loss: 0.3900215
Validation loss decreased (0.391329 --> 0.390022).  Saving model ...
Updating learning rate to 6.25e-06
	iters: 100, epoch: 6 | loss: 0.3113771
	speed: 0.0379s/iter; left time: 194.7467s
	iters: 200, epoch: 6 | loss: 0.2458500
	speed: 0.0122s/iter; left time: 61.6543s
	iters: 300, epoch: 6 | loss: 0.2312882
	speed: 0.0124s/iter; left time: 61.4408s
	iters: 400, epoch: 6 | loss: 0.2440774
	speed: 0.0124s/iter; left time: 59.9088s
	iters: 500, epoch: 6 | loss: 0.2587495
	speed: 0.0123s/iter; left time: 58.1421s
	iters: 600, epoch: 6 | loss: 0.2354525
	speed: 0.0124s/iter; left time: 57.3939s
	iters: 700, epoch: 6 | loss: 0.2391691
	speed: 0.0123s/iter; left time: 55.6685s
	iters: 800, epoch: 6 | loss: 0.2630507
	speed: 0.0122s/iter; left time: 54.2867s
	iters: 900, epoch: 6 | loss: 0.2664942
	speed: 0.0121s/iter; left time: 52.5920s
	iters: 1000, epoch: 6 | loss: 0.2838522
	speed: 0.0121s/iter; left time: 51.3772s
Epoch: 6 cost time: 12.878207683563232
Epoch: 6, Steps: 1048 | Train Loss: 0.2521556 Vali Loss: 0.3828906
Validation loss decreased (0.390022 --> 0.382891).  Saving model ...
Updating learning rate to 3.125e-06
	iters: 100, epoch: 7 | loss: 0.2381481
	speed: 0.0363s/iter; left time: 148.3736s
	iters: 200, epoch: 7 | loss: 0.2347355
	speed: 0.0122s/iter; left time: 48.7426s
	iters: 300, epoch: 7 | loss: 0.2009549
	speed: 0.0122s/iter; left time: 47.3530s
	iters: 400, epoch: 7 | loss: 0.3116471
	speed: 0.0119s/iter; left time: 45.2495s
	iters: 500, epoch: 7 | loss: 0.2626602
	speed: 0.0122s/iter; left time: 45.1402s
	iters: 600, epoch: 7 | loss: 0.2180258
	speed: 0.0121s/iter; left time: 43.6365s
	iters: 700, epoch: 7 | loss: 0.2474066
	speed: 0.0123s/iter; left time: 42.9794s
	iters: 800, epoch: 7 | loss: 0.2787757
	speed: 0.0124s/iter; left time: 42.0646s
	iters: 900, epoch: 7 | loss: 0.2833052
	speed: 0.0122s/iter; left time: 40.0319s
	iters: 1000, epoch: 7 | loss: 0.2280300
	speed: 0.0123s/iter; left time: 39.1259s
Epoch: 7 cost time: 12.804026365280151
Epoch: 7, Steps: 1048 | Train Loss: 0.2507145 Vali Loss: 0.3836570
EarlyStopping counter: 1 out of 3
Updating learning rate to 1.5625e-06
	iters: 100, epoch: 8 | loss: 0.2420067
	speed: 0.0368s/iter; left time: 112.2014s
	iters: 200, epoch: 8 | loss: 0.2207625
	speed: 0.0121s/iter; left time: 35.6065s
	iters: 300, epoch: 8 | loss: 0.2018314
	speed: 0.0123s/iter; left time: 34.9702s
	iters: 400, epoch: 8 | loss: 0.2494019
	speed: 0.0124s/iter; left time: 34.1012s
	iters: 500, epoch: 8 | loss: 0.2840308
	speed: 0.0123s/iter; left time: 32.6177s
	iters: 600, epoch: 8 | loss: 0.2547018
	speed: 0.0123s/iter; left time: 31.2822s
	iters: 700, epoch: 8 | loss: 0.2427077
	speed: 0.0125s/iter; left time: 30.6141s
	iters: 800, epoch: 8 | loss: 0.2830667
	speed: 0.0124s/iter; left time: 29.1687s
	iters: 900, epoch: 8 | loss: 0.2744041
	speed: 0.0123s/iter; left time: 27.6165s
	iters: 1000, epoch: 8 | loss: 0.2421704
	speed: 0.0123s/iter; left time: 26.3006s
Epoch: 8 cost time: 12.877296447753906
Epoch: 8, Steps: 1048 | Train Loss: 0.2502563 Vali Loss: 0.3867920
EarlyStopping counter: 2 out of 3
Updating learning rate to 7.8125e-07
	iters: 100, epoch: 9 | loss: 0.2439081
	speed: 0.0358s/iter; left time: 71.5121s
	iters: 200, epoch: 9 | loss: 0.2782695
	speed: 0.0121s/iter; left time: 22.9905s
	iters: 300, epoch: 9 | loss: 0.3534274
	speed: 0.0121s/iter; left time: 21.7995s
	iters: 400, epoch: 9 | loss: 0.3198389
	speed: 0.0121s/iter; left time: 20.5792s
	iters: 500, epoch: 9 | loss: 0.3060491
	speed: 0.0125s/iter; left time: 20.0349s
	iters: 600, epoch: 9 | loss: 0.2522268
	speed: 0.0123s/iter; left time: 18.4811s
	iters: 700, epoch: 9 | loss: 0.2412832
	speed: 0.0123s/iter; left time: 17.1335s
	iters: 800, epoch: 9 | loss: 0.2791595
	speed: 0.0124s/iter; left time: 16.0664s
	iters: 900, epoch: 9 | loss: 0.3268450
	speed: 0.0122s/iter; left time: 14.5944s
	iters: 1000, epoch: 9 | loss: 0.1977331
	speed: 0.0123s/iter; left time: 13.5223s
Epoch: 9 cost time: 12.858046770095825
Epoch: 9, Steps: 1048 | Train Loss: 0.2501796 Vali Loss: 0.3836901
EarlyStopping counter: 3 out of 3
Early stopping
VALIDATION_RESULT {"best_epoch": 6, "best_mae": 0.41598965158608603, "best_mse": 0.3828905607439943, "epochs_ran": 9, "metric_version": "element_weighted_v1"}
>>>>>>>testing : long_term_forecast_patchtstirpa_ettm1_sl960_pl96_s2023_PatchTSTIRPA_ETTm1_ftM_sl960_ll48_pl96_dm512_nh8_el3_dl1_df2048_expand2_dc4_fc3_ebtimeF_dtTrue_patchtstirpa_ettm1_sl960_pl96_s2023_0<<<<<<<<<<<<<<<<<<<<<<<<<<<<<<<<<
test 11425
test shape: (11425, 96, 7) (11425, 96, 7)
test shape: (11425, 96, 7) (11425, 96, 7)
mse:0.28957363963127136, mae:0.3441123068332672, dtw:Not calculated
