Using GPU
Args in experiment:
[1mBasic Config[0m
  Task Name:          long_term_forecast  Is Training:        1                   
  Model ID:           patchtstcmrhm_ettm1_sl960_pl720_s2023Model:              PatchTSTCMRHM       

[1mData Loader[0m
  Data:               ETTm1               Root Path:          /home/cwh/Time-Series-Library/dataset/ETT-small
  Data Path:          ETTm1.csv           Features:           M                   
  Target:             OT                  Freq:               t                   
  Checkpoints:        /home/cwh/Time-Series-Library/logs/patchtst_irpa_cmrhm_2x2x3/checkpoints

[1mForecasting Task[0m
  Seq Len:            960                 Label Len:          48                  
  Pred Len:           720                 Seasonal Patterns:  Monthly             
  Inverse:            0                   

[1mModel Parameters[0m
  Top k:              5                   Num Kernels:        6                   
  Enc In:             7                   Dec In:             7                   
  C Out:              7                   d model:            512                 
  n heads:            8                   e layers:           3                   
  d layers:           1                   d FF:               2048                
  Moving Avg:         25                  Factor:             3                   
  Distil:             1                   Dropout:            0.1                 
  Embed:              timeF               Activation:         gelu                

[1mRun Parameters[0m
  Num Workers:        0                   Itr:                1                   
  Train Epochs:       10                  Batch Size:         32                  
  Patience:           3                   Learning Rate:      0.0001              
  Des:                patchtstcmrhm_ettm1_sl960_pl720_s2023Loss:               MSE                 
  Lradj:              type1               Use Amp:            0                   

[1mGPU[0m
  Use GPU:            1                   GPU:                0                   
  Use Multi GPU:      0                   Devices:            0,1,2,3             

[1mDe-stationary Projector Params[0m
  P Hidden Dims:      128, 128            P Hidden Layers:    2                   

Use GPU: cuda:0
🚀 Lazy Loading: PatchTSTCMRHM ...
>>>>>>>start training : long_term_forecast_patchtstcmrhm_ettm1_sl960_pl720_s2023_PatchTSTCMRHM_ETTm1_ftM_sl960_ll48_pl720_dm512_nh8_el3_dl1_df2048_expand2_dc4_fc3_ebtimeF_dtTrue_patchtstcmrhm_ettm1_sl960_pl720_s2023_0>>>>>>>>>>>>>>>>>>>>>>>>>>
train 32881
val 10801
	iters: 100, epoch: 1 | loss: 0.5070056
	speed: 0.0148s/iter; left time: 151.1747s
	iters: 200, epoch: 1 | loss: 0.4871513
	speed: 0.0121s/iter; left time: 122.1546s
	iters: 300, epoch: 1 | loss: 0.4288884
	speed: 0.0122s/iter; left time: 121.2933s
	iters: 400, epoch: 1 | loss: 0.5785922
	speed: 0.0124s/iter; left time: 122.1599s
	iters: 500, epoch: 1 | loss: 0.4402034
	speed: 0.0122s/iter; left time: 119.2536s
	iters: 600, epoch: 1 | loss: 0.4847765
	speed: 0.0121s/iter; left time: 117.3232s
	iters: 700, epoch: 1 | loss: 0.4550069
	speed: 0.0124s/iter; left time: 119.2323s
	iters: 800, epoch: 1 | loss: 0.5172548
	speed: 0.0123s/iter; left time: 116.9843s
	iters: 900, epoch: 1 | loss: 0.4502791
	speed: 0.0123s/iter; left time: 115.2907s
	iters: 1000, epoch: 1 | loss: 0.4154654
	speed: 0.0123s/iter; left time: 114.2645s
Epoch: 1 cost time: 12.871561765670776
Epoch: 1, Steps: 1028 | Train Loss: 0.4714261 Vali Loss: 0.9325692
Validation loss decreased (inf --> 0.932569).  Saving model ...
Updating learning rate to 0.0001
	iters: 100, epoch: 2 | loss: 0.3966823
	speed: 0.0322s/iter; left time: 295.1596s
	iters: 200, epoch: 2 | loss: 0.4015335
	speed: 0.0126s/iter; left time: 114.0756s
	iters: 300, epoch: 2 | loss: 0.4698124
	speed: 0.0122s/iter; left time: 108.9605s
	iters: 400, epoch: 2 | loss: 0.4845884
	speed: 0.0121s/iter; left time: 107.1697s
	iters: 500, epoch: 2 | loss: 0.4301855
	speed: 0.0123s/iter; left time: 107.5814s
	iters: 600, epoch: 2 | loss: 0.3932575
	speed: 0.0123s/iter; left time: 106.8210s
	iters: 700, epoch: 2 | loss: 0.3490128
	speed: 0.0124s/iter; left time: 106.0871s
	iters: 800, epoch: 2 | loss: 0.4258800
	speed: 0.0123s/iter; left time: 104.2920s
	iters: 900, epoch: 2 | loss: 0.3958782
	speed: 0.0125s/iter; left time: 104.3097s
	iters: 1000, epoch: 2 | loss: 0.3572931
	speed: 0.0122s/iter; left time: 101.0900s
Epoch: 2 cost time: 12.673405170440674
Epoch: 2, Steps: 1028 | Train Loss: 0.4232062 Vali Loss: 0.9209904
Validation loss decreased (0.932569 --> 0.920990).  Saving model ...
Updating learning rate to 5e-05
	iters: 100, epoch: 3 | loss: 0.4000383
	speed: 0.0326s/iter; left time: 265.1219s
	iters: 200, epoch: 3 | loss: 0.3520367
	speed: 0.0124s/iter; left time: 99.5753s
	iters: 300, epoch: 3 | loss: 0.4406401
	speed: 0.0121s/iter; left time: 96.1678s
	iters: 400, epoch: 3 | loss: 0.3847603
	speed: 0.0122s/iter; left time: 95.3359s
	iters: 500, epoch: 3 | loss: 0.4248092
	speed: 0.0121s/iter; left time: 93.8118s
	iters: 600, epoch: 3 | loss: 0.3177618
	speed: 0.0121s/iter; left time: 92.0584s
	iters: 700, epoch: 3 | loss: 0.3941828
	speed: 0.0122s/iter; left time: 92.1101s
	iters: 800, epoch: 3 | loss: 0.4429919
	speed: 0.0123s/iter; left time: 91.1606s
	iters: 900, epoch: 3 | loss: 0.4388257
	speed: 0.0119s/iter; left time: 87.4429s
	iters: 1000, epoch: 3 | loss: 0.3385246
	speed: 0.0123s/iter; left time: 88.7827s
Epoch: 3 cost time: 12.544848918914795
Epoch: 3, Steps: 1028 | Train Loss: 0.3998848 Vali Loss: 0.9207705
Validation loss decreased (0.920990 --> 0.920770).  Saving model ...
Updating learning rate to 2.5e-05
	iters: 100, epoch: 4 | loss: 0.3911451
	speed: 0.0314s/iter; left time: 222.7110s
	iters: 200, epoch: 4 | loss: 0.3003379
	speed: 0.0122s/iter; left time: 85.1195s
	iters: 300, epoch: 4 | loss: 0.4834221
	speed: 0.0124s/iter; left time: 85.2129s
	iters: 400, epoch: 4 | loss: 0.4714907
	speed: 0.0120s/iter; left time: 81.8440s
	iters: 500, epoch: 4 | loss: 0.4073667
	speed: 0.0123s/iter; left time: 82.2195s
	iters: 600, epoch: 4 | loss: 0.4128927
	speed: 0.0123s/iter; left time: 81.4277s
	iters: 700, epoch: 4 | loss: 0.3962222
	speed: 0.0124s/iter; left time: 80.6336s
	iters: 800, epoch: 4 | loss: 0.4284129
	speed: 0.0122s/iter; left time: 78.2553s
	iters: 900, epoch: 4 | loss: 0.3992939
	speed: 0.0122s/iter; left time: 76.7537s
	iters: 1000, epoch: 4 | loss: 0.3482482
	speed: 0.0123s/iter; left time: 76.1865s
Epoch: 4 cost time: 12.60312557220459
Epoch: 4, Steps: 1028 | Train Loss: 0.3868058 Vali Loss: 0.9173648
Validation loss decreased (0.920770 --> 0.917365).  Saving model ...
Updating learning rate to 1.25e-05
	iters: 100, epoch: 5 | loss: 0.3779184
	speed: 0.0320s/iter; left time: 194.2049s
	iters: 200, epoch: 5 | loss: 0.3353398
	speed: 0.0127s/iter; left time: 75.5732s
	iters: 300, epoch: 5 | loss: 0.4054848
	speed: 0.0124s/iter; left time: 72.6939s
	iters: 400, epoch: 5 | loss: 0.4112706
	speed: 0.0125s/iter; left time: 72.2011s
	iters: 500, epoch: 5 | loss: 0.3380304
	speed: 0.0126s/iter; left time: 71.6373s
	iters: 600, epoch: 5 | loss: 0.3369718
	speed: 0.0123s/iter; left time: 68.3921s
	iters: 700, epoch: 5 | loss: 0.3956465
	speed: 0.0125s/iter; left time: 68.4359s
	iters: 800, epoch: 5 | loss: 0.4037492
	speed: 0.0122s/iter; left time: 65.4532s
	iters: 900, epoch: 5 | loss: 0.3881666
	speed: 0.0124s/iter; left time: 65.1165s
	iters: 1000, epoch: 5 | loss: 0.3101980
	speed: 0.0124s/iter; left time: 64.2370s
Epoch: 5 cost time: 12.772082328796387
Epoch: 5, Steps: 1028 | Train Loss: 0.3796188 Vali Loss: 0.9206803
EarlyStopping counter: 1 out of 3
Updating learning rate to 6.25e-06
	iters: 100, epoch: 6 | loss: 0.3772899
	speed: 0.0313s/iter; left time: 157.7144s
	iters: 200, epoch: 6 | loss: 0.3769661
	speed: 0.0121s/iter; left time: 59.8278s
	iters: 300, epoch: 6 | loss: 0.4624462
	speed: 0.0124s/iter; left time: 60.1425s
	iters: 400, epoch: 6 | loss: 0.4116958
	speed: 0.0127s/iter; left time: 59.9862s
	iters: 500, epoch: 6 | loss: 0.3896843
	speed: 0.0123s/iter; left time: 56.9710s
	iters: 600, epoch: 6 | loss: 0.3803878
	speed: 0.0125s/iter; left time: 56.7518s
	iters: 700, epoch: 6 | loss: 0.3521226
	speed: 0.0123s/iter; left time: 54.5719s
	iters: 800, epoch: 6 | loss: 0.3685342
	speed: 0.0125s/iter; left time: 54.4765s
	iters: 900, epoch: 6 | loss: 0.3765059
	speed: 0.0128s/iter; left time: 54.3392s
	iters: 1000, epoch: 6 | loss: 0.3624036
	speed: 0.0128s/iter; left time: 52.8445s
Epoch: 6 cost time: 12.82387375831604
Epoch: 6, Steps: 1028 | Train Loss: 0.3760579 Vali Loss: 0.9224503
EarlyStopping counter: 2 out of 3
Updating learning rate to 3.125e-06
	iters: 100, epoch: 7 | loss: 0.3835448
	speed: 0.0311s/iter; left time: 124.7432s
	iters: 200, epoch: 7 | loss: 0.3932148
	speed: 0.0124s/iter; left time: 48.6515s
	iters: 300, epoch: 7 | loss: 0.3671533
	speed: 0.0125s/iter; left time: 47.7275s
	iters: 400, epoch: 7 | loss: 0.3598237
	speed: 0.0123s/iter; left time: 45.5417s
	iters: 500, epoch: 7 | loss: 0.3640913
	speed: 0.0122s/iter; left time: 44.2425s
	iters: 600, epoch: 7 | loss: 0.4473973
	speed: 0.0123s/iter; left time: 43.1114s
	iters: 700, epoch: 7 | loss: 0.3418086
	speed: 0.0124s/iter; left time: 42.3754s
	iters: 800, epoch: 7 | loss: 0.3359437
	speed: 0.0123s/iter; left time: 40.7200s
	iters: 900, epoch: 7 | loss: 0.3955048
	speed: 0.0127s/iter; left time: 40.6918s
	iters: 1000, epoch: 7 | loss: 0.3580058
	speed: 0.0126s/iter; left time: 39.0685s
Epoch: 7 cost time: 12.738759279251099
Epoch: 7, Steps: 1028 | Train Loss: 0.3742121 Vali Loss: 0.9231702
EarlyStopping counter: 3 out of 3
Early stopping
VALIDATION_RESULT {"best_epoch": 4, "best_mae": 0.645465487587243, "best_mse": 0.9173647547986169, "epochs_ran": 7, "metric_version": "element_weighted_v1"}
>>>>>>>testing : long_term_forecast_patchtstcmrhm_ettm1_sl960_pl720_s2023_PatchTSTCMRHM_ETTm1_ftM_sl960_ll48_pl720_dm512_nh8_el3_dl1_df2048_expand2_dc4_fc3_ebtimeF_dtTrue_patchtstcmrhm_ettm1_sl960_pl720_s2023_0<<<<<<<<<<<<<<<<<<<<<<<<<<<<<<<<<
test 10801
test shape: (10801, 720, 7) (10801, 720, 7)
test shape: (10801, 720, 7) (10801, 720, 7)
mse:0.4365030527114868, mae:0.4422640800476074, dtw:Not calculated
