Using GPU
Args in experiment:
[1mBasic Config[0m
  Task Name:          long_term_forecast  Is Training:        1                   
  Model ID:           patchtstrecent_ettm1_sl960_pl96_s2023Model:              PatchTSTRecent      

[1mData Loader[0m
  Data:               ETTm1               Root Path:          /home/cwh/Time-Series-Library/dataset/ETT-small
  Data Path:          ETTm1.csv           Features:           M                   
  Target:             OT                  Freq:               t                   
  Checkpoints:        /home/cwh/Time-Series-Library/logs/patchtst_irpa_cmrhm_2x2x3/checkpoints

[1mForecasting Task[0m
  Seq Len:            960                 Label Len:          48                  
  Pred Len:           96                  Seasonal Patterns:  Monthly             
  Inverse:            0                   

[1mModel Parameters[0m
  Top k:              5                   Num Kernels:        6                   
  Enc In:             7                   Dec In:             7                   
  C Out:              7                   d model:            512                 
  n heads:            8                   e layers:           3                   
  d layers:           1                   d FF:               2048                
  Moving Avg:         25                  Factor:             3                   
  Distil:             1                   Dropout:            0.1                 
  Embed:              timeF               Activation:         gelu                

[1mRun Parameters[0m
  Num Workers:        0                   Itr:                1                   
  Train Epochs:       10                  Batch Size:         32                  
  Patience:           3                   Learning Rate:      0.0001              
  Des:                patchtstrecent_ettm1_sl960_pl96_s2023Loss:               MSE                 
  Lradj:              type1               Use Amp:            0                   

[1mGPU[0m
  Use GPU:            1                   GPU:                0                   
  Use Multi GPU:      0                   Devices:            0,1,2,3             

[1mDe-stationary Projector Params[0m
  P Hidden Dims:      128, 128            P Hidden Layers:    2                   

Use GPU: cuda:0
🚀 Lazy Loading: PatchTSTRecent ...
>>>>>>>start training : long_term_forecast_patchtstrecent_ettm1_sl960_pl96_s2023_PatchTSTRecent_ETTm1_ftM_sl960_ll48_pl96_dm512_nh8_el3_dl1_df2048_expand2_dc4_fc3_ebtimeF_dtTrue_patchtstrecent_ettm1_sl960_pl96_s2023_0>>>>>>>>>>>>>>>>>>>>>>>>>>
train 33505
val 11425
	iters: 100, epoch: 1 | loss: 0.3548523
	speed: 0.0133s/iter; left time: 138.2023s
	iters: 200, epoch: 1 | loss: 0.3990656
	speed: 0.0107s/iter; left time: 110.2635s
	iters: 300, epoch: 1 | loss: 0.3061498
	speed: 0.0106s/iter; left time: 107.7093s
	iters: 400, epoch: 1 | loss: 0.3348317
	speed: 0.0109s/iter; left time: 109.4001s
	iters: 500, epoch: 1 | loss: 0.2605520
	speed: 0.0109s/iter; left time: 109.0866s
	iters: 600, epoch: 1 | loss: 0.2951729
	speed: 0.0108s/iter; left time: 106.5011s
	iters: 700, epoch: 1 | loss: 0.3348786
	speed: 0.0107s/iter; left time: 104.9362s
	iters: 800, epoch: 1 | loss: 0.3457780
	speed: 0.0108s/iter; left time: 104.0863s
	iters: 900, epoch: 1 | loss: 0.2724281
	speed: 0.0107s/iter; left time: 102.1660s
	iters: 1000, epoch: 1 | loss: 0.3337119
	speed: 0.0106s/iter; left time: 100.8268s
Epoch: 1 cost time: 11.518714427947998
Epoch: 1, Steps: 1048 | Train Loss: 0.3322140 Vali Loss: 0.4098950
Validation loss decreased (inf --> 0.409895).  Saving model ...
Updating learning rate to 0.0001
	iters: 100, epoch: 2 | loss: 0.3144161
	speed: 0.0307s/iter; left time: 286.5238s
	iters: 200, epoch: 2 | loss: 0.2883893
	speed: 0.0108s/iter; left time: 99.9125s
	iters: 300, epoch: 2 | loss: 0.3237232
	speed: 0.0108s/iter; left time: 98.5430s
	iters: 400, epoch: 2 | loss: 0.3384137
	speed: 0.0111s/iter; left time: 100.5610s
	iters: 500, epoch: 2 | loss: 0.2712946
	speed: 0.0110s/iter; left time: 97.9067s
	iters: 600, epoch: 2 | loss: 0.3242665
	speed: 0.0108s/iter; left time: 95.5412s
	iters: 700, epoch: 2 | loss: 0.2290132
	speed: 0.0108s/iter; left time: 94.0884s
	iters: 800, epoch: 2 | loss: 0.3228254
	speed: 0.0109s/iter; left time: 93.8364s
	iters: 900, epoch: 2 | loss: 0.2936714
	speed: 0.0108s/iter; left time: 92.4439s
	iters: 1000, epoch: 2 | loss: 0.3257353
	speed: 0.0109s/iter; left time: 91.6286s
Epoch: 2 cost time: 11.396775007247925
Epoch: 2, Steps: 1048 | Train Loss: 0.3027407 Vali Loss: 0.4329115
EarlyStopping counter: 1 out of 3
Updating learning rate to 5e-05
	iters: 100, epoch: 3 | loss: 0.2290953
	speed: 0.0305s/iter; left time: 252.8835s
	iters: 200, epoch: 3 | loss: 0.2698934
	speed: 0.0108s/iter; left time: 88.5839s
	iters: 300, epoch: 3 | loss: 0.2656049
	speed: 0.0106s/iter; left time: 86.0070s
	iters: 400, epoch: 3 | loss: 0.3320594
	speed: 0.0108s/iter; left time: 86.3405s
	iters: 500, epoch: 3 | loss: 0.3111910
	speed: 0.0108s/iter; left time: 85.4267s
	iters: 600, epoch: 3 | loss: 0.2955359
	speed: 0.0107s/iter; left time: 83.3811s
	iters: 700, epoch: 3 | loss: 0.2469315
	speed: 0.0108s/iter; left time: 82.8180s
	iters: 800, epoch: 3 | loss: 0.2541492
	speed: 0.0108s/iter; left time: 82.0774s
	iters: 900, epoch: 3 | loss: 0.3054130
	speed: 0.0108s/iter; left time: 81.0660s
	iters: 1000, epoch: 3 | loss: 0.2430030
	speed: 0.0109s/iter; left time: 80.2754s
Epoch: 3 cost time: 11.326353311538696
Epoch: 3, Steps: 1048 | Train Loss: 0.2823398 Vali Loss: 0.4427807
EarlyStopping counter: 2 out of 3
Updating learning rate to 2.5e-05
	iters: 100, epoch: 4 | loss: 0.2852915
	speed: 0.0298s/iter; left time: 215.6471s
	iters: 200, epoch: 4 | loss: 0.2304675
	speed: 0.0107s/iter; left time: 76.1182s
	iters: 300, epoch: 4 | loss: 0.2513874
	speed: 0.0109s/iter; left time: 76.3814s
	iters: 400, epoch: 4 | loss: 0.2268342
	speed: 0.0108s/iter; left time: 74.8150s
	iters: 500, epoch: 4 | loss: 0.2325086
	speed: 0.0108s/iter; left time: 74.1157s
	iters: 600, epoch: 4 | loss: 0.2358042
	speed: 0.0109s/iter; left time: 73.4871s
	iters: 700, epoch: 4 | loss: 0.2281626
	speed: 0.0108s/iter; left time: 71.7453s
	iters: 800, epoch: 4 | loss: 0.2868850
	speed: 0.0108s/iter; left time: 70.4341s
	iters: 900, epoch: 4 | loss: 0.2736201
	speed: 0.0107s/iter; left time: 68.9099s
	iters: 1000, epoch: 4 | loss: 0.3006223
	speed: 0.0108s/iter; left time: 68.7253s
Epoch: 4 cost time: 11.30953311920166
Epoch: 4, Steps: 1048 | Train Loss: 0.2715680 Vali Loss: 0.4358452
EarlyStopping counter: 3 out of 3
Early stopping
VALIDATION_RESULT {"best_epoch": 1, "best_mae": 0.4255854601083453, "best_mse": 0.4098950260758984, "epochs_ran": 4, "metric_version": "element_weighted_v1"}
>>>>>>>testing : long_term_forecast_patchtstrecent_ettm1_sl960_pl96_s2023_PatchTSTRecent_ETTm1_ftM_sl960_ll48_pl96_dm512_nh8_el3_dl1_df2048_expand2_dc4_fc3_ebtimeF_dtTrue_patchtstrecent_ettm1_sl960_pl96_s2023_0<<<<<<<<<<<<<<<<<<<<<<<<<<<<<<<<<
test 11425
test shape: (11425, 96, 7) (11425, 96, 7)
test shape: (11425, 96, 7) (11425, 96, 7)
mse:0.33709490299224854, mae:0.372391015291214, dtw:Not calculated
