Using GPU
Args in experiment:
[1mBasic Config[0m
  Task Name:          long_term_forecast  Is Training:        1                   
  Model ID:           patchtstrecent_ettm1_sl960_pl96_s2022Model:              PatchTSTRecent      

[1mData Loader[0m
  Data:               ETTm1               Root Path:          /home/cwh/Time-Series-Library/dataset/ETT-small
  Data Path:          ETTm1.csv           Features:           M                   
  Target:             OT                  Freq:               t                   
  Checkpoints:        /home/cwh/Time-Series-Library/logs/patchtst_irpa_cmrhm_2x2x3/checkpoints

[1mForecasting Task[0m
  Seq Len:            960                 Label Len:          48                  
  Pred Len:           96                  Seasonal Patterns:  Monthly             
  Inverse:            0                   

[1mModel Parameters[0m
  Top k:              5                   Num Kernels:        6                   
  Enc In:             7                   Dec In:             7                   
  C Out:              7                   d model:            512                 
  n heads:            8                   e layers:           3                   
  d layers:           1                   d FF:               2048                
  Moving Avg:         25                  Factor:             3                   
  Distil:             1                   Dropout:            0.1                 
  Embed:              timeF               Activation:         gelu                

[1mRun Parameters[0m
  Num Workers:        0                   Itr:                1                   
  Train Epochs:       10                  Batch Size:         32                  
  Patience:           3                   Learning Rate:      0.0001              
  Des:                patchtstrecent_ettm1_sl960_pl96_s2022Loss:               MSE                 
  Lradj:              type1               Use Amp:            0                   

[1mGPU[0m
  Use GPU:            1                   GPU:                0                   
  Use Multi GPU:      0                   Devices:            0,1,2,3             

[1mDe-stationary Projector Params[0m
  P Hidden Dims:      128, 128            P Hidden Layers:    2                   

Use GPU: cuda:0
🚀 Lazy Loading: PatchTSTRecent ...
>>>>>>>start training : long_term_forecast_patchtstrecent_ettm1_sl960_pl96_s2022_PatchTSTRecent_ETTm1_ftM_sl960_ll48_pl96_dm512_nh8_el3_dl1_df2048_expand2_dc4_fc3_ebtimeF_dtTrue_patchtstrecent_ettm1_sl960_pl96_s2022_0>>>>>>>>>>>>>>>>>>>>>>>>>>
train 33505
val 11425
	iters: 100, epoch: 1 | loss: 0.3783259
	speed: 0.0132s/iter; left time: 137.1129s
	iters: 200, epoch: 1 | loss: 0.3130887
	speed: 0.0108s/iter; left time: 110.8565s
	iters: 300, epoch: 1 | loss: 0.3039577
	speed: 0.0109s/iter; left time: 110.6954s
	iters: 400, epoch: 1 | loss: 0.3637148
	speed: 0.0107s/iter; left time: 107.4081s
	iters: 500, epoch: 1 | loss: 0.2482096
	speed: 0.0108s/iter; left time: 108.0352s
	iters: 600, epoch: 1 | loss: 0.3491560
	speed: 0.0108s/iter; left time: 107.0202s
	iters: 700, epoch: 1 | loss: 0.3810180
	speed: 0.0109s/iter; left time: 106.9040s
	iters: 800, epoch: 1 | loss: 0.3316724
	speed: 0.0107s/iter; left time: 104.0184s
	iters: 900, epoch: 1 | loss: 0.3361573
	speed: 0.0108s/iter; left time: 103.5559s
	iters: 1000, epoch: 1 | loss: 0.2988213
	speed: 0.0109s/iter; left time: 103.3385s
Epoch: 1 cost time: 11.582670450210571
Epoch: 1, Steps: 1048 | Train Loss: 0.3330543 Vali Loss: 0.4251165
Validation loss decreased (inf --> 0.425116).  Saving model ...
Updating learning rate to 0.0001
	iters: 100, epoch: 2 | loss: 0.3272872
	speed: 0.0305s/iter; left time: 284.8002s
	iters: 200, epoch: 2 | loss: 0.2589132
	speed: 0.0109s/iter; left time: 100.1825s
	iters: 300, epoch: 2 | loss: 0.3471999
	speed: 0.0108s/iter; left time: 98.5701s
	iters: 400, epoch: 2 | loss: 0.2657053
	speed: 0.0110s/iter; left time: 98.9194s
	iters: 500, epoch: 2 | loss: 0.2417467
	speed: 0.0107s/iter; left time: 95.5588s
	iters: 600, epoch: 2 | loss: 0.3495989
	speed: 0.0110s/iter; left time: 96.8363s
	iters: 700, epoch: 2 | loss: 0.2189949
	speed: 0.0110s/iter; left time: 95.8199s
	iters: 800, epoch: 2 | loss: 0.3325737
	speed: 0.0108s/iter; left time: 93.3482s
	iters: 900, epoch: 2 | loss: 0.3219956
	speed: 0.0108s/iter; left time: 92.1853s
	iters: 1000, epoch: 2 | loss: 0.2919983
	speed: 0.0109s/iter; left time: 91.9090s
Epoch: 2 cost time: 11.390444278717041
Epoch: 2, Steps: 1048 | Train Loss: 0.3028876 Vali Loss: 0.4331599
EarlyStopping counter: 1 out of 3
Updating learning rate to 5e-05
	iters: 100, epoch: 3 | loss: 0.2525393
	speed: 0.0297s/iter; left time: 245.6875s
	iters: 200, epoch: 3 | loss: 0.2762968
	speed: 0.0109s/iter; left time: 88.8256s
	iters: 300, epoch: 3 | loss: 0.3122086
	speed: 0.0110s/iter; left time: 89.0304s
	iters: 400, epoch: 3 | loss: 0.2552234
	speed: 0.0108s/iter; left time: 86.4185s
	iters: 500, epoch: 3 | loss: 0.3345559
	speed: 0.0107s/iter; left time: 84.0315s
	iters: 600, epoch: 3 | loss: 0.2410164
	speed: 0.0108s/iter; left time: 83.9026s
	iters: 700, epoch: 3 | loss: 0.3111303
	speed: 0.0108s/iter; left time: 82.7978s
	iters: 800, epoch: 3 | loss: 0.2280951
	speed: 0.0107s/iter; left time: 81.5072s
	iters: 900, epoch: 3 | loss: 0.2883347
	speed: 0.0108s/iter; left time: 80.8455s
	iters: 1000, epoch: 3 | loss: 0.3585632
	speed: 0.0107s/iter; left time: 79.3362s
Epoch: 3 cost time: 11.29652214050293
Epoch: 3, Steps: 1048 | Train Loss: 0.2837181 Vali Loss: 0.4401338
EarlyStopping counter: 2 out of 3
Updating learning rate to 2.5e-05
	iters: 100, epoch: 4 | loss: 0.2399117
	speed: 0.0301s/iter; left time: 217.8913s
	iters: 200, epoch: 4 | loss: 0.2819269
	speed: 0.0108s/iter; left time: 76.8862s
	iters: 300, epoch: 4 | loss: 0.2512062
	speed: 0.0109s/iter; left time: 76.5330s
	iters: 400, epoch: 4 | loss: 0.2703945
	speed: 0.0108s/iter; left time: 74.6078s
	iters: 500, epoch: 4 | loss: 0.2920504
	speed: 0.0108s/iter; left time: 73.9510s
	iters: 600, epoch: 4 | loss: 0.2411641
	speed: 0.0107s/iter; left time: 72.1860s
	iters: 700, epoch: 4 | loss: 0.2854604
	speed: 0.0109s/iter; left time: 72.1006s
	iters: 800, epoch: 4 | loss: 0.2681146
	speed: 0.0108s/iter; left time: 70.3723s
	iters: 900, epoch: 4 | loss: 0.3164203
	speed: 0.0108s/iter; left time: 69.7200s
	iters: 1000, epoch: 4 | loss: 0.2161196
	speed: 0.0108s/iter; left time: 68.1527s
Epoch: 4 cost time: 11.312105417251587
Epoch: 4, Steps: 1048 | Train Loss: 0.2725683 Vali Loss: 0.4292342
EarlyStopping counter: 3 out of 3
Early stopping
VALIDATION_RESULT {"best_epoch": 1, "best_mae": 0.43958085835321603, "best_mse": 0.42511647340393544, "epochs_ran": 4, "metric_version": "element_weighted_v1"}
>>>>>>>testing : long_term_forecast_patchtstrecent_ettm1_sl960_pl96_s2022_PatchTSTRecent_ETTm1_ftM_sl960_ll48_pl96_dm512_nh8_el3_dl1_df2048_expand2_dc4_fc3_ebtimeF_dtTrue_patchtstrecent_ettm1_sl960_pl96_s2022_0<<<<<<<<<<<<<<<<<<<<<<<<<<<<<<<<<
test 11425
test shape: (11425, 96, 7) (11425, 96, 7)
test shape: (11425, 96, 7) (11425, 96, 7)
mse:0.3459503948688507, mae:0.3832310736179352, dtw:Not calculated
