Using GPU
Args in experiment:
[1mBasic Config[0m
  Task Name:          long_term_forecast  Is Training:        1                   
  Model ID:           patchtstirpa_ettm1_sl960_pl96_s2022Model:              PatchTSTIRPA        

[1mData Loader[0m
  Data:               ETTm1               Root Path:          /home/cwh/Time-Series-Library/dataset/ETT-small
  Data Path:          ETTm1.csv           Features:           M                   
  Target:             OT                  Freq:               t                   
  Checkpoints:        /home/cwh/Time-Series-Library/logs/patchtst_irpa_cmrhm_2x2x3/checkpoints

[1mForecasting Task[0m
  Seq Len:            960                 Label Len:          48                  
  Pred Len:           96                  Seasonal Patterns:  Monthly             
  Inverse:            0                   

[1mModel Parameters[0m
  Top k:              5                   Num Kernels:        6                   
  Enc In:             7                   Dec In:             7                   
  C Out:              7                   d model:            512                 
  n heads:            8                   e layers:           3                   
  d layers:           1                   d FF:               2048                
  Moving Avg:         25                  Factor:             3                   
  Distil:             1                   Dropout:            0.1                 
  Embed:              timeF               Activation:         gelu                

[1mRun Parameters[0m
  Num Workers:        0                   Itr:                1                   
  Train Epochs:       10                  Batch Size:         32                  
  Patience:           3                   Learning Rate:      0.0001              
  Des:                patchtstirpa_ettm1_sl960_pl96_s2022Loss:               MSE                 
  Lradj:              type1               Use Amp:            0                   

[1mGPU[0m
  Use GPU:            1                   GPU:                0                   
  Use Multi GPU:      0                   Devices:            0,1,2,3             

[1mDe-stationary Projector Params[0m
  P Hidden Dims:      128, 128            P Hidden Layers:    2                   

Use GPU: cuda:0
🚀 Lazy Loading: PatchTSTIRPA ...
>>>>>>>start training : long_term_forecast_patchtstirpa_ettm1_sl960_pl96_s2022_PatchTSTIRPA_ETTm1_ftM_sl960_ll48_pl96_dm512_nh8_el3_dl1_df2048_expand2_dc4_fc3_ebtimeF_dtTrue_patchtstirpa_ettm1_sl960_pl96_s2022_0>>>>>>>>>>>>>>>>>>>>>>>>>>
train 33505
val 11425
	iters: 100, epoch: 1 | loss: 0.3603474
	speed: 0.0153s/iter; left time: 158.4220s
	iters: 200, epoch: 1 | loss: 0.3259644
	speed: 0.0124s/iter; left time: 127.1963s
	iters: 300, epoch: 1 | loss: 0.2898815
	speed: 0.0124s/iter; left time: 126.6555s
	iters: 400, epoch: 1 | loss: 0.3608145
	speed: 0.0135s/iter; left time: 136.2069s
	iters: 500, epoch: 1 | loss: 0.2495371
	speed: 0.0134s/iter; left time: 134.0138s
	iters: 600, epoch: 1 | loss: 0.3326535
	speed: 0.0125s/iter; left time: 123.6079s
	iters: 700, epoch: 1 | loss: 0.3205056
	speed: 0.0126s/iter; left time: 122.9341s
	iters: 800, epoch: 1 | loss: 0.3064318
	speed: 0.0124s/iter; left time: 120.3728s
	iters: 900, epoch: 1 | loss: 0.2962081
	speed: 0.0125s/iter; left time: 119.8165s
	iters: 1000, epoch: 1 | loss: 0.2637228
	speed: 0.0124s/iter; left time: 117.8173s
Epoch: 1 cost time: 13.559237241744995
Epoch: 1, Steps: 1048 | Train Loss: 0.3195201 Vali Loss: 0.4608521
Validation loss decreased (inf --> 0.460852).  Saving model ...
Updating learning rate to 0.0001
	iters: 100, epoch: 2 | loss: 0.3012507
	speed: 0.0372s/iter; left time: 347.4473s
	iters: 200, epoch: 2 | loss: 0.2175034
	speed: 0.0123s/iter; left time: 113.9084s
	iters: 300, epoch: 2 | loss: 0.3211007
	speed: 0.0121s/iter; left time: 110.9493s
	iters: 400, epoch: 2 | loss: 0.2487189
	speed: 0.0124s/iter; left time: 112.1624s
	iters: 500, epoch: 2 | loss: 0.2462210
	speed: 0.0124s/iter; left time: 111.0804s
	iters: 600, epoch: 2 | loss: 0.3316653
	speed: 0.0124s/iter; left time: 109.5018s
	iters: 700, epoch: 2 | loss: 0.2066528
	speed: 0.0121s/iter; left time: 105.8060s
	iters: 800, epoch: 2 | loss: 0.3228818
	speed: 0.0125s/iter; left time: 107.8846s
	iters: 900, epoch: 2 | loss: 0.3069037
	speed: 0.0123s/iter; left time: 104.8022s
	iters: 1000, epoch: 2 | loss: 0.2995694
	speed: 0.0122s/iter; left time: 103.1629s
Epoch: 2 cost time: 12.916338682174683
Epoch: 2, Steps: 1048 | Train Loss: 0.2810904 Vali Loss: 0.3971148
Validation loss decreased (0.460852 --> 0.397115).  Saving model ...
Updating learning rate to 5e-05
	iters: 100, epoch: 3 | loss: 0.2401270
	speed: 0.0382s/iter; left time: 316.5086s
	iters: 200, epoch: 3 | loss: 0.2868083
	speed: 0.0122s/iter; left time: 100.0521s
	iters: 300, epoch: 3 | loss: 0.2845860
	speed: 0.0121s/iter; left time: 97.7442s
	iters: 400, epoch: 3 | loss: 0.2539156
	speed: 0.0124s/iter; left time: 99.1705s
	iters: 500, epoch: 3 | loss: 0.3008386
	speed: 0.0121s/iter; left time: 95.7912s
	iters: 600, epoch: 3 | loss: 0.2314812
	speed: 0.0122s/iter; left time: 95.2978s
	iters: 700, epoch: 3 | loss: 0.2885705
	speed: 0.0125s/iter; left time: 95.8753s
	iters: 800, epoch: 3 | loss: 0.2037751
	speed: 0.0123s/iter; left time: 93.4576s
	iters: 900, epoch: 3 | loss: 0.2708835
	speed: 0.0125s/iter; left time: 93.5787s
	iters: 1000, epoch: 3 | loss: 0.3112151
	speed: 0.0122s/iter; left time: 90.0510s
Epoch: 3 cost time: 12.941233158111572
Epoch: 3, Steps: 1048 | Train Loss: 0.2640440 Vali Loss: 0.3946656
Validation loss decreased (0.397115 --> 0.394666).  Saving model ...
Updating learning rate to 2.5e-05
	iters: 100, epoch: 4 | loss: 0.2069377
	speed: 0.0371s/iter; left time: 268.8221s
	iters: 200, epoch: 4 | loss: 0.2578309
	speed: 0.0123s/iter; left time: 87.6479s
	iters: 300, epoch: 4 | loss: 0.2307451
	speed: 0.0124s/iter; left time: 87.1470s
	iters: 400, epoch: 4 | loss: 0.2409295
	speed: 0.0125s/iter; left time: 86.4003s
	iters: 500, epoch: 4 | loss: 0.2366165
	speed: 0.0124s/iter; left time: 84.6075s
	iters: 600, epoch: 4 | loss: 0.2191337
	speed: 0.0121s/iter; left time: 81.6284s
	iters: 700, epoch: 4 | loss: 0.2616638
	speed: 0.0123s/iter; left time: 81.3808s
	iters: 800, epoch: 4 | loss: 0.2715794
	speed: 0.0122s/iter; left time: 80.0394s
	iters: 900, epoch: 4 | loss: 0.2739560
	speed: 0.0122s/iter; left time: 78.7678s
	iters: 1000, epoch: 4 | loss: 0.2126988
	speed: 0.0123s/iter; left time: 78.2129s
Epoch: 4 cost time: 12.912463426589966
Epoch: 4, Steps: 1048 | Train Loss: 0.2560152 Vali Loss: 0.3821019
Validation loss decreased (0.394666 --> 0.382102).  Saving model ...
Updating learning rate to 1.25e-05
	iters: 100, epoch: 5 | loss: 0.2969343
	speed: 0.0367s/iter; left time: 227.0042s
	iters: 200, epoch: 5 | loss: 0.2656739
	speed: 0.0125s/iter; left time: 75.9005s
	iters: 300, epoch: 5 | loss: 0.2382835
	speed: 0.0120s/iter; left time: 71.6236s
	iters: 400, epoch: 5 | loss: 0.2190172
	speed: 0.0122s/iter; left time: 71.8282s
	iters: 500, epoch: 5 | loss: 0.2237244
	speed: 0.0121s/iter; left time: 70.2664s
	iters: 600, epoch: 5 | loss: 0.2877037
	speed: 0.0121s/iter; left time: 68.8365s
	iters: 700, epoch: 5 | loss: 0.2401040
	speed: 0.0122s/iter; left time: 68.0566s
	iters: 800, epoch: 5 | loss: 0.2595898
	speed: 0.0122s/iter; left time: 66.7336s
	iters: 900, epoch: 5 | loss: 0.2432479
	speed: 0.0124s/iter; left time: 66.9609s
	iters: 1000, epoch: 5 | loss: 0.2993110
	speed: 0.0124s/iter; left time: 65.6665s
Epoch: 5 cost time: 12.85468864440918
Epoch: 5, Steps: 1048 | Train Loss: 0.2515795 Vali Loss: 0.3906520
EarlyStopping counter: 1 out of 3
Updating learning rate to 6.25e-06
	iters: 100, epoch: 6 | loss: 0.2428981
	speed: 0.0362s/iter; left time: 186.0341s
	iters: 200, epoch: 6 | loss: 0.2394656
	speed: 0.0123s/iter; left time: 61.8174s
	iters: 300, epoch: 6 | loss: 0.2424131
	speed: 0.0123s/iter; left time: 60.6849s
	iters: 400, epoch: 6 | loss: 0.3059187
	speed: 0.0123s/iter; left time: 59.7484s
	iters: 500, epoch: 6 | loss: 0.2468677
	speed: 0.0123s/iter; left time: 58.1992s
	iters: 600, epoch: 6 | loss: 0.2085489
	speed: 0.0123s/iter; left time: 57.2716s
	iters: 700, epoch: 6 | loss: 0.2492872
	speed: 0.0124s/iter; left time: 56.4702s
	iters: 800, epoch: 6 | loss: 0.2589353
	speed: 0.0123s/iter; left time: 54.7693s
	iters: 900, epoch: 6 | loss: 0.2338473
	speed: 0.0123s/iter; left time: 53.5141s
	iters: 1000, epoch: 6 | loss: 0.2192548
	speed: 0.0122s/iter; left time: 51.6103s
Epoch: 6 cost time: 12.88201355934143
Epoch: 6, Steps: 1048 | Train Loss: 0.2493273 Vali Loss: 0.3893439
EarlyStopping counter: 2 out of 3
Updating learning rate to 3.125e-06
	iters: 100, epoch: 7 | loss: 0.2747471
	speed: 0.0364s/iter; left time: 148.9770s
	iters: 200, epoch: 7 | loss: 0.2499750
	speed: 0.0121s/iter; left time: 48.4940s
	iters: 300, epoch: 7 | loss: 0.2960069
	speed: 0.0123s/iter; left time: 47.7379s
	iters: 400, epoch: 7 | loss: 0.2823840
	speed: 0.0123s/iter; left time: 46.6795s
	iters: 500, epoch: 7 | loss: 0.2903704
	speed: 0.0123s/iter; left time: 45.3051s
	iters: 600, epoch: 7 | loss: 0.2284168
	speed: 0.0125s/iter; left time: 45.0046s
	iters: 700, epoch: 7 | loss: 0.2752965
	speed: 0.0122s/iter; left time: 42.7207s
	iters: 800, epoch: 7 | loss: 0.2739505
	speed: 0.0123s/iter; left time: 41.6743s
	iters: 900, epoch: 7 | loss: 0.2657144
	speed: 0.0122s/iter; left time: 40.2324s
	iters: 1000, epoch: 7 | loss: 0.3199280
	speed: 0.0122s/iter; left time: 39.0679s
Epoch: 7 cost time: 12.878202438354492
Epoch: 7, Steps: 1048 | Train Loss: 0.2485444 Vali Loss: 0.3863584
EarlyStopping counter: 3 out of 3
Early stopping
VALIDATION_RESULT {"best_epoch": 4, "best_mae": 0.416345843173718, "best_mse": 0.38210193553740524, "epochs_ran": 7, "metric_version": "element_weighted_v1"}
>>>>>>>testing : long_term_forecast_patchtstirpa_ettm1_sl960_pl96_s2022_PatchTSTIRPA_ETTm1_ftM_sl960_ll48_pl96_dm512_nh8_el3_dl1_df2048_expand2_dc4_fc3_ebtimeF_dtTrue_patchtstirpa_ettm1_sl960_pl96_s2022_0<<<<<<<<<<<<<<<<<<<<<<<<<<<<<<<<<
test 11425
test shape: (11425, 96, 7) (11425, 96, 7)
test shape: (11425, 96, 7) (11425, 96, 7)
mse:0.2964659631252289, mae:0.3480710983276367, dtw:Not calculated
