Using GPU
Args in experiment:
[1mBasic Config[0m
  Task Name:          long_term_forecast  Is Training:        1                   
  Model ID:           trps_phase_b_timerole_ettm1_p96_s2021_r4Model:              TimeRole            

[1mData Loader[0m
  Data:               ETTm1               Root Path:          /home/cwh/Time-Series-Library/dataset/ETT-small
  Data Path:          ETTm1.csv           Features:           M                   
  Target:             OT                  Freq:               t                   
  Checkpoints:        /home/cwh/Time-Series-Library/logs/timerole_recent_simplification/checkpoints

[1mForecasting Task[0m
  Seq Len:            336                 Label Len:          48                  
  Pred Len:           96                  Seasonal Patterns:  Monthly             
  Inverse:            0                   

[1mModel Parameters[0m
  Top k:              5                   Num Kernels:        6                   
  Enc In:             7                   Dec In:             7                   
  C Out:              7                   d model:            64                  
  n heads:            8                   e layers:           1                   
  d layers:           1                   d FF:               128                 
  Moving Avg:         25                  Factor:             1                   
  Distil:             1                   Dropout:            0.1                 
  Embed:              timeF               Activation:         gelu                

[1mRun Parameters[0m
  Num Workers:        0                   Itr:                1                   
  Train Epochs:       100                 Batch Size:         32                  
  Patience:           6                   Learning Rate:      0.0005              
  Des:                trps_phase_b_timerole_ettm1_p96_s2021_r4Loss:               MSE                 
  Lradj:              type1               Use Amp:            0                   

[1mGPU[0m
  Use GPU:            1                   GPU:                0                   
  Use Multi GPU:      0                   Devices:            0,1,2,3             

[1mDe-stationary Projector Params[0m
  P Hidden Dims:      128, 128            P Hidden Layers:    2                   

Use GPU: cuda:0
🚀 Lazy Loading: TimeRole ...
>>>>>>>start training : long_term_forecast_trps_phase_b_timerole_ettm1_p96_s2021_r4_TimeRole_ETTm1_ftM_sl336_ll48_pl96_dm64_nh8_el1_dl1_df128_expand2_dc2_fc1_ebtimeF_dtTrue_trps_phase_b_timerole_ettm1_p96_s2021_r4_0>>>>>>>>>>>>>>>>>>>>>>>>>>
train 34129
val 11425
	iters: 100, epoch: 1 | loss: 0.3464101
	speed: 0.0085s/iter; left time: 906.9936s
	iters: 200, epoch: 1 | loss: 0.3497232
	speed: 0.0065s/iter; left time: 695.5827s
	iters: 300, epoch: 1 | loss: 0.3052277
	speed: 0.0065s/iter; left time: 687.9282s
	iters: 400, epoch: 1 | loss: 0.3369196
	speed: 0.0066s/iter; left time: 698.2653s
	iters: 500, epoch: 1 | loss: 0.2484701
	speed: 0.0064s/iter; left time: 683.5775s
	iters: 600, epoch: 1 | loss: 0.2368177
	speed: 0.0065s/iter; left time: 688.2802s
	iters: 700, epoch: 1 | loss: 0.3011076
	speed: 0.0067s/iter; left time: 709.2949s
	iters: 800, epoch: 1 | loss: 0.2793711
	speed: 0.0065s/iter; left time: 684.8122s
	iters: 900, epoch: 1 | loss: 0.2753166
	speed: 0.0065s/iter; left time: 682.6677s
	iters: 1000, epoch: 1 | loss: 0.2728477
	speed: 0.0065s/iter; left time: 690.8020s
Epoch: 1 cost time: 7.153996706008911
Epoch: 1, Steps: 1067 | Train Loss: 0.3040142 Vali Loss: 0.3929653
Validation loss decreased (inf --> 0.392965).  Saving model ...
Updating learning rate to 0.0005
	iters: 100, epoch: 2 | loss: 0.3636728
	speed: 0.0208s/iter; left time: 2199.5853s
	iters: 200, epoch: 2 | loss: 0.3019742
	speed: 0.0066s/iter; left time: 693.3447s
	iters: 300, epoch: 2 | loss: 0.2026500
	speed: 0.0064s/iter; left time: 671.6452s
	iters: 400, epoch: 2 | loss: 0.1819367
	speed: 0.0066s/iter; left time: 696.5778s
	iters: 500, epoch: 2 | loss: 0.2476813
	speed: 0.0068s/iter; left time: 713.0356s
	iters: 600, epoch: 2 | loss: 0.2421503
	speed: 0.0065s/iter; left time: 678.1619s
	iters: 700, epoch: 2 | loss: 0.2159185
	speed: 0.0065s/iter; left time: 679.0264s
	iters: 800, epoch: 2 | loss: 0.2210155
	speed: 0.0067s/iter; left time: 700.9250s
	iters: 900, epoch: 2 | loss: 0.2489665
	speed: 0.0066s/iter; left time: 690.2517s
	iters: 1000, epoch: 2 | loss: 0.2015367
	speed: 0.0064s/iter; left time: 669.4544s
Epoch: 2 cost time: 6.964572906494141
Epoch: 2, Steps: 1067 | Train Loss: 0.2542515 Vali Loss: 0.3843379
Validation loss decreased (0.392965 --> 0.384338).  Saving model ...
Updating learning rate to 0.00025
	iters: 100, epoch: 3 | loss: 0.2356937
	speed: 0.0211s/iter; left time: 2201.7940s
	iters: 200, epoch: 3 | loss: 0.2259022
	speed: 0.0068s/iter; left time: 713.8509s
	iters: 300, epoch: 3 | loss: 0.1972172
	speed: 0.0066s/iter; left time: 684.2204s
	iters: 400, epoch: 3 | loss: 0.2852014
	speed: 0.0065s/iter; left time: 680.5077s
	iters: 500, epoch: 3 | loss: 0.2693426
	speed: 0.0065s/iter; left time: 676.8661s
	iters: 600, epoch: 3 | loss: 0.2139430
	speed: 0.0067s/iter; left time: 698.3382s
	iters: 700, epoch: 3 | loss: 0.2428122
	speed: 0.0064s/iter; left time: 666.1679s
	iters: 800, epoch: 3 | loss: 0.2561718
	speed: 0.0067s/iter; left time: 692.0285s
	iters: 900, epoch: 3 | loss: 0.2664621
	speed: 0.0067s/iter; left time: 694.0391s
	iters: 1000, epoch: 3 | loss: 0.2124335
	speed: 0.0066s/iter; left time: 682.6939s
Epoch: 3 cost time: 7.051002264022827
Epoch: 3, Steps: 1067 | Train Loss: 0.2401229 Vali Loss: 0.3711500
Validation loss decreased (0.384338 --> 0.371150).  Saving model ...
Updating learning rate to 0.000125
	iters: 100, epoch: 4 | loss: 0.1983865
	speed: 0.0211s/iter; left time: 2185.1412s
	iters: 200, epoch: 4 | loss: 0.2615950
	speed: 0.0066s/iter; left time: 682.8721s
	iters: 300, epoch: 4 | loss: 0.2363219
	speed: 0.0071s/iter; left time: 728.0198s
	iters: 400, epoch: 4 | loss: 0.2665506
	speed: 0.0068s/iter; left time: 701.7334s
	iters: 500, epoch: 4 | loss: 0.1906835
	speed: 0.0065s/iter; left time: 664.3986s
	iters: 600, epoch: 4 | loss: 0.1945544
	speed: 0.0065s/iter; left time: 668.2368s
	iters: 700, epoch: 4 | loss: 0.2786917
	speed: 0.0064s/iter; left time: 655.2349s
	iters: 800, epoch: 4 | loss: 0.2199107
	speed: 0.0066s/iter; left time: 673.7942s
	iters: 900, epoch: 4 | loss: 0.2246382
	speed: 0.0073s/iter; left time: 751.0945s
	iters: 1000, epoch: 4 | loss: 0.2772819
	speed: 0.0072s/iter; left time: 741.4785s
Epoch: 4 cost time: 7.2018280029296875
Epoch: 4, Steps: 1067 | Train Loss: 0.2346822 Vali Loss: 0.3667668
Validation loss decreased (0.371150 --> 0.366767).  Saving model ...
Updating learning rate to 6.25e-05
	iters: 100, epoch: 5 | loss: 0.1761191
	speed: 0.0246s/iter; left time: 2520.8830s
	iters: 200, epoch: 5 | loss: 0.2770469
	speed: 0.0082s/iter; left time: 841.1046s
	iters: 300, epoch: 5 | loss: 0.1810185
	speed: 0.0077s/iter; left time: 789.8253s
	iters: 400, epoch: 5 | loss: 0.2200186
	speed: 0.0071s/iter; left time: 721.5762s
	iters: 500, epoch: 5 | loss: 0.2423507
	speed: 0.0067s/iter; left time: 679.5865s
	iters: 600, epoch: 5 | loss: 0.2939619
	speed: 0.0067s/iter; left time: 681.2782s
	iters: 700, epoch: 5 | loss: 0.2156246
	speed: 0.0065s/iter; left time: 663.9722s
	iters: 800, epoch: 5 | loss: 0.2523631
	speed: 0.0066s/iter; left time: 669.3970s
	iters: 900, epoch: 5 | loss: 0.2670801
	speed: 0.0071s/iter; left time: 717.6360s
	iters: 1000, epoch: 5 | loss: 0.2322253
	speed: 0.0067s/iter; left time: 683.8879s
Epoch: 5 cost time: 7.620755434036255
Epoch: 5, Steps: 1067 | Train Loss: 0.2321797 Vali Loss: 0.3627738
Validation loss decreased (0.366767 --> 0.362774).  Saving model ...
Updating learning rate to 3.125e-05
	iters: 100, epoch: 6 | loss: 0.2443446
	speed: 0.0224s/iter; left time: 2263.9995s
	iters: 200, epoch: 6 | loss: 0.2331306
	speed: 0.0071s/iter; left time: 713.4624s
	iters: 300, epoch: 6 | loss: 0.2453041
	speed: 0.0071s/iter; left time: 713.6126s
	iters: 400, epoch: 6 | loss: 0.2613168
	speed: 0.0069s/iter; left time: 695.0642s
	iters: 500, epoch: 6 | loss: 0.1974678
	speed: 0.0071s/iter; left time: 711.2142s
	iters: 600, epoch: 6 | loss: 0.2123422
	speed: 0.0067s/iter; left time: 674.9718s
	iters: 700, epoch: 6 | loss: 0.2313819
	speed: 0.0068s/iter; left time: 683.1656s
	iters: 800, epoch: 6 | loss: 0.2449178
	speed: 0.0068s/iter; left time: 687.7866s
	iters: 900, epoch: 6 | loss: 0.2211765
	speed: 0.0069s/iter; left time: 694.8816s
	iters: 1000, epoch: 6 | loss: 0.2278624
	speed: 0.0068s/iter; left time: 682.6138s
Epoch: 6 cost time: 7.322488784790039
Epoch: 6, Steps: 1067 | Train Loss: 0.2308628 Vali Loss: 0.3623323
Validation loss decreased (0.362774 --> 0.362332).  Saving model ...
Updating learning rate to 1.5625e-05
	iters: 100, epoch: 7 | loss: 0.2379078
	speed: 0.0210s/iter; left time: 2107.6859s
	iters: 200, epoch: 7 | loss: 0.2592461
	speed: 0.0065s/iter; left time: 651.4526s
	iters: 300, epoch: 7 | loss: 0.2198960
	speed: 0.0067s/iter; left time: 670.7973s
	iters: 400, epoch: 7 | loss: 0.1871056
	speed: 0.0067s/iter; left time: 666.5577s
	iters: 500, epoch: 7 | loss: 0.2421564
	speed: 0.0068s/iter; left time: 676.2786s
	iters: 600, epoch: 7 | loss: 0.2176802
	speed: 0.0066s/iter; left time: 656.9441s
	iters: 700, epoch: 7 | loss: 0.2709509
	speed: 0.0066s/iter; left time: 653.1226s
	iters: 800, epoch: 7 | loss: 0.2737455
	speed: 0.0068s/iter; left time: 680.4607s
	iters: 900, epoch: 7 | loss: 0.2559590
	speed: 0.0074s/iter; left time: 734.9265s
	iters: 1000, epoch: 7 | loss: 0.2243964
	speed: 0.0067s/iter; left time: 668.6758s
Epoch: 7 cost time: 7.162942409515381
Epoch: 7, Steps: 1067 | Train Loss: 0.2301368 Vali Loss: 0.3642492
EarlyStopping counter: 1 out of 6
Updating learning rate to 7.8125e-06
	iters: 100, epoch: 8 | loss: 0.2599910
	speed: 0.0212s/iter; left time: 2097.9921s
	iters: 200, epoch: 8 | loss: 0.2233527
	speed: 0.0071s/iter; left time: 703.1275s
	iters: 300, epoch: 8 | loss: 0.1671708
	speed: 0.0071s/iter; left time: 700.0283s
	iters: 400, epoch: 8 | loss: 0.2152591
	speed: 0.0069s/iter; left time: 686.4375s
	iters: 500, epoch: 8 | loss: 0.1916195
	speed: 0.0070s/iter; left time: 690.2995s
	iters: 600, epoch: 8 | loss: 0.2553735
	speed: 0.0066s/iter; left time: 648.9971s
	iters: 700, epoch: 8 | loss: 0.2261766
	speed: 0.0065s/iter; left time: 643.9046s
	iters: 800, epoch: 8 | loss: 0.1963818
	speed: 0.0065s/iter; left time: 640.0958s
	iters: 900, epoch: 8 | loss: 0.2118004
	speed: 0.0068s/iter; left time: 671.8625s
	iters: 1000, epoch: 8 | loss: 0.2102759
	speed: 0.0065s/iter; left time: 633.8133s
Epoch: 8 cost time: 7.243432998657227
Epoch: 8, Steps: 1067 | Train Loss: 0.2297740 Vali Loss: 0.3623581
EarlyStopping counter: 2 out of 6
Updating learning rate to 3.90625e-06
	iters: 100, epoch: 9 | loss: 0.2350156
	speed: 0.0221s/iter; left time: 2162.4398s
	iters: 200, epoch: 9 | loss: 0.2131404
	speed: 0.0069s/iter; left time: 672.5725s
	iters: 300, epoch: 9 | loss: 0.2101931
	speed: 0.0065s/iter; left time: 639.5371s
	iters: 400, epoch: 9 | loss: 0.2768347
	speed: 0.0065s/iter; left time: 639.6106s
	iters: 500, epoch: 9 | loss: 0.1945172
	speed: 0.0067s/iter; left time: 654.4459s
	iters: 600, epoch: 9 | loss: 0.1956580
	speed: 0.0070s/iter; left time: 679.3191s
	iters: 700, epoch: 9 | loss: 0.2203927
	speed: 0.0071s/iter; left time: 696.1622s
	iters: 800, epoch: 9 | loss: 0.2372112
	speed: 0.0074s/iter; left time: 718.9053s
	iters: 900, epoch: 9 | loss: 0.2178210
	speed: 0.0068s/iter; left time: 662.3781s
	iters: 1000, epoch: 9 | loss: 0.3193954
	speed: 0.0076s/iter; left time: 739.5803s
Epoch: 9 cost time: 7.40122389793396
Epoch: 9, Steps: 1067 | Train Loss: 0.2294191 Vali Loss: 0.3621373
Validation loss decreased (0.362332 --> 0.362137).  Saving model ...
Updating learning rate to 1.953125e-06
	iters: 100, epoch: 10 | loss: 0.2171633
	speed: 0.0212s/iter; left time: 2057.6791s
	iters: 200, epoch: 10 | loss: 0.2275183
	speed: 0.0073s/iter; left time: 702.8348s
	iters: 300, epoch: 10 | loss: 0.2366582
	speed: 0.0071s/iter; left time: 690.8707s
	iters: 400, epoch: 10 | loss: 0.2790319
	speed: 0.0072s/iter; left time: 699.4547s
	iters: 500, epoch: 10 | loss: 0.1836234
	speed: 0.0066s/iter; left time: 639.0681s
	iters: 600, epoch: 10 | loss: 0.1995423
	speed: 0.0066s/iter; left time: 636.9598s
	iters: 700, epoch: 10 | loss: 0.2472286
	speed: 0.0071s/iter; left time: 684.1064s
	iters: 800, epoch: 10 | loss: 0.2106675
	speed: 0.0070s/iter; left time: 670.4787s
	iters: 900, epoch: 10 | loss: 0.2027049
	speed: 0.0070s/iter; left time: 672.3824s
	iters: 1000, epoch: 10 | loss: 0.3128656
	speed: 0.0069s/iter; left time: 658.9174s
Epoch: 10 cost time: 7.401546478271484
Epoch: 10, Steps: 1067 | Train Loss: 0.2293541 Vali Loss: 0.3623593
EarlyStopping counter: 1 out of 6
Updating learning rate to 9.765625e-07
	iters: 100, epoch: 11 | loss: 0.2342287
	speed: 0.0218s/iter; left time: 2092.4362s
	iters: 200, epoch: 11 | loss: 0.2535711
	speed: 0.0072s/iter; left time: 686.0760s
	iters: 300, epoch: 11 | loss: 0.2303564
	speed: 0.0075s/iter; left time: 720.9364s
	iters: 400, epoch: 11 | loss: 0.2330875
	speed: 0.0070s/iter; left time: 673.3804s
	iters: 500, epoch: 11 | loss: 0.2564358
	speed: 0.0065s/iter; left time: 619.6105s
	iters: 600, epoch: 11 | loss: 0.2209128
	speed: 0.0066s/iter; left time: 626.0418s
	iters: 700, epoch: 11 | loss: 0.2324802
	speed: 0.0067s/iter; left time: 640.5513s
	iters: 800, epoch: 11 | loss: 0.2300027
	speed: 0.0065s/iter; left time: 618.6690s
	iters: 900, epoch: 11 | loss: 0.2383952
	speed: 0.0065s/iter; left time: 615.6621s
	iters: 1000, epoch: 11 | loss: 0.2339161
	speed: 0.0069s/iter; left time: 658.4088s
Epoch: 11 cost time: 7.271307945251465
Epoch: 11, Steps: 1067 | Train Loss: 0.2292811 Vali Loss: 0.3623552
EarlyStopping counter: 2 out of 6
Updating learning rate to 4.8828125e-07
	iters: 100, epoch: 12 | loss: 0.2101741
	speed: 0.0217s/iter; left time: 2054.6399s
	iters: 200, epoch: 12 | loss: 0.2315559
	speed: 0.0065s/iter; left time: 613.3202s
	iters: 300, epoch: 12 | loss: 0.2058980
	speed: 0.0066s/iter; left time: 623.1261s
	iters: 400, epoch: 12 | loss: 0.2065069
	speed: 0.0068s/iter; left time: 643.7092s
	iters: 500, epoch: 12 | loss: 0.2089283
	speed: 0.0066s/iter; left time: 627.0106s
	iters: 600, epoch: 12 | loss: 0.1901599
	speed: 0.0065s/iter; left time: 613.1418s
	iters: 700, epoch: 12 | loss: 0.2278895
	speed: 0.0066s/iter; left time: 622.8574s
	iters: 800, epoch: 12 | loss: 0.1706103
	speed: 0.0067s/iter; left time: 626.4384s
	iters: 900, epoch: 12 | loss: 0.1971880
	speed: 0.0065s/iter; left time: 614.1324s
	iters: 1000, epoch: 12 | loss: 0.2155502
	speed: 0.0068s/iter; left time: 643.2328s
Epoch: 12 cost time: 7.059119462966919
Epoch: 12, Steps: 1067 | Train Loss: 0.2293973 Vali Loss: 0.3623634
EarlyStopping counter: 3 out of 6
Updating learning rate to 2.44140625e-07
	iters: 100, epoch: 13 | loss: 0.2018133
	speed: 0.0221s/iter; left time: 2068.5038s
	iters: 200, epoch: 13 | loss: 0.2041381
	speed: 0.0065s/iter; left time: 605.7597s
	iters: 300, epoch: 13 | loss: 0.2001661
	speed: 0.0064s/iter; left time: 602.5521s
	iters: 400, epoch: 13 | loss: 0.2492001
	speed: 0.0068s/iter; left time: 633.9203s
	iters: 500, epoch: 13 | loss: 0.2158719
	speed: 0.0068s/iter; left time: 634.6026s
	iters: 600, epoch: 13 | loss: 0.2384869
	speed: 0.0072s/iter; left time: 669.2865s
	iters: 700, epoch: 13 | loss: 0.2554578
	speed: 0.0074s/iter; left time: 688.0631s
	iters: 800, epoch: 13 | loss: 0.2284237
	speed: 0.0069s/iter; left time: 641.9079s
	iters: 900, epoch: 13 | loss: 0.1992372
	speed: 0.0069s/iter; left time: 639.1947s
	iters: 1000, epoch: 13 | loss: 0.2115411
	speed: 0.0067s/iter; left time: 624.1090s
Epoch: 13 cost time: 7.295111656188965
Epoch: 13, Steps: 1067 | Train Loss: 0.2292110 Vali Loss: 0.3623537
EarlyStopping counter: 4 out of 6
Updating learning rate to 1.220703125e-07
	iters: 100, epoch: 14 | loss: 0.2030070
	speed: 0.0223s/iter; left time: 2065.5388s
	iters: 200, epoch: 14 | loss: 0.1861263
	speed: 0.0066s/iter; left time: 614.4535s
	iters: 300, epoch: 14 | loss: 0.2473537
	speed: 0.0066s/iter; left time: 609.9407s
	iters: 400, epoch: 14 | loss: 0.1773148
	speed: 0.0068s/iter; left time: 630.5814s
	iters: 500, epoch: 14 | loss: 0.1992248
	speed: 0.0067s/iter; left time: 616.5922s
	iters: 600, epoch: 14 | loss: 0.2410695
	speed: 0.0065s/iter; left time: 600.7258s
	iters: 700, epoch: 14 | loss: 0.2289415
	speed: 0.0066s/iter; left time: 606.5132s
	iters: 800, epoch: 14 | loss: 0.2669674
	speed: 0.0066s/iter; left time: 608.8695s
	iters: 900, epoch: 14 | loss: 0.2889378
	speed: 0.0069s/iter; left time: 632.3160s
	iters: 1000, epoch: 14 | loss: 0.2402185
	speed: 0.0069s/iter; left time: 630.5667s
Epoch: 14 cost time: 7.144074440002441
Epoch: 14, Steps: 1067 | Train Loss: 0.2292557 Vali Loss: 0.3623540
EarlyStopping counter: 5 out of 6
Updating learning rate to 6.103515625e-08
	iters: 100, epoch: 15 | loss: 0.2643992
	speed: 0.0222s/iter; left time: 2036.2253s
	iters: 200, epoch: 15 | loss: 0.2396148
	speed: 0.0068s/iter; left time: 619.3220s
	iters: 300, epoch: 15 | loss: 0.2075969
	speed: 0.0069s/iter; left time: 630.8619s
	iters: 400, epoch: 15 | loss: 0.2934377
	speed: 0.0072s/iter; left time: 657.4167s
	iters: 500, epoch: 15 | loss: 0.2605079
	speed: 0.0068s/iter; left time: 620.3915s
	iters: 600, epoch: 15 | loss: 0.2485597
	speed: 0.0068s/iter; left time: 623.6021s
	iters: 700, epoch: 15 | loss: 0.2250252
	speed: 0.0080s/iter; left time: 728.8898s
	iters: 800, epoch: 15 | loss: 0.2567990
	speed: 0.0081s/iter; left time: 738.9421s
	iters: 900, epoch: 15 | loss: 0.1747803
	speed: 0.0065s/iter; left time: 587.7990s
	iters: 1000, epoch: 15 | loss: 0.2802539
	speed: 0.0066s/iter; left time: 599.3107s
Epoch: 15 cost time: 7.507695436477661
Epoch: 15, Steps: 1067 | Train Loss: 0.2292201 Vali Loss: 0.3623552
EarlyStopping counter: 6 out of 6
Early stopping
VALIDATION_RESULT {"best_epoch": 9, "best_mae": 0.3993460266806501, "best_mse": 0.3621372669935847, "epochs_ran": 15, "metric_version": "element_weighted_v1", "train_duration_seconds": 125.72902037622407, "train_peak_cuda_memory_bytes": 330979840}
>>>>>>>test skipped (validation-only run)<<<<<<<<<<<<<<<<<<<<<<<<
>>>>>>>evaluating validation checkpoint : long_term_forecast_trps_phase_b_timerole_ettm1_p96_s2021_r4_TimeRole_ETTm1_ftM_sl336_ll48_pl96_dm64_nh8_el1_dl1_df128_expand2_dc2_fc1_ebtimeF_dtTrue_trps_phase_b_timerole_ettm1_p96_s2021_r4_0<<<<<<<<<<<<<<<<<<<<<<<<<<<<<<<<<
val 11425
EVALUATION_RESULT {"batches": 358, "elapsed_seconds": 1.0997288040816784, "elements": 7677600, "gate_abs_mean": 0.18856044113636017, "gate_max": -0.12966862320899963, "gate_mean": -0.18856044113636017, "gate_min": -0.23992906510829926, "gate_values": [-0.22450420260429382, -0.16266851127147675, -0.22326752543449402, -0.16440071165561676, -0.23992906510829926, -0.12966862320899963, -0.17548438906669617], "mae": 0.3993460266806501, "memory_correction_mae": 0.20289402318296426, "memory_correction_rms": 0.3121889108362877, "metric_version": "element_weighted_v1", "milliseconds_per_batch": 3.0718681678259174, "mse": 0.3621372669935847, "parameter_count": 691143, "peak_cuda_memory_bytes": 134536192, "split": "val", "test_accessed": false, "timerole_intervention": "intact"}
