Using GPU
Args in experiment:
[1mBasic Config[0m
  Task Name:          long_term_forecast  Is Training:        1                   
  Model ID:           trps_phase_b_recent_ettm1_p96_s2021_r2Model:              GraphMambaRecent    

[1mData Loader[0m
  Data:               ETTm1               Root Path:          /home/cwh/Time-Series-Library/dataset/ETT-small
  Data Path:          ETTm1.csv           Features:           M                   
  Target:             OT                  Freq:               t                   
  Checkpoints:        /home/cwh/Time-Series-Library/logs/timerole_recent_simplification/checkpoints

[1mForecasting Task[0m
  Seq Len:            336                 Label Len:          48                  
  Pred Len:           96                  Seasonal Patterns:  Monthly             
  Inverse:            0                   

[1mModel Parameters[0m
  Top k:              5                   Num Kernels:        6                   
  Enc In:             7                   Dec In:             7                   
  C Out:              7                   d model:            64                  
  n heads:            8                   e layers:           1                   
  d layers:           1                   d FF:               128                 
  Moving Avg:         25                  Factor:             1                   
  Distil:             1                   Dropout:            0.1                 
  Embed:              timeF               Activation:         gelu                

[1mRun Parameters[0m
  Num Workers:        0                   Itr:                1                   
  Train Epochs:       100                 Batch Size:         32                  
  Patience:           6                   Learning Rate:      0.0005              
  Des:                trps_phase_b_recent_ettm1_p96_s2021_r2Loss:               MSE                 
  Lradj:              type1               Use Amp:            0                   

[1mGPU[0m
  Use GPU:            1                   GPU:                0                   
  Use Multi GPU:      0                   Devices:            0,1,2,3             

[1mDe-stationary Projector Params[0m
  P Hidden Dims:      128, 128            P Hidden Layers:    2                   

Use GPU: cuda:0
🚀 Lazy Loading: GraphMambaRecent ...
[GraphMamba] Building 7x7 static graph from 2000 training samples
>>>>>>>start training : long_term_forecast_trps_phase_b_recent_ettm1_p96_s2021_r2_GraphMambaRecent_ETTm1_ftM_sl336_ll48_pl96_dm64_nh8_el1_dl1_df128_expand2_dc2_fc1_ebtimeF_dtTrue_trps_phase_b_recent_ettm1_p96_s2021_r2_0>>>>>>>>>>>>>>>>>>>>>>>>>>
train 34129
val 11425
	iters: 100, epoch: 1 | loss: 0.3282678
	speed: 0.0082s/iter; left time: 876.4361s
	iters: 200, epoch: 1 | loss: 0.3394955
	speed: 0.0061s/iter; left time: 650.1196s
	iters: 300, epoch: 1 | loss: 0.2847604
	speed: 0.0061s/iter; left time: 644.8397s
	iters: 400, epoch: 1 | loss: 0.3659988
	speed: 0.0060s/iter; left time: 640.6528s
	iters: 500, epoch: 1 | loss: 0.2498384
	speed: 0.0060s/iter; left time: 637.5667s
	iters: 600, epoch: 1 | loss: 0.2497219
	speed: 0.0062s/iter; left time: 659.9619s
	iters: 700, epoch: 1 | loss: 0.2948827
	speed: 0.0061s/iter; left time: 643.7643s
	iters: 800, epoch: 1 | loss: 0.2988916
	speed: 0.0062s/iter; left time: 658.6656s
	iters: 900, epoch: 1 | loss: 0.2943854
	speed: 0.0062s/iter; left time: 652.6530s
	iters: 1000, epoch: 1 | loss: 0.2789071
	speed: 0.0061s/iter; left time: 646.3347s
Epoch: 1 cost time: 6.741776466369629
Epoch: 1, Steps: 1067 | Train Loss: 0.3139813 Vali Loss: 0.4041639
Validation loss decreased (inf --> 0.404164).  Saving model ...
Updating learning rate to 0.0005
	iters: 100, epoch: 2 | loss: 0.4085499
	speed: 0.0201s/iter; left time: 2124.1284s
	iters: 200, epoch: 2 | loss: 0.3266334
	speed: 0.0065s/iter; left time: 689.8775s
	iters: 300, epoch: 2 | loss: 0.2046868
	speed: 0.0062s/iter; left time: 654.3070s
	iters: 400, epoch: 2 | loss: 0.1845782
	speed: 0.0065s/iter; left time: 685.0646s
	iters: 500, epoch: 2 | loss: 0.2642381
	speed: 0.0063s/iter; left time: 663.1702s
	iters: 600, epoch: 2 | loss: 0.2530900
	speed: 0.0061s/iter; left time: 644.4636s
	iters: 700, epoch: 2 | loss: 0.2224704
	speed: 0.0063s/iter; left time: 665.9106s
	iters: 800, epoch: 2 | loss: 0.2362452
	speed: 0.0064s/iter; left time: 666.3267s
	iters: 900, epoch: 2 | loss: 0.2533866
	speed: 0.0064s/iter; left time: 672.7640s
	iters: 1000, epoch: 2 | loss: 0.2300792
	speed: 0.0063s/iter; left time: 660.5247s
Epoch: 2 cost time: 6.773481369018555
Epoch: 2, Steps: 1067 | Train Loss: 0.2708698 Vali Loss: 0.4332365
EarlyStopping counter: 1 out of 6
Updating learning rate to 0.00025
	iters: 100, epoch: 3 | loss: 0.2504740
	speed: 0.0202s/iter; left time: 2105.5185s
	iters: 200, epoch: 3 | loss: 0.2394151
	speed: 0.0063s/iter; left time: 660.2842s
	iters: 300, epoch: 3 | loss: 0.2292897
	speed: 0.0065s/iter; left time: 680.3252s
	iters: 400, epoch: 3 | loss: 0.2912588
	speed: 0.0063s/iter; left time: 651.8335s
	iters: 500, epoch: 3 | loss: 0.2944882
	speed: 0.0065s/iter; left time: 671.8901s
	iters: 600, epoch: 3 | loss: 0.2427852
	speed: 0.0061s/iter; left time: 632.3356s
	iters: 700, epoch: 3 | loss: 0.2462349
	speed: 0.0064s/iter; left time: 659.7706s
	iters: 800, epoch: 3 | loss: 0.2491966
	speed: 0.0063s/iter; left time: 657.2626s
	iters: 900, epoch: 3 | loss: 0.2886454
	speed: 0.0066s/iter; left time: 681.0357s
	iters: 1000, epoch: 3 | loss: 0.2142006
	speed: 0.0063s/iter; left time: 656.8953s
Epoch: 3 cost time: 6.790602684020996
Epoch: 3, Steps: 1067 | Train Loss: 0.2566721 Vali Loss: 0.4088073
EarlyStopping counter: 2 out of 6
Updating learning rate to 0.000125
	iters: 100, epoch: 4 | loss: 0.2172027
	speed: 0.0202s/iter; left time: 2091.3459s
	iters: 200, epoch: 4 | loss: 0.2924722
	speed: 0.0064s/iter; left time: 665.5082s
	iters: 300, epoch: 4 | loss: 0.2592083
	speed: 0.0065s/iter; left time: 667.4007s
	iters: 400, epoch: 4 | loss: 0.2586433
	speed: 0.0064s/iter; left time: 654.9854s
	iters: 500, epoch: 4 | loss: 0.2173884
	speed: 0.0061s/iter; left time: 633.0313s
	iters: 600, epoch: 4 | loss: 0.2152877
	speed: 0.0063s/iter; left time: 651.6508s
	iters: 700, epoch: 4 | loss: 0.2991206
	speed: 0.0062s/iter; left time: 640.9118s
	iters: 800, epoch: 4 | loss: 0.2351932
	speed: 0.0060s/iter; left time: 612.3542s
	iters: 900, epoch: 4 | loss: 0.2454439
	speed: 0.0062s/iter; left time: 634.2243s
	iters: 1000, epoch: 4 | loss: 0.2812440
	speed: 0.0064s/iter; left time: 651.3569s
Epoch: 4 cost time: 6.6963465213775635
Epoch: 4, Steps: 1067 | Train Loss: 0.2495736 Vali Loss: 0.4168118
EarlyStopping counter: 3 out of 6
Updating learning rate to 6.25e-05
	iters: 100, epoch: 5 | loss: 0.1829569
	speed: 0.0203s/iter; left time: 2072.3897s
	iters: 200, epoch: 5 | loss: 0.3114797
	speed: 0.0065s/iter; left time: 661.7023s
	iters: 300, epoch: 5 | loss: 0.1871367
	speed: 0.0064s/iter; left time: 656.2351s
	iters: 400, epoch: 5 | loss: 0.2317106
	speed: 0.0063s/iter; left time: 643.7446s
	iters: 500, epoch: 5 | loss: 0.2652551
	speed: 0.0063s/iter; left time: 644.4839s
	iters: 600, epoch: 5 | loss: 0.3109905
	speed: 0.0063s/iter; left time: 640.4394s
	iters: 700, epoch: 5 | loss: 0.2284721
	speed: 0.0061s/iter; left time: 624.4828s
	iters: 800, epoch: 5 | loss: 0.2725210
	speed: 0.0060s/iter; left time: 613.3415s
	iters: 900, epoch: 5 | loss: 0.2908399
	speed: 0.0060s/iter; left time: 607.1173s
	iters: 1000, epoch: 5 | loss: 0.2589851
	speed: 0.0064s/iter; left time: 647.0569s
Epoch: 5 cost time: 6.6736366748809814
Epoch: 5, Steps: 1067 | Train Loss: 0.2459254 Vali Loss: 0.4225812
EarlyStopping counter: 4 out of 6
Updating learning rate to 3.125e-05
	iters: 100, epoch: 6 | loss: 0.2726406
	speed: 0.0202s/iter; left time: 2043.7081s
	iters: 200, epoch: 6 | loss: 0.2355956
	speed: 0.0064s/iter; left time: 644.3564s
	iters: 300, epoch: 6 | loss: 0.2776673
	speed: 0.0065s/iter; left time: 653.6260s
	iters: 400, epoch: 6 | loss: 0.2824749
	speed: 0.0062s/iter; left time: 621.1133s
	iters: 500, epoch: 6 | loss: 0.2136789
	speed: 0.0063s/iter; left time: 636.8005s
	iters: 600, epoch: 6 | loss: 0.2107226
	speed: 0.0063s/iter; left time: 634.3618s
	iters: 700, epoch: 6 | loss: 0.2483025
	speed: 0.0068s/iter; left time: 686.8226s
	iters: 800, epoch: 6 | loss: 0.2793999
	speed: 0.0063s/iter; left time: 631.2764s
	iters: 900, epoch: 6 | loss: 0.2575793
	speed: 0.0062s/iter; left time: 618.7117s
	iters: 1000, epoch: 6 | loss: 0.2217858
	speed: 0.0065s/iter; left time: 652.1085s
Epoch: 6 cost time: 6.820182800292969
Epoch: 6, Steps: 1067 | Train Loss: 0.2441350 Vali Loss: 0.4157457
EarlyStopping counter: 5 out of 6
Updating learning rate to 1.5625e-05
	iters: 100, epoch: 7 | loss: 0.2689790
	speed: 0.0200s/iter; left time: 2003.3101s
	iters: 200, epoch: 7 | loss: 0.2764523
	speed: 0.0064s/iter; left time: 644.2181s
	iters: 300, epoch: 7 | loss: 0.2340791
	speed: 0.0063s/iter; left time: 629.1000s
	iters: 400, epoch: 7 | loss: 0.1872535
	speed: 0.0062s/iter; left time: 617.1870s
	iters: 500, epoch: 7 | loss: 0.2691934
	speed: 0.0063s/iter; left time: 624.2265s
	iters: 600, epoch: 7 | loss: 0.2286802
	speed: 0.0061s/iter; left time: 608.8857s
	iters: 700, epoch: 7 | loss: 0.2890767
	speed: 0.0063s/iter; left time: 626.2376s
	iters: 800, epoch: 7 | loss: 0.2972302
	speed: 0.0065s/iter; left time: 647.1186s
	iters: 900, epoch: 7 | loss: 0.2785850
	speed: 0.0063s/iter; left time: 622.8868s
	iters: 1000, epoch: 7 | loss: 0.2412644
	speed: 0.0063s/iter; left time: 624.9690s
Epoch: 7 cost time: 6.7152016162872314
Epoch: 7, Steps: 1067 | Train Loss: 0.2431230 Vali Loss: 0.4209033
EarlyStopping counter: 6 out of 6
Early stopping
VALIDATION_RESULT {"best_epoch": 1, "best_mae": 0.4231053830117276, "best_mse": 0.40416390576709915, "epochs_ran": 7, "metric_version": "element_weighted_v1", "train_duration_seconds": 55.007369162049145, "train_peak_cuda_memory_bytes": 195835392}
>>>>>>>test skipped (validation-only run)<<<<<<<<<<<<<<<<<<<<<<<<
>>>>>>>evaluating validation checkpoint : long_term_forecast_trps_phase_b_recent_ettm1_p96_s2021_r2_GraphMambaRecent_ETTm1_ftM_sl336_ll48_pl96_dm64_nh8_el1_dl1_df128_expand2_dc2_fc1_ebtimeF_dtTrue_trps_phase_b_recent_ettm1_p96_s2021_r2_0<<<<<<<<<<<<<<<<<<<<<<<<<<<<<<<<<
val 11425
EVALUATION_RESULT {"batches": 358, "elapsed_seconds": 0.9754902399145067, "elements": 7677600, "mae": 0.4231053830117276, "metric_version": "element_weighted_v1", "milliseconds_per_batch": 2.72483307238689, "mse": 0.40416390576709915, "parameter_count": 398118, "peak_cuda_memory_bytes": 80570880, "split": "val", "test_accessed": false, "timerole_intervention": "intact"}
