Using GPU
Args in experiment:
[1mBasic Config[0m
  Task Name:          long_term_forecast  Is Training:        1                   
  Model ID:           trps_phase_b_timerole_weather_p96_s2021_r4Model:              TimeRole            

[1mData Loader[0m
  Data:               custom              Root Path:          /home/cwh/Time-Series-Library/dataset/weather
  Data Path:          weather.csv         Features:           M                   
  Target:             CO2 (ppm)           Freq:               t                   
  Checkpoints:        /home/cwh/Time-Series-Library/logs/timerole_recent_simplification/checkpoints

[1mForecasting Task[0m
  Seq Len:            336                 Label Len:          48                  
  Pred Len:           96                  Seasonal Patterns:  Monthly             
  Inverse:            0                   

[1mModel Parameters[0m
  Top k:              5                   Num Kernels:        6                   
  Enc In:             21                  Dec In:             21                  
  C Out:              21                  d model:            64                  
  n heads:            8                   e layers:           1                   
  d layers:           1                   d FF:               128                 
  Moving Avg:         25                  Factor:             1                   
  Distil:             1                   Dropout:            0.1                 
  Embed:              timeF               Activation:         gelu                

[1mRun Parameters[0m
  Num Workers:        0                   Itr:                1                   
  Train Epochs:       100                 Batch Size:         32                  
  Patience:           6                   Learning Rate:      0.0005              
  Des:                trps_phase_b_timerole_weather_p96_s2021_r4Loss:               MSE                 
  Lradj:              type1               Use Amp:            0                   

[1mGPU[0m
  Use GPU:            1                   GPU:                0                   
  Use Multi GPU:      0                   Devices:            0,1,2,3             

[1mDe-stationary Projector Params[0m
  P Hidden Dims:      128, 128            P Hidden Layers:    2                   

Use GPU: cuda:0
🚀 Lazy Loading: TimeRole ...
>>>>>>>start training : long_term_forecast_trps_phase_b_timerole_weather_p96_s2021_r4_TimeRole_custom_ftM_sl336_ll48_pl96_dm64_nh8_el1_dl1_df128_expand2_dc2_fc1_ebtimeF_dtTrue_trps_phase_b_timerole_weather_p96_s2021_r4_0>>>>>>>>>>>>>>>>>>>>>>>>>>
train 36456
val 5175
	iters: 100, epoch: 1 | loss: 0.8552904
	speed: 0.0167s/iter; left time: 1901.6004s
	iters: 200, epoch: 1 | loss: 0.3647923
	speed: 0.0144s/iter; left time: 1641.5321s
	iters: 300, epoch: 1 | loss: 0.6458831
	speed: 0.0144s/iter; left time: 1638.9985s
	iters: 400, epoch: 1 | loss: 0.5949758
	speed: 0.0143s/iter; left time: 1627.3732s
	iters: 500, epoch: 1 | loss: 1.4104575
	speed: 0.0144s/iter; left time: 1638.8530s
	iters: 600, epoch: 1 | loss: 0.4457603
	speed: 0.0144s/iter; left time: 1636.2219s
	iters: 700, epoch: 1 | loss: 0.4646786
	speed: 0.0145s/iter; left time: 1638.4320s
	iters: 800, epoch: 1 | loss: 0.5461397
	speed: 0.0144s/iter; left time: 1635.0629s
	iters: 900, epoch: 1 | loss: 0.3798922
	speed: 0.0144s/iter; left time: 1631.3429s
	iters: 1000, epoch: 1 | loss: 0.3144037
	speed: 0.0144s/iter; left time: 1632.4088s
	iters: 1100, epoch: 1 | loss: 0.3707114
	speed: 0.0145s/iter; left time: 1640.9407s
Epoch: 1 cost time: 16.68717861175537
Epoch: 1, Steps: 1140 | Train Loss: 0.5033623 Vali Loss: 0.4029249
Validation loss decreased (inf --> 0.402925).  Saving model ...
Updating learning rate to 0.0005
	iters: 100, epoch: 2 | loss: 0.3687480
	speed: 0.0293s/iter; left time: 3301.3547s
	iters: 200, epoch: 2 | loss: 0.3369492
	speed: 0.0146s/iter; left time: 1640.6078s
	iters: 300, epoch: 2 | loss: 0.9363154
	speed: 0.0144s/iter; left time: 1616.1142s
	iters: 400, epoch: 2 | loss: 0.3210900
	speed: 0.0143s/iter; left time: 1606.5659s
	iters: 500, epoch: 2 | loss: 0.2827102
	speed: 0.0145s/iter; left time: 1624.7083s
	iters: 600, epoch: 2 | loss: 0.3277008
	speed: 0.0144s/iter; left time: 1614.7644s
	iters: 700, epoch: 2 | loss: 0.4253901
	speed: 0.0144s/iter; left time: 1619.3246s
	iters: 800, epoch: 2 | loss: 0.3175679
	speed: 0.0144s/iter; left time: 1617.9850s
	iters: 900, epoch: 2 | loss: 0.2959352
	speed: 0.0143s/iter; left time: 1603.1837s
	iters: 1000, epoch: 2 | loss: 0.3721175
	speed: 0.0144s/iter; left time: 1608.8196s
	iters: 1100, epoch: 2 | loss: 0.2475037
	speed: 0.0144s/iter; left time: 1606.6726s
Epoch: 2 cost time: 16.421011209487915
Epoch: 2, Steps: 1140 | Train Loss: 0.4224289 Vali Loss: 0.3968248
Validation loss decreased (0.402925 --> 0.396825).  Saving model ...
Updating learning rate to 0.00025
	iters: 100, epoch: 3 | loss: 0.4386885
	speed: 0.0287s/iter; left time: 3208.1116s
	iters: 200, epoch: 3 | loss: 0.3645162
	speed: 0.0144s/iter; left time: 1603.3486s
	iters: 300, epoch: 3 | loss: 0.2753094
	speed: 0.0144s/iter; left time: 1605.0618s
	iters: 400, epoch: 3 | loss: 0.4433151
	speed: 0.0143s/iter; left time: 1596.1468s
	iters: 500, epoch: 3 | loss: 0.2267487
	speed: 0.0144s/iter; left time: 1600.6597s
	iters: 600, epoch: 3 | loss: 0.3312493
	speed: 0.0144s/iter; left time: 1595.2521s
	iters: 700, epoch: 3 | loss: 0.2905516
	speed: 0.0144s/iter; left time: 1602.2502s
	iters: 800, epoch: 3 | loss: 0.3796748
	speed: 0.0144s/iter; left time: 1593.6077s
	iters: 900, epoch: 3 | loss: 0.3167024
	speed: 0.0144s/iter; left time: 1595.2758s
	iters: 1000, epoch: 3 | loss: 0.5604458
	speed: 0.0145s/iter; left time: 1603.4341s
	iters: 1100, epoch: 3 | loss: 0.2649827
	speed: 0.0144s/iter; left time: 1598.1437s
Epoch: 3 cost time: 16.416138172149658
Epoch: 3, Steps: 1140 | Train Loss: 0.4086975 Vali Loss: 0.3883569
Validation loss decreased (0.396825 --> 0.388357).  Saving model ...
Updating learning rate to 0.000125
	iters: 100, epoch: 4 | loss: 0.2794694
	speed: 0.0289s/iter; left time: 3196.0880s
	iters: 200, epoch: 4 | loss: 0.2084788
	speed: 0.0144s/iter; left time: 1588.6306s
	iters: 300, epoch: 4 | loss: 0.3517845
	speed: 0.0144s/iter; left time: 1585.0548s
	iters: 400, epoch: 4 | loss: 0.3966848
	speed: 0.0145s/iter; left time: 1597.3190s
	iters: 500, epoch: 4 | loss: 0.4374954
	speed: 0.0144s/iter; left time: 1582.3089s
	iters: 600, epoch: 4 | loss: 0.2636944
	speed: 0.0144s/iter; left time: 1585.9335s
	iters: 700, epoch: 4 | loss: 0.9809933
	speed: 0.0144s/iter; left time: 1587.1108s
	iters: 800, epoch: 4 | loss: 0.3505125
	speed: 0.0145s/iter; left time: 1586.8170s
	iters: 900, epoch: 4 | loss: 0.2897916
	speed: 0.0145s/iter; left time: 1585.5073s
	iters: 1000, epoch: 4 | loss: 0.2298680
	speed: 0.0145s/iter; left time: 1592.3458s
	iters: 1100, epoch: 4 | loss: 0.1881680
	speed: 0.0143s/iter; left time: 1568.7073s
Epoch: 4 cost time: 16.455610752105713
Epoch: 4, Steps: 1140 | Train Loss: 0.4031904 Vali Loss: 0.3856075
Validation loss decreased (0.388357 --> 0.385608).  Saving model ...
Updating learning rate to 6.25e-05
	iters: 100, epoch: 5 | loss: 0.4272567
	speed: 0.0286s/iter; left time: 3123.3522s
	iters: 200, epoch: 5 | loss: 0.2117817
	speed: 0.0144s/iter; left time: 1568.4206s
	iters: 300, epoch: 5 | loss: 0.1930008
	speed: 0.0144s/iter; left time: 1572.9196s
	iters: 400, epoch: 5 | loss: 0.2617669
	speed: 0.0144s/iter; left time: 1568.9987s
	iters: 500, epoch: 5 | loss: 0.2933447
	speed: 0.0144s/iter; left time: 1567.7767s
	iters: 600, epoch: 5 | loss: 0.4575441
	speed: 0.0144s/iter; left time: 1572.6024s
	iters: 700, epoch: 5 | loss: 0.2177114
	speed: 0.0144s/iter; left time: 1569.5504s
	iters: 800, epoch: 5 | loss: 0.2664196
	speed: 0.0144s/iter; left time: 1559.6422s
	iters: 900, epoch: 5 | loss: 0.2336890
	speed: 0.0145s/iter; left time: 1570.0542s
	iters: 1000, epoch: 5 | loss: 0.3054241
	speed: 0.0143s/iter; left time: 1555.9889s
	iters: 1100, epoch: 5 | loss: 0.2442835
	speed: 0.0144s/iter; left time: 1558.9812s
Epoch: 5 cost time: 16.401515007019043
Epoch: 5, Steps: 1140 | Train Loss: 0.4007206 Vali Loss: 0.3844899
Validation loss decreased (0.385608 --> 0.384490).  Saving model ...
Updating learning rate to 3.125e-05
	iters: 100, epoch: 6 | loss: 0.3877797
	speed: 0.0290s/iter; left time: 3137.3887s
	iters: 200, epoch: 6 | loss: 0.2973284
	speed: 0.0144s/iter; left time: 1556.1001s
	iters: 300, epoch: 6 | loss: 0.2217584
	speed: 0.0145s/iter; left time: 1563.7705s
	iters: 400, epoch: 6 | loss: 0.2861682
	speed: 0.0144s/iter; left time: 1555.1037s
	iters: 500, epoch: 6 | loss: 0.4819652
	speed: 0.0144s/iter; left time: 1546.9870s
	iters: 600, epoch: 6 | loss: 0.3029787
	speed: 0.0144s/iter; left time: 1551.2031s
	iters: 700, epoch: 6 | loss: 0.3026913
	speed: 0.0146s/iter; left time: 1567.0272s
	iters: 800, epoch: 6 | loss: 0.3275126
	speed: 0.0144s/iter; left time: 1546.7734s
	iters: 900, epoch: 6 | loss: 0.2847295
	speed: 0.0144s/iter; left time: 1544.7413s
	iters: 1000, epoch: 6 | loss: 0.2692172
	speed: 0.0145s/iter; left time: 1552.4841s
	iters: 1100, epoch: 6 | loss: 0.6743653
	speed: 0.0143s/iter; left time: 1536.6019s
Epoch: 6 cost time: 16.44106936454773
Epoch: 6, Steps: 1140 | Train Loss: 0.3990134 Vali Loss: 0.3846734
EarlyStopping counter: 1 out of 6
Updating learning rate to 1.5625e-05
	iters: 100, epoch: 7 | loss: 0.2514630
	speed: 0.0288s/iter; left time: 3081.0308s
	iters: 200, epoch: 7 | loss: 0.2635376
	speed: 0.0144s/iter; left time: 1543.1109s
	iters: 300, epoch: 7 | loss: 0.5016191
	speed: 0.0144s/iter; left time: 1542.5027s
	iters: 400, epoch: 7 | loss: 0.3291403
	speed: 0.0144s/iter; left time: 1537.0237s
	iters: 500, epoch: 7 | loss: 0.2175350
	speed: 0.0145s/iter; left time: 1543.7341s
	iters: 600, epoch: 7 | loss: 0.3307009
	speed: 0.0145s/iter; left time: 1547.8665s
	iters: 700, epoch: 7 | loss: 0.4496312
	speed: 0.0145s/iter; left time: 1543.4335s
	iters: 800, epoch: 7 | loss: 0.6209434
	speed: 0.0145s/iter; left time: 1540.8766s
	iters: 900, epoch: 7 | loss: 0.3027629
	speed: 0.0145s/iter; left time: 1536.5081s
	iters: 1000, epoch: 7 | loss: 0.2367280
	speed: 0.0144s/iter; left time: 1529.4244s
	iters: 1100, epoch: 7 | loss: 0.3535517
	speed: 0.0144s/iter; left time: 1527.8942s
Epoch: 7 cost time: 16.459571838378906
Epoch: 7, Steps: 1140 | Train Loss: 0.3980215 Vali Loss: 0.3837028
Validation loss decreased (0.384490 --> 0.383703).  Saving model ...
Updating learning rate to 7.8125e-06
	iters: 100, epoch: 8 | loss: 0.6490428
	speed: 0.0288s/iter; left time: 3048.7309s
	iters: 200, epoch: 8 | loss: 0.4099296
	speed: 0.0145s/iter; left time: 1531.7486s
	iters: 300, epoch: 8 | loss: 2.0499995
	speed: 0.0144s/iter; left time: 1519.0230s
	iters: 400, epoch: 8 | loss: 0.3101692
	speed: 0.0144s/iter; left time: 1516.3767s
	iters: 500, epoch: 8 | loss: 0.3296670
	speed: 0.0144s/iter; left time: 1524.2294s
	iters: 600, epoch: 8 | loss: 1.2316837
	speed: 0.0145s/iter; left time: 1526.9603s
	iters: 700, epoch: 8 | loss: 0.2771059
	speed: 0.0145s/iter; left time: 1529.2319s
	iters: 800, epoch: 8 | loss: 0.2919245
	speed: 0.0144s/iter; left time: 1514.1444s
	iters: 900, epoch: 8 | loss: 0.2153688
	speed: 0.0144s/iter; left time: 1508.7968s
	iters: 1000, epoch: 8 | loss: 0.4220025
	speed: 0.0144s/iter; left time: 1515.6725s
	iters: 1100, epoch: 8 | loss: 1.2582152
	speed: 0.0144s/iter; left time: 1514.7661s
Epoch: 8 cost time: 16.44638705253601
Epoch: 8, Steps: 1140 | Train Loss: 0.3977195 Vali Loss: 0.3835188
Validation loss decreased (0.383703 --> 0.383519).  Saving model ...
Updating learning rate to 3.90625e-06
	iters: 100, epoch: 9 | loss: 0.2872658
	speed: 0.0289s/iter; left time: 3030.5578s
	iters: 200, epoch: 9 | loss: 0.3351277
	speed: 0.0144s/iter; left time: 1511.4237s
	iters: 300, epoch: 9 | loss: 0.2699964
	speed: 0.0144s/iter; left time: 1508.4040s
	iters: 400, epoch: 9 | loss: 0.2107368
	speed: 0.0144s/iter; left time: 1503.6013s
	iters: 500, epoch: 9 | loss: 0.4129508
	speed: 0.0144s/iter; left time: 1501.3138s
	iters: 600, epoch: 9 | loss: 0.3774046
	speed: 0.0145s/iter; left time: 1511.1648s
	iters: 700, epoch: 9 | loss: 0.3021630
	speed: 0.0145s/iter; left time: 1510.1973s
	iters: 800, epoch: 9 | loss: 0.2487075
	speed: 0.0144s/iter; left time: 1499.8027s
	iters: 900, epoch: 9 | loss: 0.4191463
	speed: 0.0146s/iter; left time: 1517.8043s
	iters: 1000, epoch: 9 | loss: 0.2509941
	speed: 0.0145s/iter; left time: 1506.2753s
	iters: 1100, epoch: 9 | loss: 0.3477260
	speed: 0.0145s/iter; left time: 1500.9154s
Epoch: 9 cost time: 16.475107431411743
Epoch: 9, Steps: 1140 | Train Loss: 0.3974494 Vali Loss: 0.3834919
Validation loss decreased (0.383519 --> 0.383492).  Saving model ...
Updating learning rate to 1.953125e-06
	iters: 100, epoch: 10 | loss: 0.4152462
	speed: 0.0288s/iter; left time: 2982.5298s
	iters: 200, epoch: 10 | loss: 0.2598724
	speed: 0.0145s/iter; left time: 1499.4494s
	iters: 300, epoch: 10 | loss: 0.2801830
	speed: 0.0144s/iter; left time: 1493.7063s
	iters: 400, epoch: 10 | loss: 0.4284616
	speed: 0.0144s/iter; left time: 1491.5147s
	iters: 500, epoch: 10 | loss: 0.2174038
	speed: 0.0145s/iter; left time: 1498.6969s
	iters: 600, epoch: 10 | loss: 0.3850025
	speed: 0.0145s/iter; left time: 1499.5531s
	iters: 700, epoch: 10 | loss: 0.3684563
	speed: 0.0144s/iter; left time: 1478.9970s
	iters: 800, epoch: 10 | loss: 1.2872099
	speed: 0.0144s/iter; left time: 1483.5999s
	iters: 900, epoch: 10 | loss: 0.4196309
	speed: 0.0145s/iter; left time: 1489.5167s
	iters: 1000, epoch: 10 | loss: 0.2913184
	speed: 0.0144s/iter; left time: 1483.5406s
	iters: 1100, epoch: 10 | loss: 0.2259269
	speed: 0.0145s/iter; left time: 1490.2302s
Epoch: 10 cost time: 16.480452299118042
Epoch: 10, Steps: 1140 | Train Loss: 0.3975626 Vali Loss: 0.3835639
EarlyStopping counter: 1 out of 6
Updating learning rate to 9.765625e-07
	iters: 100, epoch: 11 | loss: 0.3838782
	speed: 0.0290s/iter; left time: 2977.6149s
	iters: 200, epoch: 11 | loss: 0.3710507
	speed: 0.0145s/iter; left time: 1485.5538s
	iters: 300, epoch: 11 | loss: 0.2034461
	speed: 0.0144s/iter; left time: 1469.6993s
	iters: 400, epoch: 11 | loss: 0.2995516
	speed: 0.0144s/iter; left time: 1467.1732s
	iters: 500, epoch: 11 | loss: 0.2845822
	speed: 0.0144s/iter; left time: 1466.7820s
	iters: 600, epoch: 11 | loss: 0.3150801
	speed: 0.0144s/iter; left time: 1466.3621s
	iters: 700, epoch: 11 | loss: 0.3339011
	speed: 0.0144s/iter; left time: 1463.2533s
	iters: 800, epoch: 11 | loss: 0.4175515
	speed: 0.0143s/iter; left time: 1458.1745s
	iters: 900, epoch: 11 | loss: 0.2145366
	speed: 0.0143s/iter; left time: 1458.0109s
	iters: 1000, epoch: 11 | loss: 0.1967840
	speed: 0.0145s/iter; left time: 1470.8988s
	iters: 1100, epoch: 11 | loss: 0.2741411
	speed: 0.0144s/iter; left time: 1458.4966s
Epoch: 11 cost time: 16.40000057220459
Epoch: 11, Steps: 1140 | Train Loss: 0.3971455 Vali Loss: 0.3835491
EarlyStopping counter: 2 out of 6
Updating learning rate to 4.8828125e-07
	iters: 100, epoch: 12 | loss: 0.6073347
	speed: 0.0288s/iter; left time: 2916.8866s
	iters: 200, epoch: 12 | loss: 0.2643542
	speed: 0.0145s/iter; left time: 1465.8628s
	iters: 300, epoch: 12 | loss: 0.3027145
	speed: 0.0144s/iter; left time: 1452.2664s
	iters: 400, epoch: 12 | loss: 0.2319392
	speed: 0.0143s/iter; left time: 1446.5949s
	iters: 500, epoch: 12 | loss: 0.3135065
	speed: 0.0144s/iter; left time: 1451.9467s
	iters: 600, epoch: 12 | loss: 0.2104235
	speed: 0.0145s/iter; left time: 1458.1452s
	iters: 700, epoch: 12 | loss: 0.3892578
	speed: 0.0143s/iter; left time: 1444.0943s
	iters: 800, epoch: 12 | loss: 0.5660175
	speed: 0.0144s/iter; left time: 1454.2356s
	iters: 900, epoch: 12 | loss: 0.3217267
	speed: 0.0144s/iter; left time: 1446.8900s
	iters: 1000, epoch: 12 | loss: 0.3246692
	speed: 0.0145s/iter; left time: 1452.5488s
	iters: 1100, epoch: 12 | loss: 0.4197311
	speed: 0.0145s/iter; left time: 1455.6617s
Epoch: 12 cost time: 16.428309202194214
Epoch: 12, Steps: 1140 | Train Loss: 0.3972386 Vali Loss: 0.3835246
EarlyStopping counter: 3 out of 6
Updating learning rate to 2.44140625e-07
	iters: 100, epoch: 13 | loss: 0.3496346
	speed: 0.0286s/iter; left time: 2867.7343s
	iters: 200, epoch: 13 | loss: 0.2466829
	speed: 0.0145s/iter; left time: 1451.0017s
	iters: 300, epoch: 13 | loss: 0.2555113
	speed: 0.0144s/iter; left time: 1438.7224s
	iters: 400, epoch: 13 | loss: 0.2253652
	speed: 0.0145s/iter; left time: 1445.5227s
	iters: 500, epoch: 13 | loss: 1.1591291
	speed: 0.0144s/iter; left time: 1440.8338s
	iters: 600, epoch: 13 | loss: 0.3711709
	speed: 0.0144s/iter; left time: 1440.7499s
	iters: 700, epoch: 13 | loss: 0.4494861
	speed: 0.0144s/iter; left time: 1436.9813s
	iters: 800, epoch: 13 | loss: 0.2342265
	speed: 0.0145s/iter; left time: 1445.7626s
	iters: 900, epoch: 13 | loss: 0.4349431
	speed: 0.0145s/iter; left time: 1440.9337s
	iters: 1000, epoch: 13 | loss: 0.4644447
	speed: 0.0143s/iter; left time: 1418.6321s
	iters: 1100, epoch: 13 | loss: 0.4192917
	speed: 0.0144s/iter; left time: 1427.5235s
Epoch: 13 cost time: 16.440170764923096
Epoch: 13, Steps: 1140 | Train Loss: 0.3971972 Vali Loss: 0.3835380
EarlyStopping counter: 4 out of 6
Updating learning rate to 1.220703125e-07
	iters: 100, epoch: 14 | loss: 0.2809739
	speed: 0.0285s/iter; left time: 2828.4396s
	iters: 200, epoch: 14 | loss: 0.2906023
	speed: 0.0144s/iter; left time: 1421.8614s
	iters: 300, epoch: 14 | loss: 0.2578067
	speed: 0.0143s/iter; left time: 1416.9085s
	iters: 400, epoch: 14 | loss: 0.2361380
	speed: 0.0144s/iter; left time: 1422.1306s
	iters: 500, epoch: 14 | loss: 0.9260014
	speed: 0.0143s/iter; left time: 1416.0128s
	iters: 600, epoch: 14 | loss: 0.2374441
	speed: 0.0145s/iter; left time: 1429.3609s
	iters: 700, epoch: 14 | loss: 0.2988701
	speed: 0.0144s/iter; left time: 1420.5174s
	iters: 800, epoch: 14 | loss: 0.2778508
	speed: 0.0144s/iter; left time: 1417.4896s
	iters: 900, epoch: 14 | loss: 0.5143629
	speed: 0.0143s/iter; left time: 1409.2219s
	iters: 1000, epoch: 14 | loss: 0.2837274
	speed: 0.0144s/iter; left time: 1415.9584s
	iters: 1100, epoch: 14 | loss: 0.4612867
	speed: 0.0145s/iter; left time: 1424.2377s
Epoch: 14 cost time: 16.41601800918579
Epoch: 14, Steps: 1140 | Train Loss: 0.3971407 Vali Loss: 0.3835366
EarlyStopping counter: 5 out of 6
Updating learning rate to 6.103515625e-08
	iters: 100, epoch: 15 | loss: 0.2489136
	speed: 0.0287s/iter; left time: 2806.3326s
	iters: 200, epoch: 15 | loss: 0.4316346
	speed: 0.0144s/iter; left time: 1408.3224s
	iters: 300, epoch: 15 | loss: 0.2589764
	speed: 0.0143s/iter; left time: 1399.5634s
	iters: 400, epoch: 15 | loss: 0.3614442
	speed: 0.0145s/iter; left time: 1416.6182s
	iters: 500, epoch: 15 | loss: 0.3130984
	speed: 0.0143s/iter; left time: 1398.7173s
	iters: 600, epoch: 15 | loss: 0.2059992
	speed: 0.0144s/iter; left time: 1400.1257s
	iters: 700, epoch: 15 | loss: 0.2401887
	speed: 0.0145s/iter; left time: 1411.1951s
	iters: 800, epoch: 15 | loss: 0.2778806
	speed: 0.0144s/iter; left time: 1396.4013s
	iters: 900, epoch: 15 | loss: 0.2063967
	speed: 0.0144s/iter; left time: 1394.1783s
	iters: 1000, epoch: 15 | loss: 0.2626088
	speed: 0.0145s/iter; left time: 1404.7071s
	iters: 1100, epoch: 15 | loss: 0.2797056
	speed: 0.0145s/iter; left time: 1402.3760s
Epoch: 15 cost time: 16.430198907852173
Epoch: 15, Steps: 1140 | Train Loss: 0.3972403 Vali Loss: 0.3835373
EarlyStopping counter: 6 out of 6
Early stopping
VALIDATION_RESULT {"best_epoch": 9, "best_mae": 0.2645704625020518, "best_mse": 0.3834918569291756, "epochs_ran": 15, "metric_version": "element_weighted_v1", "train_duration_seconds": 260.8145552687347, "train_peak_cuda_memory_bytes": 939060736}
>>>>>>>test skipped (validation-only run)<<<<<<<<<<<<<<<<<<<<<<<<
>>>>>>>evaluating validation checkpoint : long_term_forecast_trps_phase_b_timerole_weather_p96_s2021_r4_TimeRole_custom_ftM_sl336_ll48_pl96_dm64_nh8_el1_dl1_df128_expand2_dc2_fc1_ebtimeF_dtTrue_trps_phase_b_timerole_weather_p96_s2021_r4_0<<<<<<<<<<<<<<<<<<<<<<<<<<<<<<<<<
val 5175
EVALUATION_RESULT {"batches": 162, "elapsed_seconds": 0.8960051070898771, "elements": 10432800, "gate_abs_mean": 0.14317867159843445, "gate_max": 0.010563688352704048, "gate_mean": -0.14132095873355865, "gate_min": -0.26539158821105957, "gate_values": [-0.09185630083084106, -0.19869676232337952, -0.200156107544899, -0.09772402048110962, -0.19818419218063354, -0.2114974409341812, -0.10878776758909225, -0.21603882312774658, -0.10746496170759201, -0.10746105015277863, -0.17043974995613098, 0.0027733673341572285, -0.2043389528989792, -0.0669555515050888, 0.010563688352704048, 0.006168960127979517, -0.2620251476764679, -0.26420295238494873, -0.26539158821105957, -0.211880624294281, -0.004144294187426567], "mae": 0.2645704625020518, "memory_correction_mae": 0.14454082745549943, "memory_correction_rms": 0.25548842077942474, "metric_version": "element_weighted_v1", "milliseconds_per_batch": 5.53089572277702, "mse": 0.3834918569291756, "parameter_count": 692053, "peak_cuda_memory_bytes": 353112064, "split": "val", "test_accessed": false, "timerole_intervention": "intact"}
