Using GPU
Args in experiment:
[1mBasic Config[0m
  Task Name:          long_term_forecast  Is Training:        1                   
  Model ID:           trps_phase_b_recent_ettm1_p720_s2021_r2Model:              GraphMambaRecent    

[1mData Loader[0m
  Data:               ETTm1               Root Path:          /home/cwh/Time-Series-Library/dataset/ETT-small
  Data Path:          ETTm1.csv           Features:           M                   
  Target:             OT                  Freq:               t                   
  Checkpoints:        /home/cwh/Time-Series-Library/logs/timerole_recent_simplification/checkpoints

[1mForecasting Task[0m
  Seq Len:            336                 Label Len:          48                  
  Pred Len:           720                 Seasonal Patterns:  Monthly             
  Inverse:            0                   

[1mModel Parameters[0m
  Top k:              5                   Num Kernels:        6                   
  Enc In:             7                   Dec In:             7                   
  C Out:              7                   d model:            64                  
  n heads:            8                   e layers:           1                   
  d layers:           1                   d FF:               128                 
  Moving Avg:         25                  Factor:             1                   
  Distil:             1                   Dropout:            0.1                 
  Embed:              timeF               Activation:         gelu                

[1mRun Parameters[0m
  Num Workers:        0                   Itr:                1                   
  Train Epochs:       100                 Batch Size:         32                  
  Patience:           6                   Learning Rate:      0.0005              
  Des:                trps_phase_b_recent_ettm1_p720_s2021_r2Loss:               MSE                 
  Lradj:              type1               Use Amp:            0                   

[1mGPU[0m
  Use GPU:            1                   GPU:                0                   
  Use Multi GPU:      0                   Devices:            0,1,2,3             

[1mDe-stationary Projector Params[0m
  P Hidden Dims:      128, 128            P Hidden Layers:    2                   

Use GPU: cuda:0
🚀 Lazy Loading: GraphMambaRecent ...
[GraphMamba] Building 7x7 static graph from 2000 training samples
>>>>>>>start training : long_term_forecast_trps_phase_b_recent_ettm1_p720_s2021_r2_GraphMambaRecent_ETTm1_ftM_sl336_ll48_pl720_dm64_nh8_el1_dl1_df128_expand2_dc2_fc1_ebtimeF_dtTrue_trps_phase_b_recent_ettm1_p720_s2021_r2_0>>>>>>>>>>>>>>>>>>>>>>>>>>
train 33505
val 10801
	iters: 100, epoch: 1 | loss: 0.5097581
	speed: 0.0087s/iter; left time: 910.2570s
	iters: 200, epoch: 1 | loss: 0.5050558
	speed: 0.0066s/iter; left time: 686.2318s
	iters: 300, epoch: 1 | loss: 0.4934217
	speed: 0.0068s/iter; left time: 706.2131s
	iters: 400, epoch: 1 | loss: 0.4590353
	speed: 0.0063s/iter; left time: 655.1935s
	iters: 500, epoch: 1 | loss: 0.3841537
	speed: 0.0067s/iter; left time: 699.8679s
	iters: 600, epoch: 1 | loss: 0.4868996
	speed: 0.0066s/iter; left time: 684.3040s
	iters: 700, epoch: 1 | loss: 0.5605419
	speed: 0.0073s/iter; left time: 764.2634s
	iters: 800, epoch: 1 | loss: 0.4279358
	speed: 0.0080s/iter; left time: 832.7117s
	iters: 900, epoch: 1 | loss: 0.4601867
	speed: 0.0079s/iter; left time: 817.5004s
	iters: 1000, epoch: 1 | loss: 0.4743284
	speed: 0.0079s/iter; left time: 819.9996s
Epoch: 1 cost time: 7.661488771438599
Epoch: 1, Steps: 1048 | Train Loss: 0.4758265 Vali Loss: 0.9741362
Validation loss decreased (inf --> 0.974136).  Saving model ...
Updating learning rate to 0.0005
	iters: 100, epoch: 2 | loss: 0.4318475
	speed: 0.0234s/iter; left time: 2424.5447s
	iters: 200, epoch: 2 | loss: 0.3546171
	speed: 0.0068s/iter; left time: 704.0975s
	iters: 300, epoch: 2 | loss: 0.4960973
	speed: 0.0070s/iter; left time: 719.8514s
	iters: 400, epoch: 2 | loss: 0.4203249
	speed: 0.0067s/iter; left time: 697.5817s
	iters: 500, epoch: 2 | loss: 0.4737743
	speed: 0.0065s/iter; left time: 671.7674s
	iters: 600, epoch: 2 | loss: 0.4367608
	speed: 0.0064s/iter; left time: 659.4435s
	iters: 700, epoch: 2 | loss: 0.4685857
	speed: 0.0068s/iter; left time: 701.7732s
	iters: 800, epoch: 2 | loss: 0.3882688
	speed: 0.0066s/iter; left time: 681.9244s
	iters: 900, epoch: 2 | loss: 0.4221067
	speed: 0.0068s/iter; left time: 701.3845s
	iters: 1000, epoch: 2 | loss: 0.4533657
	speed: 0.0065s/iter; left time: 672.0010s
Epoch: 2 cost time: 7.101552724838257
Epoch: 2, Steps: 1048 | Train Loss: 0.4420946 Vali Loss: 0.9594554
Validation loss decreased (0.974136 --> 0.959455).  Saving model ...
Updating learning rate to 0.00025
	iters: 100, epoch: 3 | loss: 0.4035726
	speed: 0.0205s/iter; left time: 2100.2675s
	iters: 200, epoch: 3 | loss: 0.3692377
	speed: 0.0067s/iter; left time: 682.8147s
	iters: 300, epoch: 3 | loss: 0.5113134
	speed: 0.0066s/iter; left time: 675.4304s
	iters: 400, epoch: 3 | loss: 0.5561968
	speed: 0.0066s/iter; left time: 679.6494s
	iters: 500, epoch: 3 | loss: 0.4294711
	speed: 0.0067s/iter; left time: 680.1976s
	iters: 600, epoch: 3 | loss: 0.4478733
	speed: 0.0069s/iter; left time: 705.6512s
	iters: 700, epoch: 3 | loss: 0.3959864
	speed: 0.0066s/iter; left time: 672.2875s
	iters: 800, epoch: 3 | loss: 0.3761751
	speed: 0.0068s/iter; left time: 692.2179s
	iters: 900, epoch: 3 | loss: 0.4109503
	speed: 0.0066s/iter; left time: 675.4750s
	iters: 1000, epoch: 3 | loss: 0.4241835
	speed: 0.0067s/iter; left time: 678.6944s
Epoch: 3 cost time: 6.996845483779907
Epoch: 3, Steps: 1048 | Train Loss: 0.4262849 Vali Loss: 0.9622417
EarlyStopping counter: 1 out of 6
Updating learning rate to 0.000125
	iters: 100, epoch: 4 | loss: 0.4282798
	speed: 0.0199s/iter; left time: 2024.2211s
	iters: 200, epoch: 4 | loss: 0.3691302
	speed: 0.0068s/iter; left time: 688.9515s
	iters: 300, epoch: 4 | loss: 0.3775724
	speed: 0.0067s/iter; left time: 682.8555s
	iters: 400, epoch: 4 | loss: 0.3692321
	speed: 0.0067s/iter; left time: 678.4135s
	iters: 500, epoch: 4 | loss: 0.4967103
	speed: 0.0065s/iter; left time: 658.9843s
	iters: 600, epoch: 4 | loss: 0.6157072
	speed: 0.0068s/iter; left time: 685.7989s
	iters: 700, epoch: 4 | loss: 0.3716099
	speed: 0.0063s/iter; left time: 640.8930s
	iters: 800, epoch: 4 | loss: 0.4636983
	speed: 0.0066s/iter; left time: 660.7742s
	iters: 900, epoch: 4 | loss: 0.4540247
	speed: 0.0068s/iter; left time: 682.1751s
	iters: 1000, epoch: 4 | loss: 0.3885236
	speed: 0.0069s/iter; left time: 690.1056s
Epoch: 4 cost time: 6.989948987960815
Epoch: 4, Steps: 1048 | Train Loss: 0.4181216 Vali Loss: 0.9537551
Validation loss decreased (0.959455 --> 0.953755).  Saving model ...
Updating learning rate to 6.25e-05
	iters: 100, epoch: 5 | loss: 0.3649276
	speed: 0.0202s/iter; left time: 2034.9592s
	iters: 200, epoch: 5 | loss: 0.3814386
	speed: 0.0065s/iter; left time: 656.1736s
	iters: 300, epoch: 5 | loss: 0.3592477
	speed: 0.0069s/iter; left time: 693.2316s
	iters: 400, epoch: 5 | loss: 0.4051505
	speed: 0.0066s/iter; left time: 663.1630s
	iters: 500, epoch: 5 | loss: 0.4296039
	speed: 0.0069s/iter; left time: 686.6273s
	iters: 600, epoch: 5 | loss: 0.4318641
	speed: 0.0067s/iter; left time: 666.5052s
	iters: 700, epoch: 5 | loss: 0.4195152
	speed: 0.0067s/iter; left time: 664.7373s
	iters: 800, epoch: 5 | loss: 0.3825056
	speed: 0.0068s/iter; left time: 680.1774s
	iters: 900, epoch: 5 | loss: 0.4554804
	speed: 0.0069s/iter; left time: 685.2740s
	iters: 1000, epoch: 5 | loss: 0.4039385
	speed: 0.0066s/iter; left time: 658.5575s
Epoch: 5 cost time: 7.0553319454193115
Epoch: 5, Steps: 1048 | Train Loss: 0.4143359 Vali Loss: 0.9564063
EarlyStopping counter: 1 out of 6
Updating learning rate to 3.125e-05
	iters: 100, epoch: 6 | loss: 0.3516861
	speed: 0.0201s/iter; left time: 1999.5953s
	iters: 200, epoch: 6 | loss: 0.4230487
	speed: 0.0063s/iter; left time: 630.2826s
	iters: 300, epoch: 6 | loss: 0.4196624
	speed: 0.0068s/iter; left time: 675.3403s
	iters: 400, epoch: 6 | loss: 0.4301257
	speed: 0.0066s/iter; left time: 651.1098s
	iters: 500, epoch: 6 | loss: 0.4894724
	speed: 0.0067s/iter; left time: 661.1909s
	iters: 600, epoch: 6 | loss: 0.3947313
	speed: 0.0068s/iter; left time: 670.8329s
	iters: 700, epoch: 6 | loss: 0.5141022
	speed: 0.0066s/iter; left time: 652.0275s
	iters: 800, epoch: 6 | loss: 0.4289626
	speed: 0.0069s/iter; left time: 683.6544s
	iters: 900, epoch: 6 | loss: 0.3866214
	speed: 0.0067s/iter; left time: 658.2366s
	iters: 1000, epoch: 6 | loss: 0.3823133
	speed: 0.0068s/iter; left time: 665.7125s
Epoch: 6 cost time: 7.009608507156372
Epoch: 6, Steps: 1048 | Train Loss: 0.4120013 Vali Loss: 0.9566835
EarlyStopping counter: 2 out of 6
Updating learning rate to 1.5625e-05
	iters: 100, epoch: 7 | loss: 0.3345399
	speed: 0.0201s/iter; left time: 1977.4018s
	iters: 200, epoch: 7 | loss: 0.4860277
	speed: 0.0065s/iter; left time: 641.1428s
	iters: 300, epoch: 7 | loss: 0.3988414
	speed: 0.0066s/iter; left time: 652.3514s
	iters: 400, epoch: 7 | loss: 0.3992946
	speed: 0.0068s/iter; left time: 664.1731s
	iters: 500, epoch: 7 | loss: 0.4941522
	speed: 0.0067s/iter; left time: 659.1663s
	iters: 600, epoch: 7 | loss: 0.4113261
	speed: 0.0069s/iter; left time: 674.8635s
	iters: 700, epoch: 7 | loss: 0.3559642
	speed: 0.0066s/iter; left time: 644.8311s
	iters: 800, epoch: 7 | loss: 0.3616912
	speed: 0.0066s/iter; left time: 640.5156s
	iters: 900, epoch: 7 | loss: 0.4084390
	speed: 0.0065s/iter; left time: 632.6505s
	iters: 1000, epoch: 7 | loss: 0.3417423
	speed: 0.0070s/iter; left time: 679.5382s
Epoch: 7 cost time: 7.001073122024536
Epoch: 7, Steps: 1048 | Train Loss: 0.4108230 Vali Loss: 0.9556581
EarlyStopping counter: 3 out of 6
Updating learning rate to 7.8125e-06
	iters: 100, epoch: 8 | loss: 0.6025615
	speed: 0.0199s/iter; left time: 1937.2083s
	iters: 200, epoch: 8 | loss: 0.3797151
	speed: 0.0066s/iter; left time: 641.0217s
	iters: 300, epoch: 8 | loss: 0.4356936
	speed: 0.0065s/iter; left time: 630.2498s
	iters: 400, epoch: 8 | loss: 0.4292045
	speed: 0.0066s/iter; left time: 643.1969s
	iters: 500, epoch: 8 | loss: 0.3777913
	speed: 0.0064s/iter; left time: 621.2498s
	iters: 600, epoch: 8 | loss: 0.4079058
	speed: 0.0065s/iter; left time: 634.4138s
	iters: 700, epoch: 8 | loss: 0.4142172
	speed: 0.0071s/iter; left time: 682.8442s
	iters: 800, epoch: 8 | loss: 0.4264888
	speed: 0.0067s/iter; left time: 646.8547s
	iters: 900, epoch: 8 | loss: 0.4194247
	speed: 0.0064s/iter; left time: 620.9522s
	iters: 1000, epoch: 8 | loss: 0.4210490
	speed: 0.0065s/iter; left time: 624.5596s
Epoch: 8 cost time: 6.894363880157471
Epoch: 8, Steps: 1048 | Train Loss: 0.4103643 Vali Loss: 0.9564171
EarlyStopping counter: 4 out of 6
Updating learning rate to 3.90625e-06
	iters: 100, epoch: 9 | loss: 0.3672592
	speed: 0.0195s/iter; left time: 1878.7972s
	iters: 200, epoch: 9 | loss: 0.3553487
	speed: 0.0065s/iter; left time: 626.1155s
	iters: 300, epoch: 9 | loss: 0.3034652
	speed: 0.0066s/iter; left time: 633.3131s
	iters: 400, epoch: 9 | loss: 0.4317775
	speed: 0.0070s/iter; left time: 673.1064s
	iters: 500, epoch: 9 | loss: 0.4250796
	speed: 0.0064s/iter; left time: 615.2920s
	iters: 600, epoch: 9 | loss: 0.4444911
	speed: 0.0065s/iter; left time: 621.8061s
	iters: 700, epoch: 9 | loss: 0.4001929
	speed: 0.0067s/iter; left time: 639.7410s
	iters: 800, epoch: 9 | loss: 0.3910200
	speed: 0.0068s/iter; left time: 645.5775s
	iters: 900, epoch: 9 | loss: 0.3602195
	speed: 0.0067s/iter; left time: 642.6218s
	iters: 1000, epoch: 9 | loss: 0.4653569
	speed: 0.0067s/iter; left time: 641.8157s
Epoch: 9 cost time: 6.999480962753296
Epoch: 9, Steps: 1048 | Train Loss: 0.4099710 Vali Loss: 0.9565712
EarlyStopping counter: 5 out of 6
Updating learning rate to 1.953125e-06
	iters: 100, epoch: 10 | loss: 0.4164827
	speed: 0.0198s/iter; left time: 1888.8368s
	iters: 200, epoch: 10 | loss: 0.4398819
	speed: 0.0068s/iter; left time: 649.1437s
	iters: 300, epoch: 10 | loss: 0.4360895
	speed: 0.0066s/iter; left time: 623.7947s
	iters: 400, epoch: 10 | loss: 0.3503100
	speed: 0.0068s/iter; left time: 645.3233s
	iters: 500, epoch: 10 | loss: 0.3846774
	speed: 0.0070s/iter; left time: 659.4444s
	iters: 600, epoch: 10 | loss: 0.4012393
	speed: 0.0068s/iter; left time: 647.4409s
	iters: 700, epoch: 10 | loss: 0.4451909
	speed: 0.0067s/iter; left time: 638.4399s
	iters: 800, epoch: 10 | loss: 0.4340765
	speed: 0.0071s/iter; left time: 671.0445s
	iters: 900, epoch: 10 | loss: 0.3796961
	speed: 0.0066s/iter; left time: 622.0254s
	iters: 1000, epoch: 10 | loss: 0.4185096
	speed: 0.0066s/iter; left time: 620.6850s
Epoch: 10 cost time: 7.078592538833618
Epoch: 10, Steps: 1048 | Train Loss: 0.4094745 Vali Loss: 0.9569927
EarlyStopping counter: 6 out of 6
Early stopping
VALIDATION_RESULT {"best_epoch": 4, "best_mae": 0.655755877713272, "best_mse": 0.9537550700127041, "epochs_ran": 10, "metric_version": "element_weighted_v1", "train_duration_seconds": 82.28983874199912, "train_peak_cuda_memory_bytes": 226075648}
>>>>>>>test skipped (validation-only run)<<<<<<<<<<<<<<<<<<<<<<<<
>>>>>>>evaluating validation checkpoint : long_term_forecast_trps_phase_b_recent_ettm1_p720_s2021_r2_GraphMambaRecent_ETTm1_ftM_sl336_ll48_pl720_dm64_nh8_el1_dl1_df128_expand2_dc2_fc1_ebtimeF_dtTrue_trps_phase_b_recent_ettm1_p720_s2021_r2_0<<<<<<<<<<<<<<<<<<<<<<<<<<<<<<<<<
val 10801
EVALUATION_RESULT {"batches": 338, "elapsed_seconds": 1.0040060048922896, "elements": 54437040, "mae": 0.655755877713272, "metric_version": "element_weighted_v1", "milliseconds_per_batch": 2.9704319671369515, "mse": 0.9537550700127041, "parameter_count": 2315670, "peak_cuda_memory_bytes": 98592256, "split": "val", "test_accessed": false, "timerole_intervention": "intact"}
