Using GPU
Args in experiment:
[1mBasic Config[0m
  Task Name:          long_term_forecast  Is Training:        1                   
  Model ID:           trps_phase_b_recent_ettm1_p96_s2021_r0Model:              GraphMambaRecent    

[1mData Loader[0m
  Data:               ETTm1               Root Path:          /home/cwh/Time-Series-Library/dataset/ETT-small
  Data Path:          ETTm1.csv           Features:           M                   
  Target:             OT                  Freq:               t                   
  Checkpoints:        /home/cwh/Time-Series-Library/logs/timerole_recent_simplification/checkpoints

[1mForecasting Task[0m
  Seq Len:            336                 Label Len:          48                  
  Pred Len:           96                  Seasonal Patterns:  Monthly             
  Inverse:            0                   

[1mModel Parameters[0m
  Top k:              5                   Num Kernels:        6                   
  Enc In:             7                   Dec In:             7                   
  C Out:              7                   d model:            64                  
  n heads:            8                   e layers:           1                   
  d layers:           1                   d FF:               128                 
  Moving Avg:         25                  Factor:             1                   
  Distil:             1                   Dropout:            0.1                 
  Embed:              timeF               Activation:         gelu                

[1mRun Parameters[0m
  Num Workers:        0                   Itr:                1                   
  Train Epochs:       100                 Batch Size:         32                  
  Patience:           6                   Learning Rate:      0.0005              
  Des:                trps_phase_b_recent_ettm1_p96_s2021_r0Loss:               MSE                 
  Lradj:              type1               Use Amp:            0                   

[1mGPU[0m
  Use GPU:            1                   GPU:                0                   
  Use Multi GPU:      0                   Devices:            0,1,2,3             

[1mDe-stationary Projector Params[0m
  P Hidden Dims:      128, 128            P Hidden Layers:    2                   

Use GPU: cuda:0
🚀 Lazy Loading: GraphMambaRecent ...
[GraphMamba] Building 7x7 static graph from 2000 training samples
>>>>>>>start training : long_term_forecast_trps_phase_b_recent_ettm1_p96_s2021_r0_GraphMambaRecent_ETTm1_ftM_sl336_ll48_pl96_dm64_nh8_el1_dl1_df128_expand2_dc2_fc1_ebtimeF_dtTrue_trps_phase_b_recent_ettm1_p96_s2021_r0_0>>>>>>>>>>>>>>>>>>>>>>>>>>
train 34129
val 11425
	iters: 100, epoch: 1 | loss: 0.3335197
	speed: 0.0134s/iter; left time: 1424.3047s
	iters: 200, epoch: 1 | loss: 0.3763173
	speed: 0.0103s/iter; left time: 1098.0023s
	iters: 300, epoch: 1 | loss: 0.3286760
	speed: 0.0102s/iter; left time: 1090.4016s
	iters: 400, epoch: 1 | loss: 0.3775628
	speed: 0.0110s/iter; left time: 1166.6381s
	iters: 500, epoch: 1 | loss: 0.2739657
	speed: 0.0119s/iter; left time: 1260.2618s
	iters: 600, epoch: 1 | loss: 0.2671705
	speed: 0.0120s/iter; left time: 1277.2504s
	iters: 700, epoch: 1 | loss: 0.3247845
	speed: 0.0122s/iter; left time: 1298.4995s
	iters: 800, epoch: 1 | loss: 0.3204269
	speed: 0.0125s/iter; left time: 1320.7276s
	iters: 900, epoch: 1 | loss: 0.3043431
	speed: 0.0105s/iter; left time: 1110.3865s
	iters: 1000, epoch: 1 | loss: 0.2815247
	speed: 0.0105s/iter; left time: 1110.0220s
Epoch: 1 cost time: 12.164001941680908
Epoch: 1, Steps: 1067 | Train Loss: 0.3415226 Vali Loss: 0.4027257
Validation loss decreased (inf --> 0.402726).  Saving model ...
Updating learning rate to 0.0005
	iters: 100, epoch: 2 | loss: 0.4103540
	speed: 0.0336s/iter; left time: 3543.5580s
	iters: 200, epoch: 2 | loss: 0.3334318
	speed: 0.0107s/iter; left time: 1128.9926s
	iters: 300, epoch: 2 | loss: 0.2153329
	speed: 0.0107s/iter; left time: 1129.1906s
	iters: 400, epoch: 2 | loss: 0.1970625
	speed: 0.0108s/iter; left time: 1140.8037s
	iters: 500, epoch: 2 | loss: 0.2742414
	speed: 0.0108s/iter; left time: 1130.2562s
	iters: 600, epoch: 2 | loss: 0.2662435
	speed: 0.0104s/iter; left time: 1092.8376s
	iters: 700, epoch: 2 | loss: 0.2569343
	speed: 0.0108s/iter; left time: 1131.5096s
	iters: 800, epoch: 2 | loss: 0.2415360
	speed: 0.0105s/iter; left time: 1104.4144s
	iters: 900, epoch: 2 | loss: 0.2683709
	speed: 0.0104s/iter; left time: 1086.9528s
	iters: 1000, epoch: 2 | loss: 0.2396049
	speed: 0.0108s/iter; left time: 1129.2411s
Epoch: 2 cost time: 11.37527871131897
Epoch: 2, Steps: 1067 | Train Loss: 0.2804184 Vali Loss: 0.4058166
EarlyStopping counter: 1 out of 6
Updating learning rate to 0.00025
	iters: 100, epoch: 3 | loss: 0.2588597
	speed: 0.0341s/iter; left time: 3560.4899s
	iters: 200, epoch: 3 | loss: 0.2440087
	speed: 0.0107s/iter; left time: 1120.6912s
	iters: 300, epoch: 3 | loss: 0.2301156
	speed: 0.0109s/iter; left time: 1136.3290s
	iters: 400, epoch: 3 | loss: 0.2945126
	speed: 0.0109s/iter; left time: 1133.7240s
	iters: 500, epoch: 3 | loss: 0.3059328
	speed: 0.0107s/iter; left time: 1108.8034s
	iters: 600, epoch: 3 | loss: 0.2571067
	speed: 0.0103s/iter; left time: 1065.9556s
	iters: 700, epoch: 3 | loss: 0.2502164
	speed: 0.0105s/iter; left time: 1087.2896s
	iters: 800, epoch: 3 | loss: 0.2575590
	speed: 0.0105s/iter; left time: 1085.0295s
	iters: 900, epoch: 3 | loss: 0.3060214
	speed: 0.0106s/iter; left time: 1099.4455s
	iters: 1000, epoch: 3 | loss: 0.2295989
	speed: 0.0108s/iter; left time: 1122.2380s
Epoch: 3 cost time: 11.409987688064575
Epoch: 3, Steps: 1067 | Train Loss: 0.2680130 Vali Loss: 0.3970106
Validation loss decreased (0.402726 --> 0.397011).  Saving model ...
Updating learning rate to 0.000125
	iters: 100, epoch: 4 | loss: 0.2313130
	speed: 0.0337s/iter; left time: 3484.7931s
	iters: 200, epoch: 4 | loss: 0.3108224
	speed: 0.0111s/iter; left time: 1142.1073s
	iters: 300, epoch: 4 | loss: 0.2649452
	speed: 0.0108s/iter; left time: 1118.9910s
	iters: 400, epoch: 4 | loss: 0.2853514
	speed: 0.0107s/iter; left time: 1098.4379s
	iters: 500, epoch: 4 | loss: 0.2238243
	speed: 0.0109s/iter; left time: 1123.5341s
	iters: 600, epoch: 4 | loss: 0.2225237
	speed: 0.0108s/iter; left time: 1115.6797s
	iters: 700, epoch: 4 | loss: 0.3105548
	speed: 0.0109s/iter; left time: 1124.2792s
	iters: 800, epoch: 4 | loss: 0.2408096
	speed: 0.0108s/iter; left time: 1105.6864s
	iters: 900, epoch: 4 | loss: 0.2523937
	speed: 0.0106s/iter; left time: 1090.4929s
	iters: 1000, epoch: 4 | loss: 0.3003702
	speed: 0.0108s/iter; left time: 1110.5327s
Epoch: 4 cost time: 11.54980206489563
Epoch: 4, Steps: 1067 | Train Loss: 0.2604985 Vali Loss: 0.3988984
EarlyStopping counter: 1 out of 6
Updating learning rate to 6.25e-05
	iters: 100, epoch: 5 | loss: 0.1940538
	speed: 0.0335s/iter; left time: 3428.6346s
	iters: 200, epoch: 5 | loss: 0.3264970
	speed: 0.0107s/iter; left time: 1095.9449s
	iters: 300, epoch: 5 | loss: 0.1915576
	speed: 0.0108s/iter; left time: 1104.2655s
	iters: 400, epoch: 5 | loss: 0.2417896
	speed: 0.0107s/iter; left time: 1087.3991s
	iters: 500, epoch: 5 | loss: 0.2698065
	speed: 0.0104s/iter; left time: 1064.4568s
	iters: 600, epoch: 5 | loss: 0.3269355
	speed: 0.0107s/iter; left time: 1088.2267s
	iters: 700, epoch: 5 | loss: 0.2496210
	speed: 0.0106s/iter; left time: 1074.4673s
	iters: 800, epoch: 5 | loss: 0.2781746
	speed: 0.0106s/iter; left time: 1080.7474s
	iters: 900, epoch: 5 | loss: 0.2919560
	speed: 0.0102s/iter; left time: 1036.9278s
	iters: 1000, epoch: 5 | loss: 0.2664411
	speed: 0.0106s/iter; left time: 1078.2115s
Epoch: 5 cost time: 11.301519632339478
Epoch: 5, Steps: 1067 | Train Loss: 0.2560560 Vali Loss: 0.3995941
EarlyStopping counter: 2 out of 6
Updating learning rate to 3.125e-05
	iters: 100, epoch: 6 | loss: 0.2790572
	speed: 0.0337s/iter; left time: 3408.6026s
	iters: 200, epoch: 6 | loss: 0.2500251
	speed: 0.0106s/iter; left time: 1071.1188s
	iters: 300, epoch: 6 | loss: 0.2788878
	speed: 0.0109s/iter; left time: 1101.3338s
	iters: 400, epoch: 6 | loss: 0.2986411
	speed: 0.0108s/iter; left time: 1092.1996s
	iters: 500, epoch: 6 | loss: 0.2259933
	speed: 0.0110s/iter; left time: 1106.4160s
	iters: 600, epoch: 6 | loss: 0.2224314
	speed: 0.0102s/iter; left time: 1023.3665s
	iters: 700, epoch: 6 | loss: 0.2541886
	speed: 0.0105s/iter; left time: 1055.8822s
	iters: 800, epoch: 6 | loss: 0.2866307
	speed: 0.0104s/iter; left time: 1046.9437s
	iters: 900, epoch: 6 | loss: 0.2570060
	speed: 0.0105s/iter; left time: 1050.0473s
	iters: 1000, epoch: 6 | loss: 0.2419483
	speed: 0.0106s/iter; left time: 1066.7017s
Epoch: 6 cost time: 11.333682775497437
Epoch: 6, Steps: 1067 | Train Loss: 0.2536787 Vali Loss: 0.3964730
Validation loss decreased (0.397011 --> 0.396473).  Saving model ...
Updating learning rate to 1.5625e-05
	iters: 100, epoch: 7 | loss: 0.2657317
	speed: 0.0341s/iter; left time: 3419.3550s
	iters: 200, epoch: 7 | loss: 0.2805784
	speed: 0.0107s/iter; left time: 1068.6226s
	iters: 300, epoch: 7 | loss: 0.2479807
	speed: 0.0108s/iter; left time: 1077.5659s
	iters: 400, epoch: 7 | loss: 0.1900053
	speed: 0.0105s/iter; left time: 1052.5200s
	iters: 500, epoch: 7 | loss: 0.2827725
	speed: 0.0105s/iter; left time: 1050.0802s
	iters: 600, epoch: 7 | loss: 0.2245939
	speed: 0.0106s/iter; left time: 1058.9185s
	iters: 700, epoch: 7 | loss: 0.3225121
	speed: 0.0107s/iter; left time: 1070.1517s
	iters: 800, epoch: 7 | loss: 0.3125040
	speed: 0.0106s/iter; left time: 1051.7226s
	iters: 900, epoch: 7 | loss: 0.2878591
	speed: 0.0105s/iter; left time: 1047.7680s
	iters: 1000, epoch: 7 | loss: 0.2429285
	speed: 0.0107s/iter; left time: 1058.6900s
Epoch: 7 cost time: 11.360111951828003
Epoch: 7, Steps: 1067 | Train Loss: 0.2522551 Vali Loss: 0.4034017
EarlyStopping counter: 1 out of 6
Updating learning rate to 7.8125e-06
	iters: 100, epoch: 8 | loss: 0.3030750
	speed: 0.0341s/iter; left time: 3375.9289s
	iters: 200, epoch: 8 | loss: 0.2432918
	speed: 0.0112s/iter; left time: 1105.6950s
	iters: 300, epoch: 8 | loss: 0.1794571
	speed: 0.0106s/iter; left time: 1051.2598s
	iters: 400, epoch: 8 | loss: 0.2571655
	speed: 0.0107s/iter; left time: 1053.5024s
	iters: 500, epoch: 8 | loss: 0.2255163
	speed: 0.0105s/iter; left time: 1038.7144s
	iters: 600, epoch: 8 | loss: 0.2809859
	speed: 0.0104s/iter; left time: 1027.9082s
	iters: 700, epoch: 8 | loss: 0.2379397
	speed: 0.0103s/iter; left time: 1010.1222s
	iters: 800, epoch: 8 | loss: 0.2277340
	speed: 0.0104s/iter; left time: 1019.7964s
	iters: 900, epoch: 8 | loss: 0.2323600
	speed: 0.0105s/iter; left time: 1031.6204s
	iters: 1000, epoch: 8 | loss: 0.2272076
	speed: 0.0107s/iter; left time: 1052.0311s
Epoch: 8 cost time: 11.27665400505066
Epoch: 8, Steps: 1067 | Train Loss: 0.2516114 Vali Loss: 0.3979055
EarlyStopping counter: 2 out of 6
Updating learning rate to 3.90625e-06
	iters: 100, epoch: 9 | loss: 0.2613499
	speed: 0.0331s/iter; left time: 3246.1976s
	iters: 200, epoch: 9 | loss: 0.2300661
	speed: 0.0108s/iter; left time: 1059.2907s
	iters: 300, epoch: 9 | loss: 0.2318857
	speed: 0.0106s/iter; left time: 1036.3803s
	iters: 400, epoch: 9 | loss: 0.2993360
	speed: 0.0106s/iter; left time: 1040.5465s
	iters: 500, epoch: 9 | loss: 0.2136661
	speed: 0.0105s/iter; left time: 1029.5513s
	iters: 600, epoch: 9 | loss: 0.2217909
	speed: 0.0107s/iter; left time: 1048.4486s
	iters: 700, epoch: 9 | loss: 0.2539726
	speed: 0.0104s/iter; left time: 1016.3994s
	iters: 800, epoch: 9 | loss: 0.2743839
	speed: 0.0104s/iter; left time: 1017.1990s
	iters: 900, epoch: 9 | loss: 0.2458714
	speed: 0.0104s/iter; left time: 1015.5831s
	iters: 1000, epoch: 9 | loss: 0.3536281
	speed: 0.0107s/iter; left time: 1036.0965s
Epoch: 9 cost time: 11.318347215652466
Epoch: 9, Steps: 1067 | Train Loss: 0.2511900 Vali Loss: 0.3990739
EarlyStopping counter: 3 out of 6
Updating learning rate to 1.953125e-06
	iters: 100, epoch: 10 | loss: 0.2137591
	speed: 0.0335s/iter; left time: 3249.1064s
	iters: 200, epoch: 10 | loss: 0.2284948
	speed: 0.0109s/iter; left time: 1053.4228s
	iters: 300, epoch: 10 | loss: 0.2442494
	speed: 0.0109s/iter; left time: 1054.4125s
	iters: 400, epoch: 10 | loss: 0.3160099
	speed: 0.0107s/iter; left time: 1033.1379s
	iters: 500, epoch: 10 | loss: 0.2006873
	speed: 0.0106s/iter; left time: 1024.7278s
	iters: 600, epoch: 10 | loss: 0.2153798
	speed: 0.0109s/iter; left time: 1053.0392s
	iters: 700, epoch: 10 | loss: 0.2526184
	speed: 0.0107s/iter; left time: 1027.0901s
	iters: 800, epoch: 10 | loss: 0.2372873
	speed: 0.0106s/iter; left time: 1021.9359s
	iters: 900, epoch: 10 | loss: 0.2175922
	speed: 0.0107s/iter; left time: 1030.2600s
	iters: 1000, epoch: 10 | loss: 0.3407543
	speed: 0.0105s/iter; left time: 1006.3032s
Epoch: 10 cost time: 11.422839641571045
Epoch: 10, Steps: 1067 | Train Loss: 0.2509915 Vali Loss: 0.3990724
EarlyStopping counter: 4 out of 6
Updating learning rate to 9.765625e-07
	iters: 100, epoch: 11 | loss: 0.2466492
	speed: 0.0333s/iter; left time: 3191.4086s
	iters: 200, epoch: 11 | loss: 0.3021505
	speed: 0.0104s/iter; left time: 997.9017s
	iters: 300, epoch: 11 | loss: 0.2747939
	speed: 0.0105s/iter; left time: 1005.7251s
	iters: 400, epoch: 11 | loss: 0.2632550
	speed: 0.0103s/iter; left time: 986.4293s
	iters: 500, epoch: 11 | loss: 0.2887538
	speed: 0.0104s/iter; left time: 994.1895s
	iters: 600, epoch: 11 | loss: 0.2513272
	speed: 0.0103s/iter; left time: 978.8347s
	iters: 700, epoch: 11 | loss: 0.2539828
	speed: 0.0105s/iter; left time: 1000.5661s
	iters: 800, epoch: 11 | loss: 0.2397946
	speed: 0.0103s/iter; left time: 984.3831s
	iters: 900, epoch: 11 | loss: 0.2260667
	speed: 0.0105s/iter; left time: 1001.4205s
	iters: 1000, epoch: 11 | loss: 0.2510567
	speed: 0.0107s/iter; left time: 1013.7337s
Epoch: 11 cost time: 11.139013051986694
Epoch: 11, Steps: 1067 | Train Loss: 0.2508484 Vali Loss: 0.3991264
EarlyStopping counter: 5 out of 6
Updating learning rate to 4.8828125e-07
	iters: 100, epoch: 12 | loss: 0.2464763
	speed: 0.0329s/iter; left time: 3124.5618s
	iters: 200, epoch: 12 | loss: 0.2508273
	speed: 0.0108s/iter; left time: 1024.0331s
	iters: 300, epoch: 12 | loss: 0.2072421
	speed: 0.0104s/iter; left time: 988.1648s
	iters: 400, epoch: 12 | loss: 0.2213799
	speed: 0.0106s/iter; left time: 1002.3752s
	iters: 500, epoch: 12 | loss: 0.2498360
	speed: 0.0104s/iter; left time: 985.7667s
	iters: 600, epoch: 12 | loss: 0.1912912
	speed: 0.0107s/iter; left time: 1012.3342s
	iters: 700, epoch: 12 | loss: 0.2260274
	speed: 0.0106s/iter; left time: 1002.9050s
	iters: 800, epoch: 12 | loss: 0.1863727
	speed: 0.0104s/iter; left time: 976.4719s
	iters: 900, epoch: 12 | loss: 0.2149471
	speed: 0.0106s/iter; left time: 1001.6632s
	iters: 1000, epoch: 12 | loss: 0.2227416
	speed: 0.0106s/iter; left time: 994.3489s
Epoch: 12 cost time: 11.300858736038208
Epoch: 12, Steps: 1067 | Train Loss: 0.2508891 Vali Loss: 0.3989375
EarlyStopping counter: 6 out of 6
Early stopping
VALIDATION_RESULT {"best_epoch": 6, "best_mae": 0.4173822286012981, "best_mse": 0.3964729588635703, "epochs_ran": 12, "metric_version": "element_weighted_v1", "train_duration_seconds": 157.49588553467765, "train_peak_cuda_memory_bytes": 546118144}
>>>>>>>test skipped (validation-only run)<<<<<<<<<<<<<<<<<<<<<<<<
>>>>>>>evaluating validation checkpoint : long_term_forecast_trps_phase_b_recent_ettm1_p96_s2021_r0_GraphMambaRecent_ETTm1_ftM_sl336_ll48_pl96_dm64_nh8_el1_dl1_df128_expand2_dc2_fc1_ebtimeF_dtTrue_trps_phase_b_recent_ettm1_p96_s2021_r0_0<<<<<<<<<<<<<<<<<<<<<<<<<<<<<<<<<
val 11425
EVALUATION_RESULT {"batches": 358, "elapsed_seconds": 1.4931830610148609, "elements": 7677600, "mae": 0.4173822286012981, "metric_version": "element_weighted_v1", "milliseconds_per_batch": 4.170902405069444, "mse": 0.3964729588635703, "parameter_count": 997382, "peak_cuda_memory_bytes": 151634432, "split": "val", "test_accessed": false, "timerole_intervention": "intact"}
