Using GPU
Args in experiment:
[1mBasic Config[0m
  Task Name:          long_term_forecast  Is Training:        1                   
  Model ID:           trps_phase_b_timerole_ettm1_p96_s2021_r2Model:              TimeRole            

[1mData Loader[0m
  Data:               ETTm1               Root Path:          /home/cwh/Time-Series-Library/dataset/ETT-small
  Data Path:          ETTm1.csv           Features:           M                   
  Target:             OT                  Freq:               t                   
  Checkpoints:        /home/cwh/Time-Series-Library/logs/timerole_recent_simplification/checkpoints

[1mForecasting Task[0m
  Seq Len:            336                 Label Len:          48                  
  Pred Len:           96                  Seasonal Patterns:  Monthly             
  Inverse:            0                   

[1mModel Parameters[0m
  Top k:              5                   Num Kernels:        6                   
  Enc In:             7                   Dec In:             7                   
  C Out:              7                   d model:            64                  
  n heads:            8                   e layers:           1                   
  d layers:           1                   d FF:               128                 
  Moving Avg:         25                  Factor:             1                   
  Distil:             1                   Dropout:            0.1                 
  Embed:              timeF               Activation:         gelu                

[1mRun Parameters[0m
  Num Workers:        0                   Itr:                1                   
  Train Epochs:       100                 Batch Size:         32                  
  Patience:           6                   Learning Rate:      0.0005              
  Des:                trps_phase_b_timerole_ettm1_p96_s2021_r2Loss:               MSE                 
  Lradj:              type1               Use Amp:            0                   

[1mGPU[0m
  Use GPU:            1                   GPU:                0                   
  Use Multi GPU:      0                   Devices:            0,1,2,3             

[1mDe-stationary Projector Params[0m
  P Hidden Dims:      128, 128            P Hidden Layers:    2                   

Use GPU: cuda:0
🚀 Lazy Loading: TimeRole ...
[GraphMamba] Building 7x7 static graph from 2000 training samples
>>>>>>>start training : long_term_forecast_trps_phase_b_timerole_ettm1_p96_s2021_r2_TimeRole_ETTm1_ftM_sl336_ll48_pl96_dm64_nh8_el1_dl1_df128_expand2_dc2_fc1_ebtimeF_dtTrue_trps_phase_b_timerole_ettm1_p96_s2021_r2_0>>>>>>>>>>>>>>>>>>>>>>>>>>
train 34129
val 11425
	iters: 100, epoch: 1 | loss: 0.3246873
	speed: 0.0092s/iter; left time: 979.0033s
	iters: 200, epoch: 1 | loss: 0.3072037
	speed: 0.0069s/iter; left time: 736.4645s
	iters: 300, epoch: 1 | loss: 0.2750986
	speed: 0.0071s/iter; left time: 752.4139s
	iters: 400, epoch: 1 | loss: 0.3401401
	speed: 0.0074s/iter; left time: 787.6617s
	iters: 500, epoch: 1 | loss: 0.2397863
	speed: 0.0071s/iter; left time: 758.4777s
	iters: 600, epoch: 1 | loss: 0.2328626
	speed: 0.0072s/iter; left time: 766.4000s
	iters: 700, epoch: 1 | loss: 0.2899474
	speed: 0.0071s/iter; left time: 756.0275s
	iters: 800, epoch: 1 | loss: 0.2789100
	speed: 0.0070s/iter; left time: 744.7591s
	iters: 900, epoch: 1 | loss: 0.2630200
	speed: 0.0071s/iter; left time: 752.2140s
	iters: 1000, epoch: 1 | loss: 0.2701251
	speed: 0.0071s/iter; left time: 754.0522s
Epoch: 1 cost time: 7.839757442474365
Epoch: 1, Steps: 1067 | Train Loss: 0.2919297 Vali Loss: 0.3821658
Validation loss decreased (inf --> 0.382166).  Saving model ...
Updating learning rate to 0.0005
	iters: 100, epoch: 2 | loss: 0.3589709
	speed: 0.0239s/iter; left time: 2520.8167s
	iters: 200, epoch: 2 | loss: 0.3019733
	speed: 0.0072s/iter; left time: 759.2953s
	iters: 300, epoch: 2 | loss: 0.2019811
	speed: 0.0072s/iter; left time: 758.9332s
	iters: 400, epoch: 2 | loss: 0.1776888
	speed: 0.0072s/iter; left time: 758.1093s
	iters: 500, epoch: 2 | loss: 0.2526334
	speed: 0.0072s/iter; left time: 759.3987s
	iters: 600, epoch: 2 | loss: 0.2400205
	speed: 0.0070s/iter; left time: 740.1513s
	iters: 700, epoch: 2 | loss: 0.2117033
	speed: 0.0067s/iter; left time: 701.3737s
	iters: 800, epoch: 2 | loss: 0.2140496
	speed: 0.0070s/iter; left time: 730.9297s
	iters: 900, epoch: 2 | loss: 0.2500806
	speed: 0.0072s/iter; left time: 756.1474s
	iters: 1000, epoch: 2 | loss: 0.2010664
	speed: 0.0070s/iter; left time: 728.6863s
Epoch: 2 cost time: 7.597358703613281
Epoch: 2, Steps: 1067 | Train Loss: 0.2522100 Vali Loss: 0.3869741
EarlyStopping counter: 1 out of 6
Updating learning rate to 0.00025
	iters: 100, epoch: 3 | loss: 0.2405076
	speed: 0.0223s/iter; left time: 2327.8594s
	iters: 200, epoch: 3 | loss: 0.2286699
	speed: 0.0072s/iter; left time: 754.8721s
	iters: 300, epoch: 3 | loss: 0.2002632
	speed: 0.0071s/iter; left time: 736.6181s
	iters: 400, epoch: 3 | loss: 0.2763053
	speed: 0.0071s/iter; left time: 738.0440s
	iters: 500, epoch: 3 | loss: 0.2684617
	speed: 0.0076s/iter; left time: 791.8992s
	iters: 600, epoch: 3 | loss: 0.2167581
	speed: 0.0072s/iter; left time: 744.0702s
	iters: 700, epoch: 3 | loss: 0.2418707
	speed: 0.0073s/iter; left time: 762.4702s
	iters: 800, epoch: 3 | loss: 0.2481329
	speed: 0.0070s/iter; left time: 725.0279s
	iters: 900, epoch: 3 | loss: 0.2682274
	speed: 0.0068s/iter; left time: 707.4530s
	iters: 1000, epoch: 3 | loss: 0.2100774
	speed: 0.0071s/iter; left time: 739.0493s
Epoch: 3 cost time: 7.596475601196289
Epoch: 3, Steps: 1067 | Train Loss: 0.2397509 Vali Loss: 0.3750158
Validation loss decreased (0.382166 --> 0.375016).  Saving model ...
Updating learning rate to 0.000125
	iters: 100, epoch: 4 | loss: 0.2043704
	speed: 0.0225s/iter; left time: 2327.1779s
	iters: 200, epoch: 4 | loss: 0.2708079
	speed: 0.0073s/iter; left time: 751.2055s
	iters: 300, epoch: 4 | loss: 0.2428251
	speed: 0.0070s/iter; left time: 725.1563s
	iters: 400, epoch: 4 | loss: 0.2573303
	speed: 0.0071s/iter; left time: 727.4766s
	iters: 500, epoch: 4 | loss: 0.1913021
	speed: 0.0072s/iter; left time: 739.5196s
	iters: 600, epoch: 4 | loss: 0.1957327
	speed: 0.0070s/iter; left time: 722.6155s
	iters: 700, epoch: 4 | loss: 0.2731570
	speed: 0.0070s/iter; left time: 715.5307s
	iters: 800, epoch: 4 | loss: 0.2247549
	speed: 0.0073s/iter; left time: 749.0352s
	iters: 900, epoch: 4 | loss: 0.2229976
	speed: 0.0070s/iter; left time: 716.6709s
	iters: 1000, epoch: 4 | loss: 0.2739536
	speed: 0.0068s/iter; left time: 700.6328s
Epoch: 4 cost time: 7.5452375411987305
Epoch: 4, Steps: 1067 | Train Loss: 0.2341590 Vali Loss: 0.3719865
Validation loss decreased (0.375016 --> 0.371987).  Saving model ...
Updating learning rate to 6.25e-05
	iters: 100, epoch: 5 | loss: 0.1768646
	speed: 0.0229s/iter; left time: 2341.1671s
	iters: 200, epoch: 5 | loss: 0.2735588
	speed: 0.0067s/iter; left time: 686.6072s
	iters: 300, epoch: 5 | loss: 0.1744001
	speed: 0.0071s/iter; left time: 722.1955s
	iters: 400, epoch: 5 | loss: 0.2158324
	speed: 0.0071s/iter; left time: 727.7162s
	iters: 500, epoch: 5 | loss: 0.2354138
	speed: 0.0071s/iter; left time: 719.0901s
	iters: 600, epoch: 5 | loss: 0.2876411
	speed: 0.0070s/iter; left time: 714.0698s
	iters: 700, epoch: 5 | loss: 0.2079051
	speed: 0.0069s/iter; left time: 705.6702s
	iters: 800, epoch: 5 | loss: 0.2556913
	speed: 0.0069s/iter; left time: 698.2771s
	iters: 900, epoch: 5 | loss: 0.2713369
	speed: 0.0070s/iter; left time: 712.6529s
	iters: 1000, epoch: 5 | loss: 0.2278048
	speed: 0.0072s/iter; left time: 725.5068s
Epoch: 5 cost time: 7.508304119110107
Epoch: 5, Steps: 1067 | Train Loss: 0.2314671 Vali Loss: 0.3701936
Validation loss decreased (0.371987 --> 0.370194).  Saving model ...
Updating learning rate to 3.125e-05
	iters: 100, epoch: 6 | loss: 0.2452464
	speed: 0.0227s/iter; left time: 2298.6418s
	iters: 200, epoch: 6 | loss: 0.2335468
	speed: 0.0071s/iter; left time: 714.6580s
	iters: 300, epoch: 6 | loss: 0.2435287
	speed: 0.0070s/iter; left time: 712.0246s
	iters: 400, epoch: 6 | loss: 0.2556713
	speed: 0.0070s/iter; left time: 705.0233s
	iters: 500, epoch: 6 | loss: 0.1966428
	speed: 0.0074s/iter; left time: 742.2918s
	iters: 600, epoch: 6 | loss: 0.2100768
	speed: 0.0072s/iter; left time: 721.2744s
	iters: 700, epoch: 6 | loss: 0.2304206
	speed: 0.0071s/iter; left time: 719.1877s
	iters: 800, epoch: 6 | loss: 0.2524852
	speed: 0.0071s/iter; left time: 712.9999s
	iters: 900, epoch: 6 | loss: 0.2325956
	speed: 0.0073s/iter; left time: 733.8732s
	iters: 1000, epoch: 6 | loss: 0.2264089
	speed: 0.0073s/iter; left time: 736.8994s
Epoch: 6 cost time: 7.6351470947265625
Epoch: 6, Steps: 1067 | Train Loss: 0.2298937 Vali Loss: 0.3695948
Validation loss decreased (0.370194 --> 0.369595).  Saving model ...
Updating learning rate to 1.5625e-05
	iters: 100, epoch: 7 | loss: 0.2447502
	speed: 0.0229s/iter; left time: 2290.1416s
	iters: 200, epoch: 7 | loss: 0.2485088
	speed: 0.0072s/iter; left time: 722.8555s
	iters: 300, epoch: 7 | loss: 0.2222985
	speed: 0.0069s/iter; left time: 691.8035s
	iters: 400, epoch: 7 | loss: 0.1844405
	speed: 0.0073s/iter; left time: 726.8674s
	iters: 500, epoch: 7 | loss: 0.2430700
	speed: 0.0071s/iter; left time: 706.5545s
	iters: 600, epoch: 7 | loss: 0.2188107
	speed: 0.0071s/iter; left time: 705.2043s
	iters: 700, epoch: 7 | loss: 0.2722273
	speed: 0.0071s/iter; left time: 711.4686s
	iters: 800, epoch: 7 | loss: 0.2684856
	speed: 0.0070s/iter; left time: 692.6291s
	iters: 900, epoch: 7 | loss: 0.2552447
	speed: 0.0071s/iter; left time: 703.4313s
	iters: 1000, epoch: 7 | loss: 0.2284568
	speed: 0.0073s/iter; left time: 723.0910s
Epoch: 7 cost time: 7.589991092681885
Epoch: 7, Steps: 1067 | Train Loss: 0.2291917 Vali Loss: 0.3721597
EarlyStopping counter: 1 out of 6
Updating learning rate to 7.8125e-06
	iters: 100, epoch: 8 | loss: 0.2545652
	speed: 0.0229s/iter; left time: 2268.7978s
	iters: 200, epoch: 8 | loss: 0.2206078
	speed: 0.0069s/iter; left time: 681.2537s
	iters: 300, epoch: 8 | loss: 0.1737133
	speed: 0.0069s/iter; left time: 677.9641s
	iters: 400, epoch: 8 | loss: 0.2135163
	speed: 0.0073s/iter; left time: 724.2588s
	iters: 500, epoch: 8 | loss: 0.1912291
	speed: 0.0070s/iter; left time: 693.1169s
	iters: 600, epoch: 8 | loss: 0.2504630
	speed: 0.0069s/iter; left time: 683.7724s
	iters: 700, epoch: 8 | loss: 0.2218449
	speed: 0.0068s/iter; left time: 668.2391s
	iters: 800, epoch: 8 | loss: 0.1896297
	speed: 0.0070s/iter; left time: 689.0353s
	iters: 900, epoch: 8 | loss: 0.2167401
	speed: 0.0069s/iter; left time: 676.5042s
	iters: 1000, epoch: 8 | loss: 0.2076259
	speed: 0.0073s/iter; left time: 720.0195s
Epoch: 8 cost time: 7.48988938331604
Epoch: 8, Steps: 1067 | Train Loss: 0.2287491 Vali Loss: 0.3699410
EarlyStopping counter: 2 out of 6
Updating learning rate to 3.90625e-06
	iters: 100, epoch: 9 | loss: 0.2307799
	speed: 0.0227s/iter; left time: 2227.5017s
	iters: 200, epoch: 9 | loss: 0.2084558
	speed: 0.0073s/iter; left time: 712.2245s
	iters: 300, epoch: 9 | loss: 0.2113786
	speed: 0.0069s/iter; left time: 678.3863s
	iters: 400, epoch: 9 | loss: 0.2729710
	speed: 0.0073s/iter; left time: 715.3607s
	iters: 500, epoch: 9 | loss: 0.1977934
	speed: 0.0073s/iter; left time: 712.0292s
	iters: 600, epoch: 9 | loss: 0.1945799
	speed: 0.0077s/iter; left time: 753.1549s
	iters: 700, epoch: 9 | loss: 0.2174848
	speed: 0.0074s/iter; left time: 720.9645s
	iters: 800, epoch: 9 | loss: 0.2246676
	speed: 0.0075s/iter; left time: 726.6661s
	iters: 900, epoch: 9 | loss: 0.2185714
	speed: 0.0076s/iter; left time: 738.4429s
	iters: 1000, epoch: 9 | loss: 0.3162538
	speed: 0.0071s/iter; left time: 689.2173s
Epoch: 9 cost time: 7.8184778690338135
Epoch: 9, Steps: 1067 | Train Loss: 0.2286149 Vali Loss: 0.3696524
EarlyStopping counter: 3 out of 6
Updating learning rate to 1.953125e-06
	iters: 100, epoch: 10 | loss: 0.2204742
	speed: 0.0225s/iter; left time: 2182.5884s
	iters: 200, epoch: 10 | loss: 0.2263984
	speed: 0.0072s/iter; left time: 701.3183s
	iters: 300, epoch: 10 | loss: 0.2463534
	speed: 0.0073s/iter; left time: 702.3633s
	iters: 400, epoch: 10 | loss: 0.2736826
	speed: 0.0072s/iter; left time: 692.6316s
	iters: 500, epoch: 10 | loss: 0.1892503
	speed: 0.0067s/iter; left time: 642.4025s
	iters: 600, epoch: 10 | loss: 0.1987581
	speed: 0.0070s/iter; left time: 679.9579s
	iters: 700, epoch: 10 | loss: 0.2530810
	speed: 0.0070s/iter; left time: 675.1685s
	iters: 800, epoch: 10 | loss: 0.2148004
	speed: 0.0070s/iter; left time: 672.0851s
	iters: 900, epoch: 10 | loss: 0.2032592
	speed: 0.0075s/iter; left time: 717.5305s
	iters: 1000, epoch: 10 | loss: 0.3210019
	speed: 0.0071s/iter; left time: 682.1577s
Epoch: 10 cost time: 7.609512567520142
Epoch: 10, Steps: 1067 | Train Loss: 0.2284202 Vali Loss: 0.3698739
EarlyStopping counter: 4 out of 6
Updating learning rate to 9.765625e-07
	iters: 100, epoch: 11 | loss: 0.2375578
	speed: 0.0231s/iter; left time: 2214.7838s
	iters: 200, epoch: 11 | loss: 0.2489565
	speed: 0.0070s/iter; left time: 672.9922s
	iters: 300, epoch: 11 | loss: 0.2285056
	speed: 0.0074s/iter; left time: 707.7338s
	iters: 400, epoch: 11 | loss: 0.2260801
	speed: 0.0073s/iter; left time: 694.9731s
	iters: 500, epoch: 11 | loss: 0.2581554
	speed: 0.0069s/iter; left time: 659.6837s
	iters: 600, epoch: 11 | loss: 0.2162391
	speed: 0.0070s/iter; left time: 668.2521s
	iters: 700, epoch: 11 | loss: 0.2360964
	speed: 0.0070s/iter; left time: 669.0394s
	iters: 800, epoch: 11 | loss: 0.2278986
	speed: 0.0072s/iter; left time: 684.5868s
	iters: 900, epoch: 11 | loss: 0.2321370
	speed: 0.0072s/iter; left time: 686.5091s
	iters: 1000, epoch: 11 | loss: 0.2320133
	speed: 0.0071s/iter; left time: 676.7717s
Epoch: 11 cost time: 7.651147127151489
Epoch: 11, Steps: 1067 | Train Loss: 0.2284862 Vali Loss: 0.3699077
EarlyStopping counter: 5 out of 6
Updating learning rate to 4.8828125e-07
	iters: 100, epoch: 12 | loss: 0.2137835
	speed: 0.0238s/iter; left time: 2262.4722s
	iters: 200, epoch: 12 | loss: 0.2219463
	speed: 0.0073s/iter; left time: 695.8413s
	iters: 300, epoch: 12 | loss: 0.2012768
	speed: 0.0084s/iter; left time: 792.6028s
	iters: 400, epoch: 12 | loss: 0.1999649
	speed: 0.0083s/iter; left time: 784.1791s
	iters: 500, epoch: 12 | loss: 0.2163596
	speed: 0.0083s/iter; left time: 787.9172s
	iters: 600, epoch: 12 | loss: 0.1871846
	speed: 0.0086s/iter; left time: 815.0488s
	iters: 700, epoch: 12 | loss: 0.2194251
	speed: 0.0088s/iter; left time: 825.2325s
	iters: 800, epoch: 12 | loss: 0.1680871
	speed: 0.0085s/iter; left time: 803.4548s
	iters: 900, epoch: 12 | loss: 0.1927141
	speed: 0.0080s/iter; left time: 750.4240s
	iters: 1000, epoch: 12 | loss: 0.2082775
	speed: 0.0071s/iter; left time: 664.9172s
Epoch: 12 cost time: 8.528391361236572
Epoch: 12, Steps: 1067 | Train Loss: 0.2284766 Vali Loss: 0.3698835
EarlyStopping counter: 6 out of 6
Early stopping
VALIDATION_RESULT {"best_epoch": 6, "best_mae": 0.4031788819946944, "best_mse": 0.3695948275424695, "epochs_ran": 12, "metric_version": "element_weighted_v1", "train_duration_seconds": 106.79903262387961, "train_peak_cuda_memory_bytes": 195919872}
>>>>>>>test skipped (validation-only run)<<<<<<<<<<<<<<<<<<<<<<<<
>>>>>>>evaluating validation checkpoint : long_term_forecast_trps_phase_b_timerole_ettm1_p96_s2021_r2_TimeRole_ETTm1_ftM_sl336_ll48_pl96_dm64_nh8_el1_dl1_df128_expand2_dc2_fc1_ebtimeF_dtTrue_trps_phase_b_timerole_ettm1_p96_s2021_r2_0<<<<<<<<<<<<<<<<<<<<<<<<<<<<<<<<<
val 11425
EVALUATION_RESULT {"batches": 358, "elapsed_seconds": 1.1611310141161084, "elements": 7677600, "gate_abs_mean": 0.18007969856262207, "gate_max": -0.11718432605266571, "gate_mean": -0.18007969856262207, "gate_min": -0.22816982865333557, "gate_values": [-0.21896900236606598, -0.15751402080059052, -0.21812395751476288, -0.15672644972801208, -0.22816982865333557, -0.11718432605266571, -0.16387023031711578], "mae": 0.4031788819946944, "memory_correction_mae": 0.19957884230836798, "memory_correction_rms": 0.3090297292277481, "metric_version": "element_weighted_v1", "milliseconds_per_batch": 3.2433827209947164, "mse": 0.3695948275424695, "parameter_count": 404749, "peak_cuda_memory_bytes": 80711168, "split": "val", "test_accessed": false, "timerole_intervention": "intact"}
