Using GPU
Args in experiment:
[1mBasic Config[0m
  Task Name:          long_term_forecast  Is Training:        1                   
  Model ID:           trps_phase_b_recent_etth2_p96_s2021_r2Model:              GraphMambaRecent    

[1mData Loader[0m
  Data:               ETTh2               Root Path:          /home/cwh/Time-Series-Library/dataset/ETT-small
  Data Path:          ETTh2.csv           Features:           M                   
  Target:             OT                  Freq:               h                   
  Checkpoints:        /home/cwh/Time-Series-Library/logs/timerole_recent_simplification/checkpoints

[1mForecasting Task[0m
  Seq Len:            336                 Label Len:          48                  
  Pred Len:           96                  Seasonal Patterns:  Monthly             
  Inverse:            0                   

[1mModel Parameters[0m
  Top k:              5                   Num Kernels:        6                   
  Enc In:             7                   Dec In:             7                   
  C Out:              7                   d model:            64                  
  n heads:            8                   e layers:           1                   
  d layers:           1                   d FF:               128                 
  Moving Avg:         25                  Factor:             1                   
  Distil:             1                   Dropout:            0.1                 
  Embed:              timeF               Activation:         gelu                

[1mRun Parameters[0m
  Num Workers:        0                   Itr:                1                   
  Train Epochs:       100                 Batch Size:         32                  
  Patience:           6                   Learning Rate:      0.0005              
  Des:                trps_phase_b_recent_etth2_p96_s2021_r2Loss:               MSE                 
  Lradj:              type1               Use Amp:            0                   

[1mGPU[0m
  Use GPU:            1                   GPU:                0                   
  Use Multi GPU:      0                   Devices:            0,1,2,3             

[1mDe-stationary Projector Params[0m
  P Hidden Dims:      128, 128            P Hidden Layers:    2                   

Use GPU: cuda:0
🚀 Lazy Loading: GraphMambaRecent ...
[GraphMamba] Building 7x7 static graph from 2000 training samples
>>>>>>>start training : long_term_forecast_trps_phase_b_recent_etth2_p96_s2021_r2_GraphMambaRecent_ETTh2_ftM_sl336_ll48_pl96_dm64_nh8_el1_dl1_df128_expand2_dc2_fc1_ebtimeF_dtTrue_trps_phase_b_recent_etth2_p96_s2021_r2_0>>>>>>>>>>>>>>>>>>>>>>>>>>
train 8209
val 2785
	iters: 100, epoch: 1 | loss: 0.5430948
	speed: 0.0085s/iter; left time: 218.2713s
	iters: 200, epoch: 1 | loss: 0.3740392
	speed: 0.0069s/iter; left time: 175.6310s
Epoch: 1 cost time: 1.9165236949920654
Epoch: 1, Steps: 257 | Train Loss: 0.4600530 Vali Loss: 0.2310999
Validation loss decreased (inf --> 0.231100).  Saving model ...
Updating learning rate to 0.0005
	iters: 100, epoch: 2 | loss: 0.1994757
	speed: 0.0131s/iter; left time: 331.2969s
	iters: 200, epoch: 2 | loss: 0.3616477
	speed: 0.0074s/iter; left time: 186.6790s
Epoch: 2 cost time: 1.8514606952667236
Epoch: 2, Steps: 257 | Train Loss: 0.4161409 Vali Loss: 0.2190445
Validation loss decreased (0.231100 --> 0.219045).  Saving model ...
Updating learning rate to 0.00025
	iters: 100, epoch: 3 | loss: 0.2946803
	speed: 0.0140s/iter; left time: 351.1517s
	iters: 200, epoch: 3 | loss: 0.2653182
	speed: 0.0071s/iter; left time: 176.6316s
Epoch: 3 cost time: 1.859415054321289
Epoch: 3, Steps: 257 | Train Loss: 0.3919008 Vali Loss: 0.2241614
EarlyStopping counter: 1 out of 6
Updating learning rate to 0.000125
	iters: 100, epoch: 4 | loss: 0.3453767
	speed: 0.0148s/iter; left time: 368.1824s
	iters: 200, epoch: 4 | loss: 0.6192859
	speed: 0.0072s/iter; left time: 179.2477s
Epoch: 4 cost time: 1.8542289733886719
Epoch: 4, Steps: 257 | Train Loss: 0.3806005 Vali Loss: 0.2208217
EarlyStopping counter: 2 out of 6
Updating learning rate to 6.25e-05
	iters: 100, epoch: 5 | loss: 0.2503615
	speed: 0.0134s/iter; left time: 328.6025s
	iters: 200, epoch: 5 | loss: 0.3772962
	speed: 0.0067s/iter; left time: 163.2911s
Epoch: 5 cost time: 1.6912429332733154
Epoch: 5, Steps: 257 | Train Loss: 0.3720129 Vali Loss: 0.2220275
EarlyStopping counter: 3 out of 6
Updating learning rate to 3.125e-05
	iters: 100, epoch: 6 | loss: 0.4013062
	speed: 0.0118s/iter; left time: 287.0270s
	iters: 200, epoch: 6 | loss: 0.2579128
	speed: 0.0063s/iter; left time: 152.8576s
Epoch: 6 cost time: 1.6230566501617432
Epoch: 6, Steps: 257 | Train Loss: 0.3695192 Vali Loss: 0.2204866
EarlyStopping counter: 4 out of 6
Updating learning rate to 1.5625e-05
	iters: 100, epoch: 7 | loss: 0.5190357
	speed: 0.0133s/iter; left time: 319.3482s
	iters: 200, epoch: 7 | loss: 0.3205202
	speed: 0.0066s/iter; left time: 159.2105s
Epoch: 7 cost time: 1.7133982181549072
Epoch: 7, Steps: 257 | Train Loss: 0.3672691 Vali Loss: 0.2208480
EarlyStopping counter: 5 out of 6
Updating learning rate to 7.8125e-06
	iters: 100, epoch: 8 | loss: 0.5525326
	speed: 0.0125s/iter; left time: 296.9993s
	iters: 200, epoch: 8 | loss: 0.3736104
	speed: 0.0068s/iter; left time: 162.3309s
Epoch: 8 cost time: 1.7227158546447754
Epoch: 8, Steps: 257 | Train Loss: 0.3662587 Vali Loss: 0.2209484
EarlyStopping counter: 6 out of 6
Early stopping
VALIDATION_RESULT {"best_epoch": 2, "best_mae": 0.3196802033698894, "best_mse": 0.21904454542304996, "epochs_ran": 8, "metric_version": "element_weighted_v1", "train_duration_seconds": 16.583862508647144, "train_peak_cuda_memory_bytes": 195773952}
>>>>>>>test skipped (validation-only run)<<<<<<<<<<<<<<<<<<<<<<<<
>>>>>>>evaluating validation checkpoint : long_term_forecast_trps_phase_b_recent_etth2_p96_s2021_r2_GraphMambaRecent_ETTh2_ftM_sl336_ll48_pl96_dm64_nh8_el1_dl1_df128_expand2_dc2_fc1_ebtimeF_dtTrue_trps_phase_b_recent_etth2_p96_s2021_r2_0<<<<<<<<<<<<<<<<<<<<<<<<<<<<<<<<<
val 2785
EVALUATION_RESULT {"batches": 88, "elapsed_seconds": 0.26059452490881085, "elements": 1871520, "mae": 0.3196802033698894, "metric_version": "element_weighted_v1", "milliseconds_per_batch": 2.961301419418305, "mse": 0.21904454542304996, "parameter_count": 398118, "peak_cuda_memory_bytes": 80509440, "split": "val", "test_accessed": false, "timerole_intervention": "intact"}
