Using GPU
Args in experiment:
[1mBasic Config[0m
  Task Name:          long_term_forecast  Is Training:        1                   
  Model ID:           trps_phase_b_recent_ettm1_p720_s2021_r5Model:              GraphMambaRecent    

[1mData Loader[0m
  Data:               ETTm1               Root Path:          /home/cwh/Time-Series-Library/dataset/ETT-small
  Data Path:          ETTm1.csv           Features:           M                   
  Target:             OT                  Freq:               t                   
  Checkpoints:        /home/cwh/Time-Series-Library/logs/timerole_recent_simplification/checkpoints

[1mForecasting Task[0m
  Seq Len:            336                 Label Len:          48                  
  Pred Len:           720                 Seasonal Patterns:  Monthly             
  Inverse:            0                   

[1mModel Parameters[0m
  Top k:              5                   Num Kernels:        6                   
  Enc In:             7                   Dec In:             7                   
  C Out:              7                   d model:            64                  
  n heads:            8                   e layers:           1                   
  d layers:           1                   d FF:               128                 
  Moving Avg:         25                  Factor:             1                   
  Distil:             1                   Dropout:            0.1                 
  Embed:              timeF               Activation:         gelu                

[1mRun Parameters[0m
  Num Workers:        0                   Itr:                1                   
  Train Epochs:       100                 Batch Size:         32                  
  Patience:           6                   Learning Rate:      0.0005              
  Des:                trps_phase_b_recent_ettm1_p720_s2021_r5Loss:               MSE                 
  Lradj:              type1               Use Amp:            0                   

[1mGPU[0m
  Use GPU:            1                   GPU:                0                   
  Use Multi GPU:      0                   Devices:            0,1,2,3             

[1mDe-stationary Projector Params[0m
  P Hidden Dims:      128, 128            P Hidden Layers:    2                   

Use GPU: cuda:0
🚀 Lazy Loading: GraphMambaRecent ...
[GraphMamba] Building 7x7 static graph from 2000 training samples
>>>>>>>start training : long_term_forecast_trps_phase_b_recent_ettm1_p720_s2021_r5_GraphMambaRecent_ETTm1_ftM_sl336_ll48_pl720_dm64_nh8_el1_dl1_df128_expand2_dc2_fc1_ebtimeF_dtTrue_trps_phase_b_recent_ettm1_p720_s2021_r5_0>>>>>>>>>>>>>>>>>>>>>>>>>>
train 33505
val 10801
	iters: 100, epoch: 1 | loss: 0.4932824
	speed: 0.0093s/iter; left time: 976.5639s
	iters: 200, epoch: 1 | loss: 0.5031999
	speed: 0.0037s/iter; left time: 384.3347s
	iters: 300, epoch: 1 | loss: 0.4882584
	speed: 0.0034s/iter; left time: 358.4700s
	iters: 400, epoch: 1 | loss: 0.4662972
	speed: 0.0032s/iter; left time: 335.5106s
	iters: 500, epoch: 1 | loss: 0.3852884
	speed: 0.0033s/iter; left time: 348.2250s
	iters: 600, epoch: 1 | loss: 0.4982137
	speed: 0.0032s/iter; left time: 330.5382s
	iters: 700, epoch: 1 | loss: 0.5762265
	speed: 0.0034s/iter; left time: 355.8147s
	iters: 800, epoch: 1 | loss: 0.4450026
	speed: 0.0035s/iter; left time: 363.5950s
	iters: 900, epoch: 1 | loss: 0.4896489
	speed: 0.0034s/iter; left time: 354.6404s
	iters: 1000, epoch: 1 | loss: 0.4947819
	speed: 0.0034s/iter; left time: 347.9811s
Epoch: 1 cost time: 3.6976218223571777
Epoch: 1, Steps: 1048 | Train Loss: 0.4775483 Vali Loss: 0.9961022
Validation loss decreased (inf --> 0.996102).  Saving model ...
Updating learning rate to 0.0005
	iters: 100, epoch: 2 | loss: 0.4467435
	speed: 0.0116s/iter; left time: 1197.3676s
	iters: 200, epoch: 2 | loss: 0.3646678
	speed: 0.0035s/iter; left time: 361.3130s
	iters: 300, epoch: 2 | loss: 0.5064183
	speed: 0.0033s/iter; left time: 344.1270s
	iters: 400, epoch: 2 | loss: 0.4548589
	speed: 0.0033s/iter; left time: 342.6801s
	iters: 500, epoch: 2 | loss: 0.4995977
	speed: 0.0037s/iter; left time: 378.2469s
	iters: 600, epoch: 2 | loss: 0.4520896
	speed: 0.0033s/iter; left time: 338.4971s
	iters: 700, epoch: 2 | loss: 0.4929290
	speed: 0.0032s/iter; left time: 331.8351s
	iters: 800, epoch: 2 | loss: 0.4133254
	speed: 0.0034s/iter; left time: 348.1096s
	iters: 900, epoch: 2 | loss: 0.4432502
	speed: 0.0032s/iter; left time: 330.8733s
	iters: 1000, epoch: 2 | loss: 0.4672511
	speed: 0.0034s/iter; left time: 353.3251s
Epoch: 2 cost time: 3.5137224197387695
Epoch: 2, Steps: 1048 | Train Loss: 0.4633087 Vali Loss: 0.9748331
Validation loss decreased (0.996102 --> 0.974833).  Saving model ...
Updating learning rate to 0.00025
	iters: 100, epoch: 3 | loss: 0.4306273
	speed: 0.0113s/iter; left time: 1160.2732s
	iters: 200, epoch: 3 | loss: 0.3862085
	speed: 0.0033s/iter; left time: 342.8004s
	iters: 300, epoch: 3 | loss: 0.5481586
	speed: 0.0036s/iter; left time: 368.8664s
	iters: 400, epoch: 3 | loss: 0.5939587
	speed: 0.0034s/iter; left time: 343.3252s
	iters: 500, epoch: 3 | loss: 0.4504074
	speed: 0.0034s/iter; left time: 343.5306s
	iters: 600, epoch: 3 | loss: 0.4639446
	speed: 0.0035s/iter; left time: 361.1894s
	iters: 700, epoch: 3 | loss: 0.4238040
	speed: 0.0033s/iter; left time: 337.6651s
	iters: 800, epoch: 3 | loss: 0.4149899
	speed: 0.0034s/iter; left time: 349.8640s
	iters: 900, epoch: 3 | loss: 0.4432328
	speed: 0.0035s/iter; left time: 354.0810s
	iters: 1000, epoch: 3 | loss: 0.4466090
	speed: 0.0035s/iter; left time: 357.3862s
Epoch: 3 cost time: 3.61676287651062
Epoch: 3, Steps: 1048 | Train Loss: 0.4540541 Vali Loss: 0.9707651
Validation loss decreased (0.974833 --> 0.970765).  Saving model ...
Updating learning rate to 0.000125
	iters: 100, epoch: 4 | loss: 0.4667784
	speed: 0.0120s/iter; left time: 1214.8901s
	iters: 200, epoch: 4 | loss: 0.3789795
	speed: 0.0032s/iter; left time: 326.2922s
	iters: 300, epoch: 4 | loss: 0.3914640
	speed: 0.0034s/iter; left time: 343.4719s
	iters: 400, epoch: 4 | loss: 0.3915686
	speed: 0.0034s/iter; left time: 339.9893s
	iters: 500, epoch: 4 | loss: 0.5249799
	speed: 0.0033s/iter; left time: 330.3803s
	iters: 600, epoch: 4 | loss: 0.6356568
	speed: 0.0033s/iter; left time: 334.6315s
	iters: 700, epoch: 4 | loss: 0.3868248
	speed: 0.0036s/iter; left time: 359.2877s
	iters: 800, epoch: 4 | loss: 0.4857996
	speed: 0.0035s/iter; left time: 355.1991s
	iters: 900, epoch: 4 | loss: 0.4914598
	speed: 0.0033s/iter; left time: 329.2800s
	iters: 1000, epoch: 4 | loss: 0.4158974
	speed: 0.0033s/iter; left time: 336.5566s
Epoch: 4 cost time: 3.528362274169922
Epoch: 4, Steps: 1048 | Train Loss: 0.4502579 Vali Loss: 0.9675518
Validation loss decreased (0.970765 --> 0.967552).  Saving model ...
Updating learning rate to 6.25e-05
	iters: 100, epoch: 5 | loss: 0.3981849
	speed: 0.0115s/iter; left time: 1156.4793s
	iters: 200, epoch: 5 | loss: 0.3916610
	speed: 0.0034s/iter; left time: 339.8124s
	iters: 300, epoch: 5 | loss: 0.3985641
	speed: 0.0036s/iter; left time: 357.5233s
	iters: 400, epoch: 5 | loss: 0.4350389
	speed: 0.0033s/iter; left time: 326.5750s
	iters: 500, epoch: 5 | loss: 0.4537257
	speed: 0.0033s/iter; left time: 330.9556s
	iters: 600, epoch: 5 | loss: 0.4458695
	speed: 0.0033s/iter; left time: 326.3064s
	iters: 700, epoch: 5 | loss: 0.4516848
	speed: 0.0033s/iter; left time: 333.3067s
	iters: 800, epoch: 5 | loss: 0.4281261
	speed: 0.0036s/iter; left time: 355.5527s
	iters: 900, epoch: 5 | loss: 0.5008679
	speed: 0.0036s/iter; left time: 361.5173s
	iters: 1000, epoch: 5 | loss: 0.4374309
	speed: 0.0033s/iter; left time: 327.2714s
Epoch: 5 cost time: 3.5548768043518066
Epoch: 5, Steps: 1048 | Train Loss: 0.4484935 Vali Loss: 0.9662818
Validation loss decreased (0.967552 --> 0.966282).  Saving model ...
Updating learning rate to 3.125e-05
	iters: 100, epoch: 6 | loss: 0.4007951
	speed: 0.0118s/iter; left time: 1169.4786s
	iters: 200, epoch: 6 | loss: 0.4541252
	speed: 0.0035s/iter; left time: 343.4147s
	iters: 300, epoch: 6 | loss: 0.4625135
	speed: 0.0034s/iter; left time: 338.4278s
	iters: 400, epoch: 6 | loss: 0.4667537
	speed: 0.0036s/iter; left time: 355.0541s
	iters: 500, epoch: 6 | loss: 0.5186495
	speed: 0.0033s/iter; left time: 328.2026s
	iters: 600, epoch: 6 | loss: 0.4269927
	speed: 0.0032s/iter; left time: 319.1164s
	iters: 700, epoch: 6 | loss: 0.5642179
	speed: 0.0035s/iter; left time: 345.8380s
	iters: 800, epoch: 6 | loss: 0.4507881
	speed: 0.0033s/iter; left time: 325.0734s
	iters: 900, epoch: 6 | loss: 0.4562992
	speed: 0.0034s/iter; left time: 330.6967s
	iters: 1000, epoch: 6 | loss: 0.4318283
	speed: 0.0034s/iter; left time: 330.2652s
Epoch: 6 cost time: 3.561347723007202
Epoch: 6, Steps: 1048 | Train Loss: 0.4473254 Vali Loss: 0.9660538
Validation loss decreased (0.966282 --> 0.966054).  Saving model ...
Updating learning rate to 1.5625e-05
	iters: 100, epoch: 7 | loss: 0.3666046
	speed: 0.0115s/iter; left time: 1133.3580s
	iters: 200, epoch: 7 | loss: 0.5295058
	speed: 0.0032s/iter; left time: 315.0584s
	iters: 300, epoch: 7 | loss: 0.4318687
	speed: 0.0033s/iter; left time: 324.2539s
	iters: 400, epoch: 7 | loss: 0.4454326
	speed: 0.0033s/iter; left time: 325.4297s
	iters: 500, epoch: 7 | loss: 0.5249175
	speed: 0.0033s/iter; left time: 324.7694s
	iters: 600, epoch: 7 | loss: 0.4392957
	speed: 0.0033s/iter; left time: 324.5847s
	iters: 700, epoch: 7 | loss: 0.3745223
	speed: 0.0034s/iter; left time: 329.9072s
	iters: 800, epoch: 7 | loss: 0.4037097
	speed: 0.0033s/iter; left time: 320.3345s
	iters: 900, epoch: 7 | loss: 0.4457550
	speed: 0.0033s/iter; left time: 318.7422s
	iters: 1000, epoch: 7 | loss: 0.3901122
	speed: 0.0032s/iter; left time: 311.2169s
Epoch: 7 cost time: 3.4491493701934814
Epoch: 7, Steps: 1048 | Train Loss: 0.4467869 Vali Loss: 0.9655720
Validation loss decreased (0.966054 --> 0.965572).  Saving model ...
Updating learning rate to 7.8125e-06
	iters: 100, epoch: 8 | loss: 0.6419647
	speed: 0.0118s/iter; left time: 1144.3834s
	iters: 200, epoch: 8 | loss: 0.4017346
	speed: 0.0034s/iter; left time: 327.5422s
	iters: 300, epoch: 8 | loss: 0.4632039
	speed: 0.0034s/iter; left time: 327.3563s
	iters: 400, epoch: 8 | loss: 0.4597368
	speed: 0.0033s/iter; left time: 321.8383s
	iters: 500, epoch: 8 | loss: 0.3976516
	speed: 0.0034s/iter; left time: 328.3990s
	iters: 600, epoch: 8 | loss: 0.4658468
	speed: 0.0034s/iter; left time: 328.0317s
	iters: 700, epoch: 8 | loss: 0.4460016
	speed: 0.0036s/iter; left time: 345.5266s
	iters: 800, epoch: 8 | loss: 0.4326063
	speed: 0.0035s/iter; left time: 337.9810s
	iters: 900, epoch: 8 | loss: 0.4607559
	speed: 0.0033s/iter; left time: 315.9100s
	iters: 1000, epoch: 8 | loss: 0.4617532
	speed: 0.0034s/iter; left time: 323.9913s
Epoch: 8 cost time: 3.55346941947937
Epoch: 8, Steps: 1048 | Train Loss: 0.4465714 Vali Loss: 0.9656487
EarlyStopping counter: 1 out of 6
Updating learning rate to 3.90625e-06
	iters: 100, epoch: 9 | loss: 0.3934620
	speed: 0.0117s/iter; left time: 1127.0017s
	iters: 200, epoch: 9 | loss: 0.3993139
	speed: 0.0034s/iter; left time: 329.5778s
	iters: 300, epoch: 9 | loss: 0.3403729
	speed: 0.0034s/iter; left time: 324.1864s
	iters: 400, epoch: 9 | loss: 0.4786245
	speed: 0.0034s/iter; left time: 323.1704s
	iters: 500, epoch: 9 | loss: 0.4657760
	speed: 0.0034s/iter; left time: 328.4574s
	iters: 600, epoch: 9 | loss: 0.4833442
	speed: 0.0033s/iter; left time: 319.7817s
	iters: 700, epoch: 9 | loss: 0.4276991
	speed: 0.0033s/iter; left time: 319.7586s
	iters: 800, epoch: 9 | loss: 0.3986074
	speed: 0.0031s/iter; left time: 298.5647s
	iters: 900, epoch: 9 | loss: 0.3949597
	speed: 0.0032s/iter; left time: 303.0402s
	iters: 1000, epoch: 9 | loss: 0.5018433
	speed: 0.0035s/iter; left time: 338.5864s
Epoch: 9 cost time: 3.5140750408172607
Epoch: 9, Steps: 1048 | Train Loss: 0.4463683 Vali Loss: 0.9656818
EarlyStopping counter: 2 out of 6
Updating learning rate to 1.953125e-06
	iters: 100, epoch: 10 | loss: 0.4739547
	speed: 0.0116s/iter; left time: 1100.9118s
	iters: 200, epoch: 10 | loss: 0.4759224
	speed: 0.0033s/iter; left time: 313.9560s
	iters: 300, epoch: 10 | loss: 0.4664564
	speed: 0.0033s/iter; left time: 312.1877s
	iters: 400, epoch: 10 | loss: 0.3906910
	speed: 0.0033s/iter; left time: 312.0454s
	iters: 500, epoch: 10 | loss: 0.3985179
	speed: 0.0033s/iter; left time: 313.3870s
	iters: 600, epoch: 10 | loss: 0.4231372
	speed: 0.0032s/iter; left time: 299.9151s
	iters: 700, epoch: 10 | loss: 0.5020823
	speed: 0.0032s/iter; left time: 307.5346s
	iters: 800, epoch: 10 | loss: 0.4641434
	speed: 0.0034s/iter; left time: 319.9558s
	iters: 900, epoch: 10 | loss: 0.3816584
	speed: 0.0033s/iter; left time: 308.9550s
	iters: 1000, epoch: 10 | loss: 0.4675257
	speed: 0.0035s/iter; left time: 325.9956s
Epoch: 10 cost time: 3.461590051651001
Epoch: 10, Steps: 1048 | Train Loss: 0.4462152 Vali Loss: 0.9656986
EarlyStopping counter: 3 out of 6
Updating learning rate to 9.765625e-07
	iters: 100, epoch: 11 | loss: 0.4287425
	speed: 0.0118s/iter; left time: 1110.5580s
	iters: 200, epoch: 11 | loss: 0.4078995
	speed: 0.0033s/iter; left time: 305.9483s
	iters: 300, epoch: 11 | loss: 0.4069462
	speed: 0.0033s/iter; left time: 314.4075s
	iters: 400, epoch: 11 | loss: 0.4002149
	speed: 0.0033s/iter; left time: 310.0996s
	iters: 500, epoch: 11 | loss: 0.4248205
	speed: 0.0032s/iter; left time: 302.3000s
	iters: 600, epoch: 11 | loss: 0.3887583
	speed: 0.0033s/iter; left time: 311.4368s
	iters: 700, epoch: 11 | loss: 0.4851011
	speed: 0.0034s/iter; left time: 317.6863s
	iters: 800, epoch: 11 | loss: 0.3777323
	speed: 0.0033s/iter; left time: 309.1526s
	iters: 900, epoch: 11 | loss: 0.4450697
	speed: 0.0034s/iter; left time: 314.7884s
	iters: 1000, epoch: 11 | loss: 0.4392718
	speed: 0.0032s/iter; left time: 297.4404s
Epoch: 11 cost time: 3.486867666244507
Epoch: 11, Steps: 1048 | Train Loss: 0.4463071 Vali Loss: 0.9655814
EarlyStopping counter: 4 out of 6
Updating learning rate to 4.8828125e-07
	iters: 100, epoch: 12 | loss: 0.3892794
	speed: 0.0118s/iter; left time: 1094.9489s
	iters: 200, epoch: 12 | loss: 0.3692588
	speed: 0.0032s/iter; left time: 298.2239s
	iters: 300, epoch: 12 | loss: 0.4427798
	speed: 0.0033s/iter; left time: 305.9275s
	iters: 400, epoch: 12 | loss: 0.4223510
	speed: 0.0032s/iter; left time: 298.0055s
	iters: 500, epoch: 12 | loss: 0.3793998
	speed: 0.0034s/iter; left time: 312.5310s
	iters: 600, epoch: 12 | loss: 0.3753876
	speed: 0.0033s/iter; left time: 303.3133s
	iters: 700, epoch: 12 | loss: 0.4518118
	speed: 0.0034s/iter; left time: 315.9097s
	iters: 800, epoch: 12 | loss: 0.4233211
	speed: 0.0033s/iter; left time: 304.4216s
	iters: 900, epoch: 12 | loss: 0.3986275
	speed: 0.0034s/iter; left time: 310.3442s
	iters: 1000, epoch: 12 | loss: 0.4660287
	speed: 0.0033s/iter; left time: 305.7777s
Epoch: 12 cost time: 3.5019400119781494
Epoch: 12, Steps: 1048 | Train Loss: 0.4469529 Vali Loss: 0.9657394
EarlyStopping counter: 5 out of 6
Updating learning rate to 2.44140625e-07
	iters: 100, epoch: 13 | loss: 0.4783391
	speed: 0.0118s/iter; left time: 1087.0303s
	iters: 200, epoch: 13 | loss: 0.3977605
	speed: 0.0034s/iter; left time: 312.8584s
	iters: 300, epoch: 13 | loss: 0.3658544
	speed: 0.0034s/iter; left time: 312.1533s
	iters: 400, epoch: 13 | loss: 0.3432862
	speed: 0.0036s/iter; left time: 329.5197s
	iters: 500, epoch: 13 | loss: 0.4535712
	speed: 0.0035s/iter; left time: 317.7881s
	iters: 600, epoch: 13 | loss: 0.4792456
	speed: 0.0036s/iter; left time: 332.1740s
	iters: 700, epoch: 13 | loss: 0.4370192
	speed: 0.0036s/iter; left time: 325.0307s
	iters: 800, epoch: 13 | loss: 0.5731894
	speed: 0.0035s/iter; left time: 318.5239s
	iters: 900, epoch: 13 | loss: 0.5230440
	speed: 0.0034s/iter; left time: 307.7390s
	iters: 1000, epoch: 13 | loss: 0.4555678
	speed: 0.0033s/iter; left time: 303.8044s
Epoch: 13 cost time: 3.6450393199920654
Epoch: 13, Steps: 1048 | Train Loss: 0.4461658 Vali Loss: 0.9657185
EarlyStopping counter: 6 out of 6
Early stopping
VALIDATION_RESULT {"best_epoch": 7, "best_mae": 0.6506848789215945, "best_mse": 0.9655719798906682, "epochs_ran": 13, "metric_version": "element_weighted_v1", "train_duration_seconds": 55.9072676631622, "train_peak_cuda_memory_bytes": 131624960}
>>>>>>>test skipped (validation-only run)<<<<<<<<<<<<<<<<<<<<<<<<
>>>>>>>evaluating validation checkpoint : long_term_forecast_trps_phase_b_recent_ettm1_p720_s2021_r5_GraphMambaRecent_ETTm1_ftM_sl336_ll48_pl720_dm64_nh8_el1_dl1_df128_expand2_dc2_fc1_ebtimeF_dtTrue_trps_phase_b_recent_ettm1_p720_s2021_r5_0<<<<<<<<<<<<<<<<<<<<<<<<<<<<<<<<<
val 10801
EVALUATION_RESULT {"batches": 338, "elapsed_seconds": 0.6488157319836318, "elements": 54437040, "mae": 0.6506848789215945, "metric_version": "element_weighted_v1", "milliseconds_per_batch": 1.9195731715492066, "mse": 0.9655719798906682, "parameter_count": 4433366, "peak_cuda_memory_bytes": 85851648, "split": "val", "test_accessed": false, "timerole_intervention": "intact"}
