Using GPU
Args in experiment:
[1mBasic Config[0m
  Task Name:          long_term_forecast  Is Training:        1                   
  Model ID:           trps_phase_b_recent_ettm1_p720_s2021_r4Model:              GraphMambaRecent    

[1mData Loader[0m
  Data:               ETTm1               Root Path:          /home/cwh/Time-Series-Library/dataset/ETT-small
  Data Path:          ETTm1.csv           Features:           M                   
  Target:             OT                  Freq:               t                   
  Checkpoints:        /home/cwh/Time-Series-Library/logs/timerole_recent_simplification/checkpoints

[1mForecasting Task[0m
  Seq Len:            336                 Label Len:          48                  
  Pred Len:           720                 Seasonal Patterns:  Monthly             
  Inverse:            0                   

[1mModel Parameters[0m
  Top k:              5                   Num Kernels:        6                   
  Enc In:             7                   Dec In:             7                   
  C Out:              7                   d model:            64                  
  n heads:            8                   e layers:           1                   
  d layers:           1                   d FF:               128                 
  Moving Avg:         25                  Factor:             1                   
  Distil:             1                   Dropout:            0.1                 
  Embed:              timeF               Activation:         gelu                

[1mRun Parameters[0m
  Num Workers:        0                   Itr:                1                   
  Train Epochs:       100                 Batch Size:         32                  
  Patience:           6                   Learning Rate:      0.0005              
  Des:                trps_phase_b_recent_ettm1_p720_s2021_r4Loss:               MSE                 
  Lradj:              type1               Use Amp:            0                   

[1mGPU[0m
  Use GPU:            1                   GPU:                0                   
  Use Multi GPU:      0                   Devices:            0,1,2,3             

[1mDe-stationary Projector Params[0m
  P Hidden Dims:      128, 128            P Hidden Layers:    2                   

Use GPU: cuda:0
🚀 Lazy Loading: GraphMambaRecent ...
>>>>>>>start training : long_term_forecast_trps_phase_b_recent_ettm1_p720_s2021_r4_GraphMambaRecent_ETTm1_ftM_sl336_ll48_pl720_dm64_nh8_el1_dl1_df128_expand2_dc2_fc1_ebtimeF_dtTrue_trps_phase_b_recent_ettm1_p720_s2021_r4_0>>>>>>>>>>>>>>>>>>>>>>>>>>
train 33505
val 10801
	iters: 100, epoch: 1 | loss: 0.5306277
	speed: 0.0084s/iter; left time: 875.3884s
	iters: 200, epoch: 1 | loss: 0.5265732
	speed: 0.0063s/iter; left time: 655.7222s
	iters: 300, epoch: 1 | loss: 0.5082159
	speed: 0.0064s/iter; left time: 666.2413s
	iters: 400, epoch: 1 | loss: 0.4805410
	speed: 0.0061s/iter; left time: 640.8826s
	iters: 500, epoch: 1 | loss: 0.3977121
	speed: 0.0064s/iter; left time: 669.4251s
	iters: 600, epoch: 1 | loss: 0.4902374
	speed: 0.0066s/iter; left time: 682.7451s
	iters: 700, epoch: 1 | loss: 0.5644268
	speed: 0.0063s/iter; left time: 653.3907s
	iters: 800, epoch: 1 | loss: 0.4293413
	speed: 0.0061s/iter; left time: 639.4738s
	iters: 900, epoch: 1 | loss: 0.4763373
	speed: 0.0064s/iter; left time: 660.9693s
	iters: 1000, epoch: 1 | loss: 0.4686832
	speed: 0.0062s/iter; left time: 638.4323s
Epoch: 1 cost time: 6.798982858657837
Epoch: 1, Steps: 1048 | Train Loss: 0.4888833 Vali Loss: 0.9975552
Validation loss decreased (inf --> 0.997555).  Saving model ...
Updating learning rate to 0.0005
	iters: 100, epoch: 2 | loss: 0.4307861
	speed: 0.0199s/iter; left time: 2065.8735s
	iters: 200, epoch: 2 | loss: 0.3526718
	speed: 0.0060s/iter; left time: 625.3007s
	iters: 300, epoch: 2 | loss: 0.5032134
	speed: 0.0062s/iter; left time: 645.4721s
	iters: 400, epoch: 2 | loss: 0.4142050
	speed: 0.0061s/iter; left time: 629.2261s
	iters: 500, epoch: 2 | loss: 0.4881695
	speed: 0.0062s/iter; left time: 642.0687s
	iters: 600, epoch: 2 | loss: 0.4448509
	speed: 0.0063s/iter; left time: 650.4843s
	iters: 700, epoch: 2 | loss: 0.4732347
	speed: 0.0062s/iter; left time: 634.4049s
	iters: 800, epoch: 2 | loss: 0.3947663
	speed: 0.0063s/iter; left time: 651.7918s
	iters: 900, epoch: 2 | loss: 0.4211302
	speed: 0.0062s/iter; left time: 641.1694s
	iters: 1000, epoch: 2 | loss: 0.4501393
	speed: 0.0065s/iter; left time: 667.3358s
Epoch: 2 cost time: 6.562623500823975
Epoch: 2, Steps: 1048 | Train Loss: 0.4447761 Vali Loss: 0.9680614
Validation loss decreased (0.997555 --> 0.968061).  Saving model ...
Updating learning rate to 0.00025
	iters: 100, epoch: 3 | loss: 0.4119891
	speed: 0.0193s/iter; left time: 1977.6436s
	iters: 200, epoch: 3 | loss: 0.3682100
	speed: 0.0063s/iter; left time: 640.6880s
	iters: 300, epoch: 3 | loss: 0.5169951
	speed: 0.0063s/iter; left time: 645.4343s
	iters: 400, epoch: 3 | loss: 0.5641624
	speed: 0.0061s/iter; left time: 620.5849s
	iters: 500, epoch: 3 | loss: 0.4190420
	speed: 0.0061s/iter; left time: 623.1244s
	iters: 600, epoch: 3 | loss: 0.4423631
	speed: 0.0062s/iter; left time: 628.6381s
	iters: 700, epoch: 3 | loss: 0.3918083
	speed: 0.0061s/iter; left time: 623.9627s
	iters: 800, epoch: 3 | loss: 0.3725545
	speed: 0.0063s/iter; left time: 646.7581s
	iters: 900, epoch: 3 | loss: 0.4134812
	speed: 0.0063s/iter; left time: 643.7401s
	iters: 1000, epoch: 3 | loss: 0.4220434
	speed: 0.0061s/iter; left time: 621.9850s
Epoch: 3 cost time: 6.477228879928589
Epoch: 3, Steps: 1048 | Train Loss: 0.4294355 Vali Loss: 0.9631233
Validation loss decreased (0.968061 --> 0.963123).  Saving model ...
Updating learning rate to 0.000125
	iters: 100, epoch: 4 | loss: 0.4379776
	speed: 0.0193s/iter; left time: 1961.8666s
	iters: 200, epoch: 4 | loss: 0.3645259
	speed: 0.0061s/iter; left time: 618.1135s
	iters: 300, epoch: 4 | loss: 0.3672003
	speed: 0.0062s/iter; left time: 626.1287s
	iters: 400, epoch: 4 | loss: 0.3710522
	speed: 0.0065s/iter; left time: 658.6619s
	iters: 500, epoch: 4 | loss: 0.5106146
	speed: 0.0063s/iter; left time: 638.9058s
	iters: 600, epoch: 4 | loss: 0.6168751
	speed: 0.0061s/iter; left time: 614.0580s
	iters: 700, epoch: 4 | loss: 0.3704747
	speed: 0.0061s/iter; left time: 619.3309s
	iters: 800, epoch: 4 | loss: 0.4645978
	speed: 0.0062s/iter; left time: 626.9999s
	iters: 900, epoch: 4 | loss: 0.4610237
	speed: 0.0063s/iter; left time: 631.7484s
	iters: 1000, epoch: 4 | loss: 0.3927590
	speed: 0.0062s/iter; left time: 622.0521s
Epoch: 4 cost time: 6.529848337173462
Epoch: 4, Steps: 1048 | Train Loss: 0.4229758 Vali Loss: 0.9650227
EarlyStopping counter: 1 out of 6
Updating learning rate to 6.25e-05
	iters: 100, epoch: 5 | loss: 0.3688518
	speed: 0.0193s/iter; left time: 1935.8670s
	iters: 200, epoch: 5 | loss: 0.3843672
	speed: 0.0061s/iter; left time: 617.1843s
	iters: 300, epoch: 5 | loss: 0.3705503
	speed: 0.0065s/iter; left time: 649.9117s
	iters: 400, epoch: 5 | loss: 0.4187294
	speed: 0.0064s/iter; left time: 636.6031s
	iters: 500, epoch: 5 | loss: 0.4397488
	speed: 0.0065s/iter; left time: 648.3407s
	iters: 600, epoch: 5 | loss: 0.4284433
	speed: 0.0064s/iter; left time: 635.9933s
	iters: 700, epoch: 5 | loss: 0.4289668
	speed: 0.0062s/iter; left time: 619.3952s
	iters: 800, epoch: 5 | loss: 0.3912199
	speed: 0.0061s/iter; left time: 613.4027s
	iters: 900, epoch: 5 | loss: 0.4638930
	speed: 0.0064s/iter; left time: 641.0662s
	iters: 1000, epoch: 5 | loss: 0.4042249
	speed: 0.0063s/iter; left time: 632.3511s
Epoch: 5 cost time: 6.614607572555542
Epoch: 5, Steps: 1048 | Train Loss: 0.4197032 Vali Loss: 0.9613649
Validation loss decreased (0.963123 --> 0.961365).  Saving model ...
Updating learning rate to 3.125e-05
	iters: 100, epoch: 6 | loss: 0.3652235
	speed: 0.0199s/iter; left time: 1978.3927s
	iters: 200, epoch: 6 | loss: 0.4294385
	speed: 0.0064s/iter; left time: 638.6308s
	iters: 300, epoch: 6 | loss: 0.4227462
	speed: 0.0062s/iter; left time: 614.1674s
	iters: 400, epoch: 6 | loss: 0.4319985
	speed: 0.0063s/iter; left time: 621.9495s
	iters: 500, epoch: 6 | loss: 0.4951162
	speed: 0.0064s/iter; left time: 631.1282s
	iters: 600, epoch: 6 | loss: 0.4013658
	speed: 0.0061s/iter; left time: 608.2461s
	iters: 700, epoch: 6 | loss: 0.5225602
	speed: 0.0064s/iter; left time: 632.5663s
	iters: 800, epoch: 6 | loss: 0.4198022
	speed: 0.0063s/iter; left time: 619.0074s
	iters: 900, epoch: 6 | loss: 0.4135971
	speed: 0.0062s/iter; left time: 610.4302s
	iters: 1000, epoch: 6 | loss: 0.3890423
	speed: 0.0061s/iter; left time: 597.3214s
Epoch: 6 cost time: 6.564690351486206
Epoch: 6, Steps: 1048 | Train Loss: 0.4174469 Vali Loss: 0.9614114
EarlyStopping counter: 1 out of 6
Updating learning rate to 1.5625e-05
	iters: 100, epoch: 7 | loss: 0.3351378
	speed: 0.0194s/iter; left time: 1907.3302s
	iters: 200, epoch: 7 | loss: 0.4881614
	speed: 0.0066s/iter; left time: 649.7995s
	iters: 300, epoch: 7 | loss: 0.4003952
	speed: 0.0061s/iter; left time: 599.7183s
	iters: 400, epoch: 7 | loss: 0.4133984
	speed: 0.0062s/iter; left time: 607.5398s
	iters: 500, epoch: 7 | loss: 0.5082233
	speed: 0.0063s/iter; left time: 617.0210s
	iters: 600, epoch: 7 | loss: 0.4036218
	speed: 0.0061s/iter; left time: 593.0502s
	iters: 700, epoch: 7 | loss: 0.3572076
	speed: 0.0060s/iter; left time: 587.2121s
	iters: 800, epoch: 7 | loss: 0.3752226
	speed: 0.0064s/iter; left time: 629.5867s
	iters: 900, epoch: 7 | loss: 0.4159621
	speed: 0.0062s/iter; left time: 602.5898s
	iters: 1000, epoch: 7 | loss: 0.3533922
	speed: 0.0063s/iter; left time: 615.7755s
Epoch: 7 cost time: 6.540332317352295
Epoch: 7, Steps: 1048 | Train Loss: 0.4164058 Vali Loss: 0.9642589
EarlyStopping counter: 2 out of 6
Updating learning rate to 7.8125e-06
	iters: 100, epoch: 8 | loss: 0.6085140
	speed: 0.0192s/iter; left time: 1867.0199s
	iters: 200, epoch: 8 | loss: 0.3887427
	speed: 0.0062s/iter; left time: 599.5018s
	iters: 300, epoch: 8 | loss: 0.4341898
	speed: 0.0064s/iter; left time: 624.1625s
	iters: 400, epoch: 8 | loss: 0.4470512
	speed: 0.0061s/iter; left time: 591.1721s
	iters: 500, epoch: 8 | loss: 0.3814303
	speed: 0.0062s/iter; left time: 598.1722s
	iters: 600, epoch: 8 | loss: 0.4146453
	speed: 0.0061s/iter; left time: 595.3013s
	iters: 700, epoch: 8 | loss: 0.4190922
	speed: 0.0060s/iter; left time: 584.8718s
	iters: 800, epoch: 8 | loss: 0.4294071
	speed: 0.0061s/iter; left time: 591.6562s
	iters: 900, epoch: 8 | loss: 0.4226505
	speed: 0.0062s/iter; left time: 594.1471s
	iters: 1000, epoch: 8 | loss: 0.4233779
	speed: 0.0066s/iter; left time: 638.8982s
Epoch: 8 cost time: 6.507605314254761
Epoch: 8, Steps: 1048 | Train Loss: 0.4159654 Vali Loss: 0.9642455
EarlyStopping counter: 3 out of 6
Updating learning rate to 3.90625e-06
	iters: 100, epoch: 9 | loss: 0.3614401
	speed: 0.0195s/iter; left time: 1881.0472s
	iters: 200, epoch: 9 | loss: 0.3662220
	speed: 0.0063s/iter; left time: 605.0776s
	iters: 300, epoch: 9 | loss: 0.3159544
	speed: 0.0061s/iter; left time: 591.0389s
	iters: 400, epoch: 9 | loss: 0.4384255
	speed: 0.0063s/iter; left time: 604.2339s
	iters: 500, epoch: 9 | loss: 0.4370299
	speed: 0.0064s/iter; left time: 614.9279s
	iters: 600, epoch: 9 | loss: 0.4528702
	speed: 0.0065s/iter; left time: 622.3281s
	iters: 700, epoch: 9 | loss: 0.3997637
	speed: 0.0064s/iter; left time: 614.4575s
	iters: 800, epoch: 9 | loss: 0.3836570
	speed: 0.0063s/iter; left time: 604.9380s
	iters: 900, epoch: 9 | loss: 0.3688274
	speed: 0.0063s/iter; left time: 603.9525s
	iters: 1000, epoch: 9 | loss: 0.4595754
	speed: 0.0064s/iter; left time: 610.9610s
Epoch: 9 cost time: 6.668301820755005
Epoch: 9, Steps: 1048 | Train Loss: 0.4155621 Vali Loss: 0.9636406
EarlyStopping counter: 4 out of 6
Updating learning rate to 1.953125e-06
	iters: 100, epoch: 10 | loss: 0.4356276
	speed: 0.0195s/iter; left time: 1861.5697s
	iters: 200, epoch: 10 | loss: 0.4485368
	speed: 0.0065s/iter; left time: 618.5416s
	iters: 300, epoch: 10 | loss: 0.4433517
	speed: 0.0062s/iter; left time: 593.6422s
	iters: 400, epoch: 10 | loss: 0.3651352
	speed: 0.0064s/iter; left time: 612.5018s
	iters: 500, epoch: 10 | loss: 0.3709893
	speed: 0.0062s/iter; left time: 585.6298s
	iters: 600, epoch: 10 | loss: 0.4034453
	speed: 0.0060s/iter; left time: 570.8967s
	iters: 700, epoch: 10 | loss: 0.4509699
	speed: 0.0061s/iter; left time: 576.9845s
	iters: 800, epoch: 10 | loss: 0.4311974
	speed: 0.0067s/iter; left time: 633.5359s
	iters: 900, epoch: 10 | loss: 0.3687627
	speed: 0.0065s/iter; left time: 611.8375s
	iters: 1000, epoch: 10 | loss: 0.4234329
	speed: 0.0062s/iter; left time: 580.7140s
Epoch: 10 cost time: 6.650037527084351
Epoch: 10, Steps: 1048 | Train Loss: 0.4154240 Vali Loss: 0.9641048
EarlyStopping counter: 5 out of 6
Updating learning rate to 9.765625e-07
	iters: 100, epoch: 11 | loss: 0.3891746
	speed: 0.0200s/iter; left time: 1885.7577s
	iters: 200, epoch: 11 | loss: 0.3809497
	speed: 0.0063s/iter; left time: 594.3959s
	iters: 300, epoch: 11 | loss: 0.3982117
	speed: 0.0063s/iter; left time: 590.0614s
	iters: 400, epoch: 11 | loss: 0.3690648
	speed: 0.0062s/iter; left time: 580.5438s
	iters: 500, epoch: 11 | loss: 0.4043074
	speed: 0.0063s/iter; left time: 590.3814s
	iters: 600, epoch: 11 | loss: 0.3544005
	speed: 0.0066s/iter; left time: 619.4549s
	iters: 700, epoch: 11 | loss: 0.4465427
	speed: 0.0065s/iter; left time: 605.5697s
	iters: 800, epoch: 11 | loss: 0.3620751
	speed: 0.0063s/iter; left time: 590.4293s
	iters: 900, epoch: 11 | loss: 0.4154325
	speed: 0.0066s/iter; left time: 614.7692s
	iters: 1000, epoch: 11 | loss: 0.4075493
	speed: 0.0063s/iter; left time: 591.4890s
Epoch: 11 cost time: 6.6722166538238525
Epoch: 11, Steps: 1048 | Train Loss: 0.4154506 Vali Loss: 0.9636334
EarlyStopping counter: 6 out of 6
Early stopping
VALIDATION_RESULT {"best_epoch": 5, "best_mae": 0.6589667751096037, "best_mse": 0.9613649326445514, "epochs_ran": 11, "metric_version": "element_weighted_v1", "train_duration_seconds": 85.04027445800602, "train_peak_cuda_memory_bytes": 393534464}
>>>>>>>test skipped (validation-only run)<<<<<<<<<<<<<<<<<<<<<<<<
>>>>>>>evaluating validation checkpoint : long_term_forecast_trps_phase_b_recent_ettm1_p720_s2021_r4_GraphMambaRecent_ETTm1_ftM_sl336_ll48_pl720_dm64_nh8_el1_dl1_df128_expand2_dc2_fc1_ebtimeF_dtTrue_trps_phase_b_recent_ettm1_p720_s2021_r4_0<<<<<<<<<<<<<<<<<<<<<<<<<<<<<<<<<
val 10801
EVALUATION_RESULT {"batches": 338, "elapsed_seconds": 1.0402079857885838, "elements": 54437040, "mae": 0.6589667751096037, "metric_version": "element_weighted_v1", "milliseconds_per_batch": 3.0775384194928512, "mse": 0.9613649326445514, "parameter_count": 4518992, "peak_cuda_memory_bytes": 166851584, "split": "val", "test_accessed": false, "timerole_intervention": "intact"}
