Using GPU
Args in experiment:
[1mBasic Config[0m
  Task Name:          long_term_forecast  Is Training:        1                   
  Model ID:           ETTh2_96_336_cmrhm_unified_etth2_p336_s2021Model:              GraphMambaCMRHM     

[1mData Loader[0m
  Data:               ETTh2               Root Path:          /home/cwh/Time-Series-Library/dataset/ETT-small
  Data Path:          ETTh2.csv           Features:           M                   
  Target:             OT                  Freq:               h                   
  Checkpoints:        ./checkpoints/      

[1mForecasting Task[0m
  Seq Len:            336                 Label Len:          48                  
  Pred Len:           336                 Seasonal Patterns:  Monthly             
  Inverse:            0                   

[1mModel Parameters[0m
  Top k:              5                   Num Kernels:        6                   
  Enc In:             7                   Dec In:             7                   
  C Out:              7                   d model:            64                  
  n heads:            8                   e layers:           1                   
  d layers:           1                   d FF:               128                 
  Moving Avg:         25                  Factor:             1                   
  Distil:             1                   Dropout:            0.1                 
  Embed:              timeF               Activation:         gelu                

[1mRun Parameters[0m
  Num Workers:        0                   Itr:                1                   
  Train Epochs:       100                 Batch Size:         32                  
  Patience:           6                   Learning Rate:      0.0005              
  Des:                cmrhm_unified_etth2_p336_s2021Loss:               MSE                 
  Lradj:              type1               Use Amp:            0                   

[1mGPU[0m
  Use GPU:            1                   GPU:                0                   
  Use Multi GPU:      0                   Devices:            0,1,2,3             

[1mDe-stationary Projector Params[0m
  P Hidden Dims:      128, 128            P Hidden Layers:    2                   

Use GPU: cuda:0
🚀 Lazy Loading: GraphMambaCMRHM ...
[GraphMamba] Building 7x7 static graph from 2000 training samples
>>>>>>>start training : long_term_forecast_ETTh2_96_336_cmrhm_unified_etth2_p336_s2021_GraphMambaCMRHM_ETTh2_ftM_sl336_ll48_pl336_dm64_nh8_el1_dl1_df128_expand2_dc2_fc1_ebtimeF_dtTrue_cmrhm_unified_etth2_p336_s2021_0>>>>>>>>>>>>>>>>>>>>>>>>>>
train 7969
val 2545
	iters: 100, epoch: 1 | loss: 0.6419245
	speed: 0.0131s/iter; left time: 325.0696s
	iters: 200, epoch: 1 | loss: 0.3878646
	speed: 0.0109s/iter; left time: 269.7891s
Epoch: 1 cost time: 2.964799165725708
Epoch: 1, Steps: 250 | Train Loss: 0.7154290 Vali Loss: 0.3720096
Validation loss decreased (inf --> 0.372010).  Saving model ...
Updating learning rate to 0.0005
	iters: 100, epoch: 2 | loss: 0.6784316
	speed: 0.0210s/iter; left time: 518.4599s
	iters: 200, epoch: 2 | loss: 0.5520085
	speed: 0.0109s/iter; left time: 268.1892s
Epoch: 2 cost time: 2.776093006134033
Epoch: 2, Steps: 250 | Train Loss: 0.5888167 Vali Loss: 0.3997431
EarlyStopping counter: 1 out of 6
Updating learning rate to 0.00025
	iters: 100, epoch: 3 | loss: 0.3793477
	speed: 0.0198s/iter; left time: 483.1456s
	iters: 200, epoch: 3 | loss: 0.4985187
	speed: 0.0114s/iter; left time: 276.0052s
Epoch: 3 cost time: 2.789766788482666
Epoch: 3, Steps: 250 | Train Loss: 0.5724080 Vali Loss: 0.3931447
EarlyStopping counter: 2 out of 6
Updating learning rate to 0.000125
	iters: 100, epoch: 4 | loss: 0.6160759
	speed: 0.0206s/iter; left time: 498.2143s
	iters: 200, epoch: 4 | loss: 0.5615054
	speed: 0.0112s/iter; left time: 268.1773s
Epoch: 4 cost time: 2.782890558242798
Epoch: 4, Steps: 250 | Train Loss: 0.5663098 Vali Loss: 0.3988859
EarlyStopping counter: 3 out of 6
Updating learning rate to 6.25e-05
	iters: 100, epoch: 5 | loss: 0.7588621
	speed: 0.0201s/iter; left time: 480.3438s
	iters: 200, epoch: 5 | loss: 0.4466090
	speed: 0.0110s/iter; left time: 261.2065s
Epoch: 5 cost time: 2.7330381870269775
Epoch: 5, Steps: 250 | Train Loss: 0.5623362 Vali Loss: 0.3907204
EarlyStopping counter: 4 out of 6
Updating learning rate to 3.125e-05
	iters: 100, epoch: 6 | loss: 0.8089472
	speed: 0.0199s/iter; left time: 470.3766s
	iters: 200, epoch: 6 | loss: 0.7938564
	speed: 0.0113s/iter; left time: 266.0474s
Epoch: 6 cost time: 2.7603678703308105
Epoch: 6, Steps: 250 | Train Loss: 0.5582467 Vali Loss: 0.3908953
EarlyStopping counter: 5 out of 6
Updating learning rate to 1.5625e-05
	iters: 100, epoch: 7 | loss: 0.4814140
	speed: 0.0200s/iter; left time: 468.9063s
	iters: 200, epoch: 7 | loss: 0.5274394
	speed: 0.0110s/iter; left time: 257.3827s
Epoch: 7 cost time: 2.7649590969085693
Epoch: 7, Steps: 250 | Train Loss: 0.5570808 Vali Loss: 0.3940058
EarlyStopping counter: 6 out of 6
Early stopping
VALIDATION_RESULT {"best_epoch": 1, "best_mae": 0.42088072023151724, "best_mse": 0.3720096486627712, "epochs_ran": 7, "metric_version": "element_weighted_v1"}
>>>>>>>testing : long_term_forecast_ETTh2_96_336_cmrhm_unified_etth2_p336_s2021_GraphMambaCMRHM_ETTh2_ftM_sl336_ll48_pl336_dm64_nh8_el1_dl1_df128_expand2_dc2_fc1_ebtimeF_dtTrue_cmrhm_unified_etth2_p336_s2021_0<<<<<<<<<<<<<<<<<<<<<<<<<<<<<<<<<
test 2545
test shape: (2545, 336, 7) (2545, 336, 7)
test shape: (2545, 336, 7) (2545, 336, 7)
mse:0.3724833130836487, mae:0.4100472629070282, dtw:Not calculated
