Using GPU
Args in experiment:
[1mBasic Config[0m
  Task Name:          long_term_forecast  Is Training:        1                   
  Model ID:           ETTh2_96_720_baseline_1cbdfe9cModel:              GraphMamba          

[1mData Loader[0m
  Data:               ETTh2               Root Path:          /home/cwh/Time-Series-Library/dataset/ETT-small
  Data Path:          ETTh2.csv           Features:           M                   
  Target:             OT                  Freq:               h                   
  Checkpoints:        ./checkpoints/      

[1mForecasting Task[0m
  Seq Len:            96                  Label Len:          48                  
  Pred Len:           720                 Seasonal Patterns:  Monthly             
  Inverse:            0                   

[1mModel Parameters[0m
  Top k:              5                   Num Kernels:        6                   
  Enc In:             7                   Dec In:             7                   
  C Out:              7                   d model:            64                  
  n heads:            8                   e layers:           1                   
  d layers:           1                   d FF:               128                 
  Moving Avg:         25                  Factor:             1                   
  Distil:             1                   Dropout:            0.1                 
  Embed:              timeF               Activation:         gelu                

[1mRun Parameters[0m
  Num Workers:        0                   Itr:                1                   
  Train Epochs:       100                 Batch Size:         32                  
  Patience:           6                   Learning Rate:      0.0005              
  Des:                ett_s1_baseline_baseline_1cbdfe9cLoss:               MSE                 
  Lradj:              type1               Use Amp:            0                   

[1mGPU[0m
  Use GPU:            1                   GPU:                0                   
  Use Multi GPU:      0                   Devices:            0,1,2,3             

[1mDe-stationary Projector Params[0m
  P Hidden Dims:      128, 128            P Hidden Layers:    2                   

Use GPU: cuda:0
🚀 Lazy Loading: GraphMamba ...
[GraphMamba] Building 7x7 static graph from 2000 training samples
>>>>>>>start training : long_term_forecast_ETTh2_96_720_baseline_1cbdfe9c_GraphMamba_ETTh2_ftM_sl96_ll48_pl720_dm64_nh8_el1_dl1_df128_expand2_dc2_fc1_ebtimeF_dtTrue_ett_s1_baseline_baseline_1cbdfe9c_0_patch4_st2_ds32_mv1_bi1_ga0.5_gk2>>>>>>>>>>>>>>>>>>>>>>>>>>
train 7825
val 2161
	iters: 100, epoch: 1 | loss: 0.7097486
	speed: 0.0115s/iter; left time: 281.6823s
	iters: 200, epoch: 1 | loss: 1.0369897
	speed: 0.0093s/iter; left time: 226.5607s
Epoch: 1 cost time: 2.5095057487487793
Epoch: 1, Steps: 245 | Train Loss: 0.9145342 Vali Loss: 0.6413306
Validation loss decreased (inf --> 0.641331).  Saving model ...
Updating learning rate to 0.0005
	iters: 100, epoch: 2 | loss: 0.6241876
	speed: 0.0164s/iter; left time: 396.8541s
	iters: 200, epoch: 2 | loss: 0.7332298
	speed: 0.0093s/iter; left time: 224.7021s
Epoch: 2 cost time: 2.2849202156066895
Epoch: 2, Steps: 245 | Train Loss: 0.8338037 Vali Loss: 0.6697899
EarlyStopping counter: 1 out of 6
Updating learning rate to 0.00025
	iters: 100, epoch: 3 | loss: 0.7362236
	speed: 0.0162s/iter; left time: 387.7337s
	iters: 200, epoch: 3 | loss: 0.8567740
	speed: 0.0093s/iter; left time: 222.6025s
Epoch: 3 cost time: 2.2830965518951416
Epoch: 3, Steps: 245 | Train Loss: 0.8134132 Vali Loss: 0.6170048
Validation loss decreased (0.641331 --> 0.617005).  Saving model ...
Updating learning rate to 0.000125
	iters: 100, epoch: 4 | loss: 0.8167143
	speed: 0.0163s/iter; left time: 385.5012s
	iters: 200, epoch: 4 | loss: 0.9442078
	speed: 0.0093s/iter; left time: 218.8474s
Epoch: 4 cost time: 2.272367000579834
Epoch: 4, Steps: 245 | Train Loss: 0.7970157 Vali Loss: 0.6267346
EarlyStopping counter: 1 out of 6
Updating learning rate to 6.25e-05
	iters: 100, epoch: 5 | loss: 0.7630074
	speed: 0.0164s/iter; left time: 383.7209s
	iters: 200, epoch: 5 | loss: 0.6836120
	speed: 0.0093s/iter; left time: 216.6666s
Epoch: 5 cost time: 2.281214952468872
Epoch: 5, Steps: 245 | Train Loss: 0.7884009 Vali Loss: 0.6296656
EarlyStopping counter: 2 out of 6
Updating learning rate to 3.125e-05
	iters: 100, epoch: 6 | loss: 1.1120664
	speed: 0.0160s/iter; left time: 371.4934s
	iters: 200, epoch: 6 | loss: 1.2099732
	speed: 0.0094s/iter; left time: 216.6488s
Epoch: 6 cost time: 2.278726577758789
Epoch: 6, Steps: 245 | Train Loss: 0.7850045 Vali Loss: 0.6284055
EarlyStopping counter: 3 out of 6
Updating learning rate to 1.5625e-05
	iters: 100, epoch: 7 | loss: 0.4549966
	speed: 0.0161s/iter; left time: 369.5764s
	iters: 200, epoch: 7 | loss: 0.7429504
	speed: 0.0094s/iter; left time: 214.8939s
Epoch: 7 cost time: 2.293543577194214
Epoch: 7, Steps: 245 | Train Loss: 0.7827292 Vali Loss: 0.6360267
EarlyStopping counter: 4 out of 6
Updating learning rate to 7.8125e-06
	iters: 100, epoch: 8 | loss: 0.8330032
	speed: 0.0163s/iter; left time: 370.7761s
	iters: 200, epoch: 8 | loss: 0.6803353
	speed: 0.0094s/iter; left time: 211.8799s
Epoch: 8 cost time: 2.2971534729003906
Epoch: 8, Steps: 245 | Train Loss: 0.7819920 Vali Loss: 0.6265628
EarlyStopping counter: 5 out of 6
Updating learning rate to 3.90625e-06
	iters: 100, epoch: 9 | loss: 0.9513699
	speed: 0.0161s/iter; left time: 361.0956s
	iters: 200, epoch: 9 | loss: 0.9612287
	speed: 0.0093s/iter; left time: 207.5844s
Epoch: 9 cost time: 2.2663843631744385
Epoch: 9, Steps: 245 | Train Loss: 0.7804978 Vali Loss: 0.6311241
EarlyStopping counter: 6 out of 6
Early stopping
VALIDATION_RESULT {"best_epoch": 3, "best_mae": 0.5438126912888359, "best_mse": 0.6170048481401276, "epochs_ran": 9}
>>>>>>>test skipped (validation-only run)<<<<<<<<<<<<<<<<<<<<<<<<
