Using GPU
Args in experiment:
[1mBasic Config[0m
  Task Name:          long_term_forecast  Is Training:        1                   
  Model ID:           ETTh1_96_192_baseline_1cbdfe9cModel:              GraphMamba          

[1mData Loader[0m
  Data:               ETTh1               Root Path:          /home/cwh/Time-Series-Library/dataset/ETT-small
  Data Path:          ETTh1.csv           Features:           M                   
  Target:             OT                  Freq:               h                   
  Checkpoints:        ./checkpoints/      

[1mForecasting Task[0m
  Seq Len:            96                  Label Len:          48                  
  Pred Len:           192                 Seasonal Patterns:  Monthly             
  Inverse:            0                   

[1mModel Parameters[0m
  Top k:              5                   Num Kernels:        6                   
  Enc In:             7                   Dec In:             7                   
  C Out:              7                   d model:            64                  
  n heads:            8                   e layers:           1                   
  d layers:           1                   d FF:               128                 
  Moving Avg:         25                  Factor:             1                   
  Distil:             1                   Dropout:            0.1                 
  Embed:              timeF               Activation:         gelu                

[1mRun Parameters[0m
  Num Workers:        0                   Itr:                1                   
  Train Epochs:       100                 Batch Size:         32                  
  Patience:           6                   Learning Rate:      0.0005              
  Des:                ett_s1_baseline_baseline_1cbdfe9cLoss:               MSE                 
  Lradj:              type1               Use Amp:            0                   

[1mGPU[0m
  Use GPU:            1                   GPU:                0                   
  Use Multi GPU:      0                   Devices:            0,1,2,3             

[1mDe-stationary Projector Params[0m
  P Hidden Dims:      128, 128            P Hidden Layers:    2                   

Use GPU: cuda:0
🚀 Lazy Loading: GraphMamba ...
[GraphMamba] Building 7x7 static graph from 2000 training samples
>>>>>>>start training : long_term_forecast_ETTh1_96_192_baseline_1cbdfe9c_GraphMamba_ETTh1_ftM_sl96_ll48_pl192_dm64_nh8_el1_dl1_df128_expand2_dc2_fc1_ebtimeF_dtTrue_ett_s1_baseline_baseline_1cbdfe9c_0_patch4_st2_ds32_mv1_bi1_ga0.5_gk2>>>>>>>>>>>>>>>>>>>>>>>>>>
train 8353
val 2689
	iters: 100, epoch: 1 | loss: 0.4211391
	speed: 0.0110s/iter; left time: 287.6312s
	iters: 200, epoch: 1 | loss: 0.4003202
	speed: 0.0088s/iter; left time: 229.4400s
Epoch: 1 cost time: 2.5302159786224365
Epoch: 1, Steps: 262 | Train Loss: 0.4923771 Vali Loss: 1.0174302
Validation loss decreased (inf --> 1.017430).  Saving model ...
Updating learning rate to 0.0005
	iters: 100, epoch: 2 | loss: 0.4850510
	speed: 0.0175s/iter; left time: 451.5386s
	iters: 200, epoch: 2 | loss: 0.3807857
	speed: 0.0089s/iter; left time: 229.2598s
Epoch: 2 cost time: 2.3340492248535156
Epoch: 2, Steps: 262 | Train Loss: 0.4298182 Vali Loss: 1.0162648
Validation loss decreased (1.017430 --> 1.016265).  Saving model ...
Updating learning rate to 0.00025
	iters: 100, epoch: 3 | loss: 0.4305737
	speed: 0.0176s/iter; left time: 450.3675s
	iters: 200, epoch: 3 | loss: 0.4330234
	speed: 0.0088s/iter; left time: 223.4090s
Epoch: 3 cost time: 2.3102757930755615
Epoch: 3, Steps: 262 | Train Loss: 0.4203785 Vali Loss: 1.0116200
Validation loss decreased (1.016265 --> 1.011620).  Saving model ...
Updating learning rate to 0.000125
	iters: 100, epoch: 4 | loss: 0.4205984
	speed: 0.0176s/iter; left time: 446.1540s
	iters: 200, epoch: 4 | loss: 0.4164443
	speed: 0.0089s/iter; left time: 223.4160s
Epoch: 4 cost time: 2.336817741394043
Epoch: 4, Steps: 262 | Train Loss: 0.4170844 Vali Loss: 1.0026121
Validation loss decreased (1.011620 --> 1.002612).  Saving model ...
Updating learning rate to 6.25e-05
	iters: 100, epoch: 5 | loss: 0.3982758
	speed: 0.0177s/iter; left time: 444.0479s
	iters: 200, epoch: 5 | loss: 0.3670960
	speed: 0.0090s/iter; left time: 223.5832s
Epoch: 5 cost time: 2.3376362323760986
Epoch: 5, Steps: 262 | Train Loss: 0.4115646 Vali Loss: 1.0084008
EarlyStopping counter: 1 out of 6
Updating learning rate to 3.125e-05
	iters: 100, epoch: 6 | loss: 0.4717984
	speed: 0.0176s/iter; left time: 435.4612s
	iters: 200, epoch: 6 | loss: 0.4390945
	speed: 0.0089s/iter; left time: 219.2830s
Epoch: 6 cost time: 2.3293652534484863
Epoch: 6, Steps: 262 | Train Loss: 0.4091218 Vali Loss: 1.0129769
EarlyStopping counter: 2 out of 6
Updating learning rate to 1.5625e-05
	iters: 100, epoch: 7 | loss: 0.4129977
	speed: 0.0174s/iter; left time: 427.9498s
	iters: 200, epoch: 7 | loss: 0.4352566
	speed: 0.0091s/iter; left time: 221.3179s
Epoch: 7 cost time: 2.3385894298553467
Epoch: 7, Steps: 262 | Train Loss: 0.4082024 Vali Loss: 1.0132809
EarlyStopping counter: 3 out of 6
Updating learning rate to 7.8125e-06
	iters: 100, epoch: 8 | loss: 0.3972350
	speed: 0.0176s/iter; left time: 426.9018s
	iters: 200, epoch: 8 | loss: 0.3367662
	speed: 0.0088s/iter; left time: 212.6249s
Epoch: 8 cost time: 2.3301637172698975
Epoch: 8, Steps: 262 | Train Loss: 0.4074198 Vali Loss: 1.0230698
EarlyStopping counter: 4 out of 6
Updating learning rate to 3.90625e-06
	iters: 100, epoch: 9 | loss: 0.3296549
	speed: 0.0176s/iter; left time: 423.3167s
	iters: 200, epoch: 9 | loss: 0.3897280
	speed: 0.0089s/iter; left time: 212.7887s
Epoch: 9 cost time: 2.3383235931396484
Epoch: 9, Steps: 262 | Train Loss: 0.4071447 Vali Loss: 1.0074870
EarlyStopping counter: 5 out of 6
Updating learning rate to 1.953125e-06
	iters: 100, epoch: 10 | loss: 0.4455256
	speed: 0.0178s/iter; left time: 423.2142s
	iters: 200, epoch: 10 | loss: 0.4889897
	speed: 0.0089s/iter; left time: 210.9731s
Epoch: 10 cost time: 2.3509042263031006
Epoch: 10, Steps: 262 | Train Loss: 0.4073007 Vali Loss: 1.0197693
EarlyStopping counter: 6 out of 6
Early stopping
VALIDATION_RESULT {"best_epoch": 4, "best_mae": 0.6533325689680436, "best_mse": 1.0026120767873876, "epochs_ran": 10}
>>>>>>>test skipped (validation-only run)<<<<<<<<<<<<<<<<<<<<<<<<
