Using GPU
Args in experiment:
[1mBasic Config[0m
  Task Name:          long_term_forecast  Is Training:        1                   
  Model ID:           ETTm2_96_336_baseline_1cbdfe9cModel:              GraphMamba          

[1mData Loader[0m
  Data:               ETTm2               Root Path:          /home/cwh/Time-Series-Library/dataset/ETT-small
  Data Path:          ETTm2.csv           Features:           M                   
  Target:             OT                  Freq:               h                   
  Checkpoints:        ./checkpoints/      

[1mForecasting Task[0m
  Seq Len:            96                  Label Len:          48                  
  Pred Len:           336                 Seasonal Patterns:  Monthly             
  Inverse:            0                   

[1mModel Parameters[0m
  Top k:              5                   Num Kernels:        6                   
  Enc In:             7                   Dec In:             7                   
  C Out:              7                   d model:            64                  
  n heads:            8                   e layers:           1                   
  d layers:           1                   d FF:               128                 
  Moving Avg:         25                  Factor:             1                   
  Distil:             1                   Dropout:            0.1                 
  Embed:              timeF               Activation:         gelu                

[1mRun Parameters[0m
  Num Workers:        0                   Itr:                1                   
  Train Epochs:       100                 Batch Size:         32                  
  Patience:           6                   Learning Rate:      0.0005              
  Des:                ett_s1_baseline_baseline_1cbdfe9cLoss:               MSE                 
  Lradj:              type1               Use Amp:            0                   

[1mGPU[0m
  Use GPU:            1                   GPU:                0                   
  Use Multi GPU:      0                   Devices:            0,1,2,3             

[1mDe-stationary Projector Params[0m
  P Hidden Dims:      128, 128            P Hidden Layers:    2                   

Use GPU: cuda:0
🚀 Lazy Loading: GraphMamba ...
[GraphMamba] Building 7x7 static graph from 2000 training samples
>>>>>>>start training : long_term_forecast_ETTm2_96_336_baseline_1cbdfe9c_GraphMamba_ETTm2_ftM_sl96_ll48_pl336_dm64_nh8_el1_dl1_df128_expand2_dc2_fc1_ebtimeF_dtTrue_ett_s1_baseline_baseline_1cbdfe9c_0_patch4_st2_ds32_mv1_bi1_ga0.5_gk2>>>>>>>>>>>>>>>>>>>>>>>>>>
train 34129
val 11185
	iters: 100, epoch: 1 | loss: 0.3423677
	speed: 0.0115s/iter; left time: 1222.7763s
	iters: 200, epoch: 1 | loss: 0.4877018
	speed: 0.0092s/iter; left time: 980.6244s
	iters: 300, epoch: 1 | loss: 0.3338714
	speed: 0.0091s/iter; left time: 966.2844s
	iters: 400, epoch: 1 | loss: 0.5836517
	speed: 0.0091s/iter; left time: 967.9794s
	iters: 500, epoch: 1 | loss: 0.3854426
	speed: 0.0093s/iter; left time: 983.5442s
	iters: 600, epoch: 1 | loss: 0.2998671
	speed: 0.0090s/iter; left time: 956.2207s
	iters: 700, epoch: 1 | loss: 0.6060731
	speed: 0.0090s/iter; left time: 958.2438s
	iters: 800, epoch: 1 | loss: 0.3773965
	speed: 0.0091s/iter; left time: 964.2279s
	iters: 900, epoch: 1 | loss: 0.3749041
	speed: 0.0093s/iter; left time: 979.4730s
	iters: 1000, epoch: 1 | loss: 0.3489934
	speed: 0.0090s/iter; left time: 954.4587s
Epoch: 1 cost time: 9.967365264892578
Epoch: 1, Steps: 1067 | Train Loss: 0.4542621 Vali Loss: 0.2241739
Validation loss decreased (inf --> 0.224174).  Saving model ...
Updating learning rate to 0.0005
	iters: 100, epoch: 2 | loss: 0.3828736
	speed: 0.0287s/iter; left time: 3024.4340s
	iters: 200, epoch: 2 | loss: 0.3082046
	speed: 0.0091s/iter; left time: 954.7724s
	iters: 300, epoch: 2 | loss: 0.3584194
	speed: 0.0091s/iter; left time: 959.0737s
	iters: 400, epoch: 2 | loss: 0.8031464
	speed: 0.0090s/iter; left time: 952.3622s
	iters: 500, epoch: 2 | loss: 0.2220107
	speed: 0.0090s/iter; left time: 950.9631s
	iters: 600, epoch: 2 | loss: 0.3815433
	speed: 0.0090s/iter; left time: 942.3744s
	iters: 700, epoch: 2 | loss: 0.2823974
	speed: 0.0090s/iter; left time: 948.8196s
	iters: 800, epoch: 2 | loss: 0.7336800
	speed: 0.0091s/iter; left time: 952.9010s
	iters: 900, epoch: 2 | loss: 0.2877290
	speed: 0.0089s/iter; left time: 936.1612s
	iters: 1000, epoch: 2 | loss: 0.3790497
	speed: 0.0090s/iter; left time: 943.5856s
Epoch: 2 cost time: 9.6448392868042
Epoch: 2, Steps: 1067 | Train Loss: 0.4264803 Vali Loss: 0.2355707
EarlyStopping counter: 1 out of 6
Updating learning rate to 0.00025
	iters: 100, epoch: 3 | loss: 0.4670720
	speed: 0.0284s/iter; left time: 2970.5108s
	iters: 200, epoch: 3 | loss: 0.2637018
	speed: 0.0089s/iter; left time: 928.5850s
	iters: 300, epoch: 3 | loss: 0.4954874
	speed: 0.0089s/iter; left time: 929.0491s
	iters: 400, epoch: 3 | loss: 0.4326857
	speed: 0.0090s/iter; left time: 934.1531s
	iters: 500, epoch: 3 | loss: 0.3437384
	speed: 0.0090s/iter; left time: 932.9625s
	iters: 600, epoch: 3 | loss: 0.3690966
	speed: 0.0089s/iter; left time: 925.0256s
	iters: 700, epoch: 3 | loss: 0.6995403
	speed: 0.0090s/iter; left time: 930.1745s
	iters: 800, epoch: 3 | loss: 0.2154121
	speed: 0.0089s/iter; left time: 928.5818s
	iters: 900, epoch: 3 | loss: 1.2654763
	speed: 0.0089s/iter; left time: 927.8142s
	iters: 1000, epoch: 3 | loss: 0.5873908
	speed: 0.0090s/iter; left time: 931.3823s
Epoch: 3 cost time: 9.550017356872559
Epoch: 3, Steps: 1067 | Train Loss: 0.4057902 Vali Loss: 0.2378915
EarlyStopping counter: 2 out of 6
Updating learning rate to 0.000125
	iters: 100, epoch: 4 | loss: 0.4323154
	speed: 0.0281s/iter; left time: 2907.0292s
	iters: 200, epoch: 4 | loss: 0.2890706
	speed: 0.0090s/iter; left time: 925.7782s
	iters: 300, epoch: 4 | loss: 0.1630863
	speed: 0.0089s/iter; left time: 919.8004s
	iters: 400, epoch: 4 | loss: 0.3013960
	speed: 0.0089s/iter; left time: 915.5828s
	iters: 500, epoch: 4 | loss: 0.5697605
	speed: 0.0090s/iter; left time: 923.1385s
	iters: 600, epoch: 4 | loss: 0.3133257
	speed: 0.0090s/iter; left time: 922.5308s
	iters: 700, epoch: 4 | loss: 0.3696407
	speed: 0.0089s/iter; left time: 912.6515s
	iters: 800, epoch: 4 | loss: 0.5271835
	speed: 0.0088s/iter; left time: 905.8243s
	iters: 900, epoch: 4 | loss: 0.4169869
	speed: 0.0091s/iter; left time: 929.8693s
	iters: 1000, epoch: 4 | loss: 0.4944037
	speed: 0.0091s/iter; left time: 928.1362s
Epoch: 4 cost time: 9.560045957565308
Epoch: 4, Steps: 1067 | Train Loss: 0.3958782 Vali Loss: 0.2485053
EarlyStopping counter: 3 out of 6
Updating learning rate to 6.25e-05
	iters: 100, epoch: 5 | loss: 0.5551482
	speed: 0.0281s/iter; left time: 2877.8846s
	iters: 200, epoch: 5 | loss: 0.3501271
	speed: 0.0090s/iter; left time: 918.2617s
	iters: 300, epoch: 5 | loss: 0.2345168
	speed: 0.0090s/iter; left time: 920.0878s
	iters: 400, epoch: 5 | loss: 0.3272344
	speed: 0.0091s/iter; left time: 926.2426s
	iters: 500, epoch: 5 | loss: 0.5807404
	speed: 0.0088s/iter; left time: 899.0901s
	iters: 600, epoch: 5 | loss: 0.4335078
	speed: 0.0090s/iter; left time: 911.6430s
	iters: 700, epoch: 5 | loss: 0.2886772
	speed: 0.0089s/iter; left time: 909.3068s
	iters: 800, epoch: 5 | loss: 0.5011740
	speed: 0.0090s/iter; left time: 918.7396s
	iters: 900, epoch: 5 | loss: 0.2422970
	speed: 0.0089s/iter; left time: 901.8818s
	iters: 1000, epoch: 5 | loss: 0.2510700
	speed: 0.0089s/iter; left time: 903.7802s
Epoch: 5 cost time: 9.550293684005737
Epoch: 5, Steps: 1067 | Train Loss: 0.3892091 Vali Loss: 0.2436688
EarlyStopping counter: 4 out of 6
Updating learning rate to 3.125e-05
	iters: 100, epoch: 6 | loss: 0.2424649
	speed: 0.0281s/iter; left time: 2850.2203s
	iters: 200, epoch: 6 | loss: 0.9436437
	speed: 0.0090s/iter; left time: 907.7167s
	iters: 300, epoch: 6 | loss: 0.6120795
	speed: 0.0090s/iter; left time: 908.5693s
	iters: 400, epoch: 6 | loss: 0.5239431
	speed: 0.0090s/iter; left time: 905.0955s
	iters: 500, epoch: 6 | loss: 0.3047372
	speed: 0.0091s/iter; left time: 914.2989s
	iters: 600, epoch: 6 | loss: 0.2839183
	speed: 0.0090s/iter; left time: 906.7353s
	iters: 700, epoch: 6 | loss: 0.2163979
	speed: 0.0089s/iter; left time: 896.4075s
	iters: 800, epoch: 6 | loss: 0.4731537
	speed: 0.0089s/iter; left time: 895.6674s
	iters: 900, epoch: 6 | loss: 0.3764114
	speed: 0.0089s/iter; left time: 892.5451s
	iters: 1000, epoch: 6 | loss: 0.2773731
	speed: 0.0089s/iter; left time: 897.0831s
Epoch: 6 cost time: 9.563207149505615
Epoch: 6, Steps: 1067 | Train Loss: 0.3864707 Vali Loss: 0.2410827
EarlyStopping counter: 5 out of 6
Updating learning rate to 1.5625e-05
	iters: 100, epoch: 7 | loss: 0.4495757
	speed: 0.0279s/iter; left time: 2791.3022s
	iters: 200, epoch: 7 | loss: 0.3060776
	speed: 0.0090s/iter; left time: 901.4145s
	iters: 300, epoch: 7 | loss: 0.3792566
	speed: 0.0090s/iter; left time: 897.0898s
	iters: 400, epoch: 7 | loss: 0.5029582
	speed: 0.0089s/iter; left time: 887.3025s
	iters: 500, epoch: 7 | loss: 0.2277041
	speed: 0.0089s/iter; left time: 889.6065s
	iters: 600, epoch: 7 | loss: 0.2740825
	speed: 0.0089s/iter; left time: 888.6585s
	iters: 700, epoch: 7 | loss: 0.3670121
	speed: 0.0089s/iter; left time: 890.7355s
	iters: 800, epoch: 7 | loss: 0.6146626
	speed: 0.0090s/iter; left time: 892.1009s
	iters: 900, epoch: 7 | loss: 0.3364905
	speed: 0.0090s/iter; left time: 894.2856s
	iters: 1000, epoch: 7 | loss: 0.4121425
	speed: 0.0090s/iter; left time: 898.4540s
Epoch: 7 cost time: 9.54730749130249
Epoch: 7, Steps: 1067 | Train Loss: 0.3850567 Vali Loss: 0.2430348
EarlyStopping counter: 6 out of 6
Early stopping
VALIDATION_RESULT {"best_epoch": 1, "best_mae": 0.32776854727949417, "best_mse": 0.2241738809006555, "epochs_ran": 7}
>>>>>>>test skipped (validation-only run)<<<<<<<<<<<<<<<<<<<<<<<<
