Using GPU
Args in experiment:
[1mBasic Config[0m
  Task Name:          long_term_forecast  Is Training:        1                   
  Model ID:           ETTh1_96_720_baseline_1cbdfe9cModel:              GraphMamba          

[1mData Loader[0m
  Data:               ETTh1               Root Path:          /home/cwh/Time-Series-Library/dataset/ETT-small
  Data Path:          ETTh1.csv           Features:           M                   
  Target:             OT                  Freq:               h                   
  Checkpoints:        ./checkpoints/      

[1mForecasting Task[0m
  Seq Len:            96                  Label Len:          48                  
  Pred Len:           720                 Seasonal Patterns:  Monthly             
  Inverse:            0                   

[1mModel Parameters[0m
  Top k:              5                   Num Kernels:        6                   
  Enc In:             7                   Dec In:             7                   
  C Out:              7                   d model:            64                  
  n heads:            8                   e layers:           1                   
  d layers:           1                   d FF:               128                 
  Moving Avg:         25                  Factor:             1                   
  Distil:             1                   Dropout:            0.1                 
  Embed:              timeF               Activation:         gelu                

[1mRun Parameters[0m
  Num Workers:        0                   Itr:                1                   
  Train Epochs:       100                 Batch Size:         32                  
  Patience:           6                   Learning Rate:      0.0005              
  Des:                ett_s1_baseline_baseline_1cbdfe9cLoss:               MSE                 
  Lradj:              type1               Use Amp:            0                   

[1mGPU[0m
  Use GPU:            1                   GPU:                0                   
  Use Multi GPU:      0                   Devices:            0,1,2,3             

[1mDe-stationary Projector Params[0m
  P Hidden Dims:      128, 128            P Hidden Layers:    2                   

Use GPU: cuda:0
🚀 Lazy Loading: GraphMamba ...
[GraphMamba] Building 7x7 static graph from 2000 training samples
>>>>>>>start training : long_term_forecast_ETTh1_96_720_baseline_1cbdfe9c_GraphMamba_ETTh1_ftM_sl96_ll48_pl720_dm64_nh8_el1_dl1_df128_expand2_dc2_fc1_ebtimeF_dtTrue_ett_s1_baseline_baseline_1cbdfe9c_0_patch4_st2_ds32_mv1_bi1_ga0.5_gk2>>>>>>>>>>>>>>>>>>>>>>>>>>
train 7825
val 2161
	iters: 100, epoch: 1 | loss: 0.5966861
	speed: 0.0117s/iter; left time: 285.3310s
	iters: 200, epoch: 1 | loss: 0.7405679
	speed: 0.0093s/iter; left time: 226.3808s
Epoch: 1 cost time: 2.517460823059082
Epoch: 1, Steps: 245 | Train Loss: 0.6780099 Vali Loss: 1.5769822
Validation loss decreased (inf --> 1.576982).  Saving model ...
Updating learning rate to 0.0005
	iters: 100, epoch: 2 | loss: 0.5562655
	speed: 0.0164s/iter; left time: 395.5302s
	iters: 200, epoch: 2 | loss: 0.6262165
	speed: 0.0093s/iter; left time: 223.6502s
Epoch: 2 cost time: 2.2683322429656982
Epoch: 2, Steps: 245 | Train Loss: 0.6094443 Vali Loss: 1.6612533
EarlyStopping counter: 1 out of 6
Updating learning rate to 0.00025
	iters: 100, epoch: 3 | loss: 0.5611088
	speed: 0.0161s/iter; left time: 385.5203s
	iters: 200, epoch: 3 | loss: 0.6011670
	speed: 0.0093s/iter; left time: 221.1640s
Epoch: 3 cost time: 2.2946856021881104
Epoch: 3, Steps: 245 | Train Loss: 0.5964133 Vali Loss: 1.6443630
EarlyStopping counter: 2 out of 6
Updating learning rate to 0.000125
	iters: 100, epoch: 4 | loss: 0.5398311
	speed: 0.0162s/iter; left time: 384.0435s
	iters: 200, epoch: 4 | loss: 0.5636986
	speed: 0.0093s/iter; left time: 218.2465s
Epoch: 4 cost time: 2.26696515083313
Epoch: 4, Steps: 245 | Train Loss: 0.5849192 Vali Loss: 1.6775291
EarlyStopping counter: 3 out of 6
Updating learning rate to 6.25e-05
	iters: 100, epoch: 5 | loss: 0.5776221
	speed: 0.0161s/iter; left time: 377.0892s
	iters: 200, epoch: 5 | loss: 0.5429076
	speed: 0.0093s/iter; left time: 215.8166s
Epoch: 5 cost time: 2.2664437294006348
Epoch: 5, Steps: 245 | Train Loss: 0.5776604 Vali Loss: 1.6651185
EarlyStopping counter: 4 out of 6
Updating learning rate to 3.125e-05
	iters: 100, epoch: 6 | loss: 0.5957060
	speed: 0.0162s/iter; left time: 375.9830s
	iters: 200, epoch: 6 | loss: 0.5331681
	speed: 0.0092s/iter; left time: 212.8075s
Epoch: 6 cost time: 2.265620470046997
Epoch: 6, Steps: 245 | Train Loss: 0.5728280 Vali Loss: 1.6806722
EarlyStopping counter: 5 out of 6
Updating learning rate to 1.5625e-05
	iters: 100, epoch: 7 | loss: 0.5496880
	speed: 0.0161s/iter; left time: 368.7566s
	iters: 200, epoch: 7 | loss: 0.5103973
	speed: 0.0093s/iter; left time: 212.4778s
Epoch: 7 cost time: 2.2752444744110107
Epoch: 7, Steps: 245 | Train Loss: 0.5705897 Vali Loss: 1.6953046
EarlyStopping counter: 6 out of 6
Early stopping
VALIDATION_RESULT {"best_epoch": 1, "best_mae": 0.8538666481480879, "best_mse": 1.5769821826149435, "epochs_ran": 7}
>>>>>>>test skipped (validation-only run)<<<<<<<<<<<<<<<<<<<<<<<<
