Using GPU
Args in experiment:
[1mBasic Config[0m
  Task Name:          long_term_forecast  Is Training:        1                   
  Model ID:           ETTm1_336_336_coreabl_ettm1_p336_no_decomp_s2022Model:              TimeRole            

[1mData Loader[0m
  Data:               ETTm1               Root Path:          /home/cwh/Time-Series-Library/dataset/ETT-small
  Data Path:          ETTm1.csv           Features:           M                   
  Target:             OT                  Freq:               h                   
  Checkpoints:        /home/cwh/Time-Series-Library/logs/timerole_core_ablation/checkpoints

[1mForecasting Task[0m
  Seq Len:            336                 Label Len:          48                  
  Pred Len:           336                 Seasonal Patterns:  Monthly             
  Inverse:            0                   

[1mModel Parameters[0m
  Top k:              5                   Num Kernels:        6                   
  Enc In:             7                   Dec In:             7                   
  C Out:              7                   d model:            64                  
  n heads:            8                   e layers:           1                   
  d layers:           1                   d FF:               128                 
  Moving Avg:         25                  Factor:             1                   
  Distil:             1                   Dropout:            0.1                 
  Embed:              timeF               Activation:         gelu                

[1mRun Parameters[0m
  Num Workers:        0                   Itr:                1                   
  Train Epochs:       100                 Batch Size:         32                  
  Patience:           6                   Learning Rate:      0.0005              
  Des:                coreabl_ettm1_p336_no_decomp_s2022Loss:               MSE                 
  Lradj:              type1               Use Amp:            0                   

[1mGPU[0m
  Use GPU:            1                   GPU:                0                   
  Use Multi GPU:      0                   Devices:            0,1,2,3             

[1mDe-stationary Projector Params[0m
  P Hidden Dims:      128, 128            P Hidden Layers:    2                   

Use GPU: cuda:0
🚀 Lazy Loading: TimeRole ...
[GraphMamba] Building 7x7 static graph from 2000 training samples
>>>>>>>start training : long_term_forecast_ETTm1_336_336_coreabl_ettm1_p336_no_decomp_s2022_TimeRole_ETTm1_ftM_sl336_ll48_pl336_dm64_nh8_el1_dl1_df128_expand2_dc2_fc1_ebtimeF_dtTrue_coreabl_ettm1_p336_no_decomp_s2022_0>>>>>>>>>>>>>>>>>>>>>>>>>>
train 33889
val 11185
	iters: 100, epoch: 1 | loss: 0.4700929
	speed: 0.0132s/iter; left time: 1399.9393s
	iters: 200, epoch: 1 | loss: 0.3458804
	speed: 0.0110s/iter; left time: 1165.6231s
	iters: 300, epoch: 1 | loss: 0.4153771
	speed: 0.0111s/iter; left time: 1177.3918s
	iters: 400, epoch: 1 | loss: 0.3586366
	speed: 0.0115s/iter; left time: 1211.5930s
	iters: 500, epoch: 1 | loss: 0.3831900
	speed: 0.0126s/iter; left time: 1325.2093s
	iters: 600, epoch: 1 | loss: 0.3231798
	speed: 0.0132s/iter; left time: 1389.8504s
	iters: 700, epoch: 1 | loss: 0.3373025
	speed: 0.0116s/iter; left time: 1226.7097s
	iters: 800, epoch: 1 | loss: 0.3655910
	speed: 0.0115s/iter; left time: 1213.3805s
	iters: 900, epoch: 1 | loss: 0.3341386
	speed: 0.0114s/iter; left time: 1195.5831s
	iters: 1000, epoch: 1 | loss: 0.3286465
	speed: 0.0118s/iter; left time: 1239.5776s
Epoch: 1 cost time: 12.587412118911743
Epoch: 1, Steps: 1060 | Train Loss: 0.3894445 Vali Loss: 0.6549548
Validation loss decreased (inf --> 0.654955).  Saving model ...
Updating learning rate to 0.0005
	iters: 100, epoch: 2 | loss: 0.3363454
	speed: 0.0344s/iter; left time: 3604.2953s
	iters: 200, epoch: 2 | loss: 0.3443423
	speed: 0.0113s/iter; left time: 1183.7220s
	iters: 300, epoch: 2 | loss: 0.3905006
	speed: 0.0113s/iter; left time: 1179.1205s
	iters: 400, epoch: 2 | loss: 0.2658669
	speed: 0.0114s/iter; left time: 1186.9010s
	iters: 500, epoch: 2 | loss: 0.3276721
	speed: 0.0114s/iter; left time: 1189.2171s
	iters: 600, epoch: 2 | loss: 0.4107174
	speed: 0.0112s/iter; left time: 1173.6731s
	iters: 700, epoch: 2 | loss: 0.2753020
	speed: 0.0114s/iter; left time: 1184.0847s
	iters: 800, epoch: 2 | loss: 0.4028745
	speed: 0.0117s/iter; left time: 1216.4940s
	iters: 900, epoch: 2 | loss: 0.2798941
	speed: 0.0113s/iter; left time: 1177.5727s
	iters: 1000, epoch: 2 | loss: 0.2650575
	speed: 0.0113s/iter; left time: 1173.8442s
Epoch: 2 cost time: 12.04044771194458
Epoch: 2, Steps: 1060 | Train Loss: 0.3442572 Vali Loss: 0.6334678
Validation loss decreased (0.654955 --> 0.633468).  Saving model ...
Updating learning rate to 0.00025
	iters: 100, epoch: 3 | loss: 0.4192902
	speed: 0.0334s/iter; left time: 3466.1430s
	iters: 200, epoch: 3 | loss: 0.3394777
	speed: 0.0114s/iter; left time: 1181.9578s
	iters: 300, epoch: 3 | loss: 0.3177393
	speed: 0.0109s/iter; left time: 1128.9916s
	iters: 400, epoch: 3 | loss: 0.3184741
	speed: 0.0108s/iter; left time: 1113.4126s
	iters: 500, epoch: 3 | loss: 0.3092581
	speed: 0.0112s/iter; left time: 1154.0614s
	iters: 600, epoch: 3 | loss: 0.2658055
	speed: 0.0110s/iter; left time: 1139.4509s
	iters: 700, epoch: 3 | loss: 0.3563312
	speed: 0.0112s/iter; left time: 1160.4382s
	iters: 800, epoch: 3 | loss: 0.4213265
	speed: 0.0114s/iter; left time: 1173.9384s
	iters: 900, epoch: 3 | loss: 0.3138435
	speed: 0.0109s/iter; left time: 1123.1535s
	iters: 1000, epoch: 3 | loss: 0.2913862
	speed: 0.0109s/iter; left time: 1118.9085s
Epoch: 3 cost time: 11.718319654464722
Epoch: 3, Steps: 1060 | Train Loss: 0.3326261 Vali Loss: 0.6239625
Validation loss decreased (0.633468 --> 0.623963).  Saving model ...
Updating learning rate to 0.000125
	iters: 100, epoch: 4 | loss: 0.3308780
	speed: 0.0332s/iter; left time: 3412.4921s
	iters: 200, epoch: 4 | loss: 0.3422462
	speed: 0.0111s/iter; left time: 1136.5702s
	iters: 300, epoch: 4 | loss: 0.3985605
	speed: 0.0111s/iter; left time: 1133.0247s
	iters: 400, epoch: 4 | loss: 0.3137771
	speed: 0.0113s/iter; left time: 1157.2321s
	iters: 500, epoch: 4 | loss: 0.2899091
	speed: 0.0111s/iter; left time: 1139.6411s
	iters: 600, epoch: 4 | loss: 0.3344844
	speed: 0.0113s/iter; left time: 1151.2972s
	iters: 700, epoch: 4 | loss: 0.2940540
	speed: 0.0111s/iter; left time: 1134.5717s
	iters: 800, epoch: 4 | loss: 0.3147748
	speed: 0.0115s/iter; left time: 1178.1015s
	iters: 900, epoch: 4 | loss: 0.3553947
	speed: 0.0113s/iter; left time: 1152.5139s
	iters: 1000, epoch: 4 | loss: 0.3784485
	speed: 0.0109s/iter; left time: 1106.5167s
Epoch: 4 cost time: 11.865440845489502
Epoch: 4, Steps: 1060 | Train Loss: 0.3270770 Vali Loss: 0.6257023
EarlyStopping counter: 1 out of 6
Updating learning rate to 6.25e-05
	iters: 100, epoch: 5 | loss: 0.2478256
	speed: 0.0326s/iter; left time: 3315.6336s
	iters: 200, epoch: 5 | loss: 0.3523602
	speed: 0.0108s/iter; left time: 1094.3230s
	iters: 300, epoch: 5 | loss: 0.3735129
	speed: 0.0111s/iter; left time: 1123.1260s
	iters: 400, epoch: 5 | loss: 0.3541097
	speed: 0.0112s/iter; left time: 1136.0200s
	iters: 500, epoch: 5 | loss: 0.3090368
	speed: 0.0110s/iter; left time: 1116.6405s
	iters: 600, epoch: 5 | loss: 0.2812829
	speed: 0.0111s/iter; left time: 1119.0611s
	iters: 700, epoch: 5 | loss: 0.2761427
	speed: 0.0113s/iter; left time: 1138.5749s
	iters: 800, epoch: 5 | loss: 0.3312509
	speed: 0.0115s/iter; left time: 1162.2566s
	iters: 900, epoch: 5 | loss: 0.2909033
	speed: 0.0115s/iter; left time: 1164.1875s
	iters: 1000, epoch: 5 | loss: 0.3986178
	speed: 0.0113s/iter; left time: 1135.7387s
Epoch: 5 cost time: 11.827027559280396
Epoch: 5, Steps: 1060 | Train Loss: 0.3241341 Vali Loss: 0.6242009
EarlyStopping counter: 2 out of 6
Updating learning rate to 3.125e-05
	iters: 100, epoch: 6 | loss: 0.2864539
	speed: 0.0329s/iter; left time: 3314.5934s
	iters: 200, epoch: 6 | loss: 0.2803973
	speed: 0.0112s/iter; left time: 1127.6171s
	iters: 300, epoch: 6 | loss: 0.2781893
	speed: 0.0111s/iter; left time: 1116.9122s
	iters: 400, epoch: 6 | loss: 0.3006328
	speed: 0.0115s/iter; left time: 1153.0773s
	iters: 500, epoch: 6 | loss: 0.3092833
	speed: 0.0113s/iter; left time: 1132.6252s
	iters: 600, epoch: 6 | loss: 0.3000593
	speed: 0.0113s/iter; left time: 1129.9460s
	iters: 700, epoch: 6 | loss: 0.3949833
	speed: 0.0112s/iter; left time: 1120.6963s
	iters: 800, epoch: 6 | loss: 0.3656318
	speed: 0.0113s/iter; left time: 1128.6659s
	iters: 900, epoch: 6 | loss: 0.3223856
	speed: 0.0113s/iter; left time: 1128.2613s
	iters: 1000, epoch: 6 | loss: 0.3352916
	speed: 0.0112s/iter; left time: 1119.4900s
Epoch: 6 cost time: 11.91965103149414
Epoch: 6, Steps: 1060 | Train Loss: 0.3223536 Vali Loss: 0.6234766
Validation loss decreased (0.623963 --> 0.623477).  Saving model ...
Updating learning rate to 1.5625e-05
	iters: 100, epoch: 7 | loss: 0.2568242
	speed: 0.0340s/iter; left time: 3384.2856s
	iters: 200, epoch: 7 | loss: 0.2951924
	speed: 0.0113s/iter; left time: 1125.2470s
	iters: 300, epoch: 7 | loss: 0.2932538
	speed: 0.0113s/iter; left time: 1118.8098s
	iters: 400, epoch: 7 | loss: 0.4304593
	speed: 0.0112s/iter; left time: 1113.9492s
	iters: 500, epoch: 7 | loss: 0.3075063
	speed: 0.0116s/iter; left time: 1145.5080s
	iters: 600, epoch: 7 | loss: 0.3016898
	speed: 0.0110s/iter; left time: 1092.8255s
	iters: 700, epoch: 7 | loss: 0.3608713
	speed: 0.0112s/iter; left time: 1106.2600s
	iters: 800, epoch: 7 | loss: 0.3001655
	speed: 0.0112s/iter; left time: 1103.9539s
	iters: 900, epoch: 7 | loss: 0.2748047
	speed: 0.0112s/iter; left time: 1100.9836s
	iters: 1000, epoch: 7 | loss: 0.2506864
	speed: 0.0112s/iter; left time: 1107.1509s
Epoch: 7 cost time: 11.912840366363525
Epoch: 7, Steps: 1060 | Train Loss: 0.3213861 Vali Loss: 0.6236895
EarlyStopping counter: 1 out of 6
Updating learning rate to 7.8125e-06
	iters: 100, epoch: 8 | loss: 0.2471151
	speed: 0.0333s/iter; left time: 3276.8986s
	iters: 200, epoch: 8 | loss: 0.3104053
	speed: 0.0111s/iter; left time: 1091.5951s
	iters: 300, epoch: 8 | loss: 0.2880006
	speed: 0.0110s/iter; left time: 1083.4123s
	iters: 400, epoch: 8 | loss: 0.2993653
	speed: 0.0111s/iter; left time: 1085.5440s
	iters: 500, epoch: 8 | loss: 0.2860397
	speed: 0.0110s/iter; left time: 1082.3836s
	iters: 600, epoch: 8 | loss: 0.4036485
	speed: 0.0111s/iter; left time: 1086.7191s
	iters: 700, epoch: 8 | loss: 0.3313785
	speed: 0.0112s/iter; left time: 1096.8706s
	iters: 800, epoch: 8 | loss: 0.3240218
	speed: 0.0109s/iter; left time: 1069.8047s
	iters: 900, epoch: 8 | loss: 0.3451203
	speed: 0.0112s/iter; left time: 1096.0656s
	iters: 1000, epoch: 8 | loss: 0.2815225
	speed: 0.0113s/iter; left time: 1098.3253s
Epoch: 8 cost time: 11.770442485809326
Epoch: 8, Steps: 1060 | Train Loss: 0.3208766 Vali Loss: 0.6237733
EarlyStopping counter: 2 out of 6
Updating learning rate to 3.90625e-06
	iters: 100, epoch: 9 | loss: 0.2892160
	speed: 0.0341s/iter; left time: 3319.4503s
	iters: 200, epoch: 9 | loss: 0.3395703
	speed: 0.0111s/iter; left time: 1076.9983s
	iters: 300, epoch: 9 | loss: 0.3967790
	speed: 0.0111s/iter; left time: 1083.9358s
	iters: 400, epoch: 9 | loss: 0.2721713
	speed: 0.0110s/iter; left time: 1067.8356s
	iters: 500, epoch: 9 | loss: 0.3061600
	speed: 0.0111s/iter; left time: 1074.4070s
	iters: 600, epoch: 9 | loss: 0.3875890
	speed: 0.0111s/iter; left time: 1080.4390s
	iters: 700, epoch: 9 | loss: 0.3545926
	speed: 0.0110s/iter; left time: 1062.7154s
	iters: 800, epoch: 9 | loss: 0.3258458
	speed: 0.0111s/iter; left time: 1072.2549s
	iters: 900, epoch: 9 | loss: 0.4465511
	speed: 0.0113s/iter; left time: 1092.7817s
	iters: 1000, epoch: 9 | loss: 0.3254625
	speed: 0.0114s/iter; left time: 1097.9704s
Epoch: 9 cost time: 11.811635971069336
Epoch: 9, Steps: 1060 | Train Loss: 0.3204072 Vali Loss: 0.6237912
EarlyStopping counter: 3 out of 6
Updating learning rate to 1.953125e-06
	iters: 100, epoch: 10 | loss: 0.3150479
	speed: 0.0331s/iter; left time: 3190.9043s
	iters: 200, epoch: 10 | loss: 0.2694924
	speed: 0.0112s/iter; left time: 1075.8714s
	iters: 300, epoch: 10 | loss: 0.3099178
	speed: 0.0109s/iter; left time: 1047.9870s
	iters: 400, epoch: 10 | loss: 0.2569678
	speed: 0.0109s/iter; left time: 1048.3513s
	iters: 500, epoch: 10 | loss: 0.3125416
	speed: 0.0109s/iter; left time: 1048.0085s
	iters: 600, epoch: 10 | loss: 0.3834311
	speed: 0.0111s/iter; left time: 1061.4433s
	iters: 700, epoch: 10 | loss: 0.2897267
	speed: 0.0115s/iter; left time: 1099.4808s
	iters: 800, epoch: 10 | loss: 0.3721162
	speed: 0.0117s/iter; left time: 1118.9190s
	iters: 900, epoch: 10 | loss: 0.3236244
	speed: 0.0115s/iter; left time: 1100.1163s
	iters: 1000, epoch: 10 | loss: 0.2877548
	speed: 0.0113s/iter; left time: 1074.0341s
Epoch: 10 cost time: 11.884227514266968
Epoch: 10, Steps: 1060 | Train Loss: 0.3201041 Vali Loss: 0.6238721
EarlyStopping counter: 4 out of 6
Updating learning rate to 9.765625e-07
	iters: 100, epoch: 11 | loss: 0.2922364
	speed: 0.0347s/iter; left time: 3302.7447s
	iters: 200, epoch: 11 | loss: 0.3245767
	speed: 0.0115s/iter; left time: 1093.7064s
	iters: 300, epoch: 11 | loss: 0.2703091
	speed: 0.0111s/iter; left time: 1060.2648s
	iters: 400, epoch: 11 | loss: 0.3560740
	speed: 0.0113s/iter; left time: 1075.8446s
	iters: 500, epoch: 11 | loss: 0.2970046
	speed: 0.0115s/iter; left time: 1086.8355s
	iters: 600, epoch: 11 | loss: 0.3166817
	speed: 0.0114s/iter; left time: 1079.9757s
	iters: 700, epoch: 11 | loss: 0.3618833
	speed: 0.0111s/iter; left time: 1048.7116s
	iters: 800, epoch: 11 | loss: 0.2705840
	speed: 0.0111s/iter; left time: 1052.3314s
	iters: 900, epoch: 11 | loss: 0.3278127
	speed: 0.0110s/iter; left time: 1040.8118s
	iters: 1000, epoch: 11 | loss: 0.2730684
	speed: 0.0111s/iter; left time: 1047.5514s
Epoch: 11 cost time: 11.93497109413147
Epoch: 11, Steps: 1060 | Train Loss: 0.3203528 Vali Loss: 0.6236915
EarlyStopping counter: 5 out of 6
Updating learning rate to 4.8828125e-07
	iters: 100, epoch: 12 | loss: 0.3209348
	speed: 0.0341s/iter; left time: 3210.8947s
	iters: 200, epoch: 12 | loss: 0.3299607
	speed: 0.0116s/iter; left time: 1087.3831s
	iters: 300, epoch: 12 | loss: 0.3196264
	speed: 0.0112s/iter; left time: 1056.4579s
	iters: 400, epoch: 12 | loss: 0.3556721
	speed: 0.0113s/iter; left time: 1058.7389s
	iters: 500, epoch: 12 | loss: 0.3525651
	speed: 0.0108s/iter; left time: 1010.4424s
	iters: 600, epoch: 12 | loss: 0.3361028
	speed: 0.0110s/iter; left time: 1031.2381s
	iters: 700, epoch: 12 | loss: 0.3841698
	speed: 0.0110s/iter; left time: 1030.1480s
	iters: 800, epoch: 12 | loss: 0.2664653
	speed: 0.0110s/iter; left time: 1031.6651s
	iters: 900, epoch: 12 | loss: 0.2552775
	speed: 0.0107s/iter; left time: 1002.3844s
	iters: 1000, epoch: 12 | loss: 0.3614606
	speed: 0.0112s/iter; left time: 1049.0677s
Epoch: 12 cost time: 11.768091440200806
Epoch: 12, Steps: 1060 | Train Loss: 0.3201236 Vali Loss: 0.6236762
EarlyStopping counter: 6 out of 6
Early stopping
VALIDATION_RESULT {"best_epoch": 6, "best_mae": 0.526048590254214, "best_mse": 0.6234765923903158, "epochs_ran": 12, "metric_version": "element_weighted_v1", "train_duration_seconds": 163.61204441124573, "train_peak_cuda_memory_bytes": 574314496}
>>>>>>>testing : long_term_forecast_ETTm1_336_336_coreabl_ettm1_p336_no_decomp_s2022_TimeRole_ETTm1_ftM_sl336_ll48_pl336_dm64_nh8_el1_dl1_df128_expand2_dc2_fc1_ebtimeF_dtTrue_coreabl_ettm1_p336_no_decomp_s2022_0<<<<<<<<<<<<<<<<<<<<<<<<<<<<<<<<<
test 11185
EVALUATION_RESULT {"batches": 350, "elapsed_seconds": 1.6660516178235412, "elements": 26307120, "gate_abs_mean": 0.2115100771188736, "gate_max": 0.2739075720310211, "gate_mean": 0.2115100771188736, "gate_min": 0.09263131767511368, "gate_values": [0.2645505368709564, 0.21602894365787506, 0.2739075720310211, 0.21084803342819214, 0.1833614856004715, 0.09263131767511368, 0.23924262821674347], "mae": 0.3913956239407573, "memory_correction_mae": 0.20113098449485228, "memory_correction_rms": 0.32787800296577757, "metric_version": "element_weighted_v1", "milliseconds_per_batch": 4.760147479495832, "mse": 0.3653759950342103, "origin_count": 11185, "origin_metric_version": "per_forecast_origin_mean_v1", "origin_metrics_path": "/home/cwh/Time-Series-Library/logs/timerole_core_ablation/checkpoints/long_term_forecast_ETTm1_336_336_coreabl_ettm1_p336_no_decomp_s2022_TimeRole_ETTm1_ftM_sl336_ll48_pl336_dm64_nh8_el1_dl1_df128_expand2_dc2_fc1_ebtimeF_dtTrue_coreabl_ettm1_p336_no_decomp_s2022_0/test_origin_metrics.npz", "parameter_count": 3214461, "peak_cuda_memory_bytes": 170420736, "split": "test", "test_accessed": true, "timerole_intervention": "intact"}
mse:0.3653759950342103, mae:0.3913956239407573, dtw:Not calculated
