Using GPU
Args in experiment:
[1mBasic Config[0m
  Task Name:          long_term_forecast  Is Training:        1                   
  Model ID:           ETTm2_336_720_coreabl_ettm2_p720_no_graph_s2022Model:              TimeRole            

[1mData Loader[0m
  Data:               ETTm2               Root Path:          /home/cwh/Time-Series-Library/dataset/ETT-small
  Data Path:          ETTm2.csv           Features:           M                   
  Target:             OT                  Freq:               h                   
  Checkpoints:        /home/cwh/Time-Series-Library/logs/timerole_core_ablation/checkpoints

[1mForecasting Task[0m
  Seq Len:            336                 Label Len:          48                  
  Pred Len:           720                 Seasonal Patterns:  Monthly             
  Inverse:            0                   

[1mModel Parameters[0m
  Top k:              5                   Num Kernels:        6                   
  Enc In:             7                   Dec In:             7                   
  C Out:              7                   d model:            64                  
  n heads:            8                   e layers:           1                   
  d layers:           1                   d FF:               128                 
  Moving Avg:         25                  Factor:             1                   
  Distil:             1                   Dropout:            0.1                 
  Embed:              timeF               Activation:         gelu                

[1mRun Parameters[0m
  Num Workers:        0                   Itr:                1                   
  Train Epochs:       100                 Batch Size:         32                  
  Patience:           6                   Learning Rate:      0.0005              
  Des:                coreabl_ettm2_p720_no_graph_s2022Loss:               MSE                 
  Lradj:              type1               Use Amp:            0                   

[1mGPU[0m
  Use GPU:            1                   GPU:                0                   
  Use Multi GPU:      0                   Devices:            0,1,2,3             

[1mDe-stationary Projector Params[0m
  P Hidden Dims:      128, 128            P Hidden Layers:    2                   

Use GPU: cuda:0
🚀 Lazy Loading: TimeRole ...
>>>>>>>start training : long_term_forecast_ETTm2_336_720_coreabl_ettm2_p720_no_graph_s2022_TimeRole_ETTm2_ftM_sl336_ll48_pl720_dm64_nh8_el1_dl1_df128_expand2_dc2_fc1_ebtimeF_dtTrue_coreabl_ettm2_p720_no_graph_s2022_0>>>>>>>>>>>>>>>>>>>>>>>>>>
train 33505
val 10801
	iters: 100, epoch: 1 | loss: 0.9652595
	speed: 0.0130s/iter; left time: 1360.1963s
	iters: 200, epoch: 1 | loss: 0.4656130
	speed: 0.0110s/iter; left time: 1148.3786s
	iters: 300, epoch: 1 | loss: 0.6788327
	speed: 0.0110s/iter; left time: 1151.0531s
	iters: 400, epoch: 1 | loss: 0.3511102
	speed: 0.0110s/iter; left time: 1148.9958s
	iters: 500, epoch: 1 | loss: 0.6222760
	speed: 0.0111s/iter; left time: 1153.1773s
	iters: 600, epoch: 1 | loss: 0.5210389
	speed: 0.0111s/iter; left time: 1155.1250s
	iters: 700, epoch: 1 | loss: 0.6064217
	speed: 0.0112s/iter; left time: 1169.1710s
	iters: 800, epoch: 1 | loss: 0.8290568
	speed: 0.0110s/iter; left time: 1148.2098s
	iters: 900, epoch: 1 | loss: 0.5199391
	speed: 0.0110s/iter; left time: 1140.3525s
	iters: 1000, epoch: 1 | loss: 0.5834251
	speed: 0.0107s/iter; left time: 1112.4594s
Epoch: 1 cost time: 11.741174459457397
Epoch: 1, Steps: 1048 | Train Loss: 0.5776300 Vali Loss: 0.3003378
Validation loss decreased (inf --> 0.300338).  Saving model ...
Updating learning rate to 0.0005
	iters: 100, epoch: 2 | loss: 0.5489587
	speed: 0.0325s/iter; left time: 3368.3669s
	iters: 200, epoch: 2 | loss: 0.3922018
	speed: 0.0110s/iter; left time: 1135.3215s
	iters: 300, epoch: 2 | loss: 0.2397178
	speed: 0.0111s/iter; left time: 1145.1091s
	iters: 400, epoch: 2 | loss: 0.2999604
	speed: 0.0110s/iter; left time: 1137.0096s
	iters: 500, epoch: 2 | loss: 0.3509461
	speed: 0.0109s/iter; left time: 1122.5604s
	iters: 600, epoch: 2 | loss: 0.4618171
	speed: 0.0112s/iter; left time: 1156.6551s
	iters: 700, epoch: 2 | loss: 0.3447452
	speed: 0.0110s/iter; left time: 1134.8099s
	iters: 800, epoch: 2 | loss: 0.2993617
	speed: 0.0110s/iter; left time: 1135.9873s
	iters: 900, epoch: 2 | loss: 0.4147176
	speed: 0.0111s/iter; left time: 1146.4963s
	iters: 1000, epoch: 2 | loss: 0.2892990
	speed: 0.0109s/iter; left time: 1120.1987s
Epoch: 2 cost time: 11.563715934753418
Epoch: 2, Steps: 1048 | Train Loss: 0.5250033 Vali Loss: 0.2777239
Validation loss decreased (0.300338 --> 0.277724).  Saving model ...
Updating learning rate to 0.00025
	iters: 100, epoch: 3 | loss: 0.4428427
	speed: 0.0324s/iter; left time: 3326.1139s
	iters: 200, epoch: 3 | loss: 0.4313481
	speed: 0.0108s/iter; left time: 1108.7104s
	iters: 300, epoch: 3 | loss: 0.3940099
	speed: 0.0109s/iter; left time: 1120.7703s
	iters: 400, epoch: 3 | loss: 0.3557046
	speed: 0.0112s/iter; left time: 1142.6665s
	iters: 500, epoch: 3 | loss: 0.5630627
	speed: 0.0110s/iter; left time: 1125.9234s
	iters: 600, epoch: 3 | loss: 0.7315557
	speed: 0.0111s/iter; left time: 1128.9852s
	iters: 700, epoch: 3 | loss: 0.4452192
	speed: 0.0110s/iter; left time: 1122.1677s
	iters: 800, epoch: 3 | loss: 0.7785810
	speed: 0.0111s/iter; left time: 1130.6432s
	iters: 900, epoch: 3 | loss: 0.5171478
	speed: 0.0110s/iter; left time: 1117.0109s
	iters: 1000, epoch: 3 | loss: 0.2802862
	speed: 0.0110s/iter; left time: 1116.7918s
Epoch: 3 cost time: 11.521260261535645
Epoch: 3, Steps: 1048 | Train Loss: 0.5014772 Vali Loss: 0.2771428
Validation loss decreased (0.277724 --> 0.277143).  Saving model ...
Updating learning rate to 0.000125
	iters: 100, epoch: 4 | loss: 0.9067943
	speed: 0.0323s/iter; left time: 3278.2688s
	iters: 200, epoch: 4 | loss: 0.5702457
	speed: 0.0111s/iter; left time: 1127.7459s
	iters: 300, epoch: 4 | loss: 0.3915590
	speed: 0.0113s/iter; left time: 1144.4481s
	iters: 400, epoch: 4 | loss: 0.6540446
	speed: 0.0109s/iter; left time: 1100.7521s
	iters: 500, epoch: 4 | loss: 0.5040354
	speed: 0.0110s/iter; left time: 1109.8542s
	iters: 600, epoch: 4 | loss: 0.5376800
	speed: 0.0111s/iter; left time: 1126.0661s
	iters: 700, epoch: 4 | loss: 0.2741475
	speed: 0.0111s/iter; left time: 1119.1098s
	iters: 800, epoch: 4 | loss: 0.3437909
	speed: 0.0111s/iter; left time: 1119.1562s
	iters: 900, epoch: 4 | loss: 0.4815363
	speed: 0.0111s/iter; left time: 1122.6889s
	iters: 1000, epoch: 4 | loss: 1.1660068
	speed: 0.0111s/iter; left time: 1120.8765s
Epoch: 4 cost time: 11.624521255493164
Epoch: 4, Steps: 1048 | Train Loss: 0.4933118 Vali Loss: 0.2771294
Validation loss decreased (0.277143 --> 0.277129).  Saving model ...
Updating learning rate to 6.25e-05
	iters: 100, epoch: 5 | loss: 0.4510504
	speed: 0.0328s/iter; left time: 3293.8371s
	iters: 200, epoch: 5 | loss: 0.7842414
	speed: 0.0112s/iter; left time: 1120.8617s
	iters: 300, epoch: 5 | loss: 0.8700527
	speed: 0.0110s/iter; left time: 1106.1714s
	iters: 400, epoch: 5 | loss: 0.6421222
	speed: 0.0109s/iter; left time: 1095.6804s
	iters: 500, epoch: 5 | loss: 0.3270535
	speed: 0.0109s/iter; left time: 1086.4889s
	iters: 600, epoch: 5 | loss: 0.5191322
	speed: 0.0113s/iter; left time: 1133.0284s
	iters: 700, epoch: 5 | loss: 0.5639559
	speed: 0.0112s/iter; left time: 1121.9349s
	iters: 800, epoch: 5 | loss: 0.3117072
	speed: 0.0111s/iter; left time: 1109.7159s
	iters: 900, epoch: 5 | loss: 0.6198700
	speed: 0.0106s/iter; left time: 1061.0879s
	iters: 1000, epoch: 5 | loss: 0.6190392
	speed: 0.0112s/iter; left time: 1112.0285s
Epoch: 5 cost time: 11.541083097457886
Epoch: 5, Steps: 1048 | Train Loss: 0.4877653 Vali Loss: 0.2780470
EarlyStopping counter: 1 out of 6
Updating learning rate to 3.125e-05
	iters: 100, epoch: 6 | loss: 0.6356617
	speed: 0.0310s/iter; left time: 3079.8833s
	iters: 200, epoch: 6 | loss: 0.7137549
	speed: 0.0109s/iter; left time: 1080.1845s
	iters: 300, epoch: 6 | loss: 0.6764922
	speed: 0.0108s/iter; left time: 1073.1133s
	iters: 400, epoch: 6 | loss: 0.2386007
	speed: 0.0112s/iter; left time: 1109.6167s
	iters: 500, epoch: 6 | loss: 0.6355562
	speed: 0.0110s/iter; left time: 1085.6908s
	iters: 600, epoch: 6 | loss: 0.3245639
	speed: 0.0108s/iter; left time: 1072.7435s
	iters: 700, epoch: 6 | loss: 0.6634291
	speed: 0.0107s/iter; left time: 1054.1953s
	iters: 800, epoch: 6 | loss: 0.3476854
	speed: 0.0107s/iter; left time: 1061.3521s
	iters: 900, epoch: 6 | loss: 0.6135682
	speed: 0.0111s/iter; left time: 1093.4890s
	iters: 1000, epoch: 6 | loss: 0.6923733
	speed: 0.0111s/iter; left time: 1093.6684s
Epoch: 6 cost time: 11.433645248413086
Epoch: 6, Steps: 1048 | Train Loss: 0.4855862 Vali Loss: 0.2782675
EarlyStopping counter: 2 out of 6
Updating learning rate to 1.5625e-05
	iters: 100, epoch: 7 | loss: 0.3643627
	speed: 0.0330s/iter; left time: 3250.1130s
	iters: 200, epoch: 7 | loss: 0.4481447
	speed: 0.0113s/iter; left time: 1112.3232s
	iters: 300, epoch: 7 | loss: 0.2569396
	speed: 0.0112s/iter; left time: 1097.5076s
	iters: 400, epoch: 7 | loss: 0.4488796
	speed: 0.0111s/iter; left time: 1085.6413s
	iters: 500, epoch: 7 | loss: 0.4321008
	speed: 0.0113s/iter; left time: 1107.7323s
	iters: 600, epoch: 7 | loss: 0.3732110
	speed: 0.0109s/iter; left time: 1062.9649s
	iters: 700, epoch: 7 | loss: 0.3739400
	speed: 0.0109s/iter; left time: 1061.3026s
	iters: 800, epoch: 7 | loss: 0.5342698
	speed: 0.0108s/iter; left time: 1053.0918s
	iters: 900, epoch: 7 | loss: 0.2819963
	speed: 0.0111s/iter; left time: 1085.8478s
	iters: 1000, epoch: 7 | loss: 0.5406439
	speed: 0.0112s/iter; left time: 1089.4140s
Epoch: 7 cost time: 11.585311651229858
Epoch: 7, Steps: 1048 | Train Loss: 0.4836956 Vali Loss: 0.2781205
EarlyStopping counter: 3 out of 6
Updating learning rate to 7.8125e-06
	iters: 100, epoch: 8 | loss: 0.3220234
	speed: 0.0320s/iter; left time: 3115.9154s
	iters: 200, epoch: 8 | loss: 0.5209151
	speed: 0.0108s/iter; left time: 1054.2094s
	iters: 300, epoch: 8 | loss: 0.3473062
	speed: 0.0109s/iter; left time: 1056.3162s
	iters: 400, epoch: 8 | loss: 0.3131103
	speed: 0.0108s/iter; left time: 1044.9732s
	iters: 500, epoch: 8 | loss: 0.4001642
	speed: 0.0112s/iter; left time: 1087.5829s
	iters: 600, epoch: 8 | loss: 0.4140901
	speed: 0.0110s/iter; left time: 1063.2771s
	iters: 700, epoch: 8 | loss: 0.3638547
	speed: 0.0108s/iter; left time: 1044.6760s
	iters: 800, epoch: 8 | loss: 1.0934027
	speed: 0.0110s/iter; left time: 1060.0520s
	iters: 900, epoch: 8 | loss: 0.3090962
	speed: 0.0113s/iter; left time: 1086.5298s
	iters: 1000, epoch: 8 | loss: 0.5198984
	speed: 0.0111s/iter; left time: 1075.3412s
Epoch: 8 cost time: 11.514780282974243
Epoch: 8, Steps: 1048 | Train Loss: 0.4826504 Vali Loss: 0.2774184
EarlyStopping counter: 4 out of 6
Updating learning rate to 3.90625e-06
	iters: 100, epoch: 9 | loss: 0.2629696
	speed: 0.0318s/iter; left time: 3066.6738s
	iters: 200, epoch: 9 | loss: 0.4866860
	speed: 0.0109s/iter; left time: 1047.9080s
	iters: 300, epoch: 9 | loss: 0.3359343
	speed: 0.0112s/iter; left time: 1071.9633s
	iters: 400, epoch: 9 | loss: 0.4908502
	speed: 0.0110s/iter; left time: 1054.1500s
	iters: 500, epoch: 9 | loss: 0.3588080
	speed: 0.0110s/iter; left time: 1056.2038s
	iters: 600, epoch: 9 | loss: 0.4465505
	speed: 0.0112s/iter; left time: 1077.0981s
	iters: 700, epoch: 9 | loss: 0.3879769
	speed: 0.0108s/iter; left time: 1033.9145s
	iters: 800, epoch: 9 | loss: 0.3557713
	speed: 0.0109s/iter; left time: 1043.1667s
	iters: 900, epoch: 9 | loss: 0.4356191
	speed: 0.0109s/iter; left time: 1045.4817s
	iters: 1000, epoch: 9 | loss: 0.3306919
	speed: 0.0106s/iter; left time: 1012.2755s
Epoch: 9 cost time: 11.477854013442993
Epoch: 9, Steps: 1048 | Train Loss: 0.4819474 Vali Loss: 0.2784263
EarlyStopping counter: 5 out of 6
Updating learning rate to 1.953125e-06
	iters: 100, epoch: 10 | loss: 0.3444972
	speed: 0.0316s/iter; left time: 3007.6192s
	iters: 200, epoch: 10 | loss: 0.7696270
	speed: 0.0108s/iter; left time: 1026.5277s
	iters: 300, epoch: 10 | loss: 0.4938414
	speed: 0.0112s/iter; left time: 1066.8736s
	iters: 400, epoch: 10 | loss: 0.6236326
	speed: 0.0111s/iter; left time: 1055.7722s
	iters: 500, epoch: 10 | loss: 0.2651204
	speed: 0.0110s/iter; left time: 1040.3928s
	iters: 600, epoch: 10 | loss: 0.5282261
	speed: 0.0110s/iter; left time: 1039.0412s
	iters: 700, epoch: 10 | loss: 0.4506947
	speed: 0.0110s/iter; left time: 1040.9854s
	iters: 800, epoch: 10 | loss: 0.2726924
	speed: 0.0113s/iter; left time: 1071.1621s
	iters: 900, epoch: 10 | loss: 0.2833472
	speed: 0.0108s/iter; left time: 1024.2643s
	iters: 1000, epoch: 10 | loss: 0.5564004
	speed: 0.0107s/iter; left time: 1012.5487s
Epoch: 10 cost time: 11.515541553497314
Epoch: 10, Steps: 1048 | Train Loss: 0.4819178 Vali Loss: 0.2780294
EarlyStopping counter: 6 out of 6
Early stopping
VALIDATION_RESULT {"best_epoch": 4, "best_mae": 0.3616847832950689, "best_mse": 0.2771294487667829, "epochs_ran": 10, "metric_version": "element_weighted_v1", "train_duration_seconds": 133.20982501888648, "train_peak_cuda_memory_bytes": 587780096}
>>>>>>>testing : long_term_forecast_ETTm2_336_720_coreabl_ettm2_p720_no_graph_s2022_TimeRole_ETTm2_ftM_sl336_ll48_pl720_dm64_nh8_el1_dl1_df128_expand2_dc2_fc1_ebtimeF_dtTrue_coreabl_ettm2_p720_no_graph_s2022_0<<<<<<<<<<<<<<<<<<<<<<<<<<<<<<<<<
test 10801
EVALUATION_RESULT {"batches": 338, "elapsed_seconds": 1.6666298168711364, "elements": 54437040, "gate_abs_mean": 0.1269996464252472, "gate_max": 0.0033008393365889788, "gate_mean": -0.12605653703212738, "gate_min": -0.19821883738040924, "gate_values": [-0.18006902933120728, -0.19821883738040924, -0.08595617860555649, -0.19118647277355194, -0.052956510335206985, 0.0033008393365889788, -0.17730964720249176], "mae": 0.3976548334768363, "memory_correction_mae": 0.10395285704656615, "memory_correction_rms": 0.2009473901156697, "metric_version": "element_weighted_v1", "milliseconds_per_batch": 4.930857446364309, "mse": 0.37913794261510636, "origin_count": 10801, "origin_metric_version": "per_forecast_origin_mean_v1", "origin_metrics_path": "/home/cwh/Time-Series-Library/logs/timerole_core_ablation/checkpoints/long_term_forecast_ETTm2_336_720_coreabl_ettm2_p720_no_graph_s2022_TimeRole_ETTm2_ftM_sl336_ll48_pl720_dm64_nh8_el1_dl1_df128_expand2_dc2_fc1_ebtimeF_dtTrue_coreabl_ettm2_p720_no_graph_s2022_0/test_origin_metrics.npz", "parameter_count": 6827527, "peak_cuda_memory_bytes": 203126784, "split": "test", "test_accessed": true, "timerole_intervention": "intact"}
mse:0.37913794261510636, mae:0.3976548334768363, dtw:Not calculated
