Using GPU
Args in experiment:
[1mBasic Config[0m
  Task Name:          long_term_forecast  Is Training:        1                   
  Model ID:           ETTm2_336_336_coreabl_ettm2_p336_no_decomp_s2023Model:              TimeRole            

[1mData Loader[0m
  Data:               ETTm2               Root Path:          /home/cwh/Time-Series-Library/dataset/ETT-small
  Data Path:          ETTm2.csv           Features:           M                   
  Target:             OT                  Freq:               h                   
  Checkpoints:        /home/cwh/Time-Series-Library/logs/timerole_core_ablation/checkpoints

[1mForecasting Task[0m
  Seq Len:            336                 Label Len:          48                  
  Pred Len:           336                 Seasonal Patterns:  Monthly             
  Inverse:            0                   

[1mModel Parameters[0m
  Top k:              5                   Num Kernels:        6                   
  Enc In:             7                   Dec In:             7                   
  C Out:              7                   d model:            64                  
  n heads:            8                   e layers:           1                   
  d layers:           1                   d FF:               128                 
  Moving Avg:         25                  Factor:             1                   
  Distil:             1                   Dropout:            0.1                 
  Embed:              timeF               Activation:         gelu                

[1mRun Parameters[0m
  Num Workers:        0                   Itr:                1                   
  Train Epochs:       100                 Batch Size:         32                  
  Patience:           6                   Learning Rate:      0.0005              
  Des:                coreabl_ettm2_p336_no_decomp_s2023Loss:               MSE                 
  Lradj:              type1               Use Amp:            0                   

[1mGPU[0m
  Use GPU:            1                   GPU:                0                   
  Use Multi GPU:      0                   Devices:            0,1,2,3             

[1mDe-stationary Projector Params[0m
  P Hidden Dims:      128, 128            P Hidden Layers:    2                   

Use GPU: cuda:0
🚀 Lazy Loading: TimeRole ...
[GraphMamba] Building 7x7 static graph from 2000 training samples
>>>>>>>start training : long_term_forecast_ETTm2_336_336_coreabl_ettm2_p336_no_decomp_s2023_TimeRole_ETTm2_ftM_sl336_ll48_pl336_dm64_nh8_el1_dl1_df128_expand2_dc2_fc1_ebtimeF_dtTrue_coreabl_ettm2_p336_no_decomp_s2023_0>>>>>>>>>>>>>>>>>>>>>>>>>>
train 33889
val 11185
	iters: 100, epoch: 1 | loss: 0.5665802
	speed: 0.0134s/iter; left time: 1419.1730s
	iters: 200, epoch: 1 | loss: 0.3805126
	speed: 0.0116s/iter; left time: 1228.4387s
	iters: 300, epoch: 1 | loss: 0.2642336
	speed: 0.0123s/iter; left time: 1296.8172s
	iters: 400, epoch: 1 | loss: 0.4351667
	speed: 0.0119s/iter; left time: 1256.7894s
	iters: 500, epoch: 1 | loss: 0.2449135
	speed: 0.0113s/iter; left time: 1193.7247s
	iters: 600, epoch: 1 | loss: 0.6016418
	speed: 0.0118s/iter; left time: 1240.1391s
	iters: 700, epoch: 1 | loss: 0.9408700
	speed: 0.0111s/iter; left time: 1171.7969s
	iters: 800, epoch: 1 | loss: 0.5818997
	speed: 0.0109s/iter; left time: 1151.8389s
	iters: 900, epoch: 1 | loss: 0.2862651
	speed: 0.0112s/iter; left time: 1176.2876s
	iters: 1000, epoch: 1 | loss: 0.2193350
	speed: 0.0112s/iter; left time: 1171.7387s
Epoch: 1 cost time: 12.33710241317749
Epoch: 1, Steps: 1060 | Train Loss: 0.4099781 Vali Loss: 0.2095418
Validation loss decreased (inf --> 0.209542).  Saving model ...
Updating learning rate to 0.0005
	iters: 100, epoch: 2 | loss: 0.6338970
	speed: 0.0331s/iter; left time: 3466.6579s
	iters: 200, epoch: 2 | loss: 0.3172668
	speed: 0.0110s/iter; left time: 1154.2288s
	iters: 300, epoch: 2 | loss: 0.4024523
	speed: 0.0111s/iter; left time: 1157.6812s
	iters: 400, epoch: 2 | loss: 0.3401303
	speed: 0.0107s/iter; left time: 1123.6473s
	iters: 500, epoch: 2 | loss: 0.4448488
	speed: 0.0109s/iter; left time: 1142.0779s
	iters: 600, epoch: 2 | loss: 0.6449184
	speed: 0.0113s/iter; left time: 1176.4466s
	iters: 700, epoch: 2 | loss: 0.2108417
	speed: 0.0111s/iter; left time: 1157.6044s
	iters: 800, epoch: 2 | loss: 0.4440724
	speed: 0.0108s/iter; left time: 1129.1915s
	iters: 900, epoch: 2 | loss: 0.2998011
	speed: 0.0112s/iter; left time: 1168.3277s
	iters: 1000, epoch: 2 | loss: 0.3591345
	speed: 0.0111s/iter; left time: 1155.1484s
Epoch: 2 cost time: 11.67062258720398
Epoch: 2, Steps: 1060 | Train Loss: 0.3719904 Vali Loss: 0.2067050
Validation loss decreased (0.209542 --> 0.206705).  Saving model ...
Updating learning rate to 0.00025
	iters: 100, epoch: 3 | loss: 0.1476167
	speed: 0.0333s/iter; left time: 3451.5549s
	iters: 200, epoch: 3 | loss: 0.3922253
	speed: 0.0107s/iter; left time: 1112.5450s
	iters: 300, epoch: 3 | loss: 0.4687498
	speed: 0.0109s/iter; left time: 1128.0944s
	iters: 400, epoch: 3 | loss: 0.3223799
	speed: 0.0109s/iter; left time: 1127.6556s
	iters: 500, epoch: 3 | loss: 0.2956130
	speed: 0.0113s/iter; left time: 1170.0202s
	iters: 600, epoch: 3 | loss: 0.2112541
	speed: 0.0110s/iter; left time: 1133.9328s
	iters: 700, epoch: 3 | loss: 0.2204839
	speed: 0.0111s/iter; left time: 1142.7678s
	iters: 800, epoch: 3 | loss: 0.2316660
	speed: 0.0108s/iter; left time: 1113.3081s
	iters: 900, epoch: 3 | loss: 0.5338609
	speed: 0.0112s/iter; left time: 1149.0685s
	iters: 1000, epoch: 3 | loss: 0.3873530
	speed: 0.0111s/iter; left time: 1139.5085s
Epoch: 3 cost time: 11.653900384902954
Epoch: 3, Steps: 1060 | Train Loss: 0.3546285 Vali Loss: 0.2099728
EarlyStopping counter: 1 out of 6
Updating learning rate to 0.000125
	iters: 100, epoch: 4 | loss: 0.2149661
	speed: 0.0333s/iter; left time: 3415.5331s
	iters: 200, epoch: 4 | loss: 0.2278925
	speed: 0.0113s/iter; left time: 1156.4008s
	iters: 300, epoch: 4 | loss: 0.4317942
	speed: 0.0110s/iter; left time: 1123.7122s
	iters: 400, epoch: 4 | loss: 0.2274086
	speed: 0.0112s/iter; left time: 1145.7127s
	iters: 500, epoch: 4 | loss: 0.3063609
	speed: 0.0113s/iter; left time: 1158.3105s
	iters: 600, epoch: 4 | loss: 0.2051502
	speed: 0.0111s/iter; left time: 1134.0583s
	iters: 700, epoch: 4 | loss: 0.4828220
	speed: 0.0111s/iter; left time: 1128.6625s
	iters: 800, epoch: 4 | loss: 0.4993826
	speed: 0.0111s/iter; left time: 1136.8139s
	iters: 900, epoch: 4 | loss: 0.4203936
	speed: 0.0110s/iter; left time: 1123.3786s
	iters: 1000, epoch: 4 | loss: 0.1908224
	speed: 0.0110s/iter; left time: 1123.0054s
Epoch: 4 cost time: 11.785464763641357
Epoch: 4, Steps: 1060 | Train Loss: 0.3456249 Vali Loss: 0.2093647
EarlyStopping counter: 2 out of 6
Updating learning rate to 6.25e-05
	iters: 100, epoch: 5 | loss: 0.3898591
	speed: 0.0340s/iter; left time: 3457.9473s
	iters: 200, epoch: 5 | loss: 0.2234100
	speed: 0.0114s/iter; left time: 1162.1555s
	iters: 300, epoch: 5 | loss: 0.3202082
	speed: 0.0113s/iter; left time: 1148.6860s
	iters: 400, epoch: 5 | loss: 0.4579763
	speed: 0.0114s/iter; left time: 1156.2852s
	iters: 500, epoch: 5 | loss: 0.6060618
	speed: 0.0114s/iter; left time: 1150.7474s
	iters: 600, epoch: 5 | loss: 0.4306944
	speed: 0.0111s/iter; left time: 1124.8777s
	iters: 700, epoch: 5 | loss: 0.2557062
	speed: 0.0110s/iter; left time: 1113.9100s
	iters: 800, epoch: 5 | loss: 0.2159892
	speed: 0.0114s/iter; left time: 1149.5666s
	iters: 900, epoch: 5 | loss: 0.4002272
	speed: 0.0110s/iter; left time: 1113.0729s
	iters: 1000, epoch: 5 | loss: 0.3231955
	speed: 0.0109s/iter; left time: 1094.1551s
Epoch: 5 cost time: 11.869479417800903
Epoch: 5, Steps: 1060 | Train Loss: 0.3404430 Vali Loss: 0.2107112
EarlyStopping counter: 3 out of 6
Updating learning rate to 3.125e-05
	iters: 100, epoch: 6 | loss: 0.3520918
	speed: 0.0333s/iter; left time: 3352.6230s
	iters: 200, epoch: 6 | loss: 0.4064338
	speed: 0.0111s/iter; left time: 1112.8251s
	iters: 300, epoch: 6 | loss: 0.1725949
	speed: 0.0112s/iter; left time: 1129.2879s
	iters: 400, epoch: 6 | loss: 0.3174707
	speed: 0.0112s/iter; left time: 1125.1610s
	iters: 500, epoch: 6 | loss: 0.3161364
	speed: 0.0110s/iter; left time: 1100.8693s
	iters: 600, epoch: 6 | loss: 0.2908786
	speed: 0.0113s/iter; left time: 1129.5882s
	iters: 700, epoch: 6 | loss: 0.5131823
	speed: 0.0113s/iter; left time: 1128.1827s
	iters: 800, epoch: 6 | loss: 0.2079980
	speed: 0.0114s/iter; left time: 1138.0874s
	iters: 900, epoch: 6 | loss: 0.2805274
	speed: 0.0112s/iter; left time: 1121.5342s
	iters: 1000, epoch: 6 | loss: 0.2292707
	speed: 0.0113s/iter; left time: 1124.2831s
Epoch: 6 cost time: 11.908581495285034
Epoch: 6, Steps: 1060 | Train Loss: 0.3380650 Vali Loss: 0.2114575
EarlyStopping counter: 4 out of 6
Updating learning rate to 1.5625e-05
	iters: 100, epoch: 7 | loss: 0.3107327
	speed: 0.0336s/iter; left time: 3345.9381s
	iters: 200, epoch: 7 | loss: 0.4403277
	speed: 0.0111s/iter; left time: 1108.7238s
	iters: 300, epoch: 7 | loss: 0.3572344
	speed: 0.0113s/iter; left time: 1119.5301s
	iters: 400, epoch: 7 | loss: 0.3159187
	speed: 0.0111s/iter; left time: 1105.2578s
	iters: 500, epoch: 7 | loss: 0.3302166
	speed: 0.0112s/iter; left time: 1112.4970s
	iters: 600, epoch: 7 | loss: 0.3627522
	speed: 0.0112s/iter; left time: 1113.5983s
	iters: 700, epoch: 7 | loss: 0.3955780
	speed: 0.0113s/iter; left time: 1120.8493s
	iters: 800, epoch: 7 | loss: 0.2034390
	speed: 0.0111s/iter; left time: 1093.8806s
	iters: 900, epoch: 7 | loss: 0.2320488
	speed: 0.0111s/iter; left time: 1097.3047s
	iters: 1000, epoch: 7 | loss: 0.3547605
	speed: 0.0112s/iter; left time: 1101.4626s
Epoch: 7 cost time: 11.82478380203247
Epoch: 7, Steps: 1060 | Train Loss: 0.3364281 Vali Loss: 0.2124451
EarlyStopping counter: 5 out of 6
Updating learning rate to 7.8125e-06
	iters: 100, epoch: 8 | loss: 0.3581540
	speed: 0.0333s/iter; left time: 3283.6943s
	iters: 200, epoch: 8 | loss: 0.4630371
	speed: 0.0112s/iter; left time: 1105.9090s
	iters: 300, epoch: 8 | loss: 0.3461121
	speed: 0.0116s/iter; left time: 1139.7855s
	iters: 400, epoch: 8 | loss: 0.4252370
	speed: 0.0117s/iter; left time: 1153.2393s
	iters: 500, epoch: 8 | loss: 0.2581041
	speed: 0.0114s/iter; left time: 1116.2633s
	iters: 600, epoch: 8 | loss: 0.4387082
	speed: 0.0113s/iter; left time: 1105.4345s
	iters: 700, epoch: 8 | loss: 0.2314962
	speed: 0.0112s/iter; left time: 1099.8112s
	iters: 800, epoch: 8 | loss: 0.3909119
	speed: 0.0118s/iter; left time: 1149.4892s
	iters: 900, epoch: 8 | loss: 0.5257512
	speed: 0.0112s/iter; left time: 1095.7200s
	iters: 1000, epoch: 8 | loss: 0.2696308
	speed: 0.0114s/iter; left time: 1113.9895s
Epoch: 8 cost time: 12.055896043777466
Epoch: 8, Steps: 1060 | Train Loss: 0.3359404 Vali Loss: 0.2132090
EarlyStopping counter: 6 out of 6
Early stopping
VALIDATION_RESULT {"best_epoch": 2, "best_mae": 0.3133107575920749, "best_mse": 0.2067049854353237, "epochs_ran": 8, "metric_version": "element_weighted_v1", "train_duration_seconds": 109.6070553730242, "train_peak_cuda_memory_bytes": 574314496}
>>>>>>>testing : long_term_forecast_ETTm2_336_336_coreabl_ettm2_p336_no_decomp_s2023_TimeRole_ETTm2_ftM_sl336_ll48_pl336_dm64_nh8_el1_dl1_df128_expand2_dc2_fc1_ebtimeF_dtTrue_coreabl_ettm2_p336_no_decomp_s2023_0<<<<<<<<<<<<<<<<<<<<<<<<<<<<<<<<<
test 11185
EVALUATION_RESULT {"batches": 350, "elapsed_seconds": 1.7609343146905303, "elements": 26307120, "gate_abs_mean": 0.12570402026176453, "gate_max": 0.2139744609594345, "gate_mean": 0.12305466085672379, "gate_min": -0.009272754192352295, "gate_values": [0.2139744609594345, 0.21118192374706268, 0.050169430673122406, 0.17319251596927643, 0.06324535608291626, -0.009272754192352295, 0.1588916927576065], "mae": 0.33541616637880495, "memory_correction_mae": 0.08723818057286808, "memory_correction_rms": 0.17756709840474852, "metric_version": "element_weighted_v1", "milliseconds_per_batch": 5.031240899115801, "mse": 0.28505542615422114, "origin_count": 11185, "origin_metric_version": "per_forecast_origin_mean_v1", "origin_metrics_path": "/home/cwh/Time-Series-Library/logs/timerole_core_ablation/checkpoints/long_term_forecast_ETTm2_336_336_coreabl_ettm2_p336_no_decomp_s2023_TimeRole_ETTm2_ftM_sl336_ll48_pl336_dm64_nh8_el1_dl1_df128_expand2_dc2_fc1_ebtimeF_dtTrue_coreabl_ettm2_p336_no_decomp_s2023_0/test_origin_metrics.npz", "parameter_count": 3214461, "peak_cuda_memory_bytes": 170420736, "split": "test", "test_accessed": true, "timerole_intervention": "intact"}
mse:0.28505542615422114, mae:0.33541616637880495, dtw:Not calculated
