Using GPU
Args in experiment:
[1mBasic Config[0m
  Task Name:          long_term_forecast  Is Training:        1                   
  Model ID:           ETTm1_336_720_coreabl_ettm1_p720_no_decomp_s2023Model:              TimeRole            

[1mData Loader[0m
  Data:               ETTm1               Root Path:          /home/cwh/Time-Series-Library/dataset/ETT-small
  Data Path:          ETTm1.csv           Features:           M                   
  Target:             OT                  Freq:               h                   
  Checkpoints:        /home/cwh/Time-Series-Library/logs/timerole_core_ablation/checkpoints

[1mForecasting Task[0m
  Seq Len:            336                 Label Len:          48                  
  Pred Len:           720                 Seasonal Patterns:  Monthly             
  Inverse:            0                   

[1mModel Parameters[0m
  Top k:              5                   Num Kernels:        6                   
  Enc In:             7                   Dec In:             7                   
  C Out:              7                   d model:            64                  
  n heads:            8                   e layers:           1                   
  d layers:           1                   d FF:               128                 
  Moving Avg:         25                  Factor:             1                   
  Distil:             1                   Dropout:            0.1                 
  Embed:              timeF               Activation:         gelu                

[1mRun Parameters[0m
  Num Workers:        0                   Itr:                1                   
  Train Epochs:       100                 Batch Size:         32                  
  Patience:           6                   Learning Rate:      0.0005              
  Des:                coreabl_ettm1_p720_no_decomp_s2023Loss:               MSE                 
  Lradj:              type1               Use Amp:            0                   

[1mGPU[0m
  Use GPU:            1                   GPU:                0                   
  Use Multi GPU:      0                   Devices:            0,1,2,3             

[1mDe-stationary Projector Params[0m
  P Hidden Dims:      128, 128            P Hidden Layers:    2                   

Use GPU: cuda:0
🚀 Lazy Loading: TimeRole ...
[GraphMamba] Building 7x7 static graph from 2000 training samples
>>>>>>>start training : long_term_forecast_ETTm1_336_720_coreabl_ettm1_p720_no_decomp_s2023_TimeRole_ETTm1_ftM_sl336_ll48_pl720_dm64_nh8_el1_dl1_df128_expand2_dc2_fc1_ebtimeF_dtTrue_coreabl_ettm1_p720_no_decomp_s2023_0>>>>>>>>>>>>>>>>>>>>>>>>>>
train 33505
val 10801
	iters: 100, epoch: 1 | loss: 0.5121932
	speed: 0.0138s/iter; left time: 1444.8739s
	iters: 200, epoch: 1 | loss: 0.5018059
	speed: 0.0114s/iter; left time: 1187.3682s
	iters: 300, epoch: 1 | loss: 0.4321936
	speed: 0.0115s/iter; left time: 1203.2660s
	iters: 400, epoch: 1 | loss: 0.4337233
	speed: 0.0114s/iter; left time: 1192.9270s
	iters: 500, epoch: 1 | loss: 0.4712598
	speed: 0.0114s/iter; left time: 1184.0971s
	iters: 600, epoch: 1 | loss: 0.3444192
	speed: 0.0112s/iter; left time: 1171.7149s
	iters: 700, epoch: 1 | loss: 0.3838127
	speed: 0.0114s/iter; left time: 1188.8865s
	iters: 800, epoch: 1 | loss: 0.4440113
	speed: 0.0114s/iter; left time: 1186.2857s
	iters: 900, epoch: 1 | loss: 0.3474659
	speed: 0.0113s/iter; left time: 1176.8913s
	iters: 1000, epoch: 1 | loss: 0.3644705
	speed: 0.0114s/iter; left time: 1187.9171s
Epoch: 1 cost time: 12.192066431045532
Epoch: 1, Steps: 1048 | Train Loss: 0.4545747 Vali Loss: 0.9880892
Validation loss decreased (inf --> 0.988089).  Saving model ...
Updating learning rate to 0.0005
	iters: 100, epoch: 2 | loss: 0.3821927
	speed: 0.0328s/iter; left time: 3396.5298s
	iters: 200, epoch: 2 | loss: 0.3381236
	speed: 0.0114s/iter; left time: 1185.2932s
	iters: 300, epoch: 2 | loss: 0.3985075
	speed: 0.0113s/iter; left time: 1168.1020s
	iters: 400, epoch: 2 | loss: 0.4300434
	speed: 0.0115s/iter; left time: 1187.9916s
	iters: 500, epoch: 2 | loss: 0.3958446
	speed: 0.0114s/iter; left time: 1180.1807s
	iters: 600, epoch: 2 | loss: 0.4897097
	speed: 0.0114s/iter; left time: 1170.7905s
	iters: 700, epoch: 2 | loss: 0.4371980
	speed: 0.0114s/iter; left time: 1173.5149s
	iters: 800, epoch: 2 | loss: 0.4429905
	speed: 0.0114s/iter; left time: 1175.8671s
	iters: 900, epoch: 2 | loss: 0.5180870
	speed: 0.0115s/iter; left time: 1183.9523s
	iters: 1000, epoch: 2 | loss: 0.4718777
	speed: 0.0114s/iter; left time: 1175.6739s
Epoch: 2 cost time: 11.981662273406982
Epoch: 2, Steps: 1048 | Train Loss: 0.4141315 Vali Loss: 0.9373573
Validation loss decreased (0.988089 --> 0.937357).  Saving model ...
Updating learning rate to 0.00025
	iters: 100, epoch: 3 | loss: 0.3793273
	speed: 0.0328s/iter; left time: 3368.3340s
	iters: 200, epoch: 3 | loss: 0.3915848
	speed: 0.0116s/iter; left time: 1185.8536s
	iters: 300, epoch: 3 | loss: 0.4093344
	speed: 0.0111s/iter; left time: 1133.7631s
	iters: 400, epoch: 3 | loss: 0.4766876
	speed: 0.0113s/iter; left time: 1152.1577s
	iters: 500, epoch: 3 | loss: 0.3477998
	speed: 0.0113s/iter; left time: 1155.1756s
	iters: 600, epoch: 3 | loss: 0.3610188
	speed: 0.0112s/iter; left time: 1148.1652s
	iters: 700, epoch: 3 | loss: 0.3891189
	speed: 0.0114s/iter; left time: 1164.1006s
	iters: 800, epoch: 3 | loss: 0.3879000
	speed: 0.0117s/iter; left time: 1191.3333s
	iters: 900, epoch: 3 | loss: 0.3159568
	speed: 0.0117s/iter; left time: 1188.7059s
	iters: 1000, epoch: 3 | loss: 0.4781761
	speed: 0.0116s/iter; left time: 1175.9381s
Epoch: 3 cost time: 11.955143928527832
Epoch: 3, Steps: 1048 | Train Loss: 0.4030819 Vali Loss: 0.9331413
Validation loss decreased (0.937357 --> 0.933141).  Saving model ...
Updating learning rate to 0.000125
	iters: 100, epoch: 4 | loss: 0.3494773
	speed: 0.0330s/iter; left time: 3353.0725s
	iters: 200, epoch: 4 | loss: 0.3846792
	speed: 0.0113s/iter; left time: 1149.6347s
	iters: 300, epoch: 4 | loss: 0.4034992
	speed: 0.0112s/iter; left time: 1133.3987s
	iters: 400, epoch: 4 | loss: 0.3826067
	speed: 0.0115s/iter; left time: 1165.2873s
	iters: 500, epoch: 4 | loss: 0.4240989
	speed: 0.0115s/iter; left time: 1163.9023s
	iters: 600, epoch: 4 | loss: 0.3896077
	speed: 0.0113s/iter; left time: 1144.9678s
	iters: 700, epoch: 4 | loss: 0.3637457
	speed: 0.0115s/iter; left time: 1156.3271s
	iters: 800, epoch: 4 | loss: 0.3591725
	speed: 0.0114s/iter; left time: 1150.0096s
	iters: 900, epoch: 4 | loss: 0.3877138
	speed: 0.0112s/iter; left time: 1129.7426s
	iters: 1000, epoch: 4 | loss: 0.4041020
	speed: 0.0116s/iter; left time: 1164.1413s
Epoch: 4 cost time: 11.93627142906189
Epoch: 4, Steps: 1048 | Train Loss: 0.3956658 Vali Loss: 0.9283747
Validation loss decreased (0.933141 --> 0.928375).  Saving model ...
Updating learning rate to 6.25e-05
	iters: 100, epoch: 5 | loss: 0.3420233
	speed: 0.0330s/iter; left time: 3314.8626s
	iters: 200, epoch: 5 | loss: 0.4380393
	speed: 0.0115s/iter; left time: 1155.7514s
	iters: 300, epoch: 5 | loss: 0.3234533
	speed: 0.0114s/iter; left time: 1148.3551s
	iters: 400, epoch: 5 | loss: 0.4132898
	speed: 0.0114s/iter; left time: 1141.0464s
	iters: 500, epoch: 5 | loss: 0.4000342
	speed: 0.0115s/iter; left time: 1154.5120s
	iters: 600, epoch: 5 | loss: 0.4591616
	speed: 0.0113s/iter; left time: 1131.0489s
	iters: 700, epoch: 5 | loss: 0.4040435
	speed: 0.0115s/iter; left time: 1150.6948s
	iters: 800, epoch: 5 | loss: 0.3548700
	speed: 0.0113s/iter; left time: 1132.5285s
	iters: 900, epoch: 5 | loss: 0.3753485
	speed: 0.0113s/iter; left time: 1131.6962s
	iters: 1000, epoch: 5 | loss: 0.3801718
	speed: 0.0119s/iter; left time: 1184.3618s
Epoch: 5 cost time: 12.045533895492554
Epoch: 5, Steps: 1048 | Train Loss: 0.3919556 Vali Loss: 0.9295926
EarlyStopping counter: 1 out of 6
Updating learning rate to 3.125e-05
	iters: 100, epoch: 6 | loss: 0.3794636
	speed: 0.0329s/iter; left time: 3268.6487s
	iters: 200, epoch: 6 | loss: 0.4413420
	speed: 0.0115s/iter; left time: 1141.0812s
	iters: 300, epoch: 6 | loss: 0.4178241
	speed: 0.0115s/iter; left time: 1145.0531s
	iters: 400, epoch: 6 | loss: 0.3971293
	speed: 0.0112s/iter; left time: 1110.9691s
	iters: 500, epoch: 6 | loss: 0.4228390
	speed: 0.0116s/iter; left time: 1152.0356s
	iters: 600, epoch: 6 | loss: 0.3883743
	speed: 0.0115s/iter; left time: 1134.2928s
	iters: 700, epoch: 6 | loss: 0.4024257
	speed: 0.0115s/iter; left time: 1132.2170s
	iters: 800, epoch: 6 | loss: 0.3114670
	speed: 0.0114s/iter; left time: 1123.0568s
	iters: 900, epoch: 6 | loss: 0.3425469
	speed: 0.0114s/iter; left time: 1120.7103s
	iters: 1000, epoch: 6 | loss: 0.3745480
	speed: 0.0115s/iter; left time: 1136.4590s
Epoch: 6 cost time: 11.99765920639038
Epoch: 6, Steps: 1048 | Train Loss: 0.3899488 Vali Loss: 0.9299507
EarlyStopping counter: 2 out of 6
Updating learning rate to 1.5625e-05
	iters: 100, epoch: 7 | loss: 0.4760257
	speed: 0.0324s/iter; left time: 3185.0671s
	iters: 200, epoch: 7 | loss: 0.3799245
	speed: 0.0114s/iter; left time: 1122.9639s
	iters: 300, epoch: 7 | loss: 0.4343040
	speed: 0.0117s/iter; left time: 1150.2000s
	iters: 400, epoch: 7 | loss: 0.3444177
	speed: 0.0114s/iter; left time: 1119.4637s
	iters: 500, epoch: 7 | loss: 0.3809201
	speed: 0.0116s/iter; left time: 1133.6184s
	iters: 600, epoch: 7 | loss: 0.3739199
	speed: 0.0115s/iter; left time: 1125.8128s
	iters: 700, epoch: 7 | loss: 0.3794189
	speed: 0.0113s/iter; left time: 1105.8157s
	iters: 800, epoch: 7 | loss: 0.3850103
	speed: 0.0113s/iter; left time: 1101.2379s
	iters: 900, epoch: 7 | loss: 0.3821667
	speed: 0.0115s/iter; left time: 1127.3189s
	iters: 1000, epoch: 7 | loss: 0.4104655
	speed: 0.0115s/iter; left time: 1120.8147s
Epoch: 7 cost time: 11.995829820632935
Epoch: 7, Steps: 1048 | Train Loss: 0.3896293 Vali Loss: 0.9304361
EarlyStopping counter: 3 out of 6
Updating learning rate to 7.8125e-06
	iters: 100, epoch: 8 | loss: 0.4210171
	speed: 0.0328s/iter; left time: 3193.7308s
	iters: 200, epoch: 8 | loss: 0.3689060
	speed: 0.0115s/iter; left time: 1116.0964s
	iters: 300, epoch: 8 | loss: 0.4509634
	speed: 0.0113s/iter; left time: 1094.9711s
	iters: 400, epoch: 8 | loss: 0.3734476
	speed: 0.0116s/iter; left time: 1127.9473s
	iters: 500, epoch: 8 | loss: 0.3593116
	speed: 0.0116s/iter; left time: 1122.5884s
	iters: 600, epoch: 8 | loss: 0.3830306
	speed: 0.0115s/iter; left time: 1110.3518s
	iters: 700, epoch: 8 | loss: 0.4546184
	speed: 0.0117s/iter; left time: 1135.4833s
	iters: 800, epoch: 8 | loss: 0.3536891
	speed: 0.0116s/iter; left time: 1117.4664s
	iters: 900, epoch: 8 | loss: 0.3625527
	speed: 0.0113s/iter; left time: 1095.9057s
	iters: 1000, epoch: 8 | loss: 0.4086685
	speed: 0.0113s/iter; left time: 1087.6940s
Epoch: 8 cost time: 12.040581703186035
Epoch: 8, Steps: 1048 | Train Loss: 0.3880647 Vali Loss: 0.9301536
EarlyStopping counter: 4 out of 6
Updating learning rate to 3.90625e-06
	iters: 100, epoch: 9 | loss: 0.4406624
	speed: 0.0332s/iter; left time: 3193.8846s
	iters: 200, epoch: 9 | loss: 0.3660674
	speed: 0.0113s/iter; left time: 1084.7375s
	iters: 300, epoch: 9 | loss: 0.3427758
	speed: 0.0117s/iter; left time: 1121.0752s
	iters: 400, epoch: 9 | loss: 0.3721207
	speed: 0.0115s/iter; left time: 1107.9110s
	iters: 500, epoch: 9 | loss: 0.3758078
	speed: 0.0115s/iter; left time: 1099.9815s
	iters: 600, epoch: 9 | loss: 0.3676031
	speed: 0.0115s/iter; left time: 1100.6423s
	iters: 700, epoch: 9 | loss: 0.4323222
	speed: 0.0117s/iter; left time: 1120.0713s
	iters: 800, epoch: 9 | loss: 0.4162501
	speed: 0.0113s/iter; left time: 1082.6372s
	iters: 900, epoch: 9 | loss: 0.3810190
	speed: 0.0115s/iter; left time: 1096.8843s
	iters: 1000, epoch: 9 | loss: 0.4311343
	speed: 0.0115s/iter; left time: 1094.5156s
Epoch: 9 cost time: 12.026872873306274
Epoch: 9, Steps: 1048 | Train Loss: 0.3877505 Vali Loss: 0.9301325
EarlyStopping counter: 5 out of 6
Updating learning rate to 1.953125e-06
	iters: 100, epoch: 10 | loss: 0.4282468
	speed: 0.0332s/iter; left time: 3160.5412s
	iters: 200, epoch: 10 | loss: 0.4309713
	speed: 0.0112s/iter; left time: 1065.1033s
	iters: 300, epoch: 10 | loss: 0.3925408
	speed: 0.0114s/iter; left time: 1080.4482s
	iters: 400, epoch: 10 | loss: 0.3071792
	speed: 0.0114s/iter; left time: 1085.9699s
	iters: 500, epoch: 10 | loss: 0.3792719
	speed: 0.0115s/iter; left time: 1095.4300s
	iters: 600, epoch: 10 | loss: 0.4171802
	speed: 0.0113s/iter; left time: 1071.5611s
	iters: 700, epoch: 10 | loss: 0.3918836
	speed: 0.0119s/iter; left time: 1125.7102s
	iters: 800, epoch: 10 | loss: 0.3825144
	speed: 0.0115s/iter; left time: 1090.2891s
	iters: 900, epoch: 10 | loss: 0.4027287
	speed: 0.0114s/iter; left time: 1075.5987s
	iters: 1000, epoch: 10 | loss: 0.3618067
	speed: 0.0118s/iter; left time: 1117.0291s
Epoch: 10 cost time: 12.067145347595215
Epoch: 10, Steps: 1048 | Train Loss: 0.3876249 Vali Loss: 0.9302633
EarlyStopping counter: 6 out of 6
Early stopping
VALIDATION_RESULT {"best_epoch": 4, "best_mae": 0.6385609081108309, "best_mse": 0.9283747182410175, "epochs_ran": 10, "metric_version": "element_weighted_v1", "train_duration_seconds": 137.94732246687636, "train_peak_cuda_memory_bytes": 619824128}
>>>>>>>testing : long_term_forecast_ETTm1_336_720_coreabl_ettm1_p720_no_decomp_s2023_TimeRole_ETTm1_ftM_sl336_ll48_pl720_dm64_nh8_el1_dl1_df128_expand2_dc2_fc1_ebtimeF_dtTrue_coreabl_ettm1_p720_no_decomp_s2023_0<<<<<<<<<<<<<<<<<<<<<<<<<<<<<<<<<
test 10801
EVALUATION_RESULT {"batches": 338, "elapsed_seconds": 1.7022807141765952, "elements": 54437040, "gate_abs_mean": 0.1957949548959732, "gate_max": 0.23920539021492004, "gate_mean": 0.1957949548959732, "gate_min": 0.13337425887584686, "gate_values": [0.22896631062030792, 0.18648692965507507, 0.23920539021492004, 0.1737539917230606, 0.17304815351963043, 0.13337425887584686, 0.23572973906993866], "mae": 0.4264449453327183, "memory_correction_mae": 0.19388291593012197, "memory_correction_rms": 0.30142154545227207, "metric_version": "element_weighted_v1", "milliseconds_per_batch": 5.036333473895252, "mse": 0.42409099271349754, "origin_count": 10801, "origin_metric_version": "per_forecast_origin_mean_v1", "origin_metrics_path": "/home/cwh/Time-Series-Library/logs/timerole_core_ablation/checkpoints/long_term_forecast_ETTm1_336_720_coreabl_ettm1_p720_no_decomp_s2023_TimeRole_ETTm1_ftM_sl336_ll48_pl720_dm64_nh8_el1_dl1_df128_expand2_dc2_fc1_ebtimeF_dtTrue_coreabl_ettm1_p720_no_decomp_s2023_0/test_origin_metrics.npz", "parameter_count": 6766077, "peak_cuda_memory_bytes": 201819648, "split": "test", "test_accessed": true, "timerole_intervention": "intact"}
mse:0.42409099271349754, mae:0.4264449453327183, dtw:Not calculated
