Using GPU
Args in experiment:
[1mBasic Config[0m
  Task Name:          long_term_forecast  Is Training:        1                   
  Model ID:           ETTm2_336_192_coreabl_ettm2_p192_no_patch_s2022Model:              TimeRole            

[1mData Loader[0m
  Data:               ETTm2               Root Path:          /home/cwh/Time-Series-Library/dataset/ETT-small
  Data Path:          ETTm2.csv           Features:           M                   
  Target:             OT                  Freq:               h                   
  Checkpoints:        /home/cwh/Time-Series-Library/logs/timerole_core_ablation/checkpoints

[1mForecasting Task[0m
  Seq Len:            336                 Label Len:          48                  
  Pred Len:           192                 Seasonal Patterns:  Monthly             
  Inverse:            0                   

[1mModel Parameters[0m
  Top k:              5                   Num Kernels:        6                   
  Enc In:             7                   Dec In:             7                   
  C Out:              7                   d model:            64                  
  n heads:            8                   e layers:           1                   
  d layers:           1                   d FF:               128                 
  Moving Avg:         25                  Factor:             1                   
  Distil:             1                   Dropout:            0.1                 
  Embed:              timeF               Activation:         gelu                

[1mRun Parameters[0m
  Num Workers:        0                   Itr:                1                   
  Train Epochs:       100                 Batch Size:         32                  
  Patience:           6                   Learning Rate:      0.0005              
  Des:                coreabl_ettm2_p192_no_patch_s2022Loss:               MSE                 
  Lradj:              type1               Use Amp:            0                   

[1mGPU[0m
  Use GPU:            1                   GPU:                0                   
  Use Multi GPU:      0                   Devices:            0,1,2,3             

[1mDe-stationary Projector Params[0m
  P Hidden Dims:      128, 128            P Hidden Layers:    2                   

Use GPU: cuda:0
🚀 Lazy Loading: TimeRole ...
[GraphMamba] Building 7x7 static graph from 2000 training samples
>>>>>>>start training : long_term_forecast_ETTm2_336_192_coreabl_ettm2_p192_no_patch_s2022_TimeRole_ETTm2_ftM_sl336_ll48_pl192_dm64_nh8_el1_dl1_df128_expand2_dc2_fc1_ebtimeF_dtTrue_coreabl_ettm2_p192_no_patch_s2022_0>>>>>>>>>>>>>>>>>>>>>>>>>>
train 34033
val 11329
	iters: 100, epoch: 1 | loss: 0.3029795
	speed: 0.0095s/iter; left time: 1008.0003s
	iters: 200, epoch: 1 | loss: 0.7808352
	speed: 0.0075s/iter; left time: 797.9662s
	iters: 300, epoch: 1 | loss: 0.1884516
	speed: 0.0076s/iter; left time: 809.8615s
	iters: 400, epoch: 1 | loss: 0.5911548
	speed: 0.0076s/iter; left time: 803.6482s
	iters: 500, epoch: 1 | loss: 0.1565551
	speed: 0.0074s/iter; left time: 788.5626s
	iters: 600, epoch: 1 | loss: 0.2256678
	speed: 0.0076s/iter; left time: 802.2785s
	iters: 700, epoch: 1 | loss: 0.3225037
	speed: 0.0077s/iter; left time: 811.1213s
	iters: 800, epoch: 1 | loss: 0.2593710
	speed: 0.0074s/iter; left time: 786.4146s
	iters: 900, epoch: 1 | loss: 0.2904892
	speed: 0.0077s/iter; left time: 813.1161s
	iters: 1000, epoch: 1 | loss: 0.2329002
	speed: 0.0080s/iter; left time: 839.1420s
Epoch: 1 cost time: 8.273006439208984
Epoch: 1, Steps: 1064 | Train Loss: 0.3167187 Vali Loss: 0.1663328
Validation loss decreased (inf --> 0.166333).  Saving model ...
Updating learning rate to 0.0005
	iters: 100, epoch: 2 | loss: 0.3169094
	speed: 0.0235s/iter; left time: 2476.5284s
	iters: 200, epoch: 2 | loss: 0.1796534
	speed: 0.0077s/iter; left time: 807.6420s
	iters: 300, epoch: 2 | loss: 0.2325840
	speed: 0.0073s/iter; left time: 770.4316s
	iters: 400, epoch: 2 | loss: 0.3440282
	speed: 0.0077s/iter; left time: 812.9238s
	iters: 500, epoch: 2 | loss: 0.1718254
	speed: 0.0074s/iter; left time: 778.7012s
	iters: 600, epoch: 2 | loss: 0.1528690
	speed: 0.0075s/iter; left time: 781.6929s
	iters: 700, epoch: 2 | loss: 0.2387916
	speed: 0.0076s/iter; left time: 800.1785s
	iters: 800, epoch: 2 | loss: 0.3344590
	speed: 0.0077s/iter; left time: 803.5671s
	iters: 900, epoch: 2 | loss: 0.3950043
	speed: 0.0077s/iter; left time: 808.4842s
	iters: 1000, epoch: 2 | loss: 0.4639498
	speed: 0.0076s/iter; left time: 792.1186s
Epoch: 2 cost time: 8.063398599624634
Epoch: 2, Steps: 1064 | Train Loss: 0.2859574 Vali Loss: 0.1663271
Validation loss decreased (0.166333 --> 0.166327).  Saving model ...
Updating learning rate to 0.00025
	iters: 100, epoch: 3 | loss: 0.2254979
	speed: 0.0256s/iter; left time: 2663.2627s
	iters: 200, epoch: 3 | loss: 0.2359892
	speed: 0.0075s/iter; left time: 782.2953s
	iters: 300, epoch: 3 | loss: 0.1914423
	speed: 0.0078s/iter; left time: 811.8555s
	iters: 400, epoch: 3 | loss: 0.2230614
	speed: 0.0074s/iter; left time: 770.9646s
	iters: 500, epoch: 3 | loss: 0.1909990
	speed: 0.0081s/iter; left time: 836.6224s
	iters: 600, epoch: 3 | loss: 0.2162952
	speed: 0.0075s/iter; left time: 782.7189s
	iters: 700, epoch: 3 | loss: 0.1902338
	speed: 0.0075s/iter; left time: 778.4312s
	iters: 800, epoch: 3 | loss: 0.2069632
	speed: 0.0076s/iter; left time: 782.8904s
	iters: 900, epoch: 3 | loss: 0.2768768
	speed: 0.0076s/iter; left time: 785.9190s
	iters: 1000, epoch: 3 | loss: 0.1881718
	speed: 0.0074s/iter; left time: 762.5942s
Epoch: 3 cost time: 8.147173643112183
Epoch: 3, Steps: 1064 | Train Loss: 0.2698209 Vali Loss: 0.1794510
EarlyStopping counter: 1 out of 6
Updating learning rate to 0.000125
	iters: 100, epoch: 4 | loss: 0.3248702
	speed: 0.0253s/iter; left time: 2613.1977s
	iters: 200, epoch: 4 | loss: 0.2843773
	speed: 0.0076s/iter; left time: 781.5709s
	iters: 300, epoch: 4 | loss: 0.3585716
	speed: 0.0077s/iter; left time: 793.5677s
	iters: 400, epoch: 4 | loss: 0.2411405
	speed: 0.0074s/iter; left time: 761.5546s
	iters: 500, epoch: 4 | loss: 0.2411569
	speed: 0.0075s/iter; left time: 769.9232s
	iters: 600, epoch: 4 | loss: 0.2217555
	speed: 0.0084s/iter; left time: 860.1920s
	iters: 700, epoch: 4 | loss: 0.5559965
	speed: 0.0076s/iter; left time: 773.9602s
	iters: 800, epoch: 4 | loss: 0.2095805
	speed: 0.0075s/iter; left time: 771.4496s
	iters: 900, epoch: 4 | loss: 0.1544532
	speed: 0.0071s/iter; left time: 731.1585s
	iters: 1000, epoch: 4 | loss: 0.4013737
	speed: 0.0077s/iter; left time: 782.9205s
Epoch: 4 cost time: 8.097136974334717
Epoch: 4, Steps: 1064 | Train Loss: 0.2602458 Vali Loss: 0.1659052
Validation loss decreased (0.166327 --> 0.165905).  Saving model ...
Updating learning rate to 6.25e-05
	iters: 100, epoch: 5 | loss: 0.2142912
	speed: 0.0248s/iter; left time: 2529.0524s
	iters: 200, epoch: 5 | loss: 0.2119236
	speed: 0.0076s/iter; left time: 775.8636s
	iters: 300, epoch: 5 | loss: 0.1546433
	speed: 0.0076s/iter; left time: 775.2099s
	iters: 400, epoch: 5 | loss: 0.1992535
	speed: 0.0074s/iter; left time: 753.6543s
	iters: 500, epoch: 5 | loss: 0.3269264
	speed: 0.0076s/iter; left time: 769.3886s
	iters: 600, epoch: 5 | loss: 0.1725582
	speed: 0.0075s/iter; left time: 762.0114s
	iters: 700, epoch: 5 | loss: 0.4345720
	speed: 0.0073s/iter; left time: 744.5260s
	iters: 800, epoch: 5 | loss: 0.2891476
	speed: 0.0076s/iter; left time: 772.7910s
	iters: 900, epoch: 5 | loss: 0.1973792
	speed: 0.0074s/iter; left time: 745.0131s
	iters: 1000, epoch: 5 | loss: 0.2794077
	speed: 0.0075s/iter; left time: 763.1544s
Epoch: 5 cost time: 7.983966112136841
Epoch: 5, Steps: 1064 | Train Loss: 0.2547155 Vali Loss: 0.1695541
EarlyStopping counter: 1 out of 6
Updating learning rate to 3.125e-05
	iters: 100, epoch: 6 | loss: 0.2008817
	speed: 0.0238s/iter; left time: 2398.7138s
	iters: 200, epoch: 6 | loss: 0.2055339
	speed: 0.0075s/iter; left time: 760.6689s
	iters: 300, epoch: 6 | loss: 0.1743787
	speed: 0.0075s/iter; left time: 753.2690s
	iters: 400, epoch: 6 | loss: 0.2684874
	speed: 0.0079s/iter; left time: 798.3492s
	iters: 500, epoch: 6 | loss: 0.2311624
	speed: 0.0074s/iter; left time: 741.2635s
	iters: 600, epoch: 6 | loss: 0.2138647
	speed: 0.0074s/iter; left time: 742.1208s
	iters: 700, epoch: 6 | loss: 0.2267550
	speed: 0.0076s/iter; left time: 765.1065s
	iters: 800, epoch: 6 | loss: 0.1572547
	speed: 0.0078s/iter; left time: 777.3462s
	iters: 900, epoch: 6 | loss: 0.2832520
	speed: 0.0079s/iter; left time: 787.7215s
	iters: 1000, epoch: 6 | loss: 0.2238384
	speed: 0.0075s/iter; left time: 751.5295s
Epoch: 6 cost time: 8.089095115661621
Epoch: 6, Steps: 1064 | Train Loss: 0.2516347 Vali Loss: 0.1700348
EarlyStopping counter: 2 out of 6
Updating learning rate to 1.5625e-05
	iters: 100, epoch: 7 | loss: 0.2147346
	speed: 0.0239s/iter; left time: 2392.1507s
	iters: 200, epoch: 7 | loss: 0.1943465
	speed: 0.0076s/iter; left time: 761.1454s
	iters: 300, epoch: 7 | loss: 0.2040028
	speed: 0.0077s/iter; left time: 765.0883s
	iters: 400, epoch: 7 | loss: 0.1886045
	speed: 0.0076s/iter; left time: 758.2211s
	iters: 500, epoch: 7 | loss: 0.6312128
	speed: 0.0074s/iter; left time: 739.7347s
	iters: 600, epoch: 7 | loss: 0.3136089
	speed: 0.0074s/iter; left time: 739.6079s
	iters: 700, epoch: 7 | loss: 0.4204959
	speed: 0.0073s/iter; left time: 729.5285s
	iters: 800, epoch: 7 | loss: 0.1527295
	speed: 0.0077s/iter; left time: 765.3505s
	iters: 900, epoch: 7 | loss: 0.2462142
	speed: 0.0074s/iter; left time: 737.1695s
	iters: 1000, epoch: 7 | loss: 0.2042739
	speed: 0.0073s/iter; left time: 720.4374s
Epoch: 7 cost time: 7.969207048416138
Epoch: 7, Steps: 1064 | Train Loss: 0.2497378 Vali Loss: 0.1708399
EarlyStopping counter: 3 out of 6
Updating learning rate to 7.8125e-06
	iters: 100, epoch: 8 | loss: 0.1956256
	speed: 0.0242s/iter; left time: 2395.2007s
	iters: 200, epoch: 8 | loss: 0.3402802
	speed: 0.0077s/iter; left time: 761.4046s
	iters: 300, epoch: 8 | loss: 0.3737381
	speed: 0.0074s/iter; left time: 733.6593s
	iters: 400, epoch: 8 | loss: 0.1388800
	speed: 0.0074s/iter; left time: 725.4850s
	iters: 500, epoch: 8 | loss: 0.1926022
	speed: 0.0074s/iter; left time: 726.7014s
	iters: 600, epoch: 8 | loss: 0.1792213
	speed: 0.0076s/iter; left time: 745.5203s
	iters: 700, epoch: 8 | loss: 0.3389289
	speed: 0.0076s/iter; left time: 747.0151s
	iters: 800, epoch: 8 | loss: 0.3074850
	speed: 0.0077s/iter; left time: 760.0381s
	iters: 900, epoch: 8 | loss: 0.1949699
	speed: 0.0074s/iter; left time: 728.7587s
	iters: 1000, epoch: 8 | loss: 0.4064505
	speed: 0.0074s/iter; left time: 728.4646s
Epoch: 8 cost time: 7.975595951080322
Epoch: 8, Steps: 1064 | Train Loss: 0.2489958 Vali Loss: 0.1711189
EarlyStopping counter: 4 out of 6
Updating learning rate to 3.90625e-06
	iters: 100, epoch: 9 | loss: 0.2091638
	speed: 0.0238s/iter; left time: 2331.4579s
	iters: 200, epoch: 9 | loss: 0.3758212
	speed: 0.0074s/iter; left time: 726.7737s
	iters: 300, epoch: 9 | loss: 0.2702710
	speed: 0.0074s/iter; left time: 720.6295s
	iters: 400, epoch: 9 | loss: 0.1691535
	speed: 0.0074s/iter; left time: 718.0848s
	iters: 500, epoch: 9 | loss: 0.2260411
	speed: 0.0074s/iter; left time: 718.5004s
	iters: 600, epoch: 9 | loss: 0.3793251
	speed: 0.0075s/iter; left time: 731.4763s
	iters: 700, epoch: 9 | loss: 0.3649393
	speed: 0.0074s/iter; left time: 719.6020s
	iters: 800, epoch: 9 | loss: 0.2049205
	speed: 0.0072s/iter; left time: 698.5114s
	iters: 900, epoch: 9 | loss: 0.2028686
	speed: 0.0075s/iter; left time: 731.4374s
	iters: 1000, epoch: 9 | loss: 0.2820998
	speed: 0.0073s/iter; left time: 710.7663s
Epoch: 9 cost time: 7.909123420715332
Epoch: 9, Steps: 1064 | Train Loss: 0.2485250 Vali Loss: 0.1711042
EarlyStopping counter: 5 out of 6
Updating learning rate to 1.953125e-06
	iters: 100, epoch: 10 | loss: 0.6197553
	speed: 0.0237s/iter; left time: 2289.4091s
	iters: 200, epoch: 10 | loss: 0.3757188
	speed: 0.0073s/iter; left time: 704.7345s
	iters: 300, epoch: 10 | loss: 0.3375469
	speed: 0.0076s/iter; left time: 736.2756s
	iters: 400, epoch: 10 | loss: 0.2214022
	speed: 0.0073s/iter; left time: 704.4232s
	iters: 500, epoch: 10 | loss: 0.2199218
	speed: 0.0074s/iter; left time: 716.7512s
	iters: 600, epoch: 10 | loss: 0.2089355
	speed: 0.0077s/iter; left time: 739.0196s
	iters: 700, epoch: 10 | loss: 0.4472744
	speed: 0.0076s/iter; left time: 729.5521s
	iters: 800, epoch: 10 | loss: 0.2263766
	speed: 0.0077s/iter; left time: 744.1100s
	iters: 900, epoch: 10 | loss: 0.4912667
	speed: 0.0076s/iter; left time: 728.6963s
	iters: 1000, epoch: 10 | loss: 0.3330000
	speed: 0.0077s/iter; left time: 734.3350s
Epoch: 10 cost time: 8.043928384780884
Epoch: 10, Steps: 1064 | Train Loss: 0.2481865 Vali Loss: 0.1711013
EarlyStopping counter: 6 out of 6
Early stopping
VALIDATION_RESULT {"best_epoch": 4, "best_mae": 0.28260511121539866, "best_mse": 0.16590518477533173, "epochs_ran": 10, "metric_version": "element_weighted_v1", "train_duration_seconds": 93.75371115794405, "train_peak_cuda_memory_bytes": 361468928}
>>>>>>>testing : long_term_forecast_ETTm2_336_192_coreabl_ettm2_p192_no_patch_s2022_TimeRole_ETTm2_ftM_sl336_ll48_pl192_dm64_nh8_el1_dl1_df128_expand2_dc2_fc1_ebtimeF_dtTrue_coreabl_ettm2_p192_no_patch_s2022_0<<<<<<<<<<<<<<<<<<<<<<<<<<<<<<<<<
test 11329
EVALUATION_RESULT {"batches": 355, "elapsed_seconds": 1.260716054122895, "elements": 15226176, "gate_abs_mean": 0.13035492599010468, "gate_max": 0.009247686713933945, "gate_mean": -0.12771272659301758, "gate_min": -0.22254925966262817, "gate_values": [-0.22254925966262817, -0.21158672869205475, -0.05643346905708313, -0.20676079392433167, -0.06213173642754555, 0.009247686713933945, -0.1437748670578003], "mae": 0.3094054181263638, "memory_correction_mae": 0.07050953874826162, "memory_correction_rms": 0.14688440240910713, "metric_version": "element_weighted_v1", "milliseconds_per_batch": 3.551312828515197, "mse": 0.24652110026439703, "origin_count": 11329, "origin_metric_version": "per_forecast_origin_mean_v1", "origin_metrics_path": "/home/cwh/Time-Series-Library/logs/timerole_core_ablation/checkpoints/long_term_forecast_ETTm2_336_192_coreabl_ettm2_p192_no_patch_s2022_TimeRole_ETTm2_ftM_sl336_ll48_pl192_dm64_nh8_el1_dl1_df128_expand2_dc2_fc1_ebtimeF_dtTrue_coreabl_ettm2_p192_no_patch_s2022_0/test_origin_metrics.npz", "parameter_count": 1311149, "peak_cuda_memory_bytes": 137652736, "split": "test", "test_accessed": true, "timerole_intervention": "intact"}
mse:0.24652110026439703, mae:0.3094054181263638, dtw:Not calculated
