Using GPU
Args in experiment:
[1mBasic Config[0m
  Task Name:          long_term_forecast  Is Training:        1                   
  Model ID:           ETTm2_336_96_coreabl_ettm2_p96_no_mamba_s2023Model:              TimeRole            

[1mData Loader[0m
  Data:               ETTm2               Root Path:          /home/cwh/Time-Series-Library/dataset/ETT-small
  Data Path:          ETTm2.csv           Features:           M                   
  Target:             OT                  Freq:               h                   
  Checkpoints:        /home/cwh/Time-Series-Library/logs/timerole_core_ablation/checkpoints

[1mForecasting Task[0m
  Seq Len:            336                 Label Len:          48                  
  Pred Len:           96                  Seasonal Patterns:  Monthly             
  Inverse:            0                   

[1mModel Parameters[0m
  Top k:              5                   Num Kernels:        6                   
  Enc In:             7                   Dec In:             7                   
  C Out:              7                   d model:            64                  
  n heads:            8                   e layers:           1                   
  d layers:           1                   d FF:               128                 
  Moving Avg:         25                  Factor:             1                   
  Distil:             1                   Dropout:            0.1                 
  Embed:              timeF               Activation:         gelu                

[1mRun Parameters[0m
  Num Workers:        0                   Itr:                1                   
  Train Epochs:       100                 Batch Size:         32                  
  Patience:           6                   Learning Rate:      0.0005              
  Des:                coreabl_ettm2_p96_no_mamba_s2023Loss:               MSE                 
  Lradj:              type1               Use Amp:            0                   

[1mGPU[0m
  Use GPU:            1                   GPU:                0                   
  Use Multi GPU:      0                   Devices:            0,1,2,3             

[1mDe-stationary Projector Params[0m
  P Hidden Dims:      128, 128            P Hidden Layers:    2                   

Use GPU: cuda:0
🚀 Lazy Loading: TimeRole ...
[GraphMamba] Building 7x7 static graph from 2000 training samples
>>>>>>>start training : long_term_forecast_ETTm2_336_96_coreabl_ettm2_p96_no_mamba_s2023_TimeRole_ETTm2_ftM_sl336_ll48_pl96_dm64_nh8_el1_dl1_df128_expand2_dc2_fc1_ebtimeF_dtTrue_coreabl_ettm2_p96_no_mamba_s2023_0>>>>>>>>>>>>>>>>>>>>>>>>>>
train 34129
val 11425
	iters: 100, epoch: 1 | loss: 0.2072237
	speed: 0.0115s/iter; left time: 1224.0814s
	iters: 200, epoch: 1 | loss: 0.1290763
	speed: 0.0045s/iter; left time: 483.1281s
	iters: 300, epoch: 1 | loss: 0.4360082
	speed: 0.0043s/iter; left time: 462.6365s
	iters: 400, epoch: 1 | loss: 0.3073308
	speed: 0.0046s/iter; left time: 490.2237s
	iters: 500, epoch: 1 | loss: 0.2142847
	speed: 0.0047s/iter; left time: 502.1191s
	iters: 600, epoch: 1 | loss: 0.4630492
	speed: 0.0048s/iter; left time: 513.3737s
	iters: 700, epoch: 1 | loss: 0.1938842
	speed: 0.0043s/iter; left time: 452.6733s
	iters: 800, epoch: 1 | loss: 0.3331142
	speed: 0.0045s/iter; left time: 480.5403s
	iters: 900, epoch: 1 | loss: 0.1532194
	speed: 0.0048s/iter; left time: 507.3418s
	iters: 1000, epoch: 1 | loss: 0.1931447
	speed: 0.0046s/iter; left time: 486.4008s
Epoch: 1 cost time: 5.0320141315460205
Epoch: 1, Steps: 1067 | Train Loss: 0.2269588 Vali Loss: 0.1236297
Validation loss decreased (inf --> 0.123630).  Saving model ...
Updating learning rate to 0.0005
	iters: 100, epoch: 2 | loss: 0.1567015
	speed: 0.0159s/iter; left time: 1677.9943s
	iters: 200, epoch: 2 | loss: 0.1644880
	speed: 0.0047s/iter; left time: 495.0967s
	iters: 300, epoch: 2 | loss: 0.1739327
	speed: 0.0045s/iter; left time: 472.1969s
	iters: 400, epoch: 2 | loss: 0.2418749
	speed: 0.0044s/iter; left time: 460.8519s
	iters: 500, epoch: 2 | loss: 0.1624371
	speed: 0.0050s/iter; left time: 529.3870s
	iters: 600, epoch: 2 | loss: 0.1339326
	speed: 0.0048s/iter; left time: 508.8746s
	iters: 700, epoch: 2 | loss: 0.1558058
	speed: 0.0047s/iter; left time: 491.4160s
	iters: 800, epoch: 2 | loss: 0.2703041
	speed: 0.0043s/iter; left time: 454.9891s
	iters: 900, epoch: 2 | loss: 0.1674106
	speed: 0.0048s/iter; left time: 506.0458s
	iters: 1000, epoch: 2 | loss: 0.1263399
	speed: 0.0045s/iter; left time: 469.9597s
Epoch: 2 cost time: 4.965452432632446
Epoch: 2, Steps: 1067 | Train Loss: 0.2065041 Vali Loss: 0.1220084
Validation loss decreased (0.123630 --> 0.122008).  Saving model ...
Updating learning rate to 0.00025
	iters: 100, epoch: 3 | loss: 0.3674079
	speed: 0.0157s/iter; left time: 1641.9926s
	iters: 200, epoch: 3 | loss: 0.2310168
	speed: 0.0045s/iter; left time: 474.3828s
	iters: 300, epoch: 3 | loss: 0.1352291
	speed: 0.0046s/iter; left time: 483.8317s
	iters: 400, epoch: 3 | loss: 0.1175486
	speed: 0.0046s/iter; left time: 480.1085s
	iters: 500, epoch: 3 | loss: 0.1071618
	speed: 0.0046s/iter; left time: 483.1937s
	iters: 600, epoch: 3 | loss: 0.2343854
	speed: 0.0047s/iter; left time: 492.1333s
	iters: 700, epoch: 3 | loss: 0.1673776
	speed: 0.0045s/iter; left time: 467.1237s
	iters: 800, epoch: 3 | loss: 0.3079819
	speed: 0.0046s/iter; left time: 481.8559s
	iters: 900, epoch: 3 | loss: 0.1516577
	speed: 0.0046s/iter; left time: 478.9278s
	iters: 1000, epoch: 3 | loss: 0.1318450
	speed: 0.0048s/iter; left time: 501.1277s
Epoch: 3 cost time: 4.964276075363159
Epoch: 3, Steps: 1067 | Train Loss: 0.1992359 Vali Loss: 0.1206644
Validation loss decreased (0.122008 --> 0.120664).  Saving model ...
Updating learning rate to 0.000125
	iters: 100, epoch: 4 | loss: 0.1611309
	speed: 0.0156s/iter; left time: 1614.5383s
	iters: 200, epoch: 4 | loss: 0.2843145
	speed: 0.0045s/iter; left time: 462.3140s
	iters: 300, epoch: 4 | loss: 0.1744725
	speed: 0.0044s/iter; left time: 457.3729s
	iters: 400, epoch: 4 | loss: 0.1524787
	speed: 0.0043s/iter; left time: 439.4468s
	iters: 500, epoch: 4 | loss: 0.5363869
	speed: 0.0046s/iter; left time: 472.0751s
	iters: 600, epoch: 4 | loss: 0.1375005
	speed: 0.0045s/iter; left time: 460.1257s
	iters: 700, epoch: 4 | loss: 0.2930546
	speed: 0.0046s/iter; left time: 473.5244s
	iters: 800, epoch: 4 | loss: 0.0878197
	speed: 0.0045s/iter; left time: 464.0232s
	iters: 900, epoch: 4 | loss: 0.1409801
	speed: 0.0046s/iter; left time: 468.4155s
	iters: 1000, epoch: 4 | loss: 0.0977944
	speed: 0.0043s/iter; left time: 438.7513s
Epoch: 4 cost time: 4.79054856300354
Epoch: 4, Steps: 1067 | Train Loss: 0.1963458 Vali Loss: 0.1210760
EarlyStopping counter: 1 out of 6
Updating learning rate to 6.25e-05
	iters: 100, epoch: 5 | loss: 0.1110110
	speed: 0.0161s/iter; left time: 1643.3369s
	iters: 200, epoch: 5 | loss: 0.2717071
	speed: 0.0044s/iter; left time: 449.2937s
	iters: 300, epoch: 5 | loss: 0.1498187
	speed: 0.0044s/iter; left time: 449.4576s
	iters: 400, epoch: 5 | loss: 0.1139565
	speed: 0.0046s/iter; left time: 465.3698s
	iters: 500, epoch: 5 | loss: 0.2171388
	speed: 0.0047s/iter; left time: 483.0161s
	iters: 600, epoch: 5 | loss: 0.0996469
	speed: 0.0047s/iter; left time: 481.5670s
	iters: 700, epoch: 5 | loss: 0.2169265
	speed: 0.0045s/iter; left time: 456.2300s
	iters: 800, epoch: 5 | loss: 0.2239058
	speed: 0.0044s/iter; left time: 449.0588s
	iters: 900, epoch: 5 | loss: 0.2167122
	speed: 0.0047s/iter; left time: 472.6282s
	iters: 1000, epoch: 5 | loss: 0.1881976
	speed: 0.0046s/iter; left time: 463.5467s
Epoch: 5 cost time: 4.846135854721069
Epoch: 5, Steps: 1067 | Train Loss: 0.1946558 Vali Loss: 0.1218846
EarlyStopping counter: 2 out of 6
Updating learning rate to 3.125e-05
	iters: 100, epoch: 6 | loss: 0.3737171
	speed: 0.0154s/iter; left time: 1562.7398s
	iters: 200, epoch: 6 | loss: 0.1372879
	speed: 0.0044s/iter; left time: 444.8666s
	iters: 300, epoch: 6 | loss: 0.2627142
	speed: 0.0048s/iter; left time: 489.5618s
	iters: 400, epoch: 6 | loss: 0.2253300
	speed: 0.0044s/iter; left time: 445.5906s
	iters: 500, epoch: 6 | loss: 0.3438877
	speed: 0.0047s/iter; left time: 469.2368s
	iters: 600, epoch: 6 | loss: 0.1842494
	speed: 0.0044s/iter; left time: 443.5533s
	iters: 700, epoch: 6 | loss: 0.1513179
	speed: 0.0044s/iter; left time: 447.3571s
	iters: 800, epoch: 6 | loss: 0.1294533
	speed: 0.0045s/iter; left time: 448.6930s
	iters: 900, epoch: 6 | loss: 0.1278432
	speed: 0.0044s/iter; left time: 442.9913s
	iters: 1000, epoch: 6 | loss: 0.1613101
	speed: 0.0046s/iter; left time: 459.3912s
Epoch: 6 cost time: 4.795700550079346
Epoch: 6, Steps: 1067 | Train Loss: 0.1940233 Vali Loss: 0.1212964
EarlyStopping counter: 3 out of 6
Updating learning rate to 1.5625e-05
	iters: 100, epoch: 7 | loss: 0.1314876
	speed: 0.0154s/iter; left time: 1541.2502s
	iters: 200, epoch: 7 | loss: 0.2489434
	speed: 0.0046s/iter; left time: 461.0354s
	iters: 300, epoch: 7 | loss: 0.1915943
	speed: 0.0047s/iter; left time: 474.8779s
	iters: 400, epoch: 7 | loss: 0.1355303
	speed: 0.0046s/iter; left time: 459.2396s
	iters: 500, epoch: 7 | loss: 0.1428588
	speed: 0.0047s/iter; left time: 465.8208s
	iters: 600, epoch: 7 | loss: 0.3485724
	speed: 0.0045s/iter; left time: 448.6182s
	iters: 700, epoch: 7 | loss: 0.2543852
	speed: 0.0044s/iter; left time: 439.6521s
	iters: 800, epoch: 7 | loss: 0.1316721
	speed: 0.0045s/iter; left time: 447.7164s
	iters: 900, epoch: 7 | loss: 0.1029012
	speed: 0.0045s/iter; left time: 445.5293s
	iters: 1000, epoch: 7 | loss: 0.1620301
	speed: 0.0050s/iter; left time: 493.6465s
Epoch: 7 cost time: 4.979871988296509
Epoch: 7, Steps: 1067 | Train Loss: 0.1936502 Vali Loss: 0.1213380
EarlyStopping counter: 4 out of 6
Updating learning rate to 7.8125e-06
	iters: 100, epoch: 8 | loss: 0.1574774
	speed: 0.0161s/iter; left time: 1596.8471s
	iters: 200, epoch: 8 | loss: 0.1305452
	speed: 0.0048s/iter; left time: 471.5950s
	iters: 300, epoch: 8 | loss: 0.1484648
	speed: 0.0046s/iter; left time: 451.7317s
	iters: 400, epoch: 8 | loss: 0.1389288
	speed: 0.0044s/iter; left time: 431.4324s
	iters: 500, epoch: 8 | loss: 0.2033986
	speed: 0.0042s/iter; left time: 417.1873s
	iters: 600, epoch: 8 | loss: 0.1094216
	speed: 0.0048s/iter; left time: 468.9355s
	iters: 700, epoch: 8 | loss: 0.1092864
	speed: 0.0046s/iter; left time: 448.9567s
	iters: 800, epoch: 8 | loss: 0.1162821
	speed: 0.0045s/iter; left time: 440.8779s
	iters: 900, epoch: 8 | loss: 0.3243031
	speed: 0.0047s/iter; left time: 466.5637s
	iters: 1000, epoch: 8 | loss: 0.3514414
	speed: 0.0046s/iter; left time: 455.4796s
Epoch: 8 cost time: 4.866839647293091
Epoch: 8, Steps: 1067 | Train Loss: 0.1932017 Vali Loss: 0.1213553
EarlyStopping counter: 5 out of 6
Updating learning rate to 3.90625e-06
	iters: 100, epoch: 9 | loss: 0.2229050
	speed: 0.0153s/iter; left time: 1504.1393s
	iters: 200, epoch: 9 | loss: 0.1559805
	speed: 0.0046s/iter; left time: 446.5512s
	iters: 300, epoch: 9 | loss: 0.2005913
	speed: 0.0048s/iter; left time: 474.2982s
	iters: 400, epoch: 9 | loss: 0.1130740
	speed: 0.0046s/iter; left time: 446.6399s
	iters: 500, epoch: 9 | loss: 0.3546171
	speed: 0.0045s/iter; left time: 436.7323s
	iters: 600, epoch: 9 | loss: 0.2181558
	speed: 0.0044s/iter; left time: 428.1986s
	iters: 700, epoch: 9 | loss: 0.0991703
	speed: 0.0047s/iter; left time: 456.0355s
	iters: 800, epoch: 9 | loss: 0.1623150
	speed: 0.0043s/iter; left time: 422.0372s
	iters: 900, epoch: 9 | loss: 0.1222980
	speed: 0.0043s/iter; left time: 421.5137s
	iters: 1000, epoch: 9 | loss: 0.1205731
	speed: 0.0044s/iter; left time: 429.0358s
Epoch: 9 cost time: 4.778451204299927
Epoch: 9, Steps: 1067 | Train Loss: 0.1932161 Vali Loss: 0.1213861
EarlyStopping counter: 6 out of 6
Early stopping
VALIDATION_RESULT {"best_epoch": 3, "best_mae": 0.2398157820284733, "best_mse": 0.12066442400984084, "epochs_ran": 9, "metric_version": "element_weighted_v1", "train_duration_seconds": 52.68530447408557, "train_peak_cuda_memory_bytes": 121464832}
>>>>>>>testing : long_term_forecast_ETTm2_336_96_coreabl_ettm2_p96_no_mamba_s2023_TimeRole_ETTm2_ftM_sl336_ll48_pl96_dm64_nh8_el1_dl1_df128_expand2_dc2_fc1_ebtimeF_dtTrue_coreabl_ettm2_p96_no_mamba_s2023_0<<<<<<<<<<<<<<<<<<<<<<<<<<<<<<<<<
test 11425
EVALUATION_RESULT {"batches": 358, "elapsed_seconds": 0.9061574349179864, "elements": 7677600, "gate_abs_mean": 0.17299135029315948, "gate_max": 0.007760756183415651, "gate_mean": -0.17077398300170898, "gate_min": -0.2669428288936615, "gate_values": [-0.2669428288936615, -0.2631140649318695, -0.15127277374267578, -0.25653377175331116, -0.10362481325864792, 0.007760756183415651, -0.16169044375419617], "mae": 0.26261373493464474, "memory_correction_mae": 0.08706846187894042, "memory_correction_rms": 0.15674505164207594, "metric_version": "element_weighted_v1", "milliseconds_per_batch": 2.5311660193239844, "mse": 0.17399409041723213, "origin_count": 11425, "origin_metric_version": "per_forecast_origin_mean_v1", "origin_metrics_path": "/home/cwh/Time-Series-Library/logs/timerole_core_ablation/checkpoints/long_term_forecast_ETTm2_336_96_coreabl_ettm2_p96_no_mamba_s2023_TimeRole_ETTm2_ftM_sl336_ll48_pl96_dm64_nh8_el1_dl1_df128_expand2_dc2_fc1_ebtimeF_dtTrue_coreabl_ettm2_p96_no_mamba_s2023_0/test_origin_metrics.npz", "parameter_count": 909997, "peak_cuda_memory_bytes": 79688192, "split": "test", "test_accessed": true, "timerole_intervention": "intact"}
mse:0.17399409041723213, mae:0.26261373493464474, dtw:Not calculated
