Using GPU
Args in experiment:
[1mBasic Config[0m
  Task Name:          long_term_forecast  Is Training:        1                   
  Model ID:           ETTm2_336_336_coreabl_ettm2_p336_no_mamba_s2022Model:              TimeRole            

[1mData Loader[0m
  Data:               ETTm2               Root Path:          /home/cwh/Time-Series-Library/dataset/ETT-small
  Data Path:          ETTm2.csv           Features:           M                   
  Target:             OT                  Freq:               h                   
  Checkpoints:        /home/cwh/Time-Series-Library/logs/timerole_core_ablation/checkpoints

[1mForecasting Task[0m
  Seq Len:            336                 Label Len:          48                  
  Pred Len:           336                 Seasonal Patterns:  Monthly             
  Inverse:            0                   

[1mModel Parameters[0m
  Top k:              5                   Num Kernels:        6                   
  Enc In:             7                   Dec In:             7                   
  C Out:              7                   d model:            64                  
  n heads:            8                   e layers:           1                   
  d layers:           1                   d FF:               128                 
  Moving Avg:         25                  Factor:             1                   
  Distil:             1                   Dropout:            0.1                 
  Embed:              timeF               Activation:         gelu                

[1mRun Parameters[0m
  Num Workers:        0                   Itr:                1                   
  Train Epochs:       100                 Batch Size:         32                  
  Patience:           6                   Learning Rate:      0.0005              
  Des:                coreabl_ettm2_p336_no_mamba_s2022Loss:               MSE                 
  Lradj:              type1               Use Amp:            0                   

[1mGPU[0m
  Use GPU:            1                   GPU:                0                   
  Use Multi GPU:      0                   Devices:            0,1,2,3             

[1mDe-stationary Projector Params[0m
  P Hidden Dims:      128, 128            P Hidden Layers:    2                   

Use GPU: cuda:0
🚀 Lazy Loading: TimeRole ...
[GraphMamba] Building 7x7 static graph from 2000 training samples
>>>>>>>start training : long_term_forecast_ETTm2_336_336_coreabl_ettm2_p336_no_mamba_s2022_TimeRole_ETTm2_ftM_sl336_ll48_pl336_dm64_nh8_el1_dl1_df128_expand2_dc2_fc1_ebtimeF_dtTrue_coreabl_ettm2_p336_no_mamba_s2022_0>>>>>>>>>>>>>>>>>>>>>>>>>>
train 33889
val 11185
	iters: 100, epoch: 1 | loss: 0.8359308
	speed: 0.0121s/iter; left time: 1285.0084s
	iters: 200, epoch: 1 | loss: 0.5167066
	speed: 0.0055s/iter; left time: 578.6096s
	iters: 300, epoch: 1 | loss: 0.3654162
	speed: 0.0049s/iter; left time: 518.5055s
	iters: 400, epoch: 1 | loss: 0.3602838
	speed: 0.0050s/iter; left time: 525.1801s
	iters: 500, epoch: 1 | loss: 0.5929847
	speed: 0.0045s/iter; left time: 471.9278s
	iters: 600, epoch: 1 | loss: 0.2506439
	speed: 0.0048s/iter; left time: 503.8484s
	iters: 700, epoch: 1 | loss: 0.5553851
	speed: 0.0046s/iter; left time: 479.6580s
	iters: 800, epoch: 1 | loss: 0.2138601
	speed: 0.0045s/iter; left time: 477.3018s
	iters: 900, epoch: 1 | loss: 0.3813497
	speed: 0.0054s/iter; left time: 562.5676s
	iters: 1000, epoch: 1 | loss: 0.3459303
	speed: 0.0051s/iter; left time: 540.4851s
Epoch: 1 cost time: 5.380574464797974
Epoch: 1, Steps: 1060 | Train Loss: 0.4125019 Vali Loss: 0.2088057
Validation loss decreased (inf --> 0.208806).  Saving model ...
Updating learning rate to 0.0005
	iters: 100, epoch: 2 | loss: 0.3731625
	speed: 0.0166s/iter; left time: 1740.8576s
	iters: 200, epoch: 2 | loss: 0.6062922
	speed: 0.0047s/iter; left time: 490.1389s
	iters: 300, epoch: 2 | loss: 0.3456636
	speed: 0.0046s/iter; left time: 477.7935s
	iters: 400, epoch: 2 | loss: 0.6845613
	speed: 0.0045s/iter; left time: 467.7886s
	iters: 500, epoch: 2 | loss: 0.3169423
	speed: 0.0053s/iter; left time: 554.3079s
	iters: 600, epoch: 2 | loss: 0.2578432
	speed: 0.0051s/iter; left time: 531.2032s
	iters: 700, epoch: 2 | loss: 0.2389882
	speed: 0.0046s/iter; left time: 482.6849s
	iters: 800, epoch: 2 | loss: 0.2254726
	speed: 0.0046s/iter; left time: 483.4692s
	iters: 900, epoch: 2 | loss: 0.2244431
	speed: 0.0047s/iter; left time: 486.1999s
	iters: 1000, epoch: 2 | loss: 0.3241797
	speed: 0.0046s/iter; left time: 481.0120s
Epoch: 2 cost time: 5.070910215377808
Epoch: 2, Steps: 1060 | Train Loss: 0.3768708 Vali Loss: 0.2068830
Validation loss decreased (0.208806 --> 0.206883).  Saving model ...
Updating learning rate to 0.00025
	iters: 100, epoch: 3 | loss: 0.5142655
	speed: 0.0164s/iter; left time: 1703.9608s
	iters: 200, epoch: 3 | loss: 0.3917899
	speed: 0.0048s/iter; left time: 493.7387s
	iters: 300, epoch: 3 | loss: 0.6798924
	speed: 0.0044s/iter; left time: 452.9446s
	iters: 400, epoch: 3 | loss: 0.3602729
	speed: 0.0046s/iter; left time: 473.0145s
	iters: 500, epoch: 3 | loss: 0.5551601
	speed: 0.0046s/iter; left time: 474.3274s
	iters: 600, epoch: 3 | loss: 0.5692798
	speed: 0.0047s/iter; left time: 481.1319s
	iters: 700, epoch: 3 | loss: 0.2288389
	speed: 0.0047s/iter; left time: 480.5404s
	iters: 800, epoch: 3 | loss: 0.1795486
	speed: 0.0047s/iter; left time: 486.8135s
	iters: 900, epoch: 3 | loss: 0.2597261
	speed: 0.0045s/iter; left time: 462.8437s
	iters: 1000, epoch: 3 | loss: 0.2411879
	speed: 0.0046s/iter; left time: 476.8027s
Epoch: 3 cost time: 4.954911708831787
Epoch: 3, Steps: 1060 | Train Loss: 0.3647878 Vali Loss: 0.2048354
Validation loss decreased (0.206883 --> 0.204835).  Saving model ...
Updating learning rate to 0.000125
	iters: 100, epoch: 4 | loss: 0.2345993
	speed: 0.0167s/iter; left time: 1713.9633s
	iters: 200, epoch: 4 | loss: 0.6827929
	speed: 0.0048s/iter; left time: 487.4550s
	iters: 300, epoch: 4 | loss: 0.2635249
	speed: 0.0048s/iter; left time: 487.7285s
	iters: 400, epoch: 4 | loss: 0.2992262
	speed: 0.0047s/iter; left time: 481.0413s
	iters: 500, epoch: 4 | loss: 0.4380971
	speed: 0.0046s/iter; left time: 473.1750s
	iters: 600, epoch: 4 | loss: 0.3169913
	speed: 0.0045s/iter; left time: 462.4302s
	iters: 700, epoch: 4 | loss: 0.5558361
	speed: 0.0049s/iter; left time: 500.5792s
	iters: 800, epoch: 4 | loss: 0.2405728
	speed: 0.0049s/iter; left time: 504.0810s
	iters: 900, epoch: 4 | loss: 0.2799061
	speed: 0.0047s/iter; left time: 475.2000s
	iters: 1000, epoch: 4 | loss: 0.2147372
	speed: 0.0046s/iter; left time: 464.9081s
Epoch: 4 cost time: 5.0087361335754395
Epoch: 4, Steps: 1060 | Train Loss: 0.3597432 Vali Loss: 0.2052180
EarlyStopping counter: 1 out of 6
Updating learning rate to 6.25e-05
	iters: 100, epoch: 5 | loss: 0.4486564
	speed: 0.0158s/iter; left time: 1603.7201s
	iters: 200, epoch: 5 | loss: 0.2189549
	speed: 0.0047s/iter; left time: 480.0625s
	iters: 300, epoch: 5 | loss: 0.2249849
	speed: 0.0046s/iter; left time: 467.0460s
	iters: 400, epoch: 5 | loss: 1.2944422
	speed: 0.0049s/iter; left time: 494.7373s
	iters: 500, epoch: 5 | loss: 0.6151753
	speed: 0.0045s/iter; left time: 458.6513s
	iters: 600, epoch: 5 | loss: 0.3199086
	speed: 0.0046s/iter; left time: 460.6925s
	iters: 700, epoch: 5 | loss: 0.3373893
	speed: 0.0048s/iter; left time: 484.1601s
	iters: 800, epoch: 5 | loss: 0.3662607
	speed: 0.0047s/iter; left time: 475.3573s
	iters: 900, epoch: 5 | loss: 0.2261760
	speed: 0.0047s/iter; left time: 475.7048s
	iters: 1000, epoch: 5 | loss: 0.7376465
	speed: 0.0049s/iter; left time: 493.5833s
Epoch: 5 cost time: 4.990499496459961
Epoch: 5, Steps: 1060 | Train Loss: 0.3568212 Vali Loss: 0.2049753
EarlyStopping counter: 2 out of 6
Updating learning rate to 3.125e-05
	iters: 100, epoch: 6 | loss: 0.4122599
	speed: 0.0160s/iter; left time: 1613.0698s
	iters: 200, epoch: 6 | loss: 0.1840513
	speed: 0.0049s/iter; left time: 494.7411s
	iters: 300, epoch: 6 | loss: 0.5241672
	speed: 0.0047s/iter; left time: 474.4585s
	iters: 400, epoch: 6 | loss: 0.2775598
	speed: 0.0047s/iter; left time: 466.4323s
	iters: 500, epoch: 6 | loss: 0.2663824
	speed: 0.0045s/iter; left time: 449.8496s
	iters: 600, epoch: 6 | loss: 0.5384171
	speed: 0.0047s/iter; left time: 474.9295s
	iters: 700, epoch: 6 | loss: 0.4084550
	speed: 0.0044s/iter; left time: 439.9959s
	iters: 800, epoch: 6 | loss: 0.2023417
	speed: 0.0044s/iter; left time: 444.4705s
	iters: 900, epoch: 6 | loss: 0.2669915
	speed: 0.0047s/iter; left time: 472.4680s
	iters: 1000, epoch: 6 | loss: 0.4711272
	speed: 0.0052s/iter; left time: 514.5872s
Epoch: 6 cost time: 4.985047817230225
Epoch: 6, Steps: 1060 | Train Loss: 0.3554489 Vali Loss: 0.2054071
EarlyStopping counter: 3 out of 6
Updating learning rate to 1.5625e-05
	iters: 100, epoch: 7 | loss: 0.2586394
	speed: 0.0153s/iter; left time: 1524.5007s
	iters: 200, epoch: 7 | loss: 0.3577848
	speed: 0.0042s/iter; left time: 421.7486s
	iters: 300, epoch: 7 | loss: 0.3968333
	speed: 0.0045s/iter; left time: 445.3702s
	iters: 400, epoch: 7 | loss: 0.2199602
	speed: 0.0046s/iter; left time: 452.1115s
	iters: 500, epoch: 7 | loss: 0.2860025
	speed: 0.0046s/iter; left time: 457.2863s
	iters: 600, epoch: 7 | loss: 0.4477143
	speed: 0.0045s/iter; left time: 448.2494s
	iters: 700, epoch: 7 | loss: 0.5535282
	speed: 0.0045s/iter; left time: 449.8590s
	iters: 800, epoch: 7 | loss: 0.3636267
	speed: 0.0043s/iter; left time: 428.6721s
	iters: 900, epoch: 7 | loss: 0.3973002
	speed: 0.0044s/iter; left time: 430.8678s
	iters: 1000, epoch: 7 | loss: 0.5301943
	speed: 0.0045s/iter; left time: 443.2538s
Epoch: 7 cost time: 4.736483812332153
Epoch: 7, Steps: 1060 | Train Loss: 0.3547103 Vali Loss: 0.2057783
EarlyStopping counter: 4 out of 6
Updating learning rate to 7.8125e-06
	iters: 100, epoch: 8 | loss: 0.2628097
	speed: 0.0155s/iter; left time: 1523.9736s
	iters: 200, epoch: 8 | loss: 0.4447618
	speed: 0.0048s/iter; left time: 473.3953s
	iters: 300, epoch: 8 | loss: 0.2078767
	speed: 0.0047s/iter; left time: 465.7865s
	iters: 400, epoch: 8 | loss: 0.4392312
	speed: 0.0048s/iter; left time: 466.3674s
	iters: 500, epoch: 8 | loss: 0.2758667
	speed: 0.0046s/iter; left time: 448.0581s
	iters: 600, epoch: 8 | loss: 0.6057608
	speed: 0.0045s/iter; left time: 440.3048s
	iters: 700, epoch: 8 | loss: 0.3200877
	speed: 0.0043s/iter; left time: 422.7161s
	iters: 800, epoch: 8 | loss: 0.2702573
	speed: 0.0045s/iter; left time: 436.3507s
	iters: 900, epoch: 8 | loss: 0.2697541
	speed: 0.0044s/iter; left time: 432.1493s
	iters: 1000, epoch: 8 | loss: 0.2672306
	speed: 0.0044s/iter; left time: 425.0866s
Epoch: 8 cost time: 4.840324640274048
Epoch: 8, Steps: 1060 | Train Loss: 0.3546439 Vali Loss: 0.2059668
EarlyStopping counter: 5 out of 6
Updating learning rate to 3.90625e-06
	iters: 100, epoch: 9 | loss: 0.2168475
	speed: 0.0154s/iter; left time: 1501.6995s
	iters: 200, epoch: 9 | loss: 0.2284068
	speed: 0.0045s/iter; left time: 439.1813s
	iters: 300, epoch: 9 | loss: 0.1770375
	speed: 0.0046s/iter; left time: 447.6271s
	iters: 400, epoch: 9 | loss: 0.2622625
	speed: 0.0045s/iter; left time: 433.1695s
	iters: 500, epoch: 9 | loss: 0.3541693
	speed: 0.0044s/iter; left time: 425.9547s
	iters: 600, epoch: 9 | loss: 0.2219699
	speed: 0.0046s/iter; left time: 446.7147s
	iters: 700, epoch: 9 | loss: 0.3048634
	speed: 0.0044s/iter; left time: 426.8793s
	iters: 800, epoch: 9 | loss: 0.4064902
	speed: 0.0044s/iter; left time: 424.2942s
	iters: 900, epoch: 9 | loss: 0.4393234
	speed: 0.0044s/iter; left time: 422.3840s
	iters: 1000, epoch: 9 | loss: 0.4911694
	speed: 0.0048s/iter; left time: 464.6256s
Epoch: 9 cost time: 4.777261972427368
Epoch: 9, Steps: 1060 | Train Loss: 0.3549547 Vali Loss: 0.2061324
EarlyStopping counter: 6 out of 6
Early stopping
VALIDATION_RESULT {"best_epoch": 3, "best_mae": 0.31160602946886384, "best_mse": 0.20483536050999454, "epochs_ran": 9, "metric_version": "element_weighted_v1", "train_duration_seconds": 53.74596251780167, "train_peak_cuda_memory_bytes": 149736960}
>>>>>>>testing : long_term_forecast_ETTm2_336_336_coreabl_ettm2_p336_no_mamba_s2022_TimeRole_ETTm2_ftM_sl336_ll48_pl336_dm64_nh8_el1_dl1_df128_expand2_dc2_fc1_ebtimeF_dtTrue_coreabl_ettm2_p336_no_mamba_s2022_0<<<<<<<<<<<<<<<<<<<<<<<<<<<<<<<<<
test 11185
EVALUATION_RESULT {"batches": 350, "elapsed_seconds": 0.900706185027957, "elements": 26307120, "gate_abs_mean": 0.1310986429452896, "gate_max": 0.009905166923999786, "gate_mean": -0.12826859951019287, "gate_min": -0.2245851308107376, "gate_values": [-0.2245851308107376, -0.21670058369636536, -0.06824760138988495, -0.1785239428281784, -0.06658052653074265, 0.009905166923999786, -0.1531475931406021], "mae": 0.3326883559633167, "memory_correction_mae": 0.09598892419470233, "memory_correction_rms": 0.19031264168621093, "metric_version": "element_weighted_v1", "milliseconds_per_batch": 2.57344624293702, "mse": 0.28409394347074873, "origin_count": 11185, "origin_metric_version": "per_forecast_origin_mean_v1", "origin_metrics_path": "/home/cwh/Time-Series-Library/logs/timerole_core_ablation/checkpoints/long_term_forecast_ETTm2_336_336_coreabl_ettm2_p336_no_mamba_s2022_TimeRole_ETTm2_ftM_sl336_ll48_pl336_dm64_nh8_el1_dl1_df128_expand2_dc2_fc1_ebtimeF_dtTrue_coreabl_ettm2_p336_no_mamba_s2022_0/test_origin_metrics.npz", "parameter_count": 3153037, "peak_cuda_memory_bytes": 98146816, "split": "test", "test_accessed": true, "timerole_intervention": "intact"}
mse:0.28409394347074873, mae:0.3326883559633167, dtw:Not calculated
