Using GPU
Args in experiment:
[1mBasic Config[0m
  Task Name:          long_term_forecast  Is Training:        1                   
  Model ID:           ETTm1_336_192_coreabl_ettm1_p192_no_patch_s2021Model:              TimeRole            

[1mData Loader[0m
  Data:               ETTm1               Root Path:          /home/cwh/Time-Series-Library/dataset/ETT-small
  Data Path:          ETTm1.csv           Features:           M                   
  Target:             OT                  Freq:               h                   
  Checkpoints:        /home/cwh/Time-Series-Library/logs/timerole_core_ablation/checkpoints

[1mForecasting Task[0m
  Seq Len:            336                 Label Len:          48                  
  Pred Len:           192                 Seasonal Patterns:  Monthly             
  Inverse:            0                   

[1mModel Parameters[0m
  Top k:              5                   Num Kernels:        6                   
  Enc In:             7                   Dec In:             7                   
  C Out:              7                   d model:            64                  
  n heads:            8                   e layers:           1                   
  d layers:           1                   d FF:               128                 
  Moving Avg:         25                  Factor:             1                   
  Distil:             1                   Dropout:            0.1                 
  Embed:              timeF               Activation:         gelu                

[1mRun Parameters[0m
  Num Workers:        0                   Itr:                1                   
  Train Epochs:       100                 Batch Size:         32                  
  Patience:           6                   Learning Rate:      0.0005              
  Des:                coreabl_ettm1_p192_no_patch_s2021Loss:               MSE                 
  Lradj:              type1               Use Amp:            0                   

[1mGPU[0m
  Use GPU:            1                   GPU:                0                   
  Use Multi GPU:      0                   Devices:            0,1,2,3             

[1mDe-stationary Projector Params[0m
  P Hidden Dims:      128, 128            P Hidden Layers:    2                   

Use GPU: cuda:0
🚀 Lazy Loading: TimeRole ...
[GraphMamba] Building 7x7 static graph from 2000 training samples
>>>>>>>start training : long_term_forecast_ETTm1_336_192_coreabl_ettm1_p192_no_patch_s2021_TimeRole_ETTm1_ftM_sl336_ll48_pl192_dm64_nh8_el1_dl1_df128_expand2_dc2_fc1_ebtimeF_dtTrue_coreabl_ettm1_p192_no_patch_s2021_0>>>>>>>>>>>>>>>>>>>>>>>>>>
train 34033
val 11329
	iters: 100, epoch: 1 | loss: 0.3447541
	speed: 0.0101s/iter; left time: 1075.4502s
	iters: 200, epoch: 1 | loss: 0.2938769
	speed: 0.0073s/iter; left time: 772.5692s
	iters: 300, epoch: 1 | loss: 0.3176715
	speed: 0.0073s/iter; left time: 777.5924s
	iters: 400, epoch: 1 | loss: 0.3027009
	speed: 0.0076s/iter; left time: 802.2198s
	iters: 500, epoch: 1 | loss: 0.3326250
	speed: 0.0074s/iter; left time: 785.4293s
	iters: 600, epoch: 1 | loss: 0.3063079
	speed: 0.0074s/iter; left time: 778.2154s
	iters: 700, epoch: 1 | loss: 0.3319322
	speed: 0.0076s/iter; left time: 802.6262s
	iters: 800, epoch: 1 | loss: 0.3151754
	speed: 0.0074s/iter; left time: 780.4277s
	iters: 900, epoch: 1 | loss: 0.3825827
	speed: 0.0075s/iter; left time: 789.1949s
	iters: 1000, epoch: 1 | loss: 0.3128765
	speed: 0.0074s/iter; left time: 775.0764s
Epoch: 1 cost time: 8.182599306106567
Epoch: 1, Steps: 1064 | Train Loss: 0.3343712 Vali Loss: 0.4998408
Validation loss decreased (inf --> 0.499841).  Saving model ...
Updating learning rate to 0.0005
	iters: 100, epoch: 2 | loss: 0.3041305
	speed: 0.0238s/iter; left time: 2508.2041s
	iters: 200, epoch: 2 | loss: 0.2683464
	speed: 0.0072s/iter; left time: 759.7149s
	iters: 300, epoch: 2 | loss: 0.3206906
	speed: 0.0074s/iter; left time: 782.0625s
	iters: 400, epoch: 2 | loss: 0.2975400
	speed: 0.0076s/iter; left time: 795.5960s
	iters: 500, epoch: 2 | loss: 0.4213306
	speed: 0.0075s/iter; left time: 784.1557s
	iters: 600, epoch: 2 | loss: 0.3368088
	speed: 0.0077s/iter; left time: 801.7626s
	iters: 700, epoch: 2 | loss: 0.2700849
	speed: 0.0074s/iter; left time: 771.0310s
	iters: 800, epoch: 2 | loss: 0.2585941
	speed: 0.0075s/iter; left time: 783.9500s
	iters: 900, epoch: 2 | loss: 0.2643942
	speed: 0.0075s/iter; left time: 779.8426s
	iters: 1000, epoch: 2 | loss: 0.2418405
	speed: 0.0072s/iter; left time: 750.0165s
Epoch: 2 cost time: 7.887798309326172
Epoch: 2, Steps: 1064 | Train Loss: 0.2944415 Vali Loss: 0.4849149
Validation loss decreased (0.499841 --> 0.484915).  Saving model ...
Updating learning rate to 0.00025
	iters: 100, epoch: 3 | loss: 0.2914360
	speed: 0.0234s/iter; left time: 2440.2075s
	iters: 200, epoch: 3 | loss: 0.3019800
	speed: 0.0074s/iter; left time: 774.7229s
	iters: 300, epoch: 3 | loss: 0.2699390
	speed: 0.0074s/iter; left time: 767.1127s
	iters: 400, epoch: 3 | loss: 0.2832268
	speed: 0.0075s/iter; left time: 779.7090s
	iters: 500, epoch: 3 | loss: 0.2815236
	speed: 0.0073s/iter; left time: 761.1490s
	iters: 600, epoch: 3 | loss: 0.2339254
	speed: 0.0073s/iter; left time: 755.8830s
	iters: 700, epoch: 3 | loss: 0.2565821
	speed: 0.0074s/iter; left time: 765.1739s
	iters: 800, epoch: 3 | loss: 0.2751218
	speed: 0.0075s/iter; left time: 771.5245s
	iters: 900, epoch: 3 | loss: 0.2779356
	speed: 0.0074s/iter; left time: 761.2103s
	iters: 1000, epoch: 3 | loss: 0.2621381
	speed: 0.0075s/iter; left time: 769.7166s
Epoch: 3 cost time: 7.886209011077881
Epoch: 3, Steps: 1064 | Train Loss: 0.2830900 Vali Loss: 0.4835203
Validation loss decreased (0.484915 --> 0.483520).  Saving model ...
Updating learning rate to 0.000125
	iters: 100, epoch: 4 | loss: 0.2962061
	speed: 0.0233s/iter; left time: 2407.3599s
	iters: 200, epoch: 4 | loss: 0.2650644
	speed: 0.0073s/iter; left time: 753.6443s
	iters: 300, epoch: 4 | loss: 0.2523102
	speed: 0.0074s/iter; left time: 761.0305s
	iters: 400, epoch: 4 | loss: 0.2632306
	speed: 0.0074s/iter; left time: 765.7245s
	iters: 500, epoch: 4 | loss: 0.2434983
	speed: 0.0075s/iter; left time: 770.6180s
	iters: 600, epoch: 4 | loss: 0.3186858
	speed: 0.0073s/iter; left time: 753.4566s
	iters: 700, epoch: 4 | loss: 0.2258783
	speed: 0.0075s/iter; left time: 772.9508s
	iters: 800, epoch: 4 | loss: 0.3509172
	speed: 0.0072s/iter; left time: 739.0916s
	iters: 900, epoch: 4 | loss: 0.2687363
	speed: 0.0077s/iter; left time: 792.3953s
	iters: 1000, epoch: 4 | loss: 0.2278523
	speed: 0.0074s/iter; left time: 758.1357s
Epoch: 4 cost time: 7.875656843185425
Epoch: 4, Steps: 1064 | Train Loss: 0.2766016 Vali Loss: 0.4811005
Validation loss decreased (0.483520 --> 0.481100).  Saving model ...
Updating learning rate to 6.25e-05
	iters: 100, epoch: 5 | loss: 0.2860404
	speed: 0.0234s/iter; left time: 2392.2867s
	iters: 200, epoch: 5 | loss: 0.2106672
	speed: 0.0074s/iter; left time: 757.0610s
	iters: 300, epoch: 5 | loss: 0.2335712
	speed: 0.0075s/iter; left time: 762.8521s
	iters: 400, epoch: 5 | loss: 0.2672651
	speed: 0.0074s/iter; left time: 757.6528s
	iters: 500, epoch: 5 | loss: 0.3146116
	speed: 0.0074s/iter; left time: 754.4590s
	iters: 600, epoch: 5 | loss: 0.2515977
	speed: 0.0072s/iter; left time: 732.9025s
	iters: 700, epoch: 5 | loss: 0.2911218
	speed: 0.0074s/iter; left time: 748.7762s
	iters: 800, epoch: 5 | loss: 0.2793692
	speed: 0.0076s/iter; left time: 767.7081s
	iters: 900, epoch: 5 | loss: 0.2590041
	speed: 0.0073s/iter; left time: 743.2918s
	iters: 1000, epoch: 5 | loss: 0.2264967
	speed: 0.0073s/iter; left time: 742.9165s
Epoch: 5 cost time: 7.855801582336426
Epoch: 5, Steps: 1064 | Train Loss: 0.2725766 Vali Loss: 0.4797682
Validation loss decreased (0.481100 --> 0.479768).  Saving model ...
Updating learning rate to 3.125e-05
	iters: 100, epoch: 6 | loss: 0.2541889
	speed: 0.0231s/iter; left time: 2337.6435s
	iters: 200, epoch: 6 | loss: 0.3026738
	speed: 0.0077s/iter; left time: 779.5333s
	iters: 300, epoch: 6 | loss: 0.2857658
	speed: 0.0075s/iter; left time: 758.8665s
	iters: 400, epoch: 6 | loss: 0.2230763
	speed: 0.0074s/iter; left time: 748.5131s
	iters: 500, epoch: 6 | loss: 0.2760663
	speed: 0.0074s/iter; left time: 742.5165s
	iters: 600, epoch: 6 | loss: 0.3130499
	speed: 0.0073s/iter; left time: 735.0774s
	iters: 700, epoch: 6 | loss: 0.3559152
	speed: 0.0077s/iter; left time: 768.3573s
	iters: 800, epoch: 6 | loss: 0.2077710
	speed: 0.0076s/iter; left time: 759.0886s
	iters: 900, epoch: 6 | loss: 0.2468476
	speed: 0.0076s/iter; left time: 756.7763s
	iters: 1000, epoch: 6 | loss: 0.3042884
	speed: 0.0074s/iter; left time: 744.8689s
Epoch: 6 cost time: 7.9879631996154785
Epoch: 6, Steps: 1064 | Train Loss: 0.2701465 Vali Loss: 0.4825322
EarlyStopping counter: 1 out of 6
Updating learning rate to 1.5625e-05
	iters: 100, epoch: 7 | loss: 0.2380096
	speed: 0.0231s/iter; left time: 2311.1552s
	iters: 200, epoch: 7 | loss: 0.2835237
	speed: 0.0075s/iter; left time: 753.2586s
	iters: 300, epoch: 7 | loss: 0.2512871
	speed: 0.0074s/iter; left time: 740.5479s
	iters: 400, epoch: 7 | loss: 0.2971174
	speed: 0.0075s/iter; left time: 751.1352s
	iters: 500, epoch: 7 | loss: 0.2449626
	speed: 0.0073s/iter; left time: 723.9695s
	iters: 600, epoch: 7 | loss: 0.2451572
	speed: 0.0074s/iter; left time: 732.5134s
	iters: 700, epoch: 7 | loss: 0.3521812
	speed: 0.0075s/iter; left time: 747.8056s
	iters: 800, epoch: 7 | loss: 0.2606737
	speed: 0.0077s/iter; left time: 768.1328s
	iters: 900, epoch: 7 | loss: 0.2656945
	speed: 0.0074s/iter; left time: 736.3947s
	iters: 1000, epoch: 7 | loss: 0.2233500
	speed: 0.0075s/iter; left time: 742.0033s
Epoch: 7 cost time: 7.945153474807739
Epoch: 7, Steps: 1064 | Train Loss: 0.2688724 Vali Loss: 0.4828652
EarlyStopping counter: 2 out of 6
Updating learning rate to 7.8125e-06
	iters: 100, epoch: 8 | loss: 0.2429432
	speed: 0.0242s/iter; left time: 2392.9040s
	iters: 200, epoch: 8 | loss: 0.2786550
	speed: 0.0075s/iter; left time: 745.3001s
	iters: 300, epoch: 8 | loss: 0.2385881
	speed: 0.0071s/iter; left time: 702.0463s
	iters: 400, epoch: 8 | loss: 0.2775913
	speed: 0.0073s/iter; left time: 722.2887s
	iters: 500, epoch: 8 | loss: 0.2643384
	speed: 0.0075s/iter; left time: 735.4953s
	iters: 600, epoch: 8 | loss: 0.2435160
	speed: 0.0075s/iter; left time: 732.8376s
	iters: 700, epoch: 8 | loss: 0.3076632
	speed: 0.0077s/iter; left time: 752.0544s
	iters: 800, epoch: 8 | loss: 0.2494699
	speed: 0.0075s/iter; left time: 737.9571s
	iters: 900, epoch: 8 | loss: 0.2959567
	speed: 0.0078s/iter; left time: 760.5362s
	iters: 1000, epoch: 8 | loss: 0.2588353
	speed: 0.0077s/iter; left time: 758.4931s
Epoch: 8 cost time: 7.9936370849609375
Epoch: 8, Steps: 1064 | Train Loss: 0.2682672 Vali Loss: 0.4825107
EarlyStopping counter: 3 out of 6
Updating learning rate to 3.90625e-06
	iters: 100, epoch: 9 | loss: 0.2593263
	speed: 0.0249s/iter; left time: 2435.1925s
	iters: 200, epoch: 9 | loss: 0.2505584
	speed: 0.0074s/iter; left time: 719.7606s
	iters: 300, epoch: 9 | loss: 0.2516583
	speed: 0.0073s/iter; left time: 715.5394s
	iters: 400, epoch: 9 | loss: 0.2765228
	speed: 0.0075s/iter; left time: 730.7937s
	iters: 500, epoch: 9 | loss: 0.2864859
	speed: 0.0078s/iter; left time: 762.8554s
	iters: 600, epoch: 9 | loss: 0.2318545
	speed: 0.0077s/iter; left time: 753.6092s
	iters: 700, epoch: 9 | loss: 0.2912691
	speed: 0.0073s/iter; left time: 713.9940s
	iters: 800, epoch: 9 | loss: 0.2551131
	speed: 0.0075s/iter; left time: 727.5001s
	iters: 900, epoch: 9 | loss: 0.2544540
	speed: 0.0080s/iter; left time: 771.2203s
	iters: 1000, epoch: 9 | loss: 0.2892878
	speed: 0.0075s/iter; left time: 730.1836s
Epoch: 9 cost time: 8.106598377227783
Epoch: 9, Steps: 1064 | Train Loss: 0.2679738 Vali Loss: 0.4827094
EarlyStopping counter: 4 out of 6
Updating learning rate to 1.953125e-06
	iters: 100, epoch: 10 | loss: 0.2725921
	speed: 0.0243s/iter; left time: 2347.0548s
	iters: 200, epoch: 10 | loss: 0.2729775
	speed: 0.0076s/iter; left time: 738.1958s
	iters: 300, epoch: 10 | loss: 0.2545918
	speed: 0.0075s/iter; left time: 722.7210s
	iters: 400, epoch: 10 | loss: 0.2552264
	speed: 0.0076s/iter; left time: 735.6678s
	iters: 500, epoch: 10 | loss: 0.2273133
	speed: 0.0076s/iter; left time: 732.4515s
	iters: 600, epoch: 10 | loss: 0.2324283
	speed: 0.0077s/iter; left time: 737.3953s
	iters: 700, epoch: 10 | loss: 0.3208003
	speed: 0.0075s/iter; left time: 719.0188s
	iters: 800, epoch: 10 | loss: 0.3045432
	speed: 0.0075s/iter; left time: 720.6925s
	iters: 900, epoch: 10 | loss: 0.2374573
	speed: 0.0075s/iter; left time: 714.6796s
	iters: 1000, epoch: 10 | loss: 0.2632709
	speed: 0.0076s/iter; left time: 724.5440s
Epoch: 10 cost time: 8.020491361618042
Epoch: 10, Steps: 1064 | Train Loss: 0.2676957 Vali Loss: 0.4827686
EarlyStopping counter: 5 out of 6
Updating learning rate to 9.765625e-07
	iters: 100, epoch: 11 | loss: 0.2952722
	speed: 0.0239s/iter; left time: 2282.2153s
	iters: 200, epoch: 11 | loss: 0.3254984
	speed: 0.0077s/iter; left time: 732.0192s
	iters: 300, epoch: 11 | loss: 0.2524301
	speed: 0.0075s/iter; left time: 714.8646s
	iters: 400, epoch: 11 | loss: 0.2283160
	speed: 0.0076s/iter; left time: 727.8004s
	iters: 500, epoch: 11 | loss: 0.2330975
	speed: 0.0075s/iter; left time: 712.6653s
	iters: 600, epoch: 11 | loss: 0.3201378
	speed: 0.0075s/iter; left time: 717.5776s
	iters: 700, epoch: 11 | loss: 0.2396157
	speed: 0.0074s/iter; left time: 701.9989s
	iters: 800, epoch: 11 | loss: 0.2553525
	speed: 0.0076s/iter; left time: 719.8964s
	iters: 900, epoch: 11 | loss: 0.2738299
	speed: 0.0079s/iter; left time: 746.9572s
	iters: 1000, epoch: 11 | loss: 0.2537967
	speed: 0.0076s/iter; left time: 720.4881s
Epoch: 11 cost time: 8.07276177406311
Epoch: 11, Steps: 1064 | Train Loss: 0.2675763 Vali Loss: 0.4827280
EarlyStopping counter: 6 out of 6
Early stopping
VALIDATION_RESULT {"best_epoch": 5, "best_mae": 0.4622523449491133, "best_mse": 0.4797681902709096, "epochs_ran": 11, "metric_version": "element_weighted_v1", "train_duration_seconds": 101.77979242987931, "train_peak_cuda_memory_bytes": 361468928}
>>>>>>>testing : long_term_forecast_ETTm1_336_192_coreabl_ettm1_p192_no_patch_s2021_TimeRole_ETTm1_ftM_sl336_ll48_pl192_dm64_nh8_el1_dl1_df128_expand2_dc2_fc1_ebtimeF_dtTrue_coreabl_ettm1_p192_no_patch_s2021_0<<<<<<<<<<<<<<<<<<<<<<<<<<<<<<<<<
test 11329
EVALUATION_RESULT {"batches": 355, "elapsed_seconds": 1.3053457587957382, "elements": 15226176, "gate_abs_mean": 0.19558122754096985, "gate_max": -0.1008889451622963, "gate_mean": -0.19558122754096985, "gate_min": -0.268640398979187, "gate_values": [-0.26095420122146606, -0.1761309802532196, -0.268640398979187, -0.17373764514923096, -0.19412772357463837, -0.1008889451622963, -0.19458863139152527], "mae": 0.37516612392960264, "memory_correction_mae": 0.18998983326750105, "memory_correction_rms": 0.3156261767034838, "metric_version": "element_weighted_v1", "milliseconds_per_batch": 3.677030306466868, "mse": 0.3339662838121676, "origin_count": 11329, "origin_metric_version": "per_forecast_origin_mean_v1", "origin_metrics_path": "/home/cwh/Time-Series-Library/logs/timerole_core_ablation/checkpoints/long_term_forecast_ETTm1_336_192_coreabl_ettm1_p192_no_patch_s2021_TimeRole_ETTm1_ftM_sl336_ll48_pl192_dm64_nh8_el1_dl1_df128_expand2_dc2_fc1_ebtimeF_dtTrue_coreabl_ettm1_p192_no_patch_s2021_0/test_origin_metrics.npz", "parameter_count": 1311149, "peak_cuda_memory_bytes": 137652736, "split": "test", "test_accessed": true, "timerole_intervention": "intact"}
mse:0.3339662838121676, mae:0.37516612392960264, dtw:Not calculated
