Using GPU
Args in experiment:
[1mBasic Config[0m
  Task Name:          long_term_forecast  Is Training:        1                   
  Model ID:           ETTm2_336_96_coreabl_ettm2_p96_no_graph_s2021Model:              TimeRole            

[1mData Loader[0m
  Data:               ETTm2               Root Path:          /home/cwh/Time-Series-Library/dataset/ETT-small
  Data Path:          ETTm2.csv           Features:           M                   
  Target:             OT                  Freq:               h                   
  Checkpoints:        /home/cwh/Time-Series-Library/logs/timerole_core_ablation/checkpoints

[1mForecasting Task[0m
  Seq Len:            336                 Label Len:          48                  
  Pred Len:           96                  Seasonal Patterns:  Monthly             
  Inverse:            0                   

[1mModel Parameters[0m
  Top k:              5                   Num Kernels:        6                   
  Enc In:             7                   Dec In:             7                   
  C Out:              7                   d model:            64                  
  n heads:            8                   e layers:           1                   
  d layers:           1                   d FF:               128                 
  Moving Avg:         25                  Factor:             1                   
  Distil:             1                   Dropout:            0.1                 
  Embed:              timeF               Activation:         gelu                

[1mRun Parameters[0m
  Num Workers:        0                   Itr:                1                   
  Train Epochs:       100                 Batch Size:         32                  
  Patience:           6                   Learning Rate:      0.0005              
  Des:                coreabl_ettm2_p96_no_graph_s2021Loss:               MSE                 
  Lradj:              type1               Use Amp:            0                   

[1mGPU[0m
  Use GPU:            1                   GPU:                0                   
  Use Multi GPU:      0                   Devices:            0,1,2,3             

[1mDe-stationary Projector Params[0m
  P Hidden Dims:      128, 128            P Hidden Layers:    2                   

Use GPU: cuda:0
🚀 Lazy Loading: TimeRole ...
>>>>>>>start training : long_term_forecast_ETTm2_336_96_coreabl_ettm2_p96_no_graph_s2021_TimeRole_ETTm2_ftM_sl336_ll48_pl96_dm64_nh8_el1_dl1_df128_expand2_dc2_fc1_ebtimeF_dtTrue_coreabl_ettm2_p96_no_graph_s2021_0>>>>>>>>>>>>>>>>>>>>>>>>>>
train 34129
val 11425
	iters: 100, epoch: 1 | loss: 0.3311417
	speed: 0.0123s/iter; left time: 1314.9737s
	iters: 200, epoch: 1 | loss: 0.3843130
	speed: 0.0106s/iter; left time: 1132.4550s
	iters: 300, epoch: 1 | loss: 0.2239825
	speed: 0.0108s/iter; left time: 1146.7152s
	iters: 400, epoch: 1 | loss: 0.2615085
	speed: 0.0104s/iter; left time: 1102.0420s
	iters: 500, epoch: 1 | loss: 0.2641620
	speed: 0.0105s/iter; left time: 1110.4004s
	iters: 600, epoch: 1 | loss: 0.2561624
	speed: 0.0101s/iter; left time: 1069.5230s
	iters: 700, epoch: 1 | loss: 0.1263738
	speed: 0.0103s/iter; left time: 1092.2667s
	iters: 800, epoch: 1 | loss: 0.1668214
	speed: 0.0101s/iter; left time: 1064.5337s
	iters: 900, epoch: 1 | loss: 0.1598036
	speed: 0.0102s/iter; left time: 1078.3254s
	iters: 1000, epoch: 1 | loss: 0.1491054
	speed: 0.0100s/iter; left time: 1058.2403s
Epoch: 1 cost time: 11.222212076187134
Epoch: 1, Steps: 1067 | Train Loss: 0.2525503 Vali Loss: 0.1294115
Validation loss decreased (inf --> 0.129412).  Saving model ...
Updating learning rate to 0.0005
	iters: 100, epoch: 2 | loss: 0.1648602
	speed: 0.0326s/iter; left time: 3444.7615s
	iters: 200, epoch: 2 | loss: 0.1716196
	speed: 0.0101s/iter; left time: 1068.4547s
	iters: 300, epoch: 2 | loss: 0.2794570
	speed: 0.0105s/iter; left time: 1105.3485s
	iters: 400, epoch: 2 | loss: 0.1015315
	speed: 0.0107s/iter; left time: 1125.9232s
	iters: 500, epoch: 2 | loss: 0.1578666
	speed: 0.0101s/iter; left time: 1061.0478s
	iters: 600, epoch: 2 | loss: 0.1736615
	speed: 0.0102s/iter; left time: 1072.0983s
	iters: 700, epoch: 2 | loss: 0.2762521
	speed: 0.0102s/iter; left time: 1072.2529s
	iters: 800, epoch: 2 | loss: 0.1037743
	speed: 0.0101s/iter; left time: 1059.4353s
	iters: 900, epoch: 2 | loss: 0.1855761
	speed: 0.0101s/iter; left time: 1062.5588s
	iters: 1000, epoch: 2 | loss: 0.1823407
	speed: 0.0102s/iter; left time: 1070.5844s
Epoch: 2 cost time: 10.976645231246948
Epoch: 2, Steps: 1067 | Train Loss: 0.2087624 Vali Loss: 0.1255619
Validation loss decreased (0.129412 --> 0.125562).  Saving model ...
Updating learning rate to 0.00025
	iters: 100, epoch: 3 | loss: 0.2191588
	speed: 0.0323s/iter; left time: 3372.8689s
	iters: 200, epoch: 3 | loss: 0.3340174
	speed: 0.0103s/iter; left time: 1075.0751s
	iters: 300, epoch: 3 | loss: 0.1602011
	speed: 0.0104s/iter; left time: 1082.7326s
	iters: 400, epoch: 3 | loss: 0.5091923
	speed: 0.0104s/iter; left time: 1079.0159s
	iters: 500, epoch: 3 | loss: 0.1866954
	speed: 0.0101s/iter; left time: 1054.9406s
	iters: 600, epoch: 3 | loss: 0.1083467
	speed: 0.0102s/iter; left time: 1059.1752s
	iters: 700, epoch: 3 | loss: 0.1833098
	speed: 0.0102s/iter; left time: 1055.1010s
	iters: 800, epoch: 3 | loss: 0.3621102
	speed: 0.0105s/iter; left time: 1089.4537s
	iters: 900, epoch: 3 | loss: 0.3254974
	speed: 0.0105s/iter; left time: 1085.6386s
	iters: 1000, epoch: 3 | loss: 0.3293045
	speed: 0.0101s/iter; left time: 1046.5225s
Epoch: 3 cost time: 10.969802141189575
Epoch: 3, Steps: 1067 | Train Loss: 0.1961604 Vali Loss: 0.1266449
EarlyStopping counter: 1 out of 6
Updating learning rate to 0.000125
	iters: 100, epoch: 4 | loss: 0.1760613
	speed: 0.0321s/iter; left time: 3321.6558s
	iters: 200, epoch: 4 | loss: 0.1585128
	speed: 0.0100s/iter; left time: 1032.5096s
	iters: 300, epoch: 4 | loss: 0.2530618
	speed: 0.0101s/iter; left time: 1038.9703s
	iters: 400, epoch: 4 | loss: 0.1834255
	speed: 0.0104s/iter; left time: 1072.2594s
	iters: 500, epoch: 4 | loss: 0.2661453
	speed: 0.0101s/iter; left time: 1040.4228s
	iters: 600, epoch: 4 | loss: 0.1945278
	speed: 0.0102s/iter; left time: 1044.9071s
	iters: 700, epoch: 4 | loss: 0.1445702
	speed: 0.0101s/iter; left time: 1042.7111s
	iters: 800, epoch: 4 | loss: 0.2114943
	speed: 0.0105s/iter; left time: 1082.8693s
	iters: 900, epoch: 4 | loss: 0.3236737
	speed: 0.0104s/iter; left time: 1066.6951s
	iters: 1000, epoch: 4 | loss: 0.2031094
	speed: 0.0104s/iter; left time: 1065.9533s
Epoch: 4 cost time: 10.926096677780151
Epoch: 4, Steps: 1067 | Train Loss: 0.1907568 Vali Loss: 0.1299864
EarlyStopping counter: 2 out of 6
Updating learning rate to 6.25e-05
	iters: 100, epoch: 5 | loss: 0.1898810
	speed: 0.0321s/iter; left time: 3288.7986s
	iters: 200, epoch: 5 | loss: 0.1831191
	speed: 0.0104s/iter; left time: 1065.8646s
	iters: 300, epoch: 5 | loss: 0.1424341
	speed: 0.0103s/iter; left time: 1050.0825s
	iters: 400, epoch: 5 | loss: 0.1663773
	speed: 0.0104s/iter; left time: 1064.2543s
	iters: 500, epoch: 5 | loss: 0.1501901
	speed: 0.0102s/iter; left time: 1039.1557s
	iters: 600, epoch: 5 | loss: 0.1366715
	speed: 0.0103s/iter; left time: 1043.8622s
	iters: 700, epoch: 5 | loss: 0.1354370
	speed: 0.0106s/iter; left time: 1079.2900s
	iters: 800, epoch: 5 | loss: 0.2729728
	speed: 0.0104s/iter; left time: 1057.3544s
	iters: 900, epoch: 5 | loss: 0.2373434
	speed: 0.0102s/iter; left time: 1030.6949s
	iters: 1000, epoch: 5 | loss: 0.0971620
	speed: 0.0101s/iter; left time: 1026.8162s
Epoch: 5 cost time: 10.98755931854248
Epoch: 5, Steps: 1067 | Train Loss: 0.1881176 Vali Loss: 0.1302093
EarlyStopping counter: 3 out of 6
Updating learning rate to 3.125e-05
	iters: 100, epoch: 6 | loss: 0.2130781
	speed: 0.0323s/iter; left time: 3274.1862s
	iters: 200, epoch: 6 | loss: 0.1962101
	speed: 0.0103s/iter; left time: 1044.9640s
	iters: 300, epoch: 6 | loss: 0.1931246
	speed: 0.0103s/iter; left time: 1040.0583s
	iters: 400, epoch: 6 | loss: 0.1679962
	speed: 0.0104s/iter; left time: 1047.7689s
	iters: 500, epoch: 6 | loss: 0.1552947
	speed: 0.0101s/iter; left time: 1019.3322s
	iters: 600, epoch: 6 | loss: 0.2953651
	speed: 0.0106s/iter; left time: 1067.4971s
	iters: 700, epoch: 6 | loss: 0.1636236
	speed: 0.0103s/iter; left time: 1040.1423s
	iters: 800, epoch: 6 | loss: 0.2111796
	speed: 0.0104s/iter; left time: 1049.5678s
	iters: 900, epoch: 6 | loss: 0.1488571
	speed: 0.0103s/iter; left time: 1032.8790s
	iters: 1000, epoch: 6 | loss: 0.1336468
	speed: 0.0106s/iter; left time: 1059.3225s
Epoch: 6 cost time: 11.032296895980835
Epoch: 6, Steps: 1067 | Train Loss: 0.1862688 Vali Loss: 0.1310669
EarlyStopping counter: 4 out of 6
Updating learning rate to 1.5625e-05
	iters: 100, epoch: 7 | loss: 0.1752732
	speed: 0.0328s/iter; left time: 3284.3255s
	iters: 200, epoch: 7 | loss: 0.1204485
	speed: 0.0101s/iter; left time: 1013.4855s
	iters: 300, epoch: 7 | loss: 0.2060309
	speed: 0.0102s/iter; left time: 1024.1518s
	iters: 400, epoch: 7 | loss: 0.1306173
	speed: 0.0104s/iter; left time: 1041.0889s
	iters: 500, epoch: 7 | loss: 0.2659792
	speed: 0.0100s/iter; left time: 1000.6090s
	iters: 600, epoch: 7 | loss: 0.1577148
	speed: 0.0104s/iter; left time: 1040.6226s
	iters: 700, epoch: 7 | loss: 0.1817097
	speed: 0.0102s/iter; left time: 1019.1865s
	iters: 800, epoch: 7 | loss: 0.2919471
	speed: 0.0103s/iter; left time: 1025.5305s
	iters: 900, epoch: 7 | loss: 0.2421249
	speed: 0.0104s/iter; left time: 1034.5551s
	iters: 1000, epoch: 7 | loss: 0.2772052
	speed: 0.0103s/iter; left time: 1027.7071s
Epoch: 7 cost time: 10.963634490966797
Epoch: 7, Steps: 1067 | Train Loss: 0.1851740 Vali Loss: 0.1310351
EarlyStopping counter: 5 out of 6
Updating learning rate to 7.8125e-06
	iters: 100, epoch: 8 | loss: 0.2431336
	speed: 0.0321s/iter; left time: 3185.8727s
	iters: 200, epoch: 8 | loss: 0.2444748
	speed: 0.0104s/iter; left time: 1032.6081s
	iters: 300, epoch: 8 | loss: 0.1776296
	speed: 0.0100s/iter; left time: 988.6093s
	iters: 400, epoch: 8 | loss: 0.1609535
	speed: 0.0104s/iter; left time: 1026.5839s
	iters: 500, epoch: 8 | loss: 0.1499846
	speed: 0.0101s/iter; left time: 999.1185s
	iters: 600, epoch: 8 | loss: 0.2505608
	speed: 0.0101s/iter; left time: 992.3539s
	iters: 700, epoch: 8 | loss: 0.1326412
	speed: 0.0102s/iter; left time: 1008.7501s
	iters: 800, epoch: 8 | loss: 0.1623024
	speed: 0.0101s/iter; left time: 996.9331s
	iters: 900, epoch: 8 | loss: 0.0964689
	speed: 0.0103s/iter; left time: 1015.9960s
	iters: 1000, epoch: 8 | loss: 0.1903354
	speed: 0.0103s/iter; left time: 1014.8361s
Epoch: 8 cost time: 10.935637712478638
Epoch: 8, Steps: 1067 | Train Loss: 0.1848123 Vali Loss: 0.1313877
EarlyStopping counter: 6 out of 6
Early stopping
VALIDATION_RESULT {"best_epoch": 2, "best_mae": 0.24415421315676422, "best_mse": 0.12556189895284864, "epochs_ran": 8, "metric_version": "element_weighted_v1", "train_duration_seconds": 101.80758731393144, "train_peak_cuda_memory_bytes": 503176192}
>>>>>>>testing : long_term_forecast_ETTm2_336_96_coreabl_ettm2_p96_no_graph_s2021_TimeRole_ETTm2_ftM_sl336_ll48_pl96_dm64_nh8_el1_dl1_df128_expand2_dc2_fc1_ebtimeF_dtTrue_coreabl_ettm2_p96_no_graph_s2021_0<<<<<<<<<<<<<<<<<<<<<<<<<<<<<<<<<
test 11425
EVALUATION_RESULT {"batches": 358, "elapsed_seconds": 1.6322477469220757, "elements": 7677600, "gate_abs_mean": 0.13881126046180725, "gate_max": 0.01908157207071781, "gate_mean": -0.1333593875169754, "gate_min": -0.22023214399814606, "gate_values": [-0.2122923880815506, -0.22023214399814606, -0.09935414791107178, -0.20970308780670166, -0.07851863652467728, 0.01908157207071781, -0.13249686360359192], "mae": 0.26335961678828795, "memory_correction_mae": 0.06625762962830418, "memory_correction_rms": 0.12729841475829226, "metric_version": "element_weighted_v1", "milliseconds_per_batch": 4.559351248385687, "mse": 0.17561794391507665, "origin_count": 11425, "origin_metric_version": "per_forecast_origin_mean_v1", "origin_metrics_path": "/home/cwh/Time-Series-Library/logs/timerole_core_ablation/checkpoints/long_term_forecast_ETTm2_336_96_coreabl_ettm2_p96_no_graph_s2021_TimeRole_ETTm2_ftM_sl336_ll48_pl96_dm64_nh8_el1_dl1_df128_expand2_dc2_fc1_ebtimeF_dtTrue_coreabl_ettm2_p96_no_graph_s2021_0/test_origin_metrics.npz", "parameter_count": 995623, "peak_cuda_memory_bytes": 152836096, "split": "test", "test_accessed": true, "timerole_intervention": "intact"}
mse:0.17561794391507665, mae:0.26335961678828795, dtw:Not calculated
