Using GPU
Args in experiment:
[1mBasic Config[0m
  Task Name:          long_term_forecast  Is Training:        1                   
  Model ID:           ETTm1_336_192_coreabl_ettm1_p192_no_patch_s2023Model:              TimeRole            

[1mData Loader[0m
  Data:               ETTm1               Root Path:          /home/cwh/Time-Series-Library/dataset/ETT-small
  Data Path:          ETTm1.csv           Features:           M                   
  Target:             OT                  Freq:               h                   
  Checkpoints:        /home/cwh/Time-Series-Library/logs/timerole_core_ablation/checkpoints

[1mForecasting Task[0m
  Seq Len:            336                 Label Len:          48                  
  Pred Len:           192                 Seasonal Patterns:  Monthly             
  Inverse:            0                   

[1mModel Parameters[0m
  Top k:              5                   Num Kernels:        6                   
  Enc In:             7                   Dec In:             7                   
  C Out:              7                   d model:            64                  
  n heads:            8                   e layers:           1                   
  d layers:           1                   d FF:               128                 
  Moving Avg:         25                  Factor:             1                   
  Distil:             1                   Dropout:            0.1                 
  Embed:              timeF               Activation:         gelu                

[1mRun Parameters[0m
  Num Workers:        0                   Itr:                1                   
  Train Epochs:       100                 Batch Size:         32                  
  Patience:           6                   Learning Rate:      0.0005              
  Des:                coreabl_ettm1_p192_no_patch_s2023Loss:               MSE                 
  Lradj:              type1               Use Amp:            0                   

[1mGPU[0m
  Use GPU:            1                   GPU:                0                   
  Use Multi GPU:      0                   Devices:            0,1,2,3             

[1mDe-stationary Projector Params[0m
  P Hidden Dims:      128, 128            P Hidden Layers:    2                   

Use GPU: cuda:0
🚀 Lazy Loading: TimeRole ...
[GraphMamba] Building 7x7 static graph from 2000 training samples
>>>>>>>start training : long_term_forecast_ETTm1_336_192_coreabl_ettm1_p192_no_patch_s2023_TimeRole_ETTm1_ftM_sl336_ll48_pl192_dm64_nh8_el1_dl1_df128_expand2_dc2_fc1_ebtimeF_dtTrue_coreabl_ettm1_p192_no_patch_s2023_0>>>>>>>>>>>>>>>>>>>>>>>>>>
train 34033
val 11329
	iters: 100, epoch: 1 | loss: 0.4231212
	speed: 0.0100s/iter; left time: 1065.3026s
	iters: 200, epoch: 1 | loss: 0.4167517
	speed: 0.0075s/iter; left time: 796.4698s
	iters: 300, epoch: 1 | loss: 0.3494338
	speed: 0.0078s/iter; left time: 823.2062s
	iters: 400, epoch: 1 | loss: 0.3304905
	speed: 0.0079s/iter; left time: 840.0246s
	iters: 500, epoch: 1 | loss: 0.2723830
	speed: 0.0078s/iter; left time: 825.6809s
	iters: 600, epoch: 1 | loss: 0.2871499
	speed: 0.0080s/iter; left time: 842.0251s
	iters: 700, epoch: 1 | loss: 0.2833483
	speed: 0.0076s/iter; left time: 806.3399s
	iters: 800, epoch: 1 | loss: 0.2724687
	speed: 0.0086s/iter; left time: 906.3240s
	iters: 900, epoch: 1 | loss: 0.3309686
	speed: 0.0082s/iter; left time: 862.4117s
	iters: 1000, epoch: 1 | loss: 0.2957528
	speed: 0.0075s/iter; left time: 785.5173s
Epoch: 1 cost time: 8.555135488510132
Epoch: 1, Steps: 1064 | Train Loss: 0.3347224 Vali Loss: 0.5018589
Validation loss decreased (inf --> 0.501859).  Saving model ...
Updating learning rate to 0.0005
	iters: 100, epoch: 2 | loss: 0.2562605
	speed: 0.0236s/iter; left time: 2488.3984s
	iters: 200, epoch: 2 | loss: 0.3075240
	speed: 0.0076s/iter; left time: 797.2439s
	iters: 300, epoch: 2 | loss: 0.3189188
	speed: 0.0077s/iter; left time: 809.3243s
	iters: 400, epoch: 2 | loss: 0.2946575
	speed: 0.0079s/iter; left time: 829.4641s
	iters: 500, epoch: 2 | loss: 0.2864304
	speed: 0.0076s/iter; left time: 801.5100s
	iters: 600, epoch: 2 | loss: 0.3136258
	speed: 0.0079s/iter; left time: 824.4222s
	iters: 700, epoch: 2 | loss: 0.2875780
	speed: 0.0078s/iter; left time: 818.4415s
	iters: 800, epoch: 2 | loss: 0.3719022
	speed: 0.0080s/iter; left time: 833.3891s
	iters: 900, epoch: 2 | loss: 0.2705881
	speed: 0.0079s/iter; left time: 826.0923s
	iters: 1000, epoch: 2 | loss: 0.3102470
	speed: 0.0089s/iter; left time: 932.5776s
Epoch: 2 cost time: 8.443174839019775
Epoch: 2, Steps: 1064 | Train Loss: 0.2939075 Vali Loss: 0.4936788
Validation loss decreased (0.501859 --> 0.493679).  Saving model ...
Updating learning rate to 0.00025
	iters: 100, epoch: 3 | loss: 0.2382270
	speed: 0.0282s/iter; left time: 2941.8203s
	iters: 200, epoch: 3 | loss: 0.2598096
	speed: 0.0082s/iter; left time: 857.9626s
	iters: 300, epoch: 3 | loss: 0.2863683
	speed: 0.0076s/iter; left time: 791.1174s
	iters: 400, epoch: 3 | loss: 0.2502997
	speed: 0.0078s/iter; left time: 811.3555s
	iters: 500, epoch: 3 | loss: 0.2833138
	speed: 0.0080s/iter; left time: 833.9778s
	iters: 600, epoch: 3 | loss: 0.2714652
	speed: 0.0080s/iter; left time: 824.9370s
	iters: 700, epoch: 3 | loss: 0.2998615
	speed: 0.0084s/iter; left time: 866.7913s
	iters: 800, epoch: 3 | loss: 0.2925879
	speed: 0.0080s/iter; left time: 831.1048s
	iters: 900, epoch: 3 | loss: 0.2761161
	speed: 0.0081s/iter; left time: 840.4993s
	iters: 1000, epoch: 3 | loss: 0.2748180
	speed: 0.0076s/iter; left time: 780.4874s
Epoch: 3 cost time: 8.589791297912598
Epoch: 3, Steps: 1064 | Train Loss: 0.2816217 Vali Loss: 0.4866029
Validation loss decreased (0.493679 --> 0.486603).  Saving model ...
Updating learning rate to 0.000125
	iters: 100, epoch: 4 | loss: 0.2990335
	speed: 0.0246s/iter; left time: 2534.5664s
	iters: 200, epoch: 4 | loss: 0.2443485
	speed: 0.0108s/iter; left time: 1110.2819s
	iters: 300, epoch: 4 | loss: 0.2791142
	speed: 0.0085s/iter; left time: 873.4724s
	iters: 400, epoch: 4 | loss: 0.4453914
	speed: 0.0074s/iter; left time: 765.5575s
	iters: 500, epoch: 4 | loss: 0.2905852
	speed: 0.0079s/iter; left time: 810.1816s
	iters: 600, epoch: 4 | loss: 0.2239825
	speed: 0.0076s/iter; left time: 778.2231s
	iters: 700, epoch: 4 | loss: 0.2539230
	speed: 0.0075s/iter; left time: 769.7665s
	iters: 800, epoch: 4 | loss: 0.2598044
	speed: 0.0074s/iter; left time: 758.9329s
	iters: 900, epoch: 4 | loss: 0.2224741
	speed: 0.0076s/iter; left time: 780.3574s
	iters: 1000, epoch: 4 | loss: 0.2893652
	speed: 0.0077s/iter; left time: 784.7995s
Epoch: 4 cost time: 8.487770557403564
Epoch: 4, Steps: 1064 | Train Loss: 0.2728697 Vali Loss: 0.4884713
EarlyStopping counter: 1 out of 6
Updating learning rate to 6.25e-05
	iters: 100, epoch: 5 | loss: 0.2458960
	speed: 0.0241s/iter; left time: 2464.1811s
	iters: 200, epoch: 5 | loss: 0.2872189
	speed: 0.0074s/iter; left time: 754.1565s
	iters: 300, epoch: 5 | loss: 0.2963666
	speed: 0.0075s/iter; left time: 762.8233s
	iters: 400, epoch: 5 | loss: 0.2265506
	speed: 0.0075s/iter; left time: 767.1905s
	iters: 500, epoch: 5 | loss: 0.2415428
	speed: 0.0072s/iter; left time: 736.1982s
	iters: 600, epoch: 5 | loss: 0.3079243
	speed: 0.0075s/iter; left time: 762.9203s
	iters: 700, epoch: 5 | loss: 0.2397991
	speed: 0.0073s/iter; left time: 742.4399s
	iters: 800, epoch: 5 | loss: 0.2803044
	speed: 0.0072s/iter; left time: 732.6473s
	iters: 900, epoch: 5 | loss: 0.2353921
	speed: 0.0078s/iter; left time: 785.8314s
	iters: 1000, epoch: 5 | loss: 0.3302051
	speed: 0.0075s/iter; left time: 758.3840s
Epoch: 5 cost time: 7.927076578140259
Epoch: 5, Steps: 1064 | Train Loss: 0.2673275 Vali Loss: 0.4920816
EarlyStopping counter: 2 out of 6
Updating learning rate to 3.125e-05
	iters: 100, epoch: 6 | loss: 0.2366141
	speed: 0.0228s/iter; left time: 2299.9416s
	iters: 200, epoch: 6 | loss: 0.2535035
	speed: 0.0074s/iter; left time: 749.0761s
	iters: 300, epoch: 6 | loss: 0.2414923
	speed: 0.0074s/iter; left time: 742.2672s
	iters: 400, epoch: 6 | loss: 0.2478192
	speed: 0.0073s/iter; left time: 739.3989s
	iters: 500, epoch: 6 | loss: 0.2559898
	speed: 0.0075s/iter; left time: 754.1467s
	iters: 600, epoch: 6 | loss: 0.2306474
	speed: 0.0072s/iter; left time: 724.9399s
	iters: 700, epoch: 6 | loss: 0.2478820
	speed: 0.0072s/iter; left time: 722.6867s
	iters: 800, epoch: 6 | loss: 0.2786068
	speed: 0.0076s/iter; left time: 762.4598s
	iters: 900, epoch: 6 | loss: 0.2240593
	speed: 0.0076s/iter; left time: 763.8931s
	iters: 1000, epoch: 6 | loss: 0.2228008
	speed: 0.0073s/iter; left time: 728.7318s
Epoch: 6 cost time: 7.872049331665039
Epoch: 6, Steps: 1064 | Train Loss: 0.2645308 Vali Loss: 0.4925161
EarlyStopping counter: 3 out of 6
Updating learning rate to 1.5625e-05
	iters: 100, epoch: 7 | loss: 0.2366157
	speed: 0.0232s/iter; left time: 2318.1429s
	iters: 200, epoch: 7 | loss: 0.2364912
	speed: 0.0072s/iter; left time: 717.3607s
	iters: 300, epoch: 7 | loss: 0.2818023
	speed: 0.0075s/iter; left time: 746.0481s
	iters: 400, epoch: 7 | loss: 0.3581409
	speed: 0.0073s/iter; left time: 727.0847s
	iters: 500, epoch: 7 | loss: 0.2598381
	speed: 0.0076s/iter; left time: 751.8800s
	iters: 600, epoch: 7 | loss: 0.3152614
	speed: 0.0077s/iter; left time: 766.4991s
	iters: 700, epoch: 7 | loss: 0.2667636
	speed: 0.0076s/iter; left time: 759.6513s
	iters: 800, epoch: 7 | loss: 0.2990988
	speed: 0.0075s/iter; left time: 744.3865s
	iters: 900, epoch: 7 | loss: 0.2655165
	speed: 0.0074s/iter; left time: 729.8526s
	iters: 1000, epoch: 7 | loss: 0.2655132
	speed: 0.0078s/iter; left time: 775.2882s
Epoch: 7 cost time: 7.9611170291900635
Epoch: 7, Steps: 1064 | Train Loss: 0.2629802 Vali Loss: 0.4954738
EarlyStopping counter: 4 out of 6
Updating learning rate to 7.8125e-06
	iters: 100, epoch: 8 | loss: 0.2496790
	speed: 0.0243s/iter; left time: 2403.8972s
	iters: 200, epoch: 8 | loss: 0.3154343
	speed: 0.0079s/iter; left time: 778.9105s
	iters: 300, epoch: 8 | loss: 0.3458571
	speed: 0.0078s/iter; left time: 765.9356s
	iters: 400, epoch: 8 | loss: 0.2898585
	speed: 0.0075s/iter; left time: 740.8003s
	iters: 500, epoch: 8 | loss: 0.2331263
	speed: 0.0074s/iter; left time: 730.6491s
	iters: 600, epoch: 8 | loss: 0.2296500
	speed: 0.0075s/iter; left time: 733.6715s
	iters: 700, epoch: 8 | loss: 0.2928988
	speed: 0.0074s/iter; left time: 726.4243s
	iters: 800, epoch: 8 | loss: 0.3453824
	speed: 0.0074s/iter; left time: 727.2699s
	iters: 900, epoch: 8 | loss: 0.2494358
	speed: 0.0075s/iter; left time: 736.3389s
	iters: 1000, epoch: 8 | loss: 0.2463042
	speed: 0.0074s/iter; left time: 724.0372s
Epoch: 8 cost time: 7.999732971191406
Epoch: 8, Steps: 1064 | Train Loss: 0.2622522 Vali Loss: 0.4964469
EarlyStopping counter: 5 out of 6
Updating learning rate to 3.90625e-06
	iters: 100, epoch: 9 | loss: 0.2320907
	speed: 0.0233s/iter; left time: 2279.7046s
	iters: 200, epoch: 9 | loss: 0.3187286
	speed: 0.0075s/iter; left time: 736.0216s
	iters: 300, epoch: 9 | loss: 0.2663254
	speed: 0.0073s/iter; left time: 716.9847s
	iters: 400, epoch: 9 | loss: 0.2616401
	speed: 0.0072s/iter; left time: 706.6208s
	iters: 500, epoch: 9 | loss: 0.2336151
	speed: 0.0076s/iter; left time: 742.9880s
	iters: 600, epoch: 9 | loss: 0.2578452
	speed: 0.0076s/iter; left time: 736.9850s
	iters: 700, epoch: 9 | loss: 0.2289871
	speed: 0.0076s/iter; left time: 738.0423s
	iters: 800, epoch: 9 | loss: 0.2578872
	speed: 0.0077s/iter; left time: 744.4538s
	iters: 900, epoch: 9 | loss: 0.2954838
	speed: 0.0072s/iter; left time: 695.3855s
	iters: 1000, epoch: 9 | loss: 0.2468196
	speed: 0.0074s/iter; left time: 718.4547s
Epoch: 9 cost time: 7.9375011920928955
Epoch: 9, Steps: 1064 | Train Loss: 0.2618225 Vali Loss: 0.4966486
EarlyStopping counter: 6 out of 6
Early stopping
VALIDATION_RESULT {"best_epoch": 3, "best_mae": 0.4640885994864065, "best_mse": 0.4866029195365144, "epochs_ran": 9, "metric_version": "element_weighted_v1", "train_duration_seconds": 85.58154270611703, "train_peak_cuda_memory_bytes": 361468928}
>>>>>>>testing : long_term_forecast_ETTm1_336_192_coreabl_ettm1_p192_no_patch_s2023_TimeRole_ETTm1_ftM_sl336_ll48_pl192_dm64_nh8_el1_dl1_df128_expand2_dc2_fc1_ebtimeF_dtTrue_coreabl_ettm1_p192_no_patch_s2023_0<<<<<<<<<<<<<<<<<<<<<<<<<<<<<<<<<
test 11329
EVALUATION_RESULT {"batches": 355, "elapsed_seconds": 1.2502472191117704, "elements": 15226176, "gate_abs_mean": 0.20157591998577118, "gate_max": 0.27094390988349915, "gate_mean": 0.20157591998577118, "gate_min": 0.09817387163639069, "gate_values": [0.26544705033302307, 0.18365830183029175, 0.27094390988349915, 0.18097037076950073, 0.20385512709617615, 0.09817387163639069, 0.2079828381538391], "mae": 0.37966751604049054, "memory_correction_mae": 0.18962405715235978, "memory_correction_rms": 0.3092592798482146, "metric_version": "element_weighted_v1", "milliseconds_per_batch": 3.521823152427522, "mse": 0.3420735028188431, "origin_count": 11329, "origin_metric_version": "per_forecast_origin_mean_v1", "origin_metrics_path": "/home/cwh/Time-Series-Library/logs/timerole_core_ablation/checkpoints/long_term_forecast_ETTm1_336_192_coreabl_ettm1_p192_no_patch_s2023_TimeRole_ETTm1_ftM_sl336_ll48_pl192_dm64_nh8_el1_dl1_df128_expand2_dc2_fc1_ebtimeF_dtTrue_coreabl_ettm1_p192_no_patch_s2023_0/test_origin_metrics.npz", "parameter_count": 1311149, "peak_cuda_memory_bytes": 137652736, "split": "test", "test_accessed": true, "timerole_intervention": "intact"}
mse:0.3420735028188431, mae:0.37966751604049054, dtw:Not calculated
