Using GPU
Args in experiment:
[1mBasic Config[0m
  Task Name:          long_term_forecast  Is Training:        1                   
  Model ID:           ETTm2_336_96_coreabl_ettm2_p96_no_graph_s2023Model:              TimeRole            

[1mData Loader[0m
  Data:               ETTm2               Root Path:          /home/cwh/Time-Series-Library/dataset/ETT-small
  Data Path:          ETTm2.csv           Features:           M                   
  Target:             OT                  Freq:               h                   
  Checkpoints:        /home/cwh/Time-Series-Library/logs/timerole_core_ablation/checkpoints

[1mForecasting Task[0m
  Seq Len:            336                 Label Len:          48                  
  Pred Len:           96                  Seasonal Patterns:  Monthly             
  Inverse:            0                   

[1mModel Parameters[0m
  Top k:              5                   Num Kernels:        6                   
  Enc In:             7                   Dec In:             7                   
  C Out:              7                   d model:            64                  
  n heads:            8                   e layers:           1                   
  d layers:           1                   d FF:               128                 
  Moving Avg:         25                  Factor:             1                   
  Distil:             1                   Dropout:            0.1                 
  Embed:              timeF               Activation:         gelu                

[1mRun Parameters[0m
  Num Workers:        0                   Itr:                1                   
  Train Epochs:       100                 Batch Size:         32                  
  Patience:           6                   Learning Rate:      0.0005              
  Des:                coreabl_ettm2_p96_no_graph_s2023Loss:               MSE                 
  Lradj:              type1               Use Amp:            0                   

[1mGPU[0m
  Use GPU:            1                   GPU:                0                   
  Use Multi GPU:      0                   Devices:            0,1,2,3             

[1mDe-stationary Projector Params[0m
  P Hidden Dims:      128, 128            P Hidden Layers:    2                   

Use GPU: cuda:0
🚀 Lazy Loading: TimeRole ...
>>>>>>>start training : long_term_forecast_ETTm2_336_96_coreabl_ettm2_p96_no_graph_s2023_TimeRole_ETTm2_ftM_sl336_ll48_pl96_dm64_nh8_el1_dl1_df128_expand2_dc2_fc1_ebtimeF_dtTrue_coreabl_ettm2_p96_no_graph_s2023_0>>>>>>>>>>>>>>>>>>>>>>>>>>
train 34129
val 11425
	iters: 100, epoch: 1 | loss: 0.2545076
	speed: 0.0120s/iter; left time: 1279.6909s
	iters: 200, epoch: 1 | loss: 0.1652105
	speed: 0.0107s/iter; left time: 1141.0768s
	iters: 300, epoch: 1 | loss: 0.4828258
	speed: 0.0107s/iter; left time: 1138.4640s
	iters: 400, epoch: 1 | loss: 0.2993558
	speed: 0.0105s/iter; left time: 1119.4055s
	iters: 500, epoch: 1 | loss: 0.2181279
	speed: 0.0106s/iter; left time: 1121.0997s
	iters: 600, epoch: 1 | loss: 0.4560015
	speed: 0.0106s/iter; left time: 1122.1047s
	iters: 700, epoch: 1 | loss: 0.1981576
	speed: 0.0105s/iter; left time: 1109.8112s
	iters: 800, epoch: 1 | loss: 0.3579271
	speed: 0.0103s/iter; left time: 1091.8670s
	iters: 900, epoch: 1 | loss: 0.1539194
	speed: 0.0106s/iter; left time: 1123.9442s
	iters: 1000, epoch: 1 | loss: 0.2094119
	speed: 0.0103s/iter; left time: 1085.3647s
Epoch: 1 cost time: 11.386011362075806
Epoch: 1, Steps: 1067 | Train Loss: 0.2497324 Vali Loss: 0.1269061
Validation loss decreased (inf --> 0.126906).  Saving model ...
Updating learning rate to 0.0005
	iters: 100, epoch: 2 | loss: 0.1571325
	speed: 0.0332s/iter; left time: 3505.2467s
	iters: 200, epoch: 2 | loss: 0.1615501
	speed: 0.0105s/iter; left time: 1105.5482s
	iters: 300, epoch: 2 | loss: 0.1797336
	speed: 0.0106s/iter; left time: 1115.8198s
	iters: 400, epoch: 2 | loss: 0.2301182
	speed: 0.0103s/iter; left time: 1086.1083s
	iters: 500, epoch: 2 | loss: 0.1641966
	speed: 0.0104s/iter; left time: 1089.1637s
	iters: 600, epoch: 2 | loss: 0.1254420
	speed: 0.0104s/iter; left time: 1095.8449s
	iters: 700, epoch: 2 | loss: 0.1650356
	speed: 0.0106s/iter; left time: 1111.4395s
	iters: 800, epoch: 2 | loss: 0.2708349
	speed: 0.0106s/iter; left time: 1107.9726s
	iters: 900, epoch: 2 | loss: 0.1551483
	speed: 0.0107s/iter; left time: 1123.9855s
	iters: 1000, epoch: 2 | loss: 0.1209101
	speed: 0.0105s/iter; left time: 1095.3328s
Epoch: 2 cost time: 11.189907312393188
Epoch: 2, Steps: 1067 | Train Loss: 0.2054705 Vali Loss: 0.1242414
Validation loss decreased (0.126906 --> 0.124241).  Saving model ...
Updating learning rate to 0.00025
	iters: 100, epoch: 3 | loss: 0.3698281
	speed: 0.0338s/iter; left time: 3528.4255s
	iters: 200, epoch: 3 | loss: 0.1946103
	speed: 0.0104s/iter; left time: 1081.0266s
	iters: 300, epoch: 3 | loss: 0.1308674
	speed: 0.0106s/iter; left time: 1110.3375s
	iters: 400, epoch: 3 | loss: 0.1191931
	speed: 0.0106s/iter; left time: 1098.9900s
	iters: 500, epoch: 3 | loss: 0.1085461
	speed: 0.0107s/iter; left time: 1118.6354s
	iters: 600, epoch: 3 | loss: 0.2294315
	speed: 0.0106s/iter; left time: 1103.2266s
	iters: 700, epoch: 3 | loss: 0.1688941
	speed: 0.0108s/iter; left time: 1121.6206s
	iters: 800, epoch: 3 | loss: 0.3141869
	speed: 0.0107s/iter; left time: 1109.3969s
	iters: 900, epoch: 3 | loss: 0.1549315
	speed: 0.0106s/iter; left time: 1094.5525s
	iters: 1000, epoch: 3 | loss: 0.1311608
	speed: 0.0107s/iter; left time: 1104.5820s
Epoch: 3 cost time: 11.304768323898315
Epoch: 3, Steps: 1067 | Train Loss: 0.1931611 Vali Loss: 0.1256410
EarlyStopping counter: 1 out of 6
Updating learning rate to 0.000125
	iters: 100, epoch: 4 | loss: 0.1479643
	speed: 0.0336s/iter; left time: 3477.2788s
	iters: 200, epoch: 4 | loss: 0.2771239
	speed: 0.0107s/iter; left time: 1103.9056s
	iters: 300, epoch: 4 | loss: 0.1684326
	speed: 0.0105s/iter; left time: 1085.4704s
	iters: 400, epoch: 4 | loss: 0.1568263
	speed: 0.0105s/iter; left time: 1078.0885s
	iters: 500, epoch: 4 | loss: 0.5115155
	speed: 0.0105s/iter; left time: 1078.0460s
	iters: 600, epoch: 4 | loss: 0.1426079
	speed: 0.0106s/iter; left time: 1090.5000s
	iters: 700, epoch: 4 | loss: 0.2667486
	speed: 0.0106s/iter; left time: 1089.4723s
	iters: 800, epoch: 4 | loss: 0.0854776
	speed: 0.0106s/iter; left time: 1084.1753s
	iters: 900, epoch: 4 | loss: 0.1474738
	speed: 0.0106s/iter; left time: 1085.4548s
	iters: 1000, epoch: 4 | loss: 0.0983802
	speed: 0.0104s/iter; left time: 1065.3629s
Epoch: 4 cost time: 11.267715454101562
Epoch: 4, Steps: 1067 | Train Loss: 0.1881714 Vali Loss: 0.1281898
EarlyStopping counter: 2 out of 6
Updating learning rate to 6.25e-05
	iters: 100, epoch: 5 | loss: 0.1026059
	speed: 0.0337s/iter; left time: 3450.9230s
	iters: 200, epoch: 5 | loss: 0.2412857
	speed: 0.0107s/iter; left time: 1092.7842s
	iters: 300, epoch: 5 | loss: 0.1525070
	speed: 0.0103s/iter; left time: 1054.5965s
	iters: 400, epoch: 5 | loss: 0.1115807
	speed: 0.0109s/iter; left time: 1116.2752s
	iters: 500, epoch: 5 | loss: 0.2076021
	speed: 0.0107s/iter; left time: 1094.4184s
	iters: 600, epoch: 5 | loss: 0.1072586
	speed: 0.0106s/iter; left time: 1079.3346s
	iters: 700, epoch: 5 | loss: 0.2452670
	speed: 0.0105s/iter; left time: 1072.9754s
	iters: 800, epoch: 5 | loss: 0.2187867
	speed: 0.0105s/iter; left time: 1062.7936s
	iters: 900, epoch: 5 | loss: 0.2358230
	speed: 0.0106s/iter; left time: 1079.5727s
	iters: 1000, epoch: 5 | loss: 0.1804922
	speed: 0.0107s/iter; left time: 1081.5952s
Epoch: 5 cost time: 11.312638998031616
Epoch: 5, Steps: 1067 | Train Loss: 0.1851114 Vali Loss: 0.1319089
EarlyStopping counter: 3 out of 6
Updating learning rate to 3.125e-05
	iters: 100, epoch: 6 | loss: 0.3288975
	speed: 0.0334s/iter; left time: 3382.8092s
	iters: 200, epoch: 6 | loss: 0.1386383
	speed: 0.0107s/iter; left time: 1080.5287s
	iters: 300, epoch: 6 | loss: 0.2173033
	speed: 0.0106s/iter; left time: 1072.8484s
	iters: 400, epoch: 6 | loss: 0.1897275
	speed: 0.0105s/iter; left time: 1057.3672s
	iters: 500, epoch: 6 | loss: 0.3234767
	speed: 0.0105s/iter; left time: 1057.6118s
	iters: 600, epoch: 6 | loss: 0.1873708
	speed: 0.0106s/iter; left time: 1064.1187s
	iters: 700, epoch: 6 | loss: 0.1458684
	speed: 0.0106s/iter; left time: 1069.9559s
	iters: 800, epoch: 6 | loss: 0.1195256
	speed: 0.0108s/iter; left time: 1090.4842s
	iters: 900, epoch: 6 | loss: 0.1316128
	speed: 0.0108s/iter; left time: 1083.8724s
	iters: 1000, epoch: 6 | loss: 0.1562057
	speed: 0.0108s/iter; left time: 1086.2133s
Epoch: 6 cost time: 11.352233409881592
Epoch: 6, Steps: 1067 | Train Loss: 0.1833548 Vali Loss: 0.1300840
EarlyStopping counter: 4 out of 6
Updating learning rate to 1.5625e-05
	iters: 100, epoch: 7 | loss: 0.1302568
	speed: 0.0343s/iter; left time: 3436.2371s
	iters: 200, epoch: 7 | loss: 0.2365127
	speed: 0.0108s/iter; left time: 1080.8462s
	iters: 300, epoch: 7 | loss: 0.1906427
	speed: 0.0104s/iter; left time: 1044.0815s
	iters: 400, epoch: 7 | loss: 0.1269426
	speed: 0.0108s/iter; left time: 1074.7984s
	iters: 500, epoch: 7 | loss: 0.1357980
	speed: 0.0106s/iter; left time: 1055.5915s
	iters: 600, epoch: 7 | loss: 0.2946524
	speed: 0.0105s/iter; left time: 1051.0023s
	iters: 700, epoch: 7 | loss: 0.2681258
	speed: 0.0104s/iter; left time: 1031.2188s
	iters: 800, epoch: 7 | loss: 0.1221564
	speed: 0.0108s/iter; left time: 1075.3326s
	iters: 900, epoch: 7 | loss: 0.0960963
	speed: 0.0104s/iter; left time: 1036.7403s
	iters: 1000, epoch: 7 | loss: 0.1505874
	speed: 0.0106s/iter; left time: 1048.3543s
Epoch: 7 cost time: 11.2746262550354
Epoch: 7, Steps: 1067 | Train Loss: 0.1824710 Vali Loss: 0.1308631
EarlyStopping counter: 5 out of 6
Updating learning rate to 7.8125e-06
	iters: 100, epoch: 8 | loss: 0.1239889
	speed: 0.0336s/iter; left time: 3333.6484s
	iters: 200, epoch: 8 | loss: 0.1258615
	speed: 0.0104s/iter; left time: 1034.5841s
	iters: 300, epoch: 8 | loss: 0.1327014
	speed: 0.0105s/iter; left time: 1037.9335s
	iters: 400, epoch: 8 | loss: 0.1380439
	speed: 0.0105s/iter; left time: 1038.2553s
	iters: 500, epoch: 8 | loss: 0.1841639
	speed: 0.0105s/iter; left time: 1031.8855s
	iters: 600, epoch: 8 | loss: 0.1131157
	speed: 0.0107s/iter; left time: 1054.1002s
	iters: 700, epoch: 8 | loss: 0.1054560
	speed: 0.0112s/iter; left time: 1100.6108s
	iters: 800, epoch: 8 | loss: 0.1140816
	speed: 0.0103s/iter; left time: 1016.0804s
	iters: 900, epoch: 8 | loss: 0.2769437
	speed: 0.0104s/iter; left time: 1023.9312s
	iters: 1000, epoch: 8 | loss: 0.3102820
	speed: 0.0103s/iter; left time: 1013.5941s
Epoch: 8 cost time: 11.21689486503601
Epoch: 8, Steps: 1067 | Train Loss: 0.1818309 Vali Loss: 0.1309780
EarlyStopping counter: 6 out of 6
Early stopping
VALIDATION_RESULT {"best_epoch": 2, "best_mae": 0.24229702504038675, "best_mse": 0.1242414073123278, "epochs_ran": 8, "metric_version": "element_weighted_v1", "train_duration_seconds": 104.93863273831084, "train_peak_cuda_memory_bytes": 503176192}
>>>>>>>testing : long_term_forecast_ETTm2_336_96_coreabl_ettm2_p96_no_graph_s2023_TimeRole_ETTm2_ftM_sl336_ll48_pl96_dm64_nh8_el1_dl1_df128_expand2_dc2_fc1_ebtimeF_dtTrue_coreabl_ettm2_p96_no_graph_s2023_0<<<<<<<<<<<<<<<<<<<<<<<<<<<<<<<<<
test 11425
EVALUATION_RESULT {"batches": 358, "elapsed_seconds": 1.7220271457917988, "elements": 7677600, "gate_abs_mean": 0.1512121707201004, "gate_max": 0.018210433423519135, "gate_mean": -0.1460091769695282, "gate_min": -0.24007369577884674, "gate_values": [-0.23358885943889618, -0.24007369577884674, -0.11658122390508652, -0.23546068370342255, -0.08977688103914261, 0.018210433423519135, -0.1247933954000473], "mae": 0.26454432164429004, "memory_correction_mae": 0.07705252051986952, "memory_correction_rms": 0.14409659532018904, "metric_version": "element_weighted_v1", "milliseconds_per_batch": 4.810131692155863, "mse": 0.17623646558417969, "origin_count": 11425, "origin_metric_version": "per_forecast_origin_mean_v1", "origin_metrics_path": "/home/cwh/Time-Series-Library/logs/timerole_core_ablation/checkpoints/long_term_forecast_ETTm2_336_96_coreabl_ettm2_p96_no_graph_s2023_TimeRole_ETTm2_ftM_sl336_ll48_pl96_dm64_nh8_el1_dl1_df128_expand2_dc2_fc1_ebtimeF_dtTrue_coreabl_ettm2_p96_no_graph_s2023_0/test_origin_metrics.npz", "parameter_count": 995623, "peak_cuda_memory_bytes": 152836096, "split": "test", "test_accessed": true, "timerole_intervention": "intact"}
mse:0.17623646558417969, mae:0.26454432164429004, dtw:Not calculated
