Using GPU
Args in experiment:
[1mBasic Config[0m
  Task Name:          long_term_forecast  Is Training:        1                   
  Model ID:           ETTm2_336_720_coreabl_ettm2_p720_no_patch_s2021Model:              TimeRole            

[1mData Loader[0m
  Data:               ETTm2               Root Path:          /home/cwh/Time-Series-Library/dataset/ETT-small
  Data Path:          ETTm2.csv           Features:           M                   
  Target:             OT                  Freq:               h                   
  Checkpoints:        /home/cwh/Time-Series-Library/logs/timerole_core_ablation/checkpoints

[1mForecasting Task[0m
  Seq Len:            336                 Label Len:          48                  
  Pred Len:           720                 Seasonal Patterns:  Monthly             
  Inverse:            0                   

[1mModel Parameters[0m
  Top k:              5                   Num Kernels:        6                   
  Enc In:             7                   Dec In:             7                   
  C Out:              7                   d model:            64                  
  n heads:            8                   e layers:           1                   
  d layers:           1                   d FF:               128                 
  Moving Avg:         25                  Factor:             1                   
  Distil:             1                   Dropout:            0.1                 
  Embed:              timeF               Activation:         gelu                

[1mRun Parameters[0m
  Num Workers:        0                   Itr:                1                   
  Train Epochs:       100                 Batch Size:         32                  
  Patience:           6                   Learning Rate:      0.0005              
  Des:                coreabl_ettm2_p720_no_patch_s2021Loss:               MSE                 
  Lradj:              type1               Use Amp:            0                   

[1mGPU[0m
  Use GPU:            1                   GPU:                0                   
  Use Multi GPU:      0                   Devices:            0,1,2,3             

[1mDe-stationary Projector Params[0m
  P Hidden Dims:      128, 128            P Hidden Layers:    2                   

Use GPU: cuda:0
🚀 Lazy Loading: TimeRole ...
[GraphMamba] Building 7x7 static graph from 2000 training samples
>>>>>>>start training : long_term_forecast_ETTm2_336_720_coreabl_ettm2_p720_no_patch_s2021_TimeRole_ETTm2_ftM_sl336_ll48_pl720_dm64_nh8_el1_dl1_df128_expand2_dc2_fc1_ebtimeF_dtTrue_coreabl_ettm2_p720_no_patch_s2021_0>>>>>>>>>>>>>>>>>>>>>>>>>>
train 33505
val 10801
	iters: 100, epoch: 1 | loss: 0.5741161
	speed: 0.0098s/iter; left time: 1022.0224s
	iters: 200, epoch: 1 | loss: 0.3047968
	speed: 0.0078s/iter; left time: 812.2090s
	iters: 300, epoch: 1 | loss: 0.3008326
	speed: 0.0078s/iter; left time: 816.7367s
	iters: 400, epoch: 1 | loss: 0.7682056
	speed: 0.0077s/iter; left time: 803.5828s
	iters: 500, epoch: 1 | loss: 1.1051552
	speed: 0.0082s/iter; left time: 851.4139s
	iters: 600, epoch: 1 | loss: 0.5249962
	speed: 0.0079s/iter; left time: 825.5900s
	iters: 700, epoch: 1 | loss: 0.8285076
	speed: 0.0078s/iter; left time: 813.7423s
	iters: 800, epoch: 1 | loss: 0.5905268
	speed: 0.0078s/iter; left time: 811.9569s
	iters: 900, epoch: 1 | loss: 0.6025906
	speed: 0.0079s/iter; left time: 824.8302s
	iters: 1000, epoch: 1 | loss: 0.8027133
	speed: 0.0080s/iter; left time: 833.3337s
Epoch: 1 cost time: 8.473903179168701
Epoch: 1, Steps: 1048 | Train Loss: 0.5384141 Vali Loss: 0.2833124
Validation loss decreased (inf --> 0.283312).  Saving model ...
Updating learning rate to 0.0005
	iters: 100, epoch: 2 | loss: 0.5342878
	speed: 0.0245s/iter; left time: 2537.4130s
	iters: 200, epoch: 2 | loss: 0.4047317
	speed: 0.0077s/iter; left time: 801.4382s
	iters: 300, epoch: 2 | loss: 0.6525205
	speed: 0.0075s/iter; left time: 775.8968s
	iters: 400, epoch: 2 | loss: 0.4276077
	speed: 0.0078s/iter; left time: 804.4221s
	iters: 500, epoch: 2 | loss: 0.5896142
	speed: 0.0076s/iter; left time: 787.0910s
	iters: 600, epoch: 2 | loss: 0.4031775
	speed: 0.0074s/iter; left time: 764.5351s
	iters: 700, epoch: 2 | loss: 0.9500537
	speed: 0.0076s/iter; left time: 785.7499s
	iters: 800, epoch: 2 | loss: 0.3867010
	speed: 0.0073s/iter; left time: 748.6774s
	iters: 900, epoch: 2 | loss: 0.5919069
	speed: 0.0077s/iter; left time: 796.9497s
	iters: 1000, epoch: 2 | loss: 0.5022327
	speed: 0.0075s/iter; left time: 774.3404s
Epoch: 2 cost time: 7.9987709522247314
Epoch: 2, Steps: 1048 | Train Loss: 0.4987193 Vali Loss: 0.2809930
Validation loss decreased (0.283312 --> 0.280993).  Saving model ...
Updating learning rate to 0.00025
	iters: 100, epoch: 3 | loss: 0.6394369
	speed: 0.0235s/iter; left time: 2406.9738s
	iters: 200, epoch: 3 | loss: 0.2594492
	speed: 0.0076s/iter; left time: 780.0962s
	iters: 300, epoch: 3 | loss: 0.6142688
	speed: 0.0077s/iter; left time: 792.4156s
	iters: 400, epoch: 3 | loss: 0.5033638
	speed: 0.0075s/iter; left time: 767.6995s
	iters: 500, epoch: 3 | loss: 0.4270631
	speed: 0.0076s/iter; left time: 777.0582s
	iters: 600, epoch: 3 | loss: 0.3773947
	speed: 0.0078s/iter; left time: 791.5478s
	iters: 700, epoch: 3 | loss: 0.5262071
	speed: 0.0077s/iter; left time: 782.1346s
	iters: 800, epoch: 3 | loss: 0.6409106
	speed: 0.0078s/iter; left time: 793.3910s
	iters: 900, epoch: 3 | loss: 0.4156518
	speed: 0.0078s/iter; left time: 792.4265s
	iters: 1000, epoch: 3 | loss: 0.3947702
	speed: 0.0077s/iter; left time: 782.1573s
Epoch: 3 cost time: 8.02196216583252
Epoch: 3, Steps: 1048 | Train Loss: 0.4733826 Vali Loss: 0.2933300
EarlyStopping counter: 1 out of 6
Updating learning rate to 0.000125
	iters: 100, epoch: 4 | loss: 0.5068317
	speed: 0.0229s/iter; left time: 2327.0398s
	iters: 200, epoch: 4 | loss: 0.3048789
	speed: 0.0077s/iter; left time: 783.7278s
	iters: 300, epoch: 4 | loss: 0.5824850
	speed: 0.0077s/iter; left time: 778.1263s
	iters: 400, epoch: 4 | loss: 0.5070611
	speed: 0.0076s/iter; left time: 765.5819s
	iters: 500, epoch: 4 | loss: 0.4420211
	speed: 0.0075s/iter; left time: 760.1530s
	iters: 600, epoch: 4 | loss: 0.3198063
	speed: 0.0076s/iter; left time: 764.9374s
	iters: 700, epoch: 4 | loss: 0.3141674
	speed: 0.0076s/iter; left time: 762.6477s
	iters: 800, epoch: 4 | loss: 0.5837256
	speed: 0.0080s/iter; left time: 802.9797s
	iters: 900, epoch: 4 | loss: 0.2998879
	speed: 0.0078s/iter; left time: 783.8879s
	iters: 1000, epoch: 4 | loss: 0.4300061
	speed: 0.0077s/iter; left time: 780.0275s
Epoch: 4 cost time: 8.027331829071045
Epoch: 4, Steps: 1048 | Train Loss: 0.4591327 Vali Loss: 0.2875268
EarlyStopping counter: 2 out of 6
Updating learning rate to 6.25e-05
	iters: 100, epoch: 5 | loss: 0.5327467
	speed: 0.0234s/iter; left time: 2355.5644s
	iters: 200, epoch: 5 | loss: 0.3937938
	speed: 0.0079s/iter; left time: 793.6265s
	iters: 300, epoch: 5 | loss: 0.4226581
	speed: 0.0079s/iter; left time: 791.9003s
	iters: 400, epoch: 5 | loss: 0.2969829
	speed: 0.0080s/iter; left time: 806.0718s
	iters: 500, epoch: 5 | loss: 0.4678380
	speed: 0.0077s/iter; left time: 773.8820s
	iters: 600, epoch: 5 | loss: 0.2378243
	speed: 0.0079s/iter; left time: 794.5893s
	iters: 700, epoch: 5 | loss: 0.3996991
	speed: 0.0081s/iter; left time: 808.9984s
	iters: 800, epoch: 5 | loss: 0.2982933
	speed: 0.0082s/iter; left time: 821.2153s
	iters: 900, epoch: 5 | loss: 0.3017583
	speed: 0.0079s/iter; left time: 789.6112s
	iters: 1000, epoch: 5 | loss: 0.5077936
	speed: 0.0077s/iter; left time: 766.5639s
Epoch: 5 cost time: 8.282983779907227
Epoch: 5, Steps: 1048 | Train Loss: 0.4503686 Vali Loss: 0.2877075
EarlyStopping counter: 3 out of 6
Updating learning rate to 3.125e-05
	iters: 100, epoch: 6 | loss: 0.3645326
	speed: 0.0235s/iter; left time: 2342.2890s
	iters: 200, epoch: 6 | loss: 0.7109403
	speed: 0.0078s/iter; left time: 771.2804s
	iters: 300, epoch: 6 | loss: 0.4524339
	speed: 0.0081s/iter; left time: 802.3461s
	iters: 400, epoch: 6 | loss: 0.3153756
	speed: 0.0081s/iter; left time: 798.4057s
	iters: 500, epoch: 6 | loss: 0.3274572
	speed: 0.0078s/iter; left time: 768.6836s
	iters: 600, epoch: 6 | loss: 0.3468262
	speed: 0.0081s/iter; left time: 797.3890s
	iters: 700, epoch: 6 | loss: 1.0897847
	speed: 0.0079s/iter; left time: 784.1617s
	iters: 800, epoch: 6 | loss: 0.3886403
	speed: 0.0080s/iter; left time: 790.0592s
	iters: 900, epoch: 6 | loss: 0.3285200
	speed: 0.0080s/iter; left time: 793.3618s
	iters: 1000, epoch: 6 | loss: 0.5737287
	speed: 0.0078s/iter; left time: 772.0282s
Epoch: 6 cost time: 8.300020217895508
Epoch: 6, Steps: 1048 | Train Loss: 0.4437054 Vali Loss: 0.2885808
EarlyStopping counter: 4 out of 6
Updating learning rate to 1.5625e-05
	iters: 100, epoch: 7 | loss: 0.3536451
	speed: 0.0239s/iter; left time: 2348.2235s
	iters: 200, epoch: 7 | loss: 0.2820125
	speed: 0.0076s/iter; left time: 747.4167s
	iters: 300, epoch: 7 | loss: 0.5466453
	speed: 0.0077s/iter; left time: 754.4319s
	iters: 400, epoch: 7 | loss: 0.4485518
	speed: 0.0082s/iter; left time: 800.8928s
	iters: 500, epoch: 7 | loss: 0.3800429
	speed: 0.0081s/iter; left time: 789.2354s
	iters: 600, epoch: 7 | loss: 0.4808338
	speed: 0.0082s/iter; left time: 804.8391s
	iters: 700, epoch: 7 | loss: 0.3805531
	speed: 0.0079s/iter; left time: 771.7747s
	iters: 800, epoch: 7 | loss: 0.2701380
	speed: 0.0079s/iter; left time: 773.4637s
	iters: 900, epoch: 7 | loss: 0.2123417
	speed: 0.0078s/iter; left time: 765.0487s
	iters: 1000, epoch: 7 | loss: 0.3362271
	speed: 0.0078s/iter; left time: 760.6693s
Epoch: 7 cost time: 8.268569946289062
Epoch: 7, Steps: 1048 | Train Loss: 0.4408445 Vali Loss: 0.2879481
EarlyStopping counter: 5 out of 6
Updating learning rate to 7.8125e-06
	iters: 100, epoch: 8 | loss: 0.4924673
	speed: 0.0235s/iter; left time: 2286.2897s
	iters: 200, epoch: 8 | loss: 0.4487838
	speed: 0.0078s/iter; left time: 761.8122s
	iters: 300, epoch: 8 | loss: 0.7086902
	speed: 0.0079s/iter; left time: 769.7352s
	iters: 400, epoch: 8 | loss: 0.4887107
	speed: 0.0078s/iter; left time: 755.0281s
	iters: 500, epoch: 8 | loss: 0.2568454
	speed: 0.0081s/iter; left time: 788.4327s
	iters: 600, epoch: 8 | loss: 0.3598859
	speed: 0.0080s/iter; left time: 770.8269s
	iters: 700, epoch: 8 | loss: 0.3377640
	speed: 0.0077s/iter; left time: 745.9459s
	iters: 800, epoch: 8 | loss: 0.3847986
	speed: 0.0081s/iter; left time: 778.6186s
	iters: 900, epoch: 8 | loss: 0.3666109
	speed: 0.0077s/iter; left time: 742.9505s
	iters: 1000, epoch: 8 | loss: 0.2658361
	speed: 0.0078s/iter; left time: 753.8488s
Epoch: 8 cost time: 8.24210810661316
Epoch: 8, Steps: 1048 | Train Loss: 0.4395432 Vali Loss: 0.2876891
EarlyStopping counter: 6 out of 6
Early stopping
VALIDATION_RESULT {"best_epoch": 2, "best_mae": 0.36456647731403335, "best_mse": 0.2809929982229815, "epochs_ran": 8, "metric_version": "element_weighted_v1", "train_duration_seconds": 76.65807082736865, "train_peak_cuda_memory_bytes": 413945856}
>>>>>>>testing : long_term_forecast_ETTm2_336_720_coreabl_ettm2_p720_no_patch_s2021_TimeRole_ETTm2_ftM_sl336_ll48_pl720_dm64_nh8_el1_dl1_df128_expand2_dc2_fc1_ebtimeF_dtTrue_coreabl_ettm2_p720_no_patch_s2021_0<<<<<<<<<<<<<<<<<<<<<<<<<<<<<<<<<
test 10801
EVALUATION_RESULT {"batches": 338, "elapsed_seconds": 1.3168463329784572, "elements": 54437040, "gate_abs_mean": 0.11175950616598129, "gate_max": 0.00803358480334282, "gate_mean": -0.10946420580148697, "gate_min": -0.17086772620677948, "gate_values": [-0.1586541384458542, -0.17086772620677948, -0.06808064877986908, -0.17061865329742432, -0.0533091276884079, 0.00803358480334282, -0.15275268256664276], "mae": 0.4094032479424855, "memory_correction_mae": 0.09915777414211273, "memory_correction_rms": 0.1967865153796577, "metric_version": "element_weighted_v1", "milliseconds_per_batch": 3.895995067983601, "mse": 0.4036394046409508, "origin_count": 10801, "origin_metric_version": "per_forecast_origin_mean_v1", "origin_metrics_path": "/home/cwh/Time-Series-Library/logs/timerole_core_ablation/checkpoints/long_term_forecast_ETTm2_336_720_coreabl_ettm2_p720_no_patch_s2021_TimeRole_ETTm2_ftM_sl336_ll48_pl720_dm64_nh8_el1_dl1_df128_expand2_dc2_fc1_ebtimeF_dtTrue_coreabl_ettm2_p720_no_patch_s2021_0/test_origin_metrics.npz", "parameter_count": 4623821, "peak_cuda_memory_bytes": 167735808, "split": "test", "test_accessed": true, "timerole_intervention": "intact"}
mse:0.4036394046409508, mae:0.4094032479424855, dtw:Not calculated
