Using GPU
Args in experiment:
[1mBasic Config[0m
  Task Name:          long_term_forecast  Is Training:        1                   
  Model ID:           Weather_336_192_coreabl_weather_p192_no_graph_s2021Model:              TimeRole            

[1mData Loader[0m
  Data:               custom              Root Path:          /home/cwh/Time-Series-Library/dataset/weather
  Data Path:          weather.csv         Features:           M                   
  Target:             CO2 (ppm)           Freq:               h                   
  Checkpoints:        /home/cwh/Time-Series-Library/logs/timerole_core_ablation/checkpoints

[1mForecasting Task[0m
  Seq Len:            336                 Label Len:          48                  
  Pred Len:           192                 Seasonal Patterns:  Monthly             
  Inverse:            0                   

[1mModel Parameters[0m
  Top k:              5                   Num Kernels:        6                   
  Enc In:             21                  Dec In:             21                  
  C Out:              21                  d model:            64                  
  n heads:            8                   e layers:           1                   
  d layers:           1                   d FF:               128                 
  Moving Avg:         25                  Factor:             1                   
  Distil:             1                   Dropout:            0.1                 
  Embed:              timeF               Activation:         gelu                

[1mRun Parameters[0m
  Num Workers:        0                   Itr:                1                   
  Train Epochs:       100                 Batch Size:         32                  
  Patience:           6                   Learning Rate:      0.0005              
  Des:                coreabl_weather_p192_no_graph_s2021Loss:               MSE                 
  Lradj:              type1               Use Amp:            0                   

[1mGPU[0m
  Use GPU:            1                   GPU:                0                   
  Use Multi GPU:      0                   Devices:            0,1,2,3             

[1mDe-stationary Projector Params[0m
  P Hidden Dims:      128, 128            P Hidden Layers:    2                   

Use GPU: cuda:0
🚀 Lazy Loading: TimeRole ...
>>>>>>>start training : long_term_forecast_Weather_336_192_coreabl_weather_p192_no_graph_s2021_TimeRole_custom_ftM_sl336_ll48_pl192_dm64_nh8_el1_dl1_df128_expand2_dc2_fc1_ebtimeF_dtTrue_coreabl_weather_p192_no_graph_s2021_0>>>>>>>>>>>>>>>>>>>>>>>>>>
train 36360
val 5079
	iters: 100, epoch: 1 | loss: 0.5613354
	speed: 0.0259s/iter; left time: 2939.3063s
	iters: 200, epoch: 1 | loss: 0.5620074
	speed: 0.0240s/iter; left time: 2723.7381s
	iters: 300, epoch: 1 | loss: 0.6020042
	speed: 0.0241s/iter; left time: 2729.0468s
	iters: 400, epoch: 1 | loss: 0.5106571
	speed: 0.0238s/iter; left time: 2693.9620s
	iters: 500, epoch: 1 | loss: 0.5037840
	speed: 0.0239s/iter; left time: 2709.4582s
	iters: 600, epoch: 1 | loss: 0.4117645
	speed: 0.0238s/iter; left time: 2697.2749s
	iters: 700, epoch: 1 | loss: 0.4765728
	speed: 0.0238s/iter; left time: 2688.0090s
	iters: 800, epoch: 1 | loss: 0.5139208
	speed: 0.0238s/iter; left time: 2688.5782s
	iters: 900, epoch: 1 | loss: 0.3737334
	speed: 0.0238s/iter; left time: 2684.1699s
	iters: 1000, epoch: 1 | loss: 0.4453133
	speed: 0.0238s/iter; left time: 2685.3401s
	iters: 1100, epoch: 1 | loss: 0.3589636
	speed: 0.0238s/iter; left time: 2680.0873s
Epoch: 1 cost time: 27.333995819091797
Epoch: 1, Steps: 1137 | Train Loss: 0.5818045 Vali Loss: 0.4801401
Validation loss decreased (inf --> 0.480140).  Saving model ...
Updating learning rate to 0.0005
	iters: 100, epoch: 2 | loss: 0.6103904
	speed: 0.0465s/iter; left time: 5224.1287s
	iters: 200, epoch: 2 | loss: 0.8954816
	speed: 0.0240s/iter; left time: 2695.2897s
	iters: 300, epoch: 2 | loss: 0.3982490
	speed: 0.0239s/iter; left time: 2682.1708s
	iters: 400, epoch: 2 | loss: 0.4862624
	speed: 0.0240s/iter; left time: 2694.2466s
	iters: 500, epoch: 2 | loss: 0.3170640
	speed: 0.0239s/iter; left time: 2675.0698s
	iters: 600, epoch: 2 | loss: 0.3736920
	speed: 0.0239s/iter; left time: 2676.2117s
	iters: 700, epoch: 2 | loss: 0.4235313
	speed: 0.0239s/iter; left time: 2669.2824s
	iters: 800, epoch: 2 | loss: 0.3594517
	speed: 0.0239s/iter; left time: 2665.9977s
	iters: 900, epoch: 2 | loss: 0.3290764
	speed: 0.0238s/iter; left time: 2658.0820s
	iters: 1000, epoch: 2 | loss: 0.8777280
	speed: 0.0239s/iter; left time: 2667.7778s
	iters: 1100, epoch: 2 | loss: 0.3796192
	speed: 0.0237s/iter; left time: 2643.2888s
Epoch: 2 cost time: 27.15678310394287
Epoch: 2, Steps: 1137 | Train Loss: 0.4888635 Vali Loss: 0.4679248
Validation loss decreased (0.480140 --> 0.467925).  Saving model ...
Updating learning rate to 0.00025
	iters: 100, epoch: 3 | loss: 0.3215907
	speed: 0.0461s/iter; left time: 5135.3201s
	iters: 200, epoch: 3 | loss: 0.8503717
	speed: 0.0241s/iter; left time: 2677.0677s
	iters: 300, epoch: 3 | loss: 0.3313385
	speed: 0.0239s/iter; left time: 2659.5967s
	iters: 400, epoch: 3 | loss: 0.4120714
	speed: 0.0240s/iter; left time: 2663.8259s
	iters: 500, epoch: 3 | loss: 0.8662564
	speed: 0.0239s/iter; left time: 2653.8059s
	iters: 600, epoch: 3 | loss: 0.2611335
	speed: 0.0238s/iter; left time: 2639.4594s
	iters: 700, epoch: 3 | loss: 0.3908733
	speed: 0.0239s/iter; left time: 2650.9256s
	iters: 800, epoch: 3 | loss: 0.3862780
	speed: 0.0238s/iter; left time: 2634.1956s
	iters: 900, epoch: 3 | loss: 0.4770312
	speed: 0.0238s/iter; left time: 2634.6589s
	iters: 1000, epoch: 3 | loss: 0.3880019
	speed: 0.0239s/iter; left time: 2635.8407s
	iters: 1100, epoch: 3 | loss: 0.3804123
	speed: 0.0237s/iter; left time: 2617.5675s
Epoch: 3 cost time: 27.153935194015503
Epoch: 3, Steps: 1137 | Train Loss: 0.4732276 Vali Loss: 0.4607775
Validation loss decreased (0.467925 --> 0.460778).  Saving model ...
Updating learning rate to 0.000125
	iters: 100, epoch: 4 | loss: 0.8573926
	speed: 0.0461s/iter; left time: 5085.2441s
	iters: 200, epoch: 4 | loss: 0.4195238
	speed: 0.0239s/iter; left time: 2636.1518s
	iters: 300, epoch: 4 | loss: 0.9014277
	speed: 0.0239s/iter; left time: 2630.1507s
	iters: 400, epoch: 4 | loss: 0.3808324
	speed: 0.0240s/iter; left time: 2636.8345s
	iters: 500, epoch: 4 | loss: 0.4015104
	speed: 0.0240s/iter; left time: 2632.8974s
	iters: 600, epoch: 4 | loss: 0.4145037
	speed: 0.0238s/iter; left time: 2613.4133s
	iters: 700, epoch: 4 | loss: 0.3180867
	speed: 0.0239s/iter; left time: 2617.7931s
	iters: 800, epoch: 4 | loss: 0.7869409
	speed: 0.0239s/iter; left time: 2618.2693s
	iters: 900, epoch: 4 | loss: 0.3983311
	speed: 0.0281s/iter; left time: 3073.3326s
	iters: 1000, epoch: 4 | loss: 0.5106845
	speed: 0.0239s/iter; left time: 2609.6894s
	iters: 1100, epoch: 4 | loss: 0.3429993
	speed: 0.0241s/iter; left time: 2633.0307s
Epoch: 4 cost time: 27.621320486068726
Epoch: 4, Steps: 1137 | Train Loss: 0.4678629 Vali Loss: 0.4564737
Validation loss decreased (0.460778 --> 0.456474).  Saving model ...
Updating learning rate to 6.25e-05
	iters: 100, epoch: 5 | loss: 0.3671454
	speed: 0.0463s/iter; left time: 5050.6056s
	iters: 200, epoch: 5 | loss: 0.3280109
	speed: 0.0240s/iter; left time: 2616.0600s
	iters: 300, epoch: 5 | loss: 0.3764466
	speed: 0.0239s/iter; left time: 2605.5500s
	iters: 400, epoch: 5 | loss: 0.3016939
	speed: 0.0239s/iter; left time: 2597.1451s
	iters: 500, epoch: 5 | loss: 0.3444685
	speed: 0.0239s/iter; left time: 2598.0982s
	iters: 600, epoch: 5 | loss: 0.3675672
	speed: 0.0240s/iter; left time: 2607.9474s
	iters: 700, epoch: 5 | loss: 0.3346269
	speed: 0.0241s/iter; left time: 2610.9569s
	iters: 800, epoch: 5 | loss: 0.8079367
	speed: 0.0241s/iter; left time: 2615.2547s
	iters: 900, epoch: 5 | loss: 0.3094272
	speed: 0.0241s/iter; left time: 2603.6317s
	iters: 1000, epoch: 5 | loss: 0.3444799
	speed: 0.0241s/iter; left time: 2604.2727s
	iters: 1100, epoch: 5 | loss: 0.3923597
	speed: 0.0240s/iter; left time: 2588.7924s
Epoch: 5 cost time: 27.278574228286743
Epoch: 5, Steps: 1137 | Train Loss: 0.4648482 Vali Loss: 0.4558413
Validation loss decreased (0.456474 --> 0.455841).  Saving model ...
Updating learning rate to 3.125e-05
	iters: 100, epoch: 6 | loss: 0.3104067
	speed: 0.0464s/iter; left time: 5012.3537s
	iters: 200, epoch: 6 | loss: 0.7928340
	speed: 0.0239s/iter; left time: 2573.4588s
	iters: 300, epoch: 6 | loss: 0.3897697
	speed: 0.0240s/iter; left time: 2586.9895s
	iters: 400, epoch: 6 | loss: 0.4469797
	speed: 0.0240s/iter; left time: 2579.3136s
	iters: 500, epoch: 6 | loss: 0.8944829
	speed: 0.0240s/iter; left time: 2578.2796s
	iters: 600, epoch: 6 | loss: 1.1263841
	speed: 0.0240s/iter; left time: 2578.9038s
	iters: 700, epoch: 6 | loss: 0.4678801
	speed: 0.0239s/iter; left time: 2567.1926s
	iters: 800, epoch: 6 | loss: 0.3696668
	speed: 0.0240s/iter; left time: 2569.8904s
	iters: 900, epoch: 6 | loss: 0.3399262
	speed: 0.0241s/iter; left time: 2582.9736s
	iters: 1000, epoch: 6 | loss: 0.3677789
	speed: 0.0239s/iter; left time: 2562.7857s
	iters: 1100, epoch: 6 | loss: 0.3570622
	speed: 0.0240s/iter; left time: 2563.0613s
Epoch: 6 cost time: 27.251586437225342
Epoch: 6, Steps: 1137 | Train Loss: 0.4634350 Vali Loss: 0.4545274
Validation loss decreased (0.455841 --> 0.454527).  Saving model ...
Updating learning rate to 1.5625e-05
	iters: 100, epoch: 7 | loss: 0.3855089
	speed: 0.0463s/iter; left time: 4941.1912s
	iters: 200, epoch: 7 | loss: 0.4848638
	speed: 0.0240s/iter; left time: 2555.8789s
	iters: 300, epoch: 7 | loss: 0.4024219
	speed: 0.0240s/iter; left time: 2554.8753s
	iters: 400, epoch: 7 | loss: 0.2777088
	speed: 0.0240s/iter; left time: 2554.0508s
	iters: 500, epoch: 7 | loss: 0.8432603
	speed: 0.0240s/iter; left time: 2548.9260s
	iters: 600, epoch: 7 | loss: 0.3753315
	speed: 0.0239s/iter; left time: 2542.8519s
	iters: 700, epoch: 7 | loss: 0.3660143
	speed: 0.0242s/iter; left time: 2564.4889s
	iters: 800, epoch: 7 | loss: 0.5297158
	speed: 0.0240s/iter; left time: 2548.0322s
	iters: 900, epoch: 7 | loss: 0.3555421
	speed: 0.0241s/iter; left time: 2552.2990s
	iters: 1000, epoch: 7 | loss: 0.4131145
	speed: 0.0241s/iter; left time: 2552.9522s
	iters: 1100, epoch: 7 | loss: 0.3593537
	speed: 0.0239s/iter; left time: 2530.6117s
Epoch: 7 cost time: 27.27466654777527
Epoch: 7, Steps: 1137 | Train Loss: 0.4629153 Vali Loss: 0.4531213
Validation loss decreased (0.454527 --> 0.453121).  Saving model ...
Updating learning rate to 7.8125e-06
	iters: 100, epoch: 8 | loss: 0.8837788
	speed: 0.0464s/iter; left time: 4900.9031s
	iters: 200, epoch: 8 | loss: 0.3729613
	speed: 0.0239s/iter; left time: 2521.9869s
	iters: 300, epoch: 8 | loss: 0.2983367
	speed: 0.0238s/iter; left time: 2510.8315s
	iters: 400, epoch: 8 | loss: 0.3522888
	speed: 0.0237s/iter; left time: 2500.5467s
	iters: 500, epoch: 8 | loss: 0.4627793
	speed: 0.0239s/iter; left time: 2514.3967s
	iters: 600, epoch: 8 | loss: 0.3721517
	speed: 0.0239s/iter; left time: 2508.0225s
	iters: 700, epoch: 8 | loss: 0.3952110
	speed: 0.0239s/iter; left time: 2509.1778s
	iters: 800, epoch: 8 | loss: 0.3882534
	speed: 0.0238s/iter; left time: 2495.7610s
	iters: 900, epoch: 8 | loss: 0.3406479
	speed: 0.0241s/iter; left time: 2524.9845s
	iters: 1000, epoch: 8 | loss: 0.5268700
	speed: 0.0239s/iter; left time: 2500.9543s
	iters: 1100, epoch: 8 | loss: 0.3630726
	speed: 0.0240s/iter; left time: 2506.4121s
Epoch: 8 cost time: 27.15440583229065
Epoch: 8, Steps: 1137 | Train Loss: 0.4621919 Vali Loss: 0.4528887
Validation loss decreased (0.453121 --> 0.452889).  Saving model ...
Updating learning rate to 3.90625e-06
	iters: 100, epoch: 9 | loss: 0.4148519
	speed: 0.0469s/iter; left time: 4899.8068s
	iters: 200, epoch: 9 | loss: 0.8305290
	speed: 0.0241s/iter; left time: 2512.5689s
	iters: 300, epoch: 9 | loss: 0.9531516
	speed: 0.0240s/iter; left time: 2499.9360s
	iters: 400, epoch: 9 | loss: 0.4011687
	speed: 0.0241s/iter; left time: 2508.8852s
	iters: 500, epoch: 9 | loss: 0.3296419
	speed: 0.0241s/iter; left time: 2511.7333s
	iters: 600, epoch: 9 | loss: 0.3056239
	speed: 0.0240s/iter; left time: 2500.0608s
	iters: 700, epoch: 9 | loss: 0.3299173
	speed: 0.0240s/iter; left time: 2491.9129s
	iters: 800, epoch: 9 | loss: 0.7562457
	speed: 0.0241s/iter; left time: 2499.6331s
	iters: 900, epoch: 9 | loss: 0.3814458
	speed: 0.0240s/iter; left time: 2485.5357s
	iters: 1000, epoch: 9 | loss: 0.4612929
	speed: 0.0240s/iter; left time: 2487.1119s
	iters: 1100, epoch: 9 | loss: 0.8811687
	speed: 0.0238s/iter; left time: 2466.2104s
Epoch: 9 cost time: 27.282015800476074
Epoch: 9, Steps: 1137 | Train Loss: 0.4617959 Vali Loss: 0.4532438
EarlyStopping counter: 1 out of 6
Updating learning rate to 1.953125e-06
	iters: 100, epoch: 10 | loss: 0.6238421
	speed: 0.0463s/iter; left time: 4787.0212s
	iters: 200, epoch: 10 | loss: 0.4191378
	speed: 0.0241s/iter; left time: 2491.5398s
	iters: 300, epoch: 10 | loss: 0.4510294
	speed: 0.0240s/iter; left time: 2477.4469s
	iters: 400, epoch: 10 | loss: 0.3260420
	speed: 0.0240s/iter; left time: 2473.0755s
	iters: 500, epoch: 10 | loss: 0.3563365
	speed: 0.0241s/iter; left time: 2480.4590s
	iters: 600, epoch: 10 | loss: 0.2955236
	speed: 0.0239s/iter; left time: 2463.5669s
	iters: 700, epoch: 10 | loss: 0.4350678
	speed: 0.0238s/iter; left time: 2444.2014s
	iters: 800, epoch: 10 | loss: 0.9078963
	speed: 0.0239s/iter; left time: 2448.9133s
	iters: 900, epoch: 10 | loss: 0.9690455
	speed: 0.0239s/iter; left time: 2450.3729s
	iters: 1000, epoch: 10 | loss: 1.3748460
	speed: 0.0239s/iter; left time: 2453.9530s
	iters: 1100, epoch: 10 | loss: 0.3168925
	speed: 0.0238s/iter; left time: 2437.0351s
Epoch: 10 cost time: 27.225099563598633
Epoch: 10, Steps: 1137 | Train Loss: 0.4617916 Vali Loss: 0.4528863
Validation loss decreased (0.452889 --> 0.452886).  Saving model ...
Updating learning rate to 9.765625e-07
	iters: 100, epoch: 11 | loss: 0.3704923
	speed: 0.0463s/iter; left time: 4728.4967s
	iters: 200, epoch: 11 | loss: 0.2945561
	speed: 0.0240s/iter; left time: 2448.6582s
	iters: 300, epoch: 11 | loss: 0.6300438
	speed: 0.0241s/iter; left time: 2460.6914s
	iters: 400, epoch: 11 | loss: 0.4227998
	speed: 0.0239s/iter; left time: 2439.5968s
	iters: 500, epoch: 11 | loss: 0.4152195
	speed: 0.0240s/iter; left time: 2446.4173s
	iters: 600, epoch: 11 | loss: 0.3590261
	speed: 0.0242s/iter; left time: 2463.3492s
	iters: 700, epoch: 11 | loss: 0.3602298
	speed: 0.0239s/iter; left time: 2433.8788s
	iters: 800, epoch: 11 | loss: 0.3833967
	speed: 0.0241s/iter; left time: 2445.2402s
	iters: 900, epoch: 11 | loss: 0.3806925
	speed: 0.0239s/iter; left time: 2427.4144s
	iters: 1000, epoch: 11 | loss: 0.3835248
	speed: 0.0240s/iter; left time: 2428.1538s
	iters: 1100, epoch: 11 | loss: 0.2980320
	speed: 0.0239s/iter; left time: 2418.2051s
Epoch: 11 cost time: 27.270604848861694
Epoch: 11, Steps: 1137 | Train Loss: 0.4616599 Vali Loss: 0.4529375
EarlyStopping counter: 1 out of 6
Updating learning rate to 4.8828125e-07
	iters: 100, epoch: 12 | loss: 0.5737451
	speed: 0.0464s/iter; left time: 4687.0352s
	iters: 200, epoch: 12 | loss: 0.4248387
	speed: 0.0240s/iter; left time: 2419.7889s
	iters: 300, epoch: 12 | loss: 0.4148795
	speed: 0.0240s/iter; left time: 2417.5168s
	iters: 400, epoch: 12 | loss: 0.8201559
	speed: 0.0239s/iter; left time: 2410.2862s
	iters: 500, epoch: 12 | loss: 0.2696412
	speed: 0.0239s/iter; left time: 2407.7936s
	iters: 600, epoch: 12 | loss: 0.3277213
	speed: 0.0240s/iter; left time: 2409.4464s
	iters: 700, epoch: 12 | loss: 0.3789037
	speed: 0.0241s/iter; left time: 2420.3678s
	iters: 800, epoch: 12 | loss: 0.3768347
	speed: 0.0240s/iter; left time: 2408.5449s
	iters: 900, epoch: 12 | loss: 0.8018726
	speed: 0.0240s/iter; left time: 2406.6572s
	iters: 1000, epoch: 12 | loss: 0.4680497
	speed: 0.0240s/iter; left time: 2402.0489s
	iters: 1100, epoch: 12 | loss: 0.3610916
	speed: 0.0239s/iter; left time: 2391.8475s
Epoch: 12 cost time: 27.24937915802002
Epoch: 12, Steps: 1137 | Train Loss: 0.4615465 Vali Loss: 0.4528884
EarlyStopping counter: 2 out of 6
Updating learning rate to 2.44140625e-07
	iters: 100, epoch: 13 | loss: 0.3617180
	speed: 0.0462s/iter; left time: 4614.4776s
	iters: 200, epoch: 13 | loss: 0.3556783
	speed: 0.0239s/iter; left time: 2388.5013s
	iters: 300, epoch: 13 | loss: 0.8283064
	speed: 0.0239s/iter; left time: 2384.1441s
	iters: 400, epoch: 13 | loss: 0.3845131
	speed: 0.0238s/iter; left time: 2373.0625s
	iters: 500, epoch: 13 | loss: 0.4413668
	speed: 0.0240s/iter; left time: 2387.5252s
	iters: 600, epoch: 13 | loss: 0.4912371
	speed: 0.0240s/iter; left time: 2382.0803s
	iters: 700, epoch: 13 | loss: 0.3432941
	speed: 0.0240s/iter; left time: 2380.9023s
	iters: 800, epoch: 13 | loss: 0.3755792
	speed: 0.0239s/iter; left time: 2372.4258s
	iters: 900, epoch: 13 | loss: 0.3466553
	speed: 0.0239s/iter; left time: 2373.8550s
	iters: 1000, epoch: 13 | loss: 0.3341944
	speed: 0.0240s/iter; left time: 2380.6126s
	iters: 1100, epoch: 13 | loss: 0.4350201
	speed: 0.0240s/iter; left time: 2377.8524s
Epoch: 13 cost time: 27.21535301208496
Epoch: 13, Steps: 1137 | Train Loss: 0.4616899 Vali Loss: 0.4528415
Validation loss decreased (0.452886 --> 0.452842).  Saving model ...
Updating learning rate to 1.220703125e-07
	iters: 100, epoch: 14 | loss: 0.5393040
	speed: 0.0464s/iter; left time: 4580.4335s
	iters: 200, epoch: 14 | loss: 0.4091025
	speed: 0.0241s/iter; left time: 2375.1902s
	iters: 300, epoch: 14 | loss: 0.4108557
	speed: 0.0239s/iter; left time: 2360.5326s
	iters: 400, epoch: 14 | loss: 0.4630431
	speed: 0.0240s/iter; left time: 2363.5633s
	iters: 500, epoch: 14 | loss: 0.4198483
	speed: 0.0240s/iter; left time: 2361.1788s
	iters: 600, epoch: 14 | loss: 0.5415134
	speed: 0.0239s/iter; left time: 2348.9984s
	iters: 700, epoch: 14 | loss: 0.3668194
	speed: 0.0240s/iter; left time: 2357.5824s
	iters: 800, epoch: 14 | loss: 0.3111880
	speed: 0.0240s/iter; left time: 2359.4720s
	iters: 900, epoch: 14 | loss: 0.6379566
	speed: 0.0240s/iter; left time: 2350.5028s
	iters: 1000, epoch: 14 | loss: 0.3345535
	speed: 0.0240s/iter; left time: 2349.5709s
	iters: 1100, epoch: 14 | loss: 0.3997720
	speed: 0.0240s/iter; left time: 2352.0453s
Epoch: 14 cost time: 27.25732445716858
Epoch: 14, Steps: 1137 | Train Loss: 0.4615020 Vali Loss: 0.4528417
EarlyStopping counter: 1 out of 6
Updating learning rate to 6.103515625e-08
	iters: 100, epoch: 15 | loss: 0.7884642
	speed: 0.0462s/iter; left time: 4511.2008s
	iters: 200, epoch: 15 | loss: 0.4517559
	speed: 0.0239s/iter; left time: 2331.4377s
	iters: 300, epoch: 15 | loss: 0.3917240
	speed: 0.0241s/iter; left time: 2344.9602s
	iters: 400, epoch: 15 | loss: 0.3507605
	speed: 0.0240s/iter; left time: 2335.9209s
	iters: 500, epoch: 15 | loss: 0.2934121
	speed: 0.0239s/iter; left time: 2322.3568s
	iters: 600, epoch: 15 | loss: 0.5377083
	speed: 0.0239s/iter; left time: 2322.8756s
	iters: 700, epoch: 15 | loss: 0.3687549
	speed: 0.0241s/iter; left time: 2336.6302s
	iters: 800, epoch: 15 | loss: 0.3694157
	speed: 0.0240s/iter; left time: 2323.0480s
	iters: 900, epoch: 15 | loss: 1.3656977
	speed: 0.0240s/iter; left time: 2322.4819s
	iters: 1000, epoch: 15 | loss: 0.3119180
	speed: 0.0241s/iter; left time: 2329.5122s
	iters: 1100, epoch: 15 | loss: 0.3188154
	speed: 0.0240s/iter; left time: 2319.4193s
Epoch: 15 cost time: 27.245079040527344
Epoch: 15, Steps: 1137 | Train Loss: 0.4616450 Vali Loss: 0.4528902
EarlyStopping counter: 2 out of 6
Updating learning rate to 3.0517578125e-08
	iters: 100, epoch: 16 | loss: 0.4058787
	speed: 0.0465s/iter; left time: 4493.0290s
	iters: 200, epoch: 16 | loss: 0.3422331
	speed: 0.0240s/iter; left time: 2314.6797s
	iters: 300, epoch: 16 | loss: 0.3829363
	speed: 0.0240s/iter; left time: 2312.8267s
	iters: 400, epoch: 16 | loss: 0.3844495
	speed: 0.0241s/iter; left time: 2322.4271s
	iters: 500, epoch: 16 | loss: 0.3959547
	speed: 0.0239s/iter; left time: 2297.7034s
	iters: 600, epoch: 16 | loss: 0.3988608
	speed: 0.0239s/iter; left time: 2295.9282s
	iters: 700, epoch: 16 | loss: 0.5176032
	speed: 0.0240s/iter; left time: 2305.9885s
	iters: 800, epoch: 16 | loss: 0.2658999
	speed: 0.0239s/iter; left time: 2294.4651s
	iters: 900, epoch: 16 | loss: 0.3177297
	speed: 0.0240s/iter; left time: 2296.1824s
	iters: 1000, epoch: 16 | loss: 0.3477908
	speed: 0.0241s/iter; left time: 2306.6599s
	iters: 1100, epoch: 16 | loss: 0.3595226
	speed: 0.0240s/iter; left time: 2291.8696s
Epoch: 16 cost time: 27.30074381828308
Epoch: 16, Steps: 1137 | Train Loss: 0.4615075 Vali Loss: 0.4528775
EarlyStopping counter: 3 out of 6
Updating learning rate to 1.52587890625e-08
	iters: 100, epoch: 17 | loss: 0.5869049
	speed: 0.0467s/iter; left time: 4455.6133s
	iters: 200, epoch: 17 | loss: 0.4299283
	speed: 0.0240s/iter; left time: 2288.0024s
	iters: 300, epoch: 17 | loss: 0.3422197
	speed: 0.0240s/iter; left time: 2283.8282s
	iters: 400, epoch: 17 | loss: 0.3319564
	speed: 0.0240s/iter; left time: 2283.6855s
	iters: 500, epoch: 17 | loss: 0.3708134
	speed: 0.0240s/iter; left time: 2284.1032s
	iters: 600, epoch: 17 | loss: 0.4602433
	speed: 0.0238s/iter; left time: 2260.4954s
	iters: 700, epoch: 17 | loss: 0.2832673
	speed: 0.0240s/iter; left time: 2279.5518s
	iters: 800, epoch: 17 | loss: 0.4352527
	speed: 0.0238s/iter; left time: 2253.1076s
	iters: 900, epoch: 17 | loss: 0.7369310
	speed: 0.0239s/iter; left time: 2258.5684s
	iters: 1000, epoch: 17 | loss: 0.3570803
	speed: 0.0240s/iter; left time: 2263.9703s
	iters: 1100, epoch: 17 | loss: 0.2621791
	speed: 0.0241s/iter; left time: 2278.7612s
Epoch: 17 cost time: 27.252814054489136
Epoch: 17, Steps: 1137 | Train Loss: 0.4614657 Vali Loss: 0.4528763
EarlyStopping counter: 4 out of 6
Updating learning rate to 7.62939453125e-09
	iters: 100, epoch: 18 | loss: 0.3791732
	speed: 0.0462s/iter; left time: 4356.6679s
	iters: 200, epoch: 18 | loss: 0.4566585
	speed: 0.0240s/iter; left time: 2256.9738s
	iters: 300, epoch: 18 | loss: 0.3649621
	speed: 0.0239s/iter; left time: 2251.2588s
	iters: 400, epoch: 18 | loss: 0.4277362
	speed: 0.0241s/iter; left time: 2262.6394s
	iters: 500, epoch: 18 | loss: 0.3201620
	speed: 0.0241s/iter; left time: 2260.0284s
	iters: 600, epoch: 18 | loss: 0.4240808
	speed: 0.0240s/iter; left time: 2252.5972s
	iters: 700, epoch: 18 | loss: 0.4218909
	speed: 0.0240s/iter; left time: 2252.3743s
	iters: 800, epoch: 18 | loss: 0.4428850
	speed: 0.0239s/iter; left time: 2235.0475s
	iters: 900, epoch: 18 | loss: 0.8207420
	speed: 0.0240s/iter; left time: 2247.2120s
	iters: 1000, epoch: 18 | loss: 0.2626554
	speed: 0.0241s/iter; left time: 2251.5680s
	iters: 1100, epoch: 18 | loss: 0.3513832
	speed: 0.0239s/iter; left time: 2228.7795s
Epoch: 18 cost time: 27.28796911239624
Epoch: 18, Steps: 1137 | Train Loss: 0.4615282 Vali Loss: 0.4528800
EarlyStopping counter: 5 out of 6
Updating learning rate to 3.814697265625e-09
	iters: 100, epoch: 19 | loss: 0.2768261
	speed: 0.0462s/iter; left time: 4298.4463s
	iters: 200, epoch: 19 | loss: 1.0029176
	speed: 0.0240s/iter; left time: 2230.0765s
	iters: 300, epoch: 19 | loss: 0.2823781
	speed: 0.0242s/iter; left time: 2246.0345s
	iters: 400, epoch: 19 | loss: 0.3145039
	speed: 0.0240s/iter; left time: 2232.3433s
	iters: 500, epoch: 19 | loss: 0.3104258
	speed: 0.0240s/iter; left time: 2221.0446s
	iters: 600, epoch: 19 | loss: 0.4598818
	speed: 0.0239s/iter; left time: 2211.8999s
	iters: 700, epoch: 19 | loss: 0.6271666
	speed: 0.0241s/iter; left time: 2229.9431s
	iters: 800, epoch: 19 | loss: 0.3334765
	speed: 0.0241s/iter; left time: 2224.2734s
	iters: 900, epoch: 19 | loss: 0.3864593
	speed: 0.0240s/iter; left time: 2213.8127s
	iters: 1000, epoch: 19 | loss: 0.3655450
	speed: 0.0240s/iter; left time: 2217.5260s
	iters: 1100, epoch: 19 | loss: 0.7919775
	speed: 0.0237s/iter; left time: 2185.4095s
Epoch: 19 cost time: 27.242063999176025
Epoch: 19, Steps: 1137 | Train Loss: 0.4616882 Vali Loss: 0.4528797
EarlyStopping counter: 6 out of 6
Early stopping
VALIDATION_RESULT {"best_epoch": 13, "best_mae": 0.31340658104491204, "best_mse": 0.4528415425174999, "epochs_ran": 19, "metric_version": "element_weighted_v1", "train_duration_seconds": 545.431369856, "train_peak_cuda_memory_bytes": 1466589184}
>>>>>>>testing : long_term_forecast_Weather_336_192_coreabl_weather_p192_no_graph_s2021_TimeRole_custom_ftM_sl336_ll48_pl192_dm64_nh8_el1_dl1_df128_expand2_dc2_fc1_ebtimeF_dtTrue_coreabl_weather_p192_no_graph_s2021_0<<<<<<<<<<<<<<<<<<<<<<<<<<<<<<<<<
test 10348
EVALUATION_RESULT {"batches": 324, "elapsed_seconds": 2.879963966086507, "elements": 41723136, "gate_abs_mean": 0.16007068753242493, "gate_max": 0.29044109582901, "gate_mean": 0.16007068753242493, "gate_min": 0.007666074205189943, "gate_values": [0.10323242843151093, 0.22232946753501892, 0.22116738557815552, 0.10736643522977829, 0.21936042606830597, 0.23572824895381927, 0.12739069759845734, 0.24222879111766815, 0.1267164945602417, 0.1264253407716751, 0.1851118803024292, 0.009169120341539383, 0.20774859189987183, 0.08139870315790176, 0.011868596076965332, 0.019873343408107758, 0.2877747118473053, 0.28929755091667175, 0.29044109582901, 0.23918865621089935, 0.007666074205189943], "mae": 0.23661850913642749, "memory_correction_mae": 0.09834410936076816, "memory_correction_rms": 0.15976980907081229, "metric_version": "element_weighted_v1", "milliseconds_per_batch": 8.888777673106503, "mse": 0.188964221671206, "origin_count": 10348, "origin_metric_version": "per_forecast_origin_mean_v1", "origin_metrics_path": "/home/cwh/Time-Series-Library/logs/timerole_core_ablation/checkpoints/long_term_forecast_Weather_336_192_coreabl_weather_p192_no_graph_s2021_TimeRole_custom_ftM_sl336_ll48_pl192_dm64_nh8_el1_dl1_df128_expand2_dc2_fc1_ebtimeF_dtTrue_coreabl_weather_p192_no_graph_s2021_0/test_origin_metrics.npz", "parameter_count": 1893749, "peak_cuda_memory_bytes": 408517632, "split": "test", "test_accessed": true, "timerole_intervention": "intact"}
mse:0.188964221671206, mae:0.23661850913642749, dtw:Not calculated
