Using GPU
Args in experiment:
[1mBasic Config[0m
  Task Name:          long_term_forecast  Is Training:        1                   
  Model ID:           Weather_336_720_coreabl_weather_p720_no_decomp_s2021Model:              TimeRole            

[1mData Loader[0m
  Data:               custom              Root Path:          /home/cwh/Time-Series-Library/dataset/weather
  Data Path:          weather.csv         Features:           M                   
  Target:             CO2 (ppm)           Freq:               h                   
  Checkpoints:        /home/cwh/Time-Series-Library/logs/timerole_core_ablation/checkpoints

[1mForecasting Task[0m
  Seq Len:            336                 Label Len:          48                  
  Pred Len:           720                 Seasonal Patterns:  Monthly             
  Inverse:            0                   

[1mModel Parameters[0m
  Top k:              5                   Num Kernels:        6                   
  Enc In:             21                  Dec In:             21                  
  C Out:              21                  d model:            64                  
  n heads:            8                   e layers:           1                   
  d layers:           1                   d FF:               128                 
  Moving Avg:         25                  Factor:             1                   
  Distil:             1                   Dropout:            0.1                 
  Embed:              timeF               Activation:         gelu                

[1mRun Parameters[0m
  Num Workers:        0                   Itr:                1                   
  Train Epochs:       100                 Batch Size:         32                  
  Patience:           6                   Learning Rate:      0.0005              
  Des:                coreabl_weather_p720_no_decomp_s2021Loss:               MSE                 
  Lradj:              type1               Use Amp:            0                   

[1mGPU[0m
  Use GPU:            1                   GPU:                0                   
  Use Multi GPU:      0                   Devices:            0,1,2,3             

[1mDe-stationary Projector Params[0m
  P Hidden Dims:      128, 128            P Hidden Layers:    2                   

Use GPU: cuda:0
🚀 Lazy Loading: TimeRole ...
[GraphMamba] Building 21x21 static graph from 2000 training samples
>>>>>>>start training : long_term_forecast_Weather_336_720_coreabl_weather_p720_no_decomp_s2021_TimeRole_custom_ftM_sl336_ll48_pl720_dm64_nh8_el1_dl1_df128_expand2_dc2_fc1_ebtimeF_dtTrue_coreabl_weather_p720_no_decomp_s2021_0>>>>>>>>>>>>>>>>>>>>>>>>>>
train 35832
val 4551
	iters: 100, epoch: 1 | loss: 0.7577251
	speed: 0.0278s/iter; left time: 3110.3142s
	iters: 200, epoch: 1 | loss: 0.7544287
	speed: 0.0259s/iter; left time: 2897.0956s
	iters: 300, epoch: 1 | loss: 0.5375141
	speed: 0.0259s/iter; left time: 2892.6981s
	iters: 400, epoch: 1 | loss: 0.6885282
	speed: 0.0258s/iter; left time: 2881.0368s
	iters: 500, epoch: 1 | loss: 0.5620154
	speed: 0.0260s/iter; left time: 2899.9274s
	iters: 600, epoch: 1 | loss: 0.6468086
	speed: 0.0259s/iter; left time: 2883.6375s
	iters: 700, epoch: 1 | loss: 0.6771659
	speed: 0.0260s/iter; left time: 2890.3926s
	iters: 800, epoch: 1 | loss: 0.5405551
	speed: 0.0258s/iter; left time: 2864.1003s
	iters: 900, epoch: 1 | loss: 0.5875031
	speed: 0.0259s/iter; left time: 2876.0555s
	iters: 1000, epoch: 1 | loss: 0.5056841
	speed: 0.0259s/iter; left time: 2874.5320s
	iters: 1100, epoch: 1 | loss: 0.5080459
	speed: 0.0258s/iter; left time: 2866.5751s
Epoch: 1 cost time: 29.189479112625122
Epoch: 1, Steps: 1120 | Train Loss: 0.6827206 Vali Loss: 0.6631785
Validation loss decreased (inf --> 0.663179).  Saving model ...
Updating learning rate to 0.0005
	iters: 100, epoch: 2 | loss: 0.4963568
	speed: 0.0452s/iter; left time: 5002.1769s
	iters: 200, epoch: 2 | loss: 0.5144922
	speed: 0.0258s/iter; left time: 2859.2245s
	iters: 300, epoch: 2 | loss: 0.5715928
	speed: 0.0259s/iter; left time: 2861.4161s
	iters: 400, epoch: 2 | loss: 0.5339701
	speed: 0.0258s/iter; left time: 2855.1753s
	iters: 500, epoch: 2 | loss: 0.5020552
	speed: 0.0260s/iter; left time: 2867.8882s
	iters: 600, epoch: 2 | loss: 0.7973702
	speed: 0.0259s/iter; left time: 2860.3159s
	iters: 700, epoch: 2 | loss: 0.5024027
	speed: 0.0259s/iter; left time: 2855.8161s
	iters: 800, epoch: 2 | loss: 0.5419092
	speed: 0.0259s/iter; left time: 2852.4421s
	iters: 900, epoch: 2 | loss: 0.5146322
	speed: 0.0258s/iter; left time: 2836.4682s
	iters: 1000, epoch: 2 | loss: 0.5647207
	speed: 0.0259s/iter; left time: 2841.2792s
	iters: 1100, epoch: 2 | loss: 0.6582230
	speed: 0.0258s/iter; left time: 2835.9379s
Epoch: 2 cost time: 28.96803641319275
Epoch: 2, Steps: 1120 | Train Loss: 0.6139190 Vali Loss: 0.6650586
EarlyStopping counter: 1 out of 6
Updating learning rate to 0.00025
	iters: 100, epoch: 3 | loss: 0.6320121
	speed: 0.0450s/iter; left time: 4933.2547s
	iters: 200, epoch: 3 | loss: 0.5273706
	speed: 0.0259s/iter; left time: 2837.2236s
	iters: 300, epoch: 3 | loss: 0.6579976
	speed: 0.0259s/iter; left time: 2829.5896s
	iters: 400, epoch: 3 | loss: 0.5469636
	speed: 0.0258s/iter; left time: 2821.5387s
	iters: 500, epoch: 3 | loss: 0.7816300
	speed: 0.0258s/iter; left time: 2818.3195s
	iters: 600, epoch: 3 | loss: 0.7311344
	speed: 0.0259s/iter; left time: 2832.4001s
	iters: 700, epoch: 3 | loss: 0.5891451
	speed: 0.0258s/iter; left time: 2808.4662s
	iters: 800, epoch: 3 | loss: 0.6698410
	speed: 0.0258s/iter; left time: 2814.1311s
	iters: 900, epoch: 3 | loss: 0.5061032
	speed: 0.0259s/iter; left time: 2815.9734s
	iters: 1000, epoch: 3 | loss: 0.5301352
	speed: 0.0260s/iter; left time: 2830.6979s
	iters: 1100, epoch: 3 | loss: 0.5153024
	speed: 0.0260s/iter; left time: 2822.6507s
Epoch: 3 cost time: 28.96726083755493
Epoch: 3, Steps: 1120 | Train Loss: 0.5998130 Vali Loss: 0.6514073
Validation loss decreased (0.663179 --> 0.651407).  Saving model ...
Updating learning rate to 0.000125
	iters: 100, epoch: 4 | loss: 0.7875962
	speed: 0.0452s/iter; left time: 4910.6137s
	iters: 200, epoch: 4 | loss: 0.5885357
	speed: 0.0259s/iter; left time: 2808.2136s
	iters: 300, epoch: 4 | loss: 0.7833068
	speed: 0.0259s/iter; left time: 2808.0068s
	iters: 400, epoch: 4 | loss: 0.5462361
	speed: 0.0259s/iter; left time: 2807.5273s
	iters: 500, epoch: 4 | loss: 0.7527601
	speed: 0.0259s/iter; left time: 2798.5430s
	iters: 600, epoch: 4 | loss: 0.7995400
	speed: 0.0259s/iter; left time: 2796.5048s
	iters: 700, epoch: 4 | loss: 0.5803574
	speed: 0.0258s/iter; left time: 2785.2110s
	iters: 800, epoch: 4 | loss: 0.4662438
	speed: 0.0258s/iter; left time: 2785.4556s
	iters: 900, epoch: 4 | loss: 0.5522782
	speed: 0.0260s/iter; left time: 2796.6070s
	iters: 1000, epoch: 4 | loss: 0.5179692
	speed: 0.0258s/iter; left time: 2780.9960s
	iters: 1100, epoch: 4 | loss: 0.4696091
	speed: 0.0259s/iter; left time: 2785.7036s
Epoch: 4 cost time: 28.986815452575684
Epoch: 4, Steps: 1120 | Train Loss: 0.5941384 Vali Loss: 0.6437618
Validation loss decreased (0.651407 --> 0.643762).  Saving model ...
Updating learning rate to 6.25e-05
	iters: 100, epoch: 5 | loss: 0.6255506
	speed: 0.0452s/iter; left time: 4856.6334s
	iters: 200, epoch: 5 | loss: 0.6082160
	speed: 0.0258s/iter; left time: 2765.7460s
	iters: 300, epoch: 5 | loss: 0.7004209
	speed: 0.0259s/iter; left time: 2772.5027s
	iters: 400, epoch: 5 | loss: 0.6916454
	speed: 0.0258s/iter; left time: 2764.0652s
	iters: 500, epoch: 5 | loss: 0.4348724
	speed: 0.0258s/iter; left time: 2759.0081s
	iters: 600, epoch: 5 | loss: 0.5331472
	speed: 0.0259s/iter; left time: 2770.7826s
	iters: 700, epoch: 5 | loss: 0.7725492
	speed: 0.0259s/iter; left time: 2762.3722s
	iters: 800, epoch: 5 | loss: 0.7857065
	speed: 0.0259s/iter; left time: 2763.0616s
	iters: 900, epoch: 5 | loss: 0.5153008
	speed: 0.0260s/iter; left time: 2767.0890s
	iters: 1000, epoch: 5 | loss: 0.4544342
	speed: 0.0258s/iter; left time: 2749.0356s
	iters: 1100, epoch: 5 | loss: 0.7011512
	speed: 0.0259s/iter; left time: 2754.6652s
Epoch: 5 cost time: 28.946225881576538
Epoch: 5, Steps: 1120 | Train Loss: 0.5912687 Vali Loss: 0.6430339
Validation loss decreased (0.643762 --> 0.643034).  Saving model ...
Updating learning rate to 3.125e-05
	iters: 100, epoch: 6 | loss: 0.6705340
	speed: 0.0455s/iter; left time: 4832.4298s
	iters: 200, epoch: 6 | loss: 0.5097660
	speed: 0.0259s/iter; left time: 2749.6148s
	iters: 300, epoch: 6 | loss: 0.5641136
	speed: 0.0258s/iter; left time: 2737.3116s
	iters: 400, epoch: 6 | loss: 0.6424605
	speed: 0.0257s/iter; left time: 2727.3147s
	iters: 500, epoch: 6 | loss: 0.7349563
	speed: 0.0259s/iter; left time: 2738.7278s
	iters: 600, epoch: 6 | loss: 0.6020460
	speed: 0.0259s/iter; left time: 2742.9083s
	iters: 700, epoch: 6 | loss: 0.5418354
	speed: 0.0258s/iter; left time: 2731.1474s
	iters: 800, epoch: 6 | loss: 0.5155402
	speed: 0.0259s/iter; left time: 2736.9652s
	iters: 900, epoch: 6 | loss: 0.5970387
	speed: 0.0259s/iter; left time: 2731.6546s
	iters: 1000, epoch: 6 | loss: 0.6801056
	speed: 0.0258s/iter; left time: 2722.0235s
	iters: 1100, epoch: 6 | loss: 0.4818594
	speed: 0.0259s/iter; left time: 2723.7825s
Epoch: 6 cost time: 28.963236808776855
Epoch: 6, Steps: 1120 | Train Loss: 0.5896533 Vali Loss: 0.6394525
Validation loss decreased (0.643034 --> 0.639453).  Saving model ...
Updating learning rate to 1.5625e-05
	iters: 100, epoch: 7 | loss: 0.4754072
	speed: 0.0453s/iter; left time: 4761.4355s
	iters: 200, epoch: 7 | loss: 0.5854706
	speed: 0.0259s/iter; left time: 2722.8530s
	iters: 300, epoch: 7 | loss: 0.7578936
	speed: 0.0259s/iter; left time: 2720.8768s
	iters: 400, epoch: 7 | loss: 0.5886307
	speed: 0.0259s/iter; left time: 2718.4850s
	iters: 500, epoch: 7 | loss: 0.6553988
	speed: 0.0260s/iter; left time: 2727.2055s
	iters: 600, epoch: 7 | loss: 0.7331313
	speed: 0.0259s/iter; left time: 2711.7043s
	iters: 700, epoch: 7 | loss: 0.5402898
	speed: 0.0259s/iter; left time: 2713.8269s
	iters: 800, epoch: 7 | loss: 0.5275221
	speed: 0.0259s/iter; left time: 2710.9190s
	iters: 900, epoch: 7 | loss: 0.7972457
	speed: 0.0259s/iter; left time: 2699.9334s
	iters: 1000, epoch: 7 | loss: 0.6325417
	speed: 0.0258s/iter; left time: 2686.5779s
	iters: 1100, epoch: 7 | loss: 0.5685304
	speed: 0.0259s/iter; left time: 2702.8333s
Epoch: 7 cost time: 29.008625268936157
Epoch: 7, Steps: 1120 | Train Loss: 0.5888627 Vali Loss: 0.6413267
EarlyStopping counter: 1 out of 6
Updating learning rate to 7.8125e-06
	iters: 100, epoch: 8 | loss: 0.5077951
	speed: 0.0452s/iter; left time: 4699.1653s
	iters: 200, epoch: 8 | loss: 0.5631890
	speed: 0.0259s/iter; left time: 2690.1464s
	iters: 300, epoch: 8 | loss: 0.7069401
	speed: 0.0258s/iter; left time: 2675.8667s
	iters: 400, epoch: 8 | loss: 0.5184865
	speed: 0.0258s/iter; left time: 2672.9947s
	iters: 500, epoch: 8 | loss: 0.5296029
	speed: 0.0256s/iter; left time: 2658.5243s
	iters: 600, epoch: 8 | loss: 0.4399590
	speed: 0.0258s/iter; left time: 2670.8742s
	iters: 700, epoch: 8 | loss: 0.9817950
	speed: 0.0258s/iter; left time: 2669.7646s
	iters: 800, epoch: 8 | loss: 0.6521561
	speed: 0.0258s/iter; left time: 2663.1412s
	iters: 900, epoch: 8 | loss: 0.7622342
	speed: 0.0258s/iter; left time: 2659.0520s
	iters: 1000, epoch: 8 | loss: 0.6103920
	speed: 0.0258s/iter; left time: 2659.3569s
	iters: 1100, epoch: 8 | loss: 0.5703002
	speed: 0.0258s/iter; left time: 2656.7016s
Epoch: 8 cost time: 28.87276029586792
Epoch: 8, Steps: 1120 | Train Loss: 0.5883773 Vali Loss: 0.6402200
EarlyStopping counter: 2 out of 6
Updating learning rate to 3.90625e-06
	iters: 100, epoch: 9 | loss: 0.7227981
	speed: 0.0446s/iter; left time: 4591.9079s
	iters: 200, epoch: 9 | loss: 0.6897206
	speed: 0.0257s/iter; left time: 2647.3052s
	iters: 300, epoch: 9 | loss: 0.4274598
	speed: 0.0258s/iter; left time: 2649.6162s
	iters: 400, epoch: 9 | loss: 0.5939669
	speed: 0.0257s/iter; left time: 2641.8087s
	iters: 500, epoch: 9 | loss: 0.6398671
	speed: 0.0258s/iter; left time: 2648.6990s
	iters: 600, epoch: 9 | loss: 0.4623644
	speed: 0.0258s/iter; left time: 2637.9384s
	iters: 700, epoch: 9 | loss: 0.5773513
	speed: 0.0258s/iter; left time: 2643.9352s
	iters: 800, epoch: 9 | loss: 0.6340042
	speed: 0.0257s/iter; left time: 2630.4520s
	iters: 900, epoch: 9 | loss: 0.8344069
	speed: 0.0257s/iter; left time: 2625.0835s
	iters: 1000, epoch: 9 | loss: 0.7085148
	speed: 0.0258s/iter; left time: 2635.3910s
	iters: 1100, epoch: 9 | loss: 0.6070709
	speed: 0.0258s/iter; left time: 2627.7323s
Epoch: 9 cost time: 28.838613748550415
Epoch: 9, Steps: 1120 | Train Loss: 0.5881239 Vali Loss: 0.6395808
EarlyStopping counter: 3 out of 6
Updating learning rate to 1.953125e-06
	iters: 100, epoch: 10 | loss: 0.6702523
	speed: 0.0449s/iter; left time: 4570.8691s
	iters: 200, epoch: 10 | loss: 0.4587840
	speed: 0.0258s/iter; left time: 2621.7619s
	iters: 300, epoch: 10 | loss: 0.5586506
	speed: 0.0259s/iter; left time: 2630.7186s
	iters: 400, epoch: 10 | loss: 0.5656144
	speed: 0.0257s/iter; left time: 2609.3978s
	iters: 500, epoch: 10 | loss: 0.5634118
	speed: 0.0256s/iter; left time: 2592.3527s
	iters: 600, epoch: 10 | loss: 0.4509971
	speed: 0.0258s/iter; left time: 2611.4117s
	iters: 700, epoch: 10 | loss: 0.5431008
	speed: 0.0257s/iter; left time: 2602.2178s
	iters: 800, epoch: 10 | loss: 0.6318720
	speed: 0.0257s/iter; left time: 2601.0388s
	iters: 900, epoch: 10 | loss: 0.7327158
	speed: 0.0258s/iter; left time: 2602.5789s
	iters: 1000, epoch: 10 | loss: 0.5852115
	speed: 0.0259s/iter; left time: 2612.9551s
	iters: 1100, epoch: 10 | loss: 0.4719038
	speed: 0.0260s/iter; left time: 2621.1161s
Epoch: 10 cost time: 28.871953010559082
Epoch: 10, Steps: 1120 | Train Loss: 0.5880800 Vali Loss: 0.6407418
EarlyStopping counter: 4 out of 6
Updating learning rate to 9.765625e-07
	iters: 100, epoch: 11 | loss: 0.6376054
	speed: 0.0450s/iter; left time: 4535.4815s
	iters: 200, epoch: 11 | loss: 0.5283922
	speed: 0.0258s/iter; left time: 2599.0025s
	iters: 300, epoch: 11 | loss: 0.7366757
	speed: 0.0258s/iter; left time: 2588.2612s
	iters: 400, epoch: 11 | loss: 0.6799105
	speed: 0.0257s/iter; left time: 2580.6628s
	iters: 500, epoch: 11 | loss: 0.6843168
	speed: 0.0258s/iter; left time: 2583.3627s
	iters: 600, epoch: 11 | loss: 0.4455405
	speed: 0.0258s/iter; left time: 2589.0260s
	iters: 700, epoch: 11 | loss: 0.5102589
	speed: 0.0258s/iter; left time: 2584.0608s
	iters: 800, epoch: 11 | loss: 0.4713516
	speed: 0.0259s/iter; left time: 2587.8142s
	iters: 900, epoch: 11 | loss: 0.5123538
	speed: 0.0259s/iter; left time: 2583.1390s
	iters: 1000, epoch: 11 | loss: 0.5184805
	speed: 0.0259s/iter; left time: 2583.4615s
	iters: 1100, epoch: 11 | loss: 0.6324790
	speed: 0.0258s/iter; left time: 2575.2212s
Epoch: 11 cost time: 28.92194652557373
Epoch: 11, Steps: 1120 | Train Loss: 0.5879566 Vali Loss: 0.6398813
EarlyStopping counter: 5 out of 6
Updating learning rate to 4.8828125e-07
	iters: 100, epoch: 12 | loss: 0.4732662
	speed: 0.0449s/iter; left time: 4467.2108s
	iters: 200, epoch: 12 | loss: 0.7325521
	speed: 0.0259s/iter; left time: 2580.7336s
	iters: 300, epoch: 12 | loss: 0.8729178
	speed: 0.0258s/iter; left time: 2564.5915s
	iters: 400, epoch: 12 | loss: 0.4762830
	speed: 0.0258s/iter; left time: 2564.7925s
	iters: 500, epoch: 12 | loss: 0.5114326
	speed: 0.0258s/iter; left time: 2554.1080s
	iters: 600, epoch: 12 | loss: 0.5169193
	speed: 0.0260s/iter; left time: 2575.4879s
	iters: 700, epoch: 12 | loss: 0.7647075
	speed: 0.0260s/iter; left time: 2574.2269s
	iters: 800, epoch: 12 | loss: 0.7058018
	speed: 0.0260s/iter; left time: 2567.8164s
	iters: 900, epoch: 12 | loss: 0.6004252
	speed: 0.0261s/iter; left time: 2580.3943s
	iters: 1000, epoch: 12 | loss: 0.5578134
	speed: 0.0261s/iter; left time: 2574.4729s
	iters: 1100, epoch: 12 | loss: 0.8049126
	speed: 0.0260s/iter; left time: 2559.7331s
Epoch: 12 cost time: 29.038684368133545
Epoch: 12, Steps: 1120 | Train Loss: 0.5878393 Vali Loss: 0.6401545
EarlyStopping counter: 6 out of 6
Early stopping
VALIDATION_RESULT {"best_epoch": 6, "best_mae": 0.4395912618529171, "best_mse": 0.6394525388165823, "epochs_ran": 12, "metric_version": "element_weighted_v1", "train_duration_seconds": 366.08627571724355, "train_peak_cuda_memory_bytes": 1663037440}
>>>>>>>testing : long_term_forecast_Weather_336_720_coreabl_weather_p720_no_decomp_s2021_TimeRole_custom_ftM_sl336_ll48_pl720_dm64_nh8_el1_dl1_df128_expand2_dc2_fc1_ebtimeF_dtTrue_coreabl_weather_p720_no_decomp_s2021_0<<<<<<<<<<<<<<<<<<<<<<<<<<<<<<<<<
test 9820
EVALUATION_RESULT {"batches": 307, "elapsed_seconds": 3.0361240371130407, "elements": 148478400, "gate_abs_mean": 0.15887998044490814, "gate_max": 0.23800364136695862, "gate_mean": 0.15887998044490814, "gate_min": 0.006838403642177582, "gate_values": [0.14210321009159088, 0.20395980775356293, 0.20449407398700714, 0.177114337682724, 0.19483184814453125, 0.20773477852344513, 0.17678609490394592, 0.20437513291835785, 0.17601892352104187, 0.17675262689590454, 0.17581966519355774, 0.006838403642177582, 0.19776582717895508, 0.10575548559427261, 0.03496266156435013, 0.027180641889572144, 0.2335919737815857, 0.23471055924892426, 0.23800364136695862, 0.2104639708995819, 0.007215471938252449], "mae": 0.33208943449434397, "memory_correction_mae": 0.1251176924661264, "memory_correction_rms": 0.1929478703657819, "metric_version": "element_weighted_v1", "milliseconds_per_batch": 9.88965484401642, "mse": 0.3166862651086791, "origin_count": 9820, "origin_metric_version": "per_forecast_origin_mean_v1", "origin_metrics_path": "/home/cwh/Time-Series-Library/logs/timerole_core_ablation/checkpoints/long_term_forecast_Weather_336_720_coreabl_weather_p720_no_decomp_s2021_TimeRole_custom_ftM_sl336_ll48_pl720_dm64_nh8_el1_dl1_df128_expand2_dc2_fc1_ebtimeF_dtTrue_coreabl_weather_p720_no_decomp_s2021_0/test_origin_metrics.npz", "parameter_count": 6767127, "peak_cuda_memory_bytes": 457366528, "split": "test", "test_accessed": true, "timerole_intervention": "intact"}
mse:0.3166862651086791, mae:0.33208943449434397, dtw:Not calculated
