Using GPU
Args in experiment:
[1mBasic Config[0m
  Task Name:          long_term_forecast  Is Training:        1                   
  Model ID:           ETTm1_336_720_coreabl_ettm1_p720_no_mamba_s2021Model:              TimeRole            

[1mData Loader[0m
  Data:               ETTm1               Root Path:          /home/cwh/Time-Series-Library/dataset/ETT-small
  Data Path:          ETTm1.csv           Features:           M                   
  Target:             OT                  Freq:               h                   
  Checkpoints:        /home/cwh/Time-Series-Library/logs/timerole_core_ablation/checkpoints

[1mForecasting Task[0m
  Seq Len:            336                 Label Len:          48                  
  Pred Len:           720                 Seasonal Patterns:  Monthly             
  Inverse:            0                   

[1mModel Parameters[0m
  Top k:              5                   Num Kernels:        6                   
  Enc In:             7                   Dec In:             7                   
  C Out:              7                   d model:            64                  
  n heads:            8                   e layers:           1                   
  d layers:           1                   d FF:               128                 
  Moving Avg:         25                  Factor:             1                   
  Distil:             1                   Dropout:            0.1                 
  Embed:              timeF               Activation:         gelu                

[1mRun Parameters[0m
  Num Workers:        0                   Itr:                1                   
  Train Epochs:       100                 Batch Size:         32                  
  Patience:           6                   Learning Rate:      0.0005              
  Des:                coreabl_ettm1_p720_no_mamba_s2021Loss:               MSE                 
  Lradj:              type1               Use Amp:            0                   

[1mGPU[0m
  Use GPU:            1                   GPU:                0                   
  Use Multi GPU:      0                   Devices:            0,1,2,3             

[1mDe-stationary Projector Params[0m
  P Hidden Dims:      128, 128            P Hidden Layers:    2                   

Use GPU: cuda:0
🚀 Lazy Loading: TimeRole ...
[GraphMamba] Building 7x7 static graph from 2000 training samples
>>>>>>>start training : long_term_forecast_ETTm1_336_720_coreabl_ettm1_p720_no_mamba_s2021_TimeRole_ETTm1_ftM_sl336_ll48_pl720_dm64_nh8_el1_dl1_df128_expand2_dc2_fc1_ebtimeF_dtTrue_coreabl_ettm1_p720_no_mamba_s2021_0>>>>>>>>>>>>>>>>>>>>>>>>>>
train 33505
val 10801
	iters: 100, epoch: 1 | loss: 0.4821826
	speed: 0.0118s/iter; left time: 1238.9592s
	iters: 200, epoch: 1 | loss: 0.4663345
	speed: 0.0049s/iter; left time: 511.1137s
	iters: 300, epoch: 1 | loss: 0.4534059
	speed: 0.0050s/iter; left time: 524.0423s
	iters: 400, epoch: 1 | loss: 0.4418953
	speed: 0.0047s/iter; left time: 494.5329s
	iters: 500, epoch: 1 | loss: 0.3642953
	speed: 0.0051s/iter; left time: 526.8254s
	iters: 600, epoch: 1 | loss: 0.4658070
	speed: 0.0050s/iter; left time: 522.3336s
	iters: 700, epoch: 1 | loss: 0.4874822
	speed: 0.0049s/iter; left time: 506.2012s
	iters: 800, epoch: 1 | loss: 0.4120783
	speed: 0.0051s/iter; left time: 525.8412s
	iters: 900, epoch: 1 | loss: 0.4279023
	speed: 0.0048s/iter; left time: 494.7826s
	iters: 1000, epoch: 1 | loss: 0.4570189
	speed: 0.0049s/iter; left time: 505.1433s
Epoch: 1 cost time: 5.292250633239746
Epoch: 1, Steps: 1048 | Train Loss: 0.4418922 Vali Loss: 0.9608020
Validation loss decreased (inf --> 0.960802).  Saving model ...
Updating learning rate to 0.0005
	iters: 100, epoch: 2 | loss: 0.4161764
	speed: 0.0160s/iter; left time: 1656.1798s
	iters: 200, epoch: 2 | loss: 0.3291526
	speed: 0.0050s/iter; left time: 517.3860s
	iters: 300, epoch: 2 | loss: 0.4254690
	speed: 0.0049s/iter; left time: 502.0229s
	iters: 400, epoch: 2 | loss: 0.3849572
	speed: 0.0048s/iter; left time: 493.4450s
	iters: 500, epoch: 2 | loss: 0.4330058
	speed: 0.0050s/iter; left time: 515.5011s
	iters: 600, epoch: 2 | loss: 0.4081343
	speed: 0.0047s/iter; left time: 487.6341s
	iters: 700, epoch: 2 | loss: 0.4594516
	speed: 0.0051s/iter; left time: 521.8480s
	iters: 800, epoch: 2 | loss: 0.3715619
	speed: 0.0051s/iter; left time: 523.0097s
	iters: 900, epoch: 2 | loss: 0.4398237
	speed: 0.0048s/iter; left time: 489.2515s
	iters: 1000, epoch: 2 | loss: 0.4280678
	speed: 0.0045s/iter; left time: 464.5819s
Epoch: 2 cost time: 5.108476161956787
Epoch: 2, Steps: 1048 | Train Loss: 0.4144924 Vali Loss: 0.9460387
Validation loss decreased (0.960802 --> 0.946039).  Saving model ...
Updating learning rate to 0.00025
	iters: 100, epoch: 3 | loss: 0.3971895
	speed: 0.0169s/iter; left time: 1729.0168s
	iters: 200, epoch: 3 | loss: 0.3609546
	speed: 0.0049s/iter; left time: 504.4767s
	iters: 300, epoch: 3 | loss: 0.5075034
	speed: 0.0047s/iter; left time: 480.2932s
	iters: 400, epoch: 3 | loss: 0.5055632
	speed: 0.0050s/iter; left time: 516.3840s
	iters: 500, epoch: 3 | loss: 0.3834620
	speed: 0.0048s/iter; left time: 491.4574s
	iters: 600, epoch: 3 | loss: 0.4580584
	speed: 0.0051s/iter; left time: 524.5779s
	iters: 700, epoch: 3 | loss: 0.3793288
	speed: 0.0050s/iter; left time: 506.2673s
	iters: 800, epoch: 3 | loss: 0.3893800
	speed: 0.0049s/iter; left time: 502.1188s
	iters: 900, epoch: 3 | loss: 0.4004875
	speed: 0.0051s/iter; left time: 516.6948s
	iters: 1000, epoch: 3 | loss: 0.4130563
	speed: 0.0050s/iter; left time: 513.0801s
Epoch: 3 cost time: 5.208420038223267
Epoch: 3, Steps: 1048 | Train Loss: 0.4081070 Vali Loss: 0.9492024
EarlyStopping counter: 1 out of 6
Updating learning rate to 0.000125
	iters: 100, epoch: 4 | loss: 0.4186221
	speed: 0.0161s/iter; left time: 1639.6066s
	iters: 200, epoch: 4 | loss: 0.3284175
	speed: 0.0047s/iter; left time: 480.7291s
	iters: 300, epoch: 4 | loss: 0.3827592
	speed: 0.0049s/iter; left time: 500.4157s
	iters: 400, epoch: 4 | loss: 0.3629133
	speed: 0.0053s/iter; left time: 539.3152s
	iters: 500, epoch: 4 | loss: 0.3776132
	speed: 0.0048s/iter; left time: 481.4867s
	iters: 600, epoch: 4 | loss: 0.4811338
	speed: 0.0052s/iter; left time: 528.8683s
	iters: 700, epoch: 4 | loss: 0.3469679
	speed: 0.0046s/iter; left time: 466.3404s
	iters: 800, epoch: 4 | loss: 0.4825143
	speed: 0.0050s/iter; left time: 500.5586s
	iters: 900, epoch: 4 | loss: 0.4524243
	speed: 0.0049s/iter; left time: 494.2705s
	iters: 1000, epoch: 4 | loss: 0.3898692
	speed: 0.0047s/iter; left time: 469.5050s
Epoch: 4 cost time: 5.130209922790527
Epoch: 4, Steps: 1048 | Train Loss: 0.4052700 Vali Loss: 0.9439619
Validation loss decreased (0.946039 --> 0.943962).  Saving model ...
Updating learning rate to 6.25e-05
	iters: 100, epoch: 5 | loss: 0.3592331
	speed: 0.0162s/iter; left time: 1630.8174s
	iters: 200, epoch: 5 | loss: 0.3564771
	speed: 0.0046s/iter; left time: 457.0660s
	iters: 300, epoch: 5 | loss: 0.3587349
	speed: 0.0047s/iter; left time: 471.4939s
	iters: 400, epoch: 5 | loss: 0.4146838
	speed: 0.0047s/iter; left time: 468.4768s
	iters: 500, epoch: 5 | loss: 0.4040801
	speed: 0.0051s/iter; left time: 513.9611s
	iters: 600, epoch: 5 | loss: 0.3754473
	speed: 0.0050s/iter; left time: 495.1551s
	iters: 700, epoch: 5 | loss: 0.4258400
	speed: 0.0049s/iter; left time: 493.8446s
	iters: 800, epoch: 5 | loss: 0.3946996
	speed: 0.0048s/iter; left time: 479.6550s
	iters: 900, epoch: 5 | loss: 0.4178582
	speed: 0.0052s/iter; left time: 519.7279s
	iters: 1000, epoch: 5 | loss: 0.4137700
	speed: 0.0046s/iter; left time: 454.0986s
Epoch: 5 cost time: 5.053655385971069
Epoch: 5, Steps: 1048 | Train Loss: 0.4040061 Vali Loss: 0.9420686
Validation loss decreased (0.943962 --> 0.942069).  Saving model ...
Updating learning rate to 3.125e-05
	iters: 100, epoch: 6 | loss: 0.3859292
	speed: 0.0158s/iter; left time: 1573.7929s
	iters: 200, epoch: 6 | loss: 0.4354537
	speed: 0.0049s/iter; left time: 482.0656s
	iters: 300, epoch: 6 | loss: 0.4153970
	speed: 0.0047s/iter; left time: 466.1353s
	iters: 400, epoch: 6 | loss: 0.4202179
	speed: 0.0049s/iter; left time: 488.4354s
	iters: 500, epoch: 6 | loss: 0.4641201
	speed: 0.0049s/iter; left time: 482.0182s
	iters: 600, epoch: 6 | loss: 0.3769056
	speed: 0.0047s/iter; left time: 468.2793s
	iters: 700, epoch: 6 | loss: 0.5267497
	speed: 0.0048s/iter; left time: 477.4353s
	iters: 800, epoch: 6 | loss: 0.4151854
	speed: 0.0049s/iter; left time: 485.0561s
	iters: 900, epoch: 6 | loss: 0.4071321
	speed: 0.0048s/iter; left time: 474.0101s
	iters: 1000, epoch: 6 | loss: 0.3720062
	speed: 0.0051s/iter; left time: 500.2741s
Epoch: 6 cost time: 5.07352089881897
Epoch: 6, Steps: 1048 | Train Loss: 0.4030765 Vali Loss: 0.9413058
Validation loss decreased (0.942069 --> 0.941306).  Saving model ...
Updating learning rate to 1.5625e-05
	iters: 100, epoch: 7 | loss: 0.3041939
	speed: 0.0160s/iter; left time: 1576.1201s
	iters: 200, epoch: 7 | loss: 0.5094939
	speed: 0.0052s/iter; left time: 514.6254s
	iters: 300, epoch: 7 | loss: 0.3937916
	speed: 0.0049s/iter; left time: 481.5238s
	iters: 400, epoch: 7 | loss: 0.4005032
	speed: 0.0050s/iter; left time: 490.9942s
	iters: 500, epoch: 7 | loss: 0.4722949
	speed: 0.0050s/iter; left time: 488.5276s
	iters: 600, epoch: 7 | loss: 0.4070000
	speed: 0.0049s/iter; left time: 483.0928s
	iters: 700, epoch: 7 | loss: 0.3436765
	speed: 0.0048s/iter; left time: 472.8309s
	iters: 800, epoch: 7 | loss: 0.3835976
	speed: 0.0049s/iter; left time: 479.0325s
	iters: 900, epoch: 7 | loss: 0.3944291
	speed: 0.0050s/iter; left time: 488.8086s
	iters: 1000, epoch: 7 | loss: 0.3758780
	speed: 0.0054s/iter; left time: 523.6761s
Epoch: 7 cost time: 5.2438294887542725
Epoch: 7, Steps: 1048 | Train Loss: 0.4026180 Vali Loss: 0.9412687
Validation loss decreased (0.941306 --> 0.941269).  Saving model ...
Updating learning rate to 7.8125e-06
	iters: 100, epoch: 8 | loss: 0.5094018
	speed: 0.0164s/iter; left time: 1601.2257s
	iters: 200, epoch: 8 | loss: 0.3911337
	speed: 0.0047s/iter; left time: 457.2007s
	iters: 300, epoch: 8 | loss: 0.4328036
	speed: 0.0047s/iter; left time: 459.5425s
	iters: 400, epoch: 8 | loss: 0.4258185
	speed: 0.0048s/iter; left time: 465.9072s
	iters: 500, epoch: 8 | loss: 0.3542494
	speed: 0.0048s/iter; left time: 469.5166s
	iters: 600, epoch: 8 | loss: 0.4226367
	speed: 0.0051s/iter; left time: 495.3131s
	iters: 700, epoch: 8 | loss: 0.3968872
	speed: 0.0049s/iter; left time: 473.9709s
	iters: 800, epoch: 8 | loss: 0.4104411
	speed: 0.0052s/iter; left time: 499.1604s
	iters: 900, epoch: 8 | loss: 0.3492070
	speed: 0.0050s/iter; left time: 480.7419s
	iters: 1000, epoch: 8 | loss: 0.3895906
	speed: 0.0048s/iter; left time: 466.6383s
Epoch: 8 cost time: 5.159830093383789
Epoch: 8, Steps: 1048 | Train Loss: 0.4026395 Vali Loss: 0.9410602
Validation loss decreased (0.941269 --> 0.941060).  Saving model ...
Updating learning rate to 3.90625e-06
	iters: 100, epoch: 9 | loss: 0.3719418
	speed: 0.0164s/iter; left time: 1578.0466s
	iters: 200, epoch: 9 | loss: 0.3528877
	speed: 0.0053s/iter; left time: 512.1436s
	iters: 300, epoch: 9 | loss: 0.3101550
	speed: 0.0051s/iter; left time: 491.3384s
	iters: 400, epoch: 9 | loss: 0.4453577
	speed: 0.0048s/iter; left time: 462.3497s
	iters: 500, epoch: 9 | loss: 0.3651136
	speed: 0.0050s/iter; left time: 477.6003s
	iters: 600, epoch: 9 | loss: 0.3730132
	speed: 0.0051s/iter; left time: 487.3408s
	iters: 700, epoch: 9 | loss: 0.3924391
	speed: 0.0048s/iter; left time: 455.7732s
	iters: 800, epoch: 9 | loss: 0.3742974
	speed: 0.0050s/iter; left time: 482.6058s
	iters: 900, epoch: 9 | loss: 0.3593118
	speed: 0.0048s/iter; left time: 457.7344s
	iters: 1000, epoch: 9 | loss: 0.4085642
	speed: 0.0049s/iter; left time: 469.6028s
Epoch: 9 cost time: 5.228982210159302
Epoch: 9, Steps: 1048 | Train Loss: 0.4023662 Vali Loss: 0.9411709
EarlyStopping counter: 1 out of 6
Updating learning rate to 1.953125e-06
	iters: 100, epoch: 10 | loss: 0.4130971
	speed: 0.0163s/iter; left time: 1553.6739s
	iters: 200, epoch: 10 | loss: 0.4438157
	speed: 0.0050s/iter; left time: 471.1218s
	iters: 300, epoch: 10 | loss: 0.3851609
	speed: 0.0050s/iter; left time: 478.9061s
	iters: 400, epoch: 10 | loss: 0.3525234
	speed: 0.0049s/iter; left time: 462.1727s
	iters: 500, epoch: 10 | loss: 0.3591140
	speed: 0.0053s/iter; left time: 499.4873s
	iters: 600, epoch: 10 | loss: 0.3940259
	speed: 0.0050s/iter; left time: 469.1516s
	iters: 700, epoch: 10 | loss: 0.4108988
	speed: 0.0052s/iter; left time: 487.8651s
	iters: 800, epoch: 10 | loss: 0.3988106
	speed: 0.0052s/iter; left time: 489.1136s
	iters: 900, epoch: 10 | loss: 0.3700203
	speed: 0.0050s/iter; left time: 473.9878s
	iters: 1000, epoch: 10 | loss: 0.4281806
	speed: 0.0051s/iter; left time: 481.4905s
Epoch: 10 cost time: 5.282514810562134
Epoch: 10, Steps: 1048 | Train Loss: 0.4022156 Vali Loss: 0.9411523
EarlyStopping counter: 2 out of 6
Updating learning rate to 9.765625e-07
	iters: 100, epoch: 11 | loss: 0.3840401
	speed: 0.0161s/iter; left time: 1519.0849s
	iters: 200, epoch: 11 | loss: 0.3851986
	speed: 0.0046s/iter; left time: 432.2029s
	iters: 300, epoch: 11 | loss: 0.3661576
	speed: 0.0049s/iter; left time: 461.7914s
	iters: 400, epoch: 11 | loss: 0.3676015
	speed: 0.0049s/iter; left time: 464.3316s
	iters: 500, epoch: 11 | loss: 0.3870633
	speed: 0.0048s/iter; left time: 448.0684s
	iters: 600, epoch: 11 | loss: 0.3668856
	speed: 0.0048s/iter; left time: 446.5154s
	iters: 700, epoch: 11 | loss: 0.4524567
	speed: 0.0049s/iter; left time: 458.5811s
	iters: 800, epoch: 11 | loss: 0.3615168
	speed: 0.0048s/iter; left time: 445.8033s
	iters: 900, epoch: 11 | loss: 0.4044321
	speed: 0.0049s/iter; left time: 455.8454s
	iters: 1000, epoch: 11 | loss: 0.4112193
	speed: 0.0047s/iter; left time: 442.3613s
Epoch: 11 cost time: 5.0571935176849365
Epoch: 11, Steps: 1048 | Train Loss: 0.4024724 Vali Loss: 0.9410877
EarlyStopping counter: 3 out of 6
Updating learning rate to 4.8828125e-07
	iters: 100, epoch: 12 | loss: 0.3527248
	speed: 0.0163s/iter; left time: 1521.6347s
	iters: 200, epoch: 12 | loss: 0.3448651
	speed: 0.0048s/iter; left time: 447.1791s
	iters: 300, epoch: 12 | loss: 0.3875020
	speed: 0.0047s/iter; left time: 436.6087s
	iters: 400, epoch: 12 | loss: 0.3787710
	speed: 0.0046s/iter; left time: 424.8260s
	iters: 500, epoch: 12 | loss: 0.3508503
	speed: 0.0048s/iter; left time: 448.9503s
	iters: 600, epoch: 12 | loss: 0.3450275
	speed: 0.0048s/iter; left time: 442.7829s
	iters: 700, epoch: 12 | loss: 0.4081194
	speed: 0.0050s/iter; left time: 465.7722s
	iters: 800, epoch: 12 | loss: 0.3999999
	speed: 0.0045s/iter; left time: 420.1429s
	iters: 900, epoch: 12 | loss: 0.3794135
	speed: 0.0050s/iter; left time: 460.0694s
	iters: 1000, epoch: 12 | loss: 0.4363070
	speed: 0.0048s/iter; left time: 444.8833s
Epoch: 12 cost time: 5.000917673110962
Epoch: 12, Steps: 1048 | Train Loss: 0.4026471 Vali Loss: 0.9411297
EarlyStopping counter: 4 out of 6
Updating learning rate to 2.44140625e-07
	iters: 100, epoch: 13 | loss: 0.4367582
	speed: 0.0156s/iter; left time: 1439.9541s
	iters: 200, epoch: 13 | loss: 0.3477995
	speed: 0.0047s/iter; left time: 432.3277s
	iters: 300, epoch: 13 | loss: 0.3308569
	speed: 0.0049s/iter; left time: 448.2007s
	iters: 400, epoch: 13 | loss: 0.3280412
	speed: 0.0049s/iter; left time: 452.1719s
	iters: 500, epoch: 13 | loss: 0.4391601
	speed: 0.0050s/iter; left time: 454.3999s
	iters: 600, epoch: 13 | loss: 0.4616337
	speed: 0.0048s/iter; left time: 440.2850s
	iters: 700, epoch: 13 | loss: 0.3900953
	speed: 0.0048s/iter; left time: 442.3178s
	iters: 800, epoch: 13 | loss: 0.5451142
	speed: 0.0047s/iter; left time: 429.6411s
	iters: 900, epoch: 13 | loss: 0.4623278
	speed: 0.0048s/iter; left time: 438.8070s
	iters: 1000, epoch: 13 | loss: 0.4061909
	speed: 0.0046s/iter; left time: 416.1312s
Epoch: 13 cost time: 5.040295124053955
Epoch: 13, Steps: 1048 | Train Loss: 0.4022670 Vali Loss: 0.9411373
EarlyStopping counter: 5 out of 6
Updating learning rate to 1.220703125e-07
	iters: 100, epoch: 14 | loss: 0.3614215
	speed: 0.0161s/iter; left time: 1468.5508s
	iters: 200, epoch: 14 | loss: 0.3939907
	speed: 0.0050s/iter; left time: 453.4437s
	iters: 300, epoch: 14 | loss: 0.3839112
	speed: 0.0047s/iter; left time: 429.2687s
	iters: 400, epoch: 14 | loss: 0.4213766
	speed: 0.0050s/iter; left time: 450.5022s
	iters: 500, epoch: 14 | loss: 0.3681640
	speed: 0.0051s/iter; left time: 465.8944s
	iters: 600, epoch: 14 | loss: 0.3732083
	speed: 0.0049s/iter; left time: 440.1656s
	iters: 700, epoch: 14 | loss: 0.3387743
	speed: 0.0049s/iter; left time: 440.1214s
	iters: 800, epoch: 14 | loss: 0.3875075
	speed: 0.0049s/iter; left time: 438.8143s
	iters: 900, epoch: 14 | loss: 0.3943073
	speed: 0.0048s/iter; left time: 431.9891s
	iters: 1000, epoch: 14 | loss: 0.3680009
	speed: 0.0050s/iter; left time: 453.1687s
Epoch: 14 cost time: 5.141993522644043
Epoch: 14, Steps: 1048 | Train Loss: 0.4023057 Vali Loss: 0.9411364
EarlyStopping counter: 6 out of 6
Early stopping
VALIDATION_RESULT {"best_epoch": 8, "best_mae": 0.6369908304779132, "best_mse": 0.9410602316843343, "epochs_ran": 14, "metric_version": "element_weighted_v1", "train_duration_seconds": 86.11642752680928, "train_peak_cuda_memory_bytes": 197491712}
>>>>>>>testing : long_term_forecast_ETTm1_336_720_coreabl_ettm1_p720_no_mamba_s2021_TimeRole_ETTm1_ftM_sl336_ll48_pl720_dm64_nh8_el1_dl1_df128_expand2_dc2_fc1_ebtimeF_dtTrue_coreabl_ettm1_p720_no_mamba_s2021_0<<<<<<<<<<<<<<<<<<<<<<<<<<<<<<<<<
test 10801
EVALUATION_RESULT {"batches": 338, "elapsed_seconds": 1.0576182892546058, "elements": 54437040, "gate_abs_mean": 0.22178161144256592, "gate_max": 0.28107625246047974, "gate_mean": 0.22178161144256592, "gate_min": 0.14345712959766388, "gate_values": [0.27501916885375977, 0.2011856883764267, 0.28107625246047974, 0.19129574298858643, 0.2159617394208908, 0.14345712959766388, 0.24447545409202576], "mae": 0.4215082562293523, "memory_correction_mae": 0.2287793278597624, "memory_correction_rms": 0.3625051304209594, "metric_version": "element_weighted_v1", "milliseconds_per_batch": 3.1290481930609637, "mse": 0.4212538177991952, "origin_count": 10801, "origin_metric_version": "per_forecast_origin_mean_v1", "origin_metrics_path": "/home/cwh/Time-Series-Library/logs/timerole_core_ablation/checkpoints/long_term_forecast_ETTm1_336_720_coreabl_ettm1_p720_no_mamba_s2021_TimeRole_ETTm1_ftM_sl336_ll48_pl720_dm64_nh8_el1_dl1_df128_expand2_dc2_fc1_ebtimeF_dtTrue_coreabl_ettm1_p720_no_mamba_s2021_0/test_origin_metrics.npz", "parameter_count": 6741901, "peak_cuda_memory_bytes": 130384384, "split": "test", "test_accessed": true, "timerole_intervention": "intact"}
mse:0.4212538177991952, mae:0.4215082562293523, dtw:Not calculated
