Using GPU
Args in experiment:
[1mBasic Config[0m
  Task Name:          long_term_forecast  Is Training:        1                   
  Model ID:           Weather_336_336_coreabl_weather_p336_no_graph_s2023Model:              TimeRole            

[1mData Loader[0m
  Data:               custom              Root Path:          /home/cwh/Time-Series-Library/dataset/weather
  Data Path:          weather.csv         Features:           M                   
  Target:             CO2 (ppm)           Freq:               h                   
  Checkpoints:        /home/cwh/Time-Series-Library/logs/timerole_core_ablation/checkpoints

[1mForecasting Task[0m
  Seq Len:            336                 Label Len:          48                  
  Pred Len:           336                 Seasonal Patterns:  Monthly             
  Inverse:            0                   

[1mModel Parameters[0m
  Top k:              5                   Num Kernels:        6                   
  Enc In:             21                  Dec In:             21                  
  C Out:              21                  d model:            64                  
  n heads:            8                   e layers:           1                   
  d layers:           1                   d FF:               128                 
  Moving Avg:         25                  Factor:             1                   
  Distil:             1                   Dropout:            0.1                 
  Embed:              timeF               Activation:         gelu                

[1mRun Parameters[0m
  Num Workers:        0                   Itr:                1                   
  Train Epochs:       100                 Batch Size:         32                  
  Patience:           6                   Learning Rate:      0.0005              
  Des:                coreabl_weather_p336_no_graph_s2023Loss:               MSE                 
  Lradj:              type1               Use Amp:            0                   

[1mGPU[0m
  Use GPU:            1                   GPU:                0                   
  Use Multi GPU:      0                   Devices:            0,1,2,3             

[1mDe-stationary Projector Params[0m
  P Hidden Dims:      128, 128            P Hidden Layers:    2                   

Use GPU: cuda:0
🚀 Lazy Loading: TimeRole ...
>>>>>>>start training : long_term_forecast_Weather_336_336_coreabl_weather_p336_no_graph_s2023_TimeRole_custom_ftM_sl336_ll48_pl336_dm64_nh8_el1_dl1_df128_expand2_dc2_fc1_ebtimeF_dtTrue_coreabl_weather_p336_no_graph_s2023_0>>>>>>>>>>>>>>>>>>>>>>>>>>
train 36216
val 4935
	iters: 100, epoch: 1 | loss: 0.5636984
	speed: 0.0261s/iter; left time: 2948.1527s
	iters: 200, epoch: 1 | loss: 0.6184154
	speed: 0.0242s/iter; left time: 2738.5165s
	iters: 300, epoch: 1 | loss: 0.8734187
	speed: 0.0243s/iter; left time: 2746.7528s
	iters: 400, epoch: 1 | loss: 0.6086874
	speed: 0.0244s/iter; left time: 2757.5482s
	iters: 500, epoch: 1 | loss: 0.3952444
	speed: 0.0244s/iter; left time: 2751.6432s
	iters: 600, epoch: 1 | loss: 0.5687734
	speed: 0.0242s/iter; left time: 2730.5570s
	iters: 700, epoch: 1 | loss: 0.3801652
	speed: 0.0244s/iter; left time: 2740.5961s
	iters: 800, epoch: 1 | loss: 0.4688978
	speed: 0.0244s/iter; left time: 2736.9739s
	iters: 900, epoch: 1 | loss: 0.6363008
	speed: 0.0242s/iter; left time: 2715.6556s
	iters: 1000, epoch: 1 | loss: 0.4974396
	speed: 0.0242s/iter; left time: 2713.8240s
	iters: 1100, epoch: 1 | loss: 0.4919196
	speed: 0.0241s/iter; left time: 2706.5600s
Epoch: 1 cost time: 27.67621898651123
Epoch: 1, Steps: 1132 | Train Loss: 0.6173370 Vali Loss: 0.5611404
Validation loss decreased (inf --> 0.561140).  Saving model ...
Updating learning rate to 0.0005
	iters: 100, epoch: 2 | loss: 0.3965072
	speed: 0.0456s/iter; left time: 5105.7933s
	iters: 200, epoch: 2 | loss: 0.8288149
	speed: 0.0242s/iter; left time: 2711.4131s
	iters: 300, epoch: 2 | loss: 0.4136914
	speed: 0.0242s/iter; left time: 2702.5531s
	iters: 400, epoch: 2 | loss: 0.7661126
	speed: 0.0242s/iter; left time: 2704.8819s
	iters: 500, epoch: 2 | loss: 0.6375762
	speed: 0.0241s/iter; left time: 2688.1898s
	iters: 600, epoch: 2 | loss: 0.5308992
	speed: 0.0241s/iter; left time: 2687.5064s
	iters: 700, epoch: 2 | loss: 0.5289638
	speed: 0.0242s/iter; left time: 2696.5565s
	iters: 800, epoch: 2 | loss: 0.4618669
	speed: 0.0241s/iter; left time: 2677.5878s
	iters: 900, epoch: 2 | loss: 0.4445949
	speed: 0.0241s/iter; left time: 2683.6923s
	iters: 1000, epoch: 2 | loss: 0.5224214
	speed: 0.0241s/iter; left time: 2675.9246s
	iters: 1100, epoch: 2 | loss: 0.4243142
	speed: 0.0241s/iter; left time: 2678.4660s
Epoch: 2 cost time: 27.3529851436615
Epoch: 2, Steps: 1132 | Train Loss: 0.5451802 Vali Loss: 0.5487883
Validation loss decreased (0.561140 --> 0.548788).  Saving model ...
Updating learning rate to 0.00025
	iters: 100, epoch: 3 | loss: 0.7810402
	speed: 0.0453s/iter; left time: 5023.8586s
	iters: 200, epoch: 3 | loss: 0.5536717
	speed: 0.0242s/iter; left time: 2677.4612s
	iters: 300, epoch: 3 | loss: 0.4625949
	speed: 0.0243s/iter; left time: 2685.1521s
	iters: 400, epoch: 3 | loss: 0.3846033
	speed: 0.0242s/iter; left time: 2677.7864s
	iters: 500, epoch: 3 | loss: 0.5200099
	speed: 0.0242s/iter; left time: 2669.0772s
	iters: 600, epoch: 3 | loss: 0.4187261
	speed: 0.0243s/iter; left time: 2677.7288s
	iters: 700, epoch: 3 | loss: 0.5173895
	speed: 0.0242s/iter; left time: 2671.5244s
	iters: 800, epoch: 3 | loss: 0.9036730
	speed: 0.0243s/iter; left time: 2672.4140s
	iters: 900, epoch: 3 | loss: 0.4676294
	speed: 0.0243s/iter; left time: 2678.2544s
	iters: 1000, epoch: 3 | loss: 0.5328121
	speed: 0.0243s/iter; left time: 2671.2702s
	iters: 1100, epoch: 3 | loss: 0.4413488
	speed: 0.0242s/iter; left time: 2655.3132s
Epoch: 3 cost time: 27.427371978759766
Epoch: 3, Steps: 1132 | Train Loss: 0.5303864 Vali Loss: 0.5350948
Validation loss decreased (0.548788 --> 0.535095).  Saving model ...
Updating learning rate to 0.000125
	iters: 100, epoch: 4 | loss: 0.5270870
	speed: 0.0455s/iter; left time: 4991.2429s
	iters: 200, epoch: 4 | loss: 0.4181426
	speed: 0.0241s/iter; left time: 2641.9264s
	iters: 300, epoch: 4 | loss: 0.7355407
	speed: 0.0241s/iter; left time: 2643.1656s
	iters: 400, epoch: 4 | loss: 0.4660027
	speed: 0.0242s/iter; left time: 2648.2227s
	iters: 500, epoch: 4 | loss: 0.4308329
	speed: 0.0242s/iter; left time: 2645.7938s
	iters: 600, epoch: 4 | loss: 0.4129706
	speed: 0.0241s/iter; left time: 2632.1871s
	iters: 700, epoch: 4 | loss: 0.5270112
	speed: 0.0241s/iter; left time: 2626.4951s
	iters: 800, epoch: 4 | loss: 0.4369448
	speed: 0.0242s/iter; left time: 2636.7443s
	iters: 900, epoch: 4 | loss: 0.4281502
	speed: 0.0242s/iter; left time: 2636.8253s
	iters: 1000, epoch: 4 | loss: 0.5095978
	speed: 0.0242s/iter; left time: 2630.1593s
	iters: 1100, epoch: 4 | loss: 0.4922214
	speed: 0.0241s/iter; left time: 2618.9620s
Epoch: 4 cost time: 27.33774495124817
Epoch: 4, Steps: 1132 | Train Loss: 0.5252004 Vali Loss: 0.5329470
Validation loss decreased (0.535095 --> 0.532947).  Saving model ...
Updating learning rate to 6.25e-05
	iters: 100, epoch: 5 | loss: 0.6909213
	speed: 0.0454s/iter; left time: 4927.5702s
	iters: 200, epoch: 5 | loss: 0.4094740
	speed: 0.0241s/iter; left time: 2610.7264s
	iters: 300, epoch: 5 | loss: 0.7553260
	speed: 0.0241s/iter; left time: 2612.1103s
	iters: 400, epoch: 5 | loss: 0.4182324
	speed: 0.0242s/iter; left time: 2615.2395s
	iters: 500, epoch: 5 | loss: 0.4023149
	speed: 0.0244s/iter; left time: 2642.5107s
	iters: 600, epoch: 5 | loss: 0.4642043
	speed: 0.0242s/iter; left time: 2616.6687s
	iters: 700, epoch: 5 | loss: 0.4329263
	speed: 0.0242s/iter; left time: 2609.3944s
	iters: 800, epoch: 5 | loss: 0.4403893
	speed: 0.0243s/iter; left time: 2616.8571s
	iters: 900, epoch: 5 | loss: 0.3712942
	speed: 0.0242s/iter; left time: 2608.0687s
	iters: 1000, epoch: 5 | loss: 0.4380850
	speed: 0.0243s/iter; left time: 2616.2237s
	iters: 1100, epoch: 5 | loss: 0.7118138
	speed: 0.0244s/iter; left time: 2621.4020s
Epoch: 5 cost time: 27.414066791534424
Epoch: 5, Steps: 1132 | Train Loss: 0.5222116 Vali Loss: 0.5298836
Validation loss decreased (0.532947 --> 0.529884).  Saving model ...
Updating learning rate to 3.125e-05
	iters: 100, epoch: 6 | loss: 0.6847835
	speed: 0.0456s/iter; left time: 4899.5291s
	iters: 200, epoch: 6 | loss: 0.4341643
	speed: 0.0241s/iter; left time: 2590.9825s
	iters: 300, epoch: 6 | loss: 0.3926511
	speed: 0.0242s/iter; left time: 2592.6530s
	iters: 400, epoch: 6 | loss: 0.4820283
	speed: 0.0242s/iter; left time: 2590.6185s
	iters: 500, epoch: 6 | loss: 0.7520859
	speed: 0.0241s/iter; left time: 2584.5044s
	iters: 600, epoch: 6 | loss: 1.0021824
	speed: 0.0242s/iter; left time: 2592.6532s
	iters: 700, epoch: 6 | loss: 0.4362937
	speed: 0.0242s/iter; left time: 2581.4491s
	iters: 800, epoch: 6 | loss: 0.3711868
	speed: 0.0241s/iter; left time: 2575.1614s
	iters: 900, epoch: 6 | loss: 0.3998317
	speed: 0.0243s/iter; left time: 2586.5212s
	iters: 1000, epoch: 6 | loss: 0.4417518
	speed: 0.0243s/iter; left time: 2592.6839s
	iters: 1100, epoch: 6 | loss: 0.3691024
	speed: 0.0242s/iter; left time: 2576.7303s
Epoch: 6 cost time: 27.368878602981567
Epoch: 6, Steps: 1132 | Train Loss: 0.5205413 Vali Loss: 0.5286988
Validation loss decreased (0.529884 --> 0.528699).  Saving model ...
Updating learning rate to 1.5625e-05
	iters: 100, epoch: 7 | loss: 0.5008364
	speed: 0.0458s/iter; left time: 4868.1035s
	iters: 200, epoch: 7 | loss: 0.7194600
	speed: 0.0243s/iter; left time: 2578.8492s
	iters: 300, epoch: 7 | loss: 0.4493585
	speed: 0.0243s/iter; left time: 2574.8987s
	iters: 400, epoch: 7 | loss: 0.3855311
	speed: 0.0241s/iter; left time: 2556.5657s
	iters: 500, epoch: 7 | loss: 0.4531031
	speed: 0.0242s/iter; left time: 2560.4163s
	iters: 600, epoch: 7 | loss: 0.7017412
	speed: 0.0241s/iter; left time: 2551.4296s
	iters: 700, epoch: 7 | loss: 0.7506008
	speed: 0.0242s/iter; left time: 2553.6367s
	iters: 800, epoch: 7 | loss: 0.4004741
	speed: 0.0241s/iter; left time: 2549.3895s
	iters: 900, epoch: 7 | loss: 0.5387391
	speed: 0.0243s/iter; left time: 2560.2849s
	iters: 1000, epoch: 7 | loss: 0.6610691
	speed: 0.0243s/iter; left time: 2563.9039s
	iters: 1100, epoch: 7 | loss: 0.4273938
	speed: 0.0243s/iter; left time: 2560.4050s
Epoch: 7 cost time: 27.40854573249817
Epoch: 7, Steps: 1132 | Train Loss: 0.5198155 Vali Loss: 0.5286796
Validation loss decreased (0.528699 --> 0.528680).  Saving model ...
Updating learning rate to 7.8125e-06
	iters: 100, epoch: 8 | loss: 0.7474920
	speed: 0.0457s/iter; left time: 4806.7059s
	iters: 200, epoch: 8 | loss: 0.3646145
	speed: 0.0242s/iter; left time: 2545.0921s
	iters: 300, epoch: 8 | loss: 1.2863930
	speed: 0.0244s/iter; left time: 2557.6010s
	iters: 400, epoch: 8 | loss: 0.7531254
	speed: 0.0242s/iter; left time: 2540.2774s
	iters: 500, epoch: 8 | loss: 0.4906322
	speed: 0.0242s/iter; left time: 2538.9824s
	iters: 600, epoch: 8 | loss: 0.4527198
	speed: 0.0242s/iter; left time: 2532.0794s
	iters: 700, epoch: 8 | loss: 0.5905145
	speed: 0.0242s/iter; left time: 2525.8751s
	iters: 800, epoch: 8 | loss: 0.4024776
	speed: 0.0242s/iter; left time: 2528.8885s
	iters: 900, epoch: 8 | loss: 0.3633786
	speed: 0.0242s/iter; left time: 2520.8068s
	iters: 1000, epoch: 8 | loss: 0.4406853
	speed: 0.0241s/iter; left time: 2511.9511s
	iters: 1100, epoch: 8 | loss: 0.4566422
	speed: 0.0241s/iter; left time: 2507.2412s
Epoch: 8 cost time: 27.388545274734497
Epoch: 8, Steps: 1132 | Train Loss: 0.5193106 Vali Loss: 0.5283175
Validation loss decreased (0.528680 --> 0.528318).  Saving model ...
Updating learning rate to 3.90625e-06
	iters: 100, epoch: 9 | loss: 0.4308867
	speed: 0.0455s/iter; left time: 4737.3946s
	iters: 200, epoch: 9 | loss: 0.6700848
	speed: 0.0241s/iter; left time: 2502.0933s
	iters: 300, epoch: 9 | loss: 0.4324315
	speed: 0.0242s/iter; left time: 2516.2538s
	iters: 400, epoch: 9 | loss: 0.4666976
	speed: 0.0242s/iter; left time: 2505.9089s
	iters: 500, epoch: 9 | loss: 0.4416668
	speed: 0.0243s/iter; left time: 2515.3191s
	iters: 600, epoch: 9 | loss: 0.3748362
	speed: 0.0243s/iter; left time: 2512.3240s
	iters: 700, epoch: 9 | loss: 0.6167146
	speed: 0.0243s/iter; left time: 2512.5842s
	iters: 800, epoch: 9 | loss: 0.5603914
	speed: 0.0242s/iter; left time: 2502.5088s
	iters: 900, epoch: 9 | loss: 0.6888667
	speed: 0.0242s/iter; left time: 2502.9840s
	iters: 1000, epoch: 9 | loss: 0.7089527
	speed: 0.0242s/iter; left time: 2501.0663s
	iters: 1100, epoch: 9 | loss: 0.3406763
	speed: 0.0244s/iter; left time: 2510.8996s
Epoch: 9 cost time: 27.41473960876465
Epoch: 9, Steps: 1132 | Train Loss: 0.5190718 Vali Loss: 0.5282760
Validation loss decreased (0.528318 --> 0.528276).  Saving model ...
Updating learning rate to 1.953125e-06
	iters: 100, epoch: 10 | loss: 0.4416501
	speed: 0.0457s/iter; left time: 4706.1712s
	iters: 200, epoch: 10 | loss: 0.4636813
	speed: 0.0244s/iter; left time: 2510.2490s
	iters: 300, epoch: 10 | loss: 0.3845298
	speed: 0.0242s/iter; left time: 2482.5081s
	iters: 400, epoch: 10 | loss: 0.4537946
	speed: 0.0243s/iter; left time: 2493.9307s
	iters: 500, epoch: 10 | loss: 0.4085012
	speed: 0.0242s/iter; left time: 2485.1046s
	iters: 600, epoch: 10 | loss: 0.4946994
	speed: 0.0242s/iter; left time: 2479.0710s
	iters: 700, epoch: 10 | loss: 0.3814724
	speed: 0.0243s/iter; left time: 2482.6899s
	iters: 800, epoch: 10 | loss: 0.4056946
	speed: 0.0241s/iter; left time: 2466.3450s
	iters: 900, epoch: 10 | loss: 0.7077489
	speed: 0.0243s/iter; left time: 2477.5517s
	iters: 1000, epoch: 10 | loss: 0.4326454
	speed: 0.0242s/iter; left time: 2472.5585s
	iters: 1100, epoch: 10 | loss: 0.4001723
	speed: 0.0242s/iter; left time: 2462.7073s
Epoch: 10 cost time: 27.439902782440186
Epoch: 10, Steps: 1132 | Train Loss: 0.5188817 Vali Loss: 0.5282546
Validation loss decreased (0.528276 --> 0.528255).  Saving model ...
Updating learning rate to 9.765625e-07
	iters: 100, epoch: 11 | loss: 0.7589291
	speed: 0.0452s/iter; left time: 4599.0374s
	iters: 200, epoch: 11 | loss: 0.6692327
	speed: 0.0241s/iter; left time: 2448.3941s
	iters: 300, epoch: 11 | loss: 0.7956173
	speed: 0.0242s/iter; left time: 2456.6434s
	iters: 400, epoch: 11 | loss: 0.9028777
	speed: 0.0242s/iter; left time: 2460.1629s
	iters: 500, epoch: 11 | loss: 0.6920770
	speed: 0.0242s/iter; left time: 2457.6014s
	iters: 600, epoch: 11 | loss: 0.4579405
	speed: 0.0242s/iter; left time: 2450.8935s
	iters: 700, epoch: 11 | loss: 0.4453084
	speed: 0.0243s/iter; left time: 2458.3447s
	iters: 800, epoch: 11 | loss: 0.7104092
	speed: 0.0243s/iter; left time: 2452.9291s
	iters: 900, epoch: 11 | loss: 0.4777238
	speed: 0.0242s/iter; left time: 2448.5696s
	iters: 1000, epoch: 11 | loss: 0.4689354
	speed: 0.0242s/iter; left time: 2446.0732s
	iters: 1100, epoch: 11 | loss: 0.5011045
	speed: 0.0243s/iter; left time: 2451.1407s
Epoch: 11 cost time: 27.39508366584778
Epoch: 11, Steps: 1132 | Train Loss: 0.5188994 Vali Loss: 0.5282946
EarlyStopping counter: 1 out of 6
Updating learning rate to 4.8828125e-07
	iters: 100, epoch: 12 | loss: 0.4938422
	speed: 0.0454s/iter; left time: 4572.1659s
	iters: 200, epoch: 12 | loss: 0.7312085
	speed: 0.0242s/iter; left time: 2430.6151s
	iters: 300, epoch: 12 | loss: 0.4036087
	speed: 0.0242s/iter; left time: 2433.4418s
	iters: 400, epoch: 12 | loss: 0.4386556
	speed: 0.0243s/iter; left time: 2443.1849s
	iters: 500, epoch: 12 | loss: 0.9664723
	speed: 0.0244s/iter; left time: 2445.9294s
	iters: 600, epoch: 12 | loss: 0.4256613
	speed: 0.0242s/iter; left time: 2423.9958s
	iters: 700, epoch: 12 | loss: 0.5292749
	speed: 0.0242s/iter; left time: 2424.3703s
	iters: 800, epoch: 12 | loss: 0.7315765
	speed: 0.0242s/iter; left time: 2418.1637s
	iters: 900, epoch: 12 | loss: 0.4305018
	speed: 0.0243s/iter; left time: 2430.2364s
	iters: 1000, epoch: 12 | loss: 0.5121026
	speed: 0.0242s/iter; left time: 2414.0581s
	iters: 1100, epoch: 12 | loss: 0.4857269
	speed: 0.0242s/iter; left time: 2410.9860s
Epoch: 12 cost time: 27.450511693954468
Epoch: 12, Steps: 1132 | Train Loss: 0.5187994 Vali Loss: 0.5282291
Validation loss decreased (0.528255 --> 0.528229).  Saving model ...
Updating learning rate to 2.44140625e-07
	iters: 100, epoch: 13 | loss: 0.5250227
	speed: 0.0455s/iter; left time: 4530.5145s
	iters: 200, epoch: 13 | loss: 0.4266287
	speed: 0.0241s/iter; left time: 2398.7647s
	iters: 300, epoch: 13 | loss: 0.7102708
	speed: 0.0244s/iter; left time: 2422.7462s
	iters: 400, epoch: 13 | loss: 1.0584979
	speed: 0.0242s/iter; left time: 2401.8356s
	iters: 500, epoch: 13 | loss: 0.3453012
	speed: 0.0243s/iter; left time: 2409.8528s
	iters: 600, epoch: 13 | loss: 0.8510397
	speed: 0.0243s/iter; left time: 2402.8508s
	iters: 700, epoch: 13 | loss: 0.7230036
	speed: 0.0242s/iter; left time: 2397.4651s
	iters: 800, epoch: 13 | loss: 0.4611633
	speed: 0.0242s/iter; left time: 2395.4791s
	iters: 900, epoch: 13 | loss: 0.4518715
	speed: 0.0242s/iter; left time: 2386.8043s
	iters: 1000, epoch: 13 | loss: 0.4126703
	speed: 0.0244s/iter; left time: 2403.1703s
	iters: 1100, epoch: 13 | loss: 0.4054581
	speed: 0.0242s/iter; left time: 2383.3472s
Epoch: 13 cost time: 27.430790901184082
Epoch: 13, Steps: 1132 | Train Loss: 0.5188730 Vali Loss: 0.5281878
Validation loss decreased (0.528229 --> 0.528188).  Saving model ...
Updating learning rate to 1.220703125e-07
	iters: 100, epoch: 14 | loss: 0.3300575
	speed: 0.0454s/iter; left time: 4469.4614s
	iters: 200, epoch: 14 | loss: 0.3735377
	speed: 0.0242s/iter; left time: 2379.6640s
	iters: 300, epoch: 14 | loss: 0.4657250
	speed: 0.0243s/iter; left time: 2385.7612s
	iters: 400, epoch: 14 | loss: 0.4488942
	speed: 0.0242s/iter; left time: 2377.0582s
	iters: 500, epoch: 14 | loss: 0.4555472
	speed: 0.0244s/iter; left time: 2386.8918s
	iters: 600, epoch: 14 | loss: 0.4376139
	speed: 0.0243s/iter; left time: 2381.2462s
	iters: 700, epoch: 14 | loss: 0.6379769
	speed: 0.0243s/iter; left time: 2373.9535s
	iters: 800, epoch: 14 | loss: 0.4138734
	speed: 0.0243s/iter; left time: 2377.1934s
	iters: 900, epoch: 14 | loss: 0.6498981
	speed: 0.0243s/iter; left time: 2368.7172s
	iters: 1000, epoch: 14 | loss: 0.4382977
	speed: 0.0242s/iter; left time: 2357.5115s
	iters: 1100, epoch: 14 | loss: 0.3685367
	speed: 0.0243s/iter; left time: 2370.3149s
Epoch: 14 cost time: 27.47480869293213
Epoch: 14, Steps: 1132 | Train Loss: 0.5189810 Vali Loss: 0.5281941
EarlyStopping counter: 1 out of 6
Updating learning rate to 6.103515625e-08
	iters: 100, epoch: 15 | loss: 0.4822655
	speed: 0.0456s/iter; left time: 4430.8745s
	iters: 200, epoch: 15 | loss: 0.3999208
	speed: 0.0240s/iter; left time: 2331.5278s
	iters: 300, epoch: 15 | loss: 1.2709061
	speed: 0.0241s/iter; left time: 2336.0764s
	iters: 400, epoch: 15 | loss: 0.8031028
	speed: 0.0242s/iter; left time: 2343.8268s
	iters: 500, epoch: 15 | loss: 0.4143943
	speed: 0.0242s/iter; left time: 2341.4645s
	iters: 600, epoch: 15 | loss: 0.5943895
	speed: 0.0243s/iter; left time: 2348.1282s
	iters: 700, epoch: 15 | loss: 0.7671102
	speed: 0.0243s/iter; left time: 2343.8947s
	iters: 800, epoch: 15 | loss: 0.3869125
	speed: 0.0243s/iter; left time: 2350.5063s
	iters: 900, epoch: 15 | loss: 0.5573490
	speed: 0.0243s/iter; left time: 2348.5284s
	iters: 1000, epoch: 15 | loss: 0.6632682
	speed: 0.0242s/iter; left time: 2332.9641s
	iters: 1100, epoch: 15 | loss: 0.8039972
	speed: 0.0243s/iter; left time: 2338.7873s
Epoch: 15 cost time: 27.401878833770752
Epoch: 15, Steps: 1132 | Train Loss: 0.5188440 Vali Loss: 0.5281926
EarlyStopping counter: 2 out of 6
Updating learning rate to 3.0517578125e-08
	iters: 100, epoch: 16 | loss: 0.6232579
	speed: 0.0452s/iter; left time: 4347.2414s
	iters: 200, epoch: 16 | loss: 0.4663866
	speed: 0.0242s/iter; left time: 2322.2227s
	iters: 300, epoch: 16 | loss: 0.4661760
	speed: 0.0242s/iter; left time: 2322.8811s
	iters: 400, epoch: 16 | loss: 0.9076474
	speed: 0.0243s/iter; left time: 2324.2891s
	iters: 500, epoch: 16 | loss: 0.4166724
	speed: 0.0241s/iter; left time: 2311.4631s
	iters: 600, epoch: 16 | loss: 0.9635727
	speed: 0.0242s/iter; left time: 2315.8972s
	iters: 700, epoch: 16 | loss: 0.4471232
	speed: 0.0243s/iter; left time: 2318.9620s
	iters: 800, epoch: 16 | loss: 0.4384827
	speed: 0.0243s/iter; left time: 2322.8531s
	iters: 900, epoch: 16 | loss: 0.4299142
	speed: 0.0243s/iter; left time: 2312.0953s
	iters: 1000, epoch: 16 | loss: 0.6596104
	speed: 0.0242s/iter; left time: 2304.8241s
	iters: 1100, epoch: 16 | loss: 0.4183912
	speed: 0.0242s/iter; left time: 2306.2084s
Epoch: 16 cost time: 27.418967723846436
Epoch: 16, Steps: 1132 | Train Loss: 0.5188786 Vali Loss: 0.5281941
EarlyStopping counter: 3 out of 6
Updating learning rate to 1.52587890625e-08
	iters: 100, epoch: 17 | loss: 0.5723804
	speed: 0.0453s/iter; left time: 4302.4584s
	iters: 200, epoch: 17 | loss: 0.7478371
	speed: 0.0242s/iter; left time: 2294.6106s
	iters: 300, epoch: 17 | loss: 0.6638380
	speed: 0.0241s/iter; left time: 2282.2992s
	iters: 400, epoch: 17 | loss: 0.4904815
	speed: 0.0242s/iter; left time: 2287.2676s
	iters: 500, epoch: 17 | loss: 0.9899261
	speed: 0.0241s/iter; left time: 2282.7450s
	iters: 600, epoch: 17 | loss: 0.5457938
	speed: 0.0242s/iter; left time: 2288.7842s
	iters: 700, epoch: 17 | loss: 0.6115653
	speed: 0.0242s/iter; left time: 2287.1167s
	iters: 800, epoch: 17 | loss: 0.3374139
	speed: 0.0243s/iter; left time: 2293.8842s
	iters: 900, epoch: 17 | loss: 0.3798443
	speed: 0.0242s/iter; left time: 2283.2813s
	iters: 1000, epoch: 17 | loss: 0.4541702
	speed: 0.0243s/iter; left time: 2289.0993s
	iters: 1100, epoch: 17 | loss: 0.6495238
	speed: 0.0241s/iter; left time: 2267.0814s
Epoch: 17 cost time: 27.38189435005188
Epoch: 17, Steps: 1132 | Train Loss: 0.5188121 Vali Loss: 0.5281938
EarlyStopping counter: 4 out of 6
Updating learning rate to 7.62939453125e-09
	iters: 100, epoch: 18 | loss: 0.6149376
	speed: 0.0453s/iter; left time: 4249.3337s
	iters: 200, epoch: 18 | loss: 0.8007491
	speed: 0.0242s/iter; left time: 2268.0595s
	iters: 300, epoch: 18 | loss: 0.7354124
	speed: 0.0242s/iter; left time: 2264.6729s
	iters: 400, epoch: 18 | loss: 0.4368449
	speed: 0.0242s/iter; left time: 2261.1097s
	iters: 500, epoch: 18 | loss: 0.4596667
	speed: 0.0241s/iter; left time: 2255.1576s
	iters: 600, epoch: 18 | loss: 0.4424964
	speed: 0.0242s/iter; left time: 2261.1621s
	iters: 700, epoch: 18 | loss: 0.5101228
	speed: 0.0242s/iter; left time: 2260.2320s
	iters: 800, epoch: 18 | loss: 0.3997608
	speed: 0.0242s/iter; left time: 2252.0607s
	iters: 900, epoch: 18 | loss: 0.5024376
	speed: 0.0242s/iter; left time: 2254.3616s
	iters: 1000, epoch: 18 | loss: 0.4681716
	speed: 0.0243s/iter; left time: 2261.3423s
	iters: 1100, epoch: 18 | loss: 0.4973158
	speed: 0.0243s/iter; left time: 2254.3133s
Epoch: 18 cost time: 27.396163940429688
Epoch: 18, Steps: 1132 | Train Loss: 0.5188777 Vali Loss: 0.5281942
EarlyStopping counter: 5 out of 6
Updating learning rate to 3.814697265625e-09
	iters: 100, epoch: 19 | loss: 0.6832488
	speed: 0.0454s/iter; left time: 4209.1563s
	iters: 200, epoch: 19 | loss: 0.4410983
	speed: 0.0242s/iter; left time: 2244.5677s
	iters: 300, epoch: 19 | loss: 0.4815417
	speed: 0.0242s/iter; left time: 2236.7083s
	iters: 400, epoch: 19 | loss: 0.5100126
	speed: 0.0241s/iter; left time: 2231.9637s
	iters: 500, epoch: 19 | loss: 0.4011111
	speed: 0.0242s/iter; left time: 2238.7881s
	iters: 600, epoch: 19 | loss: 0.4740787
	speed: 0.0242s/iter; left time: 2228.0053s
	iters: 700, epoch: 19 | loss: 0.8007768
	speed: 0.0243s/iter; left time: 2234.2513s
	iters: 800, epoch: 19 | loss: 0.4738503
	speed: 0.0243s/iter; left time: 2232.2210s
	iters: 900, epoch: 19 | loss: 0.4354028
	speed: 0.0242s/iter; left time: 2224.9706s
	iters: 1000, epoch: 19 | loss: 0.7276281
	speed: 0.0242s/iter; left time: 2219.9410s
	iters: 1100, epoch: 19 | loss: 0.4476213
	speed: 0.0242s/iter; left time: 2222.0157s
Epoch: 19 cost time: 27.375149488449097
Epoch: 19, Steps: 1132 | Train Loss: 0.5188571 Vali Loss: 0.5281942
EarlyStopping counter: 6 out of 6
Early stopping
VALIDATION_RESULT {"best_epoch": 13, "best_mae": 0.3684876174961288, "best_mse": 0.528187786786302, "epochs_ran": 19, "metric_version": "element_weighted_v1", "train_duration_seconds": 548.3026555241086, "train_peak_cuda_memory_bytes": 1484052992}
>>>>>>>testing : long_term_forecast_Weather_336_336_coreabl_weather_p336_no_graph_s2023_TimeRole_custom_ftM_sl336_ll48_pl336_dm64_nh8_el1_dl1_df128_expand2_dc2_fc1_ebtimeF_dtTrue_coreabl_weather_p336_no_graph_s2023_0<<<<<<<<<<<<<<<<<<<<<<<<<<<<<<<<<
test 10204
EVALUATION_RESULT {"batches": 319, "elapsed_seconds": 2.855560220312327, "elements": 71999424, "gate_abs_mean": 0.17104464769363403, "gate_max": -0.008242426440119743, "gate_mean": -0.17104464769363403, "gate_min": -0.28074130415916443, "gate_values": [-0.12775444984436035, -0.23254486918449402, -0.23297050595283508, -0.1386394202709198, -0.22420412302017212, -0.24582849442958832, -0.1565934121608734, -0.24467317759990692, -0.15660737454891205, -0.1564621478319168, -0.1965266913175583, -0.013555534183979034, -0.2032298445701599, -0.09680958837270737, -0.03571558743715286, -0.03893087059259415, -0.2784433662891388, -0.2801082730293274, -0.28074130415916443, -0.24335598945617676, -0.008242426440119743], "mae": 0.27820029721696105, "memory_correction_mae": 0.11501171757231046, "memory_correction_rms": 0.18074882831164396, "metric_version": "element_weighted_v1", "milliseconds_per_batch": 8.951599436715759, "mse": 0.24144710984022508, "origin_count": 10204, "origin_metric_version": "per_forecast_origin_mean_v1", "origin_metrics_path": "/home/cwh/Time-Series-Library/logs/timerole_core_ablation/checkpoints/long_term_forecast_Weather_336_336_coreabl_weather_p336_no_graph_s2023_TimeRole_custom_ftM_sl336_ll48_pl336_dm64_nh8_el1_dl1_df128_expand2_dc2_fc1_ebtimeF_dtTrue_coreabl_weather_p336_no_graph_s2023_0/test_origin_metrics.npz", "parameter_count": 3239573, "peak_cuda_memory_bytes": 422394880, "split": "test", "test_accessed": true, "timerole_intervention": "intact"}
mse:0.24144710984022508, mae:0.27820029721696105, dtw:Not calculated
