Using GPU
Args in experiment:
[1mBasic Config[0m
  Task Name:          long_term_forecast  Is Training:        1                   
  Model ID:           ETTm2_336_336_coreabl_ettm2_p336_no_patch_s2023Model:              TimeRole            

[1mData Loader[0m
  Data:               ETTm2               Root Path:          /home/cwh/Time-Series-Library/dataset/ETT-small
  Data Path:          ETTm2.csv           Features:           M                   
  Target:             OT                  Freq:               h                   
  Checkpoints:        /home/cwh/Time-Series-Library/logs/timerole_core_ablation/checkpoints

[1mForecasting Task[0m
  Seq Len:            336                 Label Len:          48                  
  Pred Len:           336                 Seasonal Patterns:  Monthly             
  Inverse:            0                   

[1mModel Parameters[0m
  Top k:              5                   Num Kernels:        6                   
  Enc In:             7                   Dec In:             7                   
  C Out:              7                   d model:            64                  
  n heads:            8                   e layers:           1                   
  d layers:           1                   d FF:               128                 
  Moving Avg:         25                  Factor:             1                   
  Distil:             1                   Dropout:            0.1                 
  Embed:              timeF               Activation:         gelu                

[1mRun Parameters[0m
  Num Workers:        0                   Itr:                1                   
  Train Epochs:       100                 Batch Size:         32                  
  Patience:           6                   Learning Rate:      0.0005              
  Des:                coreabl_ettm2_p336_no_patch_s2023Loss:               MSE                 
  Lradj:              type1               Use Amp:            0                   

[1mGPU[0m
  Use GPU:            1                   GPU:                0                   
  Use Multi GPU:      0                   Devices:            0,1,2,3             

[1mDe-stationary Projector Params[0m
  P Hidden Dims:      128, 128            P Hidden Layers:    2                   

Use GPU: cuda:0
🚀 Lazy Loading: TimeRole ...
[GraphMamba] Building 7x7 static graph from 2000 training samples
>>>>>>>start training : long_term_forecast_ETTm2_336_336_coreabl_ettm2_p336_no_patch_s2023_TimeRole_ETTm2_ftM_sl336_ll48_pl336_dm64_nh8_el1_dl1_df128_expand2_dc2_fc1_ebtimeF_dtTrue_coreabl_ettm2_p336_no_patch_s2023_0>>>>>>>>>>>>>>>>>>>>>>>>>>
train 33889
val 11185
	iters: 100, epoch: 1 | loss: 0.5943614
	speed: 0.0102s/iter; left time: 1075.7863s
	iters: 200, epoch: 1 | loss: 0.3897954
	speed: 0.0075s/iter; left time: 789.3267s
	iters: 300, epoch: 1 | loss: 0.2602488
	speed: 0.0076s/iter; left time: 803.1051s
	iters: 400, epoch: 1 | loss: 0.4722930
	speed: 0.0074s/iter; left time: 786.6802s
	iters: 500, epoch: 1 | loss: 0.2454763
	speed: 0.0075s/iter; left time: 788.3050s
	iters: 600, epoch: 1 | loss: 0.5799993
	speed: 0.0077s/iter; left time: 809.4157s
	iters: 700, epoch: 1 | loss: 0.9860633
	speed: 0.0077s/iter; left time: 805.9434s
	iters: 800, epoch: 1 | loss: 0.5776332
	speed: 0.0075s/iter; left time: 792.9178s
	iters: 900, epoch: 1 | loss: 0.2857554
	speed: 0.0077s/iter; left time: 813.3163s
	iters: 1000, epoch: 1 | loss: 0.2193244
	speed: 0.0076s/iter; left time: 797.6308s
Epoch: 1 cost time: 8.305182695388794
Epoch: 1, Steps: 1060 | Train Loss: 0.4058788 Vali Loss: 0.2104940
Validation loss decreased (inf --> 0.210494).  Saving model ...
Updating learning rate to 0.0005
	iters: 100, epoch: 2 | loss: 0.6738426
	speed: 0.0237s/iter; left time: 2481.6593s
	iters: 200, epoch: 2 | loss: 0.3204380
	speed: 0.0080s/iter; left time: 834.7522s
	iters: 300, epoch: 2 | loss: 0.3868023
	speed: 0.0076s/iter; left time: 795.3467s
	iters: 400, epoch: 2 | loss: 0.3385878
	speed: 0.0073s/iter; left time: 764.2268s
	iters: 500, epoch: 2 | loss: 0.4632335
	speed: 0.0076s/iter; left time: 789.3277s
	iters: 600, epoch: 2 | loss: 0.6856682
	speed: 0.0076s/iter; left time: 795.2842s
	iters: 700, epoch: 2 | loss: 0.2089020
	speed: 0.0078s/iter; left time: 812.1547s
	iters: 800, epoch: 2 | loss: 0.4337918
	speed: 0.0080s/iter; left time: 838.1243s
	iters: 900, epoch: 2 | loss: 0.3132306
	speed: 0.0075s/iter; left time: 777.0429s
	iters: 1000, epoch: 2 | loss: 0.3851351
	speed: 0.0075s/iter; left time: 783.2162s
Epoch: 2 cost time: 8.11360502243042
Epoch: 2, Steps: 1060 | Train Loss: 0.3687465 Vali Loss: 0.2116923
EarlyStopping counter: 1 out of 6
Updating learning rate to 0.00025
	iters: 100, epoch: 3 | loss: 0.1495540
	speed: 0.0242s/iter; left time: 2507.8212s
	iters: 200, epoch: 3 | loss: 0.4088898
	speed: 0.0077s/iter; left time: 797.2694s
	iters: 300, epoch: 3 | loss: 0.4739279
	speed: 0.0078s/iter; left time: 803.3912s
	iters: 400, epoch: 3 | loss: 0.3149453
	speed: 0.0077s/iter; left time: 798.3415s
	iters: 500, epoch: 3 | loss: 0.2879544
	speed: 0.0076s/iter; left time: 790.6508s
	iters: 600, epoch: 3 | loss: 0.2139862
	speed: 0.0076s/iter; left time: 788.3539s
	iters: 700, epoch: 3 | loss: 0.2336755
	speed: 0.0075s/iter; left time: 777.6145s
	iters: 800, epoch: 3 | loss: 0.2373861
	speed: 0.0076s/iter; left time: 780.9203s
	iters: 900, epoch: 3 | loss: 0.5136790
	speed: 0.0078s/iter; left time: 805.4804s
	iters: 1000, epoch: 3 | loss: 0.3369006
	speed: 0.0080s/iter; left time: 824.5815s
Epoch: 3 cost time: 8.177353382110596
Epoch: 3, Steps: 1060 | Train Loss: 0.3468051 Vali Loss: 0.2117521
EarlyStopping counter: 2 out of 6
Updating learning rate to 0.000125
	iters: 100, epoch: 4 | loss: 0.2072071
	speed: 0.0248s/iter; left time: 2545.7479s
	iters: 200, epoch: 4 | loss: 0.2294343
	speed: 0.0079s/iter; left time: 807.3133s
	iters: 300, epoch: 4 | loss: 0.3932160
	speed: 0.0080s/iter; left time: 817.8014s
	iters: 400, epoch: 4 | loss: 0.2173428
	speed: 0.0079s/iter; left time: 811.2413s
	iters: 500, epoch: 4 | loss: 0.3063237
	speed: 0.0076s/iter; left time: 773.7166s
	iters: 600, epoch: 4 | loss: 0.2130205
	speed: 0.0076s/iter; left time: 776.3349s
	iters: 700, epoch: 4 | loss: 0.4570232
	speed: 0.0077s/iter; left time: 781.7884s
	iters: 800, epoch: 4 | loss: 0.5347290
	speed: 0.0075s/iter; left time: 769.2833s
	iters: 900, epoch: 4 | loss: 0.3858310
	speed: 0.0079s/iter; left time: 800.3395s
	iters: 1000, epoch: 4 | loss: 0.1919343
	speed: 0.0078s/iter; left time: 791.9947s
Epoch: 4 cost time: 8.230476140975952
Epoch: 4, Steps: 1060 | Train Loss: 0.3352371 Vali Loss: 0.2173973
EarlyStopping counter: 3 out of 6
Updating learning rate to 6.25e-05
	iters: 100, epoch: 5 | loss: 0.3882948
	speed: 0.0245s/iter; left time: 2489.3064s
	iters: 200, epoch: 5 | loss: 0.2341125
	speed: 0.0077s/iter; left time: 781.2959s
	iters: 300, epoch: 5 | loss: 0.3031972
	speed: 0.0080s/iter; left time: 810.3752s
	iters: 400, epoch: 5 | loss: 0.4018691
	speed: 0.0077s/iter; left time: 782.6080s
	iters: 500, epoch: 5 | loss: 0.5527905
	speed: 0.0075s/iter; left time: 764.3705s
	iters: 600, epoch: 5 | loss: 0.3677478
	speed: 0.0078s/iter; left time: 784.2675s
	iters: 700, epoch: 5 | loss: 0.2541684
	speed: 0.0072s/iter; left time: 730.6492s
	iters: 800, epoch: 5 | loss: 0.2065972
	speed: 0.0078s/iter; left time: 783.0860s
	iters: 900, epoch: 5 | loss: 0.4019844
	speed: 0.0074s/iter; left time: 748.7302s
	iters: 1000, epoch: 5 | loss: 0.3250367
	speed: 0.0073s/iter; left time: 738.5369s
Epoch: 5 cost time: 8.06465744972229
Epoch: 5, Steps: 1060 | Train Loss: 0.3282221 Vali Loss: 0.2159076
EarlyStopping counter: 4 out of 6
Updating learning rate to 3.125e-05
	iters: 100, epoch: 6 | loss: 0.3261765
	speed: 0.0245s/iter; left time: 2464.0369s
	iters: 200, epoch: 6 | loss: 0.3731522
	speed: 0.0075s/iter; left time: 750.6317s
	iters: 300, epoch: 6 | loss: 0.1693011
	speed: 0.0073s/iter; left time: 737.3024s
	iters: 400, epoch: 6 | loss: 0.3199251
	speed: 0.0075s/iter; left time: 748.7345s
	iters: 500, epoch: 6 | loss: 0.2865763
	speed: 0.0078s/iter; left time: 781.9249s
	iters: 600, epoch: 6 | loss: 0.2689863
	speed: 0.0075s/iter; left time: 753.3541s
	iters: 700, epoch: 6 | loss: 0.4912220
	speed: 0.0078s/iter; left time: 784.1651s
	iters: 800, epoch: 6 | loss: 0.1941728
	speed: 0.0077s/iter; left time: 769.6764s
	iters: 900, epoch: 6 | loss: 0.2893476
	speed: 0.0077s/iter; left time: 771.1293s
	iters: 1000, epoch: 6 | loss: 0.2362524
	speed: 0.0080s/iter; left time: 802.1296s
Epoch: 6 cost time: 8.144524574279785
Epoch: 6, Steps: 1060 | Train Loss: 0.3237315 Vali Loss: 0.2195327
EarlyStopping counter: 5 out of 6
Updating learning rate to 1.5625e-05
	iters: 100, epoch: 7 | loss: 0.3149661
	speed: 0.0239s/iter; left time: 2379.2851s
	iters: 200, epoch: 7 | loss: 0.4213281
	speed: 0.0075s/iter; left time: 741.3363s
	iters: 300, epoch: 7 | loss: 0.3597345
	speed: 0.0075s/iter; left time: 742.2265s
	iters: 400, epoch: 7 | loss: 0.3289761
	speed: 0.0074s/iter; left time: 737.9784s
	iters: 500, epoch: 7 | loss: 0.3242650
	speed: 0.0075s/iter; left time: 742.7326s
	iters: 600, epoch: 7 | loss: 0.3475312
	speed: 0.0078s/iter; left time: 772.3339s
	iters: 700, epoch: 7 | loss: 0.4007132
	speed: 0.0079s/iter; left time: 778.8774s
	iters: 800, epoch: 7 | loss: 0.2131925
	speed: 0.0077s/iter; left time: 757.7348s
	iters: 900, epoch: 7 | loss: 0.2202806
	speed: 0.0078s/iter; left time: 769.9279s
	iters: 1000, epoch: 7 | loss: 0.3088971
	speed: 0.0076s/iter; left time: 750.2351s
Epoch: 7 cost time: 8.098173379898071
Epoch: 7, Steps: 1060 | Train Loss: 0.3217101 Vali Loss: 0.2200330
EarlyStopping counter: 6 out of 6
Early stopping
VALIDATION_RESULT {"best_epoch": 1, "best_mae": 0.3169480640186478, "best_mse": 0.2104940151903565, "epochs_ran": 7, "metric_version": "element_weighted_v1", "train_duration_seconds": 66.80735576804727, "train_peak_cuda_memory_bytes": 373181440}
>>>>>>>testing : long_term_forecast_ETTm2_336_336_coreabl_ettm2_p336_no_patch_s2023_TimeRole_ETTm2_ftM_sl336_ll48_pl336_dm64_nh8_el1_dl1_df128_expand2_dc2_fc1_ebtimeF_dtTrue_coreabl_ettm2_p336_no_patch_s2023_0<<<<<<<<<<<<<<<<<<<<<<<<<<<<<<<<<
test 11185
EVALUATION_RESULT {"batches": 350, "elapsed_seconds": 1.2937952941283584, "elements": 26307120, "gate_abs_mean": 0.1035267561674118, "gate_max": 0.18384648859500885, "gate_mean": 0.10127787292003632, "gate_min": -0.007871091365814209, "gate_values": [0.18384648859500885, 0.1710270792245865, 0.04976941645145416, 0.13372588157653809, 0.043689846992492676, -0.007871091365814209, 0.13475750386714935], "mae": 0.336061855073004, "memory_correction_mae": 0.08252514972314218, "memory_correction_rms": 0.17025992364648823, "metric_version": "element_weighted_v1", "milliseconds_per_batch": 3.696557983223881, "mse": 0.2852747521096475, "origin_count": 11185, "origin_metric_version": "per_forecast_origin_mean_v1", "origin_metrics_path": "/home/cwh/Time-Series-Library/logs/timerole_core_ablation/checkpoints/long_term_forecast_ETTm2_336_336_coreabl_ettm2_p336_no_patch_s2023_TimeRole_ETTm2_ftM_sl336_ll48_pl336_dm64_nh8_el1_dl1_df128_expand2_dc2_fc1_ebtimeF_dtTrue_coreabl_ettm2_p336_no_patch_s2023_0/test_origin_metrics.npz", "parameter_count": 2214605, "peak_cuda_memory_bytes": 146201088, "split": "test", "test_accessed": true, "timerole_intervention": "intact"}
mse:0.2852747521096475, mae:0.336061855073004, dtw:Not calculated
