Using GPU
Args in experiment:
[1mBasic Config[0m
  Task Name:          long_term_forecast  Is Training:        1                   
  Model ID:           Weather_336_720_coreabl_weather_p720_no_graph_s2023Model:              TimeRole            

[1mData Loader[0m
  Data:               custom              Root Path:          /home/cwh/Time-Series-Library/dataset/weather
  Data Path:          weather.csv         Features:           M                   
  Target:             CO2 (ppm)           Freq:               h                   
  Checkpoints:        /home/cwh/Time-Series-Library/logs/timerole_core_ablation/checkpoints

[1mForecasting Task[0m
  Seq Len:            336                 Label Len:          48                  
  Pred Len:           720                 Seasonal Patterns:  Monthly             
  Inverse:            0                   

[1mModel Parameters[0m
  Top k:              5                   Num Kernels:        6                   
  Enc In:             21                  Dec In:             21                  
  C Out:              21                  d model:            64                  
  n heads:            8                   e layers:           1                   
  d layers:           1                   d FF:               128                 
  Moving Avg:         25                  Factor:             1                   
  Distil:             1                   Dropout:            0.1                 
  Embed:              timeF               Activation:         gelu                

[1mRun Parameters[0m
  Num Workers:        0                   Itr:                1                   
  Train Epochs:       100                 Batch Size:         32                  
  Patience:           6                   Learning Rate:      0.0005              
  Des:                coreabl_weather_p720_no_graph_s2023Loss:               MSE                 
  Lradj:              type1               Use Amp:            0                   

[1mGPU[0m
  Use GPU:            1                   GPU:                0                   
  Use Multi GPU:      0                   Devices:            0,1,2,3             

[1mDe-stationary Projector Params[0m
  P Hidden Dims:      128, 128            P Hidden Layers:    2                   

Use GPU: cuda:0
🚀 Lazy Loading: TimeRole ...
>>>>>>>start training : long_term_forecast_Weather_336_720_coreabl_weather_p720_no_graph_s2023_TimeRole_custom_ftM_sl336_ll48_pl720_dm64_nh8_el1_dl1_df128_expand2_dc2_fc1_ebtimeF_dtTrue_coreabl_weather_p720_no_graph_s2023_0>>>>>>>>>>>>>>>>>>>>>>>>>>
train 35832
val 4551
	iters: 100, epoch: 1 | loss: 0.6727408
	speed: 0.0269s/iter; left time: 3015.5083s
	iters: 200, epoch: 1 | loss: 0.7110811
	speed: 0.0250s/iter; left time: 2792.2902s
	iters: 300, epoch: 1 | loss: 0.5851140
	speed: 0.0250s/iter; left time: 2793.0614s
	iters: 400, epoch: 1 | loss: 0.5570214
	speed: 0.0251s/iter; left time: 2796.1325s
	iters: 500, epoch: 1 | loss: 0.5259920
	speed: 0.0251s/iter; left time: 2798.3898s
	iters: 600, epoch: 1 | loss: 0.7165942
	speed: 0.0250s/iter; left time: 2784.6348s
	iters: 700, epoch: 1 | loss: 0.7617390
	speed: 0.0250s/iter; left time: 2785.4458s
	iters: 800, epoch: 1 | loss: 0.5444995
	speed: 0.0250s/iter; left time: 2776.0717s
	iters: 900, epoch: 1 | loss: 0.6066644
	speed: 0.0250s/iter; left time: 2774.6115s
	iters: 1000, epoch: 1 | loss: 0.5432850
	speed: 0.0250s/iter; left time: 2779.5793s
	iters: 1100, epoch: 1 | loss: 0.5453722
	speed: 0.0250s/iter; left time: 2776.0948s
Epoch: 1 cost time: 28.215612649917603
Epoch: 1, Steps: 1120 | Train Loss: 0.6884139 Vali Loss: 0.6752412
Validation loss decreased (inf --> 0.675241).  Saving model ...
Updating learning rate to 0.0005
	iters: 100, epoch: 2 | loss: 0.6865440
	speed: 0.0436s/iter; left time: 4832.9954s
	iters: 200, epoch: 2 | loss: 0.6171154
	speed: 0.0250s/iter; left time: 2766.8479s
	iters: 300, epoch: 2 | loss: 0.8403339
	speed: 0.0250s/iter; left time: 2768.1699s
	iters: 400, epoch: 2 | loss: 1.0000533
	speed: 0.0250s/iter; left time: 2760.2891s
	iters: 500, epoch: 2 | loss: 0.5212133
	speed: 0.0250s/iter; left time: 2761.3409s
	iters: 600, epoch: 2 | loss: 0.5967138
	speed: 0.0251s/iter; left time: 2763.7881s
	iters: 700, epoch: 2 | loss: 0.6924743
	speed: 0.0250s/iter; left time: 2758.6043s
	iters: 800, epoch: 2 | loss: 0.5571088
	speed: 0.0251s/iter; left time: 2761.0230s
	iters: 900, epoch: 2 | loss: 0.4840255
	speed: 0.0250s/iter; left time: 2749.2027s
	iters: 1000, epoch: 2 | loss: 0.6780915
	speed: 0.0250s/iter; left time: 2744.4003s
	iters: 1100, epoch: 2 | loss: 0.5357010
	speed: 0.0249s/iter; left time: 2736.8241s
Epoch: 2 cost time: 27.997727870941162
Epoch: 2, Steps: 1120 | Train Loss: 0.6144640 Vali Loss: 0.6572726
Validation loss decreased (0.675241 --> 0.657273).  Saving model ...
Updating learning rate to 0.00025
	iters: 100, epoch: 3 | loss: 0.6604734
	speed: 0.0434s/iter; left time: 4760.3122s
	iters: 200, epoch: 3 | loss: 0.4700292
	speed: 0.0249s/iter; left time: 2729.1574s
	iters: 300, epoch: 3 | loss: 0.5061040
	speed: 0.0250s/iter; left time: 2735.3913s
	iters: 400, epoch: 3 | loss: 0.4910446
	speed: 0.0250s/iter; left time: 2738.4307s
	iters: 500, epoch: 3 | loss: 0.5979116
	speed: 0.0250s/iter; left time: 2731.0189s
	iters: 600, epoch: 3 | loss: 0.5697111
	speed: 0.0250s/iter; left time: 2724.7953s
	iters: 700, epoch: 3 | loss: 0.6871169
	speed: 0.0250s/iter; left time: 2721.3212s
	iters: 800, epoch: 3 | loss: 0.6593109
	speed: 0.0250s/iter; left time: 2724.6646s
	iters: 900, epoch: 3 | loss: 0.4719048
	speed: 0.0251s/iter; left time: 2735.7727s
	iters: 1000, epoch: 3 | loss: 0.7049503
	speed: 0.0250s/iter; left time: 2722.9436s
	iters: 1100, epoch: 3 | loss: 0.4555894
	speed: 0.0251s/iter; left time: 2724.2895s
Epoch: 3 cost time: 27.99135422706604
Epoch: 3, Steps: 1120 | Train Loss: 0.6017247 Vali Loss: 0.6537189
Validation loss decreased (0.657273 --> 0.653719).  Saving model ...
Updating learning rate to 0.000125
	iters: 100, epoch: 4 | loss: 0.4747052
	speed: 0.0439s/iter; left time: 4762.1008s
	iters: 200, epoch: 4 | loss: 0.6165289
	speed: 0.0251s/iter; left time: 2724.9264s
	iters: 300, epoch: 4 | loss: 0.4695446
	speed: 0.0251s/iter; left time: 2717.7602s
	iters: 400, epoch: 4 | loss: 0.5870141
	speed: 0.0252s/iter; left time: 2725.5292s
	iters: 500, epoch: 4 | loss: 0.4927329
	speed: 0.0250s/iter; left time: 2702.7103s
	iters: 600, epoch: 4 | loss: 0.5859789
	speed: 0.0251s/iter; left time: 2709.2887s
	iters: 700, epoch: 4 | loss: 0.6375191
	speed: 0.0250s/iter; left time: 2698.6936s
	iters: 800, epoch: 4 | loss: 0.6498922
	speed: 0.0251s/iter; left time: 2704.2603s
	iters: 900, epoch: 4 | loss: 0.5864112
	speed: 0.0251s/iter; left time: 2703.4696s
	iters: 1000, epoch: 4 | loss: 0.5215872
	speed: 0.0251s/iter; left time: 2698.5827s
	iters: 1100, epoch: 4 | loss: 0.6227166
	speed: 0.0251s/iter; left time: 2698.6773s
Epoch: 4 cost time: 28.08245086669922
Epoch: 4, Steps: 1120 | Train Loss: 0.5956767 Vali Loss: 0.6444359
Validation loss decreased (0.653719 --> 0.644436).  Saving model ...
Updating learning rate to 6.25e-05
	iters: 100, epoch: 5 | loss: 0.4953736
	speed: 0.0438s/iter; left time: 4700.5003s
	iters: 200, epoch: 5 | loss: 0.5752224
	speed: 0.0251s/iter; left time: 2689.3791s
	iters: 300, epoch: 5 | loss: 0.5272315
	speed: 0.0251s/iter; left time: 2689.4147s
	iters: 400, epoch: 5 | loss: 0.4840895
	speed: 0.0251s/iter; left time: 2690.0079s
	iters: 500, epoch: 5 | loss: 0.5326937
	speed: 0.0250s/iter; left time: 2675.2030s
	iters: 600, epoch: 5 | loss: 0.5047086
	speed: 0.0251s/iter; left time: 2678.8471s
	iters: 700, epoch: 5 | loss: 0.5824168
	speed: 0.0250s/iter; left time: 2671.5292s
	iters: 800, epoch: 5 | loss: 0.5771960
	speed: 0.0250s/iter; left time: 2668.5960s
	iters: 900, epoch: 5 | loss: 0.5268871
	speed: 0.0250s/iter; left time: 2665.8438s
	iters: 1000, epoch: 5 | loss: 0.5065727
	speed: 0.0252s/iter; left time: 2682.4115s
	iters: 1100, epoch: 5 | loss: 0.7175634
	speed: 0.0251s/iter; left time: 2669.8853s
Epoch: 5 cost time: 28.049073457717896
Epoch: 5, Steps: 1120 | Train Loss: 0.5935532 Vali Loss: 0.6444837
EarlyStopping counter: 1 out of 6
Updating learning rate to 3.125e-05
	iters: 100, epoch: 6 | loss: 0.5402578
	speed: 0.0435s/iter; left time: 4621.1101s
	iters: 200, epoch: 6 | loss: 0.5221990
	speed: 0.0250s/iter; left time: 2655.8299s
	iters: 300, epoch: 6 | loss: 0.5783772
	speed: 0.0250s/iter; left time: 2652.0254s
	iters: 400, epoch: 6 | loss: 0.5050285
	speed: 0.0250s/iter; left time: 2649.6750s
	iters: 500, epoch: 6 | loss: 0.7260405
	speed: 0.0251s/iter; left time: 2656.6762s
	iters: 600, epoch: 6 | loss: 0.7764962
	speed: 0.0251s/iter; left time: 2650.3578s
	iters: 700, epoch: 6 | loss: 0.6242393
	speed: 0.0250s/iter; left time: 2646.3866s
	iters: 800, epoch: 6 | loss: 0.7494422
	speed: 0.0252s/iter; left time: 2659.0363s
	iters: 900, epoch: 6 | loss: 0.6002825
	speed: 0.0250s/iter; left time: 2636.6255s
	iters: 1000, epoch: 6 | loss: 0.6958961
	speed: 0.0250s/iter; left time: 2632.6226s
	iters: 1100, epoch: 6 | loss: 0.5395868
	speed: 0.0251s/iter; left time: 2643.0933s
Epoch: 6 cost time: 28.037168502807617
Epoch: 6, Steps: 1120 | Train Loss: 0.5924510 Vali Loss: 0.6437504
Validation loss decreased (0.644436 --> 0.643750).  Saving model ...
Updating learning rate to 1.5625e-05
	iters: 100, epoch: 7 | loss: 0.4732396
	speed: 0.0437s/iter; left time: 4592.2520s
	iters: 200, epoch: 7 | loss: 0.4611157
	speed: 0.0251s/iter; left time: 2636.4079s
	iters: 300, epoch: 7 | loss: 0.6208968
	speed: 0.0252s/iter; left time: 2641.6494s
	iters: 400, epoch: 7 | loss: 0.4724900
	speed: 0.0252s/iter; left time: 2641.9114s
	iters: 500, epoch: 7 | loss: 0.4955830
	speed: 0.0251s/iter; left time: 2625.4027s
	iters: 600, epoch: 7 | loss: 0.4663223
	speed: 0.0252s/iter; left time: 2642.7047s
	iters: 700, epoch: 7 | loss: 0.5789096
	speed: 0.0253s/iter; left time: 2646.4762s
	iters: 800, epoch: 7 | loss: 0.6395786
	speed: 0.0253s/iter; left time: 2645.4378s
	iters: 900, epoch: 7 | loss: 0.6630627
	speed: 0.0252s/iter; left time: 2634.3031s
	iters: 1000, epoch: 7 | loss: 0.5007032
	speed: 0.0251s/iter; left time: 2615.5093s
	iters: 1100, epoch: 7 | loss: 0.6330361
	speed: 0.0252s/iter; left time: 2620.1813s
Epoch: 7 cost time: 28.190165996551514
Epoch: 7, Steps: 1120 | Train Loss: 0.5918150 Vali Loss: 0.6448113
EarlyStopping counter: 1 out of 6
Updating learning rate to 7.8125e-06
	iters: 100, epoch: 8 | loss: 0.4815924
	speed: 0.0437s/iter; left time: 4545.5619s
	iters: 200, epoch: 8 | loss: 0.6003324
	speed: 0.0251s/iter; left time: 2613.8762s
	iters: 300, epoch: 8 | loss: 0.6708134
	speed: 0.0252s/iter; left time: 2619.3517s
	iters: 400, epoch: 8 | loss: 0.7936847
	speed: 0.0251s/iter; left time: 2605.8493s
	iters: 500, epoch: 8 | loss: 0.5757283
	speed: 0.0252s/iter; left time: 2614.2166s
	iters: 600, epoch: 8 | loss: 0.5355101
	speed: 0.0250s/iter; left time: 2593.1363s
	iters: 700, epoch: 8 | loss: 0.7860525
	speed: 0.0250s/iter; left time: 2587.1207s
	iters: 800, epoch: 8 | loss: 0.4828933
	speed: 0.0251s/iter; left time: 2590.0273s
	iters: 900, epoch: 8 | loss: 0.6556269
	speed: 0.0252s/iter; left time: 2601.1449s
	iters: 1000, epoch: 8 | loss: 0.5931416
	speed: 0.0251s/iter; left time: 2588.9552s
	iters: 1100, epoch: 8 | loss: 0.6537260
	speed: 0.0252s/iter; left time: 2594.4134s
Epoch: 8 cost time: 28.118468523025513
Epoch: 8, Steps: 1120 | Train Loss: 0.5914141 Vali Loss: 0.6447564
EarlyStopping counter: 2 out of 6
Updating learning rate to 3.90625e-06
	iters: 100, epoch: 9 | loss: 0.4900575
	speed: 0.0437s/iter; left time: 4501.3305s
	iters: 200, epoch: 9 | loss: 0.4936148
	speed: 0.0252s/iter; left time: 2588.1983s
	iters: 300, epoch: 9 | loss: 0.5457662
	speed: 0.0252s/iter; left time: 2587.4817s
	iters: 400, epoch: 9 | loss: 0.4924295
	speed: 0.0251s/iter; left time: 2576.5536s
	iters: 500, epoch: 9 | loss: 0.6135833
	speed: 0.0251s/iter; left time: 2578.0017s
	iters: 600, epoch: 9 | loss: 0.6121588
	speed: 0.0252s/iter; left time: 2583.8032s
	iters: 700, epoch: 9 | loss: 0.5055795
	speed: 0.0251s/iter; left time: 2569.2627s
	iters: 800, epoch: 9 | loss: 0.6493269
	speed: 0.0252s/iter; left time: 2573.5129s
	iters: 900, epoch: 9 | loss: 0.6601554
	speed: 0.0251s/iter; left time: 2567.2035s
	iters: 1000, epoch: 9 | loss: 0.5100053
	speed: 0.0252s/iter; left time: 2571.6419s
	iters: 1100, epoch: 9 | loss: 0.5221621
	speed: 0.0252s/iter; left time: 2564.3147s
Epoch: 9 cost time: 28.167587280273438
Epoch: 9, Steps: 1120 | Train Loss: 0.5912123 Vali Loss: 0.6446641
EarlyStopping counter: 3 out of 6
Updating learning rate to 1.953125e-06
	iters: 100, epoch: 10 | loss: 0.4954217
	speed: 0.0435s/iter; left time: 4429.7669s
	iters: 200, epoch: 10 | loss: 0.5033156
	speed: 0.0251s/iter; left time: 2555.4382s
	iters: 300, epoch: 10 | loss: 0.4962507
	speed: 0.0250s/iter; left time: 2544.9559s
	iters: 400, epoch: 10 | loss: 0.4667572
	speed: 0.0250s/iter; left time: 2539.8248s
	iters: 500, epoch: 10 | loss: 0.4757214
	speed: 0.0252s/iter; left time: 2559.2491s
	iters: 600, epoch: 10 | loss: 0.4748290
	speed: 0.0251s/iter; left time: 2541.6855s
	iters: 700, epoch: 10 | loss: 0.5139423
	speed: 0.0251s/iter; left time: 2542.6904s
	iters: 800, epoch: 10 | loss: 0.5015447
	speed: 0.0252s/iter; left time: 2550.6690s
	iters: 900, epoch: 10 | loss: 0.5115291
	speed: 0.0251s/iter; left time: 2533.7932s
	iters: 1000, epoch: 10 | loss: 0.6113433
	speed: 0.0251s/iter; left time: 2530.7547s
	iters: 1100, epoch: 10 | loss: 0.4831196
	speed: 0.0250s/iter; left time: 2521.1250s
Epoch: 10 cost time: 28.093960523605347
Epoch: 10, Steps: 1120 | Train Loss: 0.5912189 Vali Loss: 0.6443506
EarlyStopping counter: 4 out of 6
Updating learning rate to 9.765625e-07
	iters: 100, epoch: 11 | loss: 0.5011631
	speed: 0.0436s/iter; left time: 4389.3803s
	iters: 200, epoch: 11 | loss: 0.4339477
	speed: 0.0250s/iter; left time: 2513.9745s
	iters: 300, epoch: 11 | loss: 0.5271826
	speed: 0.0250s/iter; left time: 2515.7528s
	iters: 400, epoch: 11 | loss: 0.5531806
	speed: 0.0251s/iter; left time: 2515.1048s
	iters: 500, epoch: 11 | loss: 0.4174511
	speed: 0.0250s/iter; left time: 2505.5780s
	iters: 600, epoch: 11 | loss: 0.6555927
	speed: 0.0251s/iter; left time: 2517.7790s
	iters: 700, epoch: 11 | loss: 0.7590446
	speed: 0.0251s/iter; left time: 2517.5364s
	iters: 800, epoch: 11 | loss: 0.4871863
	speed: 0.0252s/iter; left time: 2515.3197s
	iters: 900, epoch: 11 | loss: 0.4903139
	speed: 0.0251s/iter; left time: 2509.2079s
	iters: 1000, epoch: 11 | loss: 0.5024230
	speed: 0.0251s/iter; left time: 2509.4182s
	iters: 1100, epoch: 11 | loss: 0.5243593
	speed: 0.0251s/iter; left time: 2500.2554s
Epoch: 11 cost time: 28.07915425300598
Epoch: 11, Steps: 1120 | Train Loss: 0.5910606 Vali Loss: 0.6444699
EarlyStopping counter: 5 out of 6
Updating learning rate to 4.8828125e-07
	iters: 100, epoch: 12 | loss: 0.5332242
	speed: 0.0438s/iter; left time: 4357.9817s
	iters: 200, epoch: 12 | loss: 0.6137882
	speed: 0.0250s/iter; left time: 2486.0476s
	iters: 300, epoch: 12 | loss: 0.6462036
	speed: 0.0249s/iter; left time: 2476.8191s
	iters: 400, epoch: 12 | loss: 0.5536029
	speed: 0.0251s/iter; left time: 2489.5370s
	iters: 500, epoch: 12 | loss: 0.4764324
	speed: 0.0250s/iter; left time: 2483.6163s
	iters: 600, epoch: 12 | loss: 0.7686715
	speed: 0.0250s/iter; left time: 2478.2581s
	iters: 700, epoch: 12 | loss: 0.6425893
	speed: 0.0249s/iter; left time: 2468.0167s
	iters: 800, epoch: 12 | loss: 0.6103438
	speed: 0.0249s/iter; left time: 2464.6203s
	iters: 900, epoch: 12 | loss: 0.4967048
	speed: 0.0250s/iter; left time: 2465.9266s
	iters: 1000, epoch: 12 | loss: 0.4464109
	speed: 0.0250s/iter; left time: 2468.1317s
	iters: 1100, epoch: 12 | loss: 0.7771805
	speed: 0.0250s/iter; left time: 2466.6657s
Epoch: 12 cost time: 27.99901056289673
Epoch: 12, Steps: 1120 | Train Loss: 0.5910752 Vali Loss: 0.6442706
EarlyStopping counter: 6 out of 6
Early stopping
VALIDATION_RESULT {"best_epoch": 6, "best_mae": 0.44105726752449315, "best_mse": 0.643750391016016, "epochs_ran": 12, "metric_version": "element_weighted_v1", "train_duration_seconds": 354.9045628742315, "train_peak_cuda_memory_bytes": 1535554560}
>>>>>>>testing : long_term_forecast_Weather_336_720_coreabl_weather_p720_no_graph_s2023_TimeRole_custom_ftM_sl336_ll48_pl720_dm64_nh8_el1_dl1_df128_expand2_dc2_fc1_ebtimeF_dtTrue_coreabl_weather_p720_no_graph_s2023_0<<<<<<<<<<<<<<<<<<<<<<<<<<<<<<<<<
test 9820
EVALUATION_RESULT {"batches": 307, "elapsed_seconds": 2.873397247865796, "elements": 148478400, "gate_abs_mean": 0.17942138016223907, "gate_max": 0.2624844014644623, "gate_mean": 0.17942138016223907, "gate_min": 0.008598633110523224, "gate_values": [0.15002934634685516, 0.23759880661964417, 0.2383514791727066, 0.19354982674121857, 0.2285647839307785, 0.23847664892673492, 0.19339218735694885, 0.22908271849155426, 0.19373637437820435, 0.19366052746772766, 0.20911604166030884, 0.020763572305440903, 0.22108106315135956, 0.11041402816772461, 0.04204292595386505, 0.03980134800076485, 0.2562628388404846, 0.2577873766422272, 0.2624844014644623, 0.24305370450019836, 0.008598633110523224], "mae": 0.33160866096516395, "memory_correction_mae": 0.13223340535138445, "memory_correction_rms": 0.20076926337492143, "metric_version": "element_weighted_v1", "milliseconds_per_batch": 9.359600155914645, "mse": 0.3174857792867515, "origin_count": 9820, "origin_metric_version": "per_forecast_origin_mean_v1", "origin_metrics_path": "/home/cwh/Time-Series-Library/logs/timerole_core_ablation/checkpoints/long_term_forecast_Weather_336_720_coreabl_weather_p720_no_graph_s2023_TimeRole_custom_ftM_sl336_ll48_pl720_dm64_nh8_el1_dl1_df128_expand2_dc2_fc1_ebtimeF_dtTrue_coreabl_weather_p720_no_graph_s2023_0/test_origin_metrics.npz", "parameter_count": 6828437, "peak_cuda_memory_bytes": 459699200, "split": "test", "test_accessed": true, "timerole_intervention": "intact"}
mse:0.3174857792867515, mae:0.33160866096516395, dtw:Not calculated
