Using GPU
Args in experiment:
[1mBasic Config[0m
  Task Name:          long_term_forecast  Is Training:        1                   
  Model ID:           ETTm1_336_96_coreabl_ettm1_p96_no_graph_s2021Model:              TimeRole            

[1mData Loader[0m
  Data:               ETTm1               Root Path:          /home/cwh/Time-Series-Library/dataset/ETT-small
  Data Path:          ETTm1.csv           Features:           M                   
  Target:             OT                  Freq:               h                   
  Checkpoints:        /home/cwh/Time-Series-Library/logs/timerole_core_ablation/checkpoints

[1mForecasting Task[0m
  Seq Len:            336                 Label Len:          48                  
  Pred Len:           96                  Seasonal Patterns:  Monthly             
  Inverse:            0                   

[1mModel Parameters[0m
  Top k:              5                   Num Kernels:        6                   
  Enc In:             7                   Dec In:             7                   
  C Out:              7                   d model:            64                  
  n heads:            8                   e layers:           1                   
  d layers:           1                   d FF:               128                 
  Moving Avg:         25                  Factor:             1                   
  Distil:             1                   Dropout:            0.1                 
  Embed:              timeF               Activation:         gelu                

[1mRun Parameters[0m
  Num Workers:        0                   Itr:                1                   
  Train Epochs:       100                 Batch Size:         32                  
  Patience:           6                   Learning Rate:      0.0005              
  Des:                coreabl_ettm1_p96_no_graph_s2021Loss:               MSE                 
  Lradj:              type1               Use Amp:            0                   

[1mGPU[0m
  Use GPU:            1                   GPU:                0                   
  Use Multi GPU:      0                   Devices:            0,1,2,3             

[1mDe-stationary Projector Params[0m
  P Hidden Dims:      128, 128            P Hidden Layers:    2                   

Use GPU: cuda:0
🚀 Lazy Loading: TimeRole ...
>>>>>>>start training : long_term_forecast_ETTm1_336_96_coreabl_ettm1_p96_no_graph_s2021_TimeRole_ETTm1_ftM_sl336_ll48_pl96_dm64_nh8_el1_dl1_df128_expand2_dc2_fc1_ebtimeF_dtTrue_coreabl_ettm1_p96_no_graph_s2021_0>>>>>>>>>>>>>>>>>>>>>>>>>>
train 34129
val 11425
	iters: 100, epoch: 1 | loss: 0.3390397
	speed: 0.0128s/iter; left time: 1363.2362s
	iters: 200, epoch: 1 | loss: 0.3501244
	speed: 0.0105s/iter; left time: 1115.1045s
	iters: 300, epoch: 1 | loss: 0.3360483
	speed: 0.0106s/iter; left time: 1124.7836s
	iters: 400, epoch: 1 | loss: 0.3731213
	speed: 0.0105s/iter; left time: 1120.2006s
	iters: 500, epoch: 1 | loss: 0.2588941
	speed: 0.0109s/iter; left time: 1157.7708s
	iters: 600, epoch: 1 | loss: 0.2518622
	speed: 0.0106s/iter; left time: 1125.0932s
	iters: 700, epoch: 1 | loss: 0.3140593
	speed: 0.0109s/iter; left time: 1151.7036s
	iters: 800, epoch: 1 | loss: 0.2925426
	speed: 0.0108s/iter; left time: 1143.8784s
	iters: 900, epoch: 1 | loss: 0.2838134
	speed: 0.0110s/iter; left time: 1164.2089s
	iters: 1000, epoch: 1 | loss: 0.2821889
	speed: 0.0105s/iter; left time: 1106.5304s
Epoch: 1 cost time: 11.658812999725342
Epoch: 1, Steps: 1067 | Train Loss: 0.3252160 Vali Loss: 0.3902128
Validation loss decreased (inf --> 0.390213).  Saving model ...
Updating learning rate to 0.0005
	iters: 100, epoch: 2 | loss: 0.3534355
	speed: 0.0349s/iter; left time: 3680.2214s
	iters: 200, epoch: 2 | loss: 0.3116481
	speed: 0.0110s/iter; left time: 1157.8388s
	iters: 300, epoch: 2 | loss: 0.2073877
	speed: 0.0105s/iter; left time: 1110.2710s
	iters: 400, epoch: 2 | loss: 0.1982853
	speed: 0.0109s/iter; left time: 1143.5829s
	iters: 500, epoch: 2 | loss: 0.2597414
	speed: 0.0106s/iter; left time: 1113.3257s
	iters: 600, epoch: 2 | loss: 0.2480273
	speed: 0.0106s/iter; left time: 1108.3652s
	iters: 700, epoch: 2 | loss: 0.2229815
	speed: 0.0103s/iter; left time: 1080.3936s
	iters: 800, epoch: 2 | loss: 0.2284896
	speed: 0.0102s/iter; left time: 1074.4256s
	iters: 900, epoch: 2 | loss: 0.2542229
	speed: 0.0104s/iter; left time: 1090.9733s
	iters: 1000, epoch: 2 | loss: 0.2071717
	speed: 0.0103s/iter; left time: 1080.5574s
Epoch: 2 cost time: 11.246288537979126
Epoch: 2, Steps: 1067 | Train Loss: 0.2581783 Vali Loss: 0.3759478
Validation loss decreased (0.390213 --> 0.375948).  Saving model ...
Updating learning rate to 0.00025
	iters: 100, epoch: 3 | loss: 0.2521383
	speed: 0.0335s/iter; left time: 3500.1146s
	iters: 200, epoch: 3 | loss: 0.2324965
	speed: 0.0104s/iter; left time: 1082.5950s
	iters: 300, epoch: 3 | loss: 0.1963194
	speed: 0.0105s/iter; left time: 1091.0124s
	iters: 400, epoch: 3 | loss: 0.2826523
	speed: 0.0105s/iter; left time: 1090.0520s
	iters: 500, epoch: 3 | loss: 0.2721216
	speed: 0.0103s/iter; left time: 1068.4438s
	iters: 600, epoch: 3 | loss: 0.2282979
	speed: 0.0106s/iter; left time: 1105.1741s
	iters: 700, epoch: 3 | loss: 0.2371193
	speed: 0.0105s/iter; left time: 1086.7985s
	iters: 800, epoch: 3 | loss: 0.2548135
	speed: 0.0103s/iter; left time: 1068.8513s
	iters: 900, epoch: 3 | loss: 0.2750859
	speed: 0.0104s/iter; left time: 1077.5065s
	iters: 1000, epoch: 3 | loss: 0.2164700
	speed: 0.0111s/iter; left time: 1154.6254s
Epoch: 3 cost time: 11.230576276779175
Epoch: 3, Steps: 1067 | Train Loss: 0.2450770 Vali Loss: 0.3735435
Validation loss decreased (0.375948 --> 0.373544).  Saving model ...
Updating learning rate to 0.000125
	iters: 100, epoch: 4 | loss: 0.2053261
	speed: 0.0331s/iter; left time: 3427.6502s
	iters: 200, epoch: 4 | loss: 0.2824874
	speed: 0.0104s/iter; left time: 1072.0531s
	iters: 300, epoch: 4 | loss: 0.2389786
	speed: 0.0104s/iter; left time: 1076.1277s
	iters: 400, epoch: 4 | loss: 0.2635202
	speed: 0.0106s/iter; left time: 1097.7518s
	iters: 500, epoch: 4 | loss: 0.1893383
	speed: 0.0106s/iter; left time: 1088.2431s
	iters: 600, epoch: 4 | loss: 0.2001260
	speed: 0.0106s/iter; left time: 1085.8630s
	iters: 700, epoch: 4 | loss: 0.2877990
	speed: 0.0103s/iter; left time: 1056.3775s
	iters: 800, epoch: 4 | loss: 0.2256829
	speed: 0.0104s/iter; left time: 1073.0141s
	iters: 900, epoch: 4 | loss: 0.2334124
	speed: 0.0108s/iter; left time: 1106.1384s
	iters: 1000, epoch: 4 | loss: 0.2851139
	speed: 0.0103s/iter; left time: 1055.7443s
Epoch: 4 cost time: 11.19360899925232
Epoch: 4, Steps: 1067 | Train Loss: 0.2404268 Vali Loss: 0.3703568
Validation loss decreased (0.373544 --> 0.370357).  Saving model ...
Updating learning rate to 6.25e-05
	iters: 100, epoch: 5 | loss: 0.1870172
	speed: 0.0338s/iter; left time: 3462.7514s
	iters: 200, epoch: 5 | loss: 0.2873197
	speed: 0.0105s/iter; left time: 1073.1091s
	iters: 300, epoch: 5 | loss: 0.1828953
	speed: 0.0109s/iter; left time: 1109.1181s
	iters: 400, epoch: 5 | loss: 0.2269739
	speed: 0.0103s/iter; left time: 1052.8877s
	iters: 500, epoch: 5 | loss: 0.2410383
	speed: 0.0105s/iter; left time: 1068.7685s
	iters: 600, epoch: 5 | loss: 0.3031116
	speed: 0.0104s/iter; left time: 1060.2424s
	iters: 700, epoch: 5 | loss: 0.2216412
	speed: 0.0102s/iter; left time: 1036.6654s
	iters: 800, epoch: 5 | loss: 0.2635495
	speed: 0.0104s/iter; left time: 1061.3191s
	iters: 900, epoch: 5 | loss: 0.2704425
	speed: 0.0104s/iter; left time: 1060.3351s
	iters: 1000, epoch: 5 | loss: 0.2425178
	speed: 0.0104s/iter; left time: 1055.7114s
Epoch: 5 cost time: 11.178779602050781
Epoch: 5, Steps: 1067 | Train Loss: 0.2380447 Vali Loss: 0.3693928
Validation loss decreased (0.370357 --> 0.369393).  Saving model ...
Updating learning rate to 3.125e-05
	iters: 100, epoch: 6 | loss: 0.2433772
	speed: 0.0337s/iter; left time: 3413.0569s
	iters: 200, epoch: 6 | loss: 0.2420624
	speed: 0.0105s/iter; left time: 1064.1352s
	iters: 300, epoch: 6 | loss: 0.2432690
	speed: 0.0107s/iter; left time: 1084.1868s
	iters: 400, epoch: 6 | loss: 0.2699376
	speed: 0.0105s/iter; left time: 1058.9735s
	iters: 500, epoch: 6 | loss: 0.1926055
	speed: 0.0105s/iter; left time: 1056.0001s
	iters: 600, epoch: 6 | loss: 0.2169648
	speed: 0.0103s/iter; left time: 1039.6945s
	iters: 700, epoch: 6 | loss: 0.2342726
	speed: 0.0104s/iter; left time: 1043.8912s
	iters: 800, epoch: 6 | loss: 0.2468251
	speed: 0.0106s/iter; left time: 1065.9250s
	iters: 900, epoch: 6 | loss: 0.2339065
	speed: 0.0105s/iter; left time: 1057.9000s
	iters: 1000, epoch: 6 | loss: 0.2396382
	speed: 0.0104s/iter; left time: 1042.0823s
Epoch: 6 cost time: 11.219786643981934
Epoch: 6, Steps: 1067 | Train Loss: 0.2368066 Vali Loss: 0.3680524
Validation loss decreased (0.369393 --> 0.368052).  Saving model ...
Updating learning rate to 1.5625e-05
	iters: 100, epoch: 7 | loss: 0.2447195
	speed: 0.0333s/iter; left time: 3341.3627s
	iters: 200, epoch: 7 | loss: 0.2578066
	speed: 0.0105s/iter; left time: 1055.5927s
	iters: 300, epoch: 7 | loss: 0.2338741
	speed: 0.0105s/iter; left time: 1052.1147s
	iters: 400, epoch: 7 | loss: 0.1853959
	speed: 0.0103s/iter; left time: 1026.2518s
	iters: 500, epoch: 7 | loss: 0.2587021
	speed: 0.0110s/iter; left time: 1099.9139s
	iters: 600, epoch: 7 | loss: 0.2169977
	speed: 0.0104s/iter; left time: 1041.7755s
	iters: 700, epoch: 7 | loss: 0.2976012
	speed: 0.0106s/iter; left time: 1052.8573s
	iters: 800, epoch: 7 | loss: 0.2807262
	speed: 0.0104s/iter; left time: 1033.4217s
	iters: 900, epoch: 7 | loss: 0.2601644
	speed: 0.0105s/iter; left time: 1047.6101s
	iters: 1000, epoch: 7 | loss: 0.2286298
	speed: 0.0104s/iter; left time: 1032.7392s
Epoch: 7 cost time: 11.216897249221802
Epoch: 7, Steps: 1067 | Train Loss: 0.2360316 Vali Loss: 0.3690381
EarlyStopping counter: 1 out of 6
Updating learning rate to 7.8125e-06
	iters: 100, epoch: 8 | loss: 0.2689142
	speed: 0.0333s/iter; left time: 3305.0418s
	iters: 200, epoch: 8 | loss: 0.2219726
	speed: 0.0105s/iter; left time: 1039.6990s
	iters: 300, epoch: 8 | loss: 0.1682021
	speed: 0.0106s/iter; left time: 1048.1406s
	iters: 400, epoch: 8 | loss: 0.2371023
	speed: 0.0106s/iter; left time: 1050.7330s
	iters: 500, epoch: 8 | loss: 0.1983473
	speed: 0.0104s/iter; left time: 1023.8939s
	iters: 600, epoch: 8 | loss: 0.2578475
	speed: 0.0106s/iter; left time: 1047.0199s
	iters: 700, epoch: 8 | loss: 0.2268948
	speed: 0.0105s/iter; left time: 1039.4654s
	iters: 800, epoch: 8 | loss: 0.1985302
	speed: 0.0106s/iter; left time: 1040.5559s
	iters: 900, epoch: 8 | loss: 0.2171903
	speed: 0.0107s/iter; left time: 1053.7132s
	iters: 1000, epoch: 8 | loss: 0.2237388
	speed: 0.0106s/iter; left time: 1039.7275s
Epoch: 8 cost time: 11.252561092376709
Epoch: 8, Steps: 1067 | Train Loss: 0.2355661 Vali Loss: 0.3684715
EarlyStopping counter: 2 out of 6
Updating learning rate to 3.90625e-06
	iters: 100, epoch: 9 | loss: 0.2426985
	speed: 0.0333s/iter; left time: 3270.4294s
	iters: 200, epoch: 9 | loss: 0.2226391
	speed: 0.0103s/iter; left time: 1009.8936s
	iters: 300, epoch: 9 | loss: 0.2173761
	speed: 0.0105s/iter; left time: 1022.9250s
	iters: 400, epoch: 9 | loss: 0.2758852
	speed: 0.0106s/iter; left time: 1031.8490s
	iters: 500, epoch: 9 | loss: 0.2028178
	speed: 0.0105s/iter; left time: 1020.9828s
	iters: 600, epoch: 9 | loss: 0.2004264
	speed: 0.0105s/iter; left time: 1019.7511s
	iters: 700, epoch: 9 | loss: 0.2259192
	speed: 0.0106s/iter; left time: 1032.8094s
	iters: 800, epoch: 9 | loss: 0.2332669
	speed: 0.0104s/iter; left time: 1011.3865s
	iters: 900, epoch: 9 | loss: 0.2195170
	speed: 0.0104s/iter; left time: 1015.8389s
	iters: 1000, epoch: 9 | loss: 0.3252002
	speed: 0.0106s/iter; left time: 1030.1452s
Epoch: 9 cost time: 11.162504434585571
Epoch: 9, Steps: 1067 | Train Loss: 0.2353945 Vali Loss: 0.3683194
EarlyStopping counter: 3 out of 6
Updating learning rate to 1.953125e-06
	iters: 100, epoch: 10 | loss: 0.2130301
	speed: 0.0336s/iter; left time: 3258.8196s
	iters: 200, epoch: 10 | loss: 0.2331623
	speed: 0.0103s/iter; left time: 1000.8593s
	iters: 300, epoch: 10 | loss: 0.2502127
	speed: 0.0105s/iter; left time: 1015.8888s
	iters: 400, epoch: 10 | loss: 0.2813926
	speed: 0.0107s/iter; left time: 1037.9822s
	iters: 500, epoch: 10 | loss: 0.1870828
	speed: 0.0107s/iter; left time: 1030.6978s
	iters: 600, epoch: 10 | loss: 0.2123886
	speed: 0.0105s/iter; left time: 1012.2102s
	iters: 700, epoch: 10 | loss: 0.2426481
	speed: 0.0104s/iter; left time: 1004.8896s
	iters: 800, epoch: 10 | loss: 0.2191809
	speed: 0.0108s/iter; left time: 1040.7686s
	iters: 900, epoch: 10 | loss: 0.2135916
	speed: 0.0106s/iter; left time: 1015.7367s
	iters: 1000, epoch: 10 | loss: 0.3229772
	speed: 0.0104s/iter; left time: 1003.3224s
Epoch: 10 cost time: 11.2832190990448
Epoch: 10, Steps: 1067 | Train Loss: 0.2352418 Vali Loss: 0.3684252
EarlyStopping counter: 4 out of 6
Updating learning rate to 9.765625e-07
	iters: 100, epoch: 11 | loss: 0.2386236
	speed: 0.0335s/iter; left time: 3214.3878s
	iters: 200, epoch: 11 | loss: 0.2515229
	speed: 0.0103s/iter; left time: 989.7254s
	iters: 300, epoch: 11 | loss: 0.2368973
	speed: 0.0106s/iter; left time: 1016.1691s
	iters: 400, epoch: 11 | loss: 0.2364681
	speed: 0.0106s/iter; left time: 1011.8499s
	iters: 500, epoch: 11 | loss: 0.2615114
	speed: 0.0104s/iter; left time: 996.6978s
	iters: 600, epoch: 11 | loss: 0.2266618
	speed: 0.0102s/iter; left time: 972.7373s
	iters: 700, epoch: 11 | loss: 0.2460141
	speed: 0.0104s/iter; left time: 991.2869s
	iters: 800, epoch: 11 | loss: 0.2417066
	speed: 0.0105s/iter; left time: 1003.3255s
	iters: 900, epoch: 11 | loss: 0.2402681
	speed: 0.0105s/iter; left time: 998.4379s
	iters: 1000, epoch: 11 | loss: 0.2316701
	speed: 0.0105s/iter; left time: 995.6119s
Epoch: 11 cost time: 11.174832105636597
Epoch: 11, Steps: 1067 | Train Loss: 0.2352302 Vali Loss: 0.3683844
EarlyStopping counter: 5 out of 6
Updating learning rate to 4.8828125e-07
	iters: 100, epoch: 12 | loss: 0.2218331
	speed: 0.0334s/iter; left time: 3170.7055s
	iters: 200, epoch: 12 | loss: 0.2289564
	speed: 0.0105s/iter; left time: 994.4594s
	iters: 300, epoch: 12 | loss: 0.2149484
	speed: 0.0106s/iter; left time: 999.9432s
	iters: 400, epoch: 12 | loss: 0.2064713
	speed: 0.0103s/iter; left time: 974.0126s
	iters: 500, epoch: 12 | loss: 0.2124912
	speed: 0.0105s/iter; left time: 996.0978s
	iters: 600, epoch: 12 | loss: 0.1869110
	speed: 0.0104s/iter; left time: 977.1618s
	iters: 700, epoch: 12 | loss: 0.2220164
	speed: 0.0105s/iter; left time: 987.5463s
	iters: 800, epoch: 12 | loss: 0.1759194
	speed: 0.0106s/iter; left time: 994.6668s
	iters: 900, epoch: 12 | loss: 0.1967828
	speed: 0.0105s/iter; left time: 990.1620s
	iters: 1000, epoch: 12 | loss: 0.2073557
	speed: 0.0107s/iter; left time: 1001.3744s
Epoch: 12 cost time: 11.18413496017456
Epoch: 12, Steps: 1067 | Train Loss: 0.2352480 Vali Loss: 0.3683885
EarlyStopping counter: 6 out of 6
Early stopping
VALIDATION_RESULT {"best_epoch": 6, "best_mae": 0.39954355861341456, "best_mse": 0.36805235513935763, "epochs_ran": 12, "metric_version": "element_weighted_v1", "train_duration_seconds": 155.7621356858872, "train_peak_cuda_memory_bytes": 503176192}
>>>>>>>testing : long_term_forecast_ETTm1_336_96_coreabl_ettm1_p96_no_graph_s2021_TimeRole_ETTm1_ftM_sl336_ll48_pl96_dm64_nh8_el1_dl1_df128_expand2_dc2_fc1_ebtimeF_dtTrue_coreabl_ettm1_p96_no_graph_s2021_0<<<<<<<<<<<<<<<<<<<<<<<<<<<<<<<<<
test 11425
EVALUATION_RESULT {"batches": 358, "elapsed_seconds": 1.6563988206908107, "elements": 7677600, "gate_abs_mean": 0.19736722111701965, "gate_max": 0.2502872347831726, "gate_mean": 0.19736722111701965, "gate_min": 0.13588857650756836, "gate_values": [0.2502872347831726, 0.17357571423053741, 0.2493927925825119, 0.17221632599830627, 0.2479182630777359, 0.13588857650756836, 0.15229178965091705], "mae": 0.35078550824674826, "memory_correction_mae": 0.1971324474602624, "memory_correction_rms": 0.32550429026272093, "metric_version": "element_weighted_v1", "milliseconds_per_batch": 4.626812348298354, "mse": 0.29723194298998096, "origin_count": 11425, "origin_metric_version": "per_forecast_origin_mean_v1", "origin_metrics_path": "/home/cwh/Time-Series-Library/logs/timerole_core_ablation/checkpoints/long_term_forecast_ETTm1_336_96_coreabl_ettm1_p96_no_graph_s2021_TimeRole_ETTm1_ftM_sl336_ll48_pl96_dm64_nh8_el1_dl1_df128_expand2_dc2_fc1_ebtimeF_dtTrue_coreabl_ettm1_p96_no_graph_s2021_0/test_origin_metrics.npz", "parameter_count": 995623, "peak_cuda_memory_bytes": 152836096, "split": "test", "test_accessed": true, "timerole_intervention": "intact"}
mse:0.29723194298998096, mae:0.35078550824674826, dtw:Not calculated
