Using GPU
Args in experiment:
[1mBasic Config[0m
  Task Name:          long_term_forecast  Is Training:        1                   
  Model ID:           ETTm2_336_96_coreabl_ettm2_p96_no_decomp_s2021Model:              TimeRole            

[1mData Loader[0m
  Data:               ETTm2               Root Path:          /home/cwh/Time-Series-Library/dataset/ETT-small
  Data Path:          ETTm2.csv           Features:           M                   
  Target:             OT                  Freq:               h                   
  Checkpoints:        /home/cwh/Time-Series-Library/logs/timerole_core_ablation/checkpoints

[1mForecasting Task[0m
  Seq Len:            336                 Label Len:          48                  
  Pred Len:           96                  Seasonal Patterns:  Monthly             
  Inverse:            0                   

[1mModel Parameters[0m
  Top k:              5                   Num Kernels:        6                   
  Enc In:             7                   Dec In:             7                   
  C Out:              7                   d model:            64                  
  n heads:            8                   e layers:           1                   
  d layers:           1                   d FF:               128                 
  Moving Avg:         25                  Factor:             1                   
  Distil:             1                   Dropout:            0.1                 
  Embed:              timeF               Activation:         gelu                

[1mRun Parameters[0m
  Num Workers:        0                   Itr:                1                   
  Train Epochs:       100                 Batch Size:         32                  
  Patience:           6                   Learning Rate:      0.0005              
  Des:                coreabl_ettm2_p96_no_decomp_s2021Loss:               MSE                 
  Lradj:              type1               Use Amp:            0                   

[1mGPU[0m
  Use GPU:            1                   GPU:                0                   
  Use Multi GPU:      0                   Devices:            0,1,2,3             

[1mDe-stationary Projector Params[0m
  P Hidden Dims:      128, 128            P Hidden Layers:    2                   

Use GPU: cuda:0
🚀 Lazy Loading: TimeRole ...
[GraphMamba] Building 7x7 static graph from 2000 training samples
>>>>>>>start training : long_term_forecast_ETTm2_336_96_coreabl_ettm2_p96_no_decomp_s2021_TimeRole_ETTm2_ftM_sl336_ll48_pl96_dm64_nh8_el1_dl1_df128_expand2_dc2_fc1_ebtimeF_dtTrue_coreabl_ettm2_p96_no_decomp_s2021_0>>>>>>>>>>>>>>>>>>>>>>>>>>
train 34129
val 11425
	iters: 100, epoch: 1 | loss: 0.3329196
	speed: 0.0134s/iter; left time: 1428.7031s
	iters: 200, epoch: 1 | loss: 0.3086672
	speed: 0.0115s/iter; left time: 1225.6077s
	iters: 300, epoch: 1 | loss: 0.2206509
	speed: 0.0111s/iter; left time: 1182.2062s
	iters: 400, epoch: 1 | loss: 0.2354550
	speed: 0.0108s/iter; left time: 1152.1651s
	iters: 500, epoch: 1 | loss: 0.2287815
	speed: 0.0110s/iter; left time: 1164.3351s
	iters: 600, epoch: 1 | loss: 0.2455471
	speed: 0.0112s/iter; left time: 1183.5885s
	iters: 700, epoch: 1 | loss: 0.1242983
	speed: 0.0111s/iter; left time: 1177.5617s
	iters: 800, epoch: 1 | loss: 0.1608388
	speed: 0.0114s/iter; left time: 1207.7073s
	iters: 900, epoch: 1 | loss: 0.1860253
	speed: 0.0112s/iter; left time: 1185.9405s
	iters: 1000, epoch: 1 | loss: 0.1560053
	speed: 0.0108s/iter; left time: 1144.5036s
Epoch: 1 cost time: 12.09169626235962
Epoch: 1, Steps: 1067 | Train Loss: 0.2315413 Vali Loss: 0.1243380
Validation loss decreased (inf --> 0.124338).  Saving model ...
Updating learning rate to 0.0005
	iters: 100, epoch: 2 | loss: 0.1740780
	speed: 0.0348s/iter; left time: 3672.6335s
	iters: 200, epoch: 2 | loss: 0.1701264
	speed: 0.0113s/iter; left time: 1187.4507s
	iters: 300, epoch: 2 | loss: 0.2781624
	speed: 0.0112s/iter; left time: 1175.4209s
	iters: 400, epoch: 2 | loss: 0.1021768
	speed: 0.0115s/iter; left time: 1209.5242s
	iters: 500, epoch: 2 | loss: 0.1637152
	speed: 0.0109s/iter; left time: 1145.8903s
	iters: 600, epoch: 2 | loss: 0.1659382
	speed: 0.0110s/iter; left time: 1154.6409s
	iters: 700, epoch: 2 | loss: 0.2598650
	speed: 0.0112s/iter; left time: 1179.3834s
	iters: 800, epoch: 2 | loss: 0.0939308
	speed: 0.0112s/iter; left time: 1170.1013s
	iters: 900, epoch: 2 | loss: 0.1790990
	speed: 0.0110s/iter; left time: 1148.7149s
	iters: 1000, epoch: 2 | loss: 0.1864890
	speed: 0.0110s/iter; left time: 1154.7803s
Epoch: 2 cost time: 11.867512226104736
Epoch: 2, Steps: 1067 | Train Loss: 0.2013928 Vali Loss: 0.1249567
EarlyStopping counter: 1 out of 6
Updating learning rate to 0.00025
	iters: 100, epoch: 3 | loss: 0.2336515
	speed: 0.0342s/iter; left time: 3576.1429s
	iters: 200, epoch: 3 | loss: 0.3211628
	speed: 0.0112s/iter; left time: 1168.0852s
	iters: 300, epoch: 3 | loss: 0.1470128
	speed: 0.0113s/iter; left time: 1175.6353s
	iters: 400, epoch: 3 | loss: 0.5090522
	speed: 0.0109s/iter; left time: 1134.3627s
	iters: 500, epoch: 3 | loss: 0.1880609
	speed: 0.0109s/iter; left time: 1129.5964s
	iters: 600, epoch: 3 | loss: 0.1123433
	speed: 0.0107s/iter; left time: 1113.3092s
	iters: 700, epoch: 3 | loss: 0.1938802
	speed: 0.0109s/iter; left time: 1137.1305s
	iters: 800, epoch: 3 | loss: 0.3772278
	speed: 0.0110s/iter; left time: 1141.2679s
	iters: 900, epoch: 3 | loss: 0.2986302
	speed: 0.0109s/iter; left time: 1128.8970s
	iters: 1000, epoch: 3 | loss: 0.3169380
	speed: 0.0109s/iter; left time: 1131.6336s
Epoch: 3 cost time: 11.681960821151733
Epoch: 3, Steps: 1067 | Train Loss: 0.1904854 Vali Loss: 0.1245706
EarlyStopping counter: 2 out of 6
Updating learning rate to 0.000125
	iters: 100, epoch: 4 | loss: 0.1705672
	speed: 0.0340s/iter; left time: 3512.3958s
	iters: 200, epoch: 4 | loss: 0.1592939
	speed: 0.0109s/iter; left time: 1121.8210s
	iters: 300, epoch: 4 | loss: 0.2531438
	speed: 0.0109s/iter; left time: 1129.1985s
	iters: 400, epoch: 4 | loss: 0.1835876
	speed: 0.0109s/iter; left time: 1119.8675s
	iters: 500, epoch: 4 | loss: 0.2775151
	speed: 0.0108s/iter; left time: 1110.7153s
	iters: 600, epoch: 4 | loss: 0.1945392
	speed: 0.0109s/iter; left time: 1122.3079s
	iters: 700, epoch: 4 | loss: 0.1434433
	speed: 0.0109s/iter; left time: 1117.7491s
	iters: 800, epoch: 4 | loss: 0.1834497
	speed: 0.0108s/iter; left time: 1105.7285s
	iters: 900, epoch: 4 | loss: 0.3339696
	speed: 0.0110s/iter; left time: 1126.9935s
	iters: 1000, epoch: 4 | loss: 0.2049997
	speed: 0.0108s/iter; left time: 1104.2858s
Epoch: 4 cost time: 11.62310528755188
Epoch: 4, Steps: 1067 | Train Loss: 0.1850639 Vali Loss: 0.1286205
EarlyStopping counter: 3 out of 6
Updating learning rate to 6.25e-05
	iters: 100, epoch: 5 | loss: 0.1801691
	speed: 0.0344s/iter; left time: 3516.4101s
	iters: 200, epoch: 5 | loss: 0.1784987
	speed: 0.0112s/iter; left time: 1146.2862s
	iters: 300, epoch: 5 | loss: 0.1342126
	speed: 0.0109s/iter; left time: 1115.5590s
	iters: 400, epoch: 5 | loss: 0.1574543
	speed: 0.0110s/iter; left time: 1120.8442s
	iters: 500, epoch: 5 | loss: 0.1556517
	speed: 0.0111s/iter; left time: 1131.2146s
	iters: 600, epoch: 5 | loss: 0.1381315
	speed: 0.0110s/iter; left time: 1118.1691s
	iters: 700, epoch: 5 | loss: 0.1345182
	speed: 0.0110s/iter; left time: 1116.5040s
	iters: 800, epoch: 5 | loss: 0.2485241
	speed: 0.0110s/iter; left time: 1118.0845s
	iters: 900, epoch: 5 | loss: 0.2289061
	speed: 0.0110s/iter; left time: 1119.7632s
	iters: 1000, epoch: 5 | loss: 0.1085923
	speed: 0.0111s/iter; left time: 1124.3497s
Epoch: 5 cost time: 11.743940353393555
Epoch: 5, Steps: 1067 | Train Loss: 0.1826170 Vali Loss: 0.1274760
EarlyStopping counter: 4 out of 6
Updating learning rate to 3.125e-05
	iters: 100, epoch: 6 | loss: 0.1948272
	speed: 0.0338s/iter; left time: 3420.4297s
	iters: 200, epoch: 6 | loss: 0.2010018
	speed: 0.0112s/iter; left time: 1134.7354s
	iters: 300, epoch: 6 | loss: 0.1871905
	speed: 0.0113s/iter; left time: 1137.8833s
	iters: 400, epoch: 6 | loss: 0.1717693
	speed: 0.0112s/iter; left time: 1126.4006s
	iters: 500, epoch: 6 | loss: 0.1559337
	speed: 0.0108s/iter; left time: 1089.7957s
	iters: 600, epoch: 6 | loss: 0.2824862
	speed: 0.0108s/iter; left time: 1088.2011s
	iters: 700, epoch: 6 | loss: 0.1656571
	speed: 0.0107s/iter; left time: 1080.9586s
	iters: 800, epoch: 6 | loss: 0.1960818
	speed: 0.0112s/iter; left time: 1126.3408s
	iters: 900, epoch: 6 | loss: 0.1303205
	speed: 0.0110s/iter; left time: 1109.8085s
	iters: 1000, epoch: 6 | loss: 0.1218341
	speed: 0.0109s/iter; left time: 1095.8328s
Epoch: 6 cost time: 11.736157655715942
Epoch: 6, Steps: 1067 | Train Loss: 0.1811043 Vali Loss: 0.1276333
EarlyStopping counter: 5 out of 6
Updating learning rate to 1.5625e-05
	iters: 100, epoch: 7 | loss: 0.1738880
	speed: 0.0339s/iter; left time: 3400.0718s
	iters: 200, epoch: 7 | loss: 0.1123129
	speed: 0.0107s/iter; left time: 1067.7746s
	iters: 300, epoch: 7 | loss: 0.2154475
	speed: 0.0108s/iter; left time: 1076.8587s
	iters: 400, epoch: 7 | loss: 0.1278009
	speed: 0.0109s/iter; left time: 1091.7305s
	iters: 500, epoch: 7 | loss: 0.2525290
	speed: 0.0110s/iter; left time: 1101.6247s
	iters: 600, epoch: 7 | loss: 0.1536395
	speed: 0.0106s/iter; left time: 1061.2826s
	iters: 700, epoch: 7 | loss: 0.1542829
	speed: 0.0106s/iter; left time: 1059.7074s
	iters: 800, epoch: 7 | loss: 0.2921901
	speed: 0.0108s/iter; left time: 1074.8161s
	iters: 900, epoch: 7 | loss: 0.2332309
	speed: 0.0112s/iter; left time: 1108.4742s
	iters: 1000, epoch: 7 | loss: 0.2718077
	speed: 0.0110s/iter; left time: 1096.1413s
Epoch: 7 cost time: 11.580342054367065
Epoch: 7, Steps: 1067 | Train Loss: 0.1802824 Vali Loss: 0.1276050
EarlyStopping counter: 6 out of 6
Early stopping
VALIDATION_RESULT {"best_epoch": 1, "best_mae": 0.2435100077579105, "best_mse": 0.12433799851967964, "epochs_ran": 7, "metric_version": "element_weighted_v1", "train_duration_seconds": 95.17263159295544, "train_peak_cuda_memory_bytes": 545684992}
>>>>>>>testing : long_term_forecast_ETTm2_336_96_coreabl_ettm2_p96_no_decomp_s2021_TimeRole_ETTm2_ftM_sl336_ll48_pl96_dm64_nh8_el1_dl1_df128_expand2_dc2_fc1_ebtimeF_dtTrue_coreabl_ettm2_p96_no_decomp_s2021_0<<<<<<<<<<<<<<<<<<<<<<<<<<<<<<<<<
test 11425
EVALUATION_RESULT {"batches": 358, "elapsed_seconds": 1.6782352500595152, "elements": 7677600, "gate_abs_mean": 0.1227215901017189, "gate_max": 0.19911548495292664, "gate_mean": 0.11442414671182632, "gate_min": -0.029041007161140442, "gate_values": [0.18765555322170258, 0.19911548495292664, 0.07355986535549164, 0.1898568719625473, 0.026733750477433205, -0.029041007161140442, 0.1530884951353073], "mae": 0.26138925495527304, "memory_correction_mae": 0.0531096013557219, "memory_correction_rms": 0.10672775896906936, "metric_version": "element_weighted_v1", "milliseconds_per_batch": 4.6878079610600984, "mse": 0.1706827093142078, "origin_count": 11425, "origin_metric_version": "per_forecast_origin_mean_v1", "origin_metrics_path": "/home/cwh/Time-Series-Library/logs/timerole_core_ablation/checkpoints/long_term_forecast_ETTm2_336_96_coreabl_ettm2_p96_no_decomp_s2021_TimeRole_ETTm2_ftM_sl336_ll48_pl96_dm64_nh8_el1_dl1_df128_expand2_dc2_fc1_ebtimeF_dtTrue_coreabl_ettm2_p96_no_decomp_s2021_0/test_origin_metrics.npz", "parameter_count": 994701, "peak_cuda_memory_bytes": 151380480, "split": "test", "test_accessed": true, "timerole_intervention": "intact"}
mse:0.1706827093142078, mae:0.26138925495527304, dtw:Not calculated
