Using GPU
Args in experiment:
[1mBasic Config[0m
  Task Name:          long_term_forecast  Is Training:        1                   
  Model ID:           ETTm1_336_192_coreabl_ettm1_p192_no_graph_s2022Model:              TimeRole            

[1mData Loader[0m
  Data:               ETTm1               Root Path:          /home/cwh/Time-Series-Library/dataset/ETT-small
  Data Path:          ETTm1.csv           Features:           M                   
  Target:             OT                  Freq:               h                   
  Checkpoints:        /home/cwh/Time-Series-Library/logs/timerole_core_ablation/checkpoints

[1mForecasting Task[0m
  Seq Len:            336                 Label Len:          48                  
  Pred Len:           192                 Seasonal Patterns:  Monthly             
  Inverse:            0                   

[1mModel Parameters[0m
  Top k:              5                   Num Kernels:        6                   
  Enc In:             7                   Dec In:             7                   
  C Out:              7                   d model:            64                  
  n heads:            8                   e layers:           1                   
  d layers:           1                   d FF:               128                 
  Moving Avg:         25                  Factor:             1                   
  Distil:             1                   Dropout:            0.1                 
  Embed:              timeF               Activation:         gelu                

[1mRun Parameters[0m
  Num Workers:        0                   Itr:                1                   
  Train Epochs:       100                 Batch Size:         32                  
  Patience:           6                   Learning Rate:      0.0005              
  Des:                coreabl_ettm1_p192_no_graph_s2022Loss:               MSE                 
  Lradj:              type1               Use Amp:            0                   

[1mGPU[0m
  Use GPU:            1                   GPU:                0                   
  Use Multi GPU:      0                   Devices:            0,1,2,3             

[1mDe-stationary Projector Params[0m
  P Hidden Dims:      128, 128            P Hidden Layers:    2                   

Use GPU: cuda:0
🚀 Lazy Loading: TimeRole ...
>>>>>>>start training : long_term_forecast_ETTm1_336_192_coreabl_ettm1_p192_no_graph_s2022_TimeRole_ETTm1_ftM_sl336_ll48_pl192_dm64_nh8_el1_dl1_df128_expand2_dc2_fc1_ebtimeF_dtTrue_coreabl_ettm1_p192_no_graph_s2022_0>>>>>>>>>>>>>>>>>>>>>>>>>>
train 34033
val 11329
	iters: 100, epoch: 1 | loss: 0.4564759
	speed: 0.0124s/iter; left time: 1321.6035s
	iters: 200, epoch: 1 | loss: 0.3361872
	speed: 0.0105s/iter; left time: 1116.6942s
	iters: 300, epoch: 1 | loss: 0.3306670
	speed: 0.0104s/iter; left time: 1101.5329s
	iters: 400, epoch: 1 | loss: 0.3612244
	speed: 0.0104s/iter; left time: 1103.0462s
	iters: 500, epoch: 1 | loss: 0.3457997
	speed: 0.0105s/iter; left time: 1111.2800s
	iters: 600, epoch: 1 | loss: 0.2731406
	speed: 0.0106s/iter; left time: 1124.0784s
	iters: 700, epoch: 1 | loss: 0.3246315
	speed: 0.0108s/iter; left time: 1137.1147s
	iters: 800, epoch: 1 | loss: 0.3453683
	speed: 0.0105s/iter; left time: 1113.1246s
	iters: 900, epoch: 1 | loss: 0.3505997
	speed: 0.0106s/iter; left time: 1120.8757s
	iters: 1000, epoch: 1 | loss: 0.3131133
	speed: 0.0104s/iter; left time: 1095.9721s
Epoch: 1 cost time: 11.439633131027222
Epoch: 1, Steps: 1064 | Train Loss: 0.3575315 Vali Loss: 0.5124320
Validation loss decreased (inf --> 0.512432).  Saving model ...
Updating learning rate to 0.0005
	iters: 100, epoch: 2 | loss: 0.2543426
	speed: 0.0337s/iter; left time: 3550.2724s
	iters: 200, epoch: 2 | loss: 0.2995098
	speed: 0.0106s/iter; left time: 1119.4775s
	iters: 300, epoch: 2 | loss: 0.2821072
	speed: 0.0104s/iter; left time: 1092.5951s
	iters: 400, epoch: 2 | loss: 0.2580046
	speed: 0.0104s/iter; left time: 1094.9165s
	iters: 500, epoch: 2 | loss: 0.2641681
	speed: 0.0104s/iter; left time: 1094.1895s
	iters: 600, epoch: 2 | loss: 0.2959661
	speed: 0.0106s/iter; left time: 1112.4398s
	iters: 700, epoch: 2 | loss: 0.3002075
	speed: 0.0106s/iter; left time: 1112.8182s
	iters: 800, epoch: 2 | loss: 0.2924444
	speed: 0.0105s/iter; left time: 1099.9314s
	iters: 900, epoch: 2 | loss: 0.2930182
	speed: 0.0106s/iter; left time: 1105.2018s
	iters: 1000, epoch: 2 | loss: 0.2608832
	speed: 0.0104s/iter; left time: 1086.8070s
Epoch: 2 cost time: 11.224043369293213
Epoch: 2, Steps: 1064 | Train Loss: 0.3036484 Vali Loss: 0.4961530
Validation loss decreased (0.512432 --> 0.496153).  Saving model ...
Updating learning rate to 0.00025
	iters: 100, epoch: 3 | loss: 0.3012707
	speed: 0.0325s/iter; left time: 3389.8112s
	iters: 200, epoch: 3 | loss: 0.3103231
	speed: 0.0101s/iter; left time: 1054.6066s
	iters: 300, epoch: 3 | loss: 0.2771924
	speed: 0.0106s/iter; left time: 1103.4365s
	iters: 400, epoch: 3 | loss: 0.2805327
	speed: 0.0106s/iter; left time: 1104.8240s
	iters: 500, epoch: 3 | loss: 0.3536695
	speed: 0.0108s/iter; left time: 1122.6482s
	iters: 600, epoch: 3 | loss: 0.2815467
	speed: 0.0106s/iter; left time: 1097.7886s
	iters: 700, epoch: 3 | loss: 0.2790996
	speed: 0.0106s/iter; left time: 1100.8901s
	iters: 800, epoch: 3 | loss: 0.2605094
	speed: 0.0106s/iter; left time: 1101.8940s
	iters: 900, epoch: 3 | loss: 0.2986088
	speed: 0.0107s/iter; left time: 1107.1247s
	iters: 1000, epoch: 3 | loss: 0.2920622
	speed: 0.0104s/iter; left time: 1078.9769s
Epoch: 3 cost time: 11.23227572441101
Epoch: 3, Steps: 1064 | Train Loss: 0.2921482 Vali Loss: 0.4864769
Validation loss decreased (0.496153 --> 0.486477).  Saving model ...
Updating learning rate to 0.000125
	iters: 100, epoch: 4 | loss: 0.3007358
	speed: 0.0330s/iter; left time: 3397.4878s
	iters: 200, epoch: 4 | loss: 0.3391430
	speed: 0.0104s/iter; left time: 1074.4804s
	iters: 300, epoch: 4 | loss: 0.2767735
	speed: 0.0105s/iter; left time: 1083.3552s
	iters: 400, epoch: 4 | loss: 0.2975031
	speed: 0.0105s/iter; left time: 1083.6597s
	iters: 500, epoch: 4 | loss: 0.3090012
	speed: 0.0105s/iter; left time: 1076.8096s
	iters: 600, epoch: 4 | loss: 0.3113648
	speed: 0.0107s/iter; left time: 1094.0566s
	iters: 700, epoch: 4 | loss: 0.2881068
	speed: 0.0106s/iter; left time: 1083.0770s
	iters: 800, epoch: 4 | loss: 0.2946624
	speed: 0.0105s/iter; left time: 1078.0650s
	iters: 900, epoch: 4 | loss: 0.3433648
	speed: 0.0108s/iter; left time: 1104.6837s
	iters: 1000, epoch: 4 | loss: 0.2566616
	speed: 0.0107s/iter; left time: 1092.6013s
Epoch: 4 cost time: 11.256872177124023
Epoch: 4, Steps: 1064 | Train Loss: 0.2872651 Vali Loss: 0.4860435
Validation loss decreased (0.486477 --> 0.486044).  Saving model ...
Updating learning rate to 6.25e-05
	iters: 100, epoch: 5 | loss: 0.2991093
	speed: 0.0344s/iter; left time: 3506.4580s
	iters: 200, epoch: 5 | loss: 0.3370866
	speed: 0.0105s/iter; left time: 1072.3654s
	iters: 300, epoch: 5 | loss: 0.2955997
	speed: 0.0107s/iter; left time: 1086.8738s
	iters: 400, epoch: 5 | loss: 0.2928738
	speed: 0.0105s/iter; left time: 1069.4097s
	iters: 500, epoch: 5 | loss: 0.2631441
	speed: 0.0111s/iter; left time: 1123.6154s
	iters: 600, epoch: 5 | loss: 0.2917710
	speed: 0.0104s/iter; left time: 1052.9047s
	iters: 700, epoch: 5 | loss: 0.2597952
	speed: 0.0105s/iter; left time: 1060.7284s
	iters: 800, epoch: 5 | loss: 0.3177984
	speed: 0.0103s/iter; left time: 1046.4599s
	iters: 900, epoch: 5 | loss: 0.2417652
	speed: 0.0105s/iter; left time: 1059.5455s
	iters: 1000, epoch: 5 | loss: 0.2291657
	speed: 0.0105s/iter; left time: 1066.1873s
Epoch: 5 cost time: 11.189546346664429
Epoch: 5, Steps: 1064 | Train Loss: 0.2842949 Vali Loss: 0.4858789
Validation loss decreased (0.486044 --> 0.485879).  Saving model ...
Updating learning rate to 3.125e-05
	iters: 100, epoch: 6 | loss: 0.3014547
	speed: 0.0331s/iter; left time: 3341.8323s
	iters: 200, epoch: 6 | loss: 0.4312256
	speed: 0.0105s/iter; left time: 1058.5044s
	iters: 300, epoch: 6 | loss: 0.2780434
	speed: 0.0106s/iter; left time: 1066.0591s
	iters: 400, epoch: 6 | loss: 0.2532683
	speed: 0.0104s/iter; left time: 1044.9969s
	iters: 500, epoch: 6 | loss: 0.2627617
	speed: 0.0106s/iter; left time: 1062.3888s
	iters: 600, epoch: 6 | loss: 0.2483042
	speed: 0.0107s/iter; left time: 1078.4689s
	iters: 700, epoch: 6 | loss: 0.2667071
	speed: 0.0103s/iter; left time: 1036.0777s
	iters: 800, epoch: 6 | loss: 0.3106064
	speed: 0.0105s/iter; left time: 1048.6662s
	iters: 900, epoch: 6 | loss: 0.2914567
	speed: 0.0106s/iter; left time: 1063.7142s
	iters: 1000, epoch: 6 | loss: 0.2749769
	speed: 0.0108s/iter; left time: 1076.3208s
Epoch: 6 cost time: 11.186816453933716
Epoch: 6, Steps: 1064 | Train Loss: 0.2826414 Vali Loss: 0.4858924
EarlyStopping counter: 1 out of 6
Updating learning rate to 1.5625e-05
	iters: 100, epoch: 7 | loss: 0.3097425
	speed: 0.0331s/iter; left time: 3310.9939s
	iters: 200, epoch: 7 | loss: 0.2852601
	speed: 0.0103s/iter; left time: 1030.3059s
	iters: 300, epoch: 7 | loss: 0.2748354
	speed: 0.0105s/iter; left time: 1047.3646s
	iters: 400, epoch: 7 | loss: 0.3339184
	speed: 0.0106s/iter; left time: 1052.6702s
	iters: 500, epoch: 7 | loss: 0.2706949
	speed: 0.0105s/iter; left time: 1041.6191s
	iters: 600, epoch: 7 | loss: 0.2823167
	speed: 0.0104s/iter; left time: 1035.0655s
	iters: 700, epoch: 7 | loss: 0.2543962
	speed: 0.0103s/iter; left time: 1022.3911s
	iters: 800, epoch: 7 | loss: 0.2802067
	speed: 0.0104s/iter; left time: 1033.8391s
	iters: 900, epoch: 7 | loss: 0.2387704
	speed: 0.0110s/iter; left time: 1086.3020s
	iters: 1000, epoch: 7 | loss: 0.2760322
	speed: 0.0107s/iter; left time: 1060.8638s
Epoch: 7 cost time: 11.183562755584717
Epoch: 7, Steps: 1064 | Train Loss: 0.2817371 Vali Loss: 0.4846566
Validation loss decreased (0.485879 --> 0.484657).  Saving model ...
Updating learning rate to 7.8125e-06
	iters: 100, epoch: 8 | loss: 0.2931101
	speed: 0.0328s/iter; left time: 3238.5117s
	iters: 200, epoch: 8 | loss: 0.2949531
	speed: 0.0106s/iter; left time: 1045.7199s
	iters: 300, epoch: 8 | loss: 0.3088619
	speed: 0.0105s/iter; left time: 1032.8235s
	iters: 400, epoch: 8 | loss: 0.3056945
	speed: 0.0106s/iter; left time: 1043.5966s
	iters: 500, epoch: 8 | loss: 0.2769457
	speed: 0.0104s/iter; left time: 1026.6077s
	iters: 600, epoch: 8 | loss: 0.2804230
	speed: 0.0105s/iter; left time: 1035.8357s
	iters: 700, epoch: 8 | loss: 0.3261989
	speed: 0.0104s/iter; left time: 1025.0845s
	iters: 800, epoch: 8 | loss: 0.3040479
	speed: 0.0103s/iter; left time: 1012.7914s
	iters: 900, epoch: 8 | loss: 0.3442777
	speed: 0.0107s/iter; left time: 1046.2432s
	iters: 1000, epoch: 8 | loss: 0.2855154
	speed: 0.0107s/iter; left time: 1050.1954s
Epoch: 8 cost time: 11.210437536239624
Epoch: 8, Steps: 1064 | Train Loss: 0.2813092 Vali Loss: 0.4846977
EarlyStopping counter: 1 out of 6
Updating learning rate to 3.90625e-06
	iters: 100, epoch: 9 | loss: 0.2764938
	speed: 0.0329s/iter; left time: 3218.9712s
	iters: 200, epoch: 9 | loss: 0.2730299
	speed: 0.0110s/iter; left time: 1075.8944s
	iters: 300, epoch: 9 | loss: 0.2744646
	speed: 0.0104s/iter; left time: 1016.2004s
	iters: 400, epoch: 9 | loss: 0.3318782
	speed: 0.0104s/iter; left time: 1017.1038s
	iters: 500, epoch: 9 | loss: 0.2413487
	speed: 0.0102s/iter; left time: 994.8211s
	iters: 600, epoch: 9 | loss: 0.2197899
	speed: 0.0106s/iter; left time: 1026.8815s
	iters: 700, epoch: 9 | loss: 0.2816003
	speed: 0.0107s/iter; left time: 1036.3394s
	iters: 800, epoch: 9 | loss: 0.2711377
	speed: 0.0103s/iter; left time: 995.6503s
	iters: 900, epoch: 9 | loss: 0.3106508
	speed: 0.0104s/iter; left time: 1012.9827s
	iters: 1000, epoch: 9 | loss: 0.2616226
	speed: 0.0104s/iter; left time: 1006.0526s
Epoch: 9 cost time: 11.174551248550415
Epoch: 9, Steps: 1064 | Train Loss: 0.2810151 Vali Loss: 0.4844871
Validation loss decreased (0.484657 --> 0.484487).  Saving model ...
Updating learning rate to 1.953125e-06
	iters: 100, epoch: 10 | loss: 0.2510493
	speed: 0.0329s/iter; left time: 3182.7683s
	iters: 200, epoch: 10 | loss: 0.2701601
	speed: 0.0107s/iter; left time: 1038.3080s
	iters: 300, epoch: 10 | loss: 0.2481491
	speed: 0.0105s/iter; left time: 1018.2058s
	iters: 400, epoch: 10 | loss: 0.2519448
	speed: 0.0106s/iter; left time: 1022.9498s
	iters: 500, epoch: 10 | loss: 0.2770304
	speed: 0.0106s/iter; left time: 1023.3298s
	iters: 600, epoch: 10 | loss: 0.2693077
	speed: 0.0103s/iter; left time: 994.4062s
	iters: 700, epoch: 10 | loss: 0.2603887
	speed: 0.0106s/iter; left time: 1018.5321s
	iters: 800, epoch: 10 | loss: 0.2357111
	speed: 0.0107s/iter; left time: 1023.8811s
	iters: 900, epoch: 10 | loss: 0.2490280
	speed: 0.0102s/iter; left time: 977.4264s
	iters: 1000, epoch: 10 | loss: 0.2690202
	speed: 0.0103s/iter; left time: 983.8191s
Epoch: 10 cost time: 11.149010419845581
Epoch: 10, Steps: 1064 | Train Loss: 0.2807810 Vali Loss: 0.4845303
EarlyStopping counter: 1 out of 6
Updating learning rate to 9.765625e-07
	iters: 100, epoch: 11 | loss: 0.2862403
	speed: 0.0327s/iter; left time: 3125.2485s
	iters: 200, epoch: 11 | loss: 0.2690931
	speed: 0.0107s/iter; left time: 1022.6033s
	iters: 300, epoch: 11 | loss: 0.2627190
	speed: 0.0104s/iter; left time: 993.5177s
	iters: 400, epoch: 11 | loss: 0.3002329
	speed: 0.0105s/iter; left time: 1000.5022s
	iters: 500, epoch: 11 | loss: 0.2715283
	speed: 0.0106s/iter; left time: 1006.3325s
	iters: 600, epoch: 11 | loss: 0.2621308
	speed: 0.0109s/iter; left time: 1036.3986s
	iters: 700, epoch: 11 | loss: 0.2753896
	speed: 0.0104s/iter; left time: 992.0592s
	iters: 800, epoch: 11 | loss: 0.3438172
	speed: 0.0108s/iter; left time: 1023.5692s
	iters: 900, epoch: 11 | loss: 0.2108910
	speed: 0.0107s/iter; left time: 1011.2015s
	iters: 1000, epoch: 11 | loss: 0.2872064
	speed: 0.0108s/iter; left time: 1025.3735s
Epoch: 11 cost time: 11.280266761779785
Epoch: 11, Steps: 1064 | Train Loss: 0.2806829 Vali Loss: 0.4845497
EarlyStopping counter: 2 out of 6
Updating learning rate to 4.8828125e-07
	iters: 100, epoch: 12 | loss: 0.2511778
	speed: 0.0321s/iter; left time: 3034.2360s
	iters: 200, epoch: 12 | loss: 0.2787001
	speed: 0.0104s/iter; left time: 980.3135s
	iters: 300, epoch: 12 | loss: 0.2389938
	speed: 0.0107s/iter; left time: 1008.9493s
	iters: 400, epoch: 12 | loss: 0.2280427
	speed: 0.0104s/iter; left time: 981.0631s
	iters: 500, epoch: 12 | loss: 0.2741908
	speed: 0.0104s/iter; left time: 975.5191s
	iters: 600, epoch: 12 | loss: 0.2466760
	speed: 0.0105s/iter; left time: 988.5519s
	iters: 700, epoch: 12 | loss: 0.3753525
	speed: 0.0103s/iter; left time: 969.7320s
	iters: 800, epoch: 12 | loss: 0.3016190
	speed: 0.0104s/iter; left time: 977.2203s
	iters: 900, epoch: 12 | loss: 0.2844998
	speed: 0.0104s/iter; left time: 980.1353s
	iters: 1000, epoch: 12 | loss: 0.2908328
	speed: 0.0105s/iter; left time: 980.8630s
Epoch: 12 cost time: 11.074119806289673
Epoch: 12, Steps: 1064 | Train Loss: 0.2806544 Vali Loss: 0.4845444
EarlyStopping counter: 3 out of 6
Updating learning rate to 2.44140625e-07
	iters: 100, epoch: 13 | loss: 0.2983071
	speed: 0.0324s/iter; left time: 3028.7666s
	iters: 200, epoch: 13 | loss: 0.2596186
	speed: 0.0105s/iter; left time: 979.7010s
	iters: 300, epoch: 13 | loss: 0.2336093
	speed: 0.0103s/iter; left time: 957.3908s
	iters: 400, epoch: 13 | loss: 0.2688326
	speed: 0.0104s/iter; left time: 970.5348s
	iters: 500, epoch: 13 | loss: 0.2827820
	speed: 0.0104s/iter; left time: 965.4912s
	iters: 600, epoch: 13 | loss: 0.2613087
	speed: 0.0104s/iter; left time: 967.0605s
	iters: 700, epoch: 13 | loss: 0.2528654
	speed: 0.0105s/iter; left time: 971.9943s
	iters: 800, epoch: 13 | loss: 0.2754250
	speed: 0.0103s/iter; left time: 958.8073s
	iters: 900, epoch: 13 | loss: 0.2199729
	speed: 0.0104s/iter; left time: 963.1094s
	iters: 1000, epoch: 13 | loss: 0.3062431
	speed: 0.0105s/iter; left time: 975.0452s
Epoch: 13 cost time: 11.097760438919067
Epoch: 13, Steps: 1064 | Train Loss: 0.2806695 Vali Loss: 0.4845394
EarlyStopping counter: 4 out of 6
Updating learning rate to 1.220703125e-07
	iters: 100, epoch: 14 | loss: 0.3074363
	speed: 0.0326s/iter; left time: 3015.7707s
	iters: 200, epoch: 14 | loss: 0.2586071
	speed: 0.0106s/iter; left time: 975.2636s
	iters: 300, epoch: 14 | loss: 0.3081917
	speed: 0.0106s/iter; left time: 974.7812s
	iters: 400, epoch: 14 | loss: 0.2647604
	speed: 0.0105s/iter; left time: 968.5882s
	iters: 500, epoch: 14 | loss: 0.2924097
	speed: 0.0105s/iter; left time: 969.1413s
	iters: 600, epoch: 14 | loss: 0.2739327
	speed: 0.0107s/iter; left time: 985.4586s
	iters: 700, epoch: 14 | loss: 0.2857687
	speed: 0.0104s/iter; left time: 957.6323s
	iters: 800, epoch: 14 | loss: 0.2702150
	speed: 0.0106s/iter; left time: 968.6732s
	iters: 900, epoch: 14 | loss: 0.2642459
	speed: 0.0104s/iter; left time: 950.7801s
	iters: 1000, epoch: 14 | loss: 0.2654334
	speed: 0.0107s/iter; left time: 982.7242s
Epoch: 14 cost time: 11.215088605880737
Epoch: 14, Steps: 1064 | Train Loss: 0.2806147 Vali Loss: 0.4845416
EarlyStopping counter: 5 out of 6
Updating learning rate to 6.103515625e-08
	iters: 100, epoch: 15 | loss: 0.2648907
	speed: 0.0323s/iter; left time: 2955.0679s
	iters: 200, epoch: 15 | loss: 0.3219115
	speed: 0.0106s/iter; left time: 965.9049s
	iters: 300, epoch: 15 | loss: 0.2917912
	speed: 0.0103s/iter; left time: 942.3007s
	iters: 400, epoch: 15 | loss: 0.2353149
	speed: 0.0102s/iter; left time: 926.0860s
	iters: 500, epoch: 15 | loss: 0.2512654
	speed: 0.0105s/iter; left time: 955.3520s
	iters: 600, epoch: 15 | loss: 0.2790694
	speed: 0.0104s/iter; left time: 945.7613s
	iters: 700, epoch: 15 | loss: 0.2092595
	speed: 0.0104s/iter; left time: 940.8543s
	iters: 800, epoch: 15 | loss: 0.2614162
	speed: 0.0103s/iter; left time: 934.1068s
	iters: 900, epoch: 15 | loss: 0.3386331
	speed: 0.0106s/iter; left time: 957.3584s
	iters: 1000, epoch: 15 | loss: 0.2455345
	speed: 0.0104s/iter; left time: 942.0225s
Epoch: 15 cost time: 11.074856758117676
Epoch: 15, Steps: 1064 | Train Loss: 0.2806871 Vali Loss: 0.4845424
EarlyStopping counter: 6 out of 6
Early stopping
VALIDATION_RESULT {"best_epoch": 9, "best_mae": 0.4621212241627671, "best_mse": 0.4844871273681501, "epochs_ran": 15, "metric_version": "element_weighted_v1", "train_duration_seconds": 193.25176625978202, "train_peak_cuda_memory_bytes": 514425344}
>>>>>>>testing : long_term_forecast_ETTm1_336_192_coreabl_ettm1_p192_no_graph_s2022_TimeRole_ETTm1_ftM_sl336_ll48_pl192_dm64_nh8_el1_dl1_df128_expand2_dc2_fc1_ebtimeF_dtTrue_coreabl_ettm1_p192_no_graph_s2022_0<<<<<<<<<<<<<<<<<<<<<<<<<<<<<<<<<
test 11329
EVALUATION_RESULT {"batches": 355, "elapsed_seconds": 1.7568902377970517, "elements": 15226176, "gate_abs_mean": 0.2142191380262375, "gate_max": 0.28612127900123596, "gate_mean": 0.2142191380262375, "gate_min": 0.10829534381628036, "gate_values": [0.28005075454711914, 0.19815337657928467, 0.28612127900123596, 0.19561660289764404, 0.2152453362941742, 0.10829534381628036, 0.21605134010314941], "mae": 0.37264045085161146, "memory_correction_mae": 0.2053296910185138, "memory_correction_rms": 0.3362006727546673, "metric_version": "element_weighted_v1", "milliseconds_per_batch": 4.948986585343808, "mse": 0.3325652579800967, "origin_count": 11329, "origin_metric_version": "per_forecast_origin_mean_v1", "origin_metrics_path": "/home/cwh/Time-Series-Library/logs/timerole_core_ablation/checkpoints/long_term_forecast_ETTm1_336_192_coreabl_ettm1_p192_no_graph_s2022_TimeRole_ETTm1_ftM_sl336_ll48_pl192_dm64_nh8_el1_dl1_df128_expand2_dc2_fc1_ebtimeF_dtTrue_coreabl_ettm1_p192_no_graph_s2022_0/test_origin_metrics.npz", "parameter_count": 1892839, "peak_cuda_memory_bytes": 158687232, "split": "test", "test_accessed": true, "timerole_intervention": "intact"}
mse:0.3325652579800967, mae:0.37264045085161146, dtw:Not calculated
