Using GPU
Args in experiment:
[1mBasic Config[0m
  Task Name:          long_term_forecast  Is Training:        1                   
  Model ID:           ETTm2_336_720_coreabl_ettm2_p720_no_mamba_s2023Model:              TimeRole            

[1mData Loader[0m
  Data:               ETTm2               Root Path:          /home/cwh/Time-Series-Library/dataset/ETT-small
  Data Path:          ETTm2.csv           Features:           M                   
  Target:             OT                  Freq:               h                   
  Checkpoints:        /home/cwh/Time-Series-Library/logs/timerole_core_ablation/checkpoints

[1mForecasting Task[0m
  Seq Len:            336                 Label Len:          48                  
  Pred Len:           720                 Seasonal Patterns:  Monthly             
  Inverse:            0                   

[1mModel Parameters[0m
  Top k:              5                   Num Kernels:        6                   
  Enc In:             7                   Dec In:             7                   
  C Out:              7                   d model:            64                  
  n heads:            8                   e layers:           1                   
  d layers:           1                   d FF:               128                 
  Moving Avg:         25                  Factor:             1                   
  Distil:             1                   Dropout:            0.1                 
  Embed:              timeF               Activation:         gelu                

[1mRun Parameters[0m
  Num Workers:        0                   Itr:                1                   
  Train Epochs:       100                 Batch Size:         32                  
  Patience:           6                   Learning Rate:      0.0005              
  Des:                coreabl_ettm2_p720_no_mamba_s2023Loss:               MSE                 
  Lradj:              type1               Use Amp:            0                   

[1mGPU[0m
  Use GPU:            1                   GPU:                0                   
  Use Multi GPU:      0                   Devices:            0,1,2,3             

[1mDe-stationary Projector Params[0m
  P Hidden Dims:      128, 128            P Hidden Layers:    2                   

Use GPU: cuda:0
🚀 Lazy Loading: TimeRole ...
[GraphMamba] Building 7x7 static graph from 2000 training samples
>>>>>>>start training : long_term_forecast_ETTm2_336_720_coreabl_ettm2_p720_no_mamba_s2023_TimeRole_ETTm2_ftM_sl336_ll48_pl720_dm64_nh8_el1_dl1_df128_expand2_dc2_fc1_ebtimeF_dtTrue_coreabl_ettm2_p720_no_mamba_s2023_0>>>>>>>>>>>>>>>>>>>>>>>>>>
train 33505
val 10801
	iters: 100, epoch: 1 | loss: 0.8843437
	speed: 0.0111s/iter; left time: 1162.8270s
	iters: 200, epoch: 1 | loss: 0.7606316
	speed: 0.0050s/iter; left time: 523.8524s
	iters: 300, epoch: 1 | loss: 0.8154570
	speed: 0.0049s/iter; left time: 515.4663s
	iters: 400, epoch: 1 | loss: 0.4913313
	speed: 0.0050s/iter; left time: 519.4778s
	iters: 500, epoch: 1 | loss: 0.6567550
	speed: 0.0050s/iter; left time: 524.8193s
	iters: 600, epoch: 1 | loss: 0.2597402
	speed: 0.0048s/iter; left time: 501.6676s
	iters: 700, epoch: 1 | loss: 0.3832929
	speed: 0.0052s/iter; left time: 539.6930s
	iters: 800, epoch: 1 | loss: 0.4723703
	speed: 0.0050s/iter; left time: 521.0985s
	iters: 900, epoch: 1 | loss: 0.4717586
	speed: 0.0048s/iter; left time: 502.5028s
	iters: 1000, epoch: 1 | loss: 0.3384244
	speed: 0.0047s/iter; left time: 490.7578s
Epoch: 1 cost time: 5.355435371398926
Epoch: 1, Steps: 1048 | Train Loss: 0.5349646 Vali Loss: 0.2749222
Validation loss decreased (inf --> 0.274922).  Saving model ...
Updating learning rate to 0.0005
	iters: 100, epoch: 2 | loss: 0.4219535
	speed: 0.0167s/iter; left time: 1726.1007s
	iters: 200, epoch: 2 | loss: 0.3679887
	speed: 0.0048s/iter; left time: 494.6268s
	iters: 300, epoch: 2 | loss: 0.4452583
	speed: 0.0048s/iter; left time: 497.8666s
	iters: 400, epoch: 2 | loss: 0.6898742
	speed: 0.0049s/iter; left time: 511.2483s
	iters: 500, epoch: 2 | loss: 0.4808487
	speed: 0.0049s/iter; left time: 506.2979s
	iters: 600, epoch: 2 | loss: 0.3115247
	speed: 0.0050s/iter; left time: 512.8558s
	iters: 700, epoch: 2 | loss: 0.6689439
	speed: 0.0051s/iter; left time: 523.4308s
	iters: 800, epoch: 2 | loss: 0.4537890
	speed: 0.0048s/iter; left time: 492.4810s
	iters: 900, epoch: 2 | loss: 0.3300516
	speed: 0.0049s/iter; left time: 506.5097s
	iters: 1000, epoch: 2 | loss: 0.2188384
	speed: 0.0050s/iter; left time: 514.8236s
Epoch: 2 cost time: 5.186035633087158
Epoch: 2, Steps: 1048 | Train Loss: 0.5062540 Vali Loss: 0.2723557
Validation loss decreased (0.274922 --> 0.272356).  Saving model ...
Updating learning rate to 0.00025
	iters: 100, epoch: 3 | loss: 0.3483616
	speed: 0.0166s/iter; left time: 1705.4487s
	iters: 200, epoch: 3 | loss: 0.3979044
	speed: 0.0049s/iter; left time: 503.5277s
	iters: 300, epoch: 3 | loss: 0.7946928
	speed: 0.0049s/iter; left time: 506.5365s
	iters: 400, epoch: 3 | loss: 0.5064880
	speed: 0.0050s/iter; left time: 509.5147s
	iters: 500, epoch: 3 | loss: 0.3095558
	speed: 0.0050s/iter; left time: 507.0448s
	iters: 600, epoch: 3 | loss: 0.8479676
	speed: 0.0050s/iter; left time: 507.9606s
	iters: 700, epoch: 3 | loss: 0.7080910
	speed: 0.0048s/iter; left time: 488.9226s
	iters: 800, epoch: 3 | loss: 0.5843965
	speed: 0.0051s/iter; left time: 521.8152s
	iters: 900, epoch: 3 | loss: 0.4673706
	speed: 0.0046s/iter; left time: 471.0014s
	iters: 1000, epoch: 3 | loss: 0.5036570
	speed: 0.0050s/iter; left time: 508.9253s
Epoch: 3 cost time: 5.187760829925537
Epoch: 3, Steps: 1048 | Train Loss: 0.4954636 Vali Loss: 0.2713980
Validation loss decreased (0.272356 --> 0.271398).  Saving model ...
Updating learning rate to 0.000125
	iters: 100, epoch: 4 | loss: 0.4843362
	speed: 0.0161s/iter; left time: 1632.7175s
	iters: 200, epoch: 4 | loss: 0.5474856
	speed: 0.0052s/iter; left time: 524.9187s
	iters: 300, epoch: 4 | loss: 0.6707542
	speed: 0.0047s/iter; left time: 480.6429s
	iters: 400, epoch: 4 | loss: 0.4264536
	speed: 0.0049s/iter; left time: 493.0368s
	iters: 500, epoch: 4 | loss: 0.5278770
	speed: 0.0052s/iter; left time: 526.5578s
	iters: 600, epoch: 4 | loss: 0.3729463
	speed: 0.0052s/iter; left time: 521.9127s
	iters: 700, epoch: 4 | loss: 0.3712070
	speed: 0.0052s/iter; left time: 528.2639s
	iters: 800, epoch: 4 | loss: 0.7714683
	speed: 0.0052s/iter; left time: 526.0035s
	iters: 900, epoch: 4 | loss: 0.7449334
	speed: 0.0048s/iter; left time: 481.4757s
	iters: 1000, epoch: 4 | loss: 0.5473628
	speed: 0.0048s/iter; left time: 485.7575s
Epoch: 4 cost time: 5.248538255691528
Epoch: 4, Steps: 1048 | Train Loss: 0.4953733 Vali Loss: 0.2783662
EarlyStopping counter: 1 out of 6
Updating learning rate to 6.25e-05
	iters: 100, epoch: 5 | loss: 0.4045404
	speed: 0.0157s/iter; left time: 1578.7233s
	iters: 200, epoch: 5 | loss: 0.4335140
	speed: 0.0049s/iter; left time: 495.6865s
	iters: 300, epoch: 5 | loss: 0.5206105
	speed: 0.0047s/iter; left time: 473.7145s
	iters: 400, epoch: 5 | loss: 0.3103404
	speed: 0.0045s/iter; left time: 453.8816s
	iters: 500, epoch: 5 | loss: 0.8027271
	speed: 0.0048s/iter; left time: 477.1977s
	iters: 600, epoch: 5 | loss: 0.4541889
	speed: 0.0050s/iter; left time: 495.1455s
	iters: 700, epoch: 5 | loss: 0.3811119
	speed: 0.0050s/iter; left time: 500.4344s
	iters: 800, epoch: 5 | loss: 0.4043054
	speed: 0.0049s/iter; left time: 491.7843s
	iters: 900, epoch: 5 | loss: 0.5699248
	speed: 0.0049s/iter; left time: 485.0793s
	iters: 1000, epoch: 5 | loss: 0.7690784
	speed: 0.0049s/iter; left time: 484.7795s
Epoch: 5 cost time: 5.076397180557251
Epoch: 5, Steps: 1048 | Train Loss: 0.4888282 Vali Loss: 0.2745271
EarlyStopping counter: 2 out of 6
Updating learning rate to 3.125e-05
	iters: 100, epoch: 6 | loss: 0.5180461
	speed: 0.0162s/iter; left time: 1608.4310s
	iters: 200, epoch: 6 | loss: 0.4674036
	speed: 0.0050s/iter; left time: 492.9140s
	iters: 300, epoch: 6 | loss: 0.3295136
	speed: 0.0055s/iter; left time: 546.0301s
	iters: 400, epoch: 6 | loss: 0.5691208
	speed: 0.0046s/iter; left time: 460.4773s
	iters: 500, epoch: 6 | loss: 0.5310709
	speed: 0.0049s/iter; left time: 487.1365s
	iters: 600, epoch: 6 | loss: 0.3182281
	speed: 0.0051s/iter; left time: 499.8353s
	iters: 700, epoch: 6 | loss: 0.4130324
	speed: 0.0051s/iter; left time: 502.6979s
	iters: 800, epoch: 6 | loss: 0.8528038
	speed: 0.0050s/iter; left time: 490.6898s
	iters: 900, epoch: 6 | loss: 0.5239816
	speed: 0.0051s/iter; left time: 506.6823s
	iters: 1000, epoch: 6 | loss: 0.3335977
	speed: 0.0050s/iter; left time: 495.9440s
Epoch: 6 cost time: 5.264281511306763
Epoch: 6, Steps: 1048 | Train Loss: 0.4871258 Vali Loss: 0.2738169
EarlyStopping counter: 3 out of 6
Updating learning rate to 1.5625e-05
	iters: 100, epoch: 7 | loss: 0.5954876
	speed: 0.0157s/iter; left time: 1542.6969s
	iters: 200, epoch: 7 | loss: 0.5100586
	speed: 0.0046s/iter; left time: 450.3197s
	iters: 300, epoch: 7 | loss: 0.5909288
	speed: 0.0049s/iter; left time: 477.7847s
	iters: 400, epoch: 7 | loss: 0.5137091
	speed: 0.0047s/iter; left time: 465.3478s
	iters: 500, epoch: 7 | loss: 0.5435540
	speed: 0.0047s/iter; left time: 458.3832s
	iters: 600, epoch: 7 | loss: 0.4944758
	speed: 0.0052s/iter; left time: 505.6513s
	iters: 700, epoch: 7 | loss: 0.3063681
	speed: 0.0050s/iter; left time: 488.2385s
	iters: 800, epoch: 7 | loss: 0.4310064
	speed: 0.0058s/iter; left time: 569.6178s
	iters: 900, epoch: 7 | loss: 0.5950133
	speed: 0.0046s/iter; left time: 452.6625s
	iters: 1000, epoch: 7 | loss: 0.2566592
	speed: 0.0048s/iter; left time: 463.7121s
Epoch: 7 cost time: 5.148138523101807
Epoch: 7, Steps: 1048 | Train Loss: 0.4870118 Vali Loss: 0.2746879
EarlyStopping counter: 4 out of 6
Updating learning rate to 7.8125e-06
	iters: 100, epoch: 8 | loss: 0.4494404
	speed: 0.0158s/iter; left time: 1542.1695s
	iters: 200, epoch: 8 | loss: 0.5420756
	speed: 0.0052s/iter; left time: 504.2340s
	iters: 300, epoch: 8 | loss: 0.5245434
	speed: 0.0053s/iter; left time: 515.0206s
	iters: 400, epoch: 8 | loss: 0.5985476
	speed: 0.0049s/iter; left time: 477.9938s
	iters: 500, epoch: 8 | loss: 0.4205135
	speed: 0.0047s/iter; left time: 459.5905s
	iters: 600, epoch: 8 | loss: 0.3815430
	speed: 0.0049s/iter; left time: 477.6939s
	iters: 700, epoch: 8 | loss: 0.7680575
	speed: 0.0047s/iter; left time: 455.1095s
	iters: 800, epoch: 8 | loss: 0.3550727
	speed: 0.0047s/iter; left time: 459.0469s
	iters: 900, epoch: 8 | loss: 0.5451279
	speed: 0.0045s/iter; left time: 433.3684s
	iters: 1000, epoch: 8 | loss: 0.7219105
	speed: 0.0050s/iter; left time: 484.9004s
Epoch: 8 cost time: 5.14715051651001
Epoch: 8, Steps: 1048 | Train Loss: 0.4864600 Vali Loss: 0.2739110
EarlyStopping counter: 5 out of 6
Updating learning rate to 3.90625e-06
	iters: 100, epoch: 9 | loss: 0.2690477
	speed: 0.0163s/iter; left time: 1566.3911s
	iters: 200, epoch: 9 | loss: 0.8788118
	speed: 0.0051s/iter; left time: 489.8772s
	iters: 300, epoch: 9 | loss: 0.4048336
	speed: 0.0050s/iter; left time: 476.1173s
	iters: 400, epoch: 9 | loss: 0.6775523
	speed: 0.0049s/iter; left time: 471.7987s
	iters: 500, epoch: 9 | loss: 0.3161943
	speed: 0.0046s/iter; left time: 441.3040s
	iters: 600, epoch: 9 | loss: 0.6803284
	speed: 0.0047s/iter; left time: 454.3265s
	iters: 700, epoch: 9 | loss: 0.4070177
	speed: 0.0048s/iter; left time: 457.8747s
	iters: 800, epoch: 9 | loss: 0.7563018
	speed: 0.0049s/iter; left time: 470.2306s
	iters: 900, epoch: 9 | loss: 0.7291262
	speed: 0.0050s/iter; left time: 473.5225s
	iters: 1000, epoch: 9 | loss: 0.4417898
	speed: 0.0053s/iter; left time: 509.6794s
Epoch: 9 cost time: 5.189165830612183
Epoch: 9, Steps: 1048 | Train Loss: 0.4862735 Vali Loss: 0.2738778
EarlyStopping counter: 6 out of 6
Early stopping
VALIDATION_RESULT {"best_epoch": 3, "best_mae": 0.3561871257962065, "best_mse": 0.2713980315429244, "epochs_ran": 9, "metric_version": "element_weighted_v1", "train_duration_seconds": 56.093068765010685, "train_peak_cuda_memory_bytes": 197491712}
>>>>>>>testing : long_term_forecast_ETTm2_336_720_coreabl_ettm2_p720_no_mamba_s2023_TimeRole_ETTm2_ftM_sl336_ll48_pl720_dm64_nh8_el1_dl1_df128_expand2_dc2_fc1_ebtimeF_dtTrue_coreabl_ettm2_p720_no_mamba_s2023_0<<<<<<<<<<<<<<<<<<<<<<<<<<<<<<<<<
test 10801
EVALUATION_RESULT {"batches": 338, "elapsed_seconds": 0.9494585590437055, "elements": 54437040, "gate_abs_mean": 0.12034983187913895, "gate_max": 0.011091927997767925, "gate_mean": -0.1171807050704956, "gate_min": -0.1953805536031723, "gate_values": [-0.16770696640014648, -0.1953805536031723, -0.08217555284500122, -0.1835092306137085, -0.04477733373641968, 0.011091927997767925, -0.15780723094940186], "mae": 0.389882257752201, "memory_correction_mae": 0.10495295148873904, "memory_correction_rms": 0.2017085984210532, "metric_version": "element_weighted_v1", "milliseconds_per_batch": 2.8090489912535666, "mse": 0.3759290554431378, "origin_count": 10801, "origin_metric_version": "per_forecast_origin_mean_v1", "origin_metrics_path": "/home/cwh/Time-Series-Library/logs/timerole_core_ablation/checkpoints/long_term_forecast_ETTm2_336_720_coreabl_ettm2_p720_no_mamba_s2023_TimeRole_ETTm2_ftM_sl336_ll48_pl720_dm64_nh8_el1_dl1_df128_expand2_dc2_fc1_ebtimeF_dtTrue_coreabl_ettm2_p720_no_mamba_s2023_0/test_origin_metrics.npz", "parameter_count": 6741901, "peak_cuda_memory_bytes": 130384384, "split": "test", "test_accessed": true, "timerole_intervention": "intact"}
mse:0.3759290554431378, mae:0.389882257752201, dtw:Not calculated
