Using GPU
Args in experiment:
[1mBasic Config[0m
  Task Name:          long_term_forecast  Is Training:        1                   
  Model ID:           ETTm2_336_336_coreabl_ettm2_p336_no_decomp_s2021Model:              TimeRole            

[1mData Loader[0m
  Data:               ETTm2               Root Path:          /home/cwh/Time-Series-Library/dataset/ETT-small
  Data Path:          ETTm2.csv           Features:           M                   
  Target:             OT                  Freq:               h                   
  Checkpoints:        /home/cwh/Time-Series-Library/logs/timerole_core_ablation/checkpoints

[1mForecasting Task[0m
  Seq Len:            336                 Label Len:          48                  
  Pred Len:           336                 Seasonal Patterns:  Monthly             
  Inverse:            0                   

[1mModel Parameters[0m
  Top k:              5                   Num Kernels:        6                   
  Enc In:             7                   Dec In:             7                   
  C Out:              7                   d model:            64                  
  n heads:            8                   e layers:           1                   
  d layers:           1                   d FF:               128                 
  Moving Avg:         25                  Factor:             1                   
  Distil:             1                   Dropout:            0.1                 
  Embed:              timeF               Activation:         gelu                

[1mRun Parameters[0m
  Num Workers:        0                   Itr:                1                   
  Train Epochs:       100                 Batch Size:         32                  
  Patience:           6                   Learning Rate:      0.0005              
  Des:                coreabl_ettm2_p336_no_decomp_s2021Loss:               MSE                 
  Lradj:              type1               Use Amp:            0                   

[1mGPU[0m
  Use GPU:            1                   GPU:                0                   
  Use Multi GPU:      0                   Devices:            0,1,2,3             

[1mDe-stationary Projector Params[0m
  P Hidden Dims:      128, 128            P Hidden Layers:    2                   

Use GPU: cuda:0
🚀 Lazy Loading: TimeRole ...
[GraphMamba] Building 7x7 static graph from 2000 training samples
>>>>>>>start training : long_term_forecast_ETTm2_336_336_coreabl_ettm2_p336_no_decomp_s2021_TimeRole_ETTm2_ftM_sl336_ll48_pl336_dm64_nh8_el1_dl1_df128_expand2_dc2_fc1_ebtimeF_dtTrue_coreabl_ettm2_p336_no_decomp_s2021_0>>>>>>>>>>>>>>>>>>>>>>>>>>
train 33889
val 11185
	iters: 100, epoch: 1 | loss: 0.7383982
	speed: 0.0132s/iter; left time: 1402.3165s
	iters: 200, epoch: 1 | loss: 0.2063325
	speed: 0.0110s/iter; left time: 1163.4018s
	iters: 300, epoch: 1 | loss: 0.3934104
	speed: 0.0109s/iter; left time: 1148.6540s
	iters: 400, epoch: 1 | loss: 0.5156565
	speed: 0.0112s/iter; left time: 1180.3770s
	iters: 500, epoch: 1 | loss: 0.6229606
	speed: 0.0110s/iter; left time: 1157.3152s
	iters: 600, epoch: 1 | loss: 0.2600808
	speed: 0.0108s/iter; left time: 1143.2297s
	iters: 700, epoch: 1 | loss: 0.1892331
	speed: 0.0113s/iter; left time: 1187.9040s
	iters: 800, epoch: 1 | loss: 0.3877784
	speed: 0.0110s/iter; left time: 1152.3724s
	iters: 900, epoch: 1 | loss: 0.3460025
	speed: 0.0112s/iter; left time: 1179.2826s
	iters: 1000, epoch: 1 | loss: 0.2707928
	speed: 0.0113s/iter; left time: 1185.7644s
Epoch: 1 cost time: 11.948033571243286
Epoch: 1, Steps: 1060 | Train Loss: 0.4134951 Vali Loss: 0.2082195
Validation loss decreased (inf --> 0.208219).  Saving model ...
Updating learning rate to 0.0005
	iters: 100, epoch: 2 | loss: 0.2281274
	speed: 0.0346s/iter; left time: 3630.5744s
	iters: 200, epoch: 2 | loss: 0.2801295
	speed: 0.0112s/iter; left time: 1170.2682s
	iters: 300, epoch: 2 | loss: 0.4835975
	speed: 0.0113s/iter; left time: 1182.1381s
	iters: 400, epoch: 2 | loss: 0.2969396
	speed: 0.0112s/iter; left time: 1176.0795s
	iters: 500, epoch: 2 | loss: 0.3356170
	speed: 0.0113s/iter; left time: 1178.2566s
	iters: 600, epoch: 2 | loss: 0.2245055
	speed: 0.0114s/iter; left time: 1185.0127s
	iters: 700, epoch: 2 | loss: 0.4608068
	speed: 0.0113s/iter; left time: 1178.4841s
	iters: 800, epoch: 2 | loss: 0.2974742
	speed: 0.0114s/iter; left time: 1189.4357s
	iters: 900, epoch: 2 | loss: 0.2969134
	speed: 0.0112s/iter; left time: 1165.0663s
	iters: 1000, epoch: 2 | loss: 0.3217985
	speed: 0.0114s/iter; left time: 1185.0911s
Epoch: 2 cost time: 11.970367431640625
Epoch: 2, Steps: 1060 | Train Loss: 0.3714318 Vali Loss: 0.2121208
EarlyStopping counter: 1 out of 6
Updating learning rate to 0.00025
	iters: 100, epoch: 3 | loss: 0.3498931
	speed: 0.0346s/iter; left time: 3588.6032s
	iters: 200, epoch: 3 | loss: 0.2269088
	speed: 0.0114s/iter; left time: 1185.8576s
	iters: 300, epoch: 3 | loss: 0.3678853
	speed: 0.0113s/iter; left time: 1175.4542s
	iters: 400, epoch: 3 | loss: 0.2994195
	speed: 0.0111s/iter; left time: 1146.2054s
	iters: 500, epoch: 3 | loss: 0.2398294
	speed: 0.0113s/iter; left time: 1166.4727s
	iters: 600, epoch: 3 | loss: 0.5779752
	speed: 0.0113s/iter; left time: 1170.4652s
	iters: 700, epoch: 3 | loss: 0.2205794
	speed: 0.0111s/iter; left time: 1143.7857s
	iters: 800, epoch: 3 | loss: 0.2430144
	speed: 0.0109s/iter; left time: 1126.2565s
	iters: 900, epoch: 3 | loss: 0.3764019
	speed: 0.0114s/iter; left time: 1172.0264s
	iters: 1000, epoch: 3 | loss: 0.4351250
	speed: 0.0110s/iter; left time: 1128.4094s
Epoch: 3 cost time: 11.89505672454834
Epoch: 3, Steps: 1060 | Train Loss: 0.3532707 Vali Loss: 0.2150357
EarlyStopping counter: 2 out of 6
Updating learning rate to 0.000125
	iters: 100, epoch: 4 | loss: 0.3346548
	speed: 0.0334s/iter; left time: 3435.1897s
	iters: 200, epoch: 4 | loss: 0.3480169
	speed: 0.0110s/iter; left time: 1132.8045s
	iters: 300, epoch: 4 | loss: 0.3942339
	speed: 0.0108s/iter; left time: 1106.7401s
	iters: 400, epoch: 4 | loss: 0.3158379
	speed: 0.0109s/iter; left time: 1112.6012s
	iters: 500, epoch: 4 | loss: 0.3884746
	speed: 0.0118s/iter; left time: 1207.1800s
	iters: 600, epoch: 4 | loss: 0.2963226
	speed: 0.0110s/iter; left time: 1119.8047s
	iters: 700, epoch: 4 | loss: 0.5708030
	speed: 0.0109s/iter; left time: 1114.4180s
	iters: 800, epoch: 4 | loss: 0.2575496
	speed: 0.0111s/iter; left time: 1130.2385s
	iters: 900, epoch: 4 | loss: 0.3814680
	speed: 0.0110s/iter; left time: 1119.7142s
	iters: 1000, epoch: 4 | loss: 0.3925348
	speed: 0.0110s/iter; left time: 1118.2524s
Epoch: 4 cost time: 11.716254949569702
Epoch: 4, Steps: 1060 | Train Loss: 0.3446295 Vali Loss: 0.2170397
EarlyStopping counter: 3 out of 6
Updating learning rate to 6.25e-05
	iters: 100, epoch: 5 | loss: 0.2232191
	speed: 0.0332s/iter; left time: 3373.8789s
	iters: 200, epoch: 5 | loss: 0.2103351
	speed: 0.0113s/iter; left time: 1147.3179s
	iters: 300, epoch: 5 | loss: 0.4144681
	speed: 0.0114s/iter; left time: 1152.2947s
	iters: 400, epoch: 5 | loss: 0.2788855
	speed: 0.0111s/iter; left time: 1128.4772s
	iters: 500, epoch: 5 | loss: 0.2161905
	speed: 0.0109s/iter; left time: 1104.1205s
	iters: 600, epoch: 5 | loss: 0.3600725
	speed: 0.0109s/iter; left time: 1099.9880s
	iters: 700, epoch: 5 | loss: 0.2967713
	speed: 0.0113s/iter; left time: 1141.6258s
	iters: 800, epoch: 5 | loss: 0.5751886
	speed: 0.0111s/iter; left time: 1122.6593s
	iters: 900, epoch: 5 | loss: 0.4226139
	speed: 0.0112s/iter; left time: 1131.8583s
	iters: 1000, epoch: 5 | loss: 0.3054263
	speed: 0.0111s/iter; left time: 1117.1281s
Epoch: 5 cost time: 11.819880247116089
Epoch: 5, Steps: 1060 | Train Loss: 0.3403750 Vali Loss: 0.2190260
EarlyStopping counter: 4 out of 6
Updating learning rate to 3.125e-05
	iters: 100, epoch: 6 | loss: 0.4476313
	speed: 0.0340s/iter; left time: 3418.8669s
	iters: 200, epoch: 6 | loss: 0.3567263
	speed: 0.0111s/iter; left time: 1117.0718s
	iters: 300, epoch: 6 | loss: 0.3144741
	speed: 0.0112s/iter; left time: 1128.3761s
	iters: 400, epoch: 6 | loss: 0.2554009
	speed: 0.0110s/iter; left time: 1098.5033s
	iters: 500, epoch: 6 | loss: 0.2650842
	speed: 0.0111s/iter; left time: 1114.3847s
	iters: 600, epoch: 6 | loss: 0.2230772
	speed: 0.0108s/iter; left time: 1081.1196s
	iters: 700, epoch: 6 | loss: 0.4259133
	speed: 0.0111s/iter; left time: 1112.0454s
	iters: 800, epoch: 6 | loss: 0.3206221
	speed: 0.0111s/iter; left time: 1103.9856s
	iters: 900, epoch: 6 | loss: 0.1910928
	speed: 0.0108s/iter; left time: 1074.2749s
	iters: 1000, epoch: 6 | loss: 0.2813168
	speed: 0.0111s/iter; left time: 1105.8918s
Epoch: 6 cost time: 11.724805355072021
Epoch: 6, Steps: 1060 | Train Loss: 0.3378129 Vali Loss: 0.2217329
EarlyStopping counter: 5 out of 6
Updating learning rate to 1.5625e-05
	iters: 100, epoch: 7 | loss: 0.3072495
	speed: 0.0335s/iter; left time: 3332.4642s
	iters: 200, epoch: 7 | loss: 0.2518594
	speed: 0.0111s/iter; left time: 1100.5313s
	iters: 300, epoch: 7 | loss: 0.4403693
	speed: 0.0113s/iter; left time: 1118.3205s
	iters: 400, epoch: 7 | loss: 0.4548199
	speed: 0.0111s/iter; left time: 1101.7543s
	iters: 500, epoch: 7 | loss: 0.4308179
	speed: 0.0112s/iter; left time: 1106.3483s
	iters: 600, epoch: 7 | loss: 0.2835753
	speed: 0.0111s/iter; left time: 1096.9606s
	iters: 700, epoch: 7 | loss: 0.3623173
	speed: 0.0111s/iter; left time: 1098.4082s
	iters: 800, epoch: 7 | loss: 0.3193779
	speed: 0.0109s/iter; left time: 1080.0307s
	iters: 900, epoch: 7 | loss: 0.1520789
	speed: 0.0113s/iter; left time: 1112.9501s
	iters: 1000, epoch: 7 | loss: 0.3132315
	speed: 0.0111s/iter; left time: 1089.9875s
Epoch: 7 cost time: 11.734480381011963
Epoch: 7, Steps: 1060 | Train Loss: 0.3359560 Vali Loss: 0.2221640
EarlyStopping counter: 6 out of 6
Early stopping
VALIDATION_RESULT {"best_epoch": 1, "best_mae": 0.31695704336352193, "best_mse": 0.2082194593968287, "epochs_ran": 7, "metric_version": "element_weighted_v1", "train_duration_seconds": 95.61816689372063, "train_peak_cuda_memory_bytes": 574314496}
>>>>>>>testing : long_term_forecast_ETTm2_336_336_coreabl_ettm2_p336_no_decomp_s2021_TimeRole_ETTm2_ftM_sl336_ll48_pl336_dm64_nh8_el1_dl1_df128_expand2_dc2_fc1_ebtimeF_dtTrue_coreabl_ettm2_p336_no_decomp_s2021_0<<<<<<<<<<<<<<<<<<<<<<<<<<<<<<<<<
test 11185
EVALUATION_RESULT {"batches": 350, "elapsed_seconds": 1.7226480608806014, "elements": 26307120, "gate_abs_mean": 0.10534335672855377, "gate_max": 0.025516804307699203, "gate_mean": -0.09805284440517426, "gate_min": -0.1769799441099167, "gate_values": [-0.1769799441099167, -0.1675666868686676, -0.04246293753385544, -0.13444840908050537, -0.04941779002547264, 0.025516804307699203, -0.14101096987724304], "mae": 0.33929501443549315, "memory_correction_mae": 0.07496886665798258, "memory_correction_rms": 0.1553968199798264, "metric_version": "element_weighted_v1", "milliseconds_per_batch": 4.921851602516004, "mse": 0.2870312348488172, "origin_count": 11185, "origin_metric_version": "per_forecast_origin_mean_v1", "origin_metrics_path": "/home/cwh/Time-Series-Library/logs/timerole_core_ablation/checkpoints/long_term_forecast_ETTm2_336_336_coreabl_ettm2_p336_no_decomp_s2021_TimeRole_ETTm2_ftM_sl336_ll48_pl336_dm64_nh8_el1_dl1_df128_expand2_dc2_fc1_ebtimeF_dtTrue_coreabl_ettm2_p336_no_decomp_s2021_0/test_origin_metrics.npz", "parameter_count": 3214461, "peak_cuda_memory_bytes": 170420736, "split": "test", "test_accessed": true, "timerole_intervention": "intact"}
mse:0.2870312348488172, mae:0.33929501443549315, dtw:Not calculated
