Using GPU
Args in experiment:
[1mBasic Config[0m
  Task Name:          long_term_forecast  Is Training:        1                   
  Model ID:           ETTm2_336_96_coreabl_ettm2_p96_no_patch_s2022Model:              TimeRole            

[1mData Loader[0m
  Data:               ETTm2               Root Path:          /home/cwh/Time-Series-Library/dataset/ETT-small
  Data Path:          ETTm2.csv           Features:           M                   
  Target:             OT                  Freq:               h                   
  Checkpoints:        /home/cwh/Time-Series-Library/logs/timerole_core_ablation/checkpoints

[1mForecasting Task[0m
  Seq Len:            336                 Label Len:          48                  
  Pred Len:           96                  Seasonal Patterns:  Monthly             
  Inverse:            0                   

[1mModel Parameters[0m
  Top k:              5                   Num Kernels:        6                   
  Enc In:             7                   Dec In:             7                   
  C Out:              7                   d model:            64                  
  n heads:            8                   e layers:           1                   
  d layers:           1                   d FF:               128                 
  Moving Avg:         25                  Factor:             1                   
  Distil:             1                   Dropout:            0.1                 
  Embed:              timeF               Activation:         gelu                

[1mRun Parameters[0m
  Num Workers:        0                   Itr:                1                   
  Train Epochs:       100                 Batch Size:         32                  
  Patience:           6                   Learning Rate:      0.0005              
  Des:                coreabl_ettm2_p96_no_patch_s2022Loss:               MSE                 
  Lradj:              type1               Use Amp:            0                   

[1mGPU[0m
  Use GPU:            1                   GPU:                0                   
  Use Multi GPU:      0                   Devices:            0,1,2,3             

[1mDe-stationary Projector Params[0m
  P Hidden Dims:      128, 128            P Hidden Layers:    2                   

Use GPU: cuda:0
🚀 Lazy Loading: TimeRole ...
[GraphMamba] Building 7x7 static graph from 2000 training samples
>>>>>>>start training : long_term_forecast_ETTm2_336_96_coreabl_ettm2_p96_no_patch_s2022_TimeRole_ETTm2_ftM_sl336_ll48_pl96_dm64_nh8_el1_dl1_df128_expand2_dc2_fc1_ebtimeF_dtTrue_coreabl_ettm2_p96_no_patch_s2022_0>>>>>>>>>>>>>>>>>>>>>>>>>>
train 34129
val 11425
	iters: 100, epoch: 1 | loss: 0.2719910
	speed: 0.0091s/iter; left time: 971.4416s
	iters: 200, epoch: 1 | loss: 0.4164932
	speed: 0.0072s/iter; left time: 768.1078s
	iters: 300, epoch: 1 | loss: 0.2542606
	speed: 0.0074s/iter; left time: 786.2314s
	iters: 400, epoch: 1 | loss: 0.1857782
	speed: 0.0077s/iter; left time: 815.0770s
	iters: 500, epoch: 1 | loss: 0.1036478
	speed: 0.0085s/iter; left time: 902.5461s
	iters: 600, epoch: 1 | loss: 0.2786876
	speed: 0.0084s/iter; left time: 886.3633s
	iters: 700, epoch: 1 | loss: 0.2542334
	speed: 0.0071s/iter; left time: 753.3456s
	iters: 800, epoch: 1 | loss: 0.1174949
	speed: 0.0075s/iter; left time: 792.4426s
	iters: 900, epoch: 1 | loss: 0.5325092
	speed: 0.0077s/iter; left time: 816.3535s
	iters: 1000, epoch: 1 | loss: 0.1150197
	speed: 0.0073s/iter; left time: 769.7557s
Epoch: 1 cost time: 8.298230409622192
Epoch: 1, Steps: 1067 | Train Loss: 0.2299020 Vali Loss: 0.1235420
Validation loss decreased (inf --> 0.123542).  Saving model ...
Updating learning rate to 0.0005
	iters: 100, epoch: 2 | loss: 0.1445271
	speed: 0.0242s/iter; left time: 2554.4228s
	iters: 200, epoch: 2 | loss: 0.1934160
	speed: 0.0075s/iter; left time: 795.8313s
	iters: 300, epoch: 2 | loss: 0.1614769
	speed: 0.0074s/iter; left time: 784.4567s
	iters: 400, epoch: 2 | loss: 0.4642561
	speed: 0.0075s/iter; left time: 785.1849s
	iters: 500, epoch: 2 | loss: 0.1331106
	speed: 0.0074s/iter; left time: 779.2381s
	iters: 600, epoch: 2 | loss: 0.2356188
	speed: 0.0075s/iter; left time: 784.8854s
	iters: 700, epoch: 2 | loss: 0.1402684
	speed: 0.0075s/iter; left time: 785.9823s
	iters: 800, epoch: 2 | loss: 0.1720418
	speed: 0.0075s/iter; left time: 781.5998s
	iters: 900, epoch: 2 | loss: 0.2470203
	speed: 0.0072s/iter; left time: 749.8296s
	iters: 1000, epoch: 2 | loss: 0.1482608
	speed: 0.0076s/iter; left time: 793.4312s
Epoch: 2 cost time: 7.953380107879639
Epoch: 2, Steps: 1067 | Train Loss: 0.2016427 Vali Loss: 0.1246410
EarlyStopping counter: 1 out of 6
Updating learning rate to 0.00025
	iters: 100, epoch: 3 | loss: 0.1577732
	speed: 0.0243s/iter; left time: 2540.4555s
	iters: 200, epoch: 3 | loss: 0.1020568
	speed: 0.0074s/iter; left time: 774.4672s
	iters: 300, epoch: 3 | loss: 0.1905924
	speed: 0.0073s/iter; left time: 763.9453s
	iters: 400, epoch: 3 | loss: 0.2299156
	speed: 0.0072s/iter; left time: 746.7093s
	iters: 500, epoch: 3 | loss: 0.1665829
	speed: 0.0072s/iter; left time: 744.3117s
	iters: 600, epoch: 3 | loss: 0.1168607
	speed: 0.0074s/iter; left time: 772.5254s
	iters: 700, epoch: 3 | loss: 0.3189627
	speed: 0.0075s/iter; left time: 777.0541s
	iters: 800, epoch: 3 | loss: 0.1379096
	speed: 0.0078s/iter; left time: 806.0125s
	iters: 900, epoch: 3 | loss: 0.1565519
	speed: 0.0076s/iter; left time: 783.4754s
	iters: 1000, epoch: 3 | loss: 0.2304529
	speed: 0.0072s/iter; left time: 750.3421s
Epoch: 3 cost time: 7.903577566146851
Epoch: 3, Steps: 1067 | Train Loss: 0.1911463 Vali Loss: 0.1270475
EarlyStopping counter: 2 out of 6
Updating learning rate to 0.000125
	iters: 100, epoch: 4 | loss: 0.1289317
	speed: 0.0231s/iter; left time: 2387.2649s
	iters: 200, epoch: 4 | loss: 0.1066676
	speed: 0.0076s/iter; left time: 781.6835s
	iters: 300, epoch: 4 | loss: 0.2088862
	speed: 0.0074s/iter; left time: 768.4359s
	iters: 400, epoch: 4 | loss: 0.2120757
	speed: 0.0073s/iter; left time: 750.1709s
	iters: 500, epoch: 4 | loss: 0.1733759
	speed: 0.0074s/iter; left time: 765.2490s
	iters: 600, epoch: 4 | loss: 0.1859391
	speed: 0.0076s/iter; left time: 777.3235s
	iters: 700, epoch: 4 | loss: 0.1256369
	speed: 0.0073s/iter; left time: 750.3721s
	iters: 800, epoch: 4 | loss: 0.1924765
	speed: 0.0076s/iter; left time: 780.7800s
	iters: 900, epoch: 4 | loss: 0.1271126
	speed: 0.0072s/iter; left time: 734.6004s
	iters: 1000, epoch: 4 | loss: 0.1289134
	speed: 0.0073s/iter; left time: 743.4859s
Epoch: 4 cost time: 7.881469964981079
Epoch: 4, Steps: 1067 | Train Loss: 0.1844984 Vali Loss: 0.1293713
EarlyStopping counter: 3 out of 6
Updating learning rate to 6.25e-05
	iters: 100, epoch: 5 | loss: 0.3255170
	speed: 0.0237s/iter; left time: 2424.2714s
	iters: 200, epoch: 5 | loss: 0.1546897
	speed: 0.0072s/iter; left time: 736.9943s
	iters: 300, epoch: 5 | loss: 0.1608249
	speed: 0.0071s/iter; left time: 727.9724s
	iters: 400, epoch: 5 | loss: 0.1577183
	speed: 0.0073s/iter; left time: 746.7620s
	iters: 500, epoch: 5 | loss: 0.1409146
	speed: 0.0071s/iter; left time: 726.6625s
	iters: 600, epoch: 5 | loss: 0.1957264
	speed: 0.0074s/iter; left time: 750.8324s
	iters: 700, epoch: 5 | loss: 0.2920314
	speed: 0.0071s/iter; left time: 722.2258s
	iters: 800, epoch: 5 | loss: 0.1365792
	speed: 0.0075s/iter; left time: 761.4093s
	iters: 900, epoch: 5 | loss: 0.1818268
	speed: 0.0074s/iter; left time: 749.0256s
	iters: 1000, epoch: 5 | loss: 0.2096105
	speed: 0.0073s/iter; left time: 744.4606s
Epoch: 5 cost time: 7.772642374038696
Epoch: 5, Steps: 1067 | Train Loss: 0.1806855 Vali Loss: 0.1307878
EarlyStopping counter: 4 out of 6
Updating learning rate to 3.125e-05
	iters: 100, epoch: 6 | loss: 0.1084837
	speed: 0.0233s/iter; left time: 2357.2862s
	iters: 200, epoch: 6 | loss: 0.1192037
	speed: 0.0076s/iter; left time: 764.6324s
	iters: 300, epoch: 6 | loss: 0.1548001
	speed: 0.0071s/iter; left time: 719.6556s
	iters: 400, epoch: 6 | loss: 0.1463186
	speed: 0.0072s/iter; left time: 723.5815s
	iters: 500, epoch: 6 | loss: 0.1394681
	speed: 0.0072s/iter; left time: 721.4006s
	iters: 600, epoch: 6 | loss: 0.1863926
	speed: 0.0072s/iter; left time: 728.1572s
	iters: 700, epoch: 6 | loss: 0.2171157
	speed: 0.0073s/iter; left time: 731.6589s
	iters: 800, epoch: 6 | loss: 0.1147238
	speed: 0.0073s/iter; left time: 730.6456s
	iters: 900, epoch: 6 | loss: 0.2909274
	speed: 0.0073s/iter; left time: 732.2252s
	iters: 1000, epoch: 6 | loss: 0.2557823
	speed: 0.0073s/iter; left time: 727.8977s
Epoch: 6 cost time: 7.782182693481445
Epoch: 6, Steps: 1067 | Train Loss: 0.1783019 Vali Loss: 0.1300079
EarlyStopping counter: 5 out of 6
Updating learning rate to 1.5625e-05
	iters: 100, epoch: 7 | loss: 0.2536485
	speed: 0.0235s/iter; left time: 2350.2968s
	iters: 200, epoch: 7 | loss: 0.2078554
	speed: 0.0073s/iter; left time: 728.8949s
	iters: 300, epoch: 7 | loss: 0.2017083
	speed: 0.0074s/iter; left time: 743.7033s
	iters: 400, epoch: 7 | loss: 0.1470715
	speed: 0.0078s/iter; left time: 775.3299s
	iters: 500, epoch: 7 | loss: 0.1864670
	speed: 0.0076s/iter; left time: 756.6281s
	iters: 600, epoch: 7 | loss: 0.1348833
	speed: 0.0076s/iter; left time: 753.2324s
	iters: 700, epoch: 7 | loss: 0.1590026
	speed: 0.0078s/iter; left time: 775.7896s
	iters: 800, epoch: 7 | loss: 0.2177608
	speed: 0.0075s/iter; left time: 744.0505s
	iters: 900, epoch: 7 | loss: 0.1789654
	speed: 0.0075s/iter; left time: 741.3301s
	iters: 1000, epoch: 7 | loss: 0.1095366
	speed: 0.0076s/iter; left time: 758.0688s
Epoch: 7 cost time: 8.023850202560425
Epoch: 7, Steps: 1067 | Train Loss: 0.1771381 Vali Loss: 0.1295189
EarlyStopping counter: 6 out of 6
Early stopping
VALIDATION_RESULT {"best_epoch": 1, "best_mae": 0.24231817821046767, "best_mse": 0.12354203794081285, "epochs_ran": 7, "metric_version": "element_weighted_v1", "train_duration_seconds": 64.81249939510599, "train_peak_cuda_memory_bytes": 352558592}
>>>>>>>testing : long_term_forecast_ETTm2_336_96_coreabl_ettm2_p96_no_patch_s2022_TimeRole_ETTm2_ftM_sl336_ll48_pl96_dm64_nh8_el1_dl1_df128_expand2_dc2_fc1_ebtimeF_dtTrue_coreabl_ettm2_p96_no_patch_s2022_0<<<<<<<<<<<<<<<<<<<<<<<<<<<<<<<<<
test 11425
EVALUATION_RESULT {"batches": 358, "elapsed_seconds": 1.2696671853773296, "elements": 7677600, "gate_abs_mean": 0.13390912115573883, "gate_max": 0.00959558691829443, "gate_mean": -0.13116751611232758, "gate_min": -0.20573854446411133, "gate_values": [-0.1987004429101944, -0.20573854446411133, -0.11976777762174606, -0.19370073080062866, -0.06535281985998154, 0.00959558691829443, -0.14450792968273163], "mae": 0.261215610363042, "memory_correction_mae": 0.0645774430832143, "memory_correction_rms": 0.12162127682761514, "metric_version": "element_weighted_v1", "milliseconds_per_batch": 3.5465563837355574, "mse": 0.1740407916517497, "origin_count": 11425, "origin_metric_version": "per_forecast_origin_mean_v1", "origin_metrics_path": "/home/cwh/Time-Series-Library/logs/timerole_core_ablation/checkpoints/long_term_forecast_ETTm2_336_96_coreabl_ettm2_p96_no_patch_s2022_TimeRole_ETTm2_ftM_sl336_ll48_pl96_dm64_nh8_el1_dl1_df128_expand2_dc2_fc1_ebtimeF_dtTrue_coreabl_ettm2_p96_no_patch_s2022_0/test_origin_metrics.npz", "parameter_count": 708845, "peak_cuda_memory_bytes": 132526592, "split": "test", "test_accessed": true, "timerole_intervention": "intact"}
mse:0.1740407916517497, mae:0.261215610363042, dtw:Not calculated
