Using GPU
Args in experiment:
[1mBasic Config[0m
  Task Name:          long_term_forecast  Is Training:        1                   
  Model ID:           Weather_336_192_coreabl_weather_p192_no_mamba_s2021Model:              TimeRole            

[1mData Loader[0m
  Data:               custom              Root Path:          /home/cwh/Time-Series-Library/dataset/weather
  Data Path:          weather.csv         Features:           M                   
  Target:             CO2 (ppm)           Freq:               h                   
  Checkpoints:        /home/cwh/Time-Series-Library/logs/timerole_core_ablation/checkpoints

[1mForecasting Task[0m
  Seq Len:            336                 Label Len:          48                  
  Pred Len:           192                 Seasonal Patterns:  Monthly             
  Inverse:            0                   

[1mModel Parameters[0m
  Top k:              5                   Num Kernels:        6                   
  Enc In:             21                  Dec In:             21                  
  C Out:              21                  d model:            64                  
  n heads:            8                   e layers:           1                   
  d layers:           1                   d FF:               128                 
  Moving Avg:         25                  Factor:             1                   
  Distil:             1                   Dropout:            0.1                 
  Embed:              timeF               Activation:         gelu                

[1mRun Parameters[0m
  Num Workers:        0                   Itr:                1                   
  Train Epochs:       100                 Batch Size:         32                  
  Patience:           6                   Learning Rate:      0.0005              
  Des:                coreabl_weather_p192_no_mamba_s2021Loss:               MSE                 
  Lradj:              type1               Use Amp:            0                   

[1mGPU[0m
  Use GPU:            1                   GPU:                0                   
  Use Multi GPU:      0                   Devices:            0,1,2,3             

[1mDe-stationary Projector Params[0m
  P Hidden Dims:      128, 128            P Hidden Layers:    2                   

Use GPU: cuda:0
🚀 Lazy Loading: TimeRole ...
[GraphMamba] Building 21x21 static graph from 2000 training samples
>>>>>>>start training : long_term_forecast_Weather_336_192_coreabl_weather_p192_no_mamba_s2021_TimeRole_custom_ftM_sl336_ll48_pl192_dm64_nh8_el1_dl1_df128_expand2_dc2_fc1_ebtimeF_dtTrue_coreabl_weather_p192_no_mamba_s2021_0>>>>>>>>>>>>>>>>>>>>>>>>>>
train 36360
val 5079
	iters: 100, epoch: 1 | loss: 0.4633796
	speed: 0.0116s/iter; left time: 1313.6781s
	iters: 200, epoch: 1 | loss: 0.5084809
	speed: 0.0054s/iter; left time: 613.4918s
	iters: 300, epoch: 1 | loss: 0.4107159
	speed: 0.0053s/iter; left time: 601.1283s
	iters: 400, epoch: 1 | loss: 0.5128554
	speed: 0.0052s/iter; left time: 583.5332s
	iters: 500, epoch: 1 | loss: 0.4222562
	speed: 0.0051s/iter; left time: 577.4058s
	iters: 600, epoch: 1 | loss: 0.3959328
	speed: 0.0049s/iter; left time: 558.5506s
	iters: 700, epoch: 1 | loss: 0.4595625
	speed: 0.0050s/iter; left time: 559.3651s
	iters: 800, epoch: 1 | loss: 0.4980429
	speed: 0.0049s/iter; left time: 554.4082s
	iters: 900, epoch: 1 | loss: 0.3611121
	speed: 0.0049s/iter; left time: 554.5701s
	iters: 1000, epoch: 1 | loss: 0.4022422
	speed: 0.0051s/iter; left time: 575.5479s
	iters: 1100, epoch: 1 | loss: 0.3571369
	speed: 0.0050s/iter; left time: 567.4314s
Epoch: 1 cost time: 5.9585723876953125
Epoch: 1, Steps: 1137 | Train Loss: 0.5170523 Vali Loss: 0.4796019
Validation loss decreased (inf --> 0.479602).  Saving model ...
Updating learning rate to 0.0005
	iters: 100, epoch: 2 | loss: 0.6050491
	speed: 0.0113s/iter; left time: 1275.5065s
	iters: 200, epoch: 2 | loss: 0.8946740
	speed: 0.0049s/iter; left time: 545.4070s
	iters: 300, epoch: 2 | loss: 0.3758917
	speed: 0.0051s/iter; left time: 574.2150s
	iters: 400, epoch: 2 | loss: 0.4817505
	speed: 0.0053s/iter; left time: 594.0977s
	iters: 500, epoch: 2 | loss: 0.3145632
	speed: 0.0047s/iter; left time: 532.0533s
	iters: 600, epoch: 2 | loss: 0.3618882
	speed: 0.0050s/iter; left time: 562.9003s
	iters: 700, epoch: 2 | loss: 0.4169871
	speed: 0.0052s/iter; left time: 578.7076s
	iters: 800, epoch: 2 | loss: 0.3575021
	speed: 0.0054s/iter; left time: 598.7254s
	iters: 900, epoch: 2 | loss: 0.3313090
	speed: 0.0054s/iter; left time: 599.2805s
	iters: 1000, epoch: 2 | loss: 0.8821013
	speed: 0.0054s/iter; left time: 597.3641s
	iters: 1100, epoch: 2 | loss: 0.3882103
	speed: 0.0055s/iter; left time: 615.2933s
Epoch: 2 cost time: 5.897984027862549
Epoch: 2, Steps: 1137 | Train Loss: 0.4863585 Vali Loss: 0.4792026
Validation loss decreased (0.479602 --> 0.479203).  Saving model ...
Updating learning rate to 0.00025
	iters: 100, epoch: 3 | loss: 0.3336457
	speed: 0.0119s/iter; left time: 1321.2458s
	iters: 200, epoch: 3 | loss: 0.8556578
	speed: 0.0053s/iter; left time: 593.9863s
	iters: 300, epoch: 3 | loss: 0.3399918
	speed: 0.0053s/iter; left time: 589.3527s
	iters: 400, epoch: 3 | loss: 0.4043384
	speed: 0.0057s/iter; left time: 629.6371s
	iters: 500, epoch: 3 | loss: 0.8775676
	speed: 0.0053s/iter; left time: 588.4938s
	iters: 600, epoch: 3 | loss: 0.2655577
	speed: 0.0055s/iter; left time: 612.3882s
	iters: 700, epoch: 3 | loss: 0.3982747
	speed: 0.0053s/iter; left time: 582.7971s
	iters: 800, epoch: 3 | loss: 0.4015470
	speed: 0.0052s/iter; left time: 580.7156s
	iters: 900, epoch: 3 | loss: 0.4864349
	speed: 0.0054s/iter; left time: 596.5572s
	iters: 1000, epoch: 3 | loss: 0.4066918
	speed: 0.0056s/iter; left time: 613.0558s
	iters: 1100, epoch: 3 | loss: 0.3851935
	speed: 0.0055s/iter; left time: 607.1604s
Epoch: 3 cost time: 6.178118944168091
Epoch: 3, Steps: 1137 | Train Loss: 0.4802872 Vali Loss: 0.4762322
Validation loss decreased (0.479203 --> 0.476232).  Saving model ...
Updating learning rate to 0.000125
	iters: 100, epoch: 4 | loss: 0.8558587
	speed: 0.0119s/iter; left time: 1313.4011s
	iters: 200, epoch: 4 | loss: 0.4188075
	speed: 0.0055s/iter; left time: 610.8725s
	iters: 300, epoch: 4 | loss: 0.9162910
	speed: 0.0051s/iter; left time: 557.1125s
	iters: 400, epoch: 4 | loss: 0.3854689
	speed: 0.0051s/iter; left time: 560.4909s
	iters: 500, epoch: 4 | loss: 0.4103505
	speed: 0.0056s/iter; left time: 611.1538s
	iters: 600, epoch: 4 | loss: 0.4171668
	speed: 0.0054s/iter; left time: 592.8432s
	iters: 700, epoch: 4 | loss: 0.3306837
	speed: 0.0054s/iter; left time: 592.1183s
	iters: 800, epoch: 4 | loss: 0.7877504
	speed: 0.0053s/iter; left time: 583.9691s
	iters: 900, epoch: 4 | loss: 0.4006687
	speed: 0.0051s/iter; left time: 559.6646s
	iters: 1000, epoch: 4 | loss: 0.5261069
	speed: 0.0055s/iter; left time: 605.8792s
	iters: 1100, epoch: 4 | loss: 0.3535012
	speed: 0.0059s/iter; left time: 644.0871s
Epoch: 4 cost time: 6.122076034545898
Epoch: 4, Steps: 1137 | Train Loss: 0.4776086 Vali Loss: 0.4697222
Validation loss decreased (0.476232 --> 0.469722).  Saving model ...
Updating learning rate to 6.25e-05
	iters: 100, epoch: 5 | loss: 0.3772599
	speed: 0.0117s/iter; left time: 1276.7454s
	iters: 200, epoch: 5 | loss: 0.3398132
	speed: 0.0052s/iter; left time: 565.5030s
	iters: 300, epoch: 5 | loss: 0.3955452
	speed: 0.0056s/iter; left time: 607.5436s
	iters: 400, epoch: 5 | loss: 0.3087614
	speed: 0.0053s/iter; left time: 577.2323s
	iters: 500, epoch: 5 | loss: 0.3521209
	speed: 0.0055s/iter; left time: 595.7183s
	iters: 600, epoch: 5 | loss: 0.3762068
	speed: 0.0056s/iter; left time: 605.7667s
	iters: 700, epoch: 5 | loss: 0.3339245
	speed: 0.0052s/iter; left time: 567.7817s
	iters: 800, epoch: 5 | loss: 0.8067325
	speed: 0.0053s/iter; left time: 579.1684s
	iters: 900, epoch: 5 | loss: 0.3160353
	speed: 0.0053s/iter; left time: 573.6642s
	iters: 1000, epoch: 5 | loss: 0.3499111
	speed: 0.0053s/iter; left time: 569.2499s
	iters: 1100, epoch: 5 | loss: 0.4390033
	speed: 0.0051s/iter; left time: 547.7403s
Epoch: 5 cost time: 6.062041282653809
Epoch: 5, Steps: 1137 | Train Loss: 0.4761441 Vali Loss: 0.4689836
Validation loss decreased (0.469722 --> 0.468984).  Saving model ...
Updating learning rate to 3.125e-05
	iters: 100, epoch: 6 | loss: 0.3204323
	speed: 0.0126s/iter; left time: 1361.5439s
	iters: 200, epoch: 6 | loss: 0.8139805
	speed: 0.0052s/iter; left time: 561.5233s
	iters: 300, epoch: 6 | loss: 0.4013329
	speed: 0.0054s/iter; left time: 578.2017s
	iters: 400, epoch: 6 | loss: 0.4560422
	speed: 0.0051s/iter; left time: 553.6170s
	iters: 500, epoch: 6 | loss: 0.9078394
	speed: 0.0049s/iter; left time: 523.4165s
	iters: 600, epoch: 6 | loss: 1.1304880
	speed: 0.0052s/iter; left time: 563.1128s
	iters: 700, epoch: 6 | loss: 0.4798461
	speed: 0.0053s/iter; left time: 566.8975s
	iters: 800, epoch: 6 | loss: 0.3857026
	speed: 0.0052s/iter; left time: 552.3202s
	iters: 900, epoch: 6 | loss: 0.3491146
	speed: 0.0050s/iter; left time: 539.8337s
	iters: 1000, epoch: 6 | loss: 0.3812048
	speed: 0.0052s/iter; left time: 553.9794s
	iters: 1100, epoch: 6 | loss: 0.3657894
	speed: 0.0051s/iter; left time: 546.2767s
Epoch: 6 cost time: 5.942882299423218
Epoch: 6, Steps: 1137 | Train Loss: 0.4754904 Vali Loss: 0.4694590
EarlyStopping counter: 1 out of 6
Updating learning rate to 1.5625e-05
	iters: 100, epoch: 7 | loss: 0.3938026
	speed: 0.0117s/iter; left time: 1245.9903s
	iters: 200, epoch: 7 | loss: 0.5020986
	speed: 0.0050s/iter; left time: 528.3598s
	iters: 300, epoch: 7 | loss: 0.4212709
	speed: 0.0053s/iter; left time: 565.4381s
	iters: 400, epoch: 7 | loss: 0.2949372
	speed: 0.0053s/iter; left time: 559.7937s
	iters: 500, epoch: 7 | loss: 0.8540033
	speed: 0.0050s/iter; left time: 529.8018s
	iters: 600, epoch: 7 | loss: 0.4392504
	speed: 0.0050s/iter; left time: 527.1784s
	iters: 700, epoch: 7 | loss: 0.3770971
	speed: 0.0049s/iter; left time: 525.0082s
	iters: 800, epoch: 7 | loss: 0.5380000
	speed: 0.0051s/iter; left time: 541.1989s
	iters: 900, epoch: 7 | loss: 0.3655894
	speed: 0.0051s/iter; left time: 535.4225s
	iters: 1000, epoch: 7 | loss: 0.4259419
	speed: 0.0051s/iter; left time: 535.9548s
	iters: 1100, epoch: 7 | loss: 0.3621474
	speed: 0.0053s/iter; left time: 560.8007s
Epoch: 7 cost time: 5.806905269622803
Epoch: 7, Steps: 1137 | Train Loss: 0.4753062 Vali Loss: 0.4684423
Validation loss decreased (0.468984 --> 0.468442).  Saving model ...
Updating learning rate to 7.8125e-06
	iters: 100, epoch: 8 | loss: 0.8980634
	speed: 0.0113s/iter; left time: 1195.9100s
	iters: 200, epoch: 8 | loss: 0.4017257
	speed: 0.0055s/iter; left time: 578.4973s
	iters: 300, epoch: 8 | loss: 0.3112014
	speed: 0.0055s/iter; left time: 576.2050s
	iters: 400, epoch: 8 | loss: 0.3648930
	speed: 0.0059s/iter; left time: 619.8983s
	iters: 500, epoch: 8 | loss: 0.4685105
	speed: 0.0050s/iter; left time: 525.7102s
	iters: 600, epoch: 8 | loss: 0.3791207
	speed: 0.0051s/iter; left time: 537.3412s
	iters: 700, epoch: 8 | loss: 0.4211804
	speed: 0.0053s/iter; left time: 558.5443s
	iters: 800, epoch: 8 | loss: 0.4050569
	speed: 0.0050s/iter; left time: 529.1193s
	iters: 900, epoch: 8 | loss: 0.3541060
	speed: 0.0050s/iter; left time: 519.0618s
	iters: 1000, epoch: 8 | loss: 0.5376915
	speed: 0.0052s/iter; left time: 539.4486s
	iters: 1100, epoch: 8 | loss: 0.3814290
	speed: 0.0051s/iter; left time: 533.2461s
Epoch: 8 cost time: 5.932199001312256
Epoch: 8, Steps: 1137 | Train Loss: 0.4750603 Vali Loss: 0.4685584
EarlyStopping counter: 1 out of 6
Updating learning rate to 3.90625e-06
	iters: 100, epoch: 9 | loss: 0.4279962
	speed: 0.0111s/iter; left time: 1155.7473s
	iters: 200, epoch: 9 | loss: 0.8498078
	speed: 0.0050s/iter; left time: 525.8459s
	iters: 300, epoch: 9 | loss: 0.9634998
	speed: 0.0054s/iter; left time: 566.2627s
	iters: 400, epoch: 9 | loss: 0.4152816
	speed: 0.0050s/iter; left time: 522.8908s
	iters: 500, epoch: 9 | loss: 0.3395092
	speed: 0.0051s/iter; left time: 533.5940s
	iters: 600, epoch: 9 | loss: 0.3104801
	speed: 0.0049s/iter; left time: 510.3077s
	iters: 700, epoch: 9 | loss: 0.3443084
	speed: 0.0050s/iter; left time: 516.8897s
	iters: 800, epoch: 9 | loss: 0.7686103
	speed: 0.0054s/iter; left time: 563.0172s
	iters: 900, epoch: 9 | loss: 0.3924102
	speed: 0.0051s/iter; left time: 527.1276s
	iters: 1000, epoch: 9 | loss: 0.4756333
	speed: 0.0051s/iter; left time: 526.0552s
	iters: 1100, epoch: 9 | loss: 0.8915867
	speed: 0.0054s/iter; left time: 560.8600s
Epoch: 9 cost time: 5.850334167480469
Epoch: 9, Steps: 1137 | Train Loss: 0.4746994 Vali Loss: 0.4682558
Validation loss decreased (0.468442 --> 0.468256).  Saving model ...
Updating learning rate to 1.953125e-06
	iters: 100, epoch: 10 | loss: 0.6347712
	speed: 0.0115s/iter; left time: 1189.3534s
	iters: 200, epoch: 10 | loss: 0.4319440
	speed: 0.0049s/iter; left time: 509.5306s
	iters: 300, epoch: 10 | loss: 0.4763901
	speed: 0.0050s/iter; left time: 519.2558s
	iters: 400, epoch: 10 | loss: 0.3480938
	speed: 0.0051s/iter; left time: 525.1966s
	iters: 500, epoch: 10 | loss: 0.3600847
	speed: 0.0049s/iter; left time: 508.1972s
	iters: 600, epoch: 10 | loss: 0.2986081
	speed: 0.0049s/iter; left time: 505.1049s
	iters: 700, epoch: 10 | loss: 0.4451808
	speed: 0.0053s/iter; left time: 541.3087s
	iters: 800, epoch: 10 | loss: 0.9127364
	speed: 0.0052s/iter; left time: 534.1504s
	iters: 900, epoch: 10 | loss: 0.9936895
	speed: 0.0049s/iter; left time: 497.8645s
	iters: 1000, epoch: 10 | loss: 1.3890982
	speed: 0.0049s/iter; left time: 505.2369s
	iters: 1100, epoch: 10 | loss: 0.3282236
	speed: 0.0050s/iter; left time: 509.6751s
Epoch: 10 cost time: 5.709151744842529
Epoch: 10, Steps: 1137 | Train Loss: 0.4749755 Vali Loss: 0.4682464
Validation loss decreased (0.468256 --> 0.468246).  Saving model ...
Updating learning rate to 9.765625e-07
	iters: 100, epoch: 11 | loss: 0.3833138
	speed: 0.0112s/iter; left time: 1143.2890s
	iters: 200, epoch: 11 | loss: 0.3110585
	speed: 0.0051s/iter; left time: 519.1680s
	iters: 300, epoch: 11 | loss: 0.6329035
	speed: 0.0051s/iter; left time: 515.5303s
	iters: 400, epoch: 11 | loss: 0.4385334
	speed: 0.0054s/iter; left time: 549.6349s
	iters: 500, epoch: 11 | loss: 0.4241203
	speed: 0.0049s/iter; left time: 500.5243s
	iters: 600, epoch: 11 | loss: 0.3675242
	speed: 0.0049s/iter; left time: 499.8986s
	iters: 700, epoch: 11 | loss: 0.3621826
	speed: 0.0049s/iter; left time: 493.0486s
	iters: 800, epoch: 11 | loss: 0.4051189
	speed: 0.0052s/iter; left time: 527.1950s
	iters: 900, epoch: 11 | loss: 0.3901333
	speed: 0.0051s/iter; left time: 512.3768s
	iters: 1000, epoch: 11 | loss: 0.3938912
	speed: 0.0050s/iter; left time: 505.2248s
	iters: 1100, epoch: 11 | loss: 0.3105488
	speed: 0.0050s/iter; left time: 504.9883s
Epoch: 11 cost time: 5.753727912902832
Epoch: 11, Steps: 1137 | Train Loss: 0.4745796 Vali Loss: 0.4682141
Validation loss decreased (0.468246 --> 0.468214).  Saving model ...
Updating learning rate to 4.8828125e-07
	iters: 100, epoch: 12 | loss: 0.5788198
	speed: 0.0114s/iter; left time: 1153.0897s
	iters: 200, epoch: 12 | loss: 0.4406942
	speed: 0.0051s/iter; left time: 512.5532s
	iters: 300, epoch: 12 | loss: 0.4297394
	speed: 0.0051s/iter; left time: 516.2151s
	iters: 400, epoch: 12 | loss: 0.8131201
	speed: 0.0052s/iter; left time: 519.8359s
	iters: 500, epoch: 12 | loss: 0.2786319
	speed: 0.0049s/iter; left time: 495.3298s
	iters: 600, epoch: 12 | loss: 0.3375847
	speed: 0.0049s/iter; left time: 492.1489s
	iters: 700, epoch: 12 | loss: 0.3923858
	speed: 0.0053s/iter; left time: 531.8807s
	iters: 800, epoch: 12 | loss: 0.3940229
	speed: 0.0053s/iter; left time: 531.0704s
	iters: 900, epoch: 12 | loss: 0.8122216
	speed: 0.0047s/iter; left time: 470.1360s
	iters: 1000, epoch: 12 | loss: 0.4678003
	speed: 0.0050s/iter; left time: 499.2097s
	iters: 1100, epoch: 12 | loss: 0.3664779
	speed: 0.0050s/iter; left time: 500.3099s
Epoch: 12 cost time: 5.712545871734619
Epoch: 12, Steps: 1137 | Train Loss: 0.4746640 Vali Loss: 0.4682233
EarlyStopping counter: 1 out of 6
Updating learning rate to 2.44140625e-07
	iters: 100, epoch: 13 | loss: 0.3792799
	speed: 0.0112s/iter; left time: 1116.5968s
	iters: 200, epoch: 13 | loss: 0.3725366
	speed: 0.0049s/iter; left time: 488.2244s
	iters: 300, epoch: 13 | loss: 0.8320559
	speed: 0.0050s/iter; left time: 496.6411s
	iters: 400, epoch: 13 | loss: 0.3867863
	speed: 0.0053s/iter; left time: 524.3168s
	iters: 500, epoch: 13 | loss: 0.4428602
	speed: 0.0051s/iter; left time: 511.8651s
	iters: 600, epoch: 13 | loss: 0.4973187
	speed: 0.0049s/iter; left time: 490.1561s
	iters: 700, epoch: 13 | loss: 0.3523074
	speed: 0.0051s/iter; left time: 509.6405s
	iters: 800, epoch: 13 | loss: 0.3824068
	speed: 0.0053s/iter; left time: 530.2377s
	iters: 900, epoch: 13 | loss: 0.3713464
	speed: 0.0048s/iter; left time: 476.0950s
	iters: 1000, epoch: 13 | loss: 0.3514772
	speed: 0.0049s/iter; left time: 486.8391s
	iters: 1100, epoch: 13 | loss: 0.4643818
	speed: 0.0052s/iter; left time: 509.9639s
Epoch: 13 cost time: 5.7392189502716064
Epoch: 13, Steps: 1137 | Train Loss: 0.4747505 Vali Loss: 0.4682155
EarlyStopping counter: 2 out of 6
Updating learning rate to 1.220703125e-07
	iters: 100, epoch: 14 | loss: 0.5508484
	speed: 0.0110s/iter; left time: 1087.1698s
	iters: 200, epoch: 14 | loss: 0.4223643
	speed: 0.0051s/iter; left time: 502.3952s
	iters: 300, epoch: 14 | loss: 0.4212895
	speed: 0.0050s/iter; left time: 496.5263s
	iters: 400, epoch: 14 | loss: 0.4757840
	speed: 0.0049s/iter; left time: 487.0728s
	iters: 500, epoch: 14 | loss: 0.4281841
	speed: 0.0053s/iter; left time: 521.5183s
	iters: 600, epoch: 14 | loss: 0.5481316
	speed: 0.0050s/iter; left time: 494.6244s
	iters: 700, epoch: 14 | loss: 0.3746333
	speed: 0.0050s/iter; left time: 492.2468s
	iters: 800, epoch: 14 | loss: 0.3158130
	speed: 0.0051s/iter; left time: 495.9478s
	iters: 900, epoch: 14 | loss: 0.6560413
	speed: 0.0053s/iter; left time: 519.2206s
	iters: 1000, epoch: 14 | loss: 0.3354496
	speed: 0.0051s/iter; left time: 495.5098s
	iters: 1100, epoch: 14 | loss: 0.4228477
	speed: 0.0051s/iter; left time: 497.8791s
Epoch: 14 cost time: 5.7987470626831055
Epoch: 14, Steps: 1137 | Train Loss: 0.4748320 Vali Loss: 0.4682185
EarlyStopping counter: 3 out of 6
Updating learning rate to 6.103515625e-08
	iters: 100, epoch: 15 | loss: 0.7964467
	speed: 0.0116s/iter; left time: 1128.4540s
	iters: 200, epoch: 15 | loss: 0.5022994
	speed: 0.0052s/iter; left time: 507.5930s
	iters: 300, epoch: 15 | loss: 0.3941737
	speed: 0.0053s/iter; left time: 517.0127s
	iters: 400, epoch: 15 | loss: 0.3766214
	speed: 0.0052s/iter; left time: 504.9888s
	iters: 500, epoch: 15 | loss: 0.2997096
	speed: 0.0053s/iter; left time: 516.6719s
	iters: 600, epoch: 15 | loss: 0.5469363
	speed: 0.0052s/iter; left time: 501.2887s
	iters: 700, epoch: 15 | loss: 0.3804177
	speed: 0.0052s/iter; left time: 507.1469s
	iters: 800, epoch: 15 | loss: 0.3763285
	speed: 0.0051s/iter; left time: 494.8008s
	iters: 900, epoch: 15 | loss: 1.3770500
	speed: 0.0050s/iter; left time: 482.1917s
	iters: 1000, epoch: 15 | loss: 0.3209554
	speed: 0.0051s/iter; left time: 491.2583s
	iters: 1100, epoch: 15 | loss: 0.3126795
	speed: 0.0051s/iter; left time: 494.5618s
Epoch: 15 cost time: 5.8942694664001465
Epoch: 15, Steps: 1137 | Train Loss: 0.4748194 Vali Loss: 0.4682187
EarlyStopping counter: 4 out of 6
Updating learning rate to 3.0517578125e-08
	iters: 100, epoch: 16 | loss: 0.4091930
	speed: 0.0117s/iter; left time: 1131.0414s
	iters: 200, epoch: 16 | loss: 0.3499239
	speed: 0.0051s/iter; left time: 488.8708s
	iters: 300, epoch: 16 | loss: 0.4005016
	speed: 0.0048s/iter; left time: 462.4176s
	iters: 400, epoch: 16 | loss: 0.3918155
	speed: 0.0051s/iter; left time: 493.7610s
	iters: 500, epoch: 16 | loss: 0.4069125
	speed: 0.0050s/iter; left time: 483.7008s
	iters: 600, epoch: 16 | loss: 0.4215433
	speed: 0.0051s/iter; left time: 485.6647s
	iters: 700, epoch: 16 | loss: 0.5305212
	speed: 0.0049s/iter; left time: 469.1040s
	iters: 800, epoch: 16 | loss: 0.2747391
	speed: 0.0057s/iter; left time: 543.2552s
	iters: 900, epoch: 16 | loss: 0.3251366
	speed: 0.0056s/iter; left time: 536.4271s
	iters: 1000, epoch: 16 | loss: 0.3700690
	speed: 0.0053s/iter; left time: 511.6688s
	iters: 1100, epoch: 16 | loss: 0.3770030
	speed: 0.0053s/iter; left time: 503.4761s
Epoch: 16 cost time: 5.922449350357056
Epoch: 16, Steps: 1137 | Train Loss: 0.4748325 Vali Loss: 0.4682189
EarlyStopping counter: 5 out of 6
Updating learning rate to 1.52587890625e-08
	iters: 100, epoch: 17 | loss: 0.5948432
	speed: 0.0121s/iter; left time: 1150.0225s
	iters: 200, epoch: 17 | loss: 0.4470648
	speed: 0.0054s/iter; left time: 513.4488s
	iters: 300, epoch: 17 | loss: 0.3454919
	speed: 0.0050s/iter; left time: 477.2095s
	iters: 400, epoch: 17 | loss: 0.3365085
	speed: 0.0052s/iter; left time: 490.3622s
	iters: 500, epoch: 17 | loss: 0.4279171
	speed: 0.0056s/iter; left time: 528.2494s
	iters: 600, epoch: 17 | loss: 0.4621356
	speed: 0.0054s/iter; left time: 514.5102s
	iters: 700, epoch: 17 | loss: 0.2879201
	speed: 0.0054s/iter; left time: 514.0873s
	iters: 800, epoch: 17 | loss: 0.4450764
	speed: 0.0051s/iter; left time: 487.5927s
	iters: 900, epoch: 17 | loss: 0.7488264
	speed: 0.0050s/iter; left time: 470.9885s
	iters: 1000, epoch: 17 | loss: 0.3596817
	speed: 0.0050s/iter; left time: 475.4555s
	iters: 1100, epoch: 17 | loss: 0.2752872
	speed: 0.0049s/iter; left time: 466.3345s
Epoch: 17 cost time: 5.929356098175049
Epoch: 17, Steps: 1137 | Train Loss: 0.4747420 Vali Loss: 0.4682193
EarlyStopping counter: 6 out of 6
Early stopping
VALIDATION_RESULT {"best_epoch": 11, "best_mae": 0.32367719343646184, "best_mse": 0.46821405506874075, "epochs_ran": 17, "metric_version": "element_weighted_v1", "train_duration_seconds": 108.69614875689149, "train_peak_cuda_memory_bytes": 318383104}
>>>>>>>testing : long_term_forecast_Weather_336_192_coreabl_weather_p192_no_mamba_s2021_TimeRole_custom_ftM_sl336_ll48_pl192_dm64_nh8_el1_dl1_df128_expand2_dc2_fc1_ebtimeF_dtTrue_coreabl_weather_p192_no_mamba_s2021_0<<<<<<<<<<<<<<<<<<<<<<<<<<<<<<<<<
test 10348
EVALUATION_RESULT {"batches": 324, "elapsed_seconds": 0.9371553678065538, "elements": 41723136, "gate_abs_mean": 0.15503744781017303, "gate_max": 0.27400943636894226, "gate_mean": 0.15503744781017303, "gate_min": 0.0018467287300154567, "gate_values": [0.0847434252500534, 0.21724039316177368, 0.21671712398529053, 0.10731206089258194, 0.22159628570079803, 0.22784258425235748, 0.12438402324914932, 0.23526671528816223, 0.12299507111310959, 0.1231357604265213, 0.1940843015909195, 0.0018467287300154567, 0.191237673163414, 0.08755163848400116, 0.019677411764860153, 0.02363767847418785, 0.27211084961891174, 0.27275794744491577, 0.27400943636894226, 0.23021012544631958, 0.0074291224591434], "mae": 0.24800511696035535, "memory_correction_mae": 0.10197236709219766, "memory_correction_rms": 0.16505106614905918, "metric_version": "element_weighted_v1", "milliseconds_per_batch": 2.8924548389091167, "mse": 0.20403640081129087, "origin_count": 10348, "origin_metric_version": "per_forecast_origin_mean_v1", "origin_metrics_path": "/home/cwh/Time-Series-Library/logs/timerole_core_ablation/checkpoints/long_term_forecast_Weather_336_192_coreabl_weather_p192_no_mamba_s2021_TimeRole_custom_ftM_sl336_ll48_pl192_dm64_nh8_el1_dl1_df128_expand2_dc2_fc1_ebtimeF_dtTrue_coreabl_weather_p192_no_mamba_s2021_0/test_origin_metrics.npz", "parameter_count": 1808263, "peak_cuda_memory_bytes": 190913536, "split": "test", "test_accessed": true, "timerole_intervention": "intact"}
mse:0.20403640081129087, mae:0.24800511696035535, dtw:Not calculated
