Using GPU
Args in experiment:
[1mBasic Config[0m
  Task Name:          long_term_forecast  Is Training:        1                   
  Model ID:           ETTm1_336_192_coreabl_ettm1_p192_no_graph_s2021Model:              TimeRole            

[1mData Loader[0m
  Data:               ETTm1               Root Path:          /home/cwh/Time-Series-Library/dataset/ETT-small
  Data Path:          ETTm1.csv           Features:           M                   
  Target:             OT                  Freq:               h                   
  Checkpoints:        /home/cwh/Time-Series-Library/logs/timerole_core_ablation/checkpoints

[1mForecasting Task[0m
  Seq Len:            336                 Label Len:          48                  
  Pred Len:           192                 Seasonal Patterns:  Monthly             
  Inverse:            0                   

[1mModel Parameters[0m
  Top k:              5                   Num Kernels:        6                   
  Enc In:             7                   Dec In:             7                   
  C Out:              7                   d model:            64                  
  n heads:            8                   e layers:           1                   
  d layers:           1                   d FF:               128                 
  Moving Avg:         25                  Factor:             1                   
  Distil:             1                   Dropout:            0.1                 
  Embed:              timeF               Activation:         gelu                

[1mRun Parameters[0m
  Num Workers:        0                   Itr:                1                   
  Train Epochs:       100                 Batch Size:         32                  
  Patience:           6                   Learning Rate:      0.0005              
  Des:                coreabl_ettm1_p192_no_graph_s2021Loss:               MSE                 
  Lradj:              type1               Use Amp:            0                   

[1mGPU[0m
  Use GPU:            1                   GPU:                0                   
  Use Multi GPU:      0                   Devices:            0,1,2,3             

[1mDe-stationary Projector Params[0m
  P Hidden Dims:      128, 128            P Hidden Layers:    2                   

Use GPU: cuda:0
🚀 Lazy Loading: TimeRole ...
>>>>>>>start training : long_term_forecast_ETTm1_336_192_coreabl_ettm1_p192_no_graph_s2021_TimeRole_ETTm1_ftM_sl336_ll48_pl192_dm64_nh8_el1_dl1_df128_expand2_dc2_fc1_ebtimeF_dtTrue_coreabl_ettm1_p192_no_graph_s2021_0>>>>>>>>>>>>>>>>>>>>>>>>>>
train 34033
val 11329
	iters: 100, epoch: 1 | loss: 0.3634170
	speed: 0.0127s/iter; left time: 1348.4638s
	iters: 200, epoch: 1 | loss: 0.3396547
	speed: 0.0104s/iter; left time: 1103.3841s
	iters: 300, epoch: 1 | loss: 0.3879060
	speed: 0.0105s/iter; left time: 1119.2983s
	iters: 400, epoch: 1 | loss: 0.3305226
	speed: 0.0104s/iter; left time: 1106.6850s
	iters: 500, epoch: 1 | loss: 0.3451856
	speed: 0.0100s/iter; left time: 1063.4290s
	iters: 600, epoch: 1 | loss: 0.3244497
	speed: 0.0102s/iter; left time: 1083.8209s
	iters: 700, epoch: 1 | loss: 0.3450245
	speed: 0.0102s/iter; left time: 1078.6114s
	iters: 800, epoch: 1 | loss: 0.3309257
	speed: 0.0104s/iter; left time: 1094.6160s
	iters: 900, epoch: 1 | loss: 0.4084823
	speed: 0.0101s/iter; left time: 1060.8529s
	iters: 1000, epoch: 1 | loss: 0.3286839
	speed: 0.0104s/iter; left time: 1092.8349s
Epoch: 1 cost time: 11.198141098022461
Epoch: 1, Steps: 1064 | Train Loss: 0.3630854 Vali Loss: 0.5182008
Validation loss decreased (inf --> 0.518201).  Saving model ...
Updating learning rate to 0.0005
	iters: 100, epoch: 2 | loss: 0.3148132
	speed: 0.0319s/iter; left time: 3354.0036s
	iters: 200, epoch: 2 | loss: 0.2874536
	speed: 0.0103s/iter; left time: 1078.7365s
	iters: 300, epoch: 2 | loss: 0.3285748
	speed: 0.0104s/iter; left time: 1092.7649s
	iters: 400, epoch: 2 | loss: 0.3061729
	speed: 0.0102s/iter; left time: 1065.4104s
	iters: 500, epoch: 2 | loss: 0.4240136
	speed: 0.0103s/iter; left time: 1074.9780s
	iters: 600, epoch: 2 | loss: 0.3470387
	speed: 0.0103s/iter; left time: 1083.5518s
	iters: 700, epoch: 2 | loss: 0.2781360
	speed: 0.0103s/iter; left time: 1080.3257s
	iters: 800, epoch: 2 | loss: 0.2632175
	speed: 0.0104s/iter; left time: 1085.9981s
	iters: 900, epoch: 2 | loss: 0.2662384
	speed: 0.0101s/iter; left time: 1051.8319s
	iters: 1000, epoch: 2 | loss: 0.2425081
	speed: 0.0102s/iter; left time: 1065.1583s
Epoch: 2 cost time: 10.931090831756592
Epoch: 2, Steps: 1064 | Train Loss: 0.3031222 Vali Loss: 0.4923825
Validation loss decreased (0.518201 --> 0.492382).  Saving model ...
Updating learning rate to 0.00025
	iters: 100, epoch: 3 | loss: 0.2970660
	speed: 0.0322s/iter; left time: 3350.3121s
	iters: 200, epoch: 3 | loss: 0.3061606
	speed: 0.0103s/iter; left time: 1074.4481s
	iters: 300, epoch: 3 | loss: 0.2735563
	speed: 0.0101s/iter; left time: 1055.0442s
	iters: 400, epoch: 3 | loss: 0.3071396
	speed: 0.0104s/iter; left time: 1080.8881s
	iters: 500, epoch: 3 | loss: 0.2896285
	speed: 0.0103s/iter; left time: 1064.4037s
	iters: 600, epoch: 3 | loss: 0.2360707
	speed: 0.0102s/iter; left time: 1060.9856s
	iters: 700, epoch: 3 | loss: 0.2651572
	speed: 0.0099s/iter; left time: 1030.4853s
	iters: 800, epoch: 3 | loss: 0.2805046
	speed: 0.0104s/iter; left time: 1075.1931s
	iters: 900, epoch: 3 | loss: 0.2859010
	speed: 0.0104s/iter; left time: 1078.2656s
	iters: 1000, epoch: 3 | loss: 0.2707317
	speed: 0.0106s/iter; left time: 1098.5422s
Epoch: 3 cost time: 10.954188585281372
Epoch: 3, Steps: 1064 | Train Loss: 0.2909145 Vali Loss: 0.4922486
Validation loss decreased (0.492382 --> 0.492249).  Saving model ...
Updating learning rate to 0.000125
	iters: 100, epoch: 4 | loss: 0.3052377
	speed: 0.0323s/iter; left time: 3334.3651s
	iters: 200, epoch: 4 | loss: 0.2728629
	speed: 0.0102s/iter; left time: 1051.2230s
	iters: 300, epoch: 4 | loss: 0.2513211
	speed: 0.0104s/iter; left time: 1075.3429s
	iters: 400, epoch: 4 | loss: 0.2720732
	speed: 0.0104s/iter; left time: 1071.2637s
	iters: 500, epoch: 4 | loss: 0.2717238
	speed: 0.0101s/iter; left time: 1039.9612s
	iters: 600, epoch: 4 | loss: 0.3242466
	speed: 0.0103s/iter; left time: 1058.7214s
	iters: 700, epoch: 4 | loss: 0.2275658
	speed: 0.0104s/iter; left time: 1065.3222s
	iters: 800, epoch: 4 | loss: 0.3587978
	speed: 0.0104s/iter; left time: 1062.4191s
	iters: 900, epoch: 4 | loss: 0.2762246
	speed: 0.0102s/iter; left time: 1039.7322s
	iters: 1000, epoch: 4 | loss: 0.2363659
	speed: 0.0103s/iter; left time: 1047.9455s
Epoch: 4 cost time: 10.94254755973816
Epoch: 4, Steps: 1064 | Train Loss: 0.2861430 Vali Loss: 0.4878139
Validation loss decreased (0.492249 --> 0.487814).  Saving model ...
Updating learning rate to 6.25e-05
	iters: 100, epoch: 5 | loss: 0.2947177
	speed: 0.0319s/iter; left time: 3253.4717s
	iters: 200, epoch: 5 | loss: 0.2130432
	speed: 0.0106s/iter; left time: 1078.5053s
	iters: 300, epoch: 5 | loss: 0.2386873
	speed: 0.0104s/iter; left time: 1060.5997s
	iters: 400, epoch: 5 | loss: 0.2746652
	speed: 0.0106s/iter; left time: 1075.1802s
	iters: 500, epoch: 5 | loss: 0.3281987
	speed: 0.0105s/iter; left time: 1067.4443s
	iters: 600, epoch: 5 | loss: 0.2573703
	speed: 0.0104s/iter; left time: 1052.1859s
	iters: 700, epoch: 5 | loss: 0.2974031
	speed: 0.0105s/iter; left time: 1068.9603s
	iters: 800, epoch: 5 | loss: 0.2912628
	speed: 0.0107s/iter; left time: 1085.4507s
	iters: 900, epoch: 5 | loss: 0.2836536
	speed: 0.0106s/iter; left time: 1077.2286s
	iters: 1000, epoch: 5 | loss: 0.2311493
	speed: 0.0107s/iter; left time: 1080.9058s
Epoch: 5 cost time: 11.178409576416016
Epoch: 5, Steps: 1064 | Train Loss: 0.2834467 Vali Loss: 0.4864330
Validation loss decreased (0.487814 --> 0.486433).  Saving model ...
Updating learning rate to 3.125e-05
	iters: 100, epoch: 6 | loss: 0.2694187
	speed: 0.0320s/iter; left time: 3234.4470s
	iters: 200, epoch: 6 | loss: 0.3175749
	speed: 0.0101s/iter; left time: 1021.7764s
	iters: 300, epoch: 6 | loss: 0.2979314
	speed: 0.0103s/iter; left time: 1041.9676s
	iters: 400, epoch: 6 | loss: 0.2339279
	speed: 0.0106s/iter; left time: 1068.8074s
	iters: 500, epoch: 6 | loss: 0.2895701
	speed: 0.0105s/iter; left time: 1056.9554s
	iters: 600, epoch: 6 | loss: 0.3246755
	speed: 0.0103s/iter; left time: 1035.4806s
	iters: 700, epoch: 6 | loss: 0.3656668
	speed: 0.0104s/iter; left time: 1047.0375s
	iters: 800, epoch: 6 | loss: 0.2167280
	speed: 0.0105s/iter; left time: 1050.6265s
	iters: 900, epoch: 6 | loss: 0.2819549
	speed: 0.0103s/iter; left time: 1028.3560s
	iters: 1000, epoch: 6 | loss: 0.3076862
	speed: 0.0104s/iter; left time: 1043.9820s
Epoch: 6 cost time: 11.02687406539917
Epoch: 6, Steps: 1064 | Train Loss: 0.2819255 Vali Loss: 0.4880935
EarlyStopping counter: 1 out of 6
Updating learning rate to 1.5625e-05
	iters: 100, epoch: 7 | loss: 0.2501260
	speed: 0.0322s/iter; left time: 3216.6378s
	iters: 200, epoch: 7 | loss: 0.2898546
	speed: 0.0103s/iter; left time: 1024.9570s
	iters: 300, epoch: 7 | loss: 0.2601143
	speed: 0.0105s/iter; left time: 1050.9705s
	iters: 400, epoch: 7 | loss: 0.2966491
	speed: 0.0106s/iter; left time: 1058.8330s
	iters: 500, epoch: 7 | loss: 0.2505538
	speed: 0.0108s/iter; left time: 1077.9022s
	iters: 600, epoch: 7 | loss: 0.2591961
	speed: 0.0103s/iter; left time: 1025.2928s
	iters: 700, epoch: 7 | loss: 0.3645698
	speed: 0.0104s/iter; left time: 1029.2523s
	iters: 800, epoch: 7 | loss: 0.2675328
	speed: 0.0104s/iter; left time: 1031.8165s
	iters: 900, epoch: 7 | loss: 0.2768261
	speed: 0.0103s/iter; left time: 1017.4514s
	iters: 1000, epoch: 7 | loss: 0.2303399
	speed: 0.0105s/iter; left time: 1036.1170s
Epoch: 7 cost time: 11.104132413864136
Epoch: 7, Steps: 1064 | Train Loss: 0.2811219 Vali Loss: 0.4879305
EarlyStopping counter: 2 out of 6
Updating learning rate to 7.8125e-06
	iters: 100, epoch: 8 | loss: 0.2530589
	speed: 0.0321s/iter; left time: 3178.0272s
	iters: 200, epoch: 8 | loss: 0.2877111
	speed: 0.0103s/iter; left time: 1019.1364s
	iters: 300, epoch: 8 | loss: 0.2497658
	speed: 0.0102s/iter; left time: 1010.7220s
	iters: 400, epoch: 8 | loss: 0.3052606
	speed: 0.0102s/iter; left time: 1006.6826s
	iters: 500, epoch: 8 | loss: 0.2815700
	speed: 0.0103s/iter; left time: 1016.8270s
	iters: 600, epoch: 8 | loss: 0.2484609
	speed: 0.0103s/iter; left time: 1011.3295s
	iters: 700, epoch: 8 | loss: 0.3225525
	speed: 0.0103s/iter; left time: 1014.7771s
	iters: 800, epoch: 8 | loss: 0.2599354
	speed: 0.0104s/iter; left time: 1016.5073s
	iters: 900, epoch: 8 | loss: 0.3240263
	speed: 0.0104s/iter; left time: 1018.8172s
	iters: 1000, epoch: 8 | loss: 0.2811373
	speed: 0.0101s/iter; left time: 989.8346s
Epoch: 8 cost time: 10.940226316452026
Epoch: 8, Steps: 1064 | Train Loss: 0.2805309 Vali Loss: 0.4868827
EarlyStopping counter: 3 out of 6
Updating learning rate to 3.90625e-06
	iters: 100, epoch: 9 | loss: 0.2683758
	speed: 0.0320s/iter; left time: 3131.5828s
	iters: 200, epoch: 9 | loss: 0.2767134
	speed: 0.0102s/iter; left time: 994.1127s
	iters: 300, epoch: 9 | loss: 0.2524571
	speed: 0.0103s/iter; left time: 1003.3940s
	iters: 400, epoch: 9 | loss: 0.2942381
	speed: 0.0102s/iter; left time: 997.2720s
	iters: 500, epoch: 9 | loss: 0.2934201
	speed: 0.0104s/iter; left time: 1009.9457s
	iters: 600, epoch: 9 | loss: 0.2398491
	speed: 0.0103s/iter; left time: 999.1710s
	iters: 700, epoch: 9 | loss: 0.3040972
	speed: 0.0102s/iter; left time: 992.4354s
	iters: 800, epoch: 9 | loss: 0.2645223
	speed: 0.0102s/iter; left time: 991.4110s
	iters: 900, epoch: 9 | loss: 0.2699867
	speed: 0.0103s/iter; left time: 1002.9931s
	iters: 1000, epoch: 9 | loss: 0.3043909
	speed: 0.0103s/iter; left time: 993.3122s
Epoch: 9 cost time: 10.940203666687012
Epoch: 9, Steps: 1064 | Train Loss: 0.2803500 Vali Loss: 0.4870308
EarlyStopping counter: 4 out of 6
Updating learning rate to 1.953125e-06
	iters: 100, epoch: 10 | loss: 0.2818641
	speed: 0.0319s/iter; left time: 3081.5161s
	iters: 200, epoch: 10 | loss: 0.2786746
	speed: 0.0102s/iter; left time: 987.7043s
	iters: 300, epoch: 10 | loss: 0.2683646
	speed: 0.0104s/iter; left time: 1003.7541s
	iters: 400, epoch: 10 | loss: 0.2883365
	speed: 0.0103s/iter; left time: 990.0031s
	iters: 500, epoch: 10 | loss: 0.2375274
	speed: 0.0105s/iter; left time: 1010.6553s
	iters: 600, epoch: 10 | loss: 0.2531666
	speed: 0.0101s/iter; left time: 972.7005s
	iters: 700, epoch: 10 | loss: 0.3405212
	speed: 0.0103s/iter; left time: 988.2822s
	iters: 800, epoch: 10 | loss: 0.3329128
	speed: 0.0102s/iter; left time: 984.0004s
	iters: 900, epoch: 10 | loss: 0.2646597
	speed: 0.0103s/iter; left time: 989.0367s
	iters: 1000, epoch: 10 | loss: 0.2623331
	speed: 0.0102s/iter; left time: 975.7106s
Epoch: 10 cost time: 10.962134599685669
Epoch: 10, Steps: 1064 | Train Loss: 0.2802037 Vali Loss: 0.4871359
EarlyStopping counter: 5 out of 6
Updating learning rate to 9.765625e-07
	iters: 100, epoch: 11 | loss: 0.3001436
	speed: 0.0319s/iter; left time: 3055.6007s
	iters: 200, epoch: 11 | loss: 0.3526327
	speed: 0.0102s/iter; left time: 971.7781s
	iters: 300, epoch: 11 | loss: 0.2580019
	speed: 0.0104s/iter; left time: 993.3265s
	iters: 400, epoch: 11 | loss: 0.2360433
	speed: 0.0105s/iter; left time: 996.5744s
	iters: 500, epoch: 11 | loss: 0.2471599
	speed: 0.0109s/iter; left time: 1037.9957s
	iters: 600, epoch: 11 | loss: 0.3292879
	speed: 0.0102s/iter; left time: 970.5526s
	iters: 700, epoch: 11 | loss: 0.2485660
	speed: 0.0104s/iter; left time: 990.2277s
	iters: 800, epoch: 11 | loss: 0.2742231
	speed: 0.0102s/iter; left time: 967.5945s
	iters: 900, epoch: 11 | loss: 0.2858849
	speed: 0.0103s/iter; left time: 980.6969s
	iters: 1000, epoch: 11 | loss: 0.2698082
	speed: 0.0104s/iter; left time: 985.6472s
Epoch: 11 cost time: 11.030022144317627
Epoch: 11, Steps: 1064 | Train Loss: 0.2801652 Vali Loss: 0.4870293
EarlyStopping counter: 6 out of 6
Early stopping
VALIDATION_RESULT {"best_epoch": 5, "best_mae": 0.46308386085672876, "best_mse": 0.48643300822402596, "epochs_ran": 11, "metric_version": "element_weighted_v1", "train_duration_seconds": 139.54760301904753, "train_peak_cuda_memory_bytes": 514425344}
>>>>>>>testing : long_term_forecast_ETTm1_336_192_coreabl_ettm1_p192_no_graph_s2021_TimeRole_ETTm1_ftM_sl336_ll48_pl192_dm64_nh8_el1_dl1_df128_expand2_dc2_fc1_ebtimeF_dtTrue_coreabl_ettm1_p192_no_graph_s2021_0<<<<<<<<<<<<<<<<<<<<<<<<<<<<<<<<<
test 11329
EVALUATION_RESULT {"batches": 355, "elapsed_seconds": 1.6098823230713606, "elements": 15226176, "gate_abs_mean": 0.2075260430574417, "gate_max": -0.10221652686595917, "gate_mean": -0.2075260430574417, "gate_min": -0.2839241027832031, "gate_values": [-0.279867559671402, -0.18192929029464722, -0.2839241027832031, -0.1843990534543991, -0.21708175539970398, -0.10221652686595917, -0.2032639980316162], "mae": 0.373607327471693, "memory_correction_mae": 0.21054348189942548, "memory_correction_rms": 0.3516012984449222, "metric_version": "element_weighted_v1", "milliseconds_per_batch": 4.5348797832996075, "mse": 0.33161247658215154, "origin_count": 11329, "origin_metric_version": "per_forecast_origin_mean_v1", "origin_metrics_path": "/home/cwh/Time-Series-Library/logs/timerole_core_ablation/checkpoints/long_term_forecast_ETTm1_336_192_coreabl_ettm1_p192_no_graph_s2021_TimeRole_ETTm1_ftM_sl336_ll48_pl192_dm64_nh8_el1_dl1_df128_expand2_dc2_fc1_ebtimeF_dtTrue_coreabl_ettm1_p192_no_graph_s2021_0/test_origin_metrics.npz", "parameter_count": 1892839, "peak_cuda_memory_bytes": 158687232, "split": "test", "test_accessed": true, "timerole_intervention": "intact"}
mse:0.33161247658215154, mae:0.373607327471693, dtw:Not calculated
