Using GPU
Args in experiment:
[1mBasic Config[0m
  Task Name:          long_term_forecast  Is Training:        1                   
  Model ID:           dlinear_etth2_sl336_pl192_s2021Model:              DLinear             

[1mData Loader[0m
  Data:               ETTh2               Root Path:          /home/cwh/Time-Series-Library/dataset/ETT-small
  Data Path:          ETTh2.csv           Features:           M                   
  Target:             OT                  Freq:               h                   
  Checkpoints:        /home/cwh/Time-Series-Library/logs/q2_main_baselines/checkpoints

[1mForecasting Task[0m
  Seq Len:            336                 Label Len:          48                  
  Pred Len:           192                 Seasonal Patterns:  Monthly             
  Inverse:            0                   

[1mModel Parameters[0m
  Top k:              5                   Num Kernels:        6                   
  Enc In:             7                   Dec In:             7                   
  C Out:              7                   d model:            32                  
  n heads:            4                   e layers:           2                   
  d layers:           1                   d FF:               64                  
  Moving Avg:         25                  Factor:             3                   
  Distil:             1                   Dropout:            0.1                 
  Embed:              timeF               Activation:         gelu                

[1mRun Parameters[0m
  Num Workers:        0                   Itr:                1                   
  Train Epochs:       10                  Batch Size:         32                  
  Patience:           3                   Learning Rate:      0.0001              
  Des:                dlinear_etth2_sl336_pl192_s2021Loss:               MSE                 
  Lradj:              type1               Use Amp:            0                   

[1mGPU[0m
  Use GPU:            1                   GPU:                0                   
  Use Multi GPU:      0                   Devices:            0,1,2,3             

[1mDe-stationary Projector Params[0m
  P Hidden Dims:      128, 128            P Hidden Layers:    2                   

Use GPU: cuda:0
🚀 Lazy Loading: DLinear ...
>>>>>>>start training : long_term_forecast_dlinear_etth2_sl336_pl192_s2021_DLinear_ETTh2_ftM_sl336_ll48_pl192_dm32_nh4_el2_dl1_df64_expand2_dc4_fc3_ebtimeF_dtTrue_dlinear_etth2_sl336_pl192_s2021_0>>>>>>>>>>>>>>>>>>>>>>>>>>
train 8113
val 2689
	iters: 100, epoch: 1 | loss: 0.4160510
	speed: 0.0111s/iter; left time: 27.1124s
	iters: 200, epoch: 1 | loss: 0.5147832
	speed: 0.0039s/iter; left time: 9.1354s
Epoch: 1 cost time: 1.111238956451416
Epoch: 1, Steps: 254 | Train Loss: 0.5305558 Vali Loss: 0.3180395
Validation loss decreased (inf --> 0.318039).  Saving model ...
Updating learning rate to 0.0001
	iters: 100, epoch: 2 | loss: 0.3124659
	speed: 0.0086s/iter; left time: 18.8681s
	iters: 200, epoch: 2 | loss: 0.4225927
	speed: 0.0043s/iter; left time: 9.0023s
Epoch: 2 cost time: 1.0117599964141846
Epoch: 2, Steps: 254 | Train Loss: 0.5012323 Vali Loss: 0.3064174
Validation loss decreased (0.318039 --> 0.306417).  Saving model ...
Updating learning rate to 5e-05
	iters: 100, epoch: 3 | loss: 0.5505489
	speed: 0.0085s/iter; left time: 16.4773s
	iters: 200, epoch: 3 | loss: 0.2998324
	speed: 0.0033s/iter; left time: 6.1015s
Epoch: 3 cost time: 0.9267373085021973
Epoch: 3, Steps: 254 | Train Loss: 0.4931313 Vali Loss: 0.3075728
EarlyStopping counter: 1 out of 3
Updating learning rate to 2.5e-05
	iters: 100, epoch: 4 | loss: 0.3191066
	speed: 0.0084s/iter; left time: 14.0614s
	iters: 200, epoch: 4 | loss: 0.5336918
	speed: 0.0047s/iter; left time: 7.4638s
Epoch: 4 cost time: 1.0405147075653076
Epoch: 4, Steps: 254 | Train Loss: 0.4904017 Vali Loss: 0.3038619
Validation loss decreased (0.306417 --> 0.303862).  Saving model ...
Updating learning rate to 1.25e-05
	iters: 100, epoch: 5 | loss: 0.5539923
	speed: 0.0083s/iter; left time: 11.8139s
	iters: 200, epoch: 5 | loss: 0.4826476
	speed: 0.0032s/iter; left time: 4.1796s
Epoch: 5 cost time: 0.8382678031921387
Epoch: 5, Steps: 254 | Train Loss: 0.4898584 Vali Loss: 0.3125783
EarlyStopping counter: 1 out of 3
Updating learning rate to 6.25e-06
	iters: 100, epoch: 6 | loss: 0.3026878
	speed: 0.0079s/iter; left time: 9.3029s
	iters: 200, epoch: 6 | loss: 0.5078931
	speed: 0.0032s/iter; left time: 3.4711s
Epoch: 6 cost time: 0.7966415882110596
Epoch: 6, Steps: 254 | Train Loss: 0.4883628 Vali Loss: 0.3112855
EarlyStopping counter: 2 out of 3
Updating learning rate to 3.125e-06
	iters: 100, epoch: 7 | loss: 0.5550125
	speed: 0.0079s/iter; left time: 7.2070s
	iters: 200, epoch: 7 | loss: 0.4843532
	speed: 0.0032s/iter; left time: 2.6535s
Epoch: 7 cost time: 0.8879830837249756
Epoch: 7, Steps: 254 | Train Loss: 0.4887688 Vali Loss: 0.3105616
EarlyStopping counter: 3 out of 3
Early stopping
VALIDATION_RESULT {"best_epoch": 4, "best_mae": 0.3878565298858428, "best_mse": 0.30386188880618986, "epochs_ran": 7, "metric_version": "element_weighted_v1"}
>>>>>>>testing : long_term_forecast_dlinear_etth2_sl336_pl192_s2021_DLinear_ETTh2_ftM_sl336_ll48_pl192_dm32_nh4_el2_dl1_df64_expand2_dc4_fc3_ebtimeF_dtTrue_dlinear_etth2_sl336_pl192_s2021_0<<<<<<<<<<<<<<<<<<<<<<<<<<<<<<<<<
test 2689
test shape: (2689, 192, 7) (2689, 192, 7)
test shape: (2689, 192, 7) (2689, 192, 7)
mse:0.3872776925563812, mae:0.4234202206134796, dtw:Not calculated
