Using GPU
Args in experiment:
[1mBasic Config[0m
  Task Name:          long_term_forecast  Is Training:        1                   
  Model ID:           dlinear_solar_sl336_pl96_s2021Model:              DLinear             

[1mData Loader[0m
  Data:               custom              Root Path:          /home/cwh/Time-Series-Library/dataset/solar
  Data Path:          solar.csv           Features:           M                   
  Target:             channel_99          Freq:               h                   
  Checkpoints:        /home/cwh/Time-Series-Library/logs/q2_main_baselines/checkpoints

[1mForecasting Task[0m
  Seq Len:            336                 Label Len:          48                  
  Pred Len:           96                  Seasonal Patterns:  Monthly             
  Inverse:            0                   

[1mModel Parameters[0m
  Top k:              5                   Num Kernels:        6                   
  Enc In:             137                 Dec In:             137                 
  C Out:              137                 d model:            32                  
  n heads:            4                   e layers:           2                   
  d layers:           1                   d FF:               64                  
  Moving Avg:         25                  Factor:             3                   
  Distil:             1                   Dropout:            0.1                 
  Embed:              timeF               Activation:         gelu                

[1mRun Parameters[0m
  Num Workers:        0                   Itr:                1                   
  Train Epochs:       10                  Batch Size:         16                  
  Patience:           3                   Learning Rate:      0.0001              
  Des:                dlinear_solar_sl336_pl96_s2021Loss:               MSE                 
  Lradj:              type1               Use Amp:            0                   

[1mGPU[0m
  Use GPU:            1                   GPU:                0                   
  Use Multi GPU:      0                   Devices:            0,1,2,3             

[1mDe-stationary Projector Params[0m
  P Hidden Dims:      128, 128            P Hidden Layers:    2                   

Use GPU: cuda:0
🚀 Lazy Loading: DLinear ...
>>>>>>>start training : long_term_forecast_dlinear_solar_sl336_pl96_s2021_DLinear_custom_ftM_sl336_ll48_pl96_dm32_nh4_el2_dl1_df64_expand2_dc4_fc3_ebtimeF_dtTrue_dlinear_solar_sl336_pl96_s2021_0>>>>>>>>>>>>>>>>>>>>>>>>>>
train 36361
val 5161
	iters: 100, epoch: 1 | loss: 0.2148677
	speed: 0.0098s/iter; left time: 220.8064s
	iters: 200, epoch: 1 | loss: 0.2867314
	speed: 0.0036s/iter; left time: 81.3023s
	iters: 300, epoch: 1 | loss: 0.3101592
	speed: 0.0035s/iter; left time: 78.7683s
	iters: 400, epoch: 1 | loss: 0.1744222
	speed: 0.0036s/iter; left time: 80.9185s
	iters: 500, epoch: 1 | loss: 0.2449037
	speed: 0.0036s/iter; left time: 79.3917s
	iters: 600, epoch: 1 | loss: 0.2050012
	speed: 0.0036s/iter; left time: 80.1587s
	iters: 700, epoch: 1 | loss: 0.1560916
	speed: 0.0036s/iter; left time: 78.7049s
	iters: 800, epoch: 1 | loss: 0.1828973
	speed: 0.0036s/iter; left time: 79.1324s
	iters: 900, epoch: 1 | loss: 0.1957071
	speed: 0.0036s/iter; left time: 79.1811s
	iters: 1000, epoch: 1 | loss: 0.1693992
	speed: 0.0035s/iter; left time: 76.9736s
	iters: 1100, epoch: 1 | loss: 0.2042700
	speed: 0.0035s/iter; left time: 75.2477s
	iters: 1200, epoch: 1 | loss: 0.2678343
	speed: 0.0036s/iter; left time: 78.5092s
	iters: 1300, epoch: 1 | loss: 0.1626319
	speed: 0.0037s/iter; left time: 79.1608s
	iters: 1400, epoch: 1 | loss: 0.1463014
	speed: 0.0036s/iter; left time: 77.0250s
	iters: 1500, epoch: 1 | loss: 0.2257867
	speed: 0.0039s/iter; left time: 82.9282s
	iters: 1600, epoch: 1 | loss: 0.1598371
	speed: 0.0037s/iter; left time: 78.9340s
	iters: 1700, epoch: 1 | loss: 0.2236047
	speed: 0.0036s/iter; left time: 75.3094s
	iters: 1800, epoch: 1 | loss: 0.1272530
	speed: 0.0035s/iter; left time: 74.2158s
	iters: 1900, epoch: 1 | loss: 0.1373333
	speed: 0.0036s/iter; left time: 74.6277s
	iters: 2000, epoch: 1 | loss: 0.1524607
	speed: 0.0035s/iter; left time: 73.0641s
	iters: 2100, epoch: 1 | loss: 0.1352431
	speed: 0.0037s/iter; left time: 76.0305s
	iters: 2200, epoch: 1 | loss: 0.1454420
	speed: 0.0038s/iter; left time: 78.4843s
Epoch: 1 cost time: 8.320632696151733
Epoch: 1, Steps: 2273 | Train Loss: 0.2114823 Vali Loss: 0.1777917
Validation loss decreased (inf --> 0.177792).  Saving model ...
Updating learning rate to 0.0001
	iters: 100, epoch: 2 | loss: 0.1733582
	speed: 0.0155s/iter; left time: 316.5504s
	iters: 200, epoch: 2 | loss: 0.1489190
	speed: 0.0044s/iter; left time: 88.9564s
	iters: 300, epoch: 2 | loss: 0.2352355
	speed: 0.0042s/iter; left time: 83.7980s
	iters: 400, epoch: 2 | loss: 0.2143169
	speed: 0.0045s/iter; left time: 90.5282s
	iters: 500, epoch: 2 | loss: 0.1697383
	speed: 0.0043s/iter; left time: 84.9455s
	iters: 600, epoch: 2 | loss: 0.1759515
	speed: 0.0043s/iter; left time: 84.8951s
	iters: 700, epoch: 2 | loss: 0.2087447
	speed: 0.0042s/iter; left time: 82.4530s
	iters: 800, epoch: 2 | loss: 0.1582898
	speed: 0.0043s/iter; left time: 85.2013s
	iters: 900, epoch: 2 | loss: 0.1993223
	speed: 0.0045s/iter; left time: 88.5340s
	iters: 1000, epoch: 2 | loss: 0.1962636
	speed: 0.0041s/iter; left time: 80.5187s
	iters: 1100, epoch: 2 | loss: 0.1871227
	speed: 0.0044s/iter; left time: 85.6635s
	iters: 1200, epoch: 2 | loss: 0.2720472
	speed: 0.0043s/iter; left time: 82.4129s
	iters: 1300, epoch: 2 | loss: 0.1354122
	speed: 0.0043s/iter; left time: 82.4456s
	iters: 1400, epoch: 2 | loss: 0.2648819
	speed: 0.0046s/iter; left time: 86.7993s
	iters: 1500, epoch: 2 | loss: 0.1673910
	speed: 0.0044s/iter; left time: 83.1194s
	iters: 1600, epoch: 2 | loss: 0.1499288
	speed: 0.0043s/iter; left time: 81.8103s
	iters: 1700, epoch: 2 | loss: 0.3334180
	speed: 0.0044s/iter; left time: 82.4554s
	iters: 1800, epoch: 2 | loss: 0.1913936
	speed: 0.0045s/iter; left time: 84.0517s
	iters: 1900, epoch: 2 | loss: 0.1155383
	speed: 0.0044s/iter; left time: 81.2773s
	iters: 2000, epoch: 2 | loss: 0.3013672
	speed: 0.0044s/iter; left time: 80.9338s
	iters: 2100, epoch: 2 | loss: 0.0858386
	speed: 0.0041s/iter; left time: 75.5269s
	iters: 2200, epoch: 2 | loss: 0.1858314
	speed: 0.0043s/iter; left time: 79.0811s
Epoch: 2 cost time: 9.85550832748413
Epoch: 2, Steps: 2273 | Train Loss: 0.1927232 Vali Loss: 0.1776894
Validation loss decreased (0.177792 --> 0.177689).  Saving model ...
Updating learning rate to 5e-05
	iters: 100, epoch: 3 | loss: 0.2405631
	speed: 0.0161s/iter; left time: 291.9899s
	iters: 200, epoch: 3 | loss: 0.0891726
	speed: 0.0042s/iter; left time: 74.7093s
	iters: 300, epoch: 3 | loss: 0.2444008
	speed: 0.0043s/iter; left time: 76.9696s
	iters: 400, epoch: 3 | loss: 0.1963271
	speed: 0.0042s/iter; left time: 74.1940s
	iters: 500, epoch: 3 | loss: 0.1081384
	speed: 0.0040s/iter; left time: 70.4980s
	iters: 600, epoch: 3 | loss: 0.2104117
	speed: 0.0042s/iter; left time: 74.5328s
	iters: 700, epoch: 3 | loss: 0.1398595
	speed: 0.0045s/iter; left time: 77.8786s
	iters: 800, epoch: 3 | loss: 0.2641826
	speed: 0.0044s/iter; left time: 76.6625s
	iters: 900, epoch: 3 | loss: 0.1229445
	speed: 0.0042s/iter; left time: 72.4367s
	iters: 1000, epoch: 3 | loss: 0.2051400
	speed: 0.0042s/iter; left time: 72.5016s
	iters: 1100, epoch: 3 | loss: 0.1639932
	speed: 0.0043s/iter; left time: 74.2805s
	iters: 1200, epoch: 3 | loss: 0.2709098
	speed: 0.0042s/iter; left time: 72.0471s
	iters: 1300, epoch: 3 | loss: 0.2924082
	speed: 0.0044s/iter; left time: 74.7552s
	iters: 1400, epoch: 3 | loss: 0.1439917
	speed: 0.0043s/iter; left time: 72.7150s
	iters: 1500, epoch: 3 | loss: 0.1521603
	speed: 0.0043s/iter; left time: 71.3361s
	iters: 1600, epoch: 3 | loss: 0.1591955
	speed: 0.0044s/iter; left time: 72.2886s
	iters: 1700, epoch: 3 | loss: 0.2152395
	speed: 0.0044s/iter; left time: 73.0335s
	iters: 1800, epoch: 3 | loss: 0.1595352
	speed: 0.0042s/iter; left time: 68.6604s
	iters: 1900, epoch: 3 | loss: 0.3060234
	speed: 0.0043s/iter; left time: 69.5502s
	iters: 2000, epoch: 3 | loss: 0.2109688
	speed: 0.0044s/iter; left time: 70.8772s
	iters: 2100, epoch: 3 | loss: 0.1507971
	speed: 0.0043s/iter; left time: 69.2944s
	iters: 2200, epoch: 3 | loss: 0.1534993
	speed: 0.0044s/iter; left time: 70.3762s
Epoch: 3 cost time: 9.727624893188477
Epoch: 3, Steps: 2273 | Train Loss: 0.1917993 Vali Loss: 0.1763767
Validation loss decreased (0.177689 --> 0.176377).  Saving model ...
Updating learning rate to 2.5e-05
	iters: 100, epoch: 4 | loss: 0.1322144
	speed: 0.0171s/iter; left time: 271.1514s
	iters: 200, epoch: 4 | loss: 0.2879404
	speed: 0.0041s/iter; left time: 64.9197s
	iters: 300, epoch: 4 | loss: 0.1538232
	speed: 0.0042s/iter; left time: 65.1439s
	iters: 400, epoch: 4 | loss: 0.3682445
	speed: 0.0043s/iter; left time: 65.9270s
	iters: 500, epoch: 4 | loss: 0.2790468
	speed: 0.0043s/iter; left time: 66.0186s
	iters: 600, epoch: 4 | loss: 0.1366059
	speed: 0.0043s/iter; left time: 65.3010s
	iters: 700, epoch: 4 | loss: 0.1691214
	speed: 0.0043s/iter; left time: 65.5884s
	iters: 800, epoch: 4 | loss: 0.2551143
	speed: 0.0045s/iter; left time: 67.5282s
	iters: 900, epoch: 4 | loss: 0.2049507
	speed: 0.0042s/iter; left time: 62.6841s
	iters: 1000, epoch: 4 | loss: 0.1915686
	speed: 0.0043s/iter; left time: 64.2384s
	iters: 1100, epoch: 4 | loss: 0.1695821
	speed: 0.0042s/iter; left time: 62.8121s
	iters: 1200, epoch: 4 | loss: 0.2209952
	speed: 0.0041s/iter; left time: 60.5004s
	iters: 1300, epoch: 4 | loss: 0.2210370
	speed: 0.0042s/iter; left time: 61.8080s
	iters: 1400, epoch: 4 | loss: 0.1321148
	speed: 0.0043s/iter; left time: 61.9954s
	iters: 1500, epoch: 4 | loss: 0.2045829
	speed: 0.0043s/iter; left time: 61.8888s
	iters: 1600, epoch: 4 | loss: 0.2541288
	speed: 0.0041s/iter; left time: 59.2641s
	iters: 1700, epoch: 4 | loss: 0.1523284
	speed: 0.0045s/iter; left time: 64.0872s
	iters: 1800, epoch: 4 | loss: 0.1420430
	speed: 0.0045s/iter; left time: 63.2997s
	iters: 1900, epoch: 4 | loss: 0.1578677
	speed: 0.0045s/iter; left time: 62.5571s
	iters: 2000, epoch: 4 | loss: 0.2201378
	speed: 0.0041s/iter; left time: 57.6727s
	iters: 2100, epoch: 4 | loss: 0.1591700
	speed: 0.0042s/iter; left time: 57.5519s
	iters: 2200, epoch: 4 | loss: 0.1641726
	speed: 0.0044s/iter; left time: 59.7040s
Epoch: 4 cost time: 9.704366445541382
Epoch: 4, Steps: 2273 | Train Loss: 0.1913411 Vali Loss: 0.1757990
Validation loss decreased (0.176377 --> 0.175799).  Saving model ...
Updating learning rate to 1.25e-05
	iters: 100, epoch: 5 | loss: 0.2480470
	speed: 0.0162s/iter; left time: 219.9239s
	iters: 200, epoch: 5 | loss: 0.1719450
	speed: 0.0046s/iter; left time: 61.7946s
	iters: 300, epoch: 5 | loss: 0.2031382
	speed: 0.0045s/iter; left time: 59.9995s
	iters: 400, epoch: 5 | loss: 0.1789810
	speed: 0.0043s/iter; left time: 57.4516s
	iters: 500, epoch: 5 | loss: 0.1941630
	speed: 0.0042s/iter; left time: 55.1412s
	iters: 600, epoch: 5 | loss: 0.1497710
	speed: 0.0040s/iter; left time: 51.6258s
	iters: 700, epoch: 5 | loss: 0.1885722
	speed: 0.0041s/iter; left time: 53.6189s
	iters: 800, epoch: 5 | loss: 0.1413419
	speed: 0.0043s/iter; left time: 54.9823s
	iters: 900, epoch: 5 | loss: 0.2227436
	speed: 0.0043s/iter; left time: 55.0029s
	iters: 1000, epoch: 5 | loss: 0.1237887
	speed: 0.0043s/iter; left time: 53.8101s
	iters: 1100, epoch: 5 | loss: 0.1913876
	speed: 0.0041s/iter; left time: 51.7203s
	iters: 1200, epoch: 5 | loss: 0.2006004
	speed: 0.0042s/iter; left time: 52.1815s
	iters: 1300, epoch: 5 | loss: 0.2511355
	speed: 0.0045s/iter; left time: 55.7482s
	iters: 1400, epoch: 5 | loss: 0.2006508
	speed: 0.0043s/iter; left time: 52.1941s
	iters: 1500, epoch: 5 | loss: 0.1832910
	speed: 0.0042s/iter; left time: 50.5258s
	iters: 1600, epoch: 5 | loss: 0.2421176
	speed: 0.0042s/iter; left time: 50.7754s
	iters: 1700, epoch: 5 | loss: 0.1112275
	speed: 0.0043s/iter; left time: 51.5435s
	iters: 1800, epoch: 5 | loss: 0.1646235
	speed: 0.0044s/iter; left time: 52.1037s
	iters: 1900, epoch: 5 | loss: 0.1466554
	speed: 0.0044s/iter; left time: 51.6469s
	iters: 2000, epoch: 5 | loss: 0.1327336
	speed: 0.0044s/iter; left time: 51.7474s
	iters: 2100, epoch: 5 | loss: 0.2198444
	speed: 0.0045s/iter; left time: 51.7730s
	iters: 2200, epoch: 5 | loss: 0.1570755
	speed: 0.0042s/iter; left time: 48.4378s
Epoch: 5 cost time: 9.792443752288818
Epoch: 5, Steps: 2273 | Train Loss: 0.1911928 Vali Loss: 0.1759149
EarlyStopping counter: 1 out of 3
Updating learning rate to 6.25e-06
	iters: 100, epoch: 6 | loss: 0.1976640
	speed: 0.0167s/iter; left time: 188.1052s
	iters: 200, epoch: 6 | loss: 0.2718057
	speed: 0.0044s/iter; left time: 48.8214s
	iters: 300, epoch: 6 | loss: 0.2567672
	speed: 0.0041s/iter; left time: 45.2616s
	iters: 400, epoch: 6 | loss: 0.1875879
	speed: 0.0042s/iter; left time: 45.8574s
	iters: 500, epoch: 6 | loss: 0.1467469
	speed: 0.0041s/iter; left time: 44.0949s
	iters: 600, epoch: 6 | loss: 0.1901469
	speed: 0.0040s/iter; left time: 43.1936s
	iters: 700, epoch: 6 | loss: 0.2019246
	speed: 0.0043s/iter; left time: 45.9513s
	iters: 800, epoch: 6 | loss: 0.1437369
	speed: 0.0047s/iter; left time: 49.1541s
	iters: 900, epoch: 6 | loss: 0.1801684
	speed: 0.0044s/iter; left time: 45.7696s
	iters: 1000, epoch: 6 | loss: 0.1539088
	speed: 0.0043s/iter; left time: 45.0510s
	iters: 1100, epoch: 6 | loss: 0.1129971
	speed: 0.0040s/iter; left time: 41.0893s
	iters: 1200, epoch: 6 | loss: 0.1573779
	speed: 0.0042s/iter; left time: 42.5726s
	iters: 1300, epoch: 6 | loss: 0.1748283
	speed: 0.0042s/iter; left time: 41.9044s
	iters: 1400, epoch: 6 | loss: 0.2609666
	speed: 0.0040s/iter; left time: 39.4193s
	iters: 1500, epoch: 6 | loss: 0.1297385
	speed: 0.0043s/iter; left time: 42.6433s
	iters: 1600, epoch: 6 | loss: 0.1768178
	speed: 0.0042s/iter; left time: 41.1558s
	iters: 1700, epoch: 6 | loss: 0.2535169
	speed: 0.0043s/iter; left time: 41.8624s
	iters: 1800, epoch: 6 | loss: 0.1584338
	speed: 0.0043s/iter; left time: 40.7679s
	iters: 1900, epoch: 6 | loss: 0.1488877
	speed: 0.0040s/iter; left time: 37.7593s
	iters: 2000, epoch: 6 | loss: 0.2707944
	speed: 0.0041s/iter; left time: 38.5452s
	iters: 2100, epoch: 6 | loss: 0.1642062
	speed: 0.0041s/iter; left time: 37.9184s
	iters: 2200, epoch: 6 | loss: 0.2478293
	speed: 0.0042s/iter; left time: 38.9237s
Epoch: 6 cost time: 9.569014072418213
Epoch: 6, Steps: 2273 | Train Loss: 0.1910930 Vali Loss: 0.1757050
Validation loss decreased (0.175799 --> 0.175705).  Saving model ...
Updating learning rate to 3.125e-06
	iters: 100, epoch: 7 | loss: 0.2056494
	speed: 0.0162s/iter; left time: 145.4834s
	iters: 200, epoch: 7 | loss: 0.2094273
	speed: 0.0041s/iter; left time: 36.0452s
	iters: 300, epoch: 7 | loss: 0.2051119
	speed: 0.0042s/iter; left time: 36.8649s
	iters: 400, epoch: 7 | loss: 0.1726637
	speed: 0.0042s/iter; left time: 36.3867s
	iters: 500, epoch: 7 | loss: 0.1266793
	speed: 0.0040s/iter; left time: 34.0200s
	iters: 600, epoch: 7 | loss: 0.1656402
	speed: 0.0040s/iter; left time: 34.1267s
	iters: 700, epoch: 7 | loss: 0.2064611
	speed: 0.0043s/iter; left time: 36.0873s
	iters: 800, epoch: 7 | loss: 0.2942495
	speed: 0.0042s/iter; left time: 34.6339s
	iters: 900, epoch: 7 | loss: 0.2775281
	speed: 0.0040s/iter; left time: 33.0976s
	iters: 1000, epoch: 7 | loss: 0.0872005
	speed: 0.0038s/iter; left time: 31.0187s
	iters: 1100, epoch: 7 | loss: 0.1481943
	speed: 0.0039s/iter; left time: 31.2736s
	iters: 1200, epoch: 7 | loss: 0.2121235
	speed: 0.0038s/iter; left time: 30.2902s
	iters: 1300, epoch: 7 | loss: 0.1541190
	speed: 0.0040s/iter; left time: 31.4917s
	iters: 1400, epoch: 7 | loss: 0.2219022
	speed: 0.0042s/iter; left time: 32.5802s
	iters: 1500, epoch: 7 | loss: 0.1089915
	speed: 0.0040s/iter; left time: 30.5600s
	iters: 1600, epoch: 7 | loss: 0.1442752
	speed: 0.0040s/iter; left time: 29.9922s
	iters: 1700, epoch: 7 | loss: 0.2173530
	speed: 0.0043s/iter; left time: 31.4689s
	iters: 1800, epoch: 7 | loss: 0.2272444
	speed: 0.0042s/iter; left time: 30.3885s
	iters: 1900, epoch: 7 | loss: 0.1598209
	speed: 0.0042s/iter; left time: 30.2049s
	iters: 2000, epoch: 7 | loss: 0.1925163
	speed: 0.0042s/iter; left time: 30.0671s
	iters: 2100, epoch: 7 | loss: 0.1263191
	speed: 0.0043s/iter; left time: 30.2396s
	iters: 2200, epoch: 7 | loss: 0.2918162
	speed: 0.0041s/iter; left time: 28.1192s
Epoch: 7 cost time: 9.318851709365845
Epoch: 7, Steps: 2273 | Train Loss: 0.1910470 Vali Loss: 0.1756932
Validation loss decreased (0.175705 --> 0.175693).  Saving model ...
Updating learning rate to 1.5625e-06
	iters: 100, epoch: 8 | loss: 0.1711939
	speed: 0.0153s/iter; left time: 102.7708s
	iters: 200, epoch: 8 | loss: 0.1990180
	speed: 0.0032s/iter; left time: 21.3612s
	iters: 300, epoch: 8 | loss: 0.1421581
	speed: 0.0035s/iter; left time: 22.5962s
	iters: 400, epoch: 8 | loss: 0.1435572
	speed: 0.0038s/iter; left time: 24.7005s
	iters: 500, epoch: 8 | loss: 0.1987425
	speed: 0.0033s/iter; left time: 20.7552s
	iters: 600, epoch: 8 | loss: 0.1660399
	speed: 0.0034s/iter; left time: 21.2428s
	iters: 700, epoch: 8 | loss: 0.1466117
	speed: 0.0035s/iter; left time: 21.1751s
	iters: 800, epoch: 8 | loss: 0.1783594
	speed: 0.0034s/iter; left time: 20.3516s
	iters: 900, epoch: 8 | loss: 0.1505678
	speed: 0.0034s/iter; left time: 20.0033s
	iters: 1000, epoch: 8 | loss: 0.2042959
	speed: 0.0033s/iter; left time: 19.3907s
	iters: 1100, epoch: 8 | loss: 0.2300732
	speed: 0.0036s/iter; left time: 20.7585s
	iters: 1200, epoch: 8 | loss: 0.1577933
	speed: 0.0037s/iter; left time: 20.7699s
	iters: 1300, epoch: 8 | loss: 0.2259746
	speed: 0.0036s/iter; left time: 20.0537s
	iters: 1400, epoch: 8 | loss: 0.2696972
	speed: 0.0035s/iter; left time: 19.2294s
	iters: 1500, epoch: 8 | loss: 0.2046572
	speed: 0.0036s/iter; left time: 18.9877s
	iters: 1600, epoch: 8 | loss: 0.2120199
	speed: 0.0035s/iter; left time: 18.2868s
	iters: 1700, epoch: 8 | loss: 0.1527452
	speed: 0.0036s/iter; left time: 18.4783s
	iters: 1800, epoch: 8 | loss: 0.2347651
	speed: 0.0039s/iter; left time: 19.6458s
	iters: 1900, epoch: 8 | loss: 0.2050544
	speed: 0.0038s/iter; left time: 18.5222s
	iters: 2000, epoch: 8 | loss: 0.2968539
	speed: 0.0036s/iter; left time: 17.5696s
	iters: 2100, epoch: 8 | loss: 0.1449733
	speed: 0.0034s/iter; left time: 16.2137s
	iters: 2200, epoch: 8 | loss: 0.2805610
	speed: 0.0038s/iter; left time: 17.4520s
Epoch: 8 cost time: 8.093049049377441
Epoch: 8, Steps: 2273 | Train Loss: 0.1910440 Vali Loss: 0.1756765
Validation loss decreased (0.175693 --> 0.175677).  Saving model ...
Updating learning rate to 7.8125e-07
	iters: 100, epoch: 9 | loss: 0.1833833
	speed: 0.0158s/iter; left time: 70.2011s
	iters: 200, epoch: 9 | loss: 0.2016677
	speed: 0.0043s/iter; left time: 18.5796s
	iters: 300, epoch: 9 | loss: 0.2304380
	speed: 0.0040s/iter; left time: 16.9221s
	iters: 400, epoch: 9 | loss: 0.2004700
	speed: 0.0043s/iter; left time: 17.6728s
	iters: 500, epoch: 9 | loss: 0.1515072
	speed: 0.0044s/iter; left time: 17.7722s
	iters: 600, epoch: 9 | loss: 0.2785887
	speed: 0.0043s/iter; left time: 16.8374s
	iters: 700, epoch: 9 | loss: 0.2477156
	speed: 0.0043s/iter; left time: 16.4972s
	iters: 800, epoch: 9 | loss: 0.2347721
	speed: 0.0044s/iter; left time: 16.3211s
	iters: 900, epoch: 9 | loss: 0.1537561
	speed: 0.0041s/iter; left time: 14.8390s
	iters: 1000, epoch: 9 | loss: 0.2425636
	speed: 0.0040s/iter; left time: 14.2521s
	iters: 1100, epoch: 9 | loss: 0.1621819
	speed: 0.0040s/iter; left time: 13.8292s
	iters: 1200, epoch: 9 | loss: 0.0972651
	speed: 0.0041s/iter; left time: 13.6453s
	iters: 1300, epoch: 9 | loss: 0.1663355
	speed: 0.0039s/iter; left time: 12.6120s
	iters: 1400, epoch: 9 | loss: 0.2088031
	speed: 0.0041s/iter; left time: 12.9087s
	iters: 1500, epoch: 9 | loss: 0.1895773
	speed: 0.0040s/iter; left time: 12.3100s
	iters: 1600, epoch: 9 | loss: 0.1769693
	speed: 0.0042s/iter; left time: 12.2710s
	iters: 1700, epoch: 9 | loss: 0.1625614
	speed: 0.0041s/iter; left time: 11.6762s
	iters: 1800, epoch: 9 | loss: 0.1728637
	speed: 0.0042s/iter; left time: 11.5938s
	iters: 1900, epoch: 9 | loss: 0.1529142
	speed: 0.0045s/iter; left time: 11.7864s
	iters: 2000, epoch: 9 | loss: 0.1474843
	speed: 0.0040s/iter; left time: 10.2420s
	iters: 2100, epoch: 9 | loss: 0.2139610
	speed: 0.0042s/iter; left time: 10.3790s
	iters: 2200, epoch: 9 | loss: 0.1173233
	speed: 0.0042s/iter; left time: 9.8995s
Epoch: 9 cost time: 9.42621898651123
Epoch: 9, Steps: 2273 | Train Loss: 0.1909855 Vali Loss: 0.1756537
Validation loss decreased (0.175677 --> 0.175654).  Saving model ...
Updating learning rate to 3.90625e-07
	iters: 100, epoch: 10 | loss: 0.1688565
	speed: 0.0162s/iter; left time: 35.3119s
	iters: 200, epoch: 10 | loss: 0.2297894
	speed: 0.0043s/iter; left time: 8.9237s
	iters: 300, epoch: 10 | loss: 0.1223452
	speed: 0.0044s/iter; left time: 8.6199s
	iters: 400, epoch: 10 | loss: 0.2018264
	speed: 0.0045s/iter; left time: 8.4042s
	iters: 500, epoch: 10 | loss: 0.2054165
	speed: 0.0041s/iter; left time: 7.2886s
	iters: 600, epoch: 10 | loss: 0.2289020
	speed: 0.0044s/iter; left time: 7.3154s
	iters: 700, epoch: 10 | loss: 0.2527370
	speed: 0.0040s/iter; left time: 6.2920s
	iters: 800, epoch: 10 | loss: 0.2055187
	speed: 0.0042s/iter; left time: 6.1902s
	iters: 900, epoch: 10 | loss: 0.1813411
	speed: 0.0042s/iter; left time: 5.7698s
	iters: 1000, epoch: 10 | loss: 0.1360150
	speed: 0.0043s/iter; left time: 5.4451s
	iters: 1100, epoch: 10 | loss: 0.3348377
	speed: 0.0044s/iter; left time: 5.1211s
	iters: 1200, epoch: 10 | loss: 0.1797459
	speed: 0.0043s/iter; left time: 4.6522s
	iters: 1300, epoch: 10 | loss: 0.1574239
	speed: 0.0044s/iter; left time: 4.2926s
	iters: 1400, epoch: 10 | loss: 0.1900546
	speed: 0.0046s/iter; left time: 3.9825s
	iters: 1500, epoch: 10 | loss: 0.1684572
	speed: 0.0040s/iter; left time: 3.0695s
	iters: 1600, epoch: 10 | loss: 0.1990058
	speed: 0.0041s/iter; left time: 2.7947s
	iters: 1700, epoch: 10 | loss: 0.1583441
	speed: 0.0043s/iter; left time: 2.4411s
	iters: 1800, epoch: 10 | loss: 0.1714117
	speed: 0.0041s/iter; left time: 1.9629s
	iters: 1900, epoch: 10 | loss: 0.1707623
	speed: 0.0041s/iter; left time: 1.5307s
	iters: 2000, epoch: 10 | loss: 0.2041158
	speed: 0.0041s/iter; left time: 1.1294s
	iters: 2100, epoch: 10 | loss: 0.1842051
	speed: 0.0042s/iter; left time: 0.7248s
	iters: 2200, epoch: 10 | loss: 0.3164556
	speed: 0.0043s/iter; left time: 0.3150s
Epoch: 10 cost time: 9.651953220367432
Epoch: 10, Steps: 2273 | Train Loss: 0.1909949 Vali Loss: 0.1756531
Validation loss decreased (0.175654 --> 0.175653).  Saving model ...
Updating learning rate to 1.953125e-07
VALIDATION_RESULT {"best_epoch": 10, "best_mae": 0.24117530246034724, "best_mse": 0.17565308243315708, "epochs_ran": 10, "metric_version": "element_weighted_v1"}
>>>>>>>testing : long_term_forecast_dlinear_solar_sl336_pl96_s2021_DLinear_custom_ftM_sl336_ll48_pl96_dm32_nh4_el2_dl1_df64_expand2_dc4_fc3_ebtimeF_dtTrue_dlinear_solar_sl336_pl96_s2021_0<<<<<<<<<<<<<<<<<<<<<<<<<<<<<<<<<
test 10417
test shape: (10417, 96, 137) (10417, 96, 137)
test shape: (10417, 96, 137) (10417, 96, 137)
mse:0.22208936512470245, mae:0.2915172874927521, dtw:Not calculated
