Using GPU
Args in experiment:
[1mBasic Config[0m
  Task Name:          long_term_forecast  Is Training:        1                   
  Model ID:           dlinear_ettm1_sl336_pl720_s2021Model:              DLinear             

[1mData Loader[0m
  Data:               ETTm1               Root Path:          /home/cwh/Time-Series-Library/dataset/ETT-small
  Data Path:          ETTm1.csv           Features:           M                   
  Target:             OT                  Freq:               t                   
  Checkpoints:        /home/cwh/Time-Series-Library/logs/q2_main_baselines/checkpoints

[1mForecasting Task[0m
  Seq Len:            336                 Label Len:          48                  
  Pred Len:           720                 Seasonal Patterns:  Monthly             
  Inverse:            0                   

[1mModel Parameters[0m
  Top k:              5                   Num Kernels:        6                   
  Enc In:             7                   Dec In:             7                   
  C Out:              7                   d model:            32                  
  n heads:            4                   e layers:           2                   
  d layers:           1                   d FF:               64                  
  Moving Avg:         25                  Factor:             3                   
  Distil:             1                   Dropout:            0.1                 
  Embed:              timeF               Activation:         gelu                

[1mRun Parameters[0m
  Num Workers:        0                   Itr:                1                   
  Train Epochs:       10                  Batch Size:         32                  
  Patience:           3                   Learning Rate:      0.0001              
  Des:                dlinear_ettm1_sl336_pl720_s2021Loss:               MSE                 
  Lradj:              type1               Use Amp:            0                   

[1mGPU[0m
  Use GPU:            1                   GPU:                0                   
  Use Multi GPU:      0                   Devices:            0,1,2,3             

[1mDe-stationary Projector Params[0m
  P Hidden Dims:      128, 128            P Hidden Layers:    2                   

Use GPU: cuda:0
🚀 Lazy Loading: DLinear ...
>>>>>>>start training : long_term_forecast_dlinear_ettm1_sl336_pl720_s2021_DLinear_ETTm1_ftM_sl336_ll48_pl720_dm32_nh4_el2_dl1_df64_expand2_dc4_fc3_ebtimeF_dtTrue_dlinear_ettm1_sl336_pl720_s2021_0>>>>>>>>>>>>>>>>>>>>>>>>>>
train 33505
val 10801
	iters: 100, epoch: 1 | loss: 0.3627599
	speed: 0.0108s/iter; left time: 112.0558s
	iters: 200, epoch: 1 | loss: 0.4168756
	speed: 0.0038s/iter; left time: 39.4529s
	iters: 300, epoch: 1 | loss: 0.4338273
	speed: 0.0035s/iter; left time: 36.1037s
	iters: 400, epoch: 1 | loss: 0.3907518
	speed: 0.0039s/iter; left time: 39.2675s
	iters: 500, epoch: 1 | loss: 0.3922375
	speed: 0.0039s/iter; left time: 38.8691s
	iters: 600, epoch: 1 | loss: 0.5267939
	speed: 0.0037s/iter; left time: 36.3795s
	iters: 700, epoch: 1 | loss: 0.4465291
	speed: 0.0035s/iter; left time: 34.1436s
	iters: 800, epoch: 1 | loss: 0.3979112
	speed: 0.0039s/iter; left time: 37.7167s
	iters: 900, epoch: 1 | loss: 0.4361615
	speed: 0.0037s/iter; left time: 35.7648s
	iters: 1000, epoch: 1 | loss: 0.3824272
	speed: 0.0038s/iter; left time: 36.3239s
Epoch: 1 cost time: 4.105333089828491
Epoch: 1, Steps: 1048 | Train Loss: 0.4147657 Vali Loss: 0.8836691
Validation loss decreased (inf --> 0.883669).  Saving model ...
Updating learning rate to 0.0001
	iters: 100, epoch: 2 | loss: 0.3604706
	speed: 0.0148s/iter; left time: 138.0699s
	iters: 200, epoch: 2 | loss: 0.3681494
	speed: 0.0035s/iter; left time: 32.5121s
	iters: 300, epoch: 2 | loss: 0.4336800
	speed: 0.0039s/iter; left time: 35.9302s
	iters: 400, epoch: 2 | loss: 0.3869754
	speed: 0.0038s/iter; left time: 34.7678s
	iters: 500, epoch: 2 | loss: 0.3686016
	speed: 0.0037s/iter; left time: 33.4160s
	iters: 600, epoch: 2 | loss: 0.3922169
	speed: 0.0038s/iter; left time: 33.9829s
	iters: 700, epoch: 2 | loss: 0.4000499
	speed: 0.0037s/iter; left time: 32.0351s
	iters: 800, epoch: 2 | loss: 0.4411580
	speed: 0.0041s/iter; left time: 35.3548s
	iters: 900, epoch: 2 | loss: 0.3941840
	speed: 0.0039s/iter; left time: 33.1984s
	iters: 1000, epoch: 2 | loss: 0.4170218
	speed: 0.0037s/iter; left time: 30.9437s
Epoch: 2 cost time: 3.976588726043701
Epoch: 2, Steps: 1048 | Train Loss: 0.4029190 Vali Loss: 0.8663930
Validation loss decreased (0.883669 --> 0.866393).  Saving model ...
Updating learning rate to 5e-05
	iters: 100, epoch: 3 | loss: 0.4147969
	speed: 0.0143s/iter; left time: 118.8073s
	iters: 200, epoch: 3 | loss: 0.3971367
	speed: 0.0037s/iter; left time: 30.1090s
	iters: 300, epoch: 3 | loss: 0.4368680
	speed: 0.0036s/iter; left time: 29.2013s
	iters: 400, epoch: 3 | loss: 0.3225004
	speed: 0.0038s/iter; left time: 30.1877s
	iters: 500, epoch: 3 | loss: 0.4063800
	speed: 0.0039s/iter; left time: 30.8084s
	iters: 600, epoch: 3 | loss: 0.3698747
	speed: 0.0040s/iter; left time: 31.0929s
	iters: 700, epoch: 3 | loss: 0.4529892
	speed: 0.0038s/iter; left time: 29.4275s
	iters: 800, epoch: 3 | loss: 0.4403915
	speed: 0.0039s/iter; left time: 29.6144s
	iters: 900, epoch: 3 | loss: 0.3653337
	speed: 0.0036s/iter; left time: 26.6102s
	iters: 1000, epoch: 3 | loss: 0.4345385
	speed: 0.0037s/iter; left time: 27.1576s
Epoch: 3 cost time: 3.9479589462280273
Epoch: 3, Steps: 1048 | Train Loss: 0.4018376 Vali Loss: 0.8515062
Validation loss decreased (0.866393 --> 0.851506).  Saving model ...
Updating learning rate to 2.5e-05
	iters: 100, epoch: 4 | loss: 0.4157689
	speed: 0.0149s/iter; left time: 107.8615s
	iters: 200, epoch: 4 | loss: 0.3564179
	speed: 0.0038s/iter; left time: 26.9567s
	iters: 300, epoch: 4 | loss: 0.4043947
	speed: 0.0038s/iter; left time: 26.7288s
	iters: 400, epoch: 4 | loss: 0.3569480
	speed: 0.0039s/iter; left time: 26.7234s
	iters: 500, epoch: 4 | loss: 0.3427908
	speed: 0.0041s/iter; left time: 27.9787s
	iters: 600, epoch: 4 | loss: 0.4391610
	speed: 0.0038s/iter; left time: 25.5967s
	iters: 700, epoch: 4 | loss: 0.3774881
	speed: 0.0039s/iter; left time: 25.8011s
	iters: 800, epoch: 4 | loss: 0.3653682
	speed: 0.0038s/iter; left time: 25.0465s
	iters: 900, epoch: 4 | loss: 0.4179889
	speed: 0.0036s/iter; left time: 23.1514s
	iters: 1000, epoch: 4 | loss: 0.3482060
	speed: 0.0038s/iter; left time: 23.9221s
Epoch: 4 cost time: 4.0025575160980225
Epoch: 4, Steps: 1048 | Train Loss: 0.4010247 Vali Loss: 0.8699577
EarlyStopping counter: 1 out of 3
Updating learning rate to 1.25e-05
	iters: 100, epoch: 5 | loss: 0.4057600
	speed: 0.0146s/iter; left time: 90.3378s
	iters: 200, epoch: 5 | loss: 0.3791637
	speed: 0.0039s/iter; left time: 23.6397s
	iters: 300, epoch: 5 | loss: 0.3971410
	speed: 0.0041s/iter; left time: 24.5212s
	iters: 400, epoch: 5 | loss: 0.4647805
	speed: 0.0033s/iter; left time: 19.7253s
	iters: 500, epoch: 5 | loss: 0.4648225
	speed: 0.0039s/iter; left time: 22.3615s
	iters: 600, epoch: 5 | loss: 0.3897264
	speed: 0.0037s/iter; left time: 21.0094s
	iters: 700, epoch: 5 | loss: 0.3899785
	speed: 0.0039s/iter; left time: 21.5252s
	iters: 800, epoch: 5 | loss: 0.3938906
	speed: 0.0039s/iter; left time: 21.5450s
	iters: 900, epoch: 5 | loss: 0.4544012
	speed: 0.0037s/iter; left time: 20.1700s
	iters: 1000, epoch: 5 | loss: 0.4602803
	speed: 0.0038s/iter; left time: 19.9457s
Epoch: 5 cost time: 3.974884271621704
Epoch: 5, Steps: 1048 | Train Loss: 0.4007879 Vali Loss: 0.8765663
EarlyStopping counter: 2 out of 3
Updating learning rate to 6.25e-06
	iters: 100, epoch: 6 | loss: 0.4096234
	speed: 0.0146s/iter; left time: 75.1236s
	iters: 200, epoch: 6 | loss: 0.3690895
	speed: 0.0038s/iter; left time: 19.0029s
	iters: 300, epoch: 6 | loss: 0.4225372
	speed: 0.0038s/iter; left time: 18.6439s
	iters: 400, epoch: 6 | loss: 0.4067582
	speed: 0.0038s/iter; left time: 18.2183s
	iters: 500, epoch: 6 | loss: 0.3898655
	speed: 0.0039s/iter; left time: 18.2703s
	iters: 600, epoch: 6 | loss: 0.3815420
	speed: 0.0039s/iter; left time: 18.1986s
	iters: 700, epoch: 6 | loss: 0.3745585
	speed: 0.0038s/iter; left time: 17.3740s
	iters: 800, epoch: 6 | loss: 0.4226554
	speed: 0.0037s/iter; left time: 16.4238s
	iters: 900, epoch: 6 | loss: 0.3699662
	speed: 0.0036s/iter; left time: 15.8145s
	iters: 1000, epoch: 6 | loss: 0.3994222
	speed: 0.0037s/iter; left time: 15.6544s
Epoch: 6 cost time: 3.980933427810669
Epoch: 6, Steps: 1048 | Train Loss: 0.4008025 Vali Loss: 0.8680862
EarlyStopping counter: 3 out of 3
Early stopping
VALIDATION_RESULT {"best_epoch": 3, "best_mae": 0.6122338717466086, "best_mse": 0.8515061793461308, "epochs_ran": 6, "metric_version": "element_weighted_v1"}
>>>>>>>testing : long_term_forecast_dlinear_ettm1_sl336_pl720_s2021_DLinear_ETTm1_ftM_sl336_ll48_pl720_dm32_nh4_el2_dl1_df64_expand2_dc4_fc3_ebtimeF_dtTrue_dlinear_ettm1_sl336_pl720_s2021_0<<<<<<<<<<<<<<<<<<<<<<<<<<<<<<<<<
test 10801
test shape: (10801, 720, 7) (10801, 720, 7)
test shape: (10801, 720, 7) (10801, 720, 7)
mse:0.4281170964241028, mae:0.4257969260215759, dtw:Not calculated
