Using GPU
Args in experiment:
[1mBasic Config[0m
  Task Name:          long_term_forecast  Is Training:        1                   
  Model ID:           dlinear_ettm2_sl336_pl336_s2021Model:              DLinear             

[1mData Loader[0m
  Data:               ETTm2               Root Path:          /home/cwh/Time-Series-Library/dataset/ETT-small
  Data Path:          ETTm2.csv           Features:           M                   
  Target:             OT                  Freq:               t                   
  Checkpoints:        /home/cwh/Time-Series-Library/logs/q2_main_baselines/checkpoints

[1mForecasting Task[0m
  Seq Len:            336                 Label Len:          48                  
  Pred Len:           336                 Seasonal Patterns:  Monthly             
  Inverse:            0                   

[1mModel Parameters[0m
  Top k:              5                   Num Kernels:        6                   
  Enc In:             7                   Dec In:             7                   
  C Out:              7                   d model:            32                  
  n heads:            4                   e layers:           2                   
  d layers:           1                   d FF:               64                  
  Moving Avg:         25                  Factor:             3                   
  Distil:             1                   Dropout:            0.1                 
  Embed:              timeF               Activation:         gelu                

[1mRun Parameters[0m
  Num Workers:        0                   Itr:                1                   
  Train Epochs:       10                  Batch Size:         32                  
  Patience:           3                   Learning Rate:      0.0001              
  Des:                dlinear_ettm2_sl336_pl336_s2021Loss:               MSE                 
  Lradj:              type1               Use Amp:            0                   

[1mGPU[0m
  Use GPU:            1                   GPU:                0                   
  Use Multi GPU:      0                   Devices:            0,1,2,3             

[1mDe-stationary Projector Params[0m
  P Hidden Dims:      128, 128            P Hidden Layers:    2                   

Use GPU: cuda:0
🚀 Lazy Loading: DLinear ...
>>>>>>>start training : long_term_forecast_dlinear_ettm2_sl336_pl336_s2021_DLinear_ETTm2_ftM_sl336_ll48_pl336_dm32_nh4_el2_dl1_df64_expand2_dc4_fc3_ebtimeF_dtTrue_dlinear_ettm2_sl336_pl336_s2021_0>>>>>>>>>>>>>>>>>>>>>>>>>>
train 33889
val 11185
	iters: 100, epoch: 1 | loss: 0.2497112
	speed: 0.0104s/iter; left time: 109.3882s
	iters: 200, epoch: 1 | loss: 0.6645156
	speed: 0.0037s/iter; left time: 38.1594s
	iters: 300, epoch: 1 | loss: 0.5904499
	speed: 0.0036s/iter; left time: 36.7937s
	iters: 400, epoch: 1 | loss: 0.4714935
	speed: 0.0037s/iter; left time: 37.8968s
	iters: 500, epoch: 1 | loss: 0.6198349
	speed: 0.0037s/iter; left time: 37.6291s
	iters: 600, epoch: 1 | loss: 0.4240388
	speed: 0.0037s/iter; left time: 37.4668s
	iters: 700, epoch: 1 | loss: 0.9040291
	speed: 0.0037s/iter; left time: 36.6646s
	iters: 800, epoch: 1 | loss: 0.6098942
	speed: 0.0039s/iter; left time: 38.5158s
	iters: 900, epoch: 1 | loss: 0.3376943
	speed: 0.0037s/iter; left time: 35.9937s
	iters: 1000, epoch: 1 | loss: 0.2584504
	speed: 0.0039s/iter; left time: 37.1575s
Epoch: 1 cost time: 4.0954389572143555
Epoch: 1, Steps: 1060 | Train Loss: 0.3917346 Vali Loss: 0.2138612
Validation loss decreased (inf --> 0.213861).  Saving model ...
Updating learning rate to 0.0001
	iters: 100, epoch: 2 | loss: 0.2196223
	speed: 0.0167s/iter; left time: 157.8138s
	iters: 200, epoch: 2 | loss: 0.2521095
	speed: 0.0040s/iter; left time: 37.1368s
	iters: 300, epoch: 2 | loss: 0.5476434
	speed: 0.0037s/iter; left time: 34.4124s
	iters: 400, epoch: 2 | loss: 0.3903930
	speed: 0.0038s/iter; left time: 34.6436s
	iters: 500, epoch: 2 | loss: 0.3106652
	speed: 0.0038s/iter; left time: 34.6129s
	iters: 600, epoch: 2 | loss: 0.2436935
	speed: 0.0040s/iter; left time: 35.3260s
	iters: 700, epoch: 2 | loss: 0.3047349
	speed: 0.0038s/iter; left time: 33.2811s
	iters: 800, epoch: 2 | loss: 0.3056230
	speed: 0.0036s/iter; left time: 31.3055s
	iters: 900, epoch: 2 | loss: 0.2086779
	speed: 0.0038s/iter; left time: 32.7825s
	iters: 1000, epoch: 2 | loss: 0.3254464
	speed: 0.0036s/iter; left time: 30.5292s
Epoch: 2 cost time: 3.989384651184082
Epoch: 2, Steps: 1060 | Train Loss: 0.3756093 Vali Loss: 0.2192697
EarlyStopping counter: 1 out of 3
Updating learning rate to 5e-05
	iters: 100, epoch: 3 | loss: 0.2101650
	speed: 0.0167s/iter; left time: 139.8968s
	iters: 200, epoch: 3 | loss: 0.5038868
	speed: 0.0032s/iter; left time: 26.1471s
	iters: 300, epoch: 3 | loss: 0.6852250
	speed: 0.0039s/iter; left time: 31.7079s
	iters: 400, epoch: 3 | loss: 0.4982077
	speed: 0.0058s/iter; left time: 46.5089s
	iters: 500, epoch: 3 | loss: 0.3445902
	speed: 0.0039s/iter; left time: 31.2662s
	iters: 600, epoch: 3 | loss: 0.2441306
	speed: 0.0044s/iter; left time: 34.8458s
	iters: 700, epoch: 3 | loss: 0.3872895
	speed: 0.0038s/iter; left time: 29.4984s
	iters: 800, epoch: 3 | loss: 0.2627964
	speed: 0.0039s/iter; left time: 29.5945s
	iters: 900, epoch: 3 | loss: 0.4472951
	speed: 0.0039s/iter; left time: 29.6114s
	iters: 1000, epoch: 3 | loss: 0.4189187
	speed: 0.0035s/iter; left time: 26.5015s
Epoch: 3 cost time: 4.1434056758880615
Epoch: 3, Steps: 1060 | Train Loss: 0.3728366 Vali Loss: 0.2208848
EarlyStopping counter: 2 out of 3
Updating learning rate to 2.5e-05
	iters: 100, epoch: 4 | loss: 0.2278985
	speed: 0.0096s/iter; left time: 70.3125s
	iters: 200, epoch: 4 | loss: 0.2319613
	speed: 0.0022s/iter; left time: 15.8851s
	iters: 300, epoch: 4 | loss: 0.2139911
	speed: 0.0031s/iter; left time: 22.4165s
	iters: 400, epoch: 4 | loss: 0.6329535
	speed: 0.0023s/iter; left time: 16.1667s
	iters: 500, epoch: 4 | loss: 0.4082469
	speed: 0.0021s/iter; left time: 14.6255s
	iters: 600, epoch: 4 | loss: 0.2577493
	speed: 0.0030s/iter; left time: 20.5649s
	iters: 700, epoch: 4 | loss: 0.4149918
	speed: 0.0023s/iter; left time: 15.3642s
	iters: 800, epoch: 4 | loss: 0.5563146
	speed: 0.0022s/iter; left time: 14.5353s
	iters: 900, epoch: 4 | loss: 0.2546075
	speed: 0.0023s/iter; left time: 14.6894s
	iters: 1000, epoch: 4 | loss: 0.3882472
	speed: 0.0023s/iter; left time: 14.9360s
Epoch: 4 cost time: 2.634434461593628
Epoch: 4, Steps: 1060 | Train Loss: 0.3720851 Vali Loss: 0.2184530
EarlyStopping counter: 3 out of 3
Early stopping
VALIDATION_RESULT {"best_epoch": 1, "best_mae": 0.3236835430329793, "best_mse": 0.21386123544052071, "epochs_ran": 4, "metric_version": "element_weighted_v1"}
>>>>>>>testing : long_term_forecast_dlinear_ettm2_sl336_pl336_s2021_DLinear_ETTm2_ftM_sl336_ll48_pl336_dm32_nh4_el2_dl1_df64_expand2_dc4_fc3_ebtimeF_dtTrue_dlinear_ettm2_sl336_pl336_s2021_0<<<<<<<<<<<<<<<<<<<<<<<<<<<<<<<<<
test 11185
test shape: (11185, 336, 7) (11185, 336, 7)
test shape: (11185, 336, 7) (11185, 336, 7)
mse:0.3044562041759491, mae:0.3659506142139435, dtw:Not calculated
