Using GPU
Args in experiment:
[1mBasic Config[0m
  Task Name:          long_term_forecast  Is Training:        1                   
  Model ID:           itransformer_ettm1_sl336_pl192_s2021Model:              iTransformer        

[1mData Loader[0m
  Data:               ETTm1               Root Path:          /home/cwh/Time-Series-Library/dataset/ETT-small
  Data Path:          ETTm1.csv           Features:           M                   
  Target:             OT                  Freq:               t                   
  Checkpoints:        /home/cwh/Time-Series-Library/logs/q2_main_baselines/checkpoints

[1mForecasting Task[0m
  Seq Len:            336                 Label Len:          48                  
  Pred Len:           192                 Seasonal Patterns:  Monthly             
  Inverse:            0                   

[1mModel Parameters[0m
  Top k:              5                   Num Kernels:        6                   
  Enc In:             7                   Dec In:             7                   
  C Out:              7                   d model:            128                 
  n heads:            8                   e layers:           2                   
  d layers:           1                   d FF:               128                 
  Moving Avg:         25                  Factor:             3                   
  Distil:             1                   Dropout:            0.1                 
  Embed:              timeF               Activation:         gelu                

[1mRun Parameters[0m
  Num Workers:        0                   Itr:                1                   
  Train Epochs:       10                  Batch Size:         32                  
  Patience:           3                   Learning Rate:      0.0001              
  Des:                itransformer_ettm1_sl336_pl192_s2021Loss:               MSE                 
  Lradj:              type1               Use Amp:            0                   

[1mGPU[0m
  Use GPU:            1                   GPU:                0                   
  Use Multi GPU:      0                   Devices:            0,1,2,3             

[1mDe-stationary Projector Params[0m
  P Hidden Dims:      128, 128            P Hidden Layers:    2                   

Use GPU: cuda:0
🚀 Lazy Loading: iTransformer ...
>>>>>>>start training : long_term_forecast_itransformer_ettm1_sl336_pl192_s2021_iTransformer_ETTm1_ftM_sl336_ll48_pl192_dm128_nh8_el2_dl1_df128_expand2_dc4_fc3_ebtimeF_dtTrue_itransformer_ettm1_sl336_pl192_s2021_0>>>>>>>>>>>>>>>>>>>>>>>>>>
train 34033
val 11329
	iters: 100, epoch: 1 | loss: 0.3970998
	speed: 0.0078s/iter; left time: 81.9710s
	iters: 200, epoch: 1 | loss: 0.3408377
	speed: 0.0055s/iter; left time: 57.1733s
	iters: 300, epoch: 1 | loss: 0.3034846
	speed: 0.0054s/iter; left time: 55.5118s
	iters: 400, epoch: 1 | loss: 0.3421058
	speed: 0.0055s/iter; left time: 56.7033s
	iters: 500, epoch: 1 | loss: 0.2789195
	speed: 0.0055s/iter; left time: 56.0852s
	iters: 600, epoch: 1 | loss: 0.3112151
	speed: 0.0054s/iter; left time: 54.5068s
	iters: 700, epoch: 1 | loss: 0.3481564
	speed: 0.0055s/iter; left time: 54.4334s
	iters: 800, epoch: 1 | loss: 0.3319703
	speed: 0.0055s/iter; left time: 54.1827s
	iters: 900, epoch: 1 | loss: 0.2875306
	speed: 0.0055s/iter; left time: 53.1318s
	iters: 1000, epoch: 1 | loss: 0.3587388
	speed: 0.0054s/iter; left time: 51.9384s
Epoch: 1 cost time: 6.042076349258423
Epoch: 1, Steps: 1064 | Train Loss: 0.3455104 Vali Loss: 0.5022610
Validation loss decreased (inf --> 0.502261).  Saving model ...
Updating learning rate to 0.0001
	iters: 100, epoch: 2 | loss: 0.3163638
	speed: 0.0174s/iter; left time: 164.7411s
	iters: 200, epoch: 2 | loss: 0.2898660
	speed: 0.0055s/iter; left time: 51.7287s
	iters: 300, epoch: 2 | loss: 0.3006734
	speed: 0.0055s/iter; left time: 51.1852s
	iters: 400, epoch: 2 | loss: 0.2924778
	speed: 0.0056s/iter; left time: 51.3727s
	iters: 500, epoch: 2 | loss: 0.2884574
	speed: 0.0055s/iter; left time: 49.8334s
	iters: 600, epoch: 2 | loss: 0.3083026
	speed: 0.0055s/iter; left time: 49.4729s
	iters: 700, epoch: 2 | loss: 0.2496697
	speed: 0.0057s/iter; left time: 50.4787s
	iters: 800, epoch: 2 | loss: 0.2623798
	speed: 0.0055s/iter; left time: 48.1368s
	iters: 900, epoch: 2 | loss: 0.2735080
	speed: 0.0054s/iter; left time: 46.7385s
	iters: 1000, epoch: 2 | loss: 0.2638902
	speed: 0.0054s/iter; left time: 46.4690s
Epoch: 2 cost time: 5.841899871826172
Epoch: 2, Steps: 1064 | Train Loss: 0.2963260 Vali Loss: 0.4911344
Validation loss decreased (0.502261 --> 0.491134).  Saving model ...
Updating learning rate to 5e-05
	iters: 100, epoch: 3 | loss: 0.2229306
	speed: 0.0174s/iter; left time: 146.3835s
	iters: 200, epoch: 3 | loss: 0.3207549
	speed: 0.0058s/iter; left time: 48.2669s
	iters: 300, epoch: 3 | loss: 0.2452222
	speed: 0.0055s/iter; left time: 44.8019s
	iters: 400, epoch: 3 | loss: 0.2981920
	speed: 0.0055s/iter; left time: 44.7478s
	iters: 500, epoch: 3 | loss: 0.2829043
	speed: 0.0057s/iter; left time: 45.8401s
	iters: 600, epoch: 3 | loss: 0.2615010
	speed: 0.0057s/iter; left time: 45.3425s
	iters: 700, epoch: 3 | loss: 0.2476901
	speed: 0.0060s/iter; left time: 47.0132s
	iters: 800, epoch: 3 | loss: 0.2227393
	speed: 0.0057s/iter; left time: 43.7855s
	iters: 900, epoch: 3 | loss: 0.2978653
	speed: 0.0060s/iter; left time: 45.3404s
	iters: 1000, epoch: 3 | loss: 0.2437932
	speed: 0.0060s/iter; left time: 44.7782s
Epoch: 3 cost time: 6.106671333312988
Epoch: 3, Steps: 1064 | Train Loss: 0.2818300 Vali Loss: 0.5012018
EarlyStopping counter: 1 out of 3
Updating learning rate to 2.5e-05
	iters: 100, epoch: 4 | loss: 0.2992458
	speed: 0.0177s/iter; left time: 129.9121s
	iters: 200, epoch: 4 | loss: 0.2606553
	speed: 0.0057s/iter; left time: 41.6215s
	iters: 300, epoch: 4 | loss: 0.2503799
	speed: 0.0058s/iter; left time: 41.1735s
	iters: 400, epoch: 4 | loss: 0.2383901
	speed: 0.0058s/iter; left time: 41.0343s
	iters: 500, epoch: 4 | loss: 0.2722777
	speed: 0.0059s/iter; left time: 41.1898s
	iters: 600, epoch: 4 | loss: 0.2784090
	speed: 0.0058s/iter; left time: 39.9125s
	iters: 700, epoch: 4 | loss: 0.2587679
	speed: 0.0058s/iter; left time: 39.0190s
	iters: 800, epoch: 4 | loss: 0.2793608
	speed: 0.0057s/iter; left time: 38.0308s
	iters: 900, epoch: 4 | loss: 0.2712605
	speed: 0.0058s/iter; left time: 38.1927s
	iters: 1000, epoch: 4 | loss: 0.2569159
	speed: 0.0056s/iter; left time: 36.3757s
Epoch: 4 cost time: 6.131789207458496
Epoch: 4, Steps: 1064 | Train Loss: 0.2762056 Vali Loss: 0.5084807
EarlyStopping counter: 2 out of 3
Updating learning rate to 1.25e-05
	iters: 100, epoch: 5 | loss: 0.2513354
	speed: 0.0182s/iter; left time: 114.1454s
	iters: 200, epoch: 5 | loss: 0.2562266
	speed: 0.0058s/iter; left time: 35.8838s
	iters: 300, epoch: 5 | loss: 0.2776427
	speed: 0.0060s/iter; left time: 36.2970s
	iters: 400, epoch: 5 | loss: 0.2607370
	speed: 0.0058s/iter; left time: 34.6247s
	iters: 500, epoch: 5 | loss: 0.3101244
	speed: 0.0060s/iter; left time: 35.3756s
	iters: 600, epoch: 5 | loss: 0.2667242
	speed: 0.0056s/iter; left time: 32.3233s
	iters: 700, epoch: 5 | loss: 0.2901129
	speed: 0.0058s/iter; left time: 33.1907s
	iters: 800, epoch: 5 | loss: 0.2530731
	speed: 0.0058s/iter; left time: 32.5186s
	iters: 900, epoch: 5 | loss: 0.2997024
	speed: 0.0060s/iter; left time: 32.8914s
	iters: 1000, epoch: 5 | loss: 0.2837667
	speed: 0.0058s/iter; left time: 31.4137s
Epoch: 5 cost time: 6.2243077754974365
Epoch: 5, Steps: 1064 | Train Loss: 0.2735381 Vali Loss: 0.5055132
EarlyStopping counter: 3 out of 3
Early stopping
VALIDATION_RESULT {"best_epoch": 2, "best_mae": 0.46925262741247864, "best_mse": 0.4911343895117139, "epochs_ran": 5, "metric_version": "element_weighted_v1"}
>>>>>>>testing : long_term_forecast_itransformer_ettm1_sl336_pl192_s2021_iTransformer_ETTm1_ftM_sl336_ll48_pl192_dm128_nh8_el2_dl1_df128_expand2_dc4_fc3_ebtimeF_dtTrue_itransformer_ettm1_sl336_pl192_s2021_0<<<<<<<<<<<<<<<<<<<<<<<<<<<<<<<<<
test 11329
test shape: (11329, 192, 7) (11329, 192, 7)
test shape: (11329, 192, 7) (11329, 192, 7)
mse:0.3463185727596283, mae:0.3824487626552582, dtw:Not calculated
