Using GPU
Args in experiment:
[1mBasic Config[0m
  Task Name:          long_term_forecast  Is Training:        1                   
  Model ID:           itransformer_ettm2_sl336_pl720_s2021Model:              iTransformer        

[1mData Loader[0m
  Data:               ETTm2               Root Path:          /home/cwh/Time-Series-Library/dataset/ETT-small
  Data Path:          ETTm2.csv           Features:           M                   
  Target:             OT                  Freq:               t                   
  Checkpoints:        /home/cwh/Time-Series-Library/logs/q2_main_baselines/checkpoints

[1mForecasting Task[0m
  Seq Len:            336                 Label Len:          48                  
  Pred Len:           720                 Seasonal Patterns:  Monthly             
  Inverse:            0                   

[1mModel Parameters[0m
  Top k:              5                   Num Kernels:        6                   
  Enc In:             7                   Dec In:             7                   
  C Out:              7                   d model:            128                 
  n heads:            8                   e layers:           2                   
  d layers:           1                   d FF:               128                 
  Moving Avg:         25                  Factor:             3                   
  Distil:             1                   Dropout:            0.1                 
  Embed:              timeF               Activation:         gelu                

[1mRun Parameters[0m
  Num Workers:        0                   Itr:                1                   
  Train Epochs:       10                  Batch Size:         32                  
  Patience:           3                   Learning Rate:      0.0001              
  Des:                itransformer_ettm2_sl336_pl720_s2021Loss:               MSE                 
  Lradj:              type1               Use Amp:            0                   

[1mGPU[0m
  Use GPU:            1                   GPU:                0                   
  Use Multi GPU:      0                   Devices:            0,1,2,3             

[1mDe-stationary Projector Params[0m
  P Hidden Dims:      128, 128            P Hidden Layers:    2                   

Use GPU: cuda:0
🚀 Lazy Loading: iTransformer ...
>>>>>>>start training : long_term_forecast_itransformer_ettm2_sl336_pl720_s2021_iTransformer_ETTm2_ftM_sl336_ll48_pl720_dm128_nh8_el2_dl1_df128_expand2_dc4_fc3_ebtimeF_dtTrue_itransformer_ettm2_sl336_pl720_s2021_0>>>>>>>>>>>>>>>>>>>>>>>>>>
train 33505
val 10801
	iters: 100, epoch: 1 | loss: 0.7606887
	speed: 0.0080s/iter; left time: 83.1590s
	iters: 200, epoch: 1 | loss: 0.4309691
	speed: 0.0063s/iter; left time: 64.5715s
	iters: 300, epoch: 1 | loss: 0.5993010
	speed: 0.0059s/iter; left time: 59.5919s
	iters: 400, epoch: 1 | loss: 0.4800880
	speed: 0.0061s/iter; left time: 61.3991s
	iters: 500, epoch: 1 | loss: 0.4947076
	speed: 0.0057s/iter; left time: 56.6820s
	iters: 600, epoch: 1 | loss: 0.4231204
	speed: 0.0061s/iter; left time: 59.8239s
	iters: 700, epoch: 1 | loss: 0.4408631
	speed: 0.0059s/iter; left time: 58.0738s
	iters: 800, epoch: 1 | loss: 0.7152768
	speed: 0.0059s/iter; left time: 56.9656s
	iters: 900, epoch: 1 | loss: 0.7300475
	speed: 0.0060s/iter; left time: 57.7211s
	iters: 1000, epoch: 1 | loss: 0.2962274
	speed: 0.0059s/iter; left time: 55.8544s
Epoch: 1 cost time: 6.449591636657715
Epoch: 1, Steps: 1048 | Train Loss: 0.5396610 Vali Loss: 0.2772489
Validation loss decreased (inf --> 0.277249).  Saving model ...
Updating learning rate to 0.0001
	iters: 100, epoch: 2 | loss: 0.3735559
	speed: 0.0179s/iter; left time: 167.4163s
	iters: 200, epoch: 2 | loss: 0.4728402
	speed: 0.0059s/iter; left time: 54.8120s
	iters: 300, epoch: 2 | loss: 0.4373174
	speed: 0.0060s/iter; left time: 54.7478s
	iters: 400, epoch: 2 | loss: 0.4461392
	speed: 0.0062s/iter; left time: 56.2340s
	iters: 500, epoch: 2 | loss: 0.7098362
	speed: 0.0063s/iter; left time: 55.9450s
	iters: 600, epoch: 2 | loss: 0.4489842
	speed: 0.0063s/iter; left time: 55.4903s
	iters: 700, epoch: 2 | loss: 0.4749181
	speed: 0.0059s/iter; left time: 51.7575s
	iters: 800, epoch: 2 | loss: 0.4783963
	speed: 0.0060s/iter; left time: 52.1891s
	iters: 900, epoch: 2 | loss: 0.6687914
	speed: 0.0060s/iter; left time: 51.0558s
	iters: 1000, epoch: 2 | loss: 0.3707983
	speed: 0.0060s/iter; left time: 50.7561s
Epoch: 2 cost time: 6.353241920471191
Epoch: 2, Steps: 1048 | Train Loss: 0.4761535 Vali Loss: 0.2921721
EarlyStopping counter: 1 out of 3
Updating learning rate to 5e-05
	iters: 100, epoch: 3 | loss: 0.4400059
	speed: 0.0178s/iter; left time: 147.3383s
	iters: 200, epoch: 3 | loss: 0.2388459
	speed: 0.0060s/iter; left time: 49.0518s
	iters: 300, epoch: 3 | loss: 0.3924161
	speed: 0.0062s/iter; left time: 49.9198s
	iters: 400, epoch: 3 | loss: 0.4300625
	speed: 0.0060s/iter; left time: 48.1237s
	iters: 500, epoch: 3 | loss: 0.3382698
	speed: 0.0059s/iter; left time: 46.4218s
	iters: 600, epoch: 3 | loss: 0.3591946
	speed: 0.0061s/iter; left time: 47.2466s
	iters: 700, epoch: 3 | loss: 0.3486637
	speed: 0.0060s/iter; left time: 45.7566s
	iters: 800, epoch: 3 | loss: 0.4515872
	speed: 0.0060s/iter; left time: 45.6141s
	iters: 900, epoch: 3 | loss: 0.2627952
	speed: 0.0060s/iter; left time: 44.5987s
	iters: 1000, epoch: 3 | loss: 0.2790082
	speed: 0.0058s/iter; left time: 42.7060s
Epoch: 3 cost time: 6.282989740371704
Epoch: 3, Steps: 1048 | Train Loss: 0.4338327 Vali Loss: 0.2969946
EarlyStopping counter: 2 out of 3
Updating learning rate to 2.5e-05
	iters: 100, epoch: 4 | loss: 0.3768545
	speed: 0.0173s/iter; left time: 125.0980s
	iters: 200, epoch: 4 | loss: 0.2621009
	speed: 0.0060s/iter; left time: 42.7759s
	iters: 300, epoch: 4 | loss: 0.7629935
	speed: 0.0060s/iter; left time: 41.9777s
	iters: 400, epoch: 4 | loss: 0.4848022
	speed: 0.0059s/iter; left time: 41.0993s
	iters: 500, epoch: 4 | loss: 0.5369344
	speed: 0.0060s/iter; left time: 41.2225s
	iters: 600, epoch: 4 | loss: 0.4593036
	speed: 0.0059s/iter; left time: 40.0815s
	iters: 700, epoch: 4 | loss: 0.3403193
	speed: 0.0062s/iter; left time: 41.2487s
	iters: 800, epoch: 4 | loss: 0.5781717
	speed: 0.0059s/iter; left time: 38.4759s
	iters: 900, epoch: 4 | loss: 0.4745422
	speed: 0.0061s/iter; left time: 39.5743s
	iters: 1000, epoch: 4 | loss: 0.3644055
	speed: 0.0062s/iter; left time: 39.1887s
Epoch: 4 cost time: 6.299962520599365
Epoch: 4, Steps: 1048 | Train Loss: 0.4211048 Vali Loss: 0.3017160
EarlyStopping counter: 3 out of 3
Early stopping
VALIDATION_RESULT {"best_epoch": 1, "best_mae": 0.3591572899226795, "best_mse": 0.27724886892413925, "epochs_ran": 4, "metric_version": "element_weighted_v1"}
>>>>>>>testing : long_term_forecast_itransformer_ettm2_sl336_pl720_s2021_iTransformer_ETTm2_ftM_sl336_ll48_pl720_dm128_nh8_el2_dl1_df128_expand2_dc4_fc3_ebtimeF_dtTrue_itransformer_ettm2_sl336_pl720_s2021_0<<<<<<<<<<<<<<<<<<<<<<<<<<<<<<<<<
test 10801
test shape: (10801, 720, 7) (10801, 720, 7)
test shape: (10801, 720, 7) (10801, 720, 7)
mse:0.37405216693878174, mae:0.39334094524383545, dtw:Not calculated
