Using GPU
Args in experiment:
[1mBasic Config[0m
  Task Name:          long_term_forecast  Is Training:        1                   
  Model ID:           itransformer_weather_sl336_pl336_s2021Model:              iTransformer        

[1mData Loader[0m
  Data:               custom              Root Path:          /home/cwh/Time-Series-Library/dataset/weather
  Data Path:          weather.csv         Features:           M                   
  Target:             CO2 (ppm)           Freq:               t                   
  Checkpoints:        /home/cwh/Time-Series-Library/logs/q2_main_baselines/checkpoints

[1mForecasting Task[0m
  Seq Len:            336                 Label Len:          48                  
  Pred Len:           336                 Seasonal Patterns:  Monthly             
  Inverse:            0                   

[1mModel Parameters[0m
  Top k:              5                   Num Kernels:        6                   
  Enc In:             21                  Dec In:             21                  
  C Out:              21                  d model:            512                 
  n heads:            8                   e layers:           3                   
  d layers:           1                   d FF:               512                 
  Moving Avg:         25                  Factor:             3                   
  Distil:             1                   Dropout:            0.1                 
  Embed:              timeF               Activation:         gelu                

[1mRun Parameters[0m
  Num Workers:        0                   Itr:                1                   
  Train Epochs:       10                  Batch Size:         32                  
  Patience:           3                   Learning Rate:      0.0001              
  Des:                itransformer_weather_sl336_pl336_s2021Loss:               MSE                 
  Lradj:              type1               Use Amp:            0                   

[1mGPU[0m
  Use GPU:            1                   GPU:                0                   
  Use Multi GPU:      0                   Devices:            0,1,2,3             

[1mDe-stationary Projector Params[0m
  P Hidden Dims:      128, 128            P Hidden Layers:    2                   

Use GPU: cuda:0
🚀 Lazy Loading: iTransformer ...
>>>>>>>start training : long_term_forecast_itransformer_weather_sl336_pl336_s2021_iTransformer_custom_ftM_sl336_ll48_pl336_dm512_nh8_el3_dl1_df512_expand2_dc4_fc3_ebtimeF_dtTrue_itransformer_weather_sl336_pl336_s2021_0>>>>>>>>>>>>>>>>>>>>>>>>>>
train 36216
val 4935
	iters: 100, epoch: 1 | loss: 1.0420753
	speed: 0.0096s/iter; left time: 107.6187s
	iters: 200, epoch: 1 | loss: 0.4718573
	speed: 0.0080s/iter; left time: 89.3436s
	iters: 300, epoch: 1 | loss: 0.4111036
	speed: 0.0081s/iter; left time: 89.6075s
	iters: 400, epoch: 1 | loss: 0.7560707
	speed: 0.0081s/iter; left time: 88.7600s
	iters: 500, epoch: 1 | loss: 0.3971912
	speed: 0.0081s/iter; left time: 87.4401s
	iters: 600, epoch: 1 | loss: 0.5147094
	speed: 0.0080s/iter; left time: 85.5811s
	iters: 700, epoch: 1 | loss: 0.4112105
	speed: 0.0079s/iter; left time: 83.9751s
	iters: 800, epoch: 1 | loss: 0.5365173
	speed: 0.0078s/iter; left time: 82.2877s
	iters: 900, epoch: 1 | loss: 0.5048371
	speed: 0.0079s/iter; left time: 81.9916s
	iters: 1000, epoch: 1 | loss: 0.4542652
	speed: 0.0079s/iter; left time: 81.7829s
	iters: 1100, epoch: 1 | loss: 0.7552329
	speed: 0.0080s/iter; left time: 82.1129s
Epoch: 1 cost time: 9.200860977172852
Epoch: 1, Steps: 1132 | Train Loss: 0.5469513 Vali Loss: 0.5568254
Validation loss decreased (inf --> 0.556825).  Saving model ...
Updating learning rate to 0.0001
	iters: 100, epoch: 2 | loss: 0.7326959
	speed: 0.0162s/iter; left time: 163.8203s
	iters: 200, epoch: 2 | loss: 0.4682814
	speed: 0.0082s/iter; left time: 81.6790s
	iters: 300, epoch: 2 | loss: 0.6397648
	speed: 0.0085s/iter; left time: 84.1757s
	iters: 400, epoch: 2 | loss: 0.4250385
	speed: 0.0081s/iter; left time: 79.2545s
	iters: 500, epoch: 2 | loss: 0.4196331
	speed: 0.0078s/iter; left time: 75.4326s
	iters: 600, epoch: 2 | loss: 0.3612006
	speed: 0.0080s/iter; left time: 76.9903s
	iters: 700, epoch: 2 | loss: 0.4064180
	speed: 0.0078s/iter; left time: 73.5806s
	iters: 800, epoch: 2 | loss: 0.3806456
	speed: 0.0078s/iter; left time: 73.6275s
	iters: 900, epoch: 2 | loss: 0.4475483
	speed: 0.0081s/iter; left time: 75.3006s
	iters: 1000, epoch: 2 | loss: 0.4207204
	speed: 0.0079s/iter; left time: 72.5196s
	iters: 1100, epoch: 2 | loss: 0.3444821
	speed: 0.0078s/iter; left time: 70.8600s
Epoch: 2 cost time: 9.057661056518555
Epoch: 2, Steps: 1132 | Train Loss: 0.4807971 Vali Loss: 0.5891932
EarlyStopping counter: 1 out of 3
Updating learning rate to 5e-05
	iters: 100, epoch: 3 | loss: 0.3592184
	speed: 0.0152s/iter; left time: 136.1748s
	iters: 200, epoch: 3 | loss: 0.3035290
	speed: 0.0080s/iter; left time: 70.4205s
	iters: 300, epoch: 3 | loss: 0.3356470
	speed: 0.0079s/iter; left time: 68.8699s
	iters: 400, epoch: 3 | loss: 0.7181670
	speed: 0.0077s/iter; left time: 66.3362s
	iters: 500, epoch: 3 | loss: 0.3722555
	speed: 0.0078s/iter; left time: 66.3955s
	iters: 600, epoch: 3 | loss: 0.6584532
	speed: 0.0076s/iter; left time: 64.3855s
	iters: 700, epoch: 3 | loss: 0.3027005
	speed: 0.0075s/iter; left time: 62.7398s
	iters: 800, epoch: 3 | loss: 0.3559538
	speed: 0.0079s/iter; left time: 65.2161s
	iters: 900, epoch: 3 | loss: 0.3675941
	speed: 0.0078s/iter; left time: 63.7357s
	iters: 1000, epoch: 3 | loss: 0.3821495
	speed: 0.0079s/iter; left time: 64.0497s
	iters: 1100, epoch: 3 | loss: 0.3733568
	speed: 0.0080s/iter; left time: 63.7352s
Epoch: 3 cost time: 8.826229572296143
Epoch: 3, Steps: 1132 | Train Loss: 0.4365634 Vali Loss: 0.5980225
EarlyStopping counter: 2 out of 3
Updating learning rate to 2.5e-05
	iters: 100, epoch: 4 | loss: 0.3891124
	speed: 0.0157s/iter; left time: 123.1067s
	iters: 200, epoch: 4 | loss: 0.3954323
	speed: 0.0078s/iter; left time: 60.4176s
	iters: 300, epoch: 4 | loss: 0.4180389
	speed: 0.0078s/iter; left time: 59.4042s
	iters: 400, epoch: 4 | loss: 0.3304012
	speed: 0.0076s/iter; left time: 57.4081s
	iters: 500, epoch: 4 | loss: 0.3404695
	speed: 0.0077s/iter; left time: 57.3771s
	iters: 600, epoch: 4 | loss: 0.3446569
	speed: 0.0078s/iter; left time: 56.9064s
	iters: 700, epoch: 4 | loss: 0.3293626
	speed: 0.0079s/iter; left time: 57.0924s
	iters: 800, epoch: 4 | loss: 0.2748281
	speed: 0.0080s/iter; left time: 56.7411s
	iters: 900, epoch: 4 | loss: 0.3752155
	speed: 0.0078s/iter; left time: 55.1059s
	iters: 1000, epoch: 4 | loss: 0.9533304
	speed: 0.0079s/iter; left time: 54.5840s
	iters: 1100, epoch: 4 | loss: 0.4150577
	speed: 0.0077s/iter; left time: 52.4269s
Epoch: 4 cost time: 8.858644485473633
Epoch: 4, Steps: 1132 | Train Loss: 0.4153514 Vali Loss: 0.5969389
EarlyStopping counter: 3 out of 3
Early stopping
VALIDATION_RESULT {"best_epoch": 1, "best_mae": 0.39085224725839973, "best_mse": 0.556825428280587, "epochs_ran": 4, "metric_version": "element_weighted_v1"}
>>>>>>>testing : long_term_forecast_itransformer_weather_sl336_pl336_s2021_iTransformer_custom_ftM_sl336_ll48_pl336_dm512_nh8_el3_dl1_df512_expand2_dc4_fc3_ebtimeF_dtTrue_itransformer_weather_sl336_pl336_s2021_0<<<<<<<<<<<<<<<<<<<<<<<<<<<<<<<<<
test 10204
test shape: (10204, 336, 21) (10204, 336, 21)
test shape: (10204, 336, 21) (10204, 336, 21)
mse:0.25829485058784485, mae:0.2920580804347992, dtw:Not calculated
