Using GPU
Args in experiment:
[1mBasic Config[0m
  Task Name:          long_term_forecast  Is Training:        1                   
  Model ID:           msgnet_ettm2_sl336_pl336_s2021Model:              MSGNet              

[1mData Loader[0m
  Data:               ETTm2               Root Path:          /home/cwh/Time-Series-Library/dataset/ETT-small
  Data Path:          ETTm2.csv           Features:           M                   
  Target:             OT                  Freq:               t                   
  Checkpoints:        /home/cwh/Time-Series-Library/logs/q2_main_baselines/checkpoints

[1mForecasting Task[0m
  Seq Len:            336                 Label Len:          48                  
  Pred Len:           336                 Seasonal Patterns:  Monthly             
  Inverse:            0                   

[1mModel Parameters[0m
  Top k:              3                   Num Kernels:        6                   
  Enc In:             7                   Dec In:             7                   
  C Out:              7                   d model:            32                  
  n heads:            4                   e layers:           2                   
  d layers:           1                   d FF:               32                  
  Moving Avg:         25                  Factor:             3                   
  Distil:             1                   Dropout:            0.3                 
  Embed:              timeF               Activation:         gelu                

[1mRun Parameters[0m
  Num Workers:        0                   Itr:                1                   
  Train Epochs:       10                  Batch Size:         32                  
  Patience:           3                   Learning Rate:      0.0001              
  Des:                msgnet_ettm2_sl336_pl336_s2021Loss:               MSE                 
  Lradj:              type1               Use Amp:            0                   

[1mGPU[0m
  Use GPU:            1                   GPU:                0                   
  Use Multi GPU:      0                   Devices:            0,1,2,3             

[1mDe-stationary Projector Params[0m
  P Hidden Dims:      128, 128            P Hidden Layers:    2                   

Use GPU: cuda:0
🚀 Lazy Loading: MSGNet ...
>>>>>>>start training : long_term_forecast_msgnet_ettm2_sl336_pl336_s2021_MSGNet_ETTm2_ftM_sl336_ll48_pl336_dm32_nh4_el2_dl1_df32_expand2_dc4_fc3_ebtimeF_dtTrue_msgnet_ettm2_sl336_pl336_s2021_0>>>>>>>>>>>>>>>>>>>>>>>>>>
train 33889
val 11185
	iters: 100, epoch: 1 | loss: 0.5298659
	speed: 0.0474s/iter; left time: 497.2279s
	iters: 200, epoch: 1 | loss: 0.7078773
	speed: 0.0441s/iter; left time: 458.3090s
	iters: 300, epoch: 1 | loss: 0.3770368
	speed: 0.0441s/iter; left time: 454.6889s
	iters: 400, epoch: 1 | loss: 0.2495738
	speed: 0.0439s/iter; left time: 448.1075s
	iters: 500, epoch: 1 | loss: 0.2271951
	speed: 0.0436s/iter; left time: 440.6653s
	iters: 600, epoch: 1 | loss: 0.3094610
	speed: 0.0437s/iter; left time: 436.9846s
	iters: 700, epoch: 1 | loss: 0.2291299
	speed: 0.0438s/iter; left time: 433.4837s
	iters: 800, epoch: 1 | loss: 0.1568825
	speed: 0.0439s/iter; left time: 429.8742s
	iters: 900, epoch: 1 | loss: 0.4377899
	speed: 0.0438s/iter; left time: 425.0062s
	iters: 1000, epoch: 1 | loss: 0.4309011
	speed: 0.0443s/iter; left time: 425.0776s
Epoch: 1 cost time: 46.928829193115234
Epoch: 1, Steps: 1060 | Train Loss: 0.3747761 Vali Loss: 0.2343228
Validation loss decreased (inf --> 0.234323).  Saving model ...
Updating learning rate to 0.0001
	iters: 100, epoch: 2 | loss: 0.5010513
	speed: 0.1260s/iter; left time: 1189.3073s
	iters: 200, epoch: 2 | loss: 0.4479866
	speed: 0.0443s/iter; left time: 413.4954s
	iters: 300, epoch: 2 | loss: 0.2601912
	speed: 0.0440s/iter; left time: 407.0027s
	iters: 400, epoch: 2 | loss: 0.3181023
	speed: 0.0437s/iter; left time: 399.8216s
	iters: 500, epoch: 2 | loss: 0.1950734
	speed: 0.0437s/iter; left time: 395.0539s
	iters: 600, epoch: 2 | loss: 0.2330602
	speed: 0.0442s/iter; left time: 395.1907s
	iters: 700, epoch: 2 | loss: 0.2204761
	speed: 0.0442s/iter; left time: 390.7882s
	iters: 800, epoch: 2 | loss: 0.2114281
	speed: 0.0448s/iter; left time: 391.5013s
	iters: 900, epoch: 2 | loss: 0.3334149
	speed: 0.0444s/iter; left time: 383.3941s
	iters: 1000, epoch: 2 | loss: 0.1745636
	speed: 0.0441s/iter; left time: 376.7938s
Epoch: 2 cost time: 46.820533752441406
Epoch: 2, Steps: 1060 | Train Loss: 0.3047907 Vali Loss: 0.2339289
Validation loss decreased (0.234323 --> 0.233929).  Saving model ...
Updating learning rate to 5e-05
	iters: 100, epoch: 3 | loss: 0.2284301
	speed: 0.1245s/iter; left time: 1043.6180s
	iters: 200, epoch: 3 | loss: 0.4007234
	speed: 0.0431s/iter; left time: 357.2267s
	iters: 300, epoch: 3 | loss: 0.2236435
	speed: 0.0435s/iter; left time: 355.9955s
	iters: 400, epoch: 3 | loss: 0.2706686
	speed: 0.0442s/iter; left time: 357.2324s
	iters: 500, epoch: 3 | loss: 0.2851354
	speed: 0.0442s/iter; left time: 352.4025s
	iters: 600, epoch: 3 | loss: 0.3649620
	speed: 0.0443s/iter; left time: 348.7815s
	iters: 700, epoch: 3 | loss: 0.1925596
	speed: 0.0444s/iter; left time: 345.4751s
	iters: 800, epoch: 3 | loss: 0.2230154
	speed: 0.0443s/iter; left time: 340.6118s
	iters: 900, epoch: 3 | loss: 0.2661090
	speed: 0.0442s/iter; left time: 334.9736s
	iters: 1000, epoch: 3 | loss: 0.3035331
	speed: 0.0443s/iter; left time: 331.1206s
Epoch: 3 cost time: 46.62276244163513
Epoch: 3, Steps: 1060 | Train Loss: 0.2708591 Vali Loss: 0.2480683
EarlyStopping counter: 1 out of 3
Updating learning rate to 2.5e-05
	iters: 100, epoch: 4 | loss: 0.3314238
	speed: 0.1250s/iter; left time: 915.0436s
	iters: 200, epoch: 4 | loss: 0.2948888
	speed: 0.0445s/iter; left time: 321.2496s
	iters: 300, epoch: 4 | loss: 0.3602729
	speed: 0.0436s/iter; left time: 310.2781s
	iters: 400, epoch: 4 | loss: 0.2967799
	speed: 0.0439s/iter; left time: 308.5230s
	iters: 500, epoch: 4 | loss: 0.1736291
	speed: 0.0440s/iter; left time: 304.5507s
	iters: 600, epoch: 4 | loss: 0.3222734
	speed: 0.0440s/iter; left time: 300.1893s
	iters: 700, epoch: 4 | loss: 0.3183551
	speed: 0.0440s/iter; left time: 295.6005s
	iters: 800, epoch: 4 | loss: 0.3390198
	speed: 0.0442s/iter; left time: 292.3432s
	iters: 900, epoch: 4 | loss: 0.3596729
	speed: 0.0446s/iter; left time: 290.7717s
	iters: 1000, epoch: 4 | loss: 0.3077624
	speed: 0.0444s/iter; left time: 285.1789s
Epoch: 4 cost time: 46.75361680984497
Epoch: 4, Steps: 1060 | Train Loss: 0.2524586 Vali Loss: 0.2447962
EarlyStopping counter: 2 out of 3
Updating learning rate to 1.25e-05
	iters: 100, epoch: 5 | loss: 0.1936323
	speed: 0.1239s/iter; left time: 776.0176s
	iters: 200, epoch: 5 | loss: 0.2059465
	speed: 0.0438s/iter; left time: 269.6537s
	iters: 300, epoch: 5 | loss: 0.2300517
	speed: 0.0437s/iter; left time: 265.1417s
	iters: 400, epoch: 5 | loss: 0.2629009
	speed: 0.0439s/iter; left time: 261.9858s
	iters: 500, epoch: 5 | loss: 0.1832516
	speed: 0.0437s/iter; left time: 255.9107s
	iters: 600, epoch: 5 | loss: 0.1367846
	speed: 0.0451s/iter; left time: 259.8258s
	iters: 700, epoch: 5 | loss: 0.1070275
	speed: 0.0443s/iter; left time: 251.0294s
	iters: 800, epoch: 5 | loss: 0.4047150
	speed: 0.0449s/iter; left time: 249.7789s
	iters: 900, epoch: 5 | loss: 0.1433062
	speed: 0.0446s/iter; left time: 243.5171s
	iters: 1000, epoch: 5 | loss: 0.2984961
	speed: 0.0441s/iter; left time: 236.4679s
Epoch: 5 cost time: 46.79680848121643
Epoch: 5, Steps: 1060 | Train Loss: 0.2440768 Vali Loss: 0.2446518
EarlyStopping counter: 3 out of 3
Early stopping
VALIDATION_RESULT {"best_epoch": 2, "best_mae": 0.33498532717360596, "best_mse": 0.23392885436943972, "epochs_ran": 5, "metric_version": "element_weighted_v1"}
>>>>>>>testing : long_term_forecast_msgnet_ettm2_sl336_pl336_s2021_MSGNet_ETTm2_ftM_sl336_ll48_pl336_dm32_nh4_el2_dl1_df32_expand2_dc4_fc3_ebtimeF_dtTrue_msgnet_ettm2_sl336_pl336_s2021_0<<<<<<<<<<<<<<<<<<<<<<<<<<<<<<<<<
test 11185
test shape: (11185, 336, 7) (11185, 336, 7)
test shape: (11185, 336, 7) (11185, 336, 7)
mse:0.2960842251777649, mae:0.34655991196632385, dtw:Not calculated
