Using GPU
Args in experiment:
[1mBasic Config[0m
  Task Name:          long_term_forecast  Is Training:        1                   
  Model ID:           msgnet_ettm1_sl336_pl192_s2021Model:              MSGNet              

[1mData Loader[0m
  Data:               ETTm1               Root Path:          /home/cwh/Time-Series-Library/dataset/ETT-small
  Data Path:          ETTm1.csv           Features:           M                   
  Target:             OT                  Freq:               t                   
  Checkpoints:        /home/cwh/Time-Series-Library/logs/q2_main_baselines/checkpoints

[1mForecasting Task[0m
  Seq Len:            336                 Label Len:          48                  
  Pred Len:           192                 Seasonal Patterns:  Monthly             
  Inverse:            0                   

[1mModel Parameters[0m
  Top k:              3                   Num Kernels:        6                   
  Enc In:             7                   Dec In:             7                   
  C Out:              7                   d model:            32                  
  n heads:            4                   e layers:           1                   
  d layers:           1                   d FF:               32                  
  Moving Avg:         25                  Factor:             3                   
  Distil:             1                   Dropout:            0.1                 
  Embed:              timeF               Activation:         gelu                

[1mRun Parameters[0m
  Num Workers:        0                   Itr:                1                   
  Train Epochs:       10                  Batch Size:         32                  
  Patience:           3                   Learning Rate:      0.0001              
  Des:                msgnet_ettm1_sl336_pl192_s2021Loss:               MSE                 
  Lradj:              type1               Use Amp:            0                   

[1mGPU[0m
  Use GPU:            1                   GPU:                0                   
  Use Multi GPU:      0                   Devices:            0,1,2,3             

[1mDe-stationary Projector Params[0m
  P Hidden Dims:      128, 128            P Hidden Layers:    2                   

Use GPU: cuda:0
🚀 Lazy Loading: MSGNet ...
>>>>>>>start training : long_term_forecast_msgnet_ettm1_sl336_pl192_s2021_MSGNet_ETTm1_ftM_sl336_ll48_pl192_dm32_nh4_el1_dl1_df32_expand2_dc4_fc3_ebtimeF_dtTrue_msgnet_ettm1_sl336_pl192_s2021_0>>>>>>>>>>>>>>>>>>>>>>>>>>
train 34033
val 11329
	iters: 100, epoch: 1 | loss: 0.3395568
	speed: 0.0248s/iter; left time: 261.0984s
	iters: 200, epoch: 1 | loss: 0.3439995
	speed: 0.0213s/iter; left time: 222.0671s
	iters: 300, epoch: 1 | loss: 0.3694474
	speed: 0.0215s/iter; left time: 222.3583s
	iters: 400, epoch: 1 | loss: 0.3150934
	speed: 0.0214s/iter; left time: 218.8853s
	iters: 500, epoch: 1 | loss: 0.2841612
	speed: 0.0211s/iter; left time: 213.4941s
	iters: 600, epoch: 1 | loss: 0.3499114
	speed: 0.0212s/iter; left time: 212.6071s
	iters: 700, epoch: 1 | loss: 0.2994531
	speed: 0.0212s/iter; left time: 211.2380s
	iters: 800, epoch: 1 | loss: 0.2634220
	speed: 0.0216s/iter; left time: 212.2124s
	iters: 900, epoch: 1 | loss: 0.2483328
	speed: 0.0214s/iter; left time: 208.6185s
	iters: 1000, epoch: 1 | loss: 0.2910797
	speed: 0.0213s/iter; left time: 205.2188s
Epoch: 1 cost time: 23.067399978637695
Epoch: 1, Steps: 1064 | Train Loss: 0.3236359 Vali Loss: 0.5265026
Validation loss decreased (inf --> 0.526503).  Saving model ...
Updating learning rate to 0.0001
	iters: 100, epoch: 2 | loss: 0.2950880
	speed: 0.0684s/iter; left time: 647.7932s
	iters: 200, epoch: 2 | loss: 0.2872254
	speed: 0.0213s/iter; left time: 199.8875s
	iters: 300, epoch: 2 | loss: 0.2293252
	speed: 0.0211s/iter; left time: 195.3319s
	iters: 400, epoch: 2 | loss: 0.2233688
	speed: 0.0211s/iter; left time: 193.3906s
	iters: 500, epoch: 2 | loss: 0.2190953
	speed: 0.0212s/iter; left time: 192.5676s
	iters: 600, epoch: 2 | loss: 0.2532533
	speed: 0.0210s/iter; left time: 188.5756s
	iters: 700, epoch: 2 | loss: 0.2362258
	speed: 0.0217s/iter; left time: 192.3790s
	iters: 800, epoch: 2 | loss: 0.2316479
	speed: 0.0210s/iter; left time: 184.3410s
	iters: 900, epoch: 2 | loss: 0.2537422
	speed: 0.0212s/iter; left time: 183.9063s
	iters: 1000, epoch: 2 | loss: 0.2225260
	speed: 0.0210s/iter; left time: 180.4099s
Epoch: 2 cost time: 22.54749321937561
Epoch: 2, Steps: 1064 | Train Loss: 0.2449292 Vali Loss: 0.5512311
EarlyStopping counter: 1 out of 3
Updating learning rate to 5e-05
	iters: 100, epoch: 3 | loss: 0.2234659
	speed: 0.0666s/iter; left time: 560.0348s
	iters: 200, epoch: 3 | loss: 0.2099597
	speed: 0.0213s/iter; left time: 177.1150s
	iters: 300, epoch: 3 | loss: 0.1951155
	speed: 0.0210s/iter; left time: 172.1111s
	iters: 400, epoch: 3 | loss: 0.2022325
	speed: 0.0213s/iter; left time: 172.4908s
	iters: 500, epoch: 3 | loss: 0.1665733
	speed: 0.0213s/iter; left time: 170.4256s
	iters: 600, epoch: 3 | loss: 0.1687400
	speed: 0.0212s/iter; left time: 167.9025s
	iters: 700, epoch: 3 | loss: 0.1681326
	speed: 0.0215s/iter; left time: 168.1046s
	iters: 800, epoch: 3 | loss: 0.1910870
	speed: 0.0211s/iter; left time: 162.6686s
	iters: 900, epoch: 3 | loss: 0.1775154
	speed: 0.0211s/iter; left time: 160.7063s
	iters: 1000, epoch: 3 | loss: 0.1917434
	speed: 0.0209s/iter; left time: 157.0400s
Epoch: 3 cost time: 22.527933359146118
Epoch: 3, Steps: 1064 | Train Loss: 0.1944874 Vali Loss: 0.5701047
EarlyStopping counter: 2 out of 3
Updating learning rate to 2.5e-05
	iters: 100, epoch: 4 | loss: 0.1705897
	speed: 0.0663s/iter; left time: 486.9774s
	iters: 200, epoch: 4 | loss: 0.1744287
	speed: 0.0213s/iter; left time: 154.5500s
	iters: 300, epoch: 4 | loss: 0.1717043
	speed: 0.0213s/iter; left time: 152.4444s
	iters: 400, epoch: 4 | loss: 0.1501152
	speed: 0.0215s/iter; left time: 151.8968s
	iters: 500, epoch: 4 | loss: 0.1699110
	speed: 0.0215s/iter; left time: 149.1529s
	iters: 600, epoch: 4 | loss: 0.1453439
	speed: 0.0213s/iter; left time: 145.7058s
	iters: 700, epoch: 4 | loss: 0.1667467
	speed: 0.0212s/iter; left time: 142.8068s
	iters: 800, epoch: 4 | loss: 0.1669924
	speed: 0.0212s/iter; left time: 141.2394s
	iters: 900, epoch: 4 | loss: 0.1740466
	speed: 0.0211s/iter; left time: 137.9064s
	iters: 1000, epoch: 4 | loss: 0.1611920
	speed: 0.0217s/iter; left time: 139.9503s
Epoch: 4 cost time: 22.71597456932068
Epoch: 4, Steps: 1064 | Train Loss: 0.1690397 Vali Loss: 0.5844110
EarlyStopping counter: 3 out of 3
Early stopping
VALIDATION_RESULT {"best_epoch": 1, "best_mae": 0.48236890787178566, "best_mse": 0.5265026439310483, "epochs_ran": 4, "metric_version": "element_weighted_v1"}
>>>>>>>testing : long_term_forecast_msgnet_ettm1_sl336_pl192_s2021_MSGNet_ETTm1_ftM_sl336_ll48_pl192_dm32_nh4_el1_dl1_df32_expand2_dc4_fc3_ebtimeF_dtTrue_msgnet_ettm1_sl336_pl192_s2021_0<<<<<<<<<<<<<<<<<<<<<<<<<<<<<<<<<
test 11329
test shape: (11329, 192, 7) (11329, 192, 7)
test shape: (11329, 192, 7) (11329, 192, 7)
mse:0.3492702841758728, mae:0.38760700821876526, dtw:Not calculated
