Using GPU
Args in experiment:
[1mBasic Config[0m
  Task Name:          long_term_forecast  Is Training:        1                   
  Model ID:           msgnet_ettm1_sl336_pl96_s2021Model:              MSGNet              

[1mData Loader[0m
  Data:               ETTm1               Root Path:          /home/cwh/Time-Series-Library/dataset/ETT-small
  Data Path:          ETTm1.csv           Features:           M                   
  Target:             OT                  Freq:               t                   
  Checkpoints:        /home/cwh/Time-Series-Library/logs/q2_main_baselines/checkpoints

[1mForecasting Task[0m
  Seq Len:            336                 Label Len:          48                  
  Pred Len:           96                  Seasonal Patterns:  Monthly             
  Inverse:            0                   

[1mModel Parameters[0m
  Top k:              3                   Num Kernels:        6                   
  Enc In:             7                   Dec In:             7                   
  C Out:              7                   d model:            32                  
  n heads:            4                   e layers:           1                   
  d layers:           1                   d FF:               32                  
  Moving Avg:         25                  Factor:             3                   
  Distil:             1                   Dropout:            0.1                 
  Embed:              timeF               Activation:         gelu                

[1mRun Parameters[0m
  Num Workers:        0                   Itr:                1                   
  Train Epochs:       10                  Batch Size:         32                  
  Patience:           3                   Learning Rate:      0.0001              
  Des:                msgnet_ettm1_sl336_pl96_s2021Loss:               MSE                 
  Lradj:              type1               Use Amp:            0                   

[1mGPU[0m
  Use GPU:            1                   GPU:                0                   
  Use Multi GPU:      0                   Devices:            0,1,2,3             

[1mDe-stationary Projector Params[0m
  P Hidden Dims:      128, 128            P Hidden Layers:    2                   

Use GPU: cuda:0
🚀 Lazy Loading: MSGNet ...
>>>>>>>start training : long_term_forecast_msgnet_ettm1_sl336_pl96_s2021_MSGNet_ETTm1_ftM_sl336_ll48_pl96_dm32_nh4_el1_dl1_df32_expand2_dc4_fc3_ebtimeF_dtTrue_msgnet_ettm1_sl336_pl96_s2021_0>>>>>>>>>>>>>>>>>>>>>>>>>>
train 34129
val 11425
	iters: 100, epoch: 1 | loss: 0.3702908
	speed: 0.0268s/iter; left time: 282.8629s
	iters: 200, epoch: 1 | loss: 0.3029635
	speed: 0.0232s/iter; left time: 242.9809s
	iters: 300, epoch: 1 | loss: 0.2802370
	speed: 0.0233s/iter; left time: 241.7903s
	iters: 400, epoch: 1 | loss: 0.2800548
	speed: 0.0236s/iter; left time: 242.7908s
	iters: 500, epoch: 1 | loss: 0.2384202
	speed: 0.0233s/iter; left time: 237.2209s
	iters: 600, epoch: 1 | loss: 0.2269848
	speed: 0.0230s/iter; left time: 231.4176s
	iters: 700, epoch: 1 | loss: 0.2701770
	speed: 0.0232s/iter; left time: 231.3296s
	iters: 800, epoch: 1 | loss: 0.2626931
	speed: 0.0230s/iter; left time: 227.1638s
	iters: 900, epoch: 1 | loss: 0.2000358
	speed: 0.0236s/iter; left time: 230.5143s
	iters: 1000, epoch: 1 | loss: 0.2591266
	speed: 0.0233s/iter; left time: 225.4466s
Epoch: 1 cost time: 25.23415756225586
Epoch: 1, Steps: 1067 | Train Loss: 0.2814245 Vali Loss: 0.4089660
Validation loss decreased (inf --> 0.408966).  Saving model ...
Updating learning rate to 0.0001
	iters: 100, epoch: 2 | loss: 0.1856209
	speed: 0.0702s/iter; left time: 667.3156s
	iters: 200, epoch: 2 | loss: 0.2249087
	speed: 0.0232s/iter; left time: 218.5990s
	iters: 300, epoch: 2 | loss: 0.1962073
	speed: 0.0230s/iter; left time: 213.8051s
	iters: 400, epoch: 2 | loss: 0.2147596
	speed: 0.0233s/iter; left time: 214.7538s
	iters: 500, epoch: 2 | loss: 0.1923338
	speed: 0.0234s/iter; left time: 212.7891s
	iters: 600, epoch: 2 | loss: 0.2241103
	speed: 0.0231s/iter; left time: 208.1978s
	iters: 700, epoch: 2 | loss: 0.2192611
	speed: 0.0232s/iter; left time: 206.4101s
	iters: 800, epoch: 2 | loss: 0.2325932
	speed: 0.0229s/iter; left time: 201.3209s
	iters: 900, epoch: 2 | loss: 0.1983079
	speed: 0.0230s/iter; left time: 200.2127s
	iters: 1000, epoch: 2 | loss: 0.1436770
	speed: 0.0230s/iter; left time: 198.0369s
Epoch: 2 cost time: 24.674939393997192
Epoch: 2, Steps: 1067 | Train Loss: 0.2027435 Vali Loss: 0.4208683
EarlyStopping counter: 1 out of 3
Updating learning rate to 5e-05
	iters: 100, epoch: 3 | loss: 0.1602124
	speed: 0.0687s/iter; left time: 579.8484s
	iters: 200, epoch: 3 | loss: 0.1776627
	speed: 0.0233s/iter; left time: 194.1489s
	iters: 300, epoch: 3 | loss: 0.1564441
	speed: 0.0231s/iter; left time: 190.6000s
	iters: 400, epoch: 3 | loss: 0.1764437
	speed: 0.0230s/iter; left time: 187.2553s
	iters: 500, epoch: 3 | loss: 0.1636838
	speed: 0.0227s/iter; left time: 182.4148s
	iters: 600, epoch: 3 | loss: 0.1295769
	speed: 0.0230s/iter; left time: 182.2651s
	iters: 700, epoch: 3 | loss: 0.1255033
	speed: 0.0229s/iter; left time: 179.3107s
	iters: 800, epoch: 3 | loss: 0.1834927
	speed: 0.0231s/iter; left time: 178.9200s
	iters: 900, epoch: 3 | loss: 0.1404623
	speed: 0.0232s/iter; left time: 177.2184s
	iters: 1000, epoch: 3 | loss: 0.1451527
	speed: 0.0229s/iter; left time: 172.9138s
Epoch: 3 cost time: 24.558170318603516
Epoch: 3, Steps: 1067 | Train Loss: 0.1549028 Vali Loss: 0.4455854
EarlyStopping counter: 2 out of 3
Updating learning rate to 2.5e-05
	iters: 100, epoch: 4 | loss: 0.1252124
	speed: 0.0706s/iter; left time: 520.4096s
	iters: 200, epoch: 4 | loss: 0.1403915
	speed: 0.0226s/iter; left time: 164.2067s
	iters: 300, epoch: 4 | loss: 0.1425757
	speed: 0.0232s/iter; left time: 166.6696s
	iters: 400, epoch: 4 | loss: 0.1084912
	speed: 0.0227s/iter; left time: 160.3899s
	iters: 500, epoch: 4 | loss: 0.1255959
	speed: 0.0229s/iter; left time: 159.3718s
	iters: 600, epoch: 4 | loss: 0.1548535
	speed: 0.0231s/iter; left time: 158.9497s
	iters: 700, epoch: 4 | loss: 0.1267496
	speed: 0.0235s/iter; left time: 158.8327s
	iters: 800, epoch: 4 | loss: 0.1292920
	speed: 0.0229s/iter; left time: 152.8422s
	iters: 900, epoch: 4 | loss: 0.1080375
	speed: 0.0231s/iter; left time: 152.0114s
	iters: 1000, epoch: 4 | loss: 0.1253322
	speed: 0.0229s/iter; left time: 148.3798s
Epoch: 4 cost time: 24.536501169204712
Epoch: 4, Steps: 1067 | Train Loss: 0.1344166 Vali Loss: 0.4583353
EarlyStopping counter: 3 out of 3
Early stopping
VALIDATION_RESULT {"best_epoch": 1, "best_mae": 0.4275434604083124, "best_mse": 0.4089660318590669, "epochs_ran": 4, "metric_version": "element_weighted_v1"}
>>>>>>>testing : long_term_forecast_msgnet_ettm1_sl336_pl96_s2021_MSGNet_ETTm1_ftM_sl336_ll48_pl96_dm32_nh4_el1_dl1_df32_expand2_dc4_fc3_ebtimeF_dtTrue_msgnet_ettm1_sl336_pl96_s2021_0<<<<<<<<<<<<<<<<<<<<<<<<<<<<<<<<<
test 11425
test shape: (11425, 96, 7) (11425, 96, 7)
test shape: (11425, 96, 7) (11425, 96, 7)
mse:0.3082214295864105, mae:0.36307770013809204, dtw:Not calculated
