Using GPU
Args in experiment:
[1mBasic Config[0m
  Task Name:          long_term_forecast  Is Training:        1                   
  Model ID:           msgnet_ettm1_sl336_pl720_s2021Model:              MSGNet              

[1mData Loader[0m
  Data:               ETTm1               Root Path:          /home/cwh/Time-Series-Library/dataset/ETT-small
  Data Path:          ETTm1.csv           Features:           M                   
  Target:             OT                  Freq:               t                   
  Checkpoints:        /home/cwh/Time-Series-Library/logs/q2_main_baselines/checkpoints

[1mForecasting Task[0m
  Seq Len:            336                 Label Len:          48                  
  Pred Len:           720                 Seasonal Patterns:  Monthly             
  Inverse:            0                   

[1mModel Parameters[0m
  Top k:              3                   Num Kernels:        6                   
  Enc In:             7                   Dec In:             7                   
  C Out:              7                   d model:            32                  
  n heads:            4                   e layers:           1                   
  d layers:           1                   d FF:               32                  
  Moving Avg:         25                  Factor:             3                   
  Distil:             1                   Dropout:            0.1                 
  Embed:              timeF               Activation:         gelu                

[1mRun Parameters[0m
  Num Workers:        0                   Itr:                1                   
  Train Epochs:       10                  Batch Size:         32                  
  Patience:           3                   Learning Rate:      0.0001              
  Des:                msgnet_ettm1_sl336_pl720_s2021Loss:               MSE                 
  Lradj:              type1               Use Amp:            0                   

[1mGPU[0m
  Use GPU:            1                   GPU:                0                   
  Use Multi GPU:      0                   Devices:            0,1,2,3             

[1mDe-stationary Projector Params[0m
  P Hidden Dims:      128, 128            P Hidden Layers:    2                   

Use GPU: cuda:0
🚀 Lazy Loading: MSGNet ...
>>>>>>>start training : long_term_forecast_msgnet_ettm1_sl336_pl720_s2021_MSGNet_ETTm1_ftM_sl336_ll48_pl720_dm32_nh4_el1_dl1_df32_expand2_dc4_fc3_ebtimeF_dtTrue_msgnet_ettm1_sl336_pl720_s2021_0>>>>>>>>>>>>>>>>>>>>>>>>>>
train 33505
val 10801
	iters: 100, epoch: 1 | loss: 0.5221608
	speed: 0.0248s/iter; left time: 257.2330s
	iters: 200, epoch: 1 | loss: 0.4763856
	speed: 0.0218s/iter; left time: 223.6588s
	iters: 300, epoch: 1 | loss: 0.4383797
	speed: 0.0217s/iter; left time: 220.7526s
	iters: 400, epoch: 1 | loss: 0.4421531
	speed: 0.0216s/iter; left time: 217.7689s
	iters: 500, epoch: 1 | loss: 0.4013027
	speed: 0.0215s/iter; left time: 214.2847s
	iters: 600, epoch: 1 | loss: 0.4747398
	speed: 0.0215s/iter; left time: 212.6510s
	iters: 700, epoch: 1 | loss: 0.3468405
	speed: 0.0213s/iter; left time: 208.2476s
	iters: 800, epoch: 1 | loss: 0.4067880
	speed: 0.0216s/iter; left time: 208.9245s
	iters: 900, epoch: 1 | loss: 0.3586511
	speed: 0.0215s/iter; left time: 205.8080s
	iters: 1000, epoch: 1 | loss: 0.3914746
	speed: 0.0214s/iter; left time: 202.8084s
Epoch: 1 cost time: 22.90220618247986
Epoch: 1, Steps: 1048 | Train Loss: 0.4335443 Vali Loss: 0.9669560
Validation loss decreased (inf --> 0.966956).  Saving model ...
Updating learning rate to 0.0001
	iters: 100, epoch: 2 | loss: 0.3585519
	speed: 0.0637s/iter; left time: 594.1846s
	iters: 200, epoch: 2 | loss: 0.3533148
	speed: 0.0212s/iter; left time: 195.3085s
	iters: 300, epoch: 2 | loss: 0.4201501
	speed: 0.0215s/iter; left time: 196.2469s
	iters: 400, epoch: 2 | loss: 0.2975018
	speed: 0.0214s/iter; left time: 193.3404s
	iters: 500, epoch: 2 | loss: 0.3277453
	speed: 0.0215s/iter; left time: 192.3009s
	iters: 600, epoch: 2 | loss: 0.3643079
	speed: 0.0216s/iter; left time: 190.6317s
	iters: 700, epoch: 2 | loss: 0.3125687
	speed: 0.0216s/iter; left time: 188.2714s
	iters: 800, epoch: 2 | loss: 0.3489098
	speed: 0.0218s/iter; left time: 188.6243s
	iters: 900, epoch: 2 | loss: 0.3309437
	speed: 0.0218s/iter; left time: 185.7477s
	iters: 1000, epoch: 2 | loss: 0.3653665
	speed: 0.0218s/iter; left time: 183.9205s
Epoch: 2 cost time: 22.621872186660767
Epoch: 2, Steps: 1048 | Train Loss: 0.3445864 Vali Loss: 1.0034347
EarlyStopping counter: 1 out of 3
Updating learning rate to 5e-05
	iters: 100, epoch: 3 | loss: 0.3573291
	speed: 0.0652s/iter; left time: 540.5243s
	iters: 200, epoch: 3 | loss: 0.3231705
	speed: 0.0214s/iter; left time: 175.5615s
	iters: 300, epoch: 3 | loss: 0.3025931
	speed: 0.0215s/iter; left time: 174.0664s
	iters: 400, epoch: 3 | loss: 0.3078463
	speed: 0.0214s/iter; left time: 170.7395s
	iters: 500, epoch: 3 | loss: 0.3209696
	speed: 0.0217s/iter; left time: 171.2705s
	iters: 600, epoch: 3 | loss: 0.2959723
	speed: 0.0217s/iter; left time: 168.6461s
	iters: 700, epoch: 3 | loss: 0.2429745
	speed: 0.0222s/iter; left time: 170.3320s
	iters: 800, epoch: 3 | loss: 0.2926496
	speed: 0.0218s/iter; left time: 165.0198s
	iters: 900, epoch: 3 | loss: 0.2710727
	speed: 0.0221s/iter; left time: 165.5837s
	iters: 1000, epoch: 3 | loss: 0.2690082
	speed: 0.0215s/iter; left time: 158.5512s
Epoch: 3 cost time: 22.772300720214844
Epoch: 3, Steps: 1048 | Train Loss: 0.2922029 Vali Loss: 1.0310942
EarlyStopping counter: 2 out of 3
Updating learning rate to 2.5e-05
	iters: 100, epoch: 4 | loss: 0.2916113
	speed: 0.0641s/iter; left time: 463.9226s
	iters: 200, epoch: 4 | loss: 0.2663158
	speed: 0.0216s/iter; left time: 154.0264s
	iters: 300, epoch: 4 | loss: 0.2673483
	speed: 0.0216s/iter; left time: 151.6999s
	iters: 400, epoch: 4 | loss: 0.2618493
	speed: 0.0219s/iter; left time: 151.7949s
	iters: 500, epoch: 4 | loss: 0.2481011
	speed: 0.0222s/iter; left time: 151.6562s
	iters: 600, epoch: 4 | loss: 0.2586205
	speed: 0.0223s/iter; left time: 150.4084s
	iters: 700, epoch: 4 | loss: 0.2856299
	speed: 0.0223s/iter; left time: 147.7405s
	iters: 800, epoch: 4 | loss: 0.2681504
	speed: 0.0222s/iter; left time: 145.3411s
	iters: 900, epoch: 4 | loss: 0.2713908
	speed: 0.0223s/iter; left time: 143.6444s
	iters: 1000, epoch: 4 | loss: 0.2489293
	speed: 0.0222s/iter; left time: 140.6382s
Epoch: 4 cost time: 23.119112253189087
Epoch: 4, Steps: 1048 | Train Loss: 0.2640208 Vali Loss: 1.0596192
EarlyStopping counter: 3 out of 3
Early stopping
VALIDATION_RESULT {"best_epoch": 1, "best_mae": 0.6566027663276236, "best_mse": 0.9669560088073764, "epochs_ran": 4, "metric_version": "element_weighted_v1"}
>>>>>>>testing : long_term_forecast_msgnet_ettm1_sl336_pl720_s2021_MSGNet_ETTm1_ftM_sl336_ll48_pl720_dm32_nh4_el1_dl1_df32_expand2_dc4_fc3_ebtimeF_dtTrue_msgnet_ettm1_sl336_pl720_s2021_0<<<<<<<<<<<<<<<<<<<<<<<<<<<<<<<<<
test 10801
test shape: (10801, 720, 7) (10801, 720, 7)
test shape: (10801, 720, 7) (10801, 720, 7)
mse:0.4330809712409973, mae:0.44090980291366577, dtw:Not calculated
