Using GPU
Args in experiment:
[1mBasic Config[0m
  Task Name:          long_term_forecast  Is Training:        1                   
  Model ID:           msgnet_ettm2_sl336_pl96_s2021Model:              MSGNet              

[1mData Loader[0m
  Data:               ETTm2               Root Path:          /home/cwh/Time-Series-Library/dataset/ETT-small
  Data Path:          ETTm2.csv           Features:           M                   
  Target:             OT                  Freq:               t                   
  Checkpoints:        /home/cwh/Time-Series-Library/logs/q2_main_baselines/checkpoints

[1mForecasting Task[0m
  Seq Len:            336                 Label Len:          48                  
  Pred Len:           96                  Seasonal Patterns:  Monthly             
  Inverse:            0                   

[1mModel Parameters[0m
  Top k:              3                   Num Kernels:        6                   
  Enc In:             7                   Dec In:             7                   
  C Out:              7                   d model:            32                  
  n heads:            4                   e layers:           2                   
  d layers:           1                   d FF:               32                  
  Moving Avg:         25                  Factor:             3                   
  Distil:             1                   Dropout:            0.3                 
  Embed:              timeF               Activation:         gelu                

[1mRun Parameters[0m
  Num Workers:        0                   Itr:                1                   
  Train Epochs:       10                  Batch Size:         32                  
  Patience:           3                   Learning Rate:      0.0001              
  Des:                msgnet_ettm2_sl336_pl96_s2021Loss:               MSE                 
  Lradj:              type1               Use Amp:            0                   

[1mGPU[0m
  Use GPU:            1                   GPU:                0                   
  Use Multi GPU:      0                   Devices:            0,1,2,3             

[1mDe-stationary Projector Params[0m
  P Hidden Dims:      128, 128            P Hidden Layers:    2                   

Use GPU: cuda:0
🚀 Lazy Loading: MSGNet ...
>>>>>>>start training : long_term_forecast_msgnet_ettm2_sl336_pl96_s2021_MSGNet_ETTm2_ftM_sl336_ll48_pl96_dm32_nh4_el2_dl1_df32_expand2_dc4_fc3_ebtimeF_dtTrue_msgnet_ettm2_sl336_pl96_s2021_0>>>>>>>>>>>>>>>>>>>>>>>>>>
train 34129
val 11425
	iters: 100, epoch: 1 | loss: 0.1944121
	speed: 0.0475s/iter; left time: 502.6284s
	iters: 200, epoch: 1 | loss: 0.3580573
	speed: 0.0438s/iter; left time: 459.0964s
	iters: 300, epoch: 1 | loss: 0.2699433
	speed: 0.0434s/iter; left time: 449.6847s
	iters: 400, epoch: 1 | loss: 0.2167440
	speed: 0.0435s/iter; left time: 446.6041s
	iters: 500, epoch: 1 | loss: 0.1786062
	speed: 0.0437s/iter; left time: 444.4479s
	iters: 600, epoch: 1 | loss: 0.3780755
	speed: 0.0439s/iter; left time: 441.7149s
	iters: 700, epoch: 1 | loss: 0.2930851
	speed: 0.0443s/iter; left time: 441.8965s
	iters: 800, epoch: 1 | loss: 0.3341776
	speed: 0.0435s/iter; left time: 429.5875s
	iters: 900, epoch: 1 | loss: 0.6033507
	speed: 0.0440s/iter; left time: 429.7237s
	iters: 1000, epoch: 1 | loss: 0.1364312
	speed: 0.0440s/iter; left time: 425.0956s
Epoch: 1 cost time: 47.178375482559204
Epoch: 1, Steps: 1067 | Train Loss: 0.2612863 Vali Loss: 0.1378093
Validation loss decreased (inf --> 0.137809).  Saving model ...
Updating learning rate to 0.0001
	iters: 100, epoch: 2 | loss: 0.1729704
	speed: 0.1318s/iter; left time: 1253.0867s
	iters: 200, epoch: 2 | loss: 0.1739124
	speed: 0.0443s/iter; left time: 416.7542s
	iters: 300, epoch: 2 | loss: 0.2405728
	speed: 0.0446s/iter; left time: 414.7592s
	iters: 400, epoch: 2 | loss: 0.2361192
	speed: 0.0437s/iter; left time: 402.2384s
	iters: 500, epoch: 2 | loss: 0.1621698
	speed: 0.0433s/iter; left time: 394.6013s
	iters: 600, epoch: 2 | loss: 0.3770095
	speed: 0.0436s/iter; left time: 392.9681s
	iters: 700, epoch: 2 | loss: 0.1706366
	speed: 0.0439s/iter; left time: 390.6062s
	iters: 800, epoch: 2 | loss: 0.1227532
	speed: 0.0441s/iter; left time: 387.9459s
	iters: 900, epoch: 2 | loss: 0.0970475
	speed: 0.0434s/iter; left time: 377.7165s
	iters: 1000, epoch: 2 | loss: 0.1474785
	speed: 0.0436s/iter; left time: 374.8364s
Epoch: 2 cost time: 46.78863334655762
Epoch: 2, Steps: 1067 | Train Loss: 0.2130521 Vali Loss: 0.1350642
Validation loss decreased (0.137809 --> 0.135064).  Saving model ...
Updating learning rate to 5e-05
	iters: 100, epoch: 3 | loss: 0.1702108
	speed: 0.1298s/iter; left time: 1095.1452s
	iters: 200, epoch: 3 | loss: 0.2194979
	speed: 0.0434s/iter; left time: 362.0696s
	iters: 300, epoch: 3 | loss: 0.1664992
	speed: 0.0433s/iter; left time: 356.6435s
	iters: 400, epoch: 3 | loss: 0.1914405
	speed: 0.0438s/iter; left time: 356.6390s
	iters: 500, epoch: 3 | loss: 0.1818961
	speed: 0.0440s/iter; left time: 353.8881s
	iters: 600, epoch: 3 | loss: 0.2099285
	speed: 0.0434s/iter; left time: 344.7526s
	iters: 700, epoch: 3 | loss: 0.1850386
	speed: 0.0446s/iter; left time: 349.2849s
	iters: 800, epoch: 3 | loss: 0.1224252
	speed: 0.0435s/iter; left time: 336.8434s
	iters: 900, epoch: 3 | loss: 0.1089681
	speed: 0.0438s/iter; left time: 334.3303s
	iters: 1000, epoch: 3 | loss: 0.2226635
	speed: 0.0436s/iter; left time: 328.7666s
Epoch: 3 cost time: 46.64374899864197
Epoch: 3, Steps: 1067 | Train Loss: 0.1916264 Vali Loss: 0.1379261
EarlyStopping counter: 1 out of 3
Updating learning rate to 2.5e-05
	iters: 100, epoch: 4 | loss: 0.2438305
	speed: 0.1289s/iter; left time: 949.6927s
	iters: 200, epoch: 4 | loss: 0.1442152
	speed: 0.0443s/iter; left time: 322.0856s
	iters: 300, epoch: 4 | loss: 0.1353573
	speed: 0.0445s/iter; left time: 319.0794s
	iters: 400, epoch: 4 | loss: 0.2814760
	speed: 0.0437s/iter; left time: 308.8011s
	iters: 500, epoch: 4 | loss: 0.1474523
	speed: 0.0444s/iter; left time: 309.1323s
	iters: 600, epoch: 4 | loss: 0.1668249
	speed: 0.0436s/iter; left time: 299.6025s
	iters: 700, epoch: 4 | loss: 0.1547608
	speed: 0.0439s/iter; left time: 297.4144s
	iters: 800, epoch: 4 | loss: 0.2009015
	speed: 0.0432s/iter; left time: 287.9169s
	iters: 900, epoch: 4 | loss: 0.1717564
	speed: 0.0436s/iter; left time: 286.5991s
	iters: 1000, epoch: 4 | loss: 0.1362078
	speed: 0.0438s/iter; left time: 283.3809s
Epoch: 4 cost time: 46.85474920272827
Epoch: 4, Steps: 1067 | Train Loss: 0.1808490 Vali Loss: 0.1402132
EarlyStopping counter: 2 out of 3
Updating learning rate to 1.25e-05
	iters: 100, epoch: 5 | loss: 0.1936323
	speed: 0.1300s/iter; left time: 819.0892s
	iters: 200, epoch: 5 | loss: 0.3456990
	speed: 0.0436s/iter; left time: 270.6972s
	iters: 300, epoch: 5 | loss: 0.2048991
	speed: 0.0438s/iter; left time: 267.2044s
	iters: 400, epoch: 5 | loss: 0.2977488
	speed: 0.0438s/iter; left time: 263.2011s
	iters: 500, epoch: 5 | loss: 0.1376775
	speed: 0.0436s/iter; left time: 257.1680s
	iters: 600, epoch: 5 | loss: 0.2299731
	speed: 0.0434s/iter; left time: 251.8512s
	iters: 700, epoch: 5 | loss: 0.0941500
	speed: 0.0437s/iter; left time: 249.3615s
	iters: 800, epoch: 5 | loss: 0.1123196
	speed: 0.0435s/iter; left time: 243.5093s
	iters: 900, epoch: 5 | loss: 0.1665570
	speed: 0.0437s/iter; left time: 240.6141s
	iters: 1000, epoch: 5 | loss: 0.1662487
	speed: 0.0435s/iter; left time: 235.1923s
Epoch: 5 cost time: 46.588616371154785
Epoch: 5, Steps: 1067 | Train Loss: 0.1756571 Vali Loss: 0.1397289
EarlyStopping counter: 3 out of 3
Early stopping
VALIDATION_RESULT {"best_epoch": 2, "best_mae": 0.2565945658833332, "best_mse": 0.13506422354229244, "epochs_ran": 5, "metric_version": "element_weighted_v1"}
>>>>>>>testing : long_term_forecast_msgnet_ettm2_sl336_pl96_s2021_MSGNet_ETTm2_ftM_sl336_ll48_pl96_dm32_nh4_el2_dl1_df32_expand2_dc4_fc3_ebtimeF_dtTrue_msgnet_ettm2_sl336_pl96_s2021_0<<<<<<<<<<<<<<<<<<<<<<<<<<<<<<<<<
test 11425
test shape: (11425, 96, 7) (11425, 96, 7)
test shape: (11425, 96, 7) (11425, 96, 7)
mse:0.1860031932592392, mae:0.2706146538257599, dtw:Not calculated
