Using GPU
Args in experiment:
[1mBasic Config[0m
  Task Name:          long_term_forecast  Is Training:        1                   
  Model ID:           msgnet_etth1_sl336_pl192_s2021Model:              MSGNet              

[1mData Loader[0m
  Data:               ETTh1               Root Path:          /home/cwh/Time-Series-Library/dataset/ETT-small
  Data Path:          ETTh1.csv           Features:           M                   
  Target:             OT                  Freq:               h                   
  Checkpoints:        /home/cwh/Time-Series-Library/logs/q2_main_baselines/checkpoints

[1mForecasting Task[0m
  Seq Len:            336                 Label Len:          48                  
  Pred Len:           192                 Seasonal Patterns:  Monthly             
  Inverse:            0                   

[1mModel Parameters[0m
  Top k:              3                   Num Kernels:        6                   
  Enc In:             7                   Dec In:             7                   
  C Out:              7                   d model:            32                  
  n heads:            4                   e layers:           1                   
  d layers:           1                   d FF:               64                  
  Moving Avg:         25                  Factor:             3                   
  Distil:             1                   Dropout:            0.1                 
  Embed:              timeF               Activation:         gelu                

[1mRun Parameters[0m
  Num Workers:        0                   Itr:                1                   
  Train Epochs:       10                  Batch Size:         32                  
  Patience:           3                   Learning Rate:      0.0001              
  Des:                msgnet_etth1_sl336_pl192_s2021Loss:               MSE                 
  Lradj:              type1               Use Amp:            0                   

[1mGPU[0m
  Use GPU:            1                   GPU:                0                   
  Use Multi GPU:      0                   Devices:            0,1,2,3             

[1mDe-stationary Projector Params[0m
  P Hidden Dims:      128, 128            P Hidden Layers:    2                   

Use GPU: cuda:0
🚀 Lazy Loading: MSGNet ...
>>>>>>>start training : long_term_forecast_msgnet_etth1_sl336_pl192_s2021_MSGNet_ETTh1_ftM_sl336_ll48_pl192_dm32_nh4_el1_dl1_df64_expand2_dc4_fc3_ebtimeF_dtTrue_msgnet_etth1_sl336_pl192_s2021_0>>>>>>>>>>>>>>>>>>>>>>>>>>
train 8113
val 2689
	iters: 100, epoch: 1 | loss: 0.5268995
	speed: 0.0302s/iter; left time: 73.7482s
	iters: 200, epoch: 1 | loss: 0.3786652
	speed: 0.0232s/iter; left time: 54.3964s
Epoch: 1 cost time: 6.645077705383301
Epoch: 1, Steps: 254 | Train Loss: 0.4801274 Vali Loss: 1.0556353
Validation loss decreased (inf --> 1.055635).  Saving model ...
Updating learning rate to 0.0001
	iters: 100, epoch: 2 | loss: 0.3766273
	speed: 0.0436s/iter; left time: 95.3113s
	iters: 200, epoch: 2 | loss: 0.3424056
	speed: 0.0229s/iter; left time: 47.7958s
Epoch: 2 cost time: 5.842983245849609
Epoch: 2, Steps: 254 | Train Loss: 0.3779811 Vali Loss: 1.0700501
EarlyStopping counter: 1 out of 3
Updating learning rate to 5e-05
	iters: 100, epoch: 3 | loss: 0.3340093
	speed: 0.0419s/iter; left time: 81.0236s
	iters: 200, epoch: 3 | loss: 0.3127639
	speed: 0.0230s/iter; left time: 42.1135s
Epoch: 3 cost time: 5.809664487838745
Epoch: 3, Steps: 254 | Train Loss: 0.3412623 Vali Loss: 1.1043416
EarlyStopping counter: 2 out of 3
Updating learning rate to 2.5e-05
	iters: 100, epoch: 4 | loss: 0.3021504
	speed: 0.0424s/iter; left time: 71.1140s
	iters: 200, epoch: 4 | loss: 0.2892852
	speed: 0.0230s/iter; left time: 36.3541s
Epoch: 4 cost time: 5.8279101848602295
Epoch: 4, Steps: 254 | Train Loss: 0.3236968 Vali Loss: 1.1296052
EarlyStopping counter: 3 out of 3
Early stopping
VALIDATION_RESULT {"best_epoch": 1, "best_mae": 0.6984071126116175, "best_mse": 1.0556353056195855, "epochs_ran": 4, "metric_version": "element_weighted_v1"}
>>>>>>>testing : long_term_forecast_msgnet_etth1_sl336_pl192_s2021_MSGNet_ETTh1_ftM_sl336_ll48_pl192_dm32_nh4_el1_dl1_df64_expand2_dc4_fc3_ebtimeF_dtTrue_msgnet_etth1_sl336_pl192_s2021_0<<<<<<<<<<<<<<<<<<<<<<<<<<<<<<<<<
test 2689
test shape: (2689, 192, 7) (2689, 192, 7)
test shape: (2689, 192, 7) (2689, 192, 7)
mse:0.45442795753479004, mae:0.4648325741291046, dtw:Not calculated
