Using GPU
Args in experiment:
[1mBasic Config[0m
  Task Name:          long_term_forecast  Is Training:        1                   
  Model ID:           patchtst_solar_sl336_pl96_s2021Model:              PatchTST            

[1mData Loader[0m
  Data:               custom              Root Path:          /home/cwh/Time-Series-Library/dataset/solar
  Data Path:          solar.csv           Features:           M                   
  Target:             channel_99          Freq:               h                   
  Checkpoints:        /home/cwh/Time-Series-Library/logs/q2_main_baselines/checkpoints

[1mForecasting Task[0m
  Seq Len:            336                 Label Len:          48                  
  Pred Len:           96                  Seasonal Patterns:  Monthly             
  Inverse:            0                   

[1mModel Parameters[0m
  Top k:              5                   Num Kernels:        6                   
  Enc In:             137                 Dec In:             137                 
  C Out:              137                 d model:            512                 
  n heads:            8                   e layers:           2                   
  d layers:           1                   d FF:               2048                
  Moving Avg:         25                  Factor:             3                   
  Distil:             1                   Dropout:            0.1                 
  Embed:              timeF               Activation:         gelu                

[1mRun Parameters[0m
  Num Workers:        0                   Itr:                1                   
  Train Epochs:       10                  Batch Size:         16                  
  Patience:           3                   Learning Rate:      0.0001              
  Des:                patchtst_solar_sl336_pl96_s2021Loss:               MSE                 
  Lradj:              type1               Use Amp:            0                   

[1mGPU[0m
  Use GPU:            1                   GPU:                0                   
  Use Multi GPU:      0                   Devices:            0,1,2,3             

[1mDe-stationary Projector Params[0m
  P Hidden Dims:      128, 128            P Hidden Layers:    2                   

Use GPU: cuda:0
🚀 Lazy Loading: PatchTST ...
>>>>>>>start training : long_term_forecast_patchtst_solar_sl336_pl96_s2021_PatchTST_custom_ftM_sl336_ll48_pl96_dm512_nh8_el2_dl1_df2048_expand2_dc4_fc3_ebtimeF_dtTrue_patchtst_solar_sl336_pl96_s2021_0>>>>>>>>>>>>>>>>>>>>>>>>>>
train 36361
val 5161
	iters: 100, epoch: 1 | loss: 0.3579825
	speed: 0.2426s/iter; left time: 5491.3837s
	iters: 200, epoch: 1 | loss: 0.2469201
	speed: 0.2357s/iter; left time: 5311.2039s
	iters: 300, epoch: 1 | loss: 0.3401845
	speed: 0.2354s/iter; left time: 5280.7932s
	iters: 400, epoch: 1 | loss: 0.2847718
	speed: 0.2364s/iter; left time: 5278.7270s
	iters: 500, epoch: 1 | loss: 0.3201737
	speed: 0.2361s/iter; left time: 5249.6266s
	iters: 600, epoch: 1 | loss: 0.5699096
	speed: 0.2363s/iter; left time: 5228.6184s
	iters: 700, epoch: 1 | loss: 0.2865953
	speed: 0.2356s/iter; left time: 5189.9533s
	iters: 800, epoch: 1 | loss: 0.2632966
	speed: 0.2362s/iter; left time: 5179.2110s
	iters: 900, epoch: 1 | loss: 0.2896058
	speed: 0.2358s/iter; left time: 5148.0514s
	iters: 1000, epoch: 1 | loss: 0.3259144
	speed: 0.2359s/iter; left time: 5125.7844s
	iters: 1100, epoch: 1 | loss: 0.3141139
	speed: 0.2365s/iter; left time: 5115.5554s
	iters: 1200, epoch: 1 | loss: 0.2839889
	speed: 0.2360s/iter; left time: 5081.7111s
	iters: 1300, epoch: 1 | loss: 0.3612617
	speed: 0.2371s/iter; left time: 5082.2978s
	iters: 1400, epoch: 1 | loss: 0.4285946
	speed: 0.2365s/iter; left time: 5044.3563s
	iters: 1500, epoch: 1 | loss: 0.2786483
	speed: 0.2371s/iter; left time: 5033.9069s
	iters: 1600, epoch: 1 | loss: 0.3197099
	speed: 0.2367s/iter; left time: 5002.5649s
	iters: 1700, epoch: 1 | loss: 0.3958712
	speed: 0.2368s/iter; left time: 4980.0457s
	iters: 1800, epoch: 1 | loss: 0.3735622
	speed: 0.2362s/iter; left time: 4944.4784s
	iters: 1900, epoch: 1 | loss: 0.2564829
	speed: 0.2368s/iter; left time: 4932.1391s
	iters: 2000, epoch: 1 | loss: 0.2130534
	speed: 0.2365s/iter; left time: 4903.6869s
	iters: 2100, epoch: 1 | loss: 0.2108205
	speed: 0.2370s/iter; left time: 4889.5656s
	iters: 2200, epoch: 1 | loss: 0.2842718
	speed: 0.2364s/iter; left time: 4854.1574s
Epoch: 1 cost time: 537.8722946643829
Epoch: 1, Steps: 2273 | Train Loss: 0.3300898 Vali Loss: 0.1951142
Validation loss decreased (inf --> 0.195114).  Saving model ...
Updating learning rate to 0.0001
	iters: 100, epoch: 2 | loss: 0.2729037
	speed: 0.5927s/iter; left time: 12067.1935s
	iters: 200, epoch: 2 | loss: 0.2771923
	speed: 0.2365s/iter; left time: 4791.3914s
	iters: 300, epoch: 2 | loss: 0.2491327
	speed: 0.2367s/iter; left time: 4770.4801s
	iters: 400, epoch: 2 | loss: 0.2598256
	speed: 0.2365s/iter; left time: 4743.7694s
	iters: 500, epoch: 2 | loss: 0.4279491
	speed: 0.2362s/iter; left time: 4713.9460s
	iters: 600, epoch: 2 | loss: 0.3470929
	speed: 0.2372s/iter; left time: 4709.5717s
	iters: 700, epoch: 2 | loss: 0.2395601
	speed: 0.2368s/iter; left time: 4678.6747s
	iters: 800, epoch: 2 | loss: 0.2772938
	speed: 0.2367s/iter; left time: 4652.5643s
	iters: 900, epoch: 2 | loss: 0.2966708
	speed: 0.2368s/iter; left time: 4631.0843s
	iters: 1000, epoch: 2 | loss: 0.3079485
	speed: 0.2362s/iter; left time: 4596.8516s
	iters: 1100, epoch: 2 | loss: 0.3708822
	speed: 0.2362s/iter; left time: 4571.6199s
	iters: 1200, epoch: 2 | loss: 0.2601759
	speed: 0.2365s/iter; left time: 4553.7974s
	iters: 1300, epoch: 2 | loss: 0.3044093
	speed: 0.2369s/iter; left time: 4537.7029s
	iters: 1400, epoch: 2 | loss: 0.3146209
	speed: 0.2370s/iter; left time: 4516.3410s
	iters: 1500, epoch: 2 | loss: 0.2604420
	speed: 0.2367s/iter; left time: 4487.5146s
	iters: 1600, epoch: 2 | loss: 0.2919725
	speed: 0.2363s/iter; left time: 4456.4253s
	iters: 1700, epoch: 2 | loss: 0.3334244
	speed: 0.2360s/iter; left time: 4427.2822s
	iters: 1800, epoch: 2 | loss: 0.2239686
	speed: 0.2361s/iter; left time: 4404.2837s
	iters: 1900, epoch: 2 | loss: 0.2712069
	speed: 0.2364s/iter; left time: 4386.4182s
	iters: 2000, epoch: 2 | loss: 0.2780241
	speed: 0.2371s/iter; left time: 4376.3273s
	iters: 2100, epoch: 2 | loss: 0.2966971
	speed: 0.2370s/iter; left time: 4350.9904s
	iters: 2200, epoch: 2 | loss: 0.3565354
	speed: 0.2371s/iter; left time: 4328.5073s
Epoch: 2 cost time: 537.6377694606781
Epoch: 2, Steps: 2273 | Train Loss: 0.2947206 Vali Loss: 0.1916537
Validation loss decreased (0.195114 --> 0.191654).  Saving model ...
Updating learning rate to 5e-05
	iters: 100, epoch: 3 | loss: 0.2945580
	speed: 0.5921s/iter; left time: 10708.4620s
	iters: 200, epoch: 3 | loss: 0.2570166
	speed: 0.2363s/iter; left time: 4249.6291s
	iters: 300, epoch: 3 | loss: 0.2653002
	speed: 0.2366s/iter; left time: 4231.6413s
	iters: 400, epoch: 3 | loss: 0.3204683
	speed: 0.2364s/iter; left time: 4203.6661s
	iters: 500, epoch: 3 | loss: 0.3386072
	speed: 0.2368s/iter; left time: 4188.5157s
	iters: 600, epoch: 3 | loss: 0.3173984
	speed: 0.2362s/iter; left time: 4154.0913s
	iters: 700, epoch: 3 | loss: 0.2672707
	speed: 0.2369s/iter; left time: 4142.9145s
	iters: 800, epoch: 3 | loss: 0.2060321
	speed: 0.2358s/iter; left time: 4099.8973s
	iters: 900, epoch: 3 | loss: 0.2973490
	speed: 0.2364s/iter; left time: 4086.6938s
	iters: 1000, epoch: 3 | loss: 0.2975440
	speed: 0.2364s/iter; left time: 4062.9095s
	iters: 1100, epoch: 3 | loss: 0.2719114
	speed: 0.2364s/iter; left time: 4039.5623s
	iters: 1200, epoch: 3 | loss: 0.3039413
	speed: 0.2365s/iter; left time: 4017.3105s
	iters: 1300, epoch: 3 | loss: 0.2191277
	speed: 0.2369s/iter; left time: 3999.2669s
	iters: 1400, epoch: 3 | loss: 0.2672496
	speed: 0.2366s/iter; left time: 3971.4789s
	iters: 1500, epoch: 3 | loss: 0.2336467
	speed: 0.2366s/iter; left time: 3947.9857s
	iters: 1600, epoch: 3 | loss: 0.2785622
	speed: 0.2366s/iter; left time: 3924.4906s
	iters: 1700, epoch: 3 | loss: 0.2460677
	speed: 0.2359s/iter; left time: 3887.9982s
	iters: 1800, epoch: 3 | loss: 0.2509627
	speed: 0.2367s/iter; left time: 3878.3666s
	iters: 1900, epoch: 3 | loss: 0.2371470
	speed: 0.2363s/iter; left time: 3847.7403s
	iters: 2000, epoch: 3 | loss: 0.2436385
	speed: 0.2370s/iter; left time: 3835.8144s
	iters: 2100, epoch: 3 | loss: 0.2331002
	speed: 0.2362s/iter; left time: 3799.0189s
	iters: 2200, epoch: 3 | loss: 0.2386537
	speed: 0.2369s/iter; left time: 3786.4042s
Epoch: 3 cost time: 537.4102931022644
Epoch: 3, Steps: 2273 | Train Loss: 0.2688248 Vali Loss: 0.1707194
Validation loss decreased (0.191654 --> 0.170719).  Saving model ...
Updating learning rate to 2.5e-05
	iters: 100, epoch: 4 | loss: 0.2140946
	speed: 0.5928s/iter; left time: 9372.5977s
	iters: 200, epoch: 4 | loss: 0.3006600
	speed: 0.2368s/iter; left time: 3720.9452s
	iters: 300, epoch: 4 | loss: 0.2437174
	speed: 0.2369s/iter; left time: 3698.2762s
	iters: 400, epoch: 4 | loss: 0.1910829
	speed: 0.2367s/iter; left time: 3672.0266s
	iters: 500, epoch: 4 | loss: 0.2546736
	speed: 0.2370s/iter; left time: 3652.6301s
	iters: 600, epoch: 4 | loss: 0.2367845
	speed: 0.2367s/iter; left time: 3624.3381s
	iters: 700, epoch: 4 | loss: 0.2285423
	speed: 0.2368s/iter; left time: 3602.8836s
	iters: 800, epoch: 4 | loss: 0.2219543
	speed: 0.2368s/iter; left time: 3577.8324s
	iters: 900, epoch: 4 | loss: 0.2885795
	speed: 0.2365s/iter; left time: 3549.7677s
	iters: 1000, epoch: 4 | loss: 0.3003395
	speed: 0.2369s/iter; left time: 3531.9403s
	iters: 1100, epoch: 4 | loss: 0.2313997
	speed: 0.2367s/iter; left time: 3505.7847s
	iters: 1200, epoch: 4 | loss: 0.2663017
	speed: 0.2366s/iter; left time: 3480.8368s
	iters: 1300, epoch: 4 | loss: 0.2731645
	speed: 0.2365s/iter; left time: 3455.8720s
	iters: 1400, epoch: 4 | loss: 0.2235485
	speed: 0.2365s/iter; left time: 3431.9871s
	iters: 1500, epoch: 4 | loss: 0.3205958
	speed: 0.2361s/iter; left time: 3403.2736s
	iters: 1600, epoch: 4 | loss: 0.2645084
	speed: 0.2364s/iter; left time: 3383.8096s
	iters: 1700, epoch: 4 | loss: 0.2679373
	speed: 0.2362s/iter; left time: 3356.3182s
	iters: 1800, epoch: 4 | loss: 0.2199084
	speed: 0.2361s/iter; left time: 3332.1934s
	iters: 1900, epoch: 4 | loss: 0.2510293
	speed: 0.2362s/iter; left time: 3309.6254s
	iters: 2000, epoch: 4 | loss: 0.2319804
	speed: 0.2360s/iter; left time: 3283.4419s
	iters: 2100, epoch: 4 | loss: 0.2441594
	speed: 0.2372s/iter; left time: 3275.6984s
	iters: 2200, epoch: 4 | loss: 0.2553054
	speed: 0.2363s/iter; left time: 3239.7156s
Epoch: 4 cost time: 537.474503993988
Epoch: 4, Steps: 2273 | Train Loss: 0.2578326 Vali Loss: 0.1629070
Validation loss decreased (0.170719 --> 0.162907).  Saving model ...
Updating learning rate to 1.25e-05
	iters: 100, epoch: 5 | loss: 0.2338418
	speed: 0.5909s/iter; left time: 8000.1903s
	iters: 200, epoch: 5 | loss: 0.3113528
	speed: 0.2362s/iter; left time: 3174.0513s
	iters: 300, epoch: 5 | loss: 0.2453333
	speed: 0.2365s/iter; left time: 3154.2773s
	iters: 400, epoch: 5 | loss: 0.2318279
	speed: 0.2363s/iter; left time: 3128.8307s
	iters: 500, epoch: 5 | loss: 0.2558812
	speed: 0.2370s/iter; left time: 3113.9004s
	iters: 600, epoch: 5 | loss: 0.1979691
	speed: 0.2364s/iter; left time: 3081.7935s
	iters: 700, epoch: 5 | loss: 0.3357240
	speed: 0.2363s/iter; left time: 3057.9835s
	iters: 800, epoch: 5 | loss: 0.2322544
	speed: 0.2360s/iter; left time: 3030.3662s
	iters: 900, epoch: 5 | loss: 0.2408016
	speed: 0.2366s/iter; left time: 3013.8238s
	iters: 1000, epoch: 5 | loss: 0.2619975
	speed: 0.2364s/iter; left time: 2987.3283s
	iters: 1100, epoch: 5 | loss: 0.2537691
	speed: 0.2360s/iter; left time: 2959.6576s
	iters: 1200, epoch: 5 | loss: 0.3061053
	speed: 0.2365s/iter; left time: 2942.0453s
	iters: 1300, epoch: 5 | loss: 0.3078744
	speed: 0.2370s/iter; left time: 2924.1157s
	iters: 1400, epoch: 5 | loss: 0.2700108
	speed: 0.2362s/iter; left time: 2890.5443s
	iters: 1500, epoch: 5 | loss: 0.2645061
	speed: 0.2362s/iter; left time: 2866.6763s
	iters: 1600, epoch: 5 | loss: 0.2299979
	speed: 0.2362s/iter; left time: 2843.4298s
	iters: 1700, epoch: 5 | loss: 0.1963933
	speed: 0.2365s/iter; left time: 2823.9239s
	iters: 1800, epoch: 5 | loss: 0.2408552
	speed: 0.2368s/iter; left time: 2803.2401s
	iters: 1900, epoch: 5 | loss: 0.2520992
	speed: 0.2361s/iter; left time: 2772.0296s
	iters: 2000, epoch: 5 | loss: 0.2502922
	speed: 0.2363s/iter; left time: 2750.6438s
	iters: 2100, epoch: 5 | loss: 0.2019974
	speed: 0.2357s/iter; left time: 2719.9028s
	iters: 2200, epoch: 5 | loss: 0.3037674
	speed: 0.2364s/iter; left time: 2703.6521s
Epoch: 5 cost time: 537.0019278526306
Epoch: 5, Steps: 2273 | Train Loss: 0.2519259 Vali Loss: 0.1553676
Validation loss decreased (0.162907 --> 0.155368).  Saving model ...
Updating learning rate to 6.25e-06
	iters: 100, epoch: 6 | loss: 0.2697768
	speed: 0.5906s/iter; left time: 6654.2002s
	iters: 200, epoch: 6 | loss: 0.2559014
	speed: 0.2358s/iter; left time: 2633.2972s
	iters: 300, epoch: 6 | loss: 0.1934219
	speed: 0.2366s/iter; left time: 2618.6689s
	iters: 400, epoch: 6 | loss: 0.2795921
	speed: 0.2366s/iter; left time: 2594.0126s
	iters: 500, epoch: 6 | loss: 0.3259498
	speed: 0.2360s/iter; left time: 2564.1541s
	iters: 600, epoch: 6 | loss: 0.3094738
	speed: 0.2361s/iter; left time: 2542.1215s
	iters: 700, epoch: 6 | loss: 0.2474802
	speed: 0.2359s/iter; left time: 2515.9791s
	iters: 800, epoch: 6 | loss: 0.2468078
	speed: 0.2364s/iter; left time: 2497.3782s
	iters: 900, epoch: 6 | loss: 0.2313763
	speed: 0.2360s/iter; left time: 2470.0036s
	iters: 1000, epoch: 6 | loss: 0.2447988
	speed: 0.2365s/iter; left time: 2451.2452s
	iters: 1100, epoch: 6 | loss: 0.2740258
	speed: 0.2363s/iter; left time: 2425.6150s
	iters: 1200, epoch: 6 | loss: 0.3058742
	speed: 0.2361s/iter; left time: 2399.9175s
	iters: 1300, epoch: 6 | loss: 0.2767482
	speed: 0.2361s/iter; left time: 2377.0759s
	iters: 1400, epoch: 6 | loss: 0.2628722
	speed: 0.2367s/iter; left time: 2358.6253s
	iters: 1500, epoch: 6 | loss: 0.2437554
	speed: 0.2362s/iter; left time: 2330.1097s
	iters: 1600, epoch: 6 | loss: 0.3327171
	speed: 0.2359s/iter; left time: 2303.3574s
	iters: 1700, epoch: 6 | loss: 0.1923137
	speed: 0.2363s/iter; left time: 2284.2885s
	iters: 1800, epoch: 6 | loss: 0.2378418
	speed: 0.2357s/iter; left time: 2255.0842s
	iters: 1900, epoch: 6 | loss: 0.2837687
	speed: 0.2361s/iter; left time: 2234.6011s
	iters: 2000, epoch: 6 | loss: 0.2871532
	speed: 0.2366s/iter; left time: 2215.9389s
	iters: 2100, epoch: 6 | loss: 0.1873959
	speed: 0.2364s/iter; left time: 2190.8113s
	iters: 2200, epoch: 6 | loss: 0.2125310
	speed: 0.2365s/iter; left time: 2167.7176s
Epoch: 6 cost time: 536.793906211853
Epoch: 6, Steps: 2273 | Train Loss: 0.2483922 Vali Loss: 0.1546267
Validation loss decreased (0.155368 --> 0.154627).  Saving model ...
Updating learning rate to 3.125e-06
	iters: 100, epoch: 7 | loss: 0.2902719
	speed: 0.5915s/iter; left time: 5319.3447s
	iters: 200, epoch: 7 | loss: 0.2218867
	speed: 0.2363s/iter; left time: 2101.8259s
	iters: 300, epoch: 7 | loss: 0.2534710
	speed: 0.2361s/iter; left time: 2076.0324s
	iters: 400, epoch: 7 | loss: 0.2373204
	speed: 0.2366s/iter; left time: 2057.0401s
	iters: 500, epoch: 7 | loss: 0.2402953
	speed: 0.2360s/iter; left time: 2027.9796s
	iters: 600, epoch: 7 | loss: 0.2152658
	speed: 0.2368s/iter; left time: 2010.7646s
	iters: 700, epoch: 7 | loss: 0.2265298
	speed: 0.2362s/iter; left time: 1982.5513s
	iters: 800, epoch: 7 | loss: 0.2279255
	speed: 0.2366s/iter; left time: 1961.8451s
	iters: 900, epoch: 7 | loss: 0.2136047
	speed: 0.2363s/iter; left time: 1935.8594s
	iters: 1000, epoch: 7 | loss: 0.2648613
	speed: 0.2366s/iter; left time: 1914.4497s
	iters: 1100, epoch: 7 | loss: 0.2076279
	speed: 0.2368s/iter; left time: 1892.8025s
	iters: 1200, epoch: 7 | loss: 0.1850050
	speed: 0.2365s/iter; left time: 1866.9291s
	iters: 1300, epoch: 7 | loss: 0.2206382
	speed: 0.2577s/iter; left time: 2008.3034s
	iters: 1400, epoch: 7 | loss: 0.2637839
	speed: 0.2372s/iter; left time: 1824.6189s
	iters: 1500, epoch: 7 | loss: 0.2753686
	speed: 0.2363s/iter; left time: 1794.4032s
	iters: 1600, epoch: 7 | loss: 0.2586823
	speed: 0.2363s/iter; left time: 1770.9547s
	iters: 1700, epoch: 7 | loss: 0.2838203
	speed: 0.2367s/iter; left time: 1749.9017s
	iters: 1800, epoch: 7 | loss: 0.2705320
	speed: 0.2368s/iter; left time: 1726.6549s
	iters: 1900, epoch: 7 | loss: 0.2534623
	speed: 0.2368s/iter; left time: 1703.5416s
	iters: 2000, epoch: 7 | loss: 0.2011466
	speed: 0.2366s/iter; left time: 1678.1852s
	iters: 2100, epoch: 7 | loss: 0.2310258
	speed: 0.2364s/iter; left time: 1652.9380s
	iters: 2200, epoch: 7 | loss: 0.2444033
	speed: 0.2367s/iter; left time: 1631.5596s
Epoch: 7 cost time: 539.5002174377441
Epoch: 7, Steps: 2273 | Train Loss: 0.2464082 Vali Loss: 0.1597363
EarlyStopping counter: 1 out of 3
Updating learning rate to 1.5625e-06
	iters: 100, epoch: 8 | loss: 0.2964253
	speed: 0.5912s/iter; left time: 3972.7469s
	iters: 200, epoch: 8 | loss: 0.1601633
	speed: 0.2369s/iter; left time: 1568.1872s
	iters: 300, epoch: 8 | loss: 0.1686785
	speed: 0.2364s/iter; left time: 1541.0648s
	iters: 400, epoch: 8 | loss: 0.2291204
	speed: 0.2364s/iter; left time: 1517.9906s
	iters: 500, epoch: 8 | loss: 0.2561656
	speed: 0.2364s/iter; left time: 1493.7720s
	iters: 600, epoch: 8 | loss: 0.1964466
	speed: 0.2363s/iter; left time: 1470.0693s
	iters: 700, epoch: 8 | loss: 0.2308408
	speed: 0.2365s/iter; left time: 1447.2615s
	iters: 800, epoch: 8 | loss: 0.2357595
	speed: 0.2367s/iter; left time: 1424.8358s
	iters: 900, epoch: 8 | loss: 0.2296577
	speed: 0.2366s/iter; left time: 1400.3897s
	iters: 1000, epoch: 8 | loss: 0.2821611
	speed: 0.2365s/iter; left time: 1376.6937s
	iters: 1100, epoch: 8 | loss: 0.3150851
	speed: 0.2371s/iter; left time: 1356.0292s
	iters: 1200, epoch: 8 | loss: 0.2461961
	speed: 0.2368s/iter; left time: 1331.0744s
	iters: 1300, epoch: 8 | loss: 0.2816445
	speed: 0.2365s/iter; left time: 1305.4100s
	iters: 1400, epoch: 8 | loss: 0.2834481
	speed: 0.2368s/iter; left time: 1283.6873s
	iters: 1500, epoch: 8 | loss: 0.2144256
	speed: 0.2370s/iter; left time: 1261.0303s
	iters: 1600, epoch: 8 | loss: 0.2610524
	speed: 0.2366s/iter; left time: 1234.9422s
	iters: 1700, epoch: 8 | loss: 0.2237856
	speed: 0.2366s/iter; left time: 1211.3984s
	iters: 1800, epoch: 8 | loss: 0.2904582
	speed: 0.2365s/iter; left time: 1187.4728s
	iters: 1900, epoch: 8 | loss: 0.2723632
	speed: 0.2362s/iter; left time: 1161.9677s
	iters: 2000, epoch: 8 | loss: 0.2454880
	speed: 0.2364s/iter; left time: 1139.4088s
	iters: 2100, epoch: 8 | loss: 0.2191218
	speed: 0.2369s/iter; left time: 1118.1839s
	iters: 2200, epoch: 8 | loss: 0.2452760
	speed: 0.2362s/iter; left time: 1091.2442s
Epoch: 8 cost time: 537.5093376636505
Epoch: 8, Steps: 2273 | Train Loss: 0.2456025 Vali Loss: 0.1633272
EarlyStopping counter: 2 out of 3
Updating learning rate to 7.8125e-07
	iters: 100, epoch: 9 | loss: 0.2456734
	speed: 0.5906s/iter; left time: 2626.3730s
	iters: 200, epoch: 9 | loss: 0.2354190
	speed: 0.2366s/iter; left time: 1028.6779s
	iters: 300, epoch: 9 | loss: 0.2268223
	speed: 0.2366s/iter; left time: 1004.7425s
	iters: 400, epoch: 9 | loss: 0.2048723
	speed: 0.2361s/iter; left time: 978.9708s
	iters: 500, epoch: 9 | loss: 0.2832493
	speed: 0.2365s/iter; left time: 957.2549s
	iters: 600, epoch: 9 | loss: 0.2051287
	speed: 0.2364s/iter; left time: 933.2448s
	iters: 700, epoch: 9 | loss: 0.2070265
	speed: 0.2364s/iter; left time: 909.5194s
	iters: 800, epoch: 9 | loss: 0.2418524
	speed: 0.2364s/iter; left time: 885.8460s
	iters: 900, epoch: 9 | loss: 0.2377961
	speed: 0.2365s/iter; left time: 862.6427s
	iters: 1000, epoch: 9 | loss: 0.2572556
	speed: 0.2365s/iter; left time: 838.8573s
	iters: 1100, epoch: 9 | loss: 0.2240314
	speed: 0.2362s/iter; left time: 814.2009s
	iters: 1200, epoch: 9 | loss: 0.2094430
	speed: 0.2363s/iter; left time: 791.0175s
	iters: 1300, epoch: 9 | loss: 0.2072686
	speed: 0.2364s/iter; left time: 767.7146s
	iters: 1400, epoch: 9 | loss: 0.2084316
	speed: 0.2356s/iter; left time: 741.4975s
	iters: 1500, epoch: 9 | loss: 0.2986947
	speed: 0.2361s/iter; left time: 719.4052s
	iters: 1600, epoch: 9 | loss: 0.2477482
	speed: 0.2364s/iter; left time: 696.8097s
	iters: 1700, epoch: 9 | loss: 0.2369363
	speed: 0.2361s/iter; left time: 672.2795s
	iters: 1800, epoch: 9 | loss: 0.2196859
	speed: 0.2365s/iter; left time: 649.5769s
	iters: 1900, epoch: 9 | loss: 0.3065700
	speed: 0.2358s/iter; left time: 624.1444s
	iters: 2000, epoch: 9 | loss: 0.2590365
	speed: 0.2368s/iter; left time: 603.1963s
	iters: 2100, epoch: 9 | loss: 0.2151622
	speed: 0.2368s/iter; left time: 579.5431s
	iters: 2200, epoch: 9 | loss: 0.2389214
	speed: 0.2363s/iter; left time: 554.6807s
Epoch: 9 cost time: 537.117894411087
Epoch: 9, Steps: 2273 | Train Loss: 0.2451562 Vali Loss: 0.1581644
EarlyStopping counter: 3 out of 3
Early stopping
VALIDATION_RESULT {"best_epoch": 6, "best_mae": 0.23656726031120642, "best_mse": 0.15462667289901796, "epochs_ran": 9, "metric_version": "element_weighted_v1"}
>>>>>>>testing : long_term_forecast_patchtst_solar_sl336_pl96_s2021_PatchTST_custom_ftM_sl336_ll48_pl96_dm512_nh8_el2_dl1_df2048_expand2_dc4_fc3_ebtimeF_dtTrue_patchtst_solar_sl336_pl96_s2021_0<<<<<<<<<<<<<<<<<<<<<<<<<<<<<<<<<
test 10417
test shape: (10417, 96, 137) (10417, 96, 137)
test shape: (10417, 96, 137) (10417, 96, 137)
mse:0.19198407232761383, mae:0.2543739378452301, dtw:Not calculated
