Using GPU
Args in experiment:
[1mBasic Config[0m
  Task Name:          long_term_forecast  Is Training:        1                   
  Model ID:           patchtst_ettm2_sl336_pl720_s2021Model:              PatchTST            

[1mData Loader[0m
  Data:               ETTm2               Root Path:          /home/cwh/Time-Series-Library/dataset/ETT-small
  Data Path:          ETTm2.csv           Features:           M                   
  Target:             OT                  Freq:               t                   
  Checkpoints:        /home/cwh/Time-Series-Library/logs/q2_main_baselines/checkpoints

[1mForecasting Task[0m
  Seq Len:            336                 Label Len:          48                  
  Pred Len:           720                 Seasonal Patterns:  Monthly             
  Inverse:            0                   

[1mModel Parameters[0m
  Top k:              5                   Num Kernels:        6                   
  Enc In:             7                   Dec In:             7                   
  C Out:              7                   d model:            512                 
  n heads:            8                   e layers:           3                   
  d layers:           1                   d FF:               2048                
  Moving Avg:         25                  Factor:             3                   
  Distil:             1                   Dropout:            0.1                 
  Embed:              timeF               Activation:         gelu                

[1mRun Parameters[0m
  Num Workers:        0                   Itr:                1                   
  Train Epochs:       10                  Batch Size:         32                  
  Patience:           3                   Learning Rate:      0.0001              
  Des:                patchtst_ettm2_sl336_pl720_s2021Loss:               MSE                 
  Lradj:              type1               Use Amp:            0                   

[1mGPU[0m
  Use GPU:            1                   GPU:                0                   
  Use Multi GPU:      0                   Devices:            0,1,2,3             

[1mDe-stationary Projector Params[0m
  P Hidden Dims:      128, 128            P Hidden Layers:    2                   

Use GPU: cuda:0
🚀 Lazy Loading: PatchTST ...
>>>>>>>start training : long_term_forecast_patchtst_ettm2_sl336_pl720_s2021_PatchTST_ETTm2_ftM_sl336_ll48_pl720_dm512_nh8_el3_dl1_df2048_expand2_dc4_fc3_ebtimeF_dtTrue_patchtst_ettm2_sl336_pl720_s2021_0>>>>>>>>>>>>>>>>>>>>>>>>>>
train 33505
val 10801
	iters: 100, epoch: 1 | loss: 0.3143565
	speed: 0.0740s/iter; left time: 768.1575s
	iters: 200, epoch: 1 | loss: 0.8054404
	speed: 0.0726s/iter; left time: 746.4453s
	iters: 300, epoch: 1 | loss: 0.4490395
	speed: 0.0714s/iter; left time: 726.8958s
	iters: 400, epoch: 1 | loss: 0.7167549
	speed: 0.0680s/iter; left time: 685.6768s
	iters: 500, epoch: 1 | loss: 0.3628057
	speed: 0.0579s/iter; left time: 577.6739s
	iters: 600, epoch: 1 | loss: 0.8380196
	speed: 0.0549s/iter; left time: 542.1366s
	iters: 700, epoch: 1 | loss: 0.2313763
	speed: 0.0732s/iter; left time: 716.3997s
	iters: 800, epoch: 1 | loss: 0.3793685
	speed: 0.0741s/iter; left time: 717.8437s
	iters: 900, epoch: 1 | loss: 0.4247186
	speed: 0.0729s/iter; left time: 698.3596s
	iters: 1000, epoch: 1 | loss: 0.3130096
	speed: 0.0739s/iter; left time: 700.5847s
Epoch: 1 cost time: 72.81199383735657
Epoch: 1, Steps: 1048 | Train Loss: 0.5235503 Vali Loss: 0.2893124
Validation loss decreased (inf --> 0.289312).  Saving model ...
Updating learning rate to 0.0001
	iters: 100, epoch: 2 | loss: 0.4180653
	speed: 0.1665s/iter; left time: 1553.7084s
	iters: 200, epoch: 2 | loss: 0.4153829
	speed: 0.0736s/iter; left time: 679.1310s
	iters: 300, epoch: 2 | loss: 0.3144549
	speed: 0.0737s/iter; left time: 673.2453s
	iters: 400, epoch: 2 | loss: 0.4667099
	speed: 0.0733s/iter; left time: 662.0133s
	iters: 500, epoch: 2 | loss: 0.4201859
	speed: 0.0735s/iter; left time: 656.5370s
	iters: 600, epoch: 2 | loss: 0.4096407
	speed: 0.0709s/iter; left time: 626.5428s
	iters: 700, epoch: 2 | loss: 0.3047217
	speed: 0.0731s/iter; left time: 638.4809s
	iters: 800, epoch: 2 | loss: 0.4568726
	speed: 0.0737s/iter; left time: 636.6461s
	iters: 900, epoch: 2 | loss: 0.3395490
	speed: 0.0733s/iter; left time: 625.8330s
	iters: 1000, epoch: 2 | loss: 0.3388238
	speed: 0.0744s/iter; left time: 627.0280s
Epoch: 2 cost time: 76.85629534721375
Epoch: 2, Steps: 1048 | Train Loss: 0.4421177 Vali Loss: 0.3292055
EarlyStopping counter: 1 out of 3
Updating learning rate to 5e-05
	iters: 100, epoch: 3 | loss: 0.3608187
	speed: 0.1644s/iter; left time: 1361.8037s
	iters: 200, epoch: 3 | loss: 0.4243402
	speed: 0.0738s/iter; left time: 603.8355s
	iters: 300, epoch: 3 | loss: 0.2982582
	speed: 0.0749s/iter; left time: 605.5746s
	iters: 400, epoch: 3 | loss: 0.4370850
	speed: 0.0743s/iter; left time: 592.9006s
	iters: 500, epoch: 3 | loss: 0.3333876
	speed: 0.0746s/iter; left time: 588.0053s
	iters: 600, epoch: 3 | loss: 0.2346926
	speed: 0.0713s/iter; left time: 555.4581s
	iters: 700, epoch: 3 | loss: 0.3124573
	speed: 0.0738s/iter; left time: 567.2890s
	iters: 800, epoch: 3 | loss: 0.2636914
	speed: 0.0732s/iter; left time: 554.9528s
	iters: 900, epoch: 3 | loss: 0.2915442
	speed: 0.0741s/iter; left time: 554.2771s
	iters: 1000, epoch: 3 | loss: 0.3333379
	speed: 0.0744s/iter; left time: 549.6072s
Epoch: 3 cost time: 77.17843341827393
Epoch: 3, Steps: 1048 | Train Loss: 0.3800514 Vali Loss: 0.3003354
EarlyStopping counter: 2 out of 3
Updating learning rate to 2.5e-05
	iters: 100, epoch: 4 | loss: 0.3098218
	speed: 0.1661s/iter; left time: 1202.4033s
	iters: 200, epoch: 4 | loss: 0.3216584
	speed: 0.0744s/iter; left time: 531.0904s
	iters: 300, epoch: 4 | loss: 0.4567613
	speed: 0.0736s/iter; left time: 518.1975s
	iters: 400, epoch: 4 | loss: 0.4593541
	speed: 0.0738s/iter; left time: 511.9368s
	iters: 500, epoch: 4 | loss: 0.3530799
	speed: 0.0741s/iter; left time: 506.4657s
	iters: 600, epoch: 4 | loss: 0.4546625
	speed: 0.0718s/iter; left time: 483.3801s
	iters: 700, epoch: 4 | loss: 0.2541745
	speed: 0.0732s/iter; left time: 485.9437s
	iters: 800, epoch: 4 | loss: 0.2114376
	speed: 0.0734s/iter; left time: 479.7282s
	iters: 900, epoch: 4 | loss: 0.3758620
	speed: 0.0737s/iter; left time: 474.6263s
	iters: 1000, epoch: 4 | loss: 0.3027870
	speed: 0.0741s/iter; left time: 469.5534s
Epoch: 4 cost time: 76.98095512390137
Epoch: 4, Steps: 1048 | Train Loss: 0.3489831 Vali Loss: 0.3186266
EarlyStopping counter: 3 out of 3
Early stopping
VALIDATION_RESULT {"best_epoch": 1, "best_mae": 0.37335828707461866, "best_mse": 0.28931239006365195, "epochs_ran": 4, "metric_version": "element_weighted_v1"}
>>>>>>>testing : long_term_forecast_patchtst_ettm2_sl336_pl720_s2021_PatchTST_ETTm2_ftM_sl336_ll48_pl720_dm512_nh8_el3_dl1_df2048_expand2_dc4_fc3_ebtimeF_dtTrue_patchtst_ettm2_sl336_pl720_s2021_0<<<<<<<<<<<<<<<<<<<<<<<<<<<<<<<<<
test 10801
test shape: (10801, 720, 7) (10801, 720, 7)
test shape: (10801, 720, 7) (10801, 720, 7)
mse:0.3929193317890167, mae:0.4073752760887146, dtw:Not calculated
