Using GPU
Args in experiment:
[1mBasic Config[0m
  Task Name:          long_term_forecast  Is Training:        1                   
  Model ID:           patchtst_ettm1_sl336_pl192_s2021Model:              PatchTST            

[1mData Loader[0m
  Data:               ETTm1               Root Path:          /home/cwh/Time-Series-Library/dataset/ETT-small
  Data Path:          ETTm1.csv           Features:           M                   
  Target:             OT                  Freq:               t                   
  Checkpoints:        /home/cwh/Time-Series-Library/logs/q2_main_baselines/checkpoints

[1mForecasting Task[0m
  Seq Len:            336                 Label Len:          48                  
  Pred Len:           192                 Seasonal Patterns:  Monthly             
  Inverse:            0                   

[1mModel Parameters[0m
  Top k:              5                   Num Kernels:        6                   
  Enc In:             7                   Dec In:             7                   
  C Out:              7                   d model:            512                 
  n heads:            8                   e layers:           3                   
  d layers:           1                   d FF:               2048                
  Moving Avg:         25                  Factor:             3                   
  Distil:             1                   Dropout:            0.1                 
  Embed:              timeF               Activation:         gelu                

[1mRun Parameters[0m
  Num Workers:        0                   Itr:                1                   
  Train Epochs:       10                  Batch Size:         32                  
  Patience:           3                   Learning Rate:      0.0001              
  Des:                patchtst_ettm1_sl336_pl192_s2021Loss:               MSE                 
  Lradj:              type1               Use Amp:            0                   

[1mGPU[0m
  Use GPU:            1                   GPU:                0                   
  Use Multi GPU:      0                   Devices:            0,1,2,3             

[1mDe-stationary Projector Params[0m
  P Hidden Dims:      128, 128            P Hidden Layers:    2                   

Use GPU: cuda:0
🚀 Lazy Loading: PatchTST ...
>>>>>>>start training : long_term_forecast_patchtst_ettm1_sl336_pl192_s2021_PatchTST_ETTm1_ftM_sl336_ll48_pl192_dm512_nh8_el3_dl1_df2048_expand2_dc4_fc3_ebtimeF_dtTrue_patchtst_ettm1_sl336_pl192_s2021_0>>>>>>>>>>>>>>>>>>>>>>>>>>
train 34033
val 11329
	iters: 100, epoch: 1 | loss: 0.3767833
	speed: 0.0530s/iter; left time: 558.8924s
	iters: 200, epoch: 1 | loss: 0.4413482
	speed: 0.0481s/iter; left time: 501.9536s
	iters: 300, epoch: 1 | loss: 0.3411306
	speed: 0.0493s/iter; left time: 509.9391s
	iters: 400, epoch: 1 | loss: 0.3283496
	speed: 0.0476s/iter; left time: 487.9368s
	iters: 500, epoch: 1 | loss: 0.3398728
	speed: 0.0442s/iter; left time: 447.8502s
	iters: 600, epoch: 1 | loss: 0.2978339
	speed: 0.0389s/iter; left time: 391.0122s
	iters: 700, epoch: 1 | loss: 0.3637072
	speed: 0.0414s/iter; left time: 411.6475s
	iters: 800, epoch: 1 | loss: 0.3588416
	speed: 0.0428s/iter; left time: 421.6367s
	iters: 900, epoch: 1 | loss: 0.3519809
	speed: 0.0485s/iter; left time: 472.1759s
	iters: 1000, epoch: 1 | loss: 0.2900598
	speed: 0.0490s/iter; left time: 472.8135s
Epoch: 1 cost time: 49.240782022476196
Epoch: 1, Steps: 1064 | Train Loss: 0.3386746 Vali Loss: 0.5332436
Validation loss decreased (inf --> 0.533244).  Saving model ...
Updating learning rate to 0.0001
	iters: 100, epoch: 2 | loss: 0.3109111
	speed: 0.1287s/iter; left time: 1219.8615s
	iters: 200, epoch: 2 | loss: 0.3706031
	speed: 0.0459s/iter; left time: 430.6455s
	iters: 300, epoch: 2 | loss: 0.3110192
	speed: 0.0471s/iter; left time: 437.2088s
	iters: 400, epoch: 2 | loss: 0.3244528
	speed: 0.0466s/iter; left time: 427.3047s
	iters: 500, epoch: 2 | loss: 0.3106018
	speed: 0.0458s/iter; left time: 415.3210s
	iters: 600, epoch: 2 | loss: 0.4238900
	speed: 0.0483s/iter; left time: 433.2358s
	iters: 700, epoch: 2 | loss: 0.3438492
	speed: 0.0470s/iter; left time: 417.0927s
	iters: 800, epoch: 2 | loss: 0.2730205
	speed: 0.0473s/iter; left time: 415.1381s
	iters: 900, epoch: 2 | loss: 0.2766328
	speed: 0.0466s/iter; left time: 404.4499s
	iters: 1000, epoch: 2 | loss: 0.2993816
	speed: 0.0465s/iter; left time: 399.0416s
Epoch: 2 cost time: 49.83804631233215
Epoch: 2, Steps: 1064 | Train Loss: 0.2984276 Vali Loss: 0.5591869
EarlyStopping counter: 1 out of 3
Updating learning rate to 5e-05
	iters: 100, epoch: 3 | loss: 0.2587372
	speed: 0.1278s/iter; left time: 1075.1930s
	iters: 200, epoch: 3 | loss: 0.2904044
	speed: 0.0469s/iter; left time: 389.9118s
	iters: 300, epoch: 3 | loss: 0.2557621
	speed: 0.0469s/iter; left time: 385.5100s
	iters: 400, epoch: 3 | loss: 0.2634690
	speed: 0.0481s/iter; left time: 390.1481s
	iters: 500, epoch: 3 | loss: 0.2561036
	speed: 0.0474s/iter; left time: 379.8611s
	iters: 600, epoch: 3 | loss: 0.2505147
	speed: 0.0470s/iter; left time: 371.6179s
	iters: 700, epoch: 3 | loss: 0.2433130
	speed: 0.0469s/iter; left time: 366.2862s
	iters: 800, epoch: 3 | loss: 0.2455577
	speed: 0.0475s/iter; left time: 366.2263s
	iters: 900, epoch: 3 | loss: 0.2415146
	speed: 0.0467s/iter; left time: 355.3541s
	iters: 1000, epoch: 3 | loss: 0.2450687
	speed: 0.0478s/iter; left time: 359.2644s
Epoch: 3 cost time: 50.224756717681885
Epoch: 3, Steps: 1064 | Train Loss: 0.2594817 Vali Loss: 0.5696993
EarlyStopping counter: 2 out of 3
Updating learning rate to 2.5e-05
	iters: 100, epoch: 4 | loss: 0.2465365
	speed: 0.1239s/iter; left time: 910.8036s
	iters: 200, epoch: 4 | loss: 0.1976329
	speed: 0.0415s/iter; left time: 300.8036s
	iters: 300, epoch: 4 | loss: 0.2387723
	speed: 0.0384s/iter; left time: 274.6860s
	iters: 400, epoch: 4 | loss: 0.2099201
	speed: 0.0397s/iter; left time: 280.1588s
	iters: 500, epoch: 4 | loss: 0.2364575
	speed: 0.0414s/iter; left time: 287.7156s
	iters: 600, epoch: 4 | loss: 0.2664363
	speed: 0.0495s/iter; left time: 339.2868s
	iters: 700, epoch: 4 | loss: 0.2608838
	speed: 0.0482s/iter; left time: 325.2957s
	iters: 800, epoch: 4 | loss: 0.2192117
	speed: 0.0473s/iter; left time: 314.5465s
	iters: 900, epoch: 4 | loss: 0.2508251
	speed: 0.0466s/iter; left time: 305.4299s
	iters: 1000, epoch: 4 | loss: 0.2305452
	speed: 0.0470s/iter; left time: 303.0379s
Epoch: 4 cost time: 47.32013273239136
Epoch: 4, Steps: 1064 | Train Loss: 0.2358186 Vali Loss: 0.6065041
EarlyStopping counter: 3 out of 3
Early stopping
VALIDATION_RESULT {"best_epoch": 1, "best_mae": 0.49237733868385036, "best_mse": 0.5332435654706175, "epochs_ran": 4, "metric_version": "element_weighted_v1"}
>>>>>>>testing : long_term_forecast_patchtst_ettm1_sl336_pl192_s2021_PatchTST_ETTm1_ftM_sl336_ll48_pl192_dm512_nh8_el3_dl1_df2048_expand2_dc4_fc3_ebtimeF_dtTrue_patchtst_ettm1_sl336_pl192_s2021_0<<<<<<<<<<<<<<<<<<<<<<<<<<<<<<<<<
test 11329
test shape: (11329, 192, 7) (11329, 192, 7)
test shape: (11329, 192, 7) (11329, 192, 7)
mse:0.36092236638069153, mae:0.38516297936439514, dtw:Not calculated
