Using GPU
Args in experiment:
[1mBasic Config[0m
  Task Name:          long_term_forecast  Is Training:        1                   
  Model ID:           patchtst_etth1_sl336_pl192_s2021Model:              PatchTST            

[1mData Loader[0m
  Data:               ETTh1               Root Path:          /home/cwh/Time-Series-Library/dataset/ETT-small
  Data Path:          ETTh1.csv           Features:           M                   
  Target:             OT                  Freq:               h                   
  Checkpoints:        /home/cwh/Time-Series-Library/logs/q2_main_baselines/checkpoints

[1mForecasting Task[0m
  Seq Len:            336                 Label Len:          48                  
  Pred Len:           192                 Seasonal Patterns:  Monthly             
  Inverse:            0                   

[1mModel Parameters[0m
  Top k:              5                   Num Kernels:        6                   
  Enc In:             7                   Dec In:             7                   
  C Out:              7                   d model:            512                 
  n heads:            8                   e layers:           1                   
  d layers:           1                   d FF:               2048                
  Moving Avg:         25                  Factor:             3                   
  Distil:             1                   Dropout:            0.1                 
  Embed:              timeF               Activation:         gelu                

[1mRun Parameters[0m
  Num Workers:        0                   Itr:                1                   
  Train Epochs:       10                  Batch Size:         32                  
  Patience:           3                   Learning Rate:      0.0001              
  Des:                patchtst_etth1_sl336_pl192_s2021Loss:               MSE                 
  Lradj:              type1               Use Amp:            0                   

[1mGPU[0m
  Use GPU:            1                   GPU:                0                   
  Use Multi GPU:      0                   Devices:            0,1,2,3             

[1mDe-stationary Projector Params[0m
  P Hidden Dims:      128, 128            P Hidden Layers:    2                   

Use GPU: cuda:0
🚀 Lazy Loading: PatchTST ...
>>>>>>>start training : long_term_forecast_patchtst_etth1_sl336_pl192_s2021_PatchTST_ETTh1_ftM_sl336_ll48_pl192_dm512_nh8_el1_dl1_df2048_expand2_dc4_fc3_ebtimeF_dtTrue_patchtst_etth1_sl336_pl192_s2021_0>>>>>>>>>>>>>>>>>>>>>>>>>>
train 8113
val 2689
	iters: 100, epoch: 1 | loss: 0.4333168
	speed: 0.0232s/iter; left time: 56.5879s
	iters: 200, epoch: 1 | loss: 0.5579100
	speed: 0.0153s/iter; left time: 35.8541s
Epoch: 1 cost time: 4.6588966846466064
Epoch: 1, Steps: 254 | Train Loss: 0.4796417 Vali Loss: 1.0942490
Validation loss decreased (inf --> 1.094249).  Saving model ...
Updating learning rate to 0.0001
	iters: 100, epoch: 2 | loss: 0.4969340
	speed: 0.0301s/iter; left time: 65.7721s
	iters: 200, epoch: 2 | loss: 0.4395851
	speed: 0.0226s/iter; left time: 47.1122s
Epoch: 2 cost time: 5.266997814178467
Epoch: 2, Steps: 254 | Train Loss: 0.4375188 Vali Loss: 1.0392362
Validation loss decreased (1.094249 --> 1.039236).  Saving model ...
Updating learning rate to 5e-05
	iters: 100, epoch: 3 | loss: 0.4763825
	speed: 0.0417s/iter; left time: 80.6739s
	iters: 200, epoch: 3 | loss: 0.3349329
	speed: 0.0207s/iter; left time: 37.8992s
Epoch: 3 cost time: 5.2808074951171875
Epoch: 3, Steps: 254 | Train Loss: 0.3988097 Vali Loss: 1.0214084
Validation loss decreased (1.039236 --> 1.021408).  Saving model ...
Updating learning rate to 2.5e-05
	iters: 100, epoch: 4 | loss: 0.3944703
	speed: 0.0273s/iter; left time: 45.8531s
	iters: 200, epoch: 4 | loss: 0.4520198
	speed: 0.0166s/iter; left time: 26.1752s
Epoch: 4 cost time: 4.312236785888672
Epoch: 4, Steps: 254 | Train Loss: 0.3806187 Vali Loss: 1.0273479
EarlyStopping counter: 1 out of 3
Updating learning rate to 1.25e-05
	iters: 100, epoch: 5 | loss: 0.3696281
	speed: 0.0408s/iter; left time: 58.0859s
	iters: 200, epoch: 5 | loss: 0.3712664
	speed: 0.0226s/iter; left time: 29.9356s
Epoch: 5 cost time: 5.438331842422485
Epoch: 5, Steps: 254 | Train Loss: 0.3714570 Vali Loss: 1.0267220
EarlyStopping counter: 2 out of 3
Updating learning rate to 6.25e-06
	iters: 100, epoch: 6 | loss: 0.4044064
	speed: 0.0265s/iter; left time: 31.0400s
	iters: 200, epoch: 6 | loss: 0.3709800
	speed: 0.0174s/iter; left time: 18.5848s
Epoch: 6 cost time: 4.400856256484985
Epoch: 6, Steps: 254 | Train Loss: 0.3670155 Vali Loss: 1.0033307
Validation loss decreased (1.021408 --> 1.003331).  Saving model ...
Updating learning rate to 3.125e-06
	iters: 100, epoch: 7 | loss: 0.3224245
	speed: 0.0419s/iter; left time: 38.4513s
	iters: 200, epoch: 7 | loss: 0.3566943
	speed: 0.0198s/iter; left time: 16.1459s
Epoch: 7 cost time: 5.1552112102508545
Epoch: 7, Steps: 254 | Train Loss: 0.3648727 Vali Loss: 1.0154338
EarlyStopping counter: 1 out of 3
Updating learning rate to 1.5625e-06
	iters: 100, epoch: 8 | loss: 0.3609207
	speed: 0.0270s/iter; left time: 17.8746s
	iters: 200, epoch: 8 | loss: 0.3722847
	speed: 0.0177s/iter; left time: 9.9466s
Epoch: 8 cost time: 4.526425361633301
Epoch: 8, Steps: 254 | Train Loss: 0.3632496 Vali Loss: 1.0148577
EarlyStopping counter: 2 out of 3
Updating learning rate to 7.8125e-07
	iters: 100, epoch: 9 | loss: 0.3336668
	speed: 0.0413s/iter; left time: 16.8715s
	iters: 200, epoch: 9 | loss: 0.3887535
	speed: 0.0231s/iter; left time: 7.1313s
Epoch: 9 cost time: 5.80076265335083
Epoch: 9, Steps: 254 | Train Loss: 0.3628002 Vali Loss: 1.0130463
EarlyStopping counter: 3 out of 3
Early stopping
VALIDATION_RESULT {"best_epoch": 6, "best_mae": 0.6842143693732199, "best_mse": 1.0033307478374647, "epochs_ran": 9, "metric_version": "element_weighted_v1"}
>>>>>>>testing : long_term_forecast_patchtst_etth1_sl336_pl192_s2021_PatchTST_ETTh1_ftM_sl336_ll48_pl192_dm512_nh8_el1_dl1_df2048_expand2_dc4_fc3_ebtimeF_dtTrue_patchtst_etth1_sl336_pl192_s2021_0<<<<<<<<<<<<<<<<<<<<<<<<<<<<<<<<<
test 2689
test shape: (2689, 192, 7) (2689, 192, 7)
test shape: (2689, 192, 7) (2689, 192, 7)
mse:0.4672151505947113, mae:0.46933355927467346, dtw:Not calculated
