Using GPU
Args in experiment:
[1mBasic Config[0m
  Task Name:          long_term_forecast  Is Training:        1                   
  Model ID:           patchtst_ettm2_sl336_pl192_s2021Model:              PatchTST            

[1mData Loader[0m
  Data:               ETTm2               Root Path:          /home/cwh/Time-Series-Library/dataset/ETT-small
  Data Path:          ETTm2.csv           Features:           M                   
  Target:             OT                  Freq:               t                   
  Checkpoints:        /home/cwh/Time-Series-Library/logs/q2_main_baselines/checkpoints

[1mForecasting Task[0m
  Seq Len:            336                 Label Len:          48                  
  Pred Len:           192                 Seasonal Patterns:  Monthly             
  Inverse:            0                   

[1mModel Parameters[0m
  Top k:              5                   Num Kernels:        6                   
  Enc In:             7                   Dec In:             7                   
  C Out:              7                   d model:            512                 
  n heads:            8                   e layers:           3                   
  d layers:           1                   d FF:               2048                
  Moving Avg:         25                  Factor:             3                   
  Distil:             1                   Dropout:            0.1                 
  Embed:              timeF               Activation:         gelu                

[1mRun Parameters[0m
  Num Workers:        0                   Itr:                1                   
  Train Epochs:       10                  Batch Size:         32                  
  Patience:           3                   Learning Rate:      0.0001              
  Des:                patchtst_ettm2_sl336_pl192_s2021Loss:               MSE                 
  Lradj:              type1               Use Amp:            0                   

[1mGPU[0m
  Use GPU:            1                   GPU:                0                   
  Use Multi GPU:      0                   Devices:            0,1,2,3             

[1mDe-stationary Projector Params[0m
  P Hidden Dims:      128, 128            P Hidden Layers:    2                   

Use GPU: cuda:0
🚀 Lazy Loading: PatchTST ...
>>>>>>>start training : long_term_forecast_patchtst_ettm2_sl336_pl192_s2021_PatchTST_ETTm2_ftM_sl336_ll48_pl192_dm512_nh8_el3_dl1_df2048_expand2_dc4_fc3_ebtimeF_dtTrue_patchtst_ettm2_sl336_pl192_s2021_0>>>>>>>>>>>>>>>>>>>>>>>>>>
train 34033
val 11329
	iters: 100, epoch: 1 | loss: 0.3392974
	speed: 0.0723s/iter; left time: 762.1481s
	iters: 200, epoch: 1 | loss: 0.7390829
	speed: 0.0702s/iter; left time: 733.3915s
	iters: 300, epoch: 1 | loss: 0.1692266
	speed: 0.0700s/iter; left time: 723.3861s
	iters: 400, epoch: 1 | loss: 0.2281792
	speed: 0.0698s/iter; left time: 715.2218s
	iters: 500, epoch: 1 | loss: 0.4626596
	speed: 0.0678s/iter; left time: 687.4509s
	iters: 600, epoch: 1 | loss: 0.2489379
	speed: 0.0704s/iter; left time: 706.7314s
	iters: 700, epoch: 1 | loss: 0.3411012
	speed: 0.0700s/iter; left time: 696.0954s
	iters: 800, epoch: 1 | loss: 0.1799445
	speed: 0.0697s/iter; left time: 686.2862s
	iters: 900, epoch: 1 | loss: 0.6052235
	speed: 0.0692s/iter; left time: 673.7185s
	iters: 1000, epoch: 1 | loss: 0.3071409
	speed: 0.0698s/iter; left time: 672.8494s
Epoch: 1 cost time: 74.3517210483551
Epoch: 1, Steps: 1064 | Train Loss: 0.3208190 Vali Loss: 0.1845474
Validation loss decreased (inf --> 0.184547).  Saving model ...
Updating learning rate to 0.0001
	iters: 100, epoch: 2 | loss: 0.2200472
	speed: 0.1697s/iter; left time: 1608.6548s
	iters: 200, epoch: 2 | loss: 0.1942999
	speed: 0.0697s/iter; left time: 653.9423s
	iters: 300, epoch: 2 | loss: 0.2806256
	speed: 0.0699s/iter; left time: 648.3175s
	iters: 400, epoch: 2 | loss: 0.3547135
	speed: 0.0705s/iter; left time: 646.7372s
	iters: 500, epoch: 2 | loss: 0.1660098
	speed: 0.0695s/iter; left time: 630.4702s
	iters: 600, epoch: 2 | loss: 0.3585230
	speed: 0.0676s/iter; left time: 606.7472s
	iters: 700, epoch: 2 | loss: 0.4326246
	speed: 0.0704s/iter; left time: 625.1578s
	iters: 800, epoch: 2 | loss: 0.4436327
	speed: 0.0699s/iter; left time: 613.4067s
	iters: 900, epoch: 2 | loss: 0.1709768
	speed: 0.0700s/iter; left time: 607.2005s
	iters: 1000, epoch: 2 | loss: 0.2904137
	speed: 0.0703s/iter; left time: 602.5568s
Epoch: 2 cost time: 74.18138408660889
Epoch: 2, Steps: 1064 | Train Loss: 0.2664606 Vali Loss: 0.1755568
Validation loss decreased (0.184547 --> 0.175557).  Saving model ...
Updating learning rate to 5e-05
	iters: 100, epoch: 3 | loss: 0.2520035
	speed: 0.1704s/iter; left time: 1433.5310s
	iters: 200, epoch: 3 | loss: 0.2913474
	speed: 0.0697s/iter; left time: 579.4975s
	iters: 300, epoch: 3 | loss: 0.2976475
	speed: 0.0703s/iter; left time: 577.2570s
	iters: 400, epoch: 3 | loss: 0.1412376
	speed: 0.0702s/iter; left time: 569.2747s
	iters: 500, epoch: 3 | loss: 0.1741752
	speed: 0.0702s/iter; left time: 562.4766s
	iters: 600, epoch: 3 | loss: 0.1964743
	speed: 0.0685s/iter; left time: 541.7488s
	iters: 700, epoch: 3 | loss: 0.2103201
	speed: 0.0693s/iter; left time: 541.3467s
	iters: 800, epoch: 3 | loss: 0.2719672
	speed: 0.0700s/iter; left time: 539.5418s
	iters: 900, epoch: 3 | loss: 0.2466573
	speed: 0.0703s/iter; left time: 535.1701s
	iters: 1000, epoch: 3 | loss: 0.3415540
	speed: 0.0697s/iter; left time: 523.4820s
Epoch: 3 cost time: 74.16294956207275
Epoch: 3, Steps: 1064 | Train Loss: 0.2336826 Vali Loss: 0.1779494
EarlyStopping counter: 1 out of 3
Updating learning rate to 2.5e-05
	iters: 100, epoch: 4 | loss: 0.2004698
	speed: 0.1712s/iter; left time: 1257.8880s
	iters: 200, epoch: 4 | loss: 0.1730368
	speed: 0.0702s/iter; left time: 509.1370s
	iters: 300, epoch: 4 | loss: 0.3530386
	speed: 0.0701s/iter; left time: 500.9090s
	iters: 400, epoch: 4 | loss: 0.1379965
	speed: 0.0698s/iter; left time: 492.0667s
	iters: 500, epoch: 4 | loss: 0.3792344
	speed: 0.0704s/iter; left time: 489.0386s
	iters: 600, epoch: 4 | loss: 0.1743382
	speed: 0.0700s/iter; left time: 479.2387s
	iters: 700, epoch: 4 | loss: 0.1498492
	speed: 0.0676s/iter; left time: 456.0374s
	iters: 800, epoch: 4 | loss: 0.3289302
	speed: 0.0699s/iter; left time: 464.6083s
	iters: 900, epoch: 4 | loss: 0.1706043
	speed: 0.0702s/iter; left time: 459.5395s
	iters: 1000, epoch: 4 | loss: 0.1933030
	speed: 0.0699s/iter; left time: 450.6907s
Epoch: 4 cost time: 74.01154327392578
Epoch: 4, Steps: 1064 | Train Loss: 0.2172966 Vali Loss: 0.1761582
EarlyStopping counter: 2 out of 3
Updating learning rate to 1.25e-05
	iters: 100, epoch: 5 | loss: 0.1665720
	speed: 0.1709s/iter; left time: 1074.0882s
	iters: 200, epoch: 5 | loss: 0.1608029
	speed: 0.0696s/iter; left time: 430.2760s
	iters: 300, epoch: 5 | loss: 0.1948255
	speed: 0.0702s/iter; left time: 427.1233s
	iters: 400, epoch: 5 | loss: 0.2131629
	speed: 0.0700s/iter; left time: 418.6885s
	iters: 500, epoch: 5 | loss: 0.1724843
	speed: 0.0705s/iter; left time: 414.7641s
	iters: 600, epoch: 5 | loss: 0.1831695
	speed: 0.0700s/iter; left time: 405.2150s
	iters: 700, epoch: 5 | loss: 0.1995791
	speed: 0.0681s/iter; left time: 387.1513s
	iters: 800, epoch: 5 | loss: 0.2122442
	speed: 0.0653s/iter; left time: 364.6548s
	iters: 900, epoch: 5 | loss: 0.2284234
	speed: 0.0552s/iter; left time: 302.9433s
	iters: 1000, epoch: 5 | loss: 0.1849149
	speed: 0.0522s/iter; left time: 280.9188s
Epoch: 5 cost time: 70.3363037109375
Epoch: 5, Steps: 1064 | Train Loss: 0.2070844 Vali Loss: 0.1778362
EarlyStopping counter: 3 out of 3
Early stopping
VALIDATION_RESULT {"best_epoch": 2, "best_mae": 0.28994659034652326, "best_mse": 0.1755568497907762, "epochs_ran": 5, "metric_version": "element_weighted_v1"}
>>>>>>>testing : long_term_forecast_patchtst_ettm2_sl336_pl192_s2021_PatchTST_ETTm2_ftM_sl336_ll48_pl192_dm512_nh8_el3_dl1_df2048_expand2_dc4_fc3_ebtimeF_dtTrue_patchtst_ettm2_sl336_pl192_s2021_0<<<<<<<<<<<<<<<<<<<<<<<<<<<<<<<<<
test 11329
test shape: (11329, 192, 7) (11329, 192, 7)
test shape: (11329, 192, 7) (11329, 192, 7)
mse:0.23593144118785858, mae:0.3088909983634949, dtw:Not calculated
