Using GPU
Args in experiment:
[1mBasic Config[0m
  Task Name:          long_term_forecast  Is Training:        1                   
  Model ID:           patchtst_etth1_sl336_pl96_s2021Model:              PatchTST            

[1mData Loader[0m
  Data:               ETTh1               Root Path:          /home/cwh/Time-Series-Library/dataset/ETT-small
  Data Path:          ETTh1.csv           Features:           M                   
  Target:             OT                  Freq:               h                   
  Checkpoints:        /home/cwh/Time-Series-Library/logs/q2_main_baselines/checkpoints

[1mForecasting Task[0m
  Seq Len:            336                 Label Len:          48                  
  Pred Len:           96                  Seasonal Patterns:  Monthly             
  Inverse:            0                   

[1mModel Parameters[0m
  Top k:              5                   Num Kernels:        6                   
  Enc In:             7                   Dec In:             7                   
  C Out:              7                   d model:            512                 
  n heads:            8                   e layers:           1                   
  d layers:           1                   d FF:               2048                
  Moving Avg:         25                  Factor:             3                   
  Distil:             1                   Dropout:            0.1                 
  Embed:              timeF               Activation:         gelu                

[1mRun Parameters[0m
  Num Workers:        0                   Itr:                1                   
  Train Epochs:       10                  Batch Size:         32                  
  Patience:           3                   Learning Rate:      0.0001              
  Des:                patchtst_etth1_sl336_pl96_s2021Loss:               MSE                 
  Lradj:              type1               Use Amp:            0                   

[1mGPU[0m
  Use GPU:            1                   GPU:                0                   
  Use Multi GPU:      0                   Devices:            0,1,2,3             

[1mDe-stationary Projector Params[0m
  P Hidden Dims:      128, 128            P Hidden Layers:    2                   

Use GPU: cuda:0
🚀 Lazy Loading: PatchTST ...
>>>>>>>start training : long_term_forecast_patchtst_etth1_sl336_pl96_s2021_PatchTST_ETTh1_ftM_sl336_ll48_pl96_dm512_nh8_el1_dl1_df2048_expand2_dc4_fc3_ebtimeF_dtTrue_patchtst_etth1_sl336_pl96_s2021_0>>>>>>>>>>>>>>>>>>>>>>>>>>
train 8209
val 2785
	iters: 100, epoch: 1 | loss: 0.4333247
	speed: 0.0260s/iter; left time: 64.2726s
	iters: 200, epoch: 1 | loss: 0.4168332
	speed: 0.0213s/iter; left time: 50.4576s
Epoch: 1 cost time: 5.962564706802368
Epoch: 1, Steps: 257 | Train Loss: 0.4297125 Vali Loss: 0.7845008
Validation loss decreased (inf --> 0.784501).  Saving model ...
Updating learning rate to 0.0001
	iters: 100, epoch: 2 | loss: 0.3502705
	speed: 0.0376s/iter; left time: 83.2595s
	iters: 200, epoch: 2 | loss: 0.3701865
	speed: 0.0148s/iter; left time: 31.3580s
Epoch: 2 cost time: 4.170522689819336
Epoch: 2, Steps: 257 | Train Loss: 0.3925165 Vali Loss: 0.7613261
Validation loss decreased (0.784501 --> 0.761326).  Saving model ...
Updating learning rate to 5e-05
	iters: 100, epoch: 3 | loss: 0.3647973
	speed: 0.0292s/iter; left time: 57.1294s
	iters: 200, epoch: 3 | loss: 0.3130293
	speed: 0.0209s/iter; left time: 38.8155s
Epoch: 3 cost time: 4.976378917694092
Epoch: 3, Steps: 257 | Train Loss: 0.3597702 Vali Loss: 0.7354976
Validation loss decreased (0.761326 --> 0.735498).  Saving model ...
Updating learning rate to 2.5e-05
	iters: 100, epoch: 4 | loss: 0.3026078
	speed: 0.0375s/iter; left time: 63.8009s
	iters: 200, epoch: 4 | loss: 0.2817689
	speed: 0.0209s/iter; left time: 33.4075s
Epoch: 4 cost time: 5.260120868682861
Epoch: 4, Steps: 257 | Train Loss: 0.3435810 Vali Loss: 0.7126533
Validation loss decreased (0.735498 --> 0.712653).  Saving model ...
Updating learning rate to 1.25e-05
	iters: 100, epoch: 5 | loss: 0.3510971
	speed: 0.0368s/iter; left time: 53.1058s
	iters: 200, epoch: 5 | loss: 0.3470577
	speed: 0.0151s/iter; left time: 20.2640s
Epoch: 5 cost time: 4.367977142333984
Epoch: 5, Steps: 257 | Train Loss: 0.3356099 Vali Loss: 0.7230929
EarlyStopping counter: 1 out of 3
Updating learning rate to 6.25e-06
	iters: 100, epoch: 6 | loss: 0.3361078
	speed: 0.0276s/iter; left time: 32.7197s
	iters: 200, epoch: 6 | loss: 0.3043115
	speed: 0.0199s/iter; left time: 21.6565s
Epoch: 6 cost time: 4.697097301483154
Epoch: 6, Steps: 257 | Train Loss: 0.3318489 Vali Loss: 0.7089391
Validation loss decreased (0.712653 --> 0.708939).  Saving model ...
Updating learning rate to 3.125e-06
	iters: 100, epoch: 7 | loss: 0.3428393
	speed: 0.0380s/iter; left time: 35.2874s
	iters: 200, epoch: 7 | loss: 0.3049659
	speed: 0.0196s/iter; left time: 16.2696s
Epoch: 7 cost time: 4.814316511154175
Epoch: 7, Steps: 257 | Train Loss: 0.3292317 Vali Loss: 0.7099528
EarlyStopping counter: 1 out of 3
Updating learning rate to 1.5625e-06
	iters: 100, epoch: 8 | loss: 0.3037153
	speed: 0.0268s/iter; left time: 18.0076s
	iters: 200, epoch: 8 | loss: 0.3101399
	speed: 0.0154s/iter; left time: 8.7824s
Epoch: 8 cost time: 4.148566722869873
Epoch: 8, Steps: 257 | Train Loss: 0.3284854 Vali Loss: 0.7091606
EarlyStopping counter: 2 out of 3
Updating learning rate to 7.8125e-07
	iters: 100, epoch: 9 | loss: 0.2659852
	speed: 0.0375s/iter; left time: 15.5606s
	iters: 200, epoch: 9 | loss: 0.3278910
	speed: 0.0198s/iter; left time: 6.2481s
Epoch: 9 cost time: 5.170732259750366
Epoch: 9, Steps: 257 | Train Loss: 0.3278755 Vali Loss: 0.7082323
Validation loss decreased (0.708939 --> 0.708232).  Saving model ...
Updating learning rate to 3.90625e-07
	iters: 100, epoch: 10 | loss: 0.3558120
	speed: 0.0325s/iter; left time: 5.1328s
	iters: 200, epoch: 10 | loss: 0.3500459
	speed: 0.0141s/iter; left time: 0.8192s
Epoch: 10 cost time: 3.881714105606079
Epoch: 10, Steps: 257 | Train Loss: 0.3273345 Vali Loss: 0.7099718
EarlyStopping counter: 1 out of 3
Updating learning rate to 1.953125e-07
VALIDATION_RESULT {"best_epoch": 9, "best_mae": 0.574217842684512, "best_mse": 0.7082322545201185, "epochs_ran": 10, "metric_version": "element_weighted_v1"}
>>>>>>>testing : long_term_forecast_patchtst_etth1_sl336_pl96_s2021_PatchTST_ETTh1_ftM_sl336_ll48_pl96_dm512_nh8_el1_dl1_df2048_expand2_dc4_fc3_ebtimeF_dtTrue_patchtst_etth1_sl336_pl96_s2021_0<<<<<<<<<<<<<<<<<<<<<<<<<<<<<<<<<
test 2785
test shape: (2785, 96, 7) (2785, 96, 7)
test shape: (2785, 96, 7) (2785, 96, 7)
mse:0.38793671131134033, mae:0.4136544466018677, dtw:Not calculated
