Using GPU
Args in experiment:
[1mBasic Config[0m
  Task Name:          long_term_forecast  Is Training:        1                   
  Model ID:           smamba_ettm2_sl336_pl720_s2021Model:              SMamba              

[1mData Loader[0m
  Data:               ETTm2               Root Path:          /home/cwh/Time-Series-Library/dataset/ETT-small
  Data Path:          ETTm2.csv           Features:           M                   
  Target:             OT                  Freq:               t                   
  Checkpoints:        /home/cwh/Time-Series-Library/logs/q2_main_baselines/checkpoints

[1mForecasting Task[0m
  Seq Len:            336                 Label Len:          48                  
  Pred Len:           720                 Seasonal Patterns:  Monthly             
  Inverse:            0                   

[1mModel Parameters[0m
  Top k:              5                   Num Kernels:        6                   
  Enc In:             7                   Dec In:             7                   
  C Out:              7                   d model:            128                 
  n heads:            4                   e layers:           2                   
  d layers:           1                   d FF:               128                 
  Moving Avg:         25                  Factor:             3                   
  Distil:             1                   Dropout:            0.1                 
  Embed:              timeF               Activation:         gelu                

[1mRun Parameters[0m
  Num Workers:        0                   Itr:                1                   
  Train Epochs:       10                  Batch Size:         32                  
  Patience:           3                   Learning Rate:      5e-05               
  Des:                smamba_ettm2_sl336_pl720_s2021Loss:               MSE                 
  Lradj:              type1               Use Amp:            0                   

[1mGPU[0m
  Use GPU:            1                   GPU:                0                   
  Use Multi GPU:      0                   Devices:            0,1,2,3             

[1mDe-stationary Projector Params[0m
  P Hidden Dims:      128, 128            P Hidden Layers:    2                   

Use GPU: cuda:0
🚀 Lazy Loading: SMamba ...
>>>>>>>start training : long_term_forecast_smamba_ettm2_sl336_pl720_s2021_SMamba_ETTm2_ftM_sl336_ll48_pl720_dm128_nh4_el2_dl1_df128_expand2_dc4_fc3_ebtimeF_dtTrue_smamba_ettm2_sl336_pl720_s2021_0>>>>>>>>>>>>>>>>>>>>>>>>>>
train 33505
val 10801
	iters: 100, epoch: 1 | loss: 0.8649923
	speed: 0.0108s/iter; left time: 112.2220s
	iters: 200, epoch: 1 | loss: 0.9813045
	speed: 0.0085s/iter; left time: 87.5192s
	iters: 300, epoch: 1 | loss: 0.7598631
	speed: 0.0087s/iter; left time: 88.4390s
	iters: 400, epoch: 1 | loss: 0.6015286
	speed: 0.0084s/iter; left time: 85.0021s
	iters: 500, epoch: 1 | loss: 0.4558232
	speed: 0.0086s/iter; left time: 85.8857s
	iters: 600, epoch: 1 | loss: 0.5033568
	speed: 0.0083s/iter; left time: 82.4803s
	iters: 700, epoch: 1 | loss: 0.7149332
	speed: 0.0086s/iter; left time: 84.2190s
	iters: 800, epoch: 1 | loss: 0.3870457
	speed: 0.0088s/iter; left time: 84.7850s
	iters: 900, epoch: 1 | loss: 0.4658300
	speed: 0.0089s/iter; left time: 85.1686s
	iters: 1000, epoch: 1 | loss: 0.3100712
	speed: 0.0085s/iter; left time: 80.6129s
Epoch: 1 cost time: 9.226188898086548
Epoch: 1, Steps: 1048 | Train Loss: 0.5600650 Vali Loss: 0.2787638
Validation loss decreased (inf --> 0.278764).  Saving model ...
Updating learning rate to 5e-05
	iters: 100, epoch: 2 | loss: 0.4077134
	speed: 0.0255s/iter; left time: 237.6658s
	iters: 200, epoch: 2 | loss: 0.5371914
	speed: 0.0084s/iter; left time: 77.8332s
	iters: 300, epoch: 2 | loss: 0.3599935
	speed: 0.0086s/iter; left time: 78.2579s
	iters: 400, epoch: 2 | loss: 0.3386786
	speed: 0.0085s/iter; left time: 76.6487s
	iters: 500, epoch: 2 | loss: 0.2521338
	speed: 0.0085s/iter; left time: 76.0577s
	iters: 600, epoch: 2 | loss: 0.3020301
	speed: 0.0086s/iter; left time: 75.6045s
	iters: 700, epoch: 2 | loss: 0.5153242
	speed: 0.0084s/iter; left time: 73.2679s
	iters: 800, epoch: 2 | loss: 0.6351065
	speed: 0.0087s/iter; left time: 75.3435s
	iters: 900, epoch: 2 | loss: 0.2950220
	speed: 0.0088s/iter; left time: 74.7446s
	iters: 1000, epoch: 2 | loss: 0.4882935
	speed: 0.0088s/iter; left time: 73.8757s
Epoch: 2 cost time: 9.007538795471191
Epoch: 2, Steps: 1048 | Train Loss: 0.4765651 Vali Loss: 0.2880068
EarlyStopping counter: 1 out of 3
Updating learning rate to 2.5e-05
	iters: 100, epoch: 3 | loss: 0.3283601
	speed: 0.0262s/iter; left time: 216.8440s
	iters: 200, epoch: 3 | loss: 0.5286856
	speed: 0.0087s/iter; left time: 71.3290s
	iters: 300, epoch: 3 | loss: 0.3305866
	speed: 0.0087s/iter; left time: 70.1705s
	iters: 400, epoch: 3 | loss: 0.3921062
	speed: 0.0090s/iter; left time: 71.8231s
	iters: 500, epoch: 3 | loss: 0.6017763
	speed: 0.0087s/iter; left time: 68.4585s
	iters: 600, epoch: 3 | loss: 0.3526763
	speed: 0.0085s/iter; left time: 66.3315s
	iters: 700, epoch: 3 | loss: 0.3369231
	speed: 0.0086s/iter; left time: 66.2584s
	iters: 800, epoch: 3 | loss: 0.7358873
	speed: 0.0086s/iter; left time: 65.1534s
	iters: 900, epoch: 3 | loss: 0.5540359
	speed: 0.0087s/iter; left time: 64.9971s
	iters: 1000, epoch: 3 | loss: 0.2772013
	speed: 0.0087s/iter; left time: 64.1133s
Epoch: 3 cost time: 9.106224060058594
Epoch: 3, Steps: 1048 | Train Loss: 0.4350036 Vali Loss: 0.2962205
EarlyStopping counter: 2 out of 3
Updating learning rate to 1.25e-05
	iters: 100, epoch: 4 | loss: 0.5310764
	speed: 0.0256s/iter; left time: 185.4982s
	iters: 200, epoch: 4 | loss: 0.2725017
	speed: 0.0090s/iter; left time: 64.3361s
	iters: 300, epoch: 4 | loss: 0.3272000
	speed: 0.0086s/iter; left time: 60.2803s
	iters: 400, epoch: 4 | loss: 0.2857724
	speed: 0.0091s/iter; left time: 63.1149s
	iters: 500, epoch: 4 | loss: 0.3099237
	speed: 0.0088s/iter; left time: 60.2647s
	iters: 600, epoch: 4 | loss: 0.4759586
	speed: 0.0084s/iter; left time: 56.8474s
	iters: 700, epoch: 4 | loss: 0.4905133
	speed: 0.0090s/iter; left time: 59.5469s
	iters: 800, epoch: 4 | loss: 0.2728085
	speed: 0.0089s/iter; left time: 58.2354s
	iters: 900, epoch: 4 | loss: 0.3590009
	speed: 0.0089s/iter; left time: 57.5691s
	iters: 1000, epoch: 4 | loss: 0.4340754
	speed: 0.0087s/iter; left time: 54.9033s
Epoch: 4 cost time: 9.209428787231445
Epoch: 4, Steps: 1048 | Train Loss: 0.4212861 Vali Loss: 0.2941287
EarlyStopping counter: 3 out of 3
Early stopping
VALIDATION_RESULT {"best_epoch": 1, "best_mae": 0.3606031040916718, "best_mse": 0.2787638445558507, "epochs_ran": 4, "metric_version": "element_weighted_v1"}
>>>>>>>testing : long_term_forecast_smamba_ettm2_sl336_pl720_s2021_SMamba_ETTm2_ftM_sl336_ll48_pl720_dm128_nh4_el2_dl1_df128_expand2_dc4_fc3_ebtimeF_dtTrue_smamba_ettm2_sl336_pl720_s2021_0<<<<<<<<<<<<<<<<<<<<<<<<<<<<<<<<<
test 10801
test shape: (10801, 720, 7) (10801, 720, 7)
test shape: (10801, 720, 7) (10801, 720, 7)
mse:0.37611162662506104, mae:0.3956252932548523, dtw:Not calculated
