Using GPU
Args in experiment:
[1mBasic Config[0m
  Task Name:          long_term_forecast  Is Training:        1                   
  Model ID:           smamba_etth1_sl336_pl192_s2021Model:              SMamba              

[1mData Loader[0m
  Data:               ETTh1               Root Path:          /home/cwh/Time-Series-Library/dataset/ETT-small
  Data Path:          ETTh1.csv           Features:           M                   
  Target:             OT                  Freq:               h                   
  Checkpoints:        /home/cwh/Time-Series-Library/logs/q2_main_baselines/checkpoints

[1mForecasting Task[0m
  Seq Len:            336                 Label Len:          48                  
  Pred Len:           192                 Seasonal Patterns:  Monthly             
  Inverse:            0                   

[1mModel Parameters[0m
  Top k:              5                   Num Kernels:        6                   
  Enc In:             7                   Dec In:             7                   
  C Out:              7                   d model:            256                 
  n heads:            4                   e layers:           2                   
  d layers:           1                   d FF:               256                 
  Moving Avg:         25                  Factor:             3                   
  Distil:             1                   Dropout:            0.1                 
  Embed:              timeF               Activation:         gelu                

[1mRun Parameters[0m
  Num Workers:        0                   Itr:                1                   
  Train Epochs:       10                  Batch Size:         32                  
  Patience:           3                   Learning Rate:      7e-05               
  Des:                smamba_etth1_sl336_pl192_s2021Loss:               MSE                 
  Lradj:              type1               Use Amp:            0                   

[1mGPU[0m
  Use GPU:            1                   GPU:                0                   
  Use Multi GPU:      0                   Devices:            0,1,2,3             

[1mDe-stationary Projector Params[0m
  P Hidden Dims:      128, 128            P Hidden Layers:    2                   

Use GPU: cuda:0
🚀 Lazy Loading: SMamba ...
>>>>>>>start training : long_term_forecast_smamba_etth1_sl336_pl192_s2021_SMamba_ETTh1_ftM_sl336_ll48_pl192_dm256_nh4_el2_dl1_df256_expand2_dc4_fc3_ebtimeF_dtTrue_smamba_etth1_sl336_pl192_s2021_0>>>>>>>>>>>>>>>>>>>>>>>>>>
train 8113
val 2689
	iters: 100, epoch: 1 | loss: 0.4906969
	speed: 0.0110s/iter; left time: 26.9548s
	iters: 200, epoch: 1 | loss: 0.3908634
	speed: 0.0081s/iter; left time: 18.8667s
Epoch: 1 cost time: 2.353533983230591
Epoch: 1, Steps: 254 | Train Loss: 0.5002906 Vali Loss: 0.9671015
Validation loss decreased (inf --> 0.967102).  Saving model ...
Updating learning rate to 7e-05
	iters: 100, epoch: 2 | loss: 0.4975087
	speed: 0.0157s/iter; left time: 34.2877s
	iters: 200, epoch: 2 | loss: 0.3591461
	speed: 0.0080s/iter; left time: 16.6170s
Epoch: 2 cost time: 2.0496068000793457
Epoch: 2, Steps: 254 | Train Loss: 0.4184295 Vali Loss: 0.9627339
Validation loss decreased (0.967102 --> 0.962734).  Saving model ...
Updating learning rate to 3.5e-05
	iters: 100, epoch: 3 | loss: 0.3798066
	speed: 0.0149s/iter; left time: 28.8806s
	iters: 200, epoch: 3 | loss: 0.4217748
	speed: 0.0080s/iter; left time: 14.6356s
Epoch: 3 cost time: 2.0329885482788086
Epoch: 3, Steps: 254 | Train Loss: 0.3909830 Vali Loss: 0.9845793
EarlyStopping counter: 1 out of 3
Updating learning rate to 1.75e-05
	iters: 100, epoch: 4 | loss: 0.3597265
	speed: 0.0153s/iter; left time: 25.7296s
	iters: 200, epoch: 4 | loss: 0.4306192
	speed: 0.0079s/iter; left time: 12.4867s
Epoch: 4 cost time: 2.0432357788085938
Epoch: 4, Steps: 254 | Train Loss: 0.3780600 Vali Loss: 0.9919757
EarlyStopping counter: 2 out of 3
Updating learning rate to 8.75e-06
	iters: 100, epoch: 5 | loss: 0.3292457
	speed: 0.0154s/iter; left time: 21.9531s
	iters: 200, epoch: 5 | loss: 0.3068446
	speed: 0.0078s/iter; left time: 10.3445s
Epoch: 5 cost time: 2.0199780464172363
Epoch: 5, Steps: 254 | Train Loss: 0.3717335 Vali Loss: 0.9921419
EarlyStopping counter: 3 out of 3
Early stopping
VALIDATION_RESULT {"best_epoch": 2, "best_mae": 0.6625034313900748, "best_mse": 0.9627339265263309, "epochs_ran": 5, "metric_version": "element_weighted_v1"}
>>>>>>>testing : long_term_forecast_smamba_etth1_sl336_pl192_s2021_SMamba_ETTh1_ftM_sl336_ll48_pl192_dm256_nh4_el2_dl1_df256_expand2_dc4_fc3_ebtimeF_dtTrue_smamba_etth1_sl336_pl192_s2021_0<<<<<<<<<<<<<<<<<<<<<<<<<<<<<<<<<
test 2689
test shape: (2689, 192, 7) (2689, 192, 7)
test shape: (2689, 192, 7) (2689, 192, 7)
mse:0.4327000081539154, mae:0.44001305103302, dtw:Not calculated
