Using GPU
Args in experiment:
[1mBasic Config[0m
  Task Name:          long_term_forecast  Is Training:        1                   
  Model ID:           smamba_ettm2_sl336_pl96_s2021Model:              SMamba              

[1mData Loader[0m
  Data:               ETTm2               Root Path:          /home/cwh/Time-Series-Library/dataset/ETT-small
  Data Path:          ETTm2.csv           Features:           M                   
  Target:             OT                  Freq:               t                   
  Checkpoints:        /home/cwh/Time-Series-Library/logs/q2_main_baselines/checkpoints

[1mForecasting Task[0m
  Seq Len:            336                 Label Len:          48                  
  Pred Len:           96                  Seasonal Patterns:  Monthly             
  Inverse:            0                   

[1mModel Parameters[0m
  Top k:              5                   Num Kernels:        6                   
  Enc In:             7                   Dec In:             7                   
  C Out:              7                   d model:            256                 
  n heads:            4                   e layers:           2                   
  d layers:           1                   d FF:               256                 
  Moving Avg:         25                  Factor:             3                   
  Distil:             1                   Dropout:            0.1                 
  Embed:              timeF               Activation:         gelu                

[1mRun Parameters[0m
  Num Workers:        0                   Itr:                1                   
  Train Epochs:       10                  Batch Size:         32                  
  Patience:           3                   Learning Rate:      5e-05               
  Des:                smamba_ettm2_sl336_pl96_s2021Loss:               MSE                 
  Lradj:              type1               Use Amp:            0                   

[1mGPU[0m
  Use GPU:            1                   GPU:                0                   
  Use Multi GPU:      0                   Devices:            0,1,2,3             

[1mDe-stationary Projector Params[0m
  P Hidden Dims:      128, 128            P Hidden Layers:    2                   

Use GPU: cuda:0
🚀 Lazy Loading: SMamba ...
>>>>>>>start training : long_term_forecast_smamba_ettm2_sl336_pl96_s2021_SMamba_ETTm2_ftM_sl336_ll48_pl96_dm256_nh4_el2_dl1_df256_expand2_dc4_fc3_ebtimeF_dtTrue_smamba_ettm2_sl336_pl96_s2021_0>>>>>>>>>>>>>>>>>>>>>>>>>>
train 34129
val 11425
	iters: 100, epoch: 1 | loss: 0.3710864
	speed: 0.0111s/iter; left time: 117.7280s
	iters: 200, epoch: 1 | loss: 0.1593773
	speed: 0.0081s/iter; left time: 84.8997s
	iters: 300, epoch: 1 | loss: 0.1899587
	speed: 0.0082s/iter; left time: 85.1077s
	iters: 400, epoch: 1 | loss: 0.1554824
	speed: 0.0081s/iter; left time: 83.4848s
	iters: 500, epoch: 1 | loss: 0.3053131
	speed: 0.0086s/iter; left time: 87.5430s
	iters: 600, epoch: 1 | loss: 0.3615973
	speed: 0.0082s/iter; left time: 82.5927s
	iters: 700, epoch: 1 | loss: 0.1464125
	speed: 0.0083s/iter; left time: 82.8046s
	iters: 800, epoch: 1 | loss: 0.2378747
	speed: 0.0083s/iter; left time: 81.8800s
	iters: 900, epoch: 1 | loss: 0.1943553
	speed: 0.0084s/iter; left time: 82.1293s
	iters: 1000, epoch: 1 | loss: 0.1771823
	speed: 0.0084s/iter; left time: 81.4957s
Epoch: 1 cost time: 9.143406391143799
Epoch: 1, Steps: 1067 | Train Loss: 0.2401613 Vali Loss: 0.1262355
Validation loss decreased (inf --> 0.126236).  Saving model ...
Updating learning rate to 5e-05
	iters: 100, epoch: 2 | loss: 0.1697214
	speed: 0.0262s/iter; left time: 248.9689s
	iters: 200, epoch: 2 | loss: 0.1440520
	speed: 0.0082s/iter; left time: 76.6515s
	iters: 300, epoch: 2 | loss: 0.1298731
	speed: 0.0086s/iter; left time: 79.8978s
	iters: 400, epoch: 2 | loss: 0.1465715
	speed: 0.0085s/iter; left time: 78.1526s
	iters: 500, epoch: 2 | loss: 0.1516434
	speed: 0.0083s/iter; left time: 75.6878s
	iters: 600, epoch: 2 | loss: 0.1633127
	speed: 0.0084s/iter; left time: 75.7433s
	iters: 700, epoch: 2 | loss: 0.1344064
	speed: 0.0084s/iter; left time: 74.6516s
	iters: 800, epoch: 2 | loss: 0.1574664
	speed: 0.0086s/iter; left time: 75.9394s
	iters: 900, epoch: 2 | loss: 0.2318208
	speed: 0.0085s/iter; left time: 74.1740s
	iters: 1000, epoch: 2 | loss: 0.2049677
	speed: 0.0082s/iter; left time: 70.5382s
Epoch: 2 cost time: 8.95896577835083
Epoch: 2, Steps: 1067 | Train Loss: 0.1805427 Vali Loss: 0.1264475
EarlyStopping counter: 1 out of 3
Updating learning rate to 2.5e-05
	iters: 100, epoch: 3 | loss: 0.1605657
	speed: 0.0268s/iter; left time: 226.2408s
	iters: 200, epoch: 3 | loss: 0.1521012
	speed: 0.0083s/iter; left time: 68.9073s
	iters: 300, epoch: 3 | loss: 0.2174455
	speed: 0.0084s/iter; left time: 68.9614s
	iters: 400, epoch: 3 | loss: 0.1217139
	speed: 0.0082s/iter; left time: 66.9916s
	iters: 500, epoch: 3 | loss: 0.1798982
	speed: 0.0084s/iter; left time: 67.6667s
	iters: 600, epoch: 3 | loss: 0.1716742
	speed: 0.0089s/iter; left time: 70.2471s
	iters: 700, epoch: 3 | loss: 0.1125606
	speed: 0.0084s/iter; left time: 65.8323s
	iters: 800, epoch: 3 | loss: 0.1275510
	speed: 0.0082s/iter; left time: 63.8052s
	iters: 900, epoch: 3 | loss: 0.1265645
	speed: 0.0085s/iter; left time: 64.9742s
	iters: 1000, epoch: 3 | loss: 0.2001974
	speed: 0.0085s/iter; left time: 63.8665s
Epoch: 3 cost time: 9.039095163345337
Epoch: 3, Steps: 1067 | Train Loss: 0.1567365 Vali Loss: 0.1305752
EarlyStopping counter: 2 out of 3
Updating learning rate to 1.25e-05
	iters: 100, epoch: 4 | loss: 0.0981408
	speed: 0.0268s/iter; left time: 197.5276s
	iters: 200, epoch: 4 | loss: 0.0987250
	speed: 0.0083s/iter; left time: 60.0324s
	iters: 300, epoch: 4 | loss: 0.1964019
	speed: 0.0083s/iter; left time: 59.2036s
	iters: 400, epoch: 4 | loss: 0.1020686
	speed: 0.0085s/iter; left time: 59.8204s
	iters: 500, epoch: 4 | loss: 0.1171988
	speed: 0.0081s/iter; left time: 56.6605s
	iters: 600, epoch: 4 | loss: 0.2231707
	speed: 0.0084s/iter; left time: 57.8296s
	iters: 700, epoch: 4 | loss: 0.2236487
	speed: 0.0083s/iter; left time: 56.4864s
	iters: 800, epoch: 4 | loss: 0.1898255
	speed: 0.0084s/iter; left time: 56.3167s
	iters: 900, epoch: 4 | loss: 0.1164652
	speed: 0.0087s/iter; left time: 57.0736s
	iters: 1000, epoch: 4 | loss: 0.1409048
	speed: 0.0082s/iter; left time: 53.2872s
Epoch: 4 cost time: 8.961441040039062
Epoch: 4, Steps: 1067 | Train Loss: 0.1477614 Vali Loss: 0.1294695
EarlyStopping counter: 3 out of 3
Early stopping
VALIDATION_RESULT {"best_epoch": 1, "best_mae": 0.2478842040222238, "best_mse": 0.12623552623485246, "epochs_ran": 4, "metric_version": "element_weighted_v1"}
>>>>>>>testing : long_term_forecast_smamba_ettm2_sl336_pl96_s2021_SMamba_ETTm2_ftM_sl336_ll48_pl96_dm256_nh4_el2_dl1_df256_expand2_dc4_fc3_ebtimeF_dtTrue_smamba_ettm2_sl336_pl96_s2021_0<<<<<<<<<<<<<<<<<<<<<<<<<<<<<<<<<
test 11425
test shape: (11425, 96, 7) (11425, 96, 7)
test shape: (11425, 96, 7) (11425, 96, 7)
mse:0.17782743275165558, mae:0.2687492370605469, dtw:Not calculated
