Using GPU
Args in experiment:
[1mBasic Config[0m
  Task Name:          long_term_forecast  Is Training:        1                   
  Model ID:           smamba_etth2_sl336_pl192_s2021Model:              SMamba              

[1mData Loader[0m
  Data:               ETTh2               Root Path:          /home/cwh/Time-Series-Library/dataset/ETT-small
  Data Path:          ETTh2.csv           Features:           M                   
  Target:             OT                  Freq:               h                   
  Checkpoints:        /home/cwh/Time-Series-Library/logs/q2_main_baselines/checkpoints

[1mForecasting Task[0m
  Seq Len:            336                 Label Len:          48                  
  Pred Len:           192                 Seasonal Patterns:  Monthly             
  Inverse:            0                   

[1mModel Parameters[0m
  Top k:              5                   Num Kernels:        6                   
  Enc In:             7                   Dec In:             7                   
  C Out:              7                   d model:            256                 
  n heads:            4                   e layers:           2                   
  d layers:           1                   d FF:               256                 
  Moving Avg:         25                  Factor:             3                   
  Distil:             1                   Dropout:            0.1                 
  Embed:              timeF               Activation:         gelu                

[1mRun Parameters[0m
  Num Workers:        0                   Itr:                1                   
  Train Epochs:       10                  Batch Size:         32                  
  Patience:           3                   Learning Rate:      4e-05               
  Des:                smamba_etth2_sl336_pl192_s2021Loss:               MSE                 
  Lradj:              type1               Use Amp:            0                   

[1mGPU[0m
  Use GPU:            1                   GPU:                0                   
  Use Multi GPU:      0                   Devices:            0,1,2,3             

[1mDe-stationary Projector Params[0m
  P Hidden Dims:      128, 128            P Hidden Layers:    2                   

Use GPU: cuda:0
🚀 Lazy Loading: SMamba ...
>>>>>>>start training : long_term_forecast_smamba_etth2_sl336_pl192_s2021_SMamba_ETTh2_ftM_sl336_ll48_pl192_dm256_nh4_el2_dl1_df256_expand2_dc4_fc3_ebtimeF_dtTrue_smamba_etth2_sl336_pl192_s2021_0>>>>>>>>>>>>>>>>>>>>>>>>>>
train 8113
val 2689
	iters: 100, epoch: 1 | loss: 0.7893633
	speed: 0.0107s/iter; left time: 26.0550s
	iters: 200, epoch: 1 | loss: 0.3893536
	speed: 0.0086s/iter; left time: 20.0600s
Epoch: 1 cost time: 2.3888936042785645
Epoch: 1, Steps: 254 | Train Loss: 0.6132482 Vali Loss: 0.3092859
Validation loss decreased (inf --> 0.309286).  Saving model ...
Updating learning rate to 4e-05
	iters: 100, epoch: 2 | loss: 0.8086232
	speed: 0.0161s/iter; left time: 35.2845s
	iters: 200, epoch: 2 | loss: 0.4251361
	speed: 0.0082s/iter; left time: 17.1011s
Epoch: 2 cost time: 2.1335995197296143
Epoch: 2, Steps: 254 | Train Loss: 0.5268930 Vali Loss: 0.3054774
Validation loss decreased (0.309286 --> 0.305477).  Saving model ...
Updating learning rate to 2e-05
	iters: 100, epoch: 3 | loss: 0.3550691
	speed: 0.0160s/iter; left time: 30.9450s
	iters: 200, epoch: 3 | loss: 0.5239868
	speed: 0.0085s/iter; left time: 15.5690s
Epoch: 3 cost time: 2.1379010677337646
Epoch: 3, Steps: 254 | Train Loss: 0.4884248 Vali Loss: 0.3189813
EarlyStopping counter: 1 out of 3
Updating learning rate to 1e-05
	iters: 100, epoch: 4 | loss: 0.7285038
	speed: 0.0158s/iter; left time: 26.5543s
	iters: 200, epoch: 4 | loss: 0.4871960
	speed: 0.0083s/iter; left time: 13.1708s
Epoch: 4 cost time: 2.120134115219116
Epoch: 4, Steps: 254 | Train Loss: 0.4661541 Vali Loss: 0.3119807
EarlyStopping counter: 2 out of 3
Updating learning rate to 5e-06
	iters: 100, epoch: 5 | loss: 0.5045019
	speed: 0.0160s/iter; left time: 22.8090s
	iters: 200, epoch: 5 | loss: 0.2839559
	speed: 0.0084s/iter; left time: 11.1722s
Epoch: 5 cost time: 2.1293721199035645
Epoch: 5, Steps: 254 | Train Loss: 0.4559132 Vali Loss: 0.3136235
EarlyStopping counter: 3 out of 3
Early stopping
VALIDATION_RESULT {"best_epoch": 2, "best_mae": 0.3812512222447034, "best_mse": 0.3054773504588925, "epochs_ran": 5, "metric_version": "element_weighted_v1"}
>>>>>>>testing : long_term_forecast_smamba_etth2_sl336_pl192_s2021_SMamba_ETTh2_ftM_sl336_ll48_pl192_dm256_nh4_el2_dl1_df256_expand2_dc4_fc3_ebtimeF_dtTrue_smamba_etth2_sl336_pl192_s2021_0<<<<<<<<<<<<<<<<<<<<<<<<<<<<<<<<<
test 2689
test shape: (2689, 192, 7) (2689, 192, 7)
test shape: (2689, 192, 7) (2689, 192, 7)
mse:0.3719128668308258, mae:0.4008903503417969, dtw:Not calculated
