Using GPU
Args in experiment:
[1mBasic Config[0m
  Task Name:          long_term_forecast  Is Training:        1                   
  Model ID:           smamba_ettm1_sl336_pl720_s2021Model:              SMamba              

[1mData Loader[0m
  Data:               ETTm1               Root Path:          /home/cwh/Time-Series-Library/dataset/ETT-small
  Data Path:          ETTm1.csv           Features:           M                   
  Target:             OT                  Freq:               t                   
  Checkpoints:        /home/cwh/Time-Series-Library/logs/q2_main_baselines/checkpoints

[1mForecasting Task[0m
  Seq Len:            336                 Label Len:          48                  
  Pred Len:           720                 Seasonal Patterns:  Monthly             
  Inverse:            0                   

[1mModel Parameters[0m
  Top k:              5                   Num Kernels:        6                   
  Enc In:             7                   Dec In:             7                   
  C Out:              7                   d model:            128                 
  n heads:            4                   e layers:           2                   
  d layers:           1                   d FF:               128                 
  Moving Avg:         25                  Factor:             3                   
  Distil:             1                   Dropout:            0.1                 
  Embed:              timeF               Activation:         gelu                

[1mRun Parameters[0m
  Num Workers:        0                   Itr:                1                   
  Train Epochs:       10                  Batch Size:         32                  
  Patience:           3                   Learning Rate:      5e-05               
  Des:                smamba_ettm1_sl336_pl720_s2021Loss:               MSE                 
  Lradj:              type1               Use Amp:            0                   

[1mGPU[0m
  Use GPU:            1                   GPU:                0                   
  Use Multi GPU:      0                   Devices:            0,1,2,3             

[1mDe-stationary Projector Params[0m
  P Hidden Dims:      128, 128            P Hidden Layers:    2                   

Use GPU: cuda:0
🚀 Lazy Loading: SMamba ...
>>>>>>>start training : long_term_forecast_smamba_ettm1_sl336_pl720_s2021_SMamba_ETTm1_ftM_sl336_ll48_pl720_dm128_nh4_el2_dl1_df128_expand2_dc4_fc3_ebtimeF_dtTrue_smamba_ettm1_sl336_pl720_s2021_0>>>>>>>>>>>>>>>>>>>>>>>>>>
train 33505
val 10801
	iters: 100, epoch: 1 | loss: 0.5538993
	speed: 0.0107s/iter; left time: 110.6697s
	iters: 200, epoch: 1 | loss: 0.4841149
	speed: 0.0086s/iter; left time: 88.6770s
	iters: 300, epoch: 1 | loss: 0.4291035
	speed: 0.0090s/iter; left time: 91.4035s
	iters: 400, epoch: 1 | loss: 0.4470807
	speed: 0.0087s/iter; left time: 87.2772s
	iters: 500, epoch: 1 | loss: 0.4190587
	speed: 0.0086s/iter; left time: 86.2667s
	iters: 600, epoch: 1 | loss: 0.4476928
	speed: 0.0086s/iter; left time: 84.9075s
	iters: 700, epoch: 1 | loss: 0.4178811
	speed: 0.0085s/iter; left time: 82.9512s
	iters: 800, epoch: 1 | loss: 0.4358530
	speed: 0.0084s/iter; left time: 81.4039s
	iters: 900, epoch: 1 | loss: 0.4568579
	speed: 0.0084s/iter; left time: 80.4636s
	iters: 1000, epoch: 1 | loss: 0.3990221
	speed: 0.0085s/iter; left time: 80.5268s
Epoch: 1 cost time: 9.196172952651978
Epoch: 1, Steps: 1048 | Train Loss: 0.4882255 Vali Loss: 0.9722602
Validation loss decreased (inf --> 0.972260).  Saving model ...
Updating learning rate to 5e-05
	iters: 100, epoch: 2 | loss: 0.4194810
	speed: 0.0253s/iter; left time: 236.1351s
	iters: 200, epoch: 2 | loss: 0.3571957
	speed: 0.0088s/iter; left time: 81.3111s
	iters: 300, epoch: 2 | loss: 0.3625210
	speed: 0.0087s/iter; left time: 79.8365s
	iters: 400, epoch: 2 | loss: 0.4395626
	speed: 0.0087s/iter; left time: 78.9003s
	iters: 500, epoch: 2 | loss: 0.4257500
	speed: 0.0090s/iter; left time: 80.3289s
	iters: 600, epoch: 2 | loss: 0.4475240
	speed: 0.0086s/iter; left time: 76.3408s
	iters: 700, epoch: 2 | loss: 0.3994516
	speed: 0.0087s/iter; left time: 76.2138s
	iters: 800, epoch: 2 | loss: 0.3604453
	speed: 0.0088s/iter; left time: 75.7377s
	iters: 900, epoch: 2 | loss: 0.4276392
	speed: 0.0089s/iter; left time: 76.1070s
	iters: 1000, epoch: 2 | loss: 0.4425286
	speed: 0.0084s/iter; left time: 70.9473s
Epoch: 2 cost time: 9.193127155303955
Epoch: 2, Steps: 1048 | Train Loss: 0.4220861 Vali Loss: 0.9477461
Validation loss decreased (0.972260 --> 0.947746).  Saving model ...
Updating learning rate to 2.5e-05
	iters: 100, epoch: 3 | loss: 0.4051815
	speed: 0.0262s/iter; left time: 216.7270s
	iters: 200, epoch: 3 | loss: 0.3787977
	speed: 0.0086s/iter; left time: 70.4358s
	iters: 300, epoch: 3 | loss: 0.4084560
	speed: 0.0086s/iter; left time: 69.6227s
	iters: 400, epoch: 3 | loss: 0.4452199
	speed: 0.0088s/iter; left time: 70.2083s
	iters: 500, epoch: 3 | loss: 0.4068215
	speed: 0.0088s/iter; left time: 69.2515s
	iters: 600, epoch: 3 | loss: 0.3982285
	speed: 0.0088s/iter; left time: 68.5862s
	iters: 700, epoch: 3 | loss: 0.3453531
	speed: 0.0086s/iter; left time: 65.8533s
	iters: 800, epoch: 3 | loss: 0.4218456
	speed: 0.0084s/iter; left time: 63.4066s
	iters: 900, epoch: 3 | loss: 0.4067873
	speed: 0.0086s/iter; left time: 64.1899s
	iters: 1000, epoch: 3 | loss: 0.3855931
	speed: 0.0084s/iter; left time: 62.2144s
Epoch: 3 cost time: 9.025259017944336
Epoch: 3, Steps: 1048 | Train Loss: 0.4073711 Vali Loss: 0.9409794
Validation loss decreased (0.947746 --> 0.940979).  Saving model ...
Updating learning rate to 1.25e-05
	iters: 100, epoch: 4 | loss: 0.4118627
	speed: 0.0245s/iter; left time: 177.4680s
	iters: 200, epoch: 4 | loss: 0.4009638
	speed: 0.0088s/iter; left time: 62.6529s
	iters: 300, epoch: 4 | loss: 0.4532036
	speed: 0.0087s/iter; left time: 61.5586s
	iters: 400, epoch: 4 | loss: 0.3423189
	speed: 0.0089s/iter; left time: 61.4419s
	iters: 500, epoch: 4 | loss: 0.3993998
	speed: 0.0091s/iter; left time: 61.8975s
	iters: 600, epoch: 4 | loss: 0.3890144
	speed: 0.0084s/iter; left time: 56.7771s
	iters: 700, epoch: 4 | loss: 0.4668306
	speed: 0.0089s/iter; left time: 59.3630s
	iters: 800, epoch: 4 | loss: 0.4490921
	speed: 0.0087s/iter; left time: 57.1183s
	iters: 900, epoch: 4 | loss: 0.3869506
	speed: 0.0086s/iter; left time: 55.5174s
	iters: 1000, epoch: 4 | loss: 0.3829417
	speed: 0.0087s/iter; left time: 54.8815s
Epoch: 4 cost time: 9.14885950088501
Epoch: 4, Steps: 1048 | Train Loss: 0.4009154 Vali Loss: 0.9419519
EarlyStopping counter: 1 out of 3
Updating learning rate to 6.25e-06
	iters: 100, epoch: 5 | loss: 0.4121732
	speed: 0.0262s/iter; left time: 162.1196s
	iters: 200, epoch: 5 | loss: 0.4032772
	speed: 0.0087s/iter; left time: 53.2137s
	iters: 300, epoch: 5 | loss: 0.4351256
	speed: 0.0087s/iter; left time: 52.3551s
	iters: 400, epoch: 5 | loss: 0.3768122
	speed: 0.0086s/iter; left time: 50.6787s
	iters: 500, epoch: 5 | loss: 0.4042255
	speed: 0.0090s/iter; left time: 51.8721s
	iters: 600, epoch: 5 | loss: 0.4513216
	speed: 0.0086s/iter; left time: 48.7060s
	iters: 700, epoch: 5 | loss: 0.3638980
	speed: 0.0085s/iter; left time: 47.7468s
	iters: 800, epoch: 5 | loss: 0.4226592
	speed: 0.0085s/iter; left time: 46.6639s
	iters: 900, epoch: 5 | loss: 0.4548365
	speed: 0.0087s/iter; left time: 46.7933s
	iters: 1000, epoch: 5 | loss: 0.4407166
	speed: 0.0089s/iter; left time: 47.0653s
Epoch: 5 cost time: 9.12377643585205
Epoch: 5, Steps: 1048 | Train Loss: 0.3981146 Vali Loss: 0.9421343
EarlyStopping counter: 2 out of 3
Updating learning rate to 3.125e-06
	iters: 100, epoch: 6 | loss: 0.4372462
	speed: 0.0262s/iter; left time: 134.6504s
	iters: 200, epoch: 6 | loss: 0.4126504
	speed: 0.0088s/iter; left time: 44.5887s
	iters: 300, epoch: 6 | loss: 0.3790558
	speed: 0.0089s/iter; left time: 44.1336s
	iters: 400, epoch: 6 | loss: 0.3953229
	speed: 0.0088s/iter; left time: 42.7662s
	iters: 500, epoch: 6 | loss: 0.3758094
	speed: 0.0087s/iter; left time: 41.3040s
	iters: 600, epoch: 6 | loss: 0.3412753
	speed: 0.0089s/iter; left time: 41.1251s
	iters: 700, epoch: 6 | loss: 0.4402651
	speed: 0.0087s/iter; left time: 39.7220s
	iters: 800, epoch: 6 | loss: 0.3951390
	speed: 0.0084s/iter; left time: 37.5043s
	iters: 900, epoch: 6 | loss: 0.3662776
	speed: 0.0087s/iter; left time: 37.5782s
	iters: 1000, epoch: 6 | loss: 0.4176039
	speed: 0.0087s/iter; left time: 36.8286s
Epoch: 6 cost time: 9.133606433868408
Epoch: 6, Steps: 1048 | Train Loss: 0.3967690 Vali Loss: 0.9427014
EarlyStopping counter: 3 out of 3
Early stopping
VALIDATION_RESULT {"best_epoch": 3, "best_mae": 0.6415163669609194, "best_mse": 0.9409794338216222, "epochs_ran": 6, "metric_version": "element_weighted_v1"}
>>>>>>>testing : long_term_forecast_smamba_ettm1_sl336_pl720_s2021_SMamba_ETTm1_ftM_sl336_ll48_pl720_dm128_nh4_el2_dl1_df128_expand2_dc4_fc3_ebtimeF_dtTrue_smamba_ettm1_sl336_pl720_s2021_0<<<<<<<<<<<<<<<<<<<<<<<<<<<<<<<<<
test 10801
test shape: (10801, 720, 7) (10801, 720, 7)
test shape: (10801, 720, 7) (10801, 720, 7)
mse:0.4347465932369232, mae:0.4369533956050873, dtw:Not calculated
