Using GPU
Args in experiment:
[1mBasic Config[0m
  Task Name:          long_term_forecast  Is Training:        1                   
  Model ID:           timesnet_etth2_sl336_pl192_s2021Model:              TimesNet            

[1mData Loader[0m
  Data:               ETTh2               Root Path:          /home/cwh/Time-Series-Library/dataset/ETT-small
  Data Path:          ETTh2.csv           Features:           M                   
  Target:             OT                  Freq:               h                   
  Checkpoints:        /home/cwh/Time-Series-Library/logs/q2_main_baselines/checkpoints

[1mForecasting Task[0m
  Seq Len:            336                 Label Len:          48                  
  Pred Len:           192                 Seasonal Patterns:  Monthly             
  Inverse:            0                   

[1mModel Parameters[0m
  Top k:              5                   Num Kernels:        6                   
  Enc In:             7                   Dec In:             7                   
  C Out:              7                   d model:            32                  
  n heads:            4                   e layers:           2                   
  d layers:           1                   d FF:               32                  
  Moving Avg:         25                  Factor:             3                   
  Distil:             1                   Dropout:            0.1                 
  Embed:              timeF               Activation:         gelu                

[1mRun Parameters[0m
  Num Workers:        0                   Itr:                1                   
  Train Epochs:       10                  Batch Size:         32                  
  Patience:           3                   Learning Rate:      0.0001              
  Des:                timesnet_etth2_sl336_pl192_s2021Loss:               MSE                 
  Lradj:              type1               Use Amp:            0                   

[1mGPU[0m
  Use GPU:            1                   GPU:                0                   
  Use Multi GPU:      0                   Devices:            0,1,2,3             

[1mDe-stationary Projector Params[0m
  P Hidden Dims:      128, 128            P Hidden Layers:    2                   

Use GPU: cuda:0
🚀 Lazy Loading: TimesNet ...
>>>>>>>start training : long_term_forecast_timesnet_etth2_sl336_pl192_s2021_TimesNet_ETTh2_ftM_sl336_ll48_pl192_dm32_nh4_el2_dl1_df32_expand2_dc4_fc3_ebtimeF_dtTrue_timesnet_etth2_sl336_pl192_s2021_0>>>>>>>>>>>>>>>>>>>>>>>>>>
train 8113
val 2689
	iters: 100, epoch: 1 | loss: 0.3464744
	speed: 0.1600s/iter; left time: 390.4396s
	iters: 200, epoch: 1 | loss: 0.3077495
	speed: 0.1523s/iter; left time: 356.5572s
Epoch: 1 cost time: 35.79029107093811
Epoch: 1, Steps: 254 | Train Loss: 0.5387395 Vali Loss: 0.3542494
Validation loss decreased (inf --> 0.354249).  Saving model ...
Updating learning rate to 0.0001
	iters: 100, epoch: 2 | loss: 0.3932971
	speed: 0.1530s/iter; left time: 334.6089s
	iters: 200, epoch: 2 | loss: 0.3271784
	speed: 0.0901s/iter; left time: 187.9595s
Epoch: 2 cost time: 22.793535470962524
Epoch: 2, Steps: 254 | Train Loss: 0.3912872 Vali Loss: 0.3656548
EarlyStopping counter: 1 out of 3
Updating learning rate to 5e-05
	iters: 100, epoch: 3 | loss: 0.3889176
	speed: 0.1509s/iter; left time: 291.6994s
	iters: 200, epoch: 3 | loss: 0.2648263
	speed: 0.0902s/iter; left time: 165.3520s
Epoch: 3 cost time: 22.85447907447815
Epoch: 3, Steps: 254 | Train Loss: 0.3515006 Vali Loss: 0.3971070
EarlyStopping counter: 2 out of 3
Updating learning rate to 2.5e-05
	iters: 100, epoch: 4 | loss: 0.3838274
	speed: 0.1518s/iter; left time: 254.8061s
	iters: 200, epoch: 4 | loss: 0.2224910
	speed: 0.0904s/iter; left time: 142.7077s
Epoch: 4 cost time: 22.944233894348145
Epoch: 4, Steps: 254 | Train Loss: 0.3349274 Vali Loss: 0.4205702
EarlyStopping counter: 3 out of 3
Early stopping
VALIDATION_RESULT {"best_epoch": 1, "best_mae": 0.4192815703391843, "best_mse": 0.3542493661506481, "epochs_ran": 4, "metric_version": "element_weighted_v1"}
>>>>>>>testing : long_term_forecast_timesnet_etth2_sl336_pl192_s2021_TimesNet_ETTh2_ftM_sl336_ll48_pl192_dm32_nh4_el2_dl1_df32_expand2_dc4_fc3_ebtimeF_dtTrue_timesnet_etth2_sl336_pl192_s2021_0<<<<<<<<<<<<<<<<<<<<<<<<<<<<<<<<<
test 2689
test shape: (2689, 192, 7) (2689, 192, 7)
test shape: (2689, 192, 7) (2689, 192, 7)
mse:0.40856054425239563, mae:0.4387752413749695, dtw:Not calculated
