Using GPU
Args in experiment:
[1mBasic Config[0m
  Task Name:          long_term_forecast  Is Training:        1                   
  Model ID:           timesnet_ettm2_sl336_pl96_s2021Model:              TimesNet            

[1mData Loader[0m
  Data:               ETTm2               Root Path:          /home/cwh/Time-Series-Library/dataset/ETT-small
  Data Path:          ETTm2.csv           Features:           M                   
  Target:             OT                  Freq:               t                   
  Checkpoints:        /home/cwh/Time-Series-Library/logs/q2_main_baselines/checkpoints

[1mForecasting Task[0m
  Seq Len:            336                 Label Len:          48                  
  Pred Len:           96                  Seasonal Patterns:  Monthly             
  Inverse:            0                   

[1mModel Parameters[0m
  Top k:              5                   Num Kernels:        6                   
  Enc In:             7                   Dec In:             7                   
  C Out:              7                   d model:            32                  
  n heads:            4                   e layers:           2                   
  d layers:           1                   d FF:               32                  
  Moving Avg:         25                  Factor:             3                   
  Distil:             1                   Dropout:            0.1                 
  Embed:              timeF               Activation:         gelu                

[1mRun Parameters[0m
  Num Workers:        0                   Itr:                1                   
  Train Epochs:       10                  Batch Size:         32                  
  Patience:           3                   Learning Rate:      0.0001              
  Des:                timesnet_ettm2_sl336_pl96_s2021Loss:               MSE                 
  Lradj:              type1               Use Amp:            0                   

[1mGPU[0m
  Use GPU:            1                   GPU:                0                   
  Use Multi GPU:      0                   Devices:            0,1,2,3             

[1mDe-stationary Projector Params[0m
  P Hidden Dims:      128, 128            P Hidden Layers:    2                   

Use GPU: cuda:0
🚀 Lazy Loading: TimesNet ...
>>>>>>>start training : long_term_forecast_timesnet_ettm2_sl336_pl96_s2021_TimesNet_ETTm2_ftM_sl336_ll48_pl96_dm32_nh4_el2_dl1_df32_expand2_dc4_fc3_ebtimeF_dtTrue_timesnet_ettm2_sl336_pl96_s2021_0>>>>>>>>>>>>>>>>>>>>>>>>>>
train 34129
val 11425
	iters: 100, epoch: 1 | loss: 0.1425111
	speed: 0.0705s/iter; left time: 744.9470s
	iters: 200, epoch: 1 | loss: 0.3470143
	speed: 0.0671s/iter; left time: 702.8403s
	iters: 300, epoch: 1 | loss: 0.2181439
	speed: 0.0705s/iter; left time: 730.9132s
	iters: 400, epoch: 1 | loss: 0.1683000
	speed: 0.0695s/iter; left time: 714.2022s
	iters: 500, epoch: 1 | loss: 0.2063517
	speed: 0.0701s/iter; left time: 713.1261s
	iters: 600, epoch: 1 | loss: 0.1356737
	speed: 0.0745s/iter; left time: 750.0443s
	iters: 700, epoch: 1 | loss: 0.1374042
	speed: 0.0685s/iter; left time: 682.8966s
	iters: 800, epoch: 1 | loss: 0.2076272
	speed: 0.0703s/iter; left time: 694.2984s
	iters: 900, epoch: 1 | loss: 0.1839673
	speed: 0.0717s/iter; left time: 700.6103s
	iters: 1000, epoch: 1 | loss: 0.1789761
	speed: 0.0740s/iter; left time: 715.3987s
Epoch: 1 cost time: 75.30234384536743
Epoch: 1, Steps: 1067 | Train Loss: 0.2294670 Vali Loss: 0.1381201
Validation loss decreased (inf --> 0.138120).  Saving model ...
Updating learning rate to 0.0001
	iters: 100, epoch: 2 | loss: 0.1350770
	speed: 0.1768s/iter; left time: 1680.0182s
	iters: 200, epoch: 2 | loss: 0.1033085
	speed: 0.0768s/iter; left time: 722.1621s
	iters: 300, epoch: 2 | loss: 0.1291470
	speed: 0.0761s/iter; left time: 707.9917s
	iters: 400, epoch: 2 | loss: 0.1617743
	speed: 0.0771s/iter; left time: 709.6976s
	iters: 500, epoch: 2 | loss: 0.2236350
	speed: 0.0781s/iter; left time: 710.7710s
	iters: 600, epoch: 2 | loss: 0.1521064
	speed: 0.0822s/iter; left time: 740.1492s
	iters: 700, epoch: 2 | loss: 0.1662029
	speed: 0.0842s/iter; left time: 749.6221s
	iters: 800, epoch: 2 | loss: 0.2447796
	speed: 0.0829s/iter; left time: 730.2130s
	iters: 900, epoch: 2 | loss: 0.0888275
	speed: 0.0821s/iter; left time: 714.8799s
	iters: 1000, epoch: 2 | loss: 0.1659139
	speed: 0.0829s/iter; left time: 713.5116s
Epoch: 2 cost time: 85.53259992599487
Epoch: 2, Steps: 1067 | Train Loss: 0.1660895 Vali Loss: 0.1340396
Validation loss decreased (0.138120 --> 0.134040).  Saving model ...
Updating learning rate to 5e-05
	iters: 100, epoch: 3 | loss: 0.1624777
	speed: 0.1795s/iter; left time: 1514.4961s
	iters: 200, epoch: 3 | loss: 0.1350714
	speed: 0.0806s/iter; left time: 671.8605s
	iters: 300, epoch: 3 | loss: 0.1622341
	speed: 0.0811s/iter; left time: 667.8208s
	iters: 400, epoch: 3 | loss: 0.2425469
	speed: 0.0825s/iter; left time: 671.3634s
	iters: 500, epoch: 3 | loss: 0.1079535
	speed: 0.0838s/iter; left time: 673.1111s
	iters: 600, epoch: 3 | loss: 0.1014538
	speed: 0.0833s/iter; left time: 661.3632s
	iters: 700, epoch: 3 | loss: 0.1336056
	speed: 0.0824s/iter; left time: 645.4389s
	iters: 800, epoch: 3 | loss: 0.1572857
	speed: 0.0847s/iter; left time: 654.9415s
	iters: 900, epoch: 3 | loss: 0.0882268
	speed: 0.0846s/iter; left time: 645.7367s
	iters: 1000, epoch: 3 | loss: 0.2028851
	speed: 0.0832s/iter; left time: 627.1654s
Epoch: 3 cost time: 88.01521229743958
Epoch: 3, Steps: 1067 | Train Loss: 0.1414717 Vali Loss: 0.1370017
EarlyStopping counter: 1 out of 3
Updating learning rate to 2.5e-05
	iters: 100, epoch: 4 | loss: 0.1305016
	speed: 0.1869s/iter; left time: 1377.1026s
	iters: 200, epoch: 4 | loss: 0.1330057
	speed: 0.0831s/iter; left time: 604.2333s
	iters: 300, epoch: 4 | loss: 0.0972606
	speed: 0.0845s/iter; left time: 605.9764s
	iters: 400, epoch: 4 | loss: 0.1253550
	speed: 0.0837s/iter; left time: 591.9933s
	iters: 500, epoch: 4 | loss: 0.1017493
	speed: 0.0845s/iter; left time: 589.1769s
	iters: 600, epoch: 4 | loss: 0.1214128
	speed: 0.0841s/iter; left time: 577.4392s
	iters: 700, epoch: 4 | loss: 0.0916848
	speed: 0.0854s/iter; left time: 578.2997s
	iters: 800, epoch: 4 | loss: 0.1590709
	speed: 0.0846s/iter; left time: 564.4420s
	iters: 900, epoch: 4 | loss: 0.1357550
	speed: 0.0864s/iter; left time: 567.5747s
	iters: 1000, epoch: 4 | loss: 0.1097404
	speed: 0.0861s/iter; left time: 556.8606s
Epoch: 4 cost time: 90.29235172271729
Epoch: 4, Steps: 1067 | Train Loss: 0.1312472 Vali Loss: 0.1386091
EarlyStopping counter: 2 out of 3
Updating learning rate to 1.25e-05
	iters: 100, epoch: 5 | loss: 0.1310921
	speed: 0.1869s/iter; left time: 1178.1424s
	iters: 200, epoch: 5 | loss: 0.1100685
	speed: 0.0839s/iter; left time: 520.3386s
	iters: 300, epoch: 5 | loss: 0.1142406
	speed: 0.0843s/iter; left time: 514.5567s
	iters: 400, epoch: 5 | loss: 0.1020040
	speed: 0.0849s/iter; left time: 509.4165s
	iters: 500, epoch: 5 | loss: 0.0852536
	speed: 0.0855s/iter; left time: 504.7537s
	iters: 600, epoch: 5 | loss: 0.1592931
	speed: 0.0853s/iter; left time: 495.2385s
	iters: 700, epoch: 5 | loss: 0.1577307
	speed: 0.0839s/iter; left time: 478.6079s
	iters: 800, epoch: 5 | loss: 0.0995742
	speed: 0.0846s/iter; left time: 473.9171s
	iters: 900, epoch: 5 | loss: 0.1008579
	speed: 0.0852s/iter; left time: 469.1177s
	iters: 1000, epoch: 5 | loss: 0.2185728
	speed: 0.0853s/iter; left time: 461.1194s
Epoch: 5 cost time: 90.46580815315247
Epoch: 5, Steps: 1067 | Train Loss: 0.1259377 Vali Loss: 0.1402076
EarlyStopping counter: 3 out of 3
Early stopping
VALIDATION_RESULT {"best_epoch": 2, "best_mae": 0.25418383801742384, "best_mse": 0.13403955254093164, "epochs_ran": 5, "metric_version": "element_weighted_v1"}
>>>>>>>testing : long_term_forecast_timesnet_ettm2_sl336_pl96_s2021_TimesNet_ETTm2_ftM_sl336_ll48_pl96_dm32_nh4_el2_dl1_df32_expand2_dc4_fc3_ebtimeF_dtTrue_timesnet_ettm2_sl336_pl96_s2021_0<<<<<<<<<<<<<<<<<<<<<<<<<<<<<<<<<
test 11425
test shape: (11425, 96, 7) (11425, 96, 7)
test shape: (11425, 96, 7) (11425, 96, 7)
mse:0.19920115172863007, mae:0.27902138233184814, dtw:Not calculated
