Using GPU
Args in experiment:
[1mBasic Config[0m
  Task Name:          long_term_forecast  Is Training:        1                   
  Model ID:           timesnet_etth1_sl336_pl192_s2021Model:              TimesNet            

[1mData Loader[0m
  Data:               ETTh1               Root Path:          /home/cwh/Time-Series-Library/dataset/ETT-small
  Data Path:          ETTh1.csv           Features:           M                   
  Target:             OT                  Freq:               h                   
  Checkpoints:        /home/cwh/Time-Series-Library/logs/q2_main_baselines/checkpoints

[1mForecasting Task[0m
  Seq Len:            336                 Label Len:          48                  
  Pred Len:           192                 Seasonal Patterns:  Monthly             
  Inverse:            0                   

[1mModel Parameters[0m
  Top k:              5                   Num Kernels:        6                   
  Enc In:             7                   Dec In:             7                   
  C Out:              7                   d model:            32                  
  n heads:            4                   e layers:           2                   
  d layers:           1                   d FF:               32                  
  Moving Avg:         25                  Factor:             3                   
  Distil:             1                   Dropout:            0.1                 
  Embed:              timeF               Activation:         gelu                

[1mRun Parameters[0m
  Num Workers:        0                   Itr:                1                   
  Train Epochs:       10                  Batch Size:         32                  
  Patience:           3                   Learning Rate:      0.0001              
  Des:                timesnet_etth1_sl336_pl192_s2021Loss:               MSE                 
  Lradj:              type1               Use Amp:            0                   

[1mGPU[0m
  Use GPU:            1                   GPU:                0                   
  Use Multi GPU:      0                   Devices:            0,1,2,3             

[1mDe-stationary Projector Params[0m
  P Hidden Dims:      128, 128            P Hidden Layers:    2                   

Use GPU: cuda:0
🚀 Lazy Loading: TimesNet ...
>>>>>>>start training : long_term_forecast_timesnet_etth1_sl336_pl192_s2021_TimesNet_ETTh1_ftM_sl336_ll48_pl192_dm32_nh4_el2_dl1_df32_expand2_dc4_fc3_ebtimeF_dtTrue_timesnet_etth1_sl336_pl192_s2021_0>>>>>>>>>>>>>>>>>>>>>>>>>>
train 8113
val 2689
	iters: 100, epoch: 1 | loss: 0.4486119
	speed: 0.1076s/iter; left time: 262.6229s
	iters: 200, epoch: 1 | loss: 0.3978585
	speed: 0.0553s/iter; left time: 129.4392s
Epoch: 1 cost time: 18.899834394454956
Epoch: 1, Steps: 254 | Train Loss: 0.5091777 Vali Loss: 1.0927131
Validation loss decreased (inf --> 1.092713).  Saving model ...
Updating learning rate to 0.0001
	iters: 100, epoch: 2 | loss: 0.3659729
	speed: 0.0993s/iter; left time: 217.1269s
	iters: 200, epoch: 2 | loss: 0.3579956
	speed: 0.0557s/iter; left time: 116.2122s
Epoch: 2 cost time: 14.090802669525146
Epoch: 2, Steps: 254 | Train Loss: 0.3749011 Vali Loss: 1.1276125
EarlyStopping counter: 1 out of 3
Updating learning rate to 5e-05
	iters: 100, epoch: 3 | loss: 0.3720398
	speed: 0.0962s/iter; left time: 185.9911s
	iters: 200, epoch: 3 | loss: 0.3639041
	speed: 0.0583s/iter; left time: 106.8973s
Epoch: 3 cost time: 14.547560930252075
Epoch: 3, Steps: 254 | Train Loss: 0.3433156 Vali Loss: 1.1286643
EarlyStopping counter: 2 out of 3
Updating learning rate to 2.5e-05
	iters: 100, epoch: 4 | loss: 0.3676667
	speed: 0.1004s/iter; left time: 168.5275s
	iters: 200, epoch: 4 | loss: 0.3182479
	speed: 0.0581s/iter; left time: 91.6966s
Epoch: 4 cost time: 14.675893545150757
Epoch: 4, Steps: 254 | Train Loss: 0.3263628 Vali Loss: 1.1591648
EarlyStopping counter: 3 out of 3
Early stopping
VALIDATION_RESULT {"best_epoch": 1, "best_mae": 0.7097161766295035, "best_mse": 1.0927130697755973, "epochs_ran": 4, "metric_version": "element_weighted_v1"}
>>>>>>>testing : long_term_forecast_timesnet_etth1_sl336_pl192_s2021_TimesNet_ETTh1_ftM_sl336_ll48_pl192_dm32_nh4_el2_dl1_df32_expand2_dc4_fc3_ebtimeF_dtTrue_timesnet_etth1_sl336_pl192_s2021_0<<<<<<<<<<<<<<<<<<<<<<<<<<<<<<<<<
test 2689
test shape: (2689, 192, 7) (2689, 192, 7)
test shape: (2689, 192, 7) (2689, 192, 7)
mse:0.4390075206756592, mae:0.4492649734020233, dtw:Not calculated
