Using GPU
Args in experiment:
[1mBasic Config[0m
  Task Name:          long_term_forecast  Is Training:        1                   
  Model ID:           timemixer_etth2_sl336_pl336_s2021Model:              TimeMixer           

[1mData Loader[0m
  Data:               ETTh2               Root Path:          /home/cwh/Time-Series-Library/dataset/ETT-small
  Data Path:          ETTh2.csv           Features:           M                   
  Target:             OT                  Freq:               h                   
  Checkpoints:        /home/cwh/Time-Series-Library/logs/q2_main_baselines/checkpoints

[1mForecasting Task[0m
  Seq Len:            336                 Label Len:          0                   
  Pred Len:           336                 Seasonal Patterns:  Monthly             
  Inverse:            0                   

[1mModel Parameters[0m
  Top k:              5                   Num Kernels:        6                   
  Enc In:             7                   Dec In:             7                   
  C Out:              7                   d model:            16                  
  n heads:            4                   e layers:           2                   
  d layers:           1                   d FF:               32                  
  Moving Avg:         25                  Factor:             3                   
  Distil:             1                   Dropout:            0.1                 
  Embed:              timeF               Activation:         gelu                

[1mRun Parameters[0m
  Num Workers:        0                   Itr:                1                   
  Train Epochs:       10                  Batch Size:         32                  
  Patience:           10                  Learning Rate:      0.01                
  Des:                timemixer_etth2_sl336_pl336_s2021Loss:               MSE                 
  Lradj:              type1               Use Amp:            0                   

[1mGPU[0m
  Use GPU:            1                   GPU:                0                   
  Use Multi GPU:      0                   Devices:            0,1,2,3             

[1mDe-stationary Projector Params[0m
  P Hidden Dims:      128, 128            P Hidden Layers:    2                   

Use GPU: cuda:0
🚀 Lazy Loading: TimeMixer ...
>>>>>>>start training : long_term_forecast_timemixer_etth2_sl336_pl336_s2021_TimeMixer_ETTh2_ftM_sl336_ll0_pl336_dm16_nh4_el2_dl1_df32_expand2_dc4_fc3_ebtimeF_dtTrue_timemixer_etth2_sl336_pl336_s2021_0>>>>>>>>>>>>>>>>>>>>>>>>>>
train 7969
val 2545
	iters: 100, epoch: 1 | loss: 0.3975716
	speed: 0.0437s/iter; left time: 104.8706s
	iters: 200, epoch: 1 | loss: 0.5187417
	speed: 0.0351s/iter; left time: 80.7053s
Epoch: 1 cost time: 9.09987187385559
Epoch: 1, Steps: 250 | Train Loss: 0.6323123 Vali Loss: 0.4593966
Validation loss decreased (inf --> 0.459397).  Saving model ...
Updating learning rate to 0.01
	iters: 100, epoch: 2 | loss: 0.3849628
	speed: 0.0618s/iter; left time: 132.8448s
	iters: 200, epoch: 2 | loss: 0.6416107
	speed: 0.0351s/iter; left time: 72.0370s
Epoch: 2 cost time: 8.74962854385376
Epoch: 2, Steps: 250 | Train Loss: 0.5036260 Vali Loss: 0.4367822
Validation loss decreased (0.459397 --> 0.436782).  Saving model ...
Updating learning rate to 0.005
	iters: 100, epoch: 3 | loss: 0.3846483
	speed: 0.0619s/iter; left time: 117.7060s
	iters: 200, epoch: 3 | loss: 0.2467833
	speed: 0.0349s/iter; left time: 62.9355s
Epoch: 3 cost time: 8.762298822402954
Epoch: 3, Steps: 250 | Train Loss: 0.4127429 Vali Loss: 0.4240132
Validation loss decreased (0.436782 --> 0.424013).  Saving model ...
Updating learning rate to 0.0025
	iters: 100, epoch: 4 | loss: 0.2592517
	speed: 0.0619s/iter; left time: 102.2603s
	iters: 200, epoch: 4 | loss: 0.4105526
	speed: 0.0353s/iter; left time: 54.6968s
Epoch: 4 cost time: 8.815309762954712
Epoch: 4, Steps: 250 | Train Loss: 0.3455142 Vali Loss: 0.4841666
EarlyStopping counter: 1 out of 10
Updating learning rate to 0.00125
	iters: 100, epoch: 5 | loss: 0.2634288
	speed: 0.0623s/iter; left time: 87.2430s
	iters: 200, epoch: 5 | loss: 0.3659325
	speed: 0.0355s/iter; left time: 46.1482s
Epoch: 5 cost time: 8.857536554336548
Epoch: 5, Steps: 250 | Train Loss: 0.3068625 Vali Loss: 0.4711916
EarlyStopping counter: 2 out of 10
Updating learning rate to 0.000625
	iters: 100, epoch: 6 | loss: 0.1963057
	speed: 0.0621s/iter; left time: 71.4710s
	iters: 200, epoch: 6 | loss: 0.2706689
	speed: 0.0352s/iter; left time: 36.9475s
Epoch: 6 cost time: 8.80141568183899
Epoch: 6, Steps: 250 | Train Loss: 0.2872838 Vali Loss: 0.4795861
EarlyStopping counter: 3 out of 10
Updating learning rate to 0.0003125
	iters: 100, epoch: 7 | loss: 0.2784740
	speed: 0.0614s/iter; left time: 55.2848s
	iters: 200, epoch: 7 | loss: 0.3103359
	speed: 0.0310s/iter; left time: 24.8331s
Epoch: 7 cost time: 7.941224575042725
Epoch: 7, Steps: 250 | Train Loss: 0.2776053 Vali Loss: 0.4799252
EarlyStopping counter: 4 out of 10
Updating learning rate to 0.00015625
	iters: 100, epoch: 8 | loss: 0.1574583
	speed: 0.0525s/iter; left time: 34.1711s
	iters: 200, epoch: 8 | loss: 0.4193071
	speed: 0.0353s/iter; left time: 19.4413s
Epoch: 8 cost time: 8.319120168685913
Epoch: 8, Steps: 250 | Train Loss: 0.2724576 Vali Loss: 0.4855108
EarlyStopping counter: 5 out of 10
Updating learning rate to 7.8125e-05
	iters: 100, epoch: 9 | loss: 0.2764070
	speed: 0.0622s/iter; left time: 24.9585s
	iters: 200, epoch: 9 | loss: 0.2901583
	speed: 0.0349s/iter; left time: 10.4953s
Epoch: 9 cost time: 8.79437255859375
Epoch: 9, Steps: 250 | Train Loss: 0.2695864 Vali Loss: 0.4854339
EarlyStopping counter: 6 out of 10
Updating learning rate to 3.90625e-05
	iters: 100, epoch: 10 | loss: 0.3204508
	speed: 0.0617s/iter; left time: 9.3170s
	iters: 200, epoch: 10 | loss: 0.3008695
	speed: 0.0351s/iter; left time: 1.7890s
Epoch: 10 cost time: 8.761384010314941
Epoch: 10, Steps: 250 | Train Loss: 0.2674758 Vali Loss: 0.4850321
EarlyStopping counter: 7 out of 10
Updating learning rate to 1.953125e-05
VALIDATION_RESULT {"best_epoch": 3, "best_mae": 0.4376514815198243, "best_mse": 0.42401320958608146, "epochs_ran": 10, "metric_version": "element_weighted_v1"}
>>>>>>>testing : long_term_forecast_timemixer_etth2_sl336_pl336_s2021_TimeMixer_ETTh2_ftM_sl336_ll0_pl336_dm16_nh4_el2_dl1_df32_expand2_dc4_fc3_ebtimeF_dtTrue_timemixer_etth2_sl336_pl336_s2021_0<<<<<<<<<<<<<<<<<<<<<<<<<<<<<<<<<
test 2545
test shape: (2545, 336, 7) (2545, 336, 7)
test shape: (2545, 336, 7) (2545, 336, 7)
mse:0.38235071301460266, mae:0.4165518581867218, dtw:Not calculated
