Using GPU
Args in experiment:
[1mBasic Config[0m
  Task Name:          long_term_forecast  Is Training:        1                   
  Model ID:           timesnet_etth2_sl336_pl720_s2021Model:              TimesNet            

[1mData Loader[0m
  Data:               ETTh2               Root Path:          /home/cwh/Time-Series-Library/dataset/ETT-small
  Data Path:          ETTh2.csv           Features:           M                   
  Target:             OT                  Freq:               h                   
  Checkpoints:        /home/cwh/Time-Series-Library/logs/q2_main_baselines/checkpoints

[1mForecasting Task[0m
  Seq Len:            336                 Label Len:          48                  
  Pred Len:           720                 Seasonal Patterns:  Monthly             
  Inverse:            0                   

[1mModel Parameters[0m
  Top k:              5                   Num Kernels:        6                   
  Enc In:             7                   Dec In:             7                   
  C Out:              7                   d model:            32                  
  n heads:            4                   e layers:           2                   
  d layers:           1                   d FF:               32                  
  Moving Avg:         25                  Factor:             3                   
  Distil:             1                   Dropout:            0.1                 
  Embed:              timeF               Activation:         gelu                

[1mRun Parameters[0m
  Num Workers:        0                   Itr:                1                   
  Train Epochs:       10                  Batch Size:         32                  
  Patience:           3                   Learning Rate:      0.0001              
  Des:                timesnet_etth2_sl336_pl720_s2021Loss:               MSE                 
  Lradj:              type1               Use Amp:            0                   

[1mGPU[0m
  Use GPU:            1                   GPU:                0                   
  Use Multi GPU:      0                   Devices:            0,1,2,3             

[1mDe-stationary Projector Params[0m
  P Hidden Dims:      128, 128            P Hidden Layers:    2                   

Use GPU: cuda:0
🚀 Lazy Loading: TimesNet ...
>>>>>>>start training : long_term_forecast_timesnet_etth2_sl336_pl720_s2021_TimesNet_ETTh2_ftM_sl336_ll48_pl720_dm32_nh4_el2_dl1_df32_expand2_dc4_fc3_ebtimeF_dtTrue_timesnet_etth2_sl336_pl720_s2021_0>>>>>>>>>>>>>>>>>>>>>>>>>>
train 7585
val 2161
	iters: 100, epoch: 1 | loss: 1.0046990
	speed: 0.0807s/iter; left time: 184.1549s
	iters: 200, epoch: 1 | loss: 0.7822318
	speed: 0.0663s/iter; left time: 144.5177s
Epoch: 1 cost time: 16.691532611846924
Epoch: 1, Steps: 238 | Train Loss: 0.8321430 Vali Loss: 0.6889521
Validation loss decreased (inf --> 0.688952).  Saving model ...
Updating learning rate to 0.0001
	iters: 100, epoch: 2 | loss: 1.0495774
	speed: 0.1069s/iter; left time: 218.3864s
	iters: 200, epoch: 2 | loss: 0.4624376
	speed: 0.0665s/iter; left time: 129.1654s
Epoch: 2 cost time: 15.841174840927124
Epoch: 2, Steps: 238 | Train Loss: 0.6674607 Vali Loss: 0.7149012
EarlyStopping counter: 1 out of 3
Updating learning rate to 5e-05
	iters: 100, epoch: 3 | loss: 0.9332636
	speed: 0.1067s/iter; left time: 192.5494s
	iters: 200, epoch: 3 | loss: 0.6125540
	speed: 0.0663s/iter; left time: 113.1131s
Epoch: 3 cost time: 15.814924240112305
Epoch: 3, Steps: 238 | Train Loss: 0.6258572 Vali Loss: 0.6964113
EarlyStopping counter: 2 out of 3
Updating learning rate to 2.5e-05
	iters: 100, epoch: 4 | loss: 0.4757040
	speed: 0.1060s/iter; left time: 166.0699s
	iters: 200, epoch: 4 | loss: 0.5088981
	speed: 0.0663s/iter; left time: 97.2416s
Epoch: 4 cost time: 15.767985820770264
Epoch: 4, Steps: 238 | Train Loss: 0.6033352 Vali Loss: 0.7441344
EarlyStopping counter: 3 out of 3
Early stopping
VALIDATION_RESULT {"best_epoch": 1, "best_mae": 0.5915731657728455, "best_mse": 0.6889520864550509, "epochs_ran": 4, "metric_version": "element_weighted_v1"}
>>>>>>>testing : long_term_forecast_timesnet_etth2_sl336_pl720_s2021_TimesNet_ETTh2_ftM_sl336_ll48_pl720_dm32_nh4_el2_dl1_df32_expand2_dc4_fc3_ebtimeF_dtTrue_timesnet_etth2_sl336_pl720_s2021_0<<<<<<<<<<<<<<<<<<<<<<<<<<<<<<<<<
test 2161
test shape: (2161, 720, 7) (2161, 720, 7)
test shape: (2161, 720, 7) (2161, 720, 7)
mse:0.43420520424842834, mae:0.4579293131828308, dtw:Not calculated
