Using GPU
Args in experiment:
[1mBasic Config[0m
  Task Name:          long_term_forecast  Is Training:        1                   
  Model ID:           timesnet_etth1_sl336_pl96_s2021Model:              TimesNet            

[1mData Loader[0m
  Data:               ETTh1               Root Path:          /home/cwh/Time-Series-Library/dataset/ETT-small
  Data Path:          ETTh1.csv           Features:           M                   
  Target:             OT                  Freq:               h                   
  Checkpoints:        /home/cwh/Time-Series-Library/logs/q2_main_baselines/checkpoints

[1mForecasting Task[0m
  Seq Len:            336                 Label Len:          48                  
  Pred Len:           96                  Seasonal Patterns:  Monthly             
  Inverse:            0                   

[1mModel Parameters[0m
  Top k:              5                   Num Kernels:        6                   
  Enc In:             7                   Dec In:             7                   
  C Out:              7                   d model:            32                  
  n heads:            4                   e layers:           2                   
  d layers:           1                   d FF:               32                  
  Moving Avg:         25                  Factor:             3                   
  Distil:             1                   Dropout:            0.1                 
  Embed:              timeF               Activation:         gelu                

[1mRun Parameters[0m
  Num Workers:        0                   Itr:                1                   
  Train Epochs:       10                  Batch Size:         32                  
  Patience:           3                   Learning Rate:      0.0001              
  Des:                timesnet_etth1_sl336_pl96_s2021Loss:               MSE                 
  Lradj:              type1               Use Amp:            0                   

[1mGPU[0m
  Use GPU:            1                   GPU:                0                   
  Use Multi GPU:      0                   Devices:            0,1,2,3             

[1mDe-stationary Projector Params[0m
  P Hidden Dims:      128, 128            P Hidden Layers:    2                   

Use GPU: cuda:0
🚀 Lazy Loading: TimesNet ...
>>>>>>>start training : long_term_forecast_timesnet_etth1_sl336_pl96_s2021_TimesNet_ETTh1_ftM_sl336_ll48_pl96_dm32_nh4_el2_dl1_df32_expand2_dc4_fc3_ebtimeF_dtTrue_timesnet_etth1_sl336_pl96_s2021_0>>>>>>>>>>>>>>>>>>>>>>>>>>
train 8209
val 2785
	iters: 100, epoch: 1 | loss: 0.4820865
	speed: 0.0698s/iter; left time: 172.4200s
	iters: 200, epoch: 1 | loss: 0.3753195
	speed: 0.0468s/iter; left time: 110.9530s
Epoch: 1 cost time: 13.63100790977478
Epoch: 1, Steps: 257 | Train Loss: 0.4516881 Vali Loss: 0.8474792
Validation loss decreased (inf --> 0.847479).  Saving model ...
Updating learning rate to 0.0001
	iters: 100, epoch: 2 | loss: 0.3111694
	speed: 0.0869s/iter; left time: 192.3961s
	iters: 200, epoch: 2 | loss: 0.3291713
	speed: 0.0471s/iter; left time: 99.5751s
Epoch: 2 cost time: 12.001830577850342
Epoch: 2, Steps: 257 | Train Loss: 0.3359692 Vali Loss: 0.8510259
EarlyStopping counter: 1 out of 3
Updating learning rate to 5e-05
	iters: 100, epoch: 3 | loss: 0.2823021
	speed: 0.0821s/iter; left time: 160.6101s
	iters: 200, epoch: 3 | loss: 0.2791713
	speed: 0.0454s/iter; left time: 84.2809s
Epoch: 3 cost time: 11.688032627105713
Epoch: 3, Steps: 257 | Train Loss: 0.3062407 Vali Loss: 0.8842335
EarlyStopping counter: 2 out of 3
Updating learning rate to 2.5e-05
	iters: 100, epoch: 4 | loss: 0.3546975
	speed: 0.0830s/iter; left time: 141.0289s
	iters: 200, epoch: 4 | loss: 0.2727754
	speed: 0.0459s/iter; left time: 73.4083s
Epoch: 4 cost time: 11.745079278945923
Epoch: 4, Steps: 257 | Train Loss: 0.2935327 Vali Loss: 0.8990170
EarlyStopping counter: 3 out of 3
Early stopping
VALIDATION_RESULT {"best_epoch": 1, "best_mae": 0.6321198526300752, "best_mse": 0.8474792273949382, "epochs_ran": 4, "metric_version": "element_weighted_v1"}
>>>>>>>testing : long_term_forecast_timesnet_etth1_sl336_pl96_s2021_TimesNet_ETTh1_ftM_sl336_ll48_pl96_dm32_nh4_el2_dl1_df32_expand2_dc4_fc3_ebtimeF_dtTrue_timesnet_etth1_sl336_pl96_s2021_0<<<<<<<<<<<<<<<<<<<<<<<<<<<<<<<<<
test 2785
test shape: (2785, 96, 7) (2785, 96, 7)
test shape: (2785, 96, 7) (2785, 96, 7)
mse:0.4425928294658661, mae:0.4533481001853943, dtw:Not calculated
