Using GPU
Args in experiment:
[1mBasic Config[0m
  Task Name:          long_term_forecast  Is Training:        1                   
  Model ID:           timemixer_etth1_sl336_pl720_s2021Model:              TimeMixer           

[1mData Loader[0m
  Data:               ETTh1               Root Path:          /home/cwh/Time-Series-Library/dataset/ETT-small
  Data Path:          ETTh1.csv           Features:           M                   
  Target:             OT                  Freq:               h                   
  Checkpoints:        /home/cwh/Time-Series-Library/logs/q2_main_baselines/checkpoints

[1mForecasting Task[0m
  Seq Len:            336                 Label Len:          0                   
  Pred Len:           720                 Seasonal Patterns:  Monthly             
  Inverse:            0                   

[1mModel Parameters[0m
  Top k:              5                   Num Kernels:        6                   
  Enc In:             7                   Dec In:             7                   
  C Out:              7                   d model:            16                  
  n heads:            4                   e layers:           2                   
  d layers:           1                   d FF:               32                  
  Moving Avg:         25                  Factor:             3                   
  Distil:             1                   Dropout:            0.1                 
  Embed:              timeF               Activation:         gelu                

[1mRun Parameters[0m
  Num Workers:        0                   Itr:                1                   
  Train Epochs:       10                  Batch Size:         32                  
  Patience:           10                  Learning Rate:      0.01                
  Des:                timemixer_etth1_sl336_pl720_s2021Loss:               MSE                 
  Lradj:              type1               Use Amp:            0                   

[1mGPU[0m
  Use GPU:            1                   GPU:                0                   
  Use Multi GPU:      0                   Devices:            0,1,2,3             

[1mDe-stationary Projector Params[0m
  P Hidden Dims:      128, 128            P Hidden Layers:    2                   

Use GPU: cuda:0
🚀 Lazy Loading: TimeMixer ...
>>>>>>>start training : long_term_forecast_timemixer_etth1_sl336_pl720_s2021_TimeMixer_ETTh1_ftM_sl336_ll0_pl720_dm16_nh4_el2_dl1_df32_expand2_dc4_fc3_ebtimeF_dtTrue_timemixer_etth1_sl336_pl720_s2021_0>>>>>>>>>>>>>>>>>>>>>>>>>>
train 7585
val 2161
	iters: 100, epoch: 1 | loss: 0.5180410
	speed: 0.0451s/iter; left time: 102.7623s
	iters: 200, epoch: 1 | loss: 0.4627109
	speed: 0.0368s/iter; left time: 80.1823s
Epoch: 1 cost time: 9.026999950408936
Epoch: 1, Steps: 238 | Train Loss: 0.5750646 Vali Loss: 1.9274002
Validation loss decreased (inf --> 1.927400).  Saving model ...
Updating learning rate to 0.01
	iters: 100, epoch: 2 | loss: 0.4953625
	speed: 0.0580s/iter; left time: 118.5706s
	iters: 200, epoch: 2 | loss: 0.4936154
	speed: 0.0365s/iter; left time: 70.9229s
Epoch: 2 cost time: 8.638082504272461
Epoch: 2, Steps: 238 | Train Loss: 0.5065065 Vali Loss: 1.7413730
Validation loss decreased (1.927400 --> 1.741373).  Saving model ...
Updating learning rate to 0.005
	iters: 100, epoch: 3 | loss: 0.4328645
	speed: 0.0582s/iter; left time: 105.1198s
	iters: 200, epoch: 3 | loss: 0.3889146
	speed: 0.0367s/iter; left time: 62.6437s
Epoch: 3 cost time: 8.6933012008667
Epoch: 3, Steps: 238 | Train Loss: 0.4125957 Vali Loss: 1.8276905
EarlyStopping counter: 1 out of 10
Updating learning rate to 0.0025
	iters: 100, epoch: 4 | loss: 0.3440988
	speed: 0.0582s/iter; left time: 91.1609s
	iters: 200, epoch: 4 | loss: 0.3211721
	speed: 0.0270s/iter; left time: 39.6410s
Epoch: 4 cost time: 7.379194974899292
Epoch: 4, Steps: 238 | Train Loss: 0.3487903 Vali Loss: 1.9855942
EarlyStopping counter: 2 out of 10
Updating learning rate to 0.00125
	iters: 100, epoch: 5 | loss: 0.2919769
	speed: 0.0454s/iter; left time: 60.3588s
	iters: 200, epoch: 5 | loss: 0.3276842
	speed: 0.0274s/iter; left time: 33.6528s
Epoch: 5 cost time: 6.51935076713562
Epoch: 5, Steps: 238 | Train Loss: 0.3114908 Vali Loss: 2.0228646
EarlyStopping counter: 3 out of 10
Updating learning rate to 0.000625
	iters: 100, epoch: 6 | loss: 0.2936263
	speed: 0.0444s/iter; left time: 48.4276s
	iters: 200, epoch: 6 | loss: 0.2984761
	speed: 0.0270s/iter; left time: 26.7752s
Epoch: 6 cost time: 6.39738130569458
Epoch: 6, Steps: 238 | Train Loss: 0.2958164 Vali Loss: 1.9315741
EarlyStopping counter: 4 out of 10
Updating learning rate to 0.0003125
	iters: 100, epoch: 7 | loss: 0.2817099
	speed: 0.0357s/iter; left time: 30.4830s
	iters: 200, epoch: 7 | loss: 0.2885037
	speed: 0.0175s/iter; left time: 13.2012s
Epoch: 7 cost time: 4.559819459915161
Epoch: 7, Steps: 238 | Train Loss: 0.2872339 Vali Loss: 1.9605256
EarlyStopping counter: 5 out of 10
Updating learning rate to 0.00015625
	iters: 100, epoch: 8 | loss: 0.2907108
	speed: 0.0483s/iter; left time: 29.7296s
	iters: 200, epoch: 8 | loss: 0.3017531
	speed: 0.0355s/iter; left time: 18.2652s
Epoch: 8 cost time: 8.420612096786499
Epoch: 8, Steps: 238 | Train Loss: 0.2826117 Vali Loss: 1.9617618
EarlyStopping counter: 6 out of 10
Updating learning rate to 7.8125e-05
	iters: 100, epoch: 9 | loss: 0.2861782
	speed: 0.0572s/iter; left time: 21.5498s
	iters: 200, epoch: 9 | loss: 0.2770593
	speed: 0.0357s/iter; left time: 9.9004s
Epoch: 9 cost time: 8.457911968231201
Epoch: 9, Steps: 238 | Train Loss: 0.2806119 Vali Loss: 1.9646941
EarlyStopping counter: 7 out of 10
Updating learning rate to 3.90625e-05
	iters: 100, epoch: 10 | loss: 0.2843400
	speed: 0.0568s/iter; left time: 7.8953s
	iters: 200, epoch: 10 | loss: 0.2825055
	speed: 0.0353s/iter; left time: 1.3771s
Epoch: 10 cost time: 8.455090284347534
Epoch: 10, Steps: 238 | Train Loss: 0.2795068 Vali Loss: 1.9597670
EarlyStopping counter: 8 out of 10
Updating learning rate to 1.953125e-05
VALIDATION_RESULT {"best_epoch": 2, "best_mae": 0.9201138921942369, "best_mse": 1.7413729641121836, "epochs_ran": 10, "metric_version": "element_weighted_v1"}
>>>>>>>testing : long_term_forecast_timemixer_etth1_sl336_pl720_s2021_TimeMixer_ETTh1_ftM_sl336_ll0_pl720_dm16_nh4_el2_dl1_df32_expand2_dc4_fc3_ebtimeF_dtTrue_timemixer_etth1_sl336_pl720_s2021_0<<<<<<<<<<<<<<<<<<<<<<<<<<<<<<<<<
test 2161
test shape: (2161, 720, 7) (2161, 720, 7)
test shape: (2161, 720, 7) (2161, 720, 7)
mse:0.7437260150909424, mae:0.5983463525772095, dtw:Not calculated
