Using GPU
Args in experiment:
[1mBasic Config[0m
  Task Name:          long_term_forecast  Is Training:        1                   
  Model ID:           timesnet_ettm1_sl336_pl192_s2021Model:              TimesNet            

[1mData Loader[0m
  Data:               ETTm1               Root Path:          /home/cwh/Time-Series-Library/dataset/ETT-small
  Data Path:          ETTm1.csv           Features:           M                   
  Target:             OT                  Freq:               t                   
  Checkpoints:        /home/cwh/Time-Series-Library/logs/q2_main_baselines/checkpoints

[1mForecasting Task[0m
  Seq Len:            336                 Label Len:          48                  
  Pred Len:           192                 Seasonal Patterns:  Monthly             
  Inverse:            0                   

[1mModel Parameters[0m
  Top k:              5                   Num Kernels:        6                   
  Enc In:             7                   Dec In:             7                   
  C Out:              7                   d model:            32                  
  n heads:            4                   e layers:           2                   
  d layers:           1                   d FF:               32                  
  Moving Avg:         25                  Factor:             3                   
  Distil:             1                   Dropout:            0.1                 
  Embed:              timeF               Activation:         gelu                

[1mRun Parameters[0m
  Num Workers:        0                   Itr:                1                   
  Train Epochs:       10                  Batch Size:         32                  
  Patience:           3                   Learning Rate:      0.0001              
  Des:                timesnet_ettm1_sl336_pl192_s2021Loss:               MSE                 
  Lradj:              type1               Use Amp:            0                   

[1mGPU[0m
  Use GPU:            1                   GPU:                0                   
  Use Multi GPU:      0                   Devices:            0,1,2,3             

[1mDe-stationary Projector Params[0m
  P Hidden Dims:      128, 128            P Hidden Layers:    2                   

Use GPU: cuda:0
🚀 Lazy Loading: TimesNet ...
>>>>>>>start training : long_term_forecast_timesnet_ettm1_sl336_pl192_s2021_TimesNet_ETTm1_ftM_sl336_ll48_pl192_dm32_nh4_el2_dl1_df32_expand2_dc4_fc3_ebtimeF_dtTrue_timesnet_ettm1_sl336_pl192_s2021_0>>>>>>>>>>>>>>>>>>>>>>>>>>
train 34033
val 11329
	iters: 100, epoch: 1 | loss: 0.4120417
	speed: 0.1249s/iter; left time: 1316.0480s
	iters: 200, epoch: 1 | loss: 0.3312688
	speed: 0.1236s/iter; left time: 1290.2878s
	iters: 300, epoch: 1 | loss: 0.3586760
	speed: 0.1205s/iter; left time: 1245.9604s
	iters: 400, epoch: 1 | loss: 0.3483868
	speed: 0.1190s/iter; left time: 1219.0633s
	iters: 500, epoch: 1 | loss: 0.2943543
	speed: 0.1125s/iter; left time: 1140.8800s
	iters: 600, epoch: 1 | loss: 0.2971650
	speed: 0.0950s/iter; left time: 954.1953s
	iters: 700, epoch: 1 | loss: 0.2523250
	speed: 0.0946s/iter; left time: 940.3678s
	iters: 800, epoch: 1 | loss: 0.2590746
	speed: 0.0929s/iter; left time: 914.1568s
	iters: 900, epoch: 1 | loss: 0.2763628
	speed: 0.0842s/iter; left time: 819.9897s
	iters: 1000, epoch: 1 | loss: 0.2305157
	speed: 0.0786s/iter; left time: 757.3548s
Epoch: 1 cost time: 108.69968318939209
Epoch: 1, Steps: 1064 | Train Loss: 0.3051211 Vali Loss: 0.5556516
Validation loss decreased (inf --> 0.555652).  Saving model ...
Updating learning rate to 0.0001
	iters: 100, epoch: 2 | loss: 0.2076651
	speed: 0.1712s/iter; left time: 1622.3405s
	iters: 200, epoch: 2 | loss: 0.2435946
	speed: 0.0719s/iter; left time: 674.6620s
	iters: 300, epoch: 2 | loss: 0.2136165
	speed: 0.0714s/iter; left time: 662.7755s
	iters: 400, epoch: 2 | loss: 0.2060972
	speed: 0.0742s/iter; left time: 681.1414s
	iters: 500, epoch: 2 | loss: 0.2502852
	speed: 0.0718s/iter; left time: 651.3462s
	iters: 600, epoch: 2 | loss: 0.2131489
	speed: 0.0727s/iter; left time: 652.2439s
	iters: 700, epoch: 2 | loss: 0.2227703
	speed: 0.0672s/iter; left time: 596.7912s
	iters: 800, epoch: 2 | loss: 0.1866306
	speed: 0.0632s/iter; left time: 554.6740s
	iters: 900, epoch: 2 | loss: 0.1793887
	speed: 0.0598s/iter; left time: 519.1112s
	iters: 1000, epoch: 2 | loss: 0.1658356
	speed: 0.0614s/iter; left time: 526.3088s
Epoch: 2 cost time: 72.41544842720032
Epoch: 2, Steps: 1064 | Train Loss: 0.2113350 Vali Loss: 0.6220199
EarlyStopping counter: 1 out of 3
Updating learning rate to 5e-05
	iters: 100, epoch: 3 | loss: 0.1751442
	speed: 0.1451s/iter; left time: 1220.7183s
	iters: 200, epoch: 3 | loss: 0.1883401
	speed: 0.0599s/iter; left time: 497.6929s
	iters: 300, epoch: 3 | loss: 0.1459950
	speed: 0.0608s/iter; left time: 498.9425s
	iters: 400, epoch: 3 | loss: 0.1590750
	speed: 0.0618s/iter; left time: 501.3309s
	iters: 500, epoch: 3 | loss: 0.1744381
	speed: 0.0627s/iter; left time: 502.7349s
	iters: 600, epoch: 3 | loss: 0.1834794
	speed: 0.0636s/iter; left time: 503.2233s
	iters: 700, epoch: 3 | loss: 0.1442297
	speed: 0.0624s/iter; left time: 487.2676s
	iters: 800, epoch: 3 | loss: 0.1447410
	speed: 0.0560s/iter; left time: 432.0678s
	iters: 900, epoch: 3 | loss: 0.1466743
	speed: 0.0551s/iter; left time: 419.3672s
	iters: 1000, epoch: 3 | loss: 0.1442016
	speed: 0.0552s/iter; left time: 415.0608s
Epoch: 3 cost time: 63.19898343086243
Epoch: 3, Steps: 1064 | Train Loss: 0.1661454 Vali Loss: 0.6385386
EarlyStopping counter: 2 out of 3
Updating learning rate to 2.5e-05
	iters: 100, epoch: 4 | loss: 0.1835460
	speed: 0.1401s/iter; left time: 1029.8414s
	iters: 200, epoch: 4 | loss: 0.1492198
	speed: 0.0560s/iter; left time: 405.6561s
	iters: 300, epoch: 4 | loss: 0.1352781
	speed: 0.0563s/iter; left time: 402.2885s
	iters: 400, epoch: 4 | loss: 0.1255985
	speed: 0.0564s/iter; left time: 397.4266s
	iters: 500, epoch: 4 | loss: 0.1292094
	speed: 0.0564s/iter; left time: 392.1339s
	iters: 600, epoch: 4 | loss: 0.1499319
	speed: 0.0571s/iter; left time: 391.2068s
	iters: 700, epoch: 4 | loss: 0.1644492
	speed: 0.0578s/iter; left time: 389.8615s
	iters: 800, epoch: 4 | loss: 0.1409803
	speed: 0.0584s/iter; left time: 388.0562s
	iters: 900, epoch: 4 | loss: 0.1464433
	speed: 0.0586s/iter; left time: 383.7230s
	iters: 1000, epoch: 4 | loss: 0.1380581
	speed: 0.0587s/iter; left time: 378.2969s
Epoch: 4 cost time: 60.85141158103943
Epoch: 4, Steps: 1064 | Train Loss: 0.1483605 Vali Loss: 0.6487394
EarlyStopping counter: 3 out of 3
Early stopping
VALIDATION_RESULT {"best_epoch": 1, "best_mae": 0.4994552895582145, "best_mse": 0.5556516105019752, "epochs_ran": 4, "metric_version": "element_weighted_v1"}
>>>>>>>testing : long_term_forecast_timesnet_ettm1_sl336_pl192_s2021_TimesNet_ETTm1_ftM_sl336_ll48_pl192_dm32_nh4_el2_dl1_df32_expand2_dc4_fc3_ebtimeF_dtTrue_timesnet_ettm1_sl336_pl192_s2021_0<<<<<<<<<<<<<<<<<<<<<<<<<<<<<<<<<
test 11329
test shape: (11329, 192, 7) (11329, 192, 7)
test shape: (11329, 192, 7) (11329, 192, 7)
mse:0.37192457914352417, mae:0.3941323459148407, dtw:Not calculated
