Using GPU
Args in experiment:
[1mBasic Config[0m
  Task Name:          long_term_forecast  Is Training:        1                   
  Model ID:           timemixer_etth2_sl336_pl192_s2021Model:              TimeMixer           

[1mData Loader[0m
  Data:               ETTh2               Root Path:          /home/cwh/Time-Series-Library/dataset/ETT-small
  Data Path:          ETTh2.csv           Features:           M                   
  Target:             OT                  Freq:               h                   
  Checkpoints:        /home/cwh/Time-Series-Library/logs/q2_main_baselines/checkpoints

[1mForecasting Task[0m
  Seq Len:            336                 Label Len:          0                   
  Pred Len:           192                 Seasonal Patterns:  Monthly             
  Inverse:            0                   

[1mModel Parameters[0m
  Top k:              5                   Num Kernels:        6                   
  Enc In:             7                   Dec In:             7                   
  C Out:              7                   d model:            16                  
  n heads:            4                   e layers:           2                   
  d layers:           1                   d FF:               32                  
  Moving Avg:         25                  Factor:             3                   
  Distil:             1                   Dropout:            0.1                 
  Embed:              timeF               Activation:         gelu                

[1mRun Parameters[0m
  Num Workers:        0                   Itr:                1                   
  Train Epochs:       10                  Batch Size:         32                  
  Patience:           10                  Learning Rate:      0.01                
  Des:                timemixer_etth2_sl336_pl192_s2021Loss:               MSE                 
  Lradj:              type1               Use Amp:            0                   

[1mGPU[0m
  Use GPU:            1                   GPU:                0                   
  Use Multi GPU:      0                   Devices:            0,1,2,3             

[1mDe-stationary Projector Params[0m
  P Hidden Dims:      128, 128            P Hidden Layers:    2                   

Use GPU: cuda:0
🚀 Lazy Loading: TimeMixer ...
>>>>>>>start training : long_term_forecast_timemixer_etth2_sl336_pl192_s2021_TimeMixer_ETTh2_ftM_sl336_ll0_pl192_dm16_nh4_el2_dl1_df32_expand2_dc4_fc3_ebtimeF_dtTrue_timemixer_etth2_sl336_pl192_s2021_0>>>>>>>>>>>>>>>>>>>>>>>>>>
train 8113
val 2689
	iters: 100, epoch: 1 | loss: 0.6351323
	speed: 0.0435s/iter; left time: 106.2938s
	iters: 200, epoch: 1 | loss: 0.4069523
	speed: 0.0355s/iter; left time: 83.0727s
Epoch: 1 cost time: 9.03028655052185
Epoch: 1, Steps: 254 | Train Loss: 0.5202486 Vali Loss: 0.3420662
Validation loss decreased (inf --> 0.342066).  Saving model ...
Updating learning rate to 0.01
	iters: 100, epoch: 2 | loss: 0.5552555
	speed: 0.0536s/iter; left time: 117.2910s
	iters: 200, epoch: 2 | loss: 0.2828677
	speed: 0.0322s/iter; left time: 67.1105s
Epoch: 2 cost time: 7.869903326034546
Epoch: 2, Steps: 254 | Train Loss: 0.4536912 Vali Loss: 0.3486156
EarlyStopping counter: 1 out of 10
Updating learning rate to 0.005
	iters: 100, epoch: 3 | loss: 0.3094620
	speed: 0.0639s/iter; left time: 123.6032s
	iters: 200, epoch: 3 | loss: 0.2946950
	speed: 0.0351s/iter; left time: 64.2641s
Epoch: 3 cost time: 8.902224063873291
Epoch: 3, Steps: 254 | Train Loss: 0.3569713 Vali Loss: 0.3664289
EarlyStopping counter: 2 out of 10
Updating learning rate to 0.0025
	iters: 100, epoch: 4 | loss: 0.2094569
	speed: 0.0641s/iter; left time: 107.5462s
	iters: 200, epoch: 4 | loss: 0.2869435
	speed: 0.0351s/iter; left time: 55.4869s
Epoch: 4 cost time: 8.919986486434937
Epoch: 4, Steps: 254 | Train Loss: 0.2853609 Vali Loss: 0.3499979
EarlyStopping counter: 3 out of 10
Updating learning rate to 0.00125
	iters: 100, epoch: 5 | loss: 0.3358437
	speed: 0.0643s/iter; left time: 91.5997s
	iters: 200, epoch: 5 | loss: 0.2396298
	speed: 0.0355s/iter; left time: 47.0917s
Epoch: 5 cost time: 9.016313314437866
Epoch: 5, Steps: 254 | Train Loss: 0.2482271 Vali Loss: 0.3503835
EarlyStopping counter: 4 out of 10
Updating learning rate to 0.000625
	iters: 100, epoch: 6 | loss: 0.2971425
	speed: 0.0650s/iter; left time: 76.0656s
	iters: 200, epoch: 6 | loss: 0.2305832
	speed: 0.0359s/iter; left time: 38.3956s
Epoch: 6 cost time: 9.054165601730347
Epoch: 6, Steps: 254 | Train Loss: 0.2299619 Vali Loss: 0.3531800
EarlyStopping counter: 5 out of 10
Updating learning rate to 0.0003125
	iters: 100, epoch: 7 | loss: 0.1811561
	speed: 0.0642s/iter; left time: 58.8729s
	iters: 200, epoch: 7 | loss: 0.2168628
	speed: 0.0356s/iter; left time: 29.1152s
Epoch: 7 cost time: 9.002374649047852
Epoch: 7, Steps: 254 | Train Loss: 0.2208279 Vali Loss: 0.3626297
EarlyStopping counter: 6 out of 10
Updating learning rate to 0.00015625
	iters: 100, epoch: 8 | loss: 0.1513559
	speed: 0.0644s/iter; left time: 42.6810s
	iters: 200, epoch: 8 | loss: 0.2756557
	speed: 0.0354s/iter; left time: 19.9435s
Epoch: 8 cost time: 9.005069255828857
Epoch: 8, Steps: 254 | Train Loss: 0.2155315 Vali Loss: 0.3602594
EarlyStopping counter: 7 out of 10
Updating learning rate to 7.8125e-05
	iters: 100, epoch: 9 | loss: 0.3072551
	speed: 0.0646s/iter; left time: 26.4223s
	iters: 200, epoch: 9 | loss: 0.2168806
	speed: 0.0352s/iter; left time: 10.8848s
Epoch: 9 cost time: 8.970459222793579
Epoch: 9, Steps: 254 | Train Loss: 0.2127965 Vali Loss: 0.3590256
EarlyStopping counter: 8 out of 10
Updating learning rate to 3.90625e-05
	iters: 100, epoch: 10 | loss: 0.1642560
	speed: 0.0573s/iter; left time: 8.8878s
	iters: 200, epoch: 10 | loss: 0.2308888
	speed: 0.0276s/iter; left time: 1.5197s
Epoch: 10 cost time: 7.335136651992798
Epoch: 10, Steps: 254 | Train Loss: 0.2114556 Vali Loss: 0.3619492
EarlyStopping counter: 9 out of 10
Updating learning rate to 1.953125e-05
VALIDATION_RESULT {"best_epoch": 1, "best_mae": 0.3947978819298384, "best_mse": 0.34206619543719247, "epochs_ran": 10, "metric_version": "element_weighted_v1"}
>>>>>>>testing : long_term_forecast_timemixer_etth2_sl336_pl192_s2021_TimeMixer_ETTh2_ftM_sl336_ll0_pl192_dm16_nh4_el2_dl1_df32_expand2_dc4_fc3_ebtimeF_dtTrue_timemixer_etth2_sl336_pl192_s2021_0<<<<<<<<<<<<<<<<<<<<<<<<<<<<<<<<<
test 2689
test shape: (2689, 192, 7) (2689, 192, 7)
test shape: (2689, 192, 7) (2689, 192, 7)
mse:0.3677070438861847, mae:0.4038141071796417, dtw:Not calculated
