Using GPU
Args in experiment:
[1mBasic Config[0m
  Task Name:          long_term_forecast  Is Training:        1                   
  Model ID:           timemixer_etth1_sl336_pl192_s2021Model:              TimeMixer           

[1mData Loader[0m
  Data:               ETTh1               Root Path:          /home/cwh/Time-Series-Library/dataset/ETT-small
  Data Path:          ETTh1.csv           Features:           M                   
  Target:             OT                  Freq:               h                   
  Checkpoints:        /home/cwh/Time-Series-Library/logs/q2_main_baselines/checkpoints

[1mForecasting Task[0m
  Seq Len:            336                 Label Len:          0                   
  Pred Len:           192                 Seasonal Patterns:  Monthly             
  Inverse:            0                   

[1mModel Parameters[0m
  Top k:              5                   Num Kernels:        6                   
  Enc In:             7                   Dec In:             7                   
  C Out:              7                   d model:            16                  
  n heads:            4                   e layers:           2                   
  d layers:           1                   d FF:               32                  
  Moving Avg:         25                  Factor:             3                   
  Distil:             1                   Dropout:            0.1                 
  Embed:              timeF               Activation:         gelu                

[1mRun Parameters[0m
  Num Workers:        0                   Itr:                1                   
  Train Epochs:       10                  Batch Size:         32                  
  Patience:           10                  Learning Rate:      0.01                
  Des:                timemixer_etth1_sl336_pl192_s2021Loss:               MSE                 
  Lradj:              type1               Use Amp:            0                   

[1mGPU[0m
  Use GPU:            1                   GPU:                0                   
  Use Multi GPU:      0                   Devices:            0,1,2,3             

[1mDe-stationary Projector Params[0m
  P Hidden Dims:      128, 128            P Hidden Layers:    2                   

Use GPU: cuda:0
🚀 Lazy Loading: TimeMixer ...
>>>>>>>start training : long_term_forecast_timemixer_etth1_sl336_pl192_s2021_TimeMixer_ETTh1_ftM_sl336_ll0_pl192_dm16_nh4_el2_dl1_df32_expand2_dc4_fc3_ebtimeF_dtTrue_timemixer_etth1_sl336_pl192_s2021_0>>>>>>>>>>>>>>>>>>>>>>>>>>
train 8113
val 2689
	iters: 100, epoch: 1 | loss: 0.3744758
	speed: 0.0357s/iter; left time: 87.0887s
	iters: 200, epoch: 1 | loss: 0.3826967
	speed: 0.0267s/iter; left time: 62.5569s
Epoch: 1 cost time: 7.183136463165283
Epoch: 1, Steps: 254 | Train Loss: 0.4249339 Vali Loss: 1.0608635
Validation loss decreased (inf --> 1.060864).  Saving model ...
Updating learning rate to 0.01
	iters: 100, epoch: 2 | loss: 0.3659871
	speed: 0.0621s/iter; left time: 135.8908s
	iters: 200, epoch: 2 | loss: 0.4148969
	speed: 0.0366s/iter; left time: 76.3275s
Epoch: 2 cost time: 9.308584451675415
Epoch: 2, Steps: 254 | Train Loss: 0.3762597 Vali Loss: 1.1189877
EarlyStopping counter: 1 out of 10
Updating learning rate to 0.005
	iters: 100, epoch: 3 | loss: 0.3501094
	speed: 0.0665s/iter; left time: 128.5917s
	iters: 200, epoch: 3 | loss: 0.3110796
	speed: 0.0361s/iter; left time: 66.2605s
Epoch: 3 cost time: 9.26317024230957
Epoch: 3, Steps: 254 | Train Loss: 0.3364239 Vali Loss: 1.2193937
EarlyStopping counter: 2 out of 10
Updating learning rate to 0.0025
	iters: 100, epoch: 4 | loss: 0.3071324
	speed: 0.0657s/iter; left time: 110.3738s
	iters: 200, epoch: 4 | loss: 0.2906134
	speed: 0.0367s/iter; left time: 58.0053s
Epoch: 4 cost time: 9.254899740219116
Epoch: 4, Steps: 254 | Train Loss: 0.2909224 Vali Loss: 1.2102761
EarlyStopping counter: 3 out of 10
Updating learning rate to 0.00125
	iters: 100, epoch: 5 | loss: 0.3012902
	speed: 0.0655s/iter; left time: 93.2695s
	iters: 200, epoch: 5 | loss: 0.2483552
	speed: 0.0361s/iter; left time: 47.8780s
Epoch: 5 cost time: 9.140313386917114
Epoch: 5, Steps: 254 | Train Loss: 0.2551005 Vali Loss: 1.2330192
EarlyStopping counter: 4 out of 10
Updating learning rate to 0.000625
	iters: 100, epoch: 6 | loss: 0.2079532
	speed: 0.0656s/iter; left time: 76.8538s
	iters: 200, epoch: 6 | loss: 0.2239665
	speed: 0.0368s/iter; left time: 39.4486s
Epoch: 6 cost time: 9.261029958724976
Epoch: 6, Steps: 254 | Train Loss: 0.2360401 Vali Loss: 1.2371273
EarlyStopping counter: 5 out of 10
Updating learning rate to 0.0003125
	iters: 100, epoch: 7 | loss: 0.2230441
	speed: 0.0664s/iter; left time: 60.8603s
	iters: 200, epoch: 7 | loss: 0.2019817
	speed: 0.0366s/iter; left time: 29.8716s
Epoch: 7 cost time: 9.281616926193237
Epoch: 7, Steps: 254 | Train Loss: 0.2262482 Vali Loss: 1.2521552
EarlyStopping counter: 6 out of 10
Updating learning rate to 0.00015625
	iters: 100, epoch: 8 | loss: 0.2603202
	speed: 0.0666s/iter; left time: 44.1536s
	iters: 200, epoch: 8 | loss: 0.2085097
	speed: 0.0361s/iter; left time: 20.3150s
Epoch: 8 cost time: 9.238187789916992
Epoch: 8, Steps: 254 | Train Loss: 0.2214071 Vali Loss: 1.2813551
EarlyStopping counter: 7 out of 10
Updating learning rate to 7.8125e-05
	iters: 100, epoch: 9 | loss: 0.2250798
	speed: 0.0642s/iter; left time: 26.2487s
	iters: 200, epoch: 9 | loss: 0.2191450
	speed: 0.0261s/iter; left time: 8.0724s
Epoch: 9 cost time: 7.5409369468688965
Epoch: 9, Steps: 254 | Train Loss: 0.2186413 Vali Loss: 1.2752335
EarlyStopping counter: 8 out of 10
Updating learning rate to 3.90625e-05
	iters: 100, epoch: 10 | loss: 0.2088038
	speed: 0.0596s/iter; left time: 9.2449s
	iters: 200, epoch: 10 | loss: 0.2182847
	speed: 0.0358s/iter; left time: 1.9702s
Epoch: 10 cost time: 9.06287932395935
Epoch: 10, Steps: 254 | Train Loss: 0.2174504 Vali Loss: 1.2829850
EarlyStopping counter: 9 out of 10
Updating learning rate to 1.953125e-05
VALIDATION_RESULT {"best_epoch": 1, "best_mae": 0.6880194326688299, "best_mse": 1.060863538715483, "epochs_ran": 10, "metric_version": "element_weighted_v1"}
>>>>>>>testing : long_term_forecast_timemixer_etth1_sl336_pl192_s2021_TimeMixer_ETTh1_ftM_sl336_ll0_pl192_dm16_nh4_el2_dl1_df32_expand2_dc4_fc3_ebtimeF_dtTrue_timemixer_etth1_sl336_pl192_s2021_0<<<<<<<<<<<<<<<<<<<<<<<<<<<<<<<<<
test 2689
test shape: (2689, 192, 7) (2689, 192, 7)
test shape: (2689, 192, 7) (2689, 192, 7)
mse:0.4150616526603699, mae:0.42490729689598083, dtw:Not calculated
