Using GPU
Args in experiment:
[1mBasic Config[0m
  Task Name:          long_term_forecast  Is Training:        1                   
  Model ID:           ETTm2_96_720_table2_ettm2_p720_no_decomp_s2022Model:              GraphMambaRecent    

[1mData Loader[0m
  Data:               ETTm2               Root Path:          /home/cwh/Time-Series-Library/dataset/ETT-small
  Data Path:          ETTm2.csv           Features:           M                   
  Target:             OT                  Freq:               h                   
  Checkpoints:        /home/cwh/Time-Series-Library/logs/timerole_p0/recent_backbone/seed2022/checkpoints

[1mForecasting Task[0m
  Seq Len:            336                 Label Len:          48                  
  Pred Len:           720                 Seasonal Patterns:  Monthly             
  Inverse:            0                   

[1mModel Parameters[0m
  Top k:              5                   Num Kernels:        6                   
  Enc In:             7                   Dec In:             7                   
  C Out:              7                   d model:            64                  
  n heads:            8                   e layers:           1                   
  d layers:           1                   d FF:               128                 
  Moving Avg:         25                  Factor:             1                   
  Distil:             1                   Dropout:            0.1                 
  Embed:              timeF               Activation:         gelu                

[1mRun Parameters[0m
  Num Workers:        0                   Itr:                1                   
  Train Epochs:       100                 Batch Size:         32                  
  Patience:           6                   Learning Rate:      0.0005              
  Des:                table2_ettm2_p720_no_decomp_s2022Loss:               MSE                 
  Lradj:              type1               Use Amp:            0                   

[1mGPU[0m
  Use GPU:            1                   GPU:                0                   
  Use Multi GPU:      0                   Devices:            0,1,2,3             

[1mDe-stationary Projector Params[0m
  P Hidden Dims:      128, 128            P Hidden Layers:    2                   

Use GPU: cuda:0
🚀 Lazy Loading: GraphMambaRecent ...
[GraphMamba] Building 7x7 static graph from 2000 training samples
>>>>>>>start training : long_term_forecast_ETTm2_96_720_table2_ettm2_p720_no_decomp_s2022_GraphMambaRecent_ETTm2_ftM_sl336_ll48_pl720_dm64_nh8_el1_dl1_df128_expand2_dc2_fc1_ebtimeF_dtTrue_table2_ettm2_p720_no_decomp_s2022_0>>>>>>>>>>>>>>>>>>>>>>>>>>
train 33505
val 10801
	iters: 100, epoch: 1 | loss: 0.3636477
	speed: 0.0131s/iter; left time: 1368.7188s
	iters: 200, epoch: 1 | loss: 0.3385615
	speed: 0.0108s/iter; left time: 1126.5853s
	iters: 300, epoch: 1 | loss: 0.9627213
	speed: 0.0108s/iter; left time: 1127.2247s
	iters: 400, epoch: 1 | loss: 0.5220651
	speed: 0.0106s/iter; left time: 1111.7794s
	iters: 500, epoch: 1 | loss: 0.2815276
	speed: 0.0111s/iter; left time: 1156.4479s
	iters: 600, epoch: 1 | loss: 0.2900706
	speed: 0.0108s/iter; left time: 1123.1592s
	iters: 700, epoch: 1 | loss: 0.6049946
	speed: 0.0109s/iter; left time: 1131.8972s
	iters: 800, epoch: 1 | loss: 0.3605721
	speed: 0.0109s/iter; left time: 1135.9857s
	iters: 900, epoch: 1 | loss: 0.5938261
	speed: 0.0109s/iter; left time: 1135.0807s
	iters: 1000, epoch: 1 | loss: 0.3281130
	speed: 0.0111s/iter; left time: 1147.9586s
Epoch: 1 cost time: 11.63003921508789
Epoch: 1, Steps: 1048 | Train Loss: 0.5946946 Vali Loss: 0.2883966
Validation loss decreased (inf --> 0.288397).  Saving model ...
Updating learning rate to 0.0005
	iters: 100, epoch: 2 | loss: 0.5287324
	speed: 0.0320s/iter; left time: 3320.3141s
	iters: 200, epoch: 2 | loss: 0.4621260
	speed: 0.0108s/iter; left time: 1121.3422s
	iters: 300, epoch: 2 | loss: 0.8485013
	speed: 0.0107s/iter; left time: 1108.0841s
	iters: 400, epoch: 2 | loss: 0.3574027
	speed: 0.0108s/iter; left time: 1115.9179s
	iters: 500, epoch: 2 | loss: 0.3429875
	speed: 0.0110s/iter; left time: 1140.4747s
	iters: 600, epoch: 2 | loss: 0.4352804
	speed: 0.0107s/iter; left time: 1104.6632s
	iters: 700, epoch: 2 | loss: 0.4160756
	speed: 0.0107s/iter; left time: 1105.7852s
	iters: 800, epoch: 2 | loss: 0.4311046
	speed: 0.0109s/iter; left time: 1122.6503s
	iters: 900, epoch: 2 | loss: 0.2924483
	speed: 0.0107s/iter; left time: 1096.4223s
	iters: 1000, epoch: 2 | loss: 0.5360016
	speed: 0.0108s/iter; left time: 1107.4214s
Epoch: 2 cost time: 11.333452224731445
Epoch: 2, Steps: 1048 | Train Loss: 0.5659524 Vali Loss: 0.2965689
EarlyStopping counter: 1 out of 6
Updating learning rate to 0.00025
	iters: 100, epoch: 3 | loss: 1.0124611
	speed: 0.0316s/iter; left time: 3238.9094s
	iters: 200, epoch: 3 | loss: 0.4741856
	speed: 0.0108s/iter; left time: 1104.8483s
	iters: 300, epoch: 3 | loss: 0.7029179
	speed: 0.0109s/iter; left time: 1118.2768s
	iters: 400, epoch: 3 | loss: 0.2776442
	speed: 0.0108s/iter; left time: 1105.4930s
	iters: 500, epoch: 3 | loss: 0.7406570
	speed: 0.0110s/iter; left time: 1120.6602s
	iters: 600, epoch: 3 | loss: 0.7158950
	speed: 0.0107s/iter; left time: 1096.3133s
	iters: 700, epoch: 3 | loss: 0.2551744
	speed: 0.0109s/iter; left time: 1112.0378s
	iters: 800, epoch: 3 | loss: 0.3639902
	speed: 0.0109s/iter; left time: 1108.4106s
	iters: 900, epoch: 3 | loss: 0.6269895
	speed: 0.0107s/iter; left time: 1090.5746s
	iters: 1000, epoch: 3 | loss: 0.5347325
	speed: 0.0108s/iter; left time: 1093.4476s
Epoch: 3 cost time: 11.344620943069458
Epoch: 3, Steps: 1048 | Train Loss: 0.5455422 Vali Loss: 0.3090744
EarlyStopping counter: 2 out of 6
Updating learning rate to 0.000125
	iters: 100, epoch: 4 | loss: 0.7634615
	speed: 0.0314s/iter; left time: 3192.6526s
	iters: 200, epoch: 4 | loss: 0.4285453
	speed: 0.0108s/iter; left time: 1095.7846s
	iters: 300, epoch: 4 | loss: 0.4022794
	speed: 0.0108s/iter; left time: 1092.1595s
	iters: 400, epoch: 4 | loss: 0.3737059
	speed: 0.0109s/iter; left time: 1103.3838s
	iters: 500, epoch: 4 | loss: 0.7754372
	speed: 0.0109s/iter; left time: 1099.5114s
	iters: 600, epoch: 4 | loss: 0.5013688
	speed: 0.0107s/iter; left time: 1082.0025s
	iters: 700, epoch: 4 | loss: 0.4902021
	speed: 0.0106s/iter; left time: 1072.6431s
	iters: 800, epoch: 4 | loss: 0.3606732
	speed: 0.0108s/iter; left time: 1093.3422s
	iters: 900, epoch: 4 | loss: 0.4409012
	speed: 0.0107s/iter; left time: 1080.4343s
	iters: 1000, epoch: 4 | loss: 0.7482288
	speed: 0.0108s/iter; left time: 1082.5939s
Epoch: 4 cost time: 11.300327062606812
Epoch: 4, Steps: 1048 | Train Loss: 0.5319747 Vali Loss: 0.3067458
EarlyStopping counter: 3 out of 6
Updating learning rate to 6.25e-05
	iters: 100, epoch: 5 | loss: 0.5561743
	speed: 0.0323s/iter; left time: 3245.2497s
	iters: 200, epoch: 5 | loss: 0.5103114
	speed: 0.0109s/iter; left time: 1091.6092s
	iters: 300, epoch: 5 | loss: 0.4397134
	speed: 0.0107s/iter; left time: 1070.8853s
	iters: 400, epoch: 5 | loss: 0.3511590
	speed: 0.0110s/iter; left time: 1098.8549s
	iters: 500, epoch: 5 | loss: 0.6161248
	speed: 0.0106s/iter; left time: 1065.9826s
	iters: 600, epoch: 5 | loss: 0.6774973
	speed: 0.0107s/iter; left time: 1066.5373s
	iters: 700, epoch: 5 | loss: 0.3055699
	speed: 0.0105s/iter; left time: 1052.9181s
	iters: 800, epoch: 5 | loss: 0.2433892
	speed: 0.0107s/iter; left time: 1070.8235s
	iters: 900, epoch: 5 | loss: 0.2851653
	speed: 0.0105s/iter; left time: 1050.8106s
	iters: 1000, epoch: 5 | loss: 0.4154417
	speed: 0.0109s/iter; left time: 1090.6193s
Epoch: 5 cost time: 11.249853372573853
Epoch: 5, Steps: 1048 | Train Loss: 0.5243106 Vali Loss: 0.3139487
EarlyStopping counter: 4 out of 6
Updating learning rate to 3.125e-05
	iters: 100, epoch: 6 | loss: 0.3386976
	speed: 0.0318s/iter; left time: 3165.5547s
	iters: 200, epoch: 6 | loss: 0.3283932
	speed: 0.0109s/iter; left time: 1085.1645s
	iters: 300, epoch: 6 | loss: 0.4312609
	speed: 0.0106s/iter; left time: 1056.7967s
	iters: 400, epoch: 6 | loss: 0.5305430
	speed: 0.0106s/iter; left time: 1055.2363s
	iters: 500, epoch: 6 | loss: 0.8006709
	speed: 0.0108s/iter; left time: 1068.2286s
	iters: 600, epoch: 6 | loss: 0.3003455
	speed: 0.0107s/iter; left time: 1061.0214s
	iters: 700, epoch: 6 | loss: 0.3000629
	speed: 0.0106s/iter; left time: 1049.8341s
	iters: 800, epoch: 6 | loss: 0.2854589
	speed: 0.0107s/iter; left time: 1060.3391s
	iters: 900, epoch: 6 | loss: 0.3207889
	speed: 0.0106s/iter; left time: 1045.6774s
	iters: 1000, epoch: 6 | loss: 0.4377460
	speed: 0.0105s/iter; left time: 1034.1413s
Epoch: 6 cost time: 11.226867198944092
Epoch: 6, Steps: 1048 | Train Loss: 0.5202688 Vali Loss: 0.3126778
EarlyStopping counter: 5 out of 6
Updating learning rate to 1.5625e-05
	iters: 100, epoch: 7 | loss: 0.9149732
	speed: 0.0313s/iter; left time: 3076.1911s
	iters: 200, epoch: 7 | loss: 0.3419536
	speed: 0.0107s/iter; left time: 1053.1597s
	iters: 300, epoch: 7 | loss: 0.5284854
	speed: 0.0105s/iter; left time: 1034.9731s
	iters: 400, epoch: 7 | loss: 0.5759116
	speed: 0.0108s/iter; left time: 1064.0611s
	iters: 500, epoch: 7 | loss: 0.8583794
	speed: 0.0109s/iter; left time: 1066.7967s
	iters: 600, epoch: 7 | loss: 0.3853732
	speed: 0.0109s/iter; left time: 1062.8230s
	iters: 700, epoch: 7 | loss: 0.8657090
	speed: 0.0110s/iter; left time: 1078.9279s
	iters: 800, epoch: 7 | loss: 0.3017309
	speed: 0.0109s/iter; left time: 1064.2127s
	iters: 900, epoch: 7 | loss: 0.4838930
	speed: 0.0107s/iter; left time: 1042.4999s
	iters: 1000, epoch: 7 | loss: 1.2017815
	speed: 0.0110s/iter; left time: 1071.3758s
Epoch: 7 cost time: 11.332114219665527
Epoch: 7, Steps: 1048 | Train Loss: 0.5180118 Vali Loss: 0.3135060
EarlyStopping counter: 6 out of 6
Early stopping
VALIDATION_RESULT {"best_epoch": 1, "best_mae": 0.37120272236169527, "best_mse": 0.2883965747402871, "epochs_ran": 7, "metric_version": "element_weighted_v1"}
>>>>>>>test skipped (validation-only run)<<<<<<<<<<<<<<<<<<<<<<<<
