Using GPU
Args in experiment:
[1mBasic Config[0m
  Task Name:          long_term_forecast  Is Training:        1                   
  Model ID:           ETTm2_96_720_table2_ettm2_p720_uni_mamba_s2022Model:              GraphMambaRecent    

[1mData Loader[0m
  Data:               ETTm2               Root Path:          /home/cwh/Time-Series-Library/dataset/ETT-small
  Data Path:          ETTm2.csv           Features:           M                   
  Target:             OT                  Freq:               h                   
  Checkpoints:        /home/cwh/Time-Series-Library/logs/timerole_p0/recent_backbone/seed2022/checkpoints

[1mForecasting Task[0m
  Seq Len:            336                 Label Len:          48                  
  Pred Len:           720                 Seasonal Patterns:  Monthly             
  Inverse:            0                   

[1mModel Parameters[0m
  Top k:              5                   Num Kernels:        6                   
  Enc In:             7                   Dec In:             7                   
  C Out:              7                   d model:            64                  
  n heads:            8                   e layers:           1                   
  d layers:           1                   d FF:               128                 
  Moving Avg:         25                  Factor:             1                   
  Distil:             1                   Dropout:            0.1                 
  Embed:              timeF               Activation:         gelu                

[1mRun Parameters[0m
  Num Workers:        0                   Itr:                1                   
  Train Epochs:       100                 Batch Size:         32                  
  Patience:           6                   Learning Rate:      0.0005              
  Des:                table2_ettm2_p720_uni_mamba_s2022Loss:               MSE                 
  Lradj:              type1               Use Amp:            0                   

[1mGPU[0m
  Use GPU:            1                   GPU:                0                   
  Use Multi GPU:      0                   Devices:            0,1,2,3             

[1mDe-stationary Projector Params[0m
  P Hidden Dims:      128, 128            P Hidden Layers:    2                   

Use GPU: cuda:0
🚀 Lazy Loading: GraphMambaRecent ...
[GraphMamba] Building 7x7 static graph from 2000 training samples
>>>>>>>start training : long_term_forecast_ETTm2_96_720_table2_ettm2_p720_uni_mamba_s2022_GraphMambaRecent_ETTm2_ftM_sl336_ll48_pl720_dm64_nh8_el1_dl1_df128_expand2_dc2_fc1_ebtimeF_dtTrue_table2_ettm2_p720_uni_mamba_s2022_0>>>>>>>>>>>>>>>>>>>>>>>>>>
train 33505
val 10801
	iters: 100, epoch: 1 | loss: 0.3619499
	speed: 0.0106s/iter; left time: 1111.5737s
	iters: 200, epoch: 1 | loss: 0.4810238
	speed: 0.0082s/iter; left time: 854.5093s
	iters: 300, epoch: 1 | loss: 0.5094112
	speed: 0.0083s/iter; left time: 865.9316s
	iters: 400, epoch: 1 | loss: 0.4982157
	speed: 0.0078s/iter; left time: 816.6720s
	iters: 500, epoch: 1 | loss: 0.6015015
	speed: 0.0081s/iter; left time: 849.9891s
	iters: 600, epoch: 1 | loss: 0.5099329
	speed: 0.0083s/iter; left time: 868.7955s
	iters: 700, epoch: 1 | loss: 0.6221119
	speed: 0.0082s/iter; left time: 849.9404s
	iters: 800, epoch: 1 | loss: 0.4207062
	speed: 0.0079s/iter; left time: 825.9863s
	iters: 900, epoch: 1 | loss: 0.3478276
	speed: 0.0082s/iter; left time: 856.2041s
	iters: 1000, epoch: 1 | loss: 0.3259375
	speed: 0.0081s/iter; left time: 845.5872s
Epoch: 1 cost time: 8.790726900100708
Epoch: 1, Steps: 1048 | Train Loss: 0.6037492 Vali Loss: 0.2903915
Validation loss decreased (inf --> 0.290391).  Saving model ...
Updating learning rate to 0.0005
	iters: 100, epoch: 2 | loss: 0.3797162
	speed: 0.0258s/iter; left time: 2671.5143s
	iters: 200, epoch: 2 | loss: 0.2412344
	speed: 0.0082s/iter; left time: 849.5399s
	iters: 300, epoch: 2 | loss: 0.6720878
	speed: 0.0079s/iter; left time: 822.3866s
	iters: 400, epoch: 2 | loss: 0.4236873
	speed: 0.0080s/iter; left time: 823.0395s
	iters: 500, epoch: 2 | loss: 0.4220720
	speed: 0.0081s/iter; left time: 840.3410s
	iters: 600, epoch: 2 | loss: 0.4551745
	speed: 0.0079s/iter; left time: 813.5543s
	iters: 700, epoch: 2 | loss: 1.1327974
	speed: 0.0079s/iter; left time: 819.2174s
	iters: 800, epoch: 2 | loss: 0.4027997
	speed: 0.0081s/iter; left time: 839.0238s
	iters: 900, epoch: 2 | loss: 0.8619004
	speed: 0.0093s/iter; left time: 954.8343s
	iters: 1000, epoch: 2 | loss: 0.4043573
	speed: 0.0086s/iter; left time: 880.8111s
Epoch: 2 cost time: 8.718087434768677
Epoch: 2, Steps: 1048 | Train Loss: 0.5772774 Vali Loss: 0.2956323
EarlyStopping counter: 1 out of 6
Updating learning rate to 0.00025
	iters: 100, epoch: 3 | loss: 0.7316205
	speed: 0.0268s/iter; left time: 2751.3922s
	iters: 200, epoch: 3 | loss: 0.3999629
	speed: 0.0085s/iter; left time: 872.3988s
	iters: 300, epoch: 3 | loss: 0.3053085
	speed: 0.0083s/iter; left time: 851.5150s
	iters: 400, epoch: 3 | loss: 0.8833001
	speed: 0.0082s/iter; left time: 836.5440s
	iters: 500, epoch: 3 | loss: 0.3256598
	speed: 0.0083s/iter; left time: 851.2777s
	iters: 600, epoch: 3 | loss: 0.5730753
	speed: 0.0081s/iter; left time: 829.4865s
	iters: 700, epoch: 3 | loss: 0.3109117
	speed: 0.0083s/iter; left time: 842.5056s
	iters: 800, epoch: 3 | loss: 0.3942513
	speed: 0.0082s/iter; left time: 835.7823s
	iters: 900, epoch: 3 | loss: 0.3646898
	speed: 0.0081s/iter; left time: 823.4663s
	iters: 1000, epoch: 3 | loss: 0.4973279
	speed: 0.0083s/iter; left time: 845.0855s
Epoch: 3 cost time: 8.67422103881836
Epoch: 3, Steps: 1048 | Train Loss: 0.5580998 Vali Loss: 0.3040978
EarlyStopping counter: 2 out of 6
Updating learning rate to 0.000125
	iters: 100, epoch: 4 | loss: 0.8154464
	speed: 0.0250s/iter; left time: 2541.0947s
	iters: 200, epoch: 4 | loss: 0.4841137
	speed: 0.0082s/iter; left time: 828.9771s
	iters: 300, epoch: 4 | loss: 0.4372045
	speed: 0.0083s/iter; left time: 844.5314s
	iters: 400, epoch: 4 | loss: 0.6464869
	speed: 0.0081s/iter; left time: 820.8675s
	iters: 500, epoch: 4 | loss: 0.3277517
	speed: 0.0088s/iter; left time: 894.4103s
	iters: 600, epoch: 4 | loss: 0.6211849
	speed: 0.0082s/iter; left time: 829.1815s
	iters: 700, epoch: 4 | loss: 0.4214085
	speed: 0.0083s/iter; left time: 842.1254s
	iters: 800, epoch: 4 | loss: 0.3604583
	speed: 0.0081s/iter; left time: 815.4527s
	iters: 900, epoch: 4 | loss: 0.4276428
	speed: 0.0085s/iter; left time: 857.6526s
	iters: 1000, epoch: 4 | loss: 0.3490622
	speed: 0.0085s/iter; left time: 856.0915s
Epoch: 4 cost time: 8.744658708572388
Epoch: 4, Steps: 1048 | Train Loss: 0.5495753 Vali Loss: 0.3038423
EarlyStopping counter: 3 out of 6
Updating learning rate to 6.25e-05
	iters: 100, epoch: 5 | loss: 0.3016755
	speed: 0.0260s/iter; left time: 2611.3209s
	iters: 200, epoch: 5 | loss: 0.4039647
	speed: 0.0095s/iter; left time: 954.0548s
	iters: 300, epoch: 5 | loss: 0.4444222
	speed: 0.0100s/iter; left time: 1007.1487s
	iters: 400, epoch: 5 | loss: 0.5650358
	speed: 0.0080s/iter; left time: 802.3739s
	iters: 500, epoch: 5 | loss: 0.2694310
	speed: 0.0078s/iter; left time: 779.8410s
	iters: 600, epoch: 5 | loss: 1.0471611
	speed: 0.0084s/iter; left time: 840.8545s
	iters: 700, epoch: 5 | loss: 0.4443651
	speed: 0.0084s/iter; left time: 842.8752s
	iters: 800, epoch: 5 | loss: 0.3628566
	speed: 0.0083s/iter; left time: 825.4698s
	iters: 900, epoch: 5 | loss: 0.8280260
	speed: 0.0082s/iter; left time: 820.2104s
	iters: 1000, epoch: 5 | loss: 0.4075242
	speed: 0.0081s/iter; left time: 804.1312s
Epoch: 5 cost time: 8.921298265457153
Epoch: 5, Steps: 1048 | Train Loss: 0.5386575 Vali Loss: 0.3032236
EarlyStopping counter: 4 out of 6
Updating learning rate to 3.125e-05
	iters: 100, epoch: 6 | loss: 0.4798587
	speed: 0.0246s/iter; left time: 2449.7622s
	iters: 200, epoch: 6 | loss: 0.5735943
	speed: 0.0091s/iter; left time: 904.1520s
	iters: 300, epoch: 6 | loss: 0.5357389
	speed: 0.0086s/iter; left time: 855.0287s
	iters: 400, epoch: 6 | loss: 0.3471099
	speed: 0.0095s/iter; left time: 942.6849s
	iters: 500, epoch: 6 | loss: 0.5066204
	speed: 0.0082s/iter; left time: 808.1703s
	iters: 600, epoch: 6 | loss: 0.3028848
	speed: 0.0086s/iter; left time: 851.8127s
	iters: 700, epoch: 6 | loss: 0.3793854
	speed: 0.0085s/iter; left time: 840.5001s
	iters: 800, epoch: 6 | loss: 0.3656122
	speed: 0.0080s/iter; left time: 792.8160s
	iters: 900, epoch: 6 | loss: 0.3259468
	speed: 0.0078s/iter; left time: 772.6306s
	iters: 1000, epoch: 6 | loss: 0.3054967
	speed: 0.0080s/iter; left time: 790.6992s
Epoch: 6 cost time: 8.842130661010742
Epoch: 6, Steps: 1048 | Train Loss: 0.5354721 Vali Loss: 0.3072918
EarlyStopping counter: 5 out of 6
Updating learning rate to 1.5625e-05
	iters: 100, epoch: 7 | loss: 0.6280705
	speed: 0.0245s/iter; left time: 2408.6007s
	iters: 200, epoch: 7 | loss: 0.5377437
	speed: 0.0078s/iter; left time: 764.1444s
	iters: 300, epoch: 7 | loss: 0.3021787
	speed: 0.0080s/iter; left time: 783.1224s
	iters: 400, epoch: 7 | loss: 0.7564651
	speed: 0.0081s/iter; left time: 789.9447s
	iters: 500, epoch: 7 | loss: 0.5692188
	speed: 0.0083s/iter; left time: 816.7431s
	iters: 600, epoch: 7 | loss: 0.3886409
	speed: 0.0079s/iter; left time: 774.4698s
	iters: 700, epoch: 7 | loss: 0.7282236
	speed: 0.0081s/iter; left time: 792.4361s
	iters: 800, epoch: 7 | loss: 1.1898547
	speed: 0.0079s/iter; left time: 770.0382s
	iters: 900, epoch: 7 | loss: 0.4073865
	speed: 0.0080s/iter; left time: 783.3222s
	iters: 1000, epoch: 7 | loss: 0.6750677
	speed: 0.0084s/iter; left time: 814.4286s
Epoch: 7 cost time: 8.411961555480957
Epoch: 7, Steps: 1048 | Train Loss: 0.5335244 Vali Loss: 0.3058653
EarlyStopping counter: 6 out of 6
Early stopping
VALIDATION_RESULT {"best_epoch": 1, "best_mae": 0.3694043229443936, "best_mse": 0.29039146261471277, "epochs_ran": 7, "metric_version": "element_weighted_v1"}
>>>>>>>test skipped (validation-only run)<<<<<<<<<<<<<<<<<<<<<<<<
