Using GPU
Args in experiment:
[1mBasic Config[0m
  Task Name:          long_term_forecast  Is Training:        1                   
  Model ID:           ETTm2_96_96_table2_ettm2_p96_no_graph_s2022Model:              GraphMambaRecent    

[1mData Loader[0m
  Data:               ETTm2               Root Path:          /home/cwh/Time-Series-Library/dataset/ETT-small
  Data Path:          ETTm2.csv           Features:           M                   
  Target:             OT                  Freq:               h                   
  Checkpoints:        /home/cwh/Time-Series-Library/logs/timerole_p0/recent_backbone/seed2022/checkpoints

[1mForecasting Task[0m
  Seq Len:            336                 Label Len:          48                  
  Pred Len:           96                  Seasonal Patterns:  Monthly             
  Inverse:            0                   

[1mModel Parameters[0m
  Top k:              5                   Num Kernels:        6                   
  Enc In:             7                   Dec In:             7                   
  C Out:              7                   d model:            64                  
  n heads:            8                   e layers:           1                   
  d layers:           1                   d FF:               128                 
  Moving Avg:         25                  Factor:             1                   
  Distil:             1                   Dropout:            0.1                 
  Embed:              timeF               Activation:         gelu                

[1mRun Parameters[0m
  Num Workers:        0                   Itr:                1                   
  Train Epochs:       100                 Batch Size:         32                  
  Patience:           6                   Learning Rate:      0.0005              
  Des:                table2_ettm2_p96_no_graph_s2022Loss:               MSE                 
  Lradj:              type1               Use Amp:            0                   

[1mGPU[0m
  Use GPU:            1                   GPU:                0                   
  Use Multi GPU:      0                   Devices:            0,1,2,3             

[1mDe-stationary Projector Params[0m
  P Hidden Dims:      128, 128            P Hidden Layers:    2                   

Use GPU: cuda:0
🚀 Lazy Loading: GraphMambaRecent ...
>>>>>>>start training : long_term_forecast_ETTm2_96_96_table2_ettm2_p96_no_graph_s2022_GraphMambaRecent_ETTm2_ftM_sl336_ll48_pl96_dm64_nh8_el1_dl1_df128_expand2_dc2_fc1_ebtimeF_dtTrue_table2_ettm2_p96_no_graph_s2022_0>>>>>>>>>>>>>>>>>>>>>>>>>>
train 34129
val 11425
	iters: 100, epoch: 1 | loss: 0.1769170
	speed: 0.0119s/iter; left time: 1269.5391s
	iters: 200, epoch: 1 | loss: 0.3316419
	speed: 0.0102s/iter; left time: 1086.6494s
	iters: 300, epoch: 1 | loss: 0.2422791
	speed: 0.0100s/iter; left time: 1067.1488s
	iters: 400, epoch: 1 | loss: 0.4078260
	speed: 0.0098s/iter; left time: 1044.7820s
	iters: 500, epoch: 1 | loss: 0.3312414
	speed: 0.0097s/iter; left time: 1029.2762s
	iters: 600, epoch: 1 | loss: 0.2891228
	speed: 0.0096s/iter; left time: 1020.2741s
	iters: 700, epoch: 1 | loss: 0.3849215
	speed: 0.0100s/iter; left time: 1055.5668s
	iters: 800, epoch: 1 | loss: 0.2485089
	speed: 0.0100s/iter; left time: 1057.6789s
	iters: 900, epoch: 1 | loss: 0.1574735
	speed: 0.0097s/iter; left time: 1027.8771s
	iters: 1000, epoch: 1 | loss: 0.1892355
	speed: 0.0097s/iter; left time: 1026.9340s
Epoch: 1 cost time: 10.724467277526855
Epoch: 1, Steps: 1067 | Train Loss: 0.2641382 Vali Loss: 0.1316582
Validation loss decreased (inf --> 0.131658).  Saving model ...
Updating learning rate to 0.0005
	iters: 100, epoch: 2 | loss: 0.1660803
	speed: 0.0315s/iter; left time: 3323.1413s
	iters: 200, epoch: 2 | loss: 0.2204752
	speed: 0.0098s/iter; left time: 1037.9972s
	iters: 300, epoch: 2 | loss: 0.1142310
	speed: 0.0099s/iter; left time: 1047.9094s
	iters: 400, epoch: 2 | loss: 0.2872942
	speed: 0.0099s/iter; left time: 1037.1080s
	iters: 500, epoch: 2 | loss: 0.5316854
	speed: 0.0098s/iter; left time: 1030.5784s
	iters: 600, epoch: 2 | loss: 0.1786565
	speed: 0.0099s/iter; left time: 1043.7003s
	iters: 700, epoch: 2 | loss: 0.2904312
	speed: 0.0099s/iter; left time: 1040.1310s
	iters: 800, epoch: 2 | loss: 0.1385927
	speed: 0.0097s/iter; left time: 1021.3938s
	iters: 900, epoch: 2 | loss: 0.2175509
	speed: 0.0097s/iter; left time: 1015.1175s
	iters: 1000, epoch: 2 | loss: 0.1759448
	speed: 0.0096s/iter; left time: 1003.6078s
Epoch: 2 cost time: 10.49865460395813
Epoch: 2, Steps: 1067 | Train Loss: 0.2319058 Vali Loss: 0.1311967
Validation loss decreased (0.131658 --> 0.131197).  Saving model ...
Updating learning rate to 0.00025
	iters: 100, epoch: 3 | loss: 0.1029496
	speed: 0.0312s/iter; left time: 3255.6836s
	iters: 200, epoch: 3 | loss: 0.1757599
	speed: 0.0098s/iter; left time: 1027.6508s
	iters: 300, epoch: 3 | loss: 0.1261483
	speed: 0.0099s/iter; left time: 1031.0526s
	iters: 400, epoch: 3 | loss: 0.2074515
	speed: 0.0097s/iter; left time: 1014.8665s
	iters: 500, epoch: 3 | loss: 0.1721648
	speed: 0.0098s/iter; left time: 1022.8201s
	iters: 600, epoch: 3 | loss: 0.1610289
	speed: 0.0100s/iter; left time: 1035.9796s
	iters: 700, epoch: 3 | loss: 0.2279660
	speed: 0.0099s/iter; left time: 1024.0693s
	iters: 800, epoch: 3 | loss: 0.1959764
	speed: 0.0100s/iter; left time: 1037.3679s
	iters: 900, epoch: 3 | loss: 0.1983942
	speed: 0.0097s/iter; left time: 1007.7111s
	iters: 1000, epoch: 3 | loss: 0.1503583
	speed: 0.0098s/iter; left time: 1014.8781s
Epoch: 3 cost time: 10.488082647323608
Epoch: 3, Steps: 1067 | Train Loss: 0.2155463 Vali Loss: 0.1323740
EarlyStopping counter: 1 out of 6
Updating learning rate to 0.000125
	iters: 100, epoch: 4 | loss: 0.1567426
	speed: 0.0329s/iter; left time: 3402.2016s
	iters: 200, epoch: 4 | loss: 0.2444848
	speed: 0.0100s/iter; left time: 1030.5866s
	iters: 300, epoch: 4 | loss: 0.1168118
	speed: 0.0099s/iter; left time: 1023.1415s
	iters: 400, epoch: 4 | loss: 0.1572506
	speed: 0.0099s/iter; left time: 1023.8816s
	iters: 500, epoch: 4 | loss: 0.1633301
	speed: 0.0100s/iter; left time: 1035.1349s
	iters: 600, epoch: 4 | loss: 0.0960405
	speed: 0.0098s/iter; left time: 1009.1641s
	iters: 700, epoch: 4 | loss: 0.1667470
	speed: 0.0098s/iter; left time: 1008.4645s
	iters: 800, epoch: 4 | loss: 0.3037011
	speed: 0.0098s/iter; left time: 1008.0616s
	iters: 900, epoch: 4 | loss: 0.1727507
	speed: 0.0098s/iter; left time: 1009.5470s
	iters: 1000, epoch: 4 | loss: 0.1605385
	speed: 0.0100s/iter; left time: 1027.4093s
Epoch: 4 cost time: 10.594869375228882
Epoch: 4, Steps: 1067 | Train Loss: 0.2093728 Vali Loss: 0.1343827
EarlyStopping counter: 2 out of 6
Updating learning rate to 6.25e-05
	iters: 100, epoch: 5 | loss: 0.1392003
	speed: 0.0311s/iter; left time: 3178.7186s
	iters: 200, epoch: 5 | loss: 0.4174280
	speed: 0.0099s/iter; left time: 1010.8183s
	iters: 300, epoch: 5 | loss: 0.2221849
	speed: 0.0097s/iter; left time: 992.1263s
	iters: 400, epoch: 5 | loss: 0.3135851
	speed: 0.0099s/iter; left time: 1008.5781s
	iters: 500, epoch: 5 | loss: 0.1218563
	speed: 0.0100s/iter; left time: 1021.8883s
	iters: 600, epoch: 5 | loss: 0.2989513
	speed: 0.0100s/iter; left time: 1019.3024s
	iters: 700, epoch: 5 | loss: 0.3604923
	speed: 0.0097s/iter; left time: 986.0126s
	iters: 800, epoch: 5 | loss: 0.2905773
	speed: 0.0099s/iter; left time: 1006.1015s
	iters: 900, epoch: 5 | loss: 0.1636276
	speed: 0.0098s/iter; left time: 998.7221s
	iters: 1000, epoch: 5 | loss: 0.3431570
	speed: 0.0098s/iter; left time: 992.8802s
Epoch: 5 cost time: 10.527057409286499
Epoch: 5, Steps: 1067 | Train Loss: 0.2063298 Vali Loss: 0.1375161
EarlyStopping counter: 3 out of 6
Updating learning rate to 3.125e-05
	iters: 100, epoch: 6 | loss: 0.1273077
	speed: 0.0315s/iter; left time: 3188.1702s
	iters: 200, epoch: 6 | loss: 0.1452373
	speed: 0.0100s/iter; left time: 1010.8153s
	iters: 300, epoch: 6 | loss: 0.1270152
	speed: 0.0097s/iter; left time: 984.0301s
	iters: 400, epoch: 6 | loss: 0.1091791
	speed: 0.0098s/iter; left time: 988.7297s
	iters: 500, epoch: 6 | loss: 0.1604470
	speed: 0.0098s/iter; left time: 987.9349s
	iters: 600, epoch: 6 | loss: 0.2244968
	speed: 0.0099s/iter; left time: 996.4862s
	iters: 700, epoch: 6 | loss: 0.1307075
	speed: 0.0098s/iter; left time: 985.0863s
	iters: 800, epoch: 6 | loss: 0.1723834
	speed: 0.0098s/iter; left time: 983.4460s
	iters: 900, epoch: 6 | loss: 0.1698475
	speed: 0.0096s/iter; left time: 966.6759s
	iters: 1000, epoch: 6 | loss: 0.2851806
	speed: 0.0099s/iter; left time: 995.1845s
Epoch: 6 cost time: 10.466647624969482
Epoch: 6, Steps: 1067 | Train Loss: 0.2047755 Vali Loss: 0.1356800
EarlyStopping counter: 4 out of 6
Updating learning rate to 1.5625e-05
	iters: 100, epoch: 7 | loss: 0.1137293
	speed: 0.0320s/iter; left time: 3207.0014s
	iters: 200, epoch: 7 | loss: 0.2728194
	speed: 0.0101s/iter; left time: 1012.3287s
	iters: 300, epoch: 7 | loss: 0.2053426
	speed: 0.0099s/iter; left time: 994.2020s
	iters: 400, epoch: 7 | loss: 0.1595831
	speed: 0.0101s/iter; left time: 1011.0447s
	iters: 500, epoch: 7 | loss: 0.2283554
	speed: 0.0097s/iter; left time: 972.0332s
	iters: 600, epoch: 7 | loss: 0.3234226
	speed: 0.0098s/iter; left time: 973.0053s
	iters: 700, epoch: 7 | loss: 0.1731986
	speed: 0.0099s/iter; left time: 981.0940s
	iters: 800, epoch: 7 | loss: 0.1216743
	speed: 0.0099s/iter; left time: 980.6733s
	iters: 900, epoch: 7 | loss: 0.1371159
	speed: 0.0099s/iter; left time: 987.1257s
	iters: 1000, epoch: 7 | loss: 0.3541859
	speed: 0.0098s/iter; left time: 975.3646s
Epoch: 7 cost time: 10.577845335006714
Epoch: 7, Steps: 1067 | Train Loss: 0.2034595 Vali Loss: 0.1366580
EarlyStopping counter: 5 out of 6
Updating learning rate to 7.8125e-06
	iters: 100, epoch: 8 | loss: 0.1827841
	speed: 0.0319s/iter; left time: 3157.4380s
	iters: 200, epoch: 8 | loss: 0.1461123
	speed: 0.0099s/iter; left time: 980.2884s
	iters: 300, epoch: 8 | loss: 0.1206920
	speed: 0.0100s/iter; left time: 993.1385s
	iters: 400, epoch: 8 | loss: 0.1762997
	speed: 0.0099s/iter; left time: 981.5707s
	iters: 500, epoch: 8 | loss: 0.2142518
	speed: 0.0099s/iter; left time: 975.4514s
	iters: 600, epoch: 8 | loss: 0.3058029
	speed: 0.0097s/iter; left time: 960.0527s
	iters: 700, epoch: 8 | loss: 0.1794743
	speed: 0.0099s/iter; left time: 975.2352s
	iters: 800, epoch: 8 | loss: 0.1343152
	speed: 0.0099s/iter; left time: 978.7757s
	iters: 900, epoch: 8 | loss: 0.2130909
	speed: 0.0098s/iter; left time: 965.3728s
	iters: 1000, epoch: 8 | loss: 0.1597670
	speed: 0.0098s/iter; left time: 958.5697s
Epoch: 8 cost time: 10.542961835861206
Epoch: 8, Steps: 1067 | Train Loss: 0.2030755 Vali Loss: 0.1353841
EarlyStopping counter: 6 out of 6
Early stopping
VALIDATION_RESULT {"best_epoch": 2, "best_mae": 0.2504577031780981, "best_mse": 0.13119670189208285, "epochs_ran": 8, "metric_version": "element_weighted_v1"}
>>>>>>>test skipped (validation-only run)<<<<<<<<<<<<<<<<<<<<<<<<
