Using GPU
Args in experiment:
[1mBasic Config[0m
  Task Name:          long_term_forecast  Is Training:        1                   
  Model ID:           ETTm1_96_720_table2_ettm1_p720_no_graph_s2022Model:              GraphMambaRecent    

[1mData Loader[0m
  Data:               ETTm1               Root Path:          /home/cwh/Time-Series-Library/dataset/ETT-small
  Data Path:          ETTm1.csv           Features:           M                   
  Target:             OT                  Freq:               h                   
  Checkpoints:        /home/cwh/Time-Series-Library/logs/timerole_p0/recent_backbone/seed2022/checkpoints

[1mForecasting Task[0m
  Seq Len:            336                 Label Len:          48                  
  Pred Len:           720                 Seasonal Patterns:  Monthly             
  Inverse:            0                   

[1mModel Parameters[0m
  Top k:              5                   Num Kernels:        6                   
  Enc In:             7                   Dec In:             7                   
  C Out:              7                   d model:            64                  
  n heads:            8                   e layers:           1                   
  d layers:           1                   d FF:               128                 
  Moving Avg:         25                  Factor:             1                   
  Distil:             1                   Dropout:            0.1                 
  Embed:              timeF               Activation:         gelu                

[1mRun Parameters[0m
  Num Workers:        0                   Itr:                1                   
  Train Epochs:       100                 Batch Size:         32                  
  Patience:           6                   Learning Rate:      0.0005              
  Des:                table2_ettm1_p720_no_graph_s2022Loss:               MSE                 
  Lradj:              type1               Use Amp:            0                   

[1mGPU[0m
  Use GPU:            1                   GPU:                0                   
  Use Multi GPU:      0                   Devices:            0,1,2,3             

[1mDe-stationary Projector Params[0m
  P Hidden Dims:      128, 128            P Hidden Layers:    2                   

Use GPU: cuda:0
🚀 Lazy Loading: GraphMambaRecent ...
>>>>>>>start training : long_term_forecast_ETTm1_96_720_table2_ettm1_p720_no_graph_s2022_GraphMambaRecent_ETTm1_ftM_sl336_ll48_pl720_dm64_nh8_el1_dl1_df128_expand2_dc2_fc1_ebtimeF_dtTrue_table2_ettm1_p720_no_graph_s2022_0>>>>>>>>>>>>>>>>>>>>>>>>>>
train 33505
val 10801
	iters: 100, epoch: 1 | loss: 0.5749906
	speed: 0.0124s/iter; left time: 1299.0707s
	iters: 200, epoch: 1 | loss: 0.6093293
	speed: 0.0102s/iter; left time: 1065.1578s
	iters: 300, epoch: 1 | loss: 0.5823420
	speed: 0.0102s/iter; left time: 1064.5835s
	iters: 400, epoch: 1 | loss: 0.5074056
	speed: 0.0102s/iter; left time: 1067.7664s
	iters: 500, epoch: 1 | loss: 0.4891781
	speed: 0.0103s/iter; left time: 1073.0489s
	iters: 600, epoch: 1 | loss: 0.4978193
	speed: 0.0102s/iter; left time: 1058.6278s
	iters: 700, epoch: 1 | loss: 0.5008453
	speed: 0.0103s/iter; left time: 1071.7980s
	iters: 800, epoch: 1 | loss: 0.4182802
	speed: 0.0103s/iter; left time: 1071.9621s
	iters: 900, epoch: 1 | loss: 0.5953898
	speed: 0.0102s/iter; left time: 1056.6897s
	iters: 1000, epoch: 1 | loss: 0.4444935
	speed: 0.0104s/iter; left time: 1074.5211s
Epoch: 1 cost time: 10.96869969367981
Epoch: 1, Steps: 1048 | Train Loss: 0.5177025 Vali Loss: 1.0203917
Validation loss decreased (inf --> 1.020392).  Saving model ...
Updating learning rate to 0.0005
	iters: 100, epoch: 2 | loss: 0.5111355
	speed: 0.0307s/iter; left time: 3181.5025s
	iters: 200, epoch: 2 | loss: 0.4618287
	speed: 0.0106s/iter; left time: 1096.7692s
	iters: 300, epoch: 2 | loss: 0.5080612
	speed: 0.0103s/iter; left time: 1067.1689s
	iters: 400, epoch: 2 | loss: 0.4683967
	speed: 0.0105s/iter; left time: 1083.9145s
	iters: 500, epoch: 2 | loss: 0.4298982
	speed: 0.0103s/iter; left time: 1066.4710s
	iters: 600, epoch: 2 | loss: 0.4676303
	speed: 0.0103s/iter; left time: 1061.6530s
	iters: 700, epoch: 2 | loss: 0.5088642
	speed: 0.0102s/iter; left time: 1050.1322s
	iters: 800, epoch: 2 | loss: 0.4470229
	speed: 0.0103s/iter; left time: 1064.5661s
	iters: 900, epoch: 2 | loss: 0.4047591
	speed: 0.0104s/iter; left time: 1071.7418s
	iters: 1000, epoch: 2 | loss: 0.3958241
	speed: 0.0104s/iter; left time: 1064.2876s
Epoch: 2 cost time: 10.8550283908844
Epoch: 2, Steps: 1048 | Train Loss: 0.4610455 Vali Loss: 0.9775289
Validation loss decreased (1.020392 --> 0.977529).  Saving model ...
Updating learning rate to 0.00025
	iters: 100, epoch: 3 | loss: 0.4798901
	speed: 0.0304s/iter; left time: 3116.1331s
	iters: 200, epoch: 3 | loss: 0.4611287
	speed: 0.0105s/iter; left time: 1077.1312s
	iters: 300, epoch: 3 | loss: 0.3887288
	speed: 0.0102s/iter; left time: 1041.8873s
	iters: 400, epoch: 3 | loss: 0.4806651
	speed: 0.0102s/iter; left time: 1043.6942s
	iters: 500, epoch: 3 | loss: 0.3923697
	speed: 0.0104s/iter; left time: 1058.4349s
	iters: 600, epoch: 3 | loss: 0.4531406
	speed: 0.0104s/iter; left time: 1060.0070s
	iters: 700, epoch: 3 | loss: 0.5874178
	speed: 0.0105s/iter; left time: 1067.6776s
	iters: 800, epoch: 3 | loss: 0.4352762
	speed: 0.0105s/iter; left time: 1071.8332s
	iters: 900, epoch: 3 | loss: 0.4074928
	speed: 0.0103s/iter; left time: 1045.5851s
	iters: 1000, epoch: 3 | loss: 0.4595653
	speed: 0.0105s/iter; left time: 1070.6755s
Epoch: 3 cost time: 10.86267638206482
Epoch: 3, Steps: 1048 | Train Loss: 0.4422684 Vali Loss: 0.9767574
Validation loss decreased (0.977529 --> 0.976757).  Saving model ...
Updating learning rate to 0.000125
	iters: 100, epoch: 4 | loss: 0.4421521
	speed: 0.0311s/iter; left time: 3160.5374s
	iters: 200, epoch: 4 | loss: 0.4084692
	speed: 0.0104s/iter; left time: 1056.2384s
	iters: 300, epoch: 4 | loss: 0.4303471
	speed: 0.0103s/iter; left time: 1039.2462s
	iters: 400, epoch: 4 | loss: 0.4421230
	speed: 0.0102s/iter; left time: 1035.3758s
	iters: 500, epoch: 4 | loss: 0.4565822
	speed: 0.0104s/iter; left time: 1047.9376s
	iters: 600, epoch: 4 | loss: 0.4137111
	speed: 0.0105s/iter; left time: 1064.5713s
	iters: 700, epoch: 4 | loss: 0.4223815
	speed: 0.0106s/iter; left time: 1070.9165s
	iters: 800, epoch: 4 | loss: 0.3677228
	speed: 0.0104s/iter; left time: 1052.4189s
	iters: 900, epoch: 4 | loss: 0.4610551
	speed: 0.0104s/iter; left time: 1045.2666s
	iters: 1000, epoch: 4 | loss: 0.3988847
	speed: 0.0105s/iter; left time: 1059.2721s
Epoch: 4 cost time: 10.886536121368408
Epoch: 4, Steps: 1048 | Train Loss: 0.4338511 Vali Loss: 0.9703516
Validation loss decreased (0.976757 --> 0.970352).  Saving model ...
Updating learning rate to 6.25e-05
	iters: 100, epoch: 5 | loss: 0.4551024
	speed: 0.0307s/iter; left time: 3080.7425s
	iters: 200, epoch: 5 | loss: 0.4314157
	speed: 0.0105s/iter; left time: 1053.6948s
	iters: 300, epoch: 5 | loss: 0.5023410
	speed: 0.0103s/iter; left time: 1032.9344s
	iters: 400, epoch: 5 | loss: 0.4022979
	speed: 0.0105s/iter; left time: 1048.6377s
	iters: 500, epoch: 5 | loss: 0.3785365
	speed: 0.0105s/iter; left time: 1049.5331s
	iters: 600, epoch: 5 | loss: 0.5005246
	speed: 0.0106s/iter; left time: 1062.5763s
	iters: 700, epoch: 5 | loss: 0.4225073
	speed: 0.0102s/iter; left time: 1019.9536s
	iters: 800, epoch: 5 | loss: 0.3637829
	speed: 0.0104s/iter; left time: 1041.3826s
	iters: 900, epoch: 5 | loss: 0.4302965
	speed: 0.0103s/iter; left time: 1028.5415s
	iters: 1000, epoch: 5 | loss: 0.4276752
	speed: 0.0105s/iter; left time: 1049.2763s
Epoch: 5 cost time: 10.94077444076538
Epoch: 5, Steps: 1048 | Train Loss: 0.4300959 Vali Loss: 0.9698407
Validation loss decreased (0.970352 --> 0.969841).  Saving model ...
Updating learning rate to 3.125e-05
	iters: 100, epoch: 6 | loss: 0.4223036
	speed: 0.0314s/iter; left time: 3123.2842s
	iters: 200, epoch: 6 | loss: 0.3985130
	speed: 0.0103s/iter; left time: 1024.5158s
	iters: 300, epoch: 6 | loss: 0.3792324
	speed: 0.0104s/iter; left time: 1031.9596s
	iters: 400, epoch: 6 | loss: 0.3325377
	speed: 0.0104s/iter; left time: 1029.2076s
	iters: 500, epoch: 6 | loss: 0.3904535
	speed: 0.0102s/iter; left time: 1007.2770s
	iters: 600, epoch: 6 | loss: 0.3925098
	speed: 0.0103s/iter; left time: 1020.7116s
	iters: 700, epoch: 6 | loss: 0.3973637
	speed: 0.0106s/iter; left time: 1043.6049s
	iters: 800, epoch: 6 | loss: 0.4053508
	speed: 0.0105s/iter; left time: 1038.3974s
	iters: 900, epoch: 6 | loss: 0.5457191
	speed: 0.0101s/iter; left time: 1000.4552s
	iters: 1000, epoch: 6 | loss: 0.4128111
	speed: 0.0103s/iter; left time: 1016.1626s
Epoch: 6 cost time: 10.858355522155762
Epoch: 6, Steps: 1048 | Train Loss: 0.4281981 Vali Loss: 0.9695503
Validation loss decreased (0.969841 --> 0.969550).  Saving model ...
Updating learning rate to 1.5625e-05
	iters: 100, epoch: 7 | loss: 0.4126825
	speed: 0.0312s/iter; left time: 3067.1509s
	iters: 200, epoch: 7 | loss: 0.3692265
	speed: 0.0104s/iter; left time: 1019.1403s
	iters: 300, epoch: 7 | loss: 0.5416538
	speed: 0.0106s/iter; left time: 1044.5315s
	iters: 400, epoch: 7 | loss: 0.4442790
	speed: 0.0103s/iter; left time: 1013.5618s
	iters: 500, epoch: 7 | loss: 0.4846755
	speed: 0.0103s/iter; left time: 1012.1023s
	iters: 600, epoch: 7 | loss: 0.3715954
	speed: 0.0102s/iter; left time: 999.7257s
	iters: 700, epoch: 7 | loss: 0.4563518
	speed: 0.0105s/iter; left time: 1024.3453s
	iters: 800, epoch: 7 | loss: 0.3619996
	speed: 0.0102s/iter; left time: 992.2080s
	iters: 900, epoch: 7 | loss: 0.4302333
	speed: 0.0104s/iter; left time: 1011.1923s
	iters: 1000, epoch: 7 | loss: 0.4104834
	speed: 0.0104s/iter; left time: 1010.4244s
Epoch: 7 cost time: 10.856256246566772
Epoch: 7, Steps: 1048 | Train Loss: 0.4266423 Vali Loss: 0.9706388
EarlyStopping counter: 1 out of 6
Updating learning rate to 7.8125e-06
	iters: 100, epoch: 8 | loss: 0.4182134
	speed: 0.0306s/iter; left time: 2979.4820s
	iters: 200, epoch: 8 | loss: 0.4067654
	speed: 0.0106s/iter; left time: 1027.9038s
	iters: 300, epoch: 8 | loss: 0.4233374
	speed: 0.0103s/iter; left time: 1005.0940s
	iters: 400, epoch: 8 | loss: 0.4125145
	speed: 0.0103s/iter; left time: 995.1047s
	iters: 500, epoch: 8 | loss: 0.3803785
	speed: 0.0101s/iter; left time: 981.1153s
	iters: 600, epoch: 8 | loss: 0.3837869
	speed: 0.0100s/iter; left time: 967.2299s
	iters: 700, epoch: 8 | loss: 0.3669697
	speed: 0.0103s/iter; left time: 997.8150s
	iters: 800, epoch: 8 | loss: 0.4318528
	speed: 0.0104s/iter; left time: 1000.7824s
	iters: 900, epoch: 8 | loss: 0.4992062
	speed: 0.0102s/iter; left time: 986.1786s
	iters: 1000, epoch: 8 | loss: 0.4348777
	speed: 0.0103s/iter; left time: 991.5499s
Epoch: 8 cost time: 10.76509952545166
Epoch: 8, Steps: 1048 | Train Loss: 0.4256018 Vali Loss: 0.9716036
EarlyStopping counter: 2 out of 6
Updating learning rate to 3.90625e-06
	iters: 100, epoch: 9 | loss: 0.3554077
	speed: 0.0303s/iter; left time: 2921.9397s
	iters: 200, epoch: 9 | loss: 0.3953609
	speed: 0.0103s/iter; left time: 995.0236s
	iters: 300, epoch: 9 | loss: 0.4165695
	speed: 0.0106s/iter; left time: 1019.6445s
	iters: 400, epoch: 9 | loss: 0.3881596
	speed: 0.0103s/iter; left time: 989.4373s
	iters: 500, epoch: 9 | loss: 0.4116178
	speed: 0.0103s/iter; left time: 987.3864s
	iters: 600, epoch: 9 | loss: 0.4225201
	speed: 0.0104s/iter; left time: 996.6398s
	iters: 700, epoch: 9 | loss: 0.4831315
	speed: 0.0106s/iter; left time: 1015.5105s
	iters: 800, epoch: 9 | loss: 0.3914817
	speed: 0.0105s/iter; left time: 1002.1422s
	iters: 900, epoch: 9 | loss: 0.3238041
	speed: 0.0104s/iter; left time: 995.1868s
	iters: 1000, epoch: 9 | loss: 0.3783491
	speed: 0.0103s/iter; left time: 983.4173s
Epoch: 9 cost time: 10.898910760879517
Epoch: 9, Steps: 1048 | Train Loss: 0.4253370 Vali Loss: 0.9706392
EarlyStopping counter: 3 out of 6
Updating learning rate to 1.953125e-06
	iters: 100, epoch: 10 | loss: 0.4424051
	speed: 0.0314s/iter; left time: 2994.8343s
	iters: 200, epoch: 10 | loss: 0.4037856
	speed: 0.0107s/iter; left time: 1013.6261s
	iters: 300, epoch: 10 | loss: 0.4236837
	speed: 0.0105s/iter; left time: 1000.9532s
	iters: 400, epoch: 10 | loss: 0.3778708
	speed: 0.0105s/iter; left time: 999.7840s
	iters: 500, epoch: 10 | loss: 0.4529963
	speed: 0.0103s/iter; left time: 977.1943s
	iters: 600, epoch: 10 | loss: 0.3596918
	speed: 0.0101s/iter; left time: 960.5491s
	iters: 700, epoch: 10 | loss: 0.4393772
	speed: 0.0102s/iter; left time: 962.0163s
	iters: 800, epoch: 10 | loss: 0.4858077
	speed: 0.0102s/iter; left time: 962.5664s
	iters: 900, epoch: 10 | loss: 0.4998174
	speed: 0.0103s/iter; left time: 973.9001s
	iters: 1000, epoch: 10 | loss: 0.4866553
	speed: 0.0102s/iter; left time: 964.9136s
Epoch: 10 cost time: 10.832776546478271
Epoch: 10, Steps: 1048 | Train Loss: 0.4251016 Vali Loss: 0.9708543
EarlyStopping counter: 4 out of 6
Updating learning rate to 9.765625e-07
	iters: 100, epoch: 11 | loss: 0.4845692
	speed: 0.0301s/iter; left time: 2836.0981s
	iters: 200, epoch: 11 | loss: 0.4827785
	speed: 0.0102s/iter; left time: 961.5570s
	iters: 300, epoch: 11 | loss: 0.3798597
	speed: 0.0103s/iter; left time: 965.7066s
	iters: 400, epoch: 11 | loss: 0.4956476
	speed: 0.0102s/iter; left time: 961.9601s
	iters: 500, epoch: 11 | loss: 0.4284024
	speed: 0.0103s/iter; left time: 963.5085s
	iters: 600, epoch: 11 | loss: 0.4593732
	speed: 0.0107s/iter; left time: 999.5217s
	iters: 700, epoch: 11 | loss: 0.3601132
	speed: 0.0105s/iter; left time: 980.4355s
	iters: 800, epoch: 11 | loss: 0.4578627
	speed: 0.0102s/iter; left time: 956.2202s
	iters: 900, epoch: 11 | loss: 0.4135494
	speed: 0.0104s/iter; left time: 967.8857s
	iters: 1000, epoch: 11 | loss: 0.4041863
	speed: 0.0101s/iter; left time: 947.0249s
Epoch: 11 cost time: 10.802621364593506
Epoch: 11, Steps: 1048 | Train Loss: 0.4249798 Vali Loss: 0.9708856
EarlyStopping counter: 5 out of 6
Updating learning rate to 4.8828125e-07
	iters: 100, epoch: 12 | loss: 0.4126581
	speed: 0.0308s/iter; left time: 2871.7296s
	iters: 200, epoch: 12 | loss: 0.4292575
	speed: 0.0104s/iter; left time: 964.5441s
	iters: 300, epoch: 12 | loss: 0.4259087
	speed: 0.0104s/iter; left time: 967.9778s
	iters: 400, epoch: 12 | loss: 0.4279110
	speed: 0.0103s/iter; left time: 956.0044s
	iters: 500, epoch: 12 | loss: 0.4996706
	speed: 0.0103s/iter; left time: 955.6141s
	iters: 600, epoch: 12 | loss: 0.4413811
	speed: 0.0101s/iter; left time: 935.7220s
	iters: 700, epoch: 12 | loss: 0.3361111
	speed: 0.0103s/iter; left time: 952.1357s
	iters: 800, epoch: 12 | loss: 0.4285493
	speed: 0.0103s/iter; left time: 949.4891s
	iters: 900, epoch: 12 | loss: 0.4203213
	speed: 0.0102s/iter; left time: 944.4014s
	iters: 1000, epoch: 12 | loss: 0.4453848
	speed: 0.0101s/iter; left time: 932.4954s
Epoch: 12 cost time: 10.755228996276855
Epoch: 12, Steps: 1048 | Train Loss: 0.4256455 Vali Loss: 0.9709215
EarlyStopping counter: 6 out of 6
Early stopping
VALIDATION_RESULT {"best_epoch": 6, "best_mae": 0.6579335968900955, "best_mse": 0.9695502985249106, "epochs_ran": 12, "metric_version": "element_weighted_v1"}
>>>>>>>test skipped (validation-only run)<<<<<<<<<<<<<<<<<<<<<<<<
