Using GPU
Args in experiment:
[1mBasic Config[0m
  Task Name:          long_term_forecast  Is Training:        1                   
  Model ID:           ETTm2_96_720_table2_ettm2_p720_no_mamba_s2022Model:              GraphMambaRecent    

[1mData Loader[0m
  Data:               ETTm2               Root Path:          /home/cwh/Time-Series-Library/dataset/ETT-small
  Data Path:          ETTm2.csv           Features:           M                   
  Target:             OT                  Freq:               h                   
  Checkpoints:        /home/cwh/Time-Series-Library/logs/timerole_p0/recent_backbone/seed2022/checkpoints

[1mForecasting Task[0m
  Seq Len:            336                 Label Len:          48                  
  Pred Len:           720                 Seasonal Patterns:  Monthly             
  Inverse:            0                   

[1mModel Parameters[0m
  Top k:              5                   Num Kernels:        6                   
  Enc In:             7                   Dec In:             7                   
  C Out:              7                   d model:            64                  
  n heads:            8                   e layers:           1                   
  d layers:           1                   d FF:               128                 
  Moving Avg:         25                  Factor:             1                   
  Distil:             1                   Dropout:            0.1                 
  Embed:              timeF               Activation:         gelu                

[1mRun Parameters[0m
  Num Workers:        0                   Itr:                1                   
  Train Epochs:       100                 Batch Size:         32                  
  Patience:           6                   Learning Rate:      0.0005              
  Des:                table2_ettm2_p720_no_mamba_s2022Loss:               MSE                 
  Lradj:              type1               Use Amp:            0                   

[1mGPU[0m
  Use GPU:            1                   GPU:                0                   
  Use Multi GPU:      0                   Devices:            0,1,2,3             

[1mDe-stationary Projector Params[0m
  P Hidden Dims:      128, 128            P Hidden Layers:    2                   

Use GPU: cuda:0
🚀 Lazy Loading: GraphMambaRecent ...
[GraphMamba] Building 7x7 static graph from 2000 training samples
>>>>>>>start training : long_term_forecast_ETTm2_96_720_table2_ettm2_p720_no_mamba_s2022_GraphMambaRecent_ETTm2_ftM_sl336_ll48_pl720_dm64_nh8_el1_dl1_df128_expand2_dc2_fc1_ebtimeF_dtTrue_table2_ettm2_p720_no_mamba_s2022_0>>>>>>>>>>>>>>>>>>>>>>>>>>
train 33505
val 10801
	iters: 100, epoch: 1 | loss: 0.5173413
	speed: 0.0106s/iter; left time: 1114.2989s
	iters: 200, epoch: 1 | loss: 0.3770978
	speed: 0.0043s/iter; left time: 452.7511s
	iters: 300, epoch: 1 | loss: 0.5407147
	speed: 0.0048s/iter; left time: 504.1798s
	iters: 400, epoch: 1 | loss: 0.6380906
	speed: 0.0045s/iter; left time: 469.7431s
	iters: 500, epoch: 1 | loss: 0.4838285
	speed: 0.0044s/iter; left time: 455.5868s
	iters: 600, epoch: 1 | loss: 0.9786490
	speed: 0.0042s/iter; left time: 441.6317s
	iters: 700, epoch: 1 | loss: 0.5474175
	speed: 0.0042s/iter; left time: 439.7464s
	iters: 800, epoch: 1 | loss: 0.5022579
	speed: 0.0044s/iter; left time: 454.5030s
	iters: 900, epoch: 1 | loss: 0.4995093
	speed: 0.0045s/iter; left time: 469.8076s
	iters: 1000, epoch: 1 | loss: 0.9282903
	speed: 0.0045s/iter; left time: 467.6844s
Epoch: 1 cost time: 4.721465110778809
Epoch: 1, Steps: 1048 | Train Loss: 0.5864038 Vali Loss: 0.2896129
Validation loss decreased (inf --> 0.289613).  Saving model ...
Updating learning rate to 0.0005
	iters: 100, epoch: 2 | loss: 0.3963985
	speed: 0.0139s/iter; left time: 1440.2571s
	iters: 200, epoch: 2 | loss: 0.8517390
	speed: 0.0045s/iter; left time: 464.9079s
	iters: 300, epoch: 2 | loss: 0.6419206
	speed: 0.0042s/iter; left time: 434.8976s
	iters: 400, epoch: 2 | loss: 0.4114589
	speed: 0.0040s/iter; left time: 414.3756s
	iters: 500, epoch: 2 | loss: 0.5538898
	speed: 0.0039s/iter; left time: 407.2334s
	iters: 600, epoch: 2 | loss: 0.7934065
	speed: 0.0042s/iter; left time: 433.1728s
	iters: 700, epoch: 2 | loss: 0.4558703
	speed: 0.0039s/iter; left time: 399.8810s
	iters: 800, epoch: 2 | loss: 0.8851882
	speed: 0.0046s/iter; left time: 471.7208s
	iters: 900, epoch: 2 | loss: 0.5249216
	speed: 0.0056s/iter; left time: 580.1215s
	iters: 1000, epoch: 2 | loss: 0.4392892
	speed: 0.0055s/iter; left time: 569.0546s
Epoch: 2 cost time: 4.7066731452941895
Epoch: 2, Steps: 1048 | Train Loss: 0.5780783 Vali Loss: 0.2834905
Validation loss decreased (0.289613 --> 0.283491).  Saving model ...
Updating learning rate to 0.00025
	iters: 100, epoch: 3 | loss: 0.4849387
	speed: 0.0149s/iter; left time: 1530.1715s
	iters: 200, epoch: 3 | loss: 0.3247042
	speed: 0.0048s/iter; left time: 488.5410s
	iters: 300, epoch: 3 | loss: 0.2016746
	speed: 0.0042s/iter; left time: 425.3289s
	iters: 400, epoch: 3 | loss: 0.4734766
	speed: 0.0045s/iter; left time: 463.6383s
	iters: 500, epoch: 3 | loss: 0.4551846
	speed: 0.0045s/iter; left time: 455.4640s
	iters: 600, epoch: 3 | loss: 0.4281667
	speed: 0.0042s/iter; left time: 430.0882s
	iters: 700, epoch: 3 | loss: 0.5273426
	speed: 0.0043s/iter; left time: 440.4030s
	iters: 800, epoch: 3 | loss: 0.4412881
	speed: 0.0044s/iter; left time: 446.5081s
	iters: 900, epoch: 3 | loss: 0.7017117
	speed: 0.0046s/iter; left time: 469.7785s
	iters: 1000, epoch: 3 | loss: 1.0698550
	speed: 0.0043s/iter; left time: 433.9496s
Epoch: 3 cost time: 4.609856367111206
Epoch: 3, Steps: 1048 | Train Loss: 0.5715937 Vali Loss: 0.2845565
EarlyStopping counter: 1 out of 6
Updating learning rate to 0.000125
	iters: 100, epoch: 4 | loss: 0.3338311
	speed: 0.0137s/iter; left time: 1390.2429s
	iters: 200, epoch: 4 | loss: 0.7573511
	speed: 0.0043s/iter; left time: 433.3554s
	iters: 300, epoch: 4 | loss: 0.5533683
	speed: 0.0043s/iter; left time: 440.0383s
	iters: 400, epoch: 4 | loss: 0.4634788
	speed: 0.0041s/iter; left time: 418.7673s
	iters: 500, epoch: 4 | loss: 0.3542139
	speed: 0.0043s/iter; left time: 439.0588s
	iters: 600, epoch: 4 | loss: 0.3012410
	speed: 0.0047s/iter; left time: 471.1984s
	iters: 700, epoch: 4 | loss: 0.5855924
	speed: 0.0046s/iter; left time: 461.9286s
	iters: 800, epoch: 4 | loss: 0.4440148
	speed: 0.0045s/iter; left time: 456.2669s
	iters: 900, epoch: 4 | loss: 0.7099259
	speed: 0.0041s/iter; left time: 411.8354s
	iters: 1000, epoch: 4 | loss: 0.5186579
	speed: 0.0043s/iter; left time: 436.5293s
Epoch: 4 cost time: 4.554300308227539
Epoch: 4, Steps: 1048 | Train Loss: 0.5654696 Vali Loss: 0.2852200
EarlyStopping counter: 2 out of 6
Updating learning rate to 6.25e-05
	iters: 100, epoch: 5 | loss: 0.3099814
	speed: 0.0138s/iter; left time: 1389.7326s
	iters: 200, epoch: 5 | loss: 0.3477596
	speed: 0.0041s/iter; left time: 410.0910s
	iters: 300, epoch: 5 | loss: 0.5710544
	speed: 0.0043s/iter; left time: 436.0978s
	iters: 400, epoch: 5 | loss: 0.6155593
	speed: 0.0045s/iter; left time: 453.7684s
	iters: 500, epoch: 5 | loss: 0.5087962
	speed: 0.0041s/iter; left time: 409.8730s
	iters: 600, epoch: 5 | loss: 0.5371547
	speed: 0.0040s/iter; left time: 402.3122s
	iters: 700, epoch: 5 | loss: 0.4537467
	speed: 0.0043s/iter; left time: 427.9630s
	iters: 800, epoch: 5 | loss: 0.4315897
	speed: 0.0042s/iter; left time: 419.2331s
	iters: 900, epoch: 5 | loss: 0.5276034
	speed: 0.0043s/iter; left time: 425.2487s
	iters: 1000, epoch: 5 | loss: 0.2450527
	speed: 0.0043s/iter; left time: 430.4234s
Epoch: 5 cost time: 4.4426188468933105
Epoch: 5, Steps: 1048 | Train Loss: 0.5628766 Vali Loss: 0.2839350
EarlyStopping counter: 3 out of 6
Updating learning rate to 3.125e-05
	iters: 100, epoch: 6 | loss: 0.2593619
	speed: 0.0135s/iter; left time: 1346.7170s
	iters: 200, epoch: 6 | loss: 0.7798423
	speed: 0.0047s/iter; left time: 463.5120s
	iters: 300, epoch: 6 | loss: 0.5387423
	speed: 0.0048s/iter; left time: 477.0776s
	iters: 400, epoch: 6 | loss: 0.6013993
	speed: 0.0049s/iter; left time: 489.2955s
	iters: 500, epoch: 6 | loss: 0.8915932
	speed: 0.0044s/iter; left time: 433.6850s
	iters: 600, epoch: 6 | loss: 0.4292764
	speed: 0.0041s/iter; left time: 407.4909s
	iters: 700, epoch: 6 | loss: 0.7386854
	speed: 0.0042s/iter; left time: 415.6787s
	iters: 800, epoch: 6 | loss: 0.4951638
	speed: 0.0043s/iter; left time: 423.2191s
	iters: 900, epoch: 6 | loss: 0.3757889
	speed: 0.0042s/iter; left time: 415.9356s
	iters: 1000, epoch: 6 | loss: 0.6779320
	speed: 0.0044s/iter; left time: 436.2472s
Epoch: 6 cost time: 4.618161201477051
Epoch: 6, Steps: 1048 | Train Loss: 0.5615699 Vali Loss: 0.2840074
EarlyStopping counter: 4 out of 6
Updating learning rate to 1.5625e-05
	iters: 100, epoch: 7 | loss: 0.3314862
	speed: 0.0141s/iter; left time: 1388.3566s
	iters: 200, epoch: 7 | loss: 0.4222564
	speed: 0.0042s/iter; left time: 414.0913s
	iters: 300, epoch: 7 | loss: 0.3520069
	speed: 0.0043s/iter; left time: 419.9224s
	iters: 400, epoch: 7 | loss: 0.7711759
	speed: 0.0043s/iter; left time: 417.2871s
	iters: 500, epoch: 7 | loss: 0.5102714
	speed: 0.0042s/iter; left time: 408.0969s
	iters: 600, epoch: 7 | loss: 0.7718216
	speed: 0.0043s/iter; left time: 417.9020s
	iters: 700, epoch: 7 | loss: 0.2554682
	speed: 0.0044s/iter; left time: 433.6916s
	iters: 800, epoch: 7 | loss: 0.7355155
	speed: 0.0041s/iter; left time: 396.3468s
	iters: 900, epoch: 7 | loss: 0.5529591
	speed: 0.0044s/iter; left time: 430.9397s
	iters: 1000, epoch: 7 | loss: 0.9486900
	speed: 0.0041s/iter; left time: 399.5535s
Epoch: 7 cost time: 4.461589336395264
Epoch: 7, Steps: 1048 | Train Loss: 0.5602913 Vali Loss: 0.2841317
EarlyStopping counter: 5 out of 6
Updating learning rate to 7.8125e-06
	iters: 100, epoch: 8 | loss: 0.4303669
	speed: 0.0137s/iter; left time: 1337.5751s
	iters: 200, epoch: 8 | loss: 0.6949673
	speed: 0.0040s/iter; left time: 391.4744s
	iters: 300, epoch: 8 | loss: 1.2382057
	speed: 0.0044s/iter; left time: 427.8805s
	iters: 400, epoch: 8 | loss: 0.6009147
	speed: 0.0044s/iter; left time: 423.6742s
	iters: 500, epoch: 8 | loss: 0.3109880
	speed: 0.0043s/iter; left time: 421.2997s
	iters: 600, epoch: 8 | loss: 0.7490272
	speed: 0.0043s/iter; left time: 411.8919s
	iters: 700, epoch: 8 | loss: 0.2723003
	speed: 0.0050s/iter; left time: 479.6072s
	iters: 800, epoch: 8 | loss: 0.6150408
	speed: 0.0043s/iter; left time: 414.0613s
	iters: 900, epoch: 8 | loss: 0.8772721
	speed: 0.0038s/iter; left time: 366.6117s
	iters: 1000, epoch: 8 | loss: 0.3325454
	speed: 0.0044s/iter; left time: 427.4771s
Epoch: 8 cost time: 4.5110087394714355
Epoch: 8, Steps: 1048 | Train Loss: 0.5600313 Vali Loss: 0.2836497
EarlyStopping counter: 6 out of 6
Early stopping
VALIDATION_RESULT {"best_epoch": 2, "best_mae": 0.3663259667441047, "best_mse": 0.2834905179996699, "epochs_ran": 8, "metric_version": "element_weighted_v1"}
>>>>>>>test skipped (validation-only run)<<<<<<<<<<<<<<<<<<<<<<<<
