Using GPU
Args in experiment:
[1mBasic Config[0m
  Task Name:          long_term_forecast  Is Training:        1                   
  Model ID:           ETTm1_96_96_table2_ettm1_p96_no_graph_s2022Model:              GraphMambaRecent    

[1mData Loader[0m
  Data:               ETTm1               Root Path:          /home/cwh/Time-Series-Library/dataset/ETT-small
  Data Path:          ETTm1.csv           Features:           M                   
  Target:             OT                  Freq:               h                   
  Checkpoints:        /home/cwh/Time-Series-Library/logs/timerole_p0/recent_backbone/seed2022/checkpoints

[1mForecasting Task[0m
  Seq Len:            336                 Label Len:          48                  
  Pred Len:           96                  Seasonal Patterns:  Monthly             
  Inverse:            0                   

[1mModel Parameters[0m
  Top k:              5                   Num Kernels:        6                   
  Enc In:             7                   Dec In:             7                   
  C Out:              7                   d model:            64                  
  n heads:            8                   e layers:           1                   
  d layers:           1                   d FF:               128                 
  Moving Avg:         25                  Factor:             1                   
  Distil:             1                   Dropout:            0.1                 
  Embed:              timeF               Activation:         gelu                

[1mRun Parameters[0m
  Num Workers:        0                   Itr:                1                   
  Train Epochs:       100                 Batch Size:         32                  
  Patience:           6                   Learning Rate:      0.0005              
  Des:                table2_ettm1_p96_no_graph_s2022Loss:               MSE                 
  Lradj:              type1               Use Amp:            0                   

[1mGPU[0m
  Use GPU:            1                   GPU:                0                   
  Use Multi GPU:      0                   Devices:            0,1,2,3             

[1mDe-stationary Projector Params[0m
  P Hidden Dims:      128, 128            P Hidden Layers:    2                   

Use GPU: cuda:0
🚀 Lazy Loading: GraphMambaRecent ...
>>>>>>>start training : long_term_forecast_ETTm1_96_96_table2_ettm1_p96_no_graph_s2022_GraphMambaRecent_ETTm1_ftM_sl336_ll48_pl96_dm64_nh8_el1_dl1_df128_expand2_dc2_fc1_ebtimeF_dtTrue_table2_ettm1_p96_no_graph_s2022_0>>>>>>>>>>>>>>>>>>>>>>>>>>
train 34129
val 11425
	iters: 100, epoch: 1 | loss: 0.3984198
	speed: 0.0118s/iter; left time: 1260.9227s
	iters: 200, epoch: 1 | loss: 0.4615602
	speed: 0.0103s/iter; left time: 1100.9181s
	iters: 300, epoch: 1 | loss: 0.4184974
	speed: 0.0106s/iter; left time: 1125.6768s
	iters: 400, epoch: 1 | loss: 0.3514059
	speed: 0.0099s/iter; left time: 1056.5488s
	iters: 500, epoch: 1 | loss: 0.3091726
	speed: 0.0100s/iter; left time: 1064.6134s
	iters: 600, epoch: 1 | loss: 0.2934477
	speed: 0.0100s/iter; left time: 1058.6248s
	iters: 700, epoch: 1 | loss: 0.2935248
	speed: 0.0100s/iter; left time: 1062.0808s
	iters: 800, epoch: 1 | loss: 0.3326712
	speed: 0.0101s/iter; left time: 1067.2078s
	iters: 900, epoch: 1 | loss: 0.2539973
	speed: 0.0098s/iter; left time: 1038.1537s
	iters: 1000, epoch: 1 | loss: 0.3391565
	speed: 0.0096s/iter; left time: 1019.5877s
Epoch: 1 cost time: 10.887381792068481
Epoch: 1, Steps: 1067 | Train Loss: 0.3554777 Vali Loss: 0.4131099
Validation loss decreased (inf --> 0.413110).  Saving model ...
Updating learning rate to 0.0005
	iters: 100, epoch: 2 | loss: 0.2258876
	speed: 0.0323s/iter; left time: 3405.9767s
	iters: 200, epoch: 2 | loss: 0.2805519
	speed: 0.0099s/iter; left time: 1040.3850s
	iters: 300, epoch: 2 | loss: 0.3169494
	speed: 0.0101s/iter; left time: 1066.3282s
	iters: 400, epoch: 2 | loss: 0.2168656
	speed: 0.0099s/iter; left time: 1041.4849s
	iters: 500, epoch: 2 | loss: 0.2640438
	speed: 0.0101s/iter; left time: 1061.4584s
	iters: 600, epoch: 2 | loss: 0.3037041
	speed: 0.0101s/iter; left time: 1056.4853s
	iters: 700, epoch: 2 | loss: 0.2863457
	speed: 0.0103s/iter; left time: 1078.7592s
	iters: 800, epoch: 2 | loss: 0.3519534
	speed: 0.0100s/iter; left time: 1049.6247s
	iters: 900, epoch: 2 | loss: 0.2975749
	speed: 0.0101s/iter; left time: 1062.0007s
	iters: 1000, epoch: 2 | loss: 0.2542749
	speed: 0.0099s/iter; left time: 1034.3242s
Epoch: 2 cost time: 10.67161250114441
Epoch: 2, Steps: 1067 | Train Loss: 0.2826235 Vali Loss: 0.4088998
Validation loss decreased (0.413110 --> 0.408900).  Saving model ...
Updating learning rate to 0.00025
	iters: 100, epoch: 3 | loss: 0.2547350
	speed: 0.0315s/iter; left time: 3294.8260s
	iters: 200, epoch: 3 | loss: 0.3097268
	speed: 0.0099s/iter; left time: 1029.9346s
	iters: 300, epoch: 3 | loss: 0.2252519
	speed: 0.0099s/iter; left time: 1031.7213s
	iters: 400, epoch: 3 | loss: 0.2894270
	speed: 0.0099s/iter; left time: 1030.4303s
	iters: 500, epoch: 3 | loss: 0.3193427
	speed: 0.0097s/iter; left time: 1004.4879s
	iters: 600, epoch: 3 | loss: 0.2366504
	speed: 0.0100s/iter; left time: 1042.4564s
	iters: 700, epoch: 3 | loss: 0.2631691
	speed: 0.0097s/iter; left time: 1012.6695s
	iters: 800, epoch: 3 | loss: 0.3115237
	speed: 0.0100s/iter; left time: 1033.0176s
	iters: 900, epoch: 3 | loss: 0.2105259
	speed: 0.0099s/iter; left time: 1025.5853s
	iters: 1000, epoch: 3 | loss: 0.2374754
	speed: 0.0096s/iter; left time: 991.8762s
Epoch: 3 cost time: 10.49201250076294
Epoch: 3, Steps: 1067 | Train Loss: 0.2667472 Vali Loss: 0.4122470
EarlyStopping counter: 1 out of 6
Updating learning rate to 0.000125
	iters: 100, epoch: 4 | loss: 0.2925741
	speed: 0.0330s/iter; left time: 3411.3669s
	iters: 200, epoch: 4 | loss: 0.2248166
	speed: 0.0099s/iter; left time: 1022.1405s
	iters: 300, epoch: 4 | loss: 0.2637362
	speed: 0.0099s/iter; left time: 1019.4038s
	iters: 400, epoch: 4 | loss: 0.2982985
	speed: 0.0102s/iter; left time: 1050.3944s
	iters: 500, epoch: 4 | loss: 0.3018705
	speed: 0.0096s/iter; left time: 992.8262s
	iters: 600, epoch: 4 | loss: 0.1960594
	speed: 0.0098s/iter; left time: 1012.2018s
	iters: 700, epoch: 4 | loss: 0.2050361
	speed: 0.0098s/iter; left time: 1007.0498s
	iters: 800, epoch: 4 | loss: 0.2462404
	speed: 0.0097s/iter; left time: 997.0752s
	iters: 900, epoch: 4 | loss: 0.2527986
	speed: 0.0097s/iter; left time: 998.5610s
	iters: 1000, epoch: 4 | loss: 0.2370248
	speed: 0.0098s/iter; left time: 1001.4678s
Epoch: 4 cost time: 10.516520500183105
Epoch: 4, Steps: 1067 | Train Loss: 0.2596705 Vali Loss: 0.4235784
EarlyStopping counter: 2 out of 6
Updating learning rate to 6.25e-05
	iters: 100, epoch: 5 | loss: 0.2753473
	speed: 0.0313s/iter; left time: 3205.6800s
	iters: 200, epoch: 5 | loss: 0.3137198
	speed: 0.0097s/iter; left time: 987.4409s
	iters: 300, epoch: 5 | loss: 0.2232885
	speed: 0.0097s/iter; left time: 992.6491s
	iters: 400, epoch: 5 | loss: 0.2295708
	speed: 0.0100s/iter; left time: 1022.1234s
	iters: 500, epoch: 5 | loss: 0.2409923
	speed: 0.0103s/iter; left time: 1045.8392s
	iters: 600, epoch: 5 | loss: 0.2923387
	speed: 0.0098s/iter; left time: 1002.0678s
	iters: 700, epoch: 5 | loss: 0.2793911
	speed: 0.0098s/iter; left time: 993.8320s
	iters: 800, epoch: 5 | loss: 0.2750005
	speed: 0.0098s/iter; left time: 1000.5788s
	iters: 900, epoch: 5 | loss: 0.2451242
	speed: 0.0099s/iter; left time: 1003.1099s
	iters: 1000, epoch: 5 | loss: 0.3342009
	speed: 0.0097s/iter; left time: 987.8800s
Epoch: 5 cost time: 10.513546466827393
Epoch: 5, Steps: 1067 | Train Loss: 0.2554736 Vali Loss: 0.4133896
EarlyStopping counter: 3 out of 6
Updating learning rate to 3.125e-05
	iters: 100, epoch: 6 | loss: 0.1989015
	speed: 0.0308s/iter; left time: 3116.1032s
	iters: 200, epoch: 6 | loss: 0.2098905
	speed: 0.0097s/iter; left time: 984.4817s
	iters: 300, epoch: 6 | loss: 0.3069947
	speed: 0.0098s/iter; left time: 987.7228s
	iters: 400, epoch: 6 | loss: 0.2470828
	speed: 0.0099s/iter; left time: 1003.5522s
	iters: 500, epoch: 6 | loss: 0.2316193
	speed: 0.0099s/iter; left time: 996.4612s
	iters: 600, epoch: 6 | loss: 0.2554376
	speed: 0.0100s/iter; left time: 1005.5360s
	iters: 700, epoch: 6 | loss: 0.2685472
	speed: 0.0099s/iter; left time: 994.6784s
	iters: 800, epoch: 6 | loss: 0.2712728
	speed: 0.0098s/iter; left time: 988.0469s
	iters: 900, epoch: 6 | loss: 0.2295669
	speed: 0.0098s/iter; left time: 983.7057s
	iters: 1000, epoch: 6 | loss: 0.2882318
	speed: 0.0099s/iter; left time: 993.4585s
Epoch: 6 cost time: 10.507911443710327
Epoch: 6, Steps: 1067 | Train Loss: 0.2531331 Vali Loss: 0.4134123
EarlyStopping counter: 4 out of 6
Updating learning rate to 1.5625e-05
	iters: 100, epoch: 7 | loss: 0.2592245
	speed: 0.0313s/iter; left time: 3132.1523s
	iters: 200, epoch: 7 | loss: 0.2940000
	speed: 0.0099s/iter; left time: 992.7197s
	iters: 300, epoch: 7 | loss: 0.2276909
	speed: 0.0097s/iter; left time: 968.3159s
	iters: 400, epoch: 7 | loss: 0.2419473
	speed: 0.0098s/iter; left time: 974.5756s
	iters: 500, epoch: 7 | loss: 0.2697838
	speed: 0.0098s/iter; left time: 982.0335s
	iters: 600, epoch: 7 | loss: 0.2413203
	speed: 0.0100s/iter; left time: 996.9520s
	iters: 700, epoch: 7 | loss: 0.2272136
	speed: 0.0100s/iter; left time: 999.8784s
	iters: 800, epoch: 7 | loss: 0.2212406
	speed: 0.0097s/iter; left time: 966.2071s
	iters: 900, epoch: 7 | loss: 0.2601846
	speed: 0.0096s/iter; left time: 958.4258s
	iters: 1000, epoch: 7 | loss: 0.2477096
	speed: 0.0098s/iter; left time: 970.2154s
Epoch: 7 cost time: 10.507835626602173
Epoch: 7, Steps: 1067 | Train Loss: 0.2514760 Vali Loss: 0.4099868
EarlyStopping counter: 5 out of 6
Updating learning rate to 7.8125e-06
	iters: 100, epoch: 8 | loss: 0.2582836
	speed: 0.0317s/iter; left time: 3140.5341s
	iters: 200, epoch: 8 | loss: 0.2193120
	speed: 0.0098s/iter; left time: 967.3955s
	iters: 300, epoch: 8 | loss: 0.2512694
	speed: 0.0099s/iter; left time: 976.4588s
	iters: 400, epoch: 8 | loss: 0.2360518
	speed: 0.0098s/iter; left time: 965.9075s
	iters: 500, epoch: 8 | loss: 0.2126410
	speed: 0.0098s/iter; left time: 963.7298s
	iters: 600, epoch: 8 | loss: 0.2477216
	speed: 0.0097s/iter; left time: 953.8164s
	iters: 700, epoch: 8 | loss: 0.2295755
	speed: 0.0100s/iter; left time: 987.0112s
	iters: 800, epoch: 8 | loss: 0.3020071
	speed: 0.0100s/iter; left time: 985.4474s
	iters: 900, epoch: 8 | loss: 0.3060004
	speed: 0.0098s/iter; left time: 966.2660s
	iters: 1000, epoch: 8 | loss: 0.2161194
	speed: 0.0099s/iter; left time: 976.2396s
Epoch: 8 cost time: 10.511485576629639
Epoch: 8, Steps: 1067 | Train Loss: 0.2508378 Vali Loss: 0.4106372
EarlyStopping counter: 6 out of 6
Early stopping
VALIDATION_RESULT {"best_epoch": 2, "best_mae": 0.42128454928821957, "best_mse": 0.40889979965775985, "epochs_ran": 8, "metric_version": "element_weighted_v1"}
>>>>>>>test skipped (validation-only run)<<<<<<<<<<<<<<<<<<<<<<<<
