Using GPU
Args in experiment:
[1mBasic Config[0m
  Task Name:          long_term_forecast  Is Training:        1                   
  Model ID:           ETTm2_96_720_table2_ettm2_p720_no_graph_s2022Model:              GraphMambaRecent    

[1mData Loader[0m
  Data:               ETTm2               Root Path:          /home/cwh/Time-Series-Library/dataset/ETT-small
  Data Path:          ETTm2.csv           Features:           M                   
  Target:             OT                  Freq:               h                   
  Checkpoints:        /home/cwh/Time-Series-Library/logs/timerole_p0/recent_backbone/seed2022/checkpoints

[1mForecasting Task[0m
  Seq Len:            336                 Label Len:          48                  
  Pred Len:           720                 Seasonal Patterns:  Monthly             
  Inverse:            0                   

[1mModel Parameters[0m
  Top k:              5                   Num Kernels:        6                   
  Enc In:             7                   Dec In:             7                   
  C Out:              7                   d model:            64                  
  n heads:            8                   e layers:           1                   
  d layers:           1                   d FF:               128                 
  Moving Avg:         25                  Factor:             1                   
  Distil:             1                   Dropout:            0.1                 
  Embed:              timeF               Activation:         gelu                

[1mRun Parameters[0m
  Num Workers:        0                   Itr:                1                   
  Train Epochs:       100                 Batch Size:         32                  
  Patience:           6                   Learning Rate:      0.0005              
  Des:                table2_ettm2_p720_no_graph_s2022Loss:               MSE                 
  Lradj:              type1               Use Amp:            0                   

[1mGPU[0m
  Use GPU:            1                   GPU:                0                   
  Use Multi GPU:      0                   Devices:            0,1,2,3             

[1mDe-stationary Projector Params[0m
  P Hidden Dims:      128, 128            P Hidden Layers:    2                   

Use GPU: cuda:0
🚀 Lazy Loading: GraphMambaRecent ...
>>>>>>>start training : long_term_forecast_ETTm2_96_720_table2_ettm2_p720_no_graph_s2022_GraphMambaRecent_ETTm2_ftM_sl336_ll48_pl720_dm64_nh8_el1_dl1_df128_expand2_dc2_fc1_ebtimeF_dtTrue_table2_ettm2_p720_no_graph_s2022_0>>>>>>>>>>>>>>>>>>>>>>>>>>
train 33505
val 10801
	iters: 100, epoch: 1 | loss: 0.7669246
	speed: 0.0124s/iter; left time: 1298.6916s
	iters: 200, epoch: 1 | loss: 1.0792255
	speed: 0.0104s/iter; left time: 1083.2329s
	iters: 300, epoch: 1 | loss: 0.6060522
	speed: 0.0103s/iter; left time: 1076.3765s
	iters: 400, epoch: 1 | loss: 0.6513253
	speed: 0.0103s/iter; left time: 1072.0922s
	iters: 500, epoch: 1 | loss: 0.9125498
	speed: 0.0106s/iter; left time: 1107.1219s
	iters: 600, epoch: 1 | loss: 0.8824297
	speed: 0.0103s/iter; left time: 1074.1584s
	iters: 700, epoch: 1 | loss: 0.3372537
	speed: 0.0103s/iter; left time: 1069.3796s
	iters: 800, epoch: 1 | loss: 1.4692622
	speed: 0.0103s/iter; left time: 1074.5659s
	iters: 900, epoch: 1 | loss: 0.3759187
	speed: 0.0105s/iter; left time: 1086.9786s
	iters: 1000, epoch: 1 | loss: 0.5315678
	speed: 0.0104s/iter; left time: 1077.3864s
Epoch: 1 cost time: 11.064939975738525
Epoch: 1, Steps: 1048 | Train Loss: 0.6325117 Vali Loss: 0.2948412
Validation loss decreased (inf --> 0.294841).  Saving model ...
Updating learning rate to 0.0005
	iters: 100, epoch: 2 | loss: 0.7772714
	speed: 0.0315s/iter; left time: 3260.0966s
	iters: 200, epoch: 2 | loss: 0.8550729
	speed: 0.0107s/iter; left time: 1105.1131s
	iters: 300, epoch: 2 | loss: 0.5034569
	speed: 0.0104s/iter; left time: 1080.4700s
	iters: 400, epoch: 2 | loss: 0.4840220
	speed: 0.0102s/iter; left time: 1053.9500s
	iters: 500, epoch: 2 | loss: 0.3015108
	speed: 0.0106s/iter; left time: 1098.8988s
	iters: 600, epoch: 2 | loss: 0.6063638
	speed: 0.0104s/iter; left time: 1076.9431s
	iters: 700, epoch: 2 | loss: 0.4768450
	speed: 0.0105s/iter; left time: 1081.2855s
	iters: 800, epoch: 2 | loss: 0.4012962
	speed: 0.0102s/iter; left time: 1049.3430s
	iters: 900, epoch: 2 | loss: 0.6624884
	speed: 0.0105s/iter; left time: 1078.9675s
	iters: 1000, epoch: 2 | loss: 0.3015598
	speed: 0.0108s/iter; left time: 1106.8842s
Epoch: 2 cost time: 10.99264931678772
Epoch: 2, Steps: 1048 | Train Loss: 0.5841682 Vali Loss: 0.2926116
Validation loss decreased (0.294841 --> 0.292612).  Saving model ...
Updating learning rate to 0.00025
	iters: 100, epoch: 3 | loss: 0.3587891
	speed: 0.0319s/iter; left time: 3270.0757s
	iters: 200, epoch: 3 | loss: 0.4210506
	speed: 0.0105s/iter; left time: 1072.3025s
	iters: 300, epoch: 3 | loss: 0.4457290
	speed: 0.0106s/iter; left time: 1082.0577s
	iters: 400, epoch: 3 | loss: 0.3982471
	speed: 0.0103s/iter; left time: 1058.8563s
	iters: 500, epoch: 3 | loss: 0.4259597
	speed: 0.0103s/iter; left time: 1056.6583s
	iters: 600, epoch: 3 | loss: 0.5131782
	speed: 0.0104s/iter; left time: 1058.7667s
	iters: 700, epoch: 3 | loss: 0.7667394
	speed: 0.0103s/iter; left time: 1046.5485s
	iters: 800, epoch: 3 | loss: 0.5630094
	speed: 0.0105s/iter; left time: 1070.1149s
	iters: 900, epoch: 3 | loss: 0.3340124
	speed: 0.0107s/iter; left time: 1094.0419s
	iters: 1000, epoch: 3 | loss: 0.9427708
	speed: 0.0103s/iter; left time: 1050.9613s
Epoch: 3 cost time: 10.9364333152771
Epoch: 3, Steps: 1048 | Train Loss: 0.5594021 Vali Loss: 0.2888574
Validation loss decreased (0.292612 --> 0.288857).  Saving model ...
Updating learning rate to 0.000125
	iters: 100, epoch: 4 | loss: 0.8647225
	speed: 0.0303s/iter; left time: 3080.8110s
	iters: 200, epoch: 4 | loss: 0.5230029
	speed: 0.0104s/iter; left time: 1053.5454s
	iters: 300, epoch: 4 | loss: 0.4248971
	speed: 0.0101s/iter; left time: 1024.7620s
	iters: 400, epoch: 4 | loss: 0.5338235
	speed: 0.0103s/iter; left time: 1038.9164s
	iters: 500, epoch: 4 | loss: 0.4278993
	speed: 0.0102s/iter; left time: 1036.8237s
	iters: 600, epoch: 4 | loss: 0.7440678
	speed: 0.0102s/iter; left time: 1030.2429s
	iters: 700, epoch: 4 | loss: 0.5063874
	speed: 0.0105s/iter; left time: 1055.5596s
	iters: 800, epoch: 4 | loss: 0.3357513
	speed: 0.0103s/iter; left time: 1040.7849s
	iters: 900, epoch: 4 | loss: 0.5456537
	speed: 0.0102s/iter; left time: 1032.3827s
	iters: 1000, epoch: 4 | loss: 0.3874998
	speed: 0.0103s/iter; left time: 1035.6077s
Epoch: 4 cost time: 10.778871059417725
Epoch: 4, Steps: 1048 | Train Loss: 0.5479722 Vali Loss: 0.2937782
EarlyStopping counter: 1 out of 6
Updating learning rate to 6.25e-05
	iters: 100, epoch: 5 | loss: 0.3186667
	speed: 0.0302s/iter; left time: 3040.0899s
	iters: 200, epoch: 5 | loss: 0.3475497
	speed: 0.0103s/iter; left time: 1038.8090s
	iters: 300, epoch: 5 | loss: 0.7120635
	speed: 0.0103s/iter; left time: 1037.3002s
	iters: 400, epoch: 5 | loss: 0.8948400
	speed: 0.0101s/iter; left time: 1015.5379s
	iters: 500, epoch: 5 | loss: 0.4604805
	speed: 0.0104s/iter; left time: 1042.7251s
	iters: 600, epoch: 5 | loss: 0.5163648
	speed: 0.0104s/iter; left time: 1036.2218s
	iters: 700, epoch: 5 | loss: 0.5704749
	speed: 0.0105s/iter; left time: 1045.8092s
	iters: 800, epoch: 5 | loss: 0.3964342
	speed: 0.0103s/iter; left time: 1023.9159s
	iters: 900, epoch: 5 | loss: 0.3127639
	speed: 0.0106s/iter; left time: 1058.4132s
	iters: 1000, epoch: 5 | loss: 0.3077348
	speed: 0.0106s/iter; left time: 1052.4348s
Epoch: 5 cost time: 10.878124237060547
Epoch: 5, Steps: 1048 | Train Loss: 0.5409226 Vali Loss: 0.2958616
EarlyStopping counter: 2 out of 6
Updating learning rate to 3.125e-05
	iters: 100, epoch: 6 | loss: 0.8961635
	speed: 0.0307s/iter; left time: 3053.7659s
	iters: 200, epoch: 6 | loss: 0.7450181
	speed: 0.0105s/iter; left time: 1045.9494s
	iters: 300, epoch: 6 | loss: 0.6590790
	speed: 0.0106s/iter; left time: 1050.5918s
	iters: 400, epoch: 6 | loss: 0.4581804
	speed: 0.0105s/iter; left time: 1041.7531s
	iters: 500, epoch: 6 | loss: 0.6196184
	speed: 0.0105s/iter; left time: 1038.2149s
	iters: 600, epoch: 6 | loss: 0.7303329
	speed: 0.0105s/iter; left time: 1036.7936s
	iters: 700, epoch: 6 | loss: 0.7416445
	speed: 0.0104s/iter; left time: 1025.4999s
	iters: 800, epoch: 6 | loss: 0.6411001
	speed: 0.0104s/iter; left time: 1028.9583s
	iters: 900, epoch: 6 | loss: 0.3209762
	speed: 0.0103s/iter; left time: 1014.1369s
	iters: 1000, epoch: 6 | loss: 0.9549302
	speed: 0.0104s/iter; left time: 1024.4220s
Epoch: 6 cost time: 10.964482307434082
Epoch: 6, Steps: 1048 | Train Loss: 0.5355479 Vali Loss: 0.2932104
EarlyStopping counter: 3 out of 6
Updating learning rate to 1.5625e-05
	iters: 100, epoch: 7 | loss: 0.7938858
	speed: 0.0320s/iter; left time: 3153.3625s
	iters: 200, epoch: 7 | loss: 0.3905890
	speed: 0.0113s/iter; left time: 1114.5779s
	iters: 300, epoch: 7 | loss: 0.4697282
	speed: 0.0106s/iter; left time: 1045.3028s
	iters: 400, epoch: 7 | loss: 0.9772509
	speed: 0.0105s/iter; left time: 1034.2567s
	iters: 500, epoch: 7 | loss: 0.4814032
	speed: 0.0107s/iter; left time: 1051.8262s
	iters: 600, epoch: 7 | loss: 0.3560566
	speed: 0.0105s/iter; left time: 1030.7335s
	iters: 700, epoch: 7 | loss: 0.2958736
	speed: 0.0119s/iter; left time: 1163.0977s
	iters: 800, epoch: 7 | loss: 0.8211552
	speed: 0.0104s/iter; left time: 1020.2271s
	iters: 900, epoch: 7 | loss: 0.6738328
	speed: 0.0102s/iter; left time: 992.6367s
	iters: 1000, epoch: 7 | loss: 0.4116779
	speed: 0.0105s/iter; left time: 1023.5786s
Epoch: 7 cost time: 11.323305606842041
Epoch: 7, Steps: 1048 | Train Loss: 0.5319770 Vali Loss: 0.2951085
EarlyStopping counter: 4 out of 6
Updating learning rate to 7.8125e-06
	iters: 100, epoch: 8 | loss: 0.5773193
	speed: 0.0305s/iter; left time: 2964.7699s
	iters: 200, epoch: 8 | loss: 0.5584709
	speed: 0.0104s/iter; left time: 1013.1860s
	iters: 300, epoch: 8 | loss: 0.3451558
	speed: 0.0104s/iter; left time: 1013.8523s
	iters: 400, epoch: 8 | loss: 0.9813883
	speed: 0.0101s/iter; left time: 984.2189s
	iters: 500, epoch: 8 | loss: 0.4129503
	speed: 0.0104s/iter; left time: 1007.1568s
	iters: 600, epoch: 8 | loss: 0.4650821
	speed: 0.0104s/iter; left time: 1003.1909s
	iters: 700, epoch: 8 | loss: 1.0929857
	speed: 0.0104s/iter; left time: 1010.8958s
	iters: 800, epoch: 8 | loss: 0.6624796
	speed: 0.0102s/iter; left time: 984.1217s
	iters: 900, epoch: 8 | loss: 0.2834314
	speed: 0.0104s/iter; left time: 1003.1614s
	iters: 1000, epoch: 8 | loss: 0.3717726
	speed: 0.0104s/iter; left time: 1003.8337s
Epoch: 8 cost time: 10.846083879470825
Epoch: 8, Steps: 1048 | Train Loss: 0.5324301 Vali Loss: 0.2957513
EarlyStopping counter: 5 out of 6
Updating learning rate to 3.90625e-06
	iters: 100, epoch: 9 | loss: 0.3384523
	speed: 0.0309s/iter; left time: 2971.9122s
	iters: 200, epoch: 9 | loss: 0.5407495
	speed: 0.0103s/iter; left time: 990.8809s
	iters: 300, epoch: 9 | loss: 0.4422898
	speed: 0.0103s/iter; left time: 991.9926s
	iters: 400, epoch: 9 | loss: 0.5197876
	speed: 0.0103s/iter; left time: 993.3562s
	iters: 500, epoch: 9 | loss: 0.4531483
	speed: 0.0104s/iter; left time: 999.8245s
	iters: 600, epoch: 9 | loss: 0.5457155
	speed: 0.0121s/iter; left time: 1163.5599s
	iters: 700, epoch: 9 | loss: 0.6903765
	speed: 0.0104s/iter; left time: 999.9043s
	iters: 800, epoch: 9 | loss: 0.5372802
	speed: 0.0105s/iter; left time: 1007.0569s
	iters: 900, epoch: 9 | loss: 0.8260319
	speed: 0.0104s/iter; left time: 995.2756s
	iters: 1000, epoch: 9 | loss: 0.5153417
	speed: 0.0106s/iter; left time: 1015.6335s
Epoch: 9 cost time: 11.105722427368164
Epoch: 9, Steps: 1048 | Train Loss: 0.5313014 Vali Loss: 0.2952841
EarlyStopping counter: 6 out of 6
Early stopping
VALIDATION_RESULT {"best_epoch": 3, "best_mae": 0.37190771805775535, "best_mse": 0.2888574452032683, "epochs_ran": 9, "metric_version": "element_weighted_v1"}
>>>>>>>test skipped (validation-only run)<<<<<<<<<<<<<<<<<<<<<<<<
