Using GPU
Args in experiment:
[1mBasic Config[0m
  Task Name:          long_term_forecast  Is Training:        1                   
  Model ID:           timemixer_ettm1_sl336_pl96_lr1e4_final_s2023Model:              TimeMixer           

[1mData Loader[0m
  Data:               ETTm1               Root Path:          dataset/ETT-small   
  Data Path:          ETTm1.csv           Features:           M                   
  Target:             OT                  Freq:               t                   
  Checkpoints:        logs/q2_timemixer_ettm1_repair/checkpoints

[1mForecasting Task[0m
  Seq Len:            336                 Label Len:          0                   
  Pred Len:           96                  Seasonal Patterns:  Monthly             
  Inverse:            0                   

[1mModel Parameters[0m
  Top k:              5                   Num Kernels:        6                   
  Enc In:             7                   Dec In:             7                   
  C Out:              7                   d model:            16                  
  n heads:            4                   e layers:           2                   
  d layers:           1                   d FF:               32                  
  Moving Avg:         25                  Factor:             3                   
  Distil:             1                   Dropout:            0.1                 
  Embed:              timeF               Activation:         gelu                

[1mRun Parameters[0m
  Num Workers:        0                   Itr:                1                   
  Train Epochs:       10                  Batch Size:         32                  
  Patience:           10                  Learning Rate:      0.0001              
  Des:                timemixer_ettm1_sl336_pl96_lr1e4_final_s2023Loss:               MSE                 
  Lradj:              type1               Use Amp:            0                   

[1mGPU[0m
  Use GPU:            1                   GPU:                0                   
  Use Multi GPU:      0                   Devices:            0,1,2,3             

[1mDe-stationary Projector Params[0m
  P Hidden Dims:      128, 128            P Hidden Layers:    2                   

Use GPU: cuda:0
🚀 Lazy Loading: TimeMixer ...
>>>>>>>start training : long_term_forecast_timemixer_ettm1_sl336_pl96_lr1e4_final_s2023_TimeMixer_ETTm1_ftM_sl336_ll0_pl96_dm16_nh4_el2_dl1_df32_expand2_dc4_fc3_ebtimeF_dtTrue_timemixer_ettm1_sl336_pl96_lr1e4_final_s2023_0>>>>>>>>>>>>>>>>>>>>>>>>>>
train 34129
val 11425
	iters: 100, epoch: 1 | loss: 0.4280832
	speed: 0.0247s/iter; left time: 260.6441s
	iters: 200, epoch: 1 | loss: 0.3839139
	speed: 0.0168s/iter; left time: 176.1862s
	iters: 300, epoch: 1 | loss: 0.2337503
	speed: 0.0169s/iter; left time: 174.7688s
	iters: 400, epoch: 1 | loss: 0.3142679
	speed: 0.0162s/iter; left time: 166.1352s
	iters: 500, epoch: 1 | loss: 0.2871753
	speed: 0.0161s/iter; left time: 163.2843s
	iters: 600, epoch: 1 | loss: 0.2678086
	speed: 0.0166s/iter; left time: 166.9283s
	iters: 700, epoch: 1 | loss: 0.3270859
	speed: 0.0164s/iter; left time: 163.6018s
	iters: 800, epoch: 1 | loss: 0.2350439
	speed: 0.0163s/iter; left time: 161.2334s
	iters: 900, epoch: 1 | loss: 0.3246025
	speed: 0.0169s/iter; left time: 165.0957s
	iters: 1000, epoch: 1 | loss: 0.2613860
	speed: 0.0164s/iter; left time: 158.9235s
Epoch: 1 cost time: 17.914623975753784
Epoch: 1, Steps: 1067 | Train Loss: 0.3050538 Vali Loss: 0.3771256
Validation loss decreased (inf --> 0.377126).  Saving model ...
Updating learning rate to 0.0001
	iters: 100, epoch: 2 | loss: 0.2698676
	speed: 0.0474s/iter; left time: 450.8653s
	iters: 200, epoch: 2 | loss: 0.2317103
	speed: 0.0160s/iter; left time: 150.5112s
	iters: 300, epoch: 2 | loss: 0.2668669
	speed: 0.0161s/iter; left time: 149.6452s
	iters: 400, epoch: 2 | loss: 0.2929853
	speed: 0.0159s/iter; left time: 145.9369s
	iters: 500, epoch: 2 | loss: 0.2156448
	speed: 0.0164s/iter; left time: 148.8695s
	iters: 600, epoch: 2 | loss: 0.2224369
	speed: 0.0165s/iter; left time: 148.5432s
	iters: 700, epoch: 2 | loss: 0.2594233
	speed: 0.0162s/iter; left time: 144.0428s
	iters: 800, epoch: 2 | loss: 0.2023902
	speed: 0.0162s/iter; left time: 142.5479s
	iters: 900, epoch: 2 | loss: 0.2758900
	speed: 0.0164s/iter; left time: 142.5072s
	iters: 1000, epoch: 2 | loss: 0.2542540
	speed: 0.0166s/iter; left time: 142.4678s
Epoch: 2 cost time: 17.296386241912842
Epoch: 2, Steps: 1067 | Train Loss: 0.2482284 Vali Loss: 0.3712060
Validation loss decreased (0.377126 --> 0.371206).  Saving model ...
Updating learning rate to 5e-05
	iters: 100, epoch: 3 | loss: 0.2124521
	speed: 0.0476s/iter; left time: 401.3244s
	iters: 200, epoch: 3 | loss: 0.1989906
	speed: 0.0168s/iter; left time: 140.2565s
	iters: 300, epoch: 3 | loss: 0.2971853
	speed: 0.0169s/iter; left time: 139.3887s
	iters: 400, epoch: 3 | loss: 0.2349080
	speed: 0.0173s/iter; left time: 140.6793s
	iters: 500, epoch: 3 | loss: 0.2214158
	speed: 0.0173s/iter; left time: 138.7179s
	iters: 600, epoch: 3 | loss: 0.2023868
	speed: 0.0170s/iter; left time: 135.2928s
	iters: 700, epoch: 3 | loss: 0.2543533
	speed: 0.0166s/iter; left time: 130.0747s
	iters: 800, epoch: 3 | loss: 0.2175780
	speed: 0.0169s/iter; left time: 130.5231s
	iters: 900, epoch: 3 | loss: 0.2111704
	speed: 0.0169s/iter; left time: 129.4099s
	iters: 1000, epoch: 3 | loss: 0.2430588
	speed: 0.0173s/iter; left time: 130.2616s
Epoch: 3 cost time: 18.13104510307312
Epoch: 3, Steps: 1067 | Train Loss: 0.2353871 Vali Loss: 0.3689458
Validation loss decreased (0.371206 --> 0.368946).  Saving model ...
Updating learning rate to 2.5e-05
	iters: 100, epoch: 4 | loss: 0.2409955
	speed: 0.0482s/iter; left time: 355.2263s
	iters: 200, epoch: 4 | loss: 0.2062301
	speed: 0.0159s/iter; left time: 115.3583s
	iters: 300, epoch: 4 | loss: 0.2516187
	speed: 0.0164s/iter; left time: 117.7808s
	iters: 400, epoch: 4 | loss: 0.1938973
	speed: 0.0168s/iter; left time: 118.6500s
	iters: 500, epoch: 4 | loss: 0.2592578
	speed: 0.0163s/iter; left time: 113.3177s
	iters: 600, epoch: 4 | loss: 0.2152582
	speed: 0.0160s/iter; left time: 110.2349s
	iters: 700, epoch: 4 | loss: 0.2128239
	speed: 0.0159s/iter; left time: 107.7655s
	iters: 800, epoch: 4 | loss: 0.2582790
	speed: 0.0160s/iter; left time: 107.0017s
	iters: 900, epoch: 4 | loss: 0.1851578
	speed: 0.0164s/iter; left time: 108.0268s
	iters: 1000, epoch: 4 | loss: 0.2333127
	speed: 0.0160s/iter; left time: 103.8407s
Epoch: 4 cost time: 17.3310227394104
Epoch: 4, Steps: 1067 | Train Loss: 0.2303083 Vali Loss: 0.3668070
Validation loss decreased (0.368946 --> 0.366807).  Saving model ...
Updating learning rate to 1.25e-05
	iters: 100, epoch: 5 | loss: 0.2192537
	speed: 0.0482s/iter; left time: 303.8925s
	iters: 200, epoch: 5 | loss: 0.1949273
	speed: 0.0169s/iter; left time: 105.0311s
	iters: 300, epoch: 5 | loss: 0.2341870
	speed: 0.0167s/iter; left time: 101.8850s
	iters: 400, epoch: 5 | loss: 0.2265452
	speed: 0.0170s/iter; left time: 102.0285s
	iters: 500, epoch: 5 | loss: 0.2389804
	speed: 0.0171s/iter; left time: 100.8874s
	iters: 600, epoch: 5 | loss: 0.2628212
	speed: 0.0169s/iter; left time: 98.3014s
	iters: 700, epoch: 5 | loss: 0.2102490
	speed: 0.0170s/iter; left time: 97.1286s
	iters: 800, epoch: 5 | loss: 0.2030676
	speed: 0.0165s/iter; left time: 92.6531s
	iters: 900, epoch: 5 | loss: 0.2062559
	speed: 0.0172s/iter; left time: 94.4483s
	iters: 1000, epoch: 5 | loss: 0.1974639
	speed: 0.0171s/iter; left time: 92.6327s
Epoch: 5 cost time: 18.070321798324585
Epoch: 5, Steps: 1067 | Train Loss: 0.2279844 Vali Loss: 0.3667108
Validation loss decreased (0.366807 --> 0.366711).  Saving model ...
Updating learning rate to 6.25e-06
	iters: 100, epoch: 6 | loss: 0.2668256
	speed: 0.0485s/iter; left time: 254.0341s
	iters: 200, epoch: 6 | loss: 0.2437635
	speed: 0.0171s/iter; left time: 87.9813s
	iters: 300, epoch: 6 | loss: 0.2037184
	speed: 0.0170s/iter; left time: 85.4868s
	iters: 400, epoch: 6 | loss: 0.1800589
	speed: 0.0162s/iter; left time: 79.7764s
	iters: 500, epoch: 6 | loss: 0.2315024
	speed: 0.0164s/iter; left time: 79.3341s
	iters: 600, epoch: 6 | loss: 0.2794324
	speed: 0.0161s/iter; left time: 76.1981s
	iters: 700, epoch: 6 | loss: 0.2350279
	speed: 0.0163s/iter; left time: 75.3713s
	iters: 800, epoch: 6 | loss: 0.1880367
	speed: 0.0165s/iter; left time: 74.8332s
	iters: 900, epoch: 6 | loss: 0.2155369
	speed: 0.0161s/iter; left time: 71.3159s
	iters: 1000, epoch: 6 | loss: 0.2514887
	speed: 0.0169s/iter; left time: 73.1291s
Epoch: 6 cost time: 17.705912351608276
Epoch: 6, Steps: 1067 | Train Loss: 0.2267648 Vali Loss: 0.3685329
EarlyStopping counter: 1 out of 10
Updating learning rate to 3.125e-06
	iters: 100, epoch: 7 | loss: 0.1825384
	speed: 0.0494s/iter; left time: 206.0763s
	iters: 200, epoch: 7 | loss: 0.2207792
	speed: 0.0166s/iter; left time: 67.5498s
	iters: 300, epoch: 7 | loss: 0.1981536
	speed: 0.0163s/iter; left time: 64.8915s
	iters: 400, epoch: 7 | loss: 0.2151106
	speed: 0.0165s/iter; left time: 63.7730s
	iters: 500, epoch: 7 | loss: 0.2306124
	speed: 0.0164s/iter; left time: 61.7411s
	iters: 600, epoch: 7 | loss: 0.2280460
	speed: 0.0164s/iter; left time: 60.0785s
	iters: 700, epoch: 7 | loss: 0.1907869
	speed: 0.0160s/iter; left time: 56.9805s
	iters: 800, epoch: 7 | loss: 0.1952907
	speed: 0.0162s/iter; left time: 56.3684s
	iters: 900, epoch: 7 | loss: 0.2772878
	speed: 0.0167s/iter; left time: 56.1670s
	iters: 1000, epoch: 7 | loss: 0.2349468
	speed: 0.0170s/iter; left time: 55.7013s
Epoch: 7 cost time: 17.602225065231323
Epoch: 7, Steps: 1067 | Train Loss: 0.2263099 Vali Loss: 0.3666700
Validation loss decreased (0.366711 --> 0.366670).  Saving model ...
Updating learning rate to 1.5625e-06
	iters: 100, epoch: 8 | loss: 0.2311178
	speed: 0.0476s/iter; left time: 147.5547s
	iters: 200, epoch: 8 | loss: 0.1912236
	speed: 0.0167s/iter; left time: 50.0830s
	iters: 300, epoch: 8 | loss: 0.2442817
	speed: 0.0170s/iter; left time: 49.4502s
	iters: 400, epoch: 8 | loss: 0.2340875
	speed: 0.0160s/iter; left time: 44.9284s
	iters: 500, epoch: 8 | loss: 0.2497342
	speed: 0.0165s/iter; left time: 44.5883s
	iters: 600, epoch: 8 | loss: 0.2464248
	speed: 0.0164s/iter; left time: 42.6656s
	iters: 700, epoch: 8 | loss: 0.2159279
	speed: 0.0168s/iter; left time: 41.9387s
	iters: 800, epoch: 8 | loss: 0.2317223
	speed: 0.0163s/iter; left time: 39.1348s
	iters: 900, epoch: 8 | loss: 0.1887535
	speed: 0.0167s/iter; left time: 38.4188s
	iters: 1000, epoch: 8 | loss: 0.2249640
	speed: 0.0167s/iter; left time: 36.7748s
Epoch: 8 cost time: 17.65100598335266
Epoch: 8, Steps: 1067 | Train Loss: 0.2260345 Vali Loss: 0.3671972
EarlyStopping counter: 1 out of 10
Updating learning rate to 7.8125e-07
	iters: 100, epoch: 9 | loss: 0.2633034
	speed: 0.0481s/iter; left time: 97.9119s
	iters: 200, epoch: 9 | loss: 0.2150273
	speed: 0.0163s/iter; left time: 31.6002s
	iters: 300, epoch: 9 | loss: 0.2311427
	speed: 0.0167s/iter; left time: 30.6688s
	iters: 400, epoch: 9 | loss: 0.2263267
	speed: 0.0166s/iter; left time: 28.7920s
	iters: 500, epoch: 9 | loss: 0.2100054
	speed: 0.0165s/iter; left time: 26.9659s
	iters: 600, epoch: 9 | loss: 0.2152886
	speed: 0.0166s/iter; left time: 25.5004s
	iters: 700, epoch: 9 | loss: 0.2018290
	speed: 0.0163s/iter; left time: 23.4017s
	iters: 800, epoch: 9 | loss: 0.2002064
	speed: 0.0164s/iter; left time: 21.8551s
	iters: 900, epoch: 9 | loss: 0.2830190
	speed: 0.0159s/iter; left time: 19.6440s
	iters: 1000, epoch: 9 | loss: 0.1983246
	speed: 0.0159s/iter; left time: 18.0508s
Epoch: 9 cost time: 17.53785729408264
Epoch: 9, Steps: 1067 | Train Loss: 0.2258038 Vali Loss: 0.3673152
EarlyStopping counter: 2 out of 10
Updating learning rate to 3.90625e-07
	iters: 100, epoch: 10 | loss: 0.2070755
	speed: 0.0476s/iter; left time: 46.0348s
	iters: 200, epoch: 10 | loss: 0.2522292
	speed: 0.0163s/iter; left time: 14.1567s
	iters: 300, epoch: 10 | loss: 0.1696275
	speed: 0.0163s/iter; left time: 12.5219s
	iters: 400, epoch: 10 | loss: 0.2228865
	speed: 0.0165s/iter; left time: 11.0078s
	iters: 500, epoch: 10 | loss: 0.2209374
	speed: 0.0168s/iter; left time: 9.5346s
	iters: 600, epoch: 10 | loss: 0.2070981
	speed: 0.0166s/iter; left time: 7.7574s
	iters: 700, epoch: 10 | loss: 0.2155808
	speed: 0.0166s/iter; left time: 6.1044s
	iters: 800, epoch: 10 | loss: 0.2090363
	speed: 0.0166s/iter; left time: 4.4467s
	iters: 900, epoch: 10 | loss: 0.2446416
	speed: 0.0172s/iter; left time: 2.8924s
	iters: 1000, epoch: 10 | loss: 0.2004880
	speed: 0.0175s/iter; left time: 1.1909s
Epoch: 10 cost time: 17.925195932388306
Epoch: 10, Steps: 1067 | Train Loss: 0.2256808 Vali Loss: 0.3673205
EarlyStopping counter: 3 out of 10
Updating learning rate to 1.953125e-07
VALIDATION_RESULT {"best_epoch": 7, "best_mae": 0.4032335947801312, "best_mse": 0.3666700463465406, "epochs_ran": 10, "metric_version": "element_weighted_v1", "train_duration_seconds": 200.0453442009166, "train_peak_cuda_memory_bytes": 269151232}
>>>>>>>testing : long_term_forecast_timemixer_ettm1_sl336_pl96_lr1e4_final_s2023_TimeMixer_ETTm1_ftM_sl336_ll0_pl96_dm16_nh4_el2_dl1_df32_expand2_dc4_fc3_ebtimeF_dtTrue_timemixer_ettm1_sl336_pl96_lr1e4_final_s2023_0<<<<<<<<<<<<<<<<<<<<<<<<<<<<<<<<<
test 11425
EVALUATION_RESULT {"batches": 358, "elapsed_seconds": 2.090626667253673, "elements": 7677600, "mae": 0.3461064422554158, "metric_version": "element_weighted_v1", "milliseconds_per_batch": 5.839739294004674, "mse": 0.29062866925025616, "origin_count": 11425, "origin_metric_version": "per_forecast_origin_mean_v1", "origin_metrics_path": "logs/q2_timemixer_ettm1_repair/checkpoints/long_term_forecast_timemixer_ettm1_sl336_pl96_lr1e4_final_s2023_TimeMixer_ETTm1_ftM_sl336_ll0_pl96_dm16_nh4_el2_dl1_df32_expand2_dc4_fc3_ebtimeF_dtTrue_timemixer_ettm1_sl336_pl96_lr1e4_final_s2023_0/test_origin_metrics.npz", "parameter_count": 733593, "peak_cuda_memory_bytes": 94583808, "split": "test", "test_accessed": true, "timerole_intervention": "intact"}
mse:0.29062866925025616, mae:0.3461064422554158, dtw:Not calculated
