Using GPU
Args in experiment:
[1mBasic Config[0m
  Task Name:          long_term_forecast  Is Training:        1                   
  Model ID:           timemixer_ettm1_sl336_pl96_lr1e4_final_s2021Model:              TimeMixer           

[1mData Loader[0m
  Data:               ETTm1               Root Path:          dataset/ETT-small   
  Data Path:          ETTm1.csv           Features:           M                   
  Target:             OT                  Freq:               t                   
  Checkpoints:        logs/q2_timemixer_ettm1_repair/checkpoints

[1mForecasting Task[0m
  Seq Len:            336                 Label Len:          0                   
  Pred Len:           96                  Seasonal Patterns:  Monthly             
  Inverse:            0                   

[1mModel Parameters[0m
  Top k:              5                   Num Kernels:        6                   
  Enc In:             7                   Dec In:             7                   
  C Out:              7                   d model:            16                  
  n heads:            4                   e layers:           2                   
  d layers:           1                   d FF:               32                  
  Moving Avg:         25                  Factor:             3                   
  Distil:             1                   Dropout:            0.1                 
  Embed:              timeF               Activation:         gelu                

[1mRun Parameters[0m
  Num Workers:        0                   Itr:                1                   
  Train Epochs:       10                  Batch Size:         32                  
  Patience:           10                  Learning Rate:      0.0001              
  Des:                timemixer_ettm1_sl336_pl96_lr1e4_final_s2021Loss:               MSE                 
  Lradj:              type1               Use Amp:            0                   

[1mGPU[0m
  Use GPU:            1                   GPU:                0                   
  Use Multi GPU:      0                   Devices:            0,1,2,3             

[1mDe-stationary Projector Params[0m
  P Hidden Dims:      128, 128            P Hidden Layers:    2                   

Use GPU: cuda:0
🚀 Lazy Loading: TimeMixer ...
>>>>>>>start training : long_term_forecast_timemixer_ettm1_sl336_pl96_lr1e4_final_s2021_TimeMixer_ETTm1_ftM_sl336_ll0_pl96_dm16_nh4_el2_dl1_df32_expand2_dc4_fc3_ebtimeF_dtTrue_timemixer_ettm1_sl336_pl96_lr1e4_final_s2021_0>>>>>>>>>>>>>>>>>>>>>>>>>>
train 34129
val 11425
	iters: 100, epoch: 1 | loss: 0.3548639
	speed: 0.0236s/iter; left time: 249.4814s
	iters: 200, epoch: 1 | loss: 0.3276339
	speed: 0.0174s/iter; left time: 182.4946s
	iters: 300, epoch: 1 | loss: 0.3014809
	speed: 0.0173s/iter; left time: 179.5624s
	iters: 400, epoch: 1 | loss: 0.3415494
	speed: 0.0169s/iter; left time: 173.0968s
	iters: 500, epoch: 1 | loss: 0.2395001
	speed: 0.0173s/iter; left time: 176.3878s
	iters: 600, epoch: 1 | loss: 0.2524035
	speed: 0.0171s/iter; left time: 172.5008s
	iters: 700, epoch: 1 | loss: 0.2936991
	speed: 0.0171s/iter; left time: 170.1055s
	iters: 800, epoch: 1 | loss: 0.2861312
	speed: 0.0159s/iter; left time: 157.2353s
	iters: 900, epoch: 1 | loss: 0.2637959
	speed: 0.0161s/iter; left time: 157.2020s
	iters: 1000, epoch: 1 | loss: 0.2708004
	speed: 0.0162s/iter; left time: 156.9534s
Epoch: 1 cost time: 18.083994388580322
Epoch: 1, Steps: 1067 | Train Loss: 0.3043299 Vali Loss: 0.3800762
Validation loss decreased (inf --> 0.380076).  Saving model ...
Updating learning rate to 0.0001
	iters: 100, epoch: 2 | loss: 0.3389866
	speed: 0.0491s/iter; left time: 466.4425s
	iters: 200, epoch: 2 | loss: 0.2912165
	speed: 0.0167s/iter; left time: 157.0660s
	iters: 300, epoch: 2 | loss: 0.2055762
	speed: 0.0167s/iter; left time: 155.5146s
	iters: 400, epoch: 2 | loss: 0.1964248
	speed: 0.0170s/iter; left time: 156.7573s
	iters: 500, epoch: 2 | loss: 0.2590806
	speed: 0.0165s/iter; left time: 150.2485s
	iters: 600, epoch: 2 | loss: 0.2504445
	speed: 0.0171s/iter; left time: 154.1830s
	iters: 700, epoch: 2 | loss: 0.2222949
	speed: 0.0168s/iter; left time: 149.8895s
	iters: 800, epoch: 2 | loss: 0.2163430
	speed: 0.0179s/iter; left time: 157.2991s
	iters: 900, epoch: 2 | loss: 0.2381360
	speed: 0.0176s/iter; left time: 153.1562s
	iters: 1000, epoch: 2 | loss: 0.1815467
	speed: 0.0168s/iter; left time: 144.2553s
Epoch: 2 cost time: 18.18930745124817
Epoch: 2, Steps: 1067 | Train Loss: 0.2473416 Vali Loss: 0.3855896
EarlyStopping counter: 1 out of 10
Updating learning rate to 5e-05
	iters: 100, epoch: 3 | loss: 0.2268619
	speed: 0.0478s/iter; left time: 402.9158s
	iters: 200, epoch: 3 | loss: 0.2364568
	speed: 0.0163s/iter; left time: 135.6060s
	iters: 300, epoch: 3 | loss: 0.1907194
	speed: 0.0160s/iter; left time: 131.8017s
	iters: 400, epoch: 3 | loss: 0.2589767
	speed: 0.0166s/iter; left time: 135.1136s
	iters: 500, epoch: 3 | loss: 0.2580498
	speed: 0.0160s/iter; left time: 128.9652s
	iters: 600, epoch: 3 | loss: 0.2047319
	speed: 0.0159s/iter; left time: 126.1436s
	iters: 700, epoch: 3 | loss: 0.2311140
	speed: 0.0165s/iter; left time: 128.9255s
	iters: 800, epoch: 3 | loss: 0.2732447
	speed: 0.0164s/iter; left time: 126.7027s
	iters: 900, epoch: 3 | loss: 0.2616371
	speed: 0.0161s/iter; left time: 123.2755s
	iters: 1000, epoch: 3 | loss: 0.2094236
	speed: 0.0165s/iter; left time: 124.6007s
Epoch: 3 cost time: 17.357271909713745
Epoch: 3, Steps: 1067 | Train Loss: 0.2343251 Vali Loss: 0.3733474
Validation loss decreased (0.380076 --> 0.373347).  Saving model ...
Updating learning rate to 2.5e-05
	iters: 100, epoch: 4 | loss: 0.2052921
	speed: 0.0475s/iter; left time: 349.8614s
	iters: 200, epoch: 4 | loss: 0.2649414
	speed: 0.0162s/iter; left time: 117.4722s
	iters: 300, epoch: 4 | loss: 0.2193751
	speed: 0.0165s/iter; left time: 118.3135s
	iters: 400, epoch: 4 | loss: 0.2670707
	speed: 0.0163s/iter; left time: 115.5760s
	iters: 500, epoch: 4 | loss: 0.1947790
	speed: 0.0170s/iter; left time: 118.5057s
	iters: 600, epoch: 4 | loss: 0.1976985
	speed: 0.0175s/iter; left time: 120.0626s
	iters: 700, epoch: 4 | loss: 0.2829941
	speed: 0.0172s/iter; left time: 116.3171s
	iters: 800, epoch: 4 | loss: 0.2292742
	speed: 0.0176s/iter; left time: 117.1940s
	iters: 900, epoch: 4 | loss: 0.2110367
	speed: 0.0167s/iter; left time: 109.9434s
	iters: 1000, epoch: 4 | loss: 0.2769884
	speed: 0.0178s/iter; left time: 115.1754s
Epoch: 4 cost time: 18.01727557182312
Epoch: 4, Steps: 1067 | Train Loss: 0.2286803 Vali Loss: 0.3743263
EarlyStopping counter: 1 out of 10
Updating learning rate to 1.25e-05
	iters: 100, epoch: 5 | loss: 0.1816341
	speed: 0.0481s/iter; left time: 303.1023s
	iters: 200, epoch: 5 | loss: 0.2513658
	speed: 0.0167s/iter; left time: 103.4256s
	iters: 300, epoch: 5 | loss: 0.1787120
	speed: 0.0165s/iter; left time: 100.6906s
	iters: 400, epoch: 5 | loss: 0.2073628
	speed: 0.0168s/iter; left time: 100.7418s
	iters: 500, epoch: 5 | loss: 0.2363128
	speed: 0.0165s/iter; left time: 97.4942s
	iters: 600, epoch: 5 | loss: 0.2619913
	speed: 0.0164s/iter; left time: 95.2979s
	iters: 700, epoch: 5 | loss: 0.2086031
	speed: 0.0169s/iter; left time: 96.2131s
	iters: 800, epoch: 5 | loss: 0.2383251
	speed: 0.0165s/iter; left time: 92.4463s
	iters: 900, epoch: 5 | loss: 0.2581385
	speed: 0.0159s/iter; left time: 87.5893s
	iters: 1000, epoch: 5 | loss: 0.2334609
	speed: 0.0163s/iter; left time: 88.2303s
Epoch: 5 cost time: 17.640164852142334
Epoch: 5, Steps: 1067 | Train Loss: 0.2257948 Vali Loss: 0.3709682
Validation loss decreased (0.373347 --> 0.370968).  Saving model ...
Updating learning rate to 6.25e-06
	iters: 100, epoch: 6 | loss: 0.2273311
	speed: 0.0475s/iter; left time: 248.8731s
	iters: 200, epoch: 6 | loss: 0.2504273
	speed: 0.0159s/iter; left time: 81.9018s
	iters: 300, epoch: 6 | loss: 0.2209285
	speed: 0.0161s/iter; left time: 80.8320s
	iters: 400, epoch: 6 | loss: 0.2460116
	speed: 0.0163s/iter; left time: 80.3345s
	iters: 500, epoch: 6 | loss: 0.2074177
	speed: 0.0159s/iter; left time: 76.6983s
	iters: 600, epoch: 6 | loss: 0.2049014
	speed: 0.0169s/iter; left time: 80.2530s
	iters: 700, epoch: 6 | loss: 0.2133410
	speed: 0.0166s/iter; left time: 77.1392s
	iters: 800, epoch: 6 | loss: 0.2394695
	speed: 0.0168s/iter; left time: 76.2629s
	iters: 900, epoch: 6 | loss: 0.2081866
	speed: 0.0170s/iter; left time: 75.3895s
	iters: 1000, epoch: 6 | loss: 0.2136589
	speed: 0.0171s/iter; left time: 74.0949s
Epoch: 6 cost time: 17.558871746063232
Epoch: 6, Steps: 1067 | Train Loss: 0.2244632 Vali Loss: 0.3712426
EarlyStopping counter: 1 out of 10
Updating learning rate to 3.125e-06
	iters: 100, epoch: 7 | loss: 0.2339348
	speed: 0.0478s/iter; left time: 199.4608s
	iters: 200, epoch: 7 | loss: 0.2252047
	speed: 0.0170s/iter; left time: 69.3481s
	iters: 300, epoch: 7 | loss: 0.2096655
	speed: 0.0168s/iter; left time: 66.8715s
	iters: 400, epoch: 7 | loss: 0.1849257
	speed: 0.0168s/iter; left time: 65.0433s
	iters: 500, epoch: 7 | loss: 0.2538180
	speed: 0.0169s/iter; left time: 63.6935s
	iters: 600, epoch: 7 | loss: 0.2119578
	speed: 0.0170s/iter; left time: 62.4287s
	iters: 700, epoch: 7 | loss: 0.2453225
	speed: 0.0170s/iter; left time: 60.7381s
	iters: 800, epoch: 7 | loss: 0.2654864
	speed: 0.0170s/iter; left time: 58.8888s
	iters: 900, epoch: 7 | loss: 0.2533961
	speed: 0.0163s/iter; left time: 54.9052s
	iters: 1000, epoch: 7 | loss: 0.2142012
	speed: 0.0162s/iter; left time: 52.9425s
Epoch: 7 cost time: 17.83289122581482
Epoch: 7, Steps: 1067 | Train Loss: 0.2238669 Vali Loss: 0.3717768
EarlyStopping counter: 2 out of 10
Updating learning rate to 1.5625e-06
	iters: 100, epoch: 8 | loss: 0.2406277
	speed: 0.0473s/iter; left time: 146.8669s
	iters: 200, epoch: 8 | loss: 0.2111267
	speed: 0.0162s/iter; left time: 48.6269s
	iters: 300, epoch: 8 | loss: 0.1749558
	speed: 0.0162s/iter; left time: 47.0032s
	iters: 400, epoch: 8 | loss: 0.2007777
	speed: 0.0164s/iter; left time: 45.9856s
	iters: 500, epoch: 8 | loss: 0.1840683
	speed: 0.0172s/iter; left time: 46.5124s
	iters: 600, epoch: 8 | loss: 0.2248458
	speed: 0.0165s/iter; left time: 42.9701s
	iters: 700, epoch: 8 | loss: 0.2147594
	speed: 0.0161s/iter; left time: 40.2262s
	iters: 800, epoch: 8 | loss: 0.1922991
	speed: 0.0161s/iter; left time: 38.6144s
	iters: 900, epoch: 8 | loss: 0.2026061
	speed: 0.0171s/iter; left time: 39.3590s
	iters: 1000, epoch: 8 | loss: 0.2186937
	speed: 0.0172s/iter; left time: 37.9314s
Epoch: 8 cost time: 17.74636697769165
Epoch: 8, Steps: 1067 | Train Loss: 0.2233569 Vali Loss: 0.3709066
Validation loss decreased (0.370968 --> 0.370907).  Saving model ...
Updating learning rate to 7.8125e-07
	iters: 100, epoch: 9 | loss: 0.2217761
	speed: 0.0505s/iter; left time: 102.7479s
	iters: 200, epoch: 9 | loss: 0.2126507
	speed: 0.0166s/iter; left time: 32.0896s
	iters: 300, epoch: 9 | loss: 0.1958769
	speed: 0.0167s/iter; left time: 30.5758s
	iters: 400, epoch: 9 | loss: 0.2636725
	speed: 0.0166s/iter; left time: 28.8603s
	iters: 500, epoch: 9 | loss: 0.1992475
	speed: 0.0171s/iter; left time: 27.9442s
	iters: 600, epoch: 9 | loss: 0.2001355
	speed: 0.0172s/iter; left time: 26.3428s
	iters: 700, epoch: 9 | loss: 0.2196783
	speed: 0.0166s/iter; left time: 23.8170s
	iters: 800, epoch: 9 | loss: 0.2022681
	speed: 0.0161s/iter; left time: 21.5492s
	iters: 900, epoch: 9 | loss: 0.2102378
	speed: 0.0165s/iter; left time: 20.3650s
	iters: 1000, epoch: 9 | loss: 0.2992154
	speed: 0.0165s/iter; left time: 18.7514s
Epoch: 9 cost time: 17.84852361679077
Epoch: 9, Steps: 1067 | Train Loss: 0.2233363 Vali Loss: 0.3712322
EarlyStopping counter: 1 out of 10
Updating learning rate to 3.90625e-07
	iters: 100, epoch: 10 | loss: 0.2008825
	speed: 0.0482s/iter; left time: 46.6914s
	iters: 200, epoch: 10 | loss: 0.2133659
	speed: 0.0161s/iter; left time: 14.0115s
	iters: 300, epoch: 10 | loss: 0.2408116
	speed: 0.0160s/iter; left time: 12.2984s
	iters: 400, epoch: 10 | loss: 0.2427187
	speed: 0.0159s/iter; left time: 10.6206s
	iters: 500, epoch: 10 | loss: 0.1798681
	speed: 0.0161s/iter; left time: 9.1202s
	iters: 600, epoch: 10 | loss: 0.2006231
	speed: 0.0163s/iter; left time: 7.6501s
	iters: 700, epoch: 10 | loss: 0.2237535
	speed: 0.0167s/iter; left time: 6.1437s
	iters: 800, epoch: 10 | loss: 0.2010455
	speed: 0.0173s/iter; left time: 4.6299s
	iters: 900, epoch: 10 | loss: 0.2034706
	speed: 0.0173s/iter; left time: 2.9031s
	iters: 1000, epoch: 10 | loss: 0.3351378
	speed: 0.0170s/iter; left time: 1.1539s
Epoch: 10 cost time: 17.615829467773438
Epoch: 10, Steps: 1067 | Train Loss: 0.2231917 Vali Loss: 0.3714458
EarlyStopping counter: 2 out of 10
Updating learning rate to 1.953125e-07
VALIDATION_RESULT {"best_epoch": 8, "best_mae": 0.4065716608462265, "best_mse": 0.3709066237024035, "epochs_ran": 10, "metric_version": "element_weighted_v1", "train_duration_seconds": 201.0880974130705, "train_peak_cuda_memory_bytes": 269151232}
>>>>>>>testing : long_term_forecast_timemixer_ettm1_sl336_pl96_lr1e4_final_s2021_TimeMixer_ETTm1_ftM_sl336_ll0_pl96_dm16_nh4_el2_dl1_df32_expand2_dc4_fc3_ebtimeF_dtTrue_timemixer_ettm1_sl336_pl96_lr1e4_final_s2021_0<<<<<<<<<<<<<<<<<<<<<<<<<<<<<<<<<
test 11425
EVALUATION_RESULT {"batches": 358, "elapsed_seconds": 2.14765229774639, "elements": 7677600, "mae": 0.3469044201759369, "metric_version": "element_weighted_v1", "milliseconds_per_batch": 5.999028764654721, "mse": 0.2902500873950045, "origin_count": 11425, "origin_metric_version": "per_forecast_origin_mean_v1", "origin_metrics_path": "logs/q2_timemixer_ettm1_repair/checkpoints/long_term_forecast_timemixer_ettm1_sl336_pl96_lr1e4_final_s2021_TimeMixer_ETTm1_ftM_sl336_ll0_pl96_dm16_nh4_el2_dl1_df32_expand2_dc4_fc3_ebtimeF_dtTrue_timemixer_ettm1_sl336_pl96_lr1e4_final_s2021_0/test_origin_metrics.npz", "parameter_count": 733593, "peak_cuda_memory_bytes": 94583808, "split": "test", "test_accessed": true, "timerole_intervention": "intact"}
mse:0.2902500873950045, mae:0.3469044201759369, dtw:Not calculated
