Using GPU
Args in experiment:
[1mBasic Config[0m
  Task Name:          long_term_forecast  Is Training:        1                   
  Model ID:           timemixer_stable_weather_sl336_pl192_lr1e4_s2021Model:              TimeMixer           

[1mData Loader[0m
  Data:               custom              Root Path:          dataset/weather     
  Data Path:          weather.csv         Features:           M                   
  Target:             CO2 (ppm)           Freq:               t                   
  Checkpoints:        logs/q2_timemixer_stability/checkpoints

[1mForecasting Task[0m
  Seq Len:            336                 Label Len:          0                   
  Pred Len:           192                 Seasonal Patterns:  Monthly             
  Inverse:            0                   

[1mModel Parameters[0m
  Top k:              5                   Num Kernels:        6                   
  Enc In:             21                  Dec In:             21                  
  C Out:              21                  d model:            16                  
  n heads:            4                   e layers:           3                   
  d layers:           1                   d FF:               32                  
  Moving Avg:         25                  Factor:             3                   
  Distil:             1                   Dropout:            0.1                 
  Embed:              timeF               Activation:         gelu                

[1mRun Parameters[0m
  Num Workers:        0                   Itr:                1                   
  Train Epochs:       20                  Batch Size:         32                  
  Patience:           3                   Learning Rate:      0.0001              
  Des:                timemixer_stable_weather_sl336_pl192_lr1e4_s2021Loss:               MSE                 
  Lradj:              type1               Use Amp:            0                   

[1mGPU[0m
  Use GPU:            1                   GPU:                0                   
  Use Multi GPU:      0                   Devices:            0,1,2,3             

[1mDe-stationary Projector Params[0m
  P Hidden Dims:      128, 128            P Hidden Layers:    2                   

Use GPU: cuda:0
🚀 Lazy Loading: TimeMixer ...
>>>>>>>start training : long_term_forecast_timemixer_stable_weather_sl336_pl192_lr1e4_s2021_TimeMixer_custom_ftM_sl336_ll0_pl192_dm16_nh4_el3_dl1_df32_expand2_dc4_fc3_ebtimeF_dtTrue_timemixer_stable_weather_sl336_pl192_lr1e4_s2021_0>>>>>>>>>>>>>>>>>>>>>>>>>>
train 36360
val 5079
	iters: 100, epoch: 1 | loss: 1.2169710
	speed: 0.0304s/iter; left time: 688.3931s
	iters: 200, epoch: 1 | loss: 0.6768504
	speed: 0.0224s/iter; left time: 504.7746s
	iters: 300, epoch: 1 | loss: 0.5653740
	speed: 0.0225s/iter; left time: 503.9467s
	iters: 400, epoch: 1 | loss: 0.6058321
	speed: 0.0223s/iter; left time: 499.1106s
	iters: 500, epoch: 1 | loss: 0.4753493
	speed: 0.0221s/iter; left time: 491.0192s
	iters: 600, epoch: 1 | loss: 1.1229537
	speed: 0.0219s/iter; left time: 485.4306s
	iters: 700, epoch: 1 | loss: 0.4859456
	speed: 0.0223s/iter; left time: 491.6685s
	iters: 800, epoch: 1 | loss: 0.4780158
	speed: 0.0221s/iter; left time: 485.6970s
	iters: 900, epoch: 1 | loss: 0.6131335
	speed: 0.0225s/iter; left time: 491.0098s
	iters: 1000, epoch: 1 | loss: 0.9075457
	speed: 0.0226s/iter; left time: 492.4101s
	iters: 1100, epoch: 1 | loss: 0.3778010
	speed: 0.0230s/iter; left time: 497.6337s
Epoch: 1 cost time: 25.76156711578369
Epoch: 1, Steps: 1137 | Train Loss: 0.7039042 Vali Loss: 0.4953108
Validation loss decreased (inf --> 0.495311).  Saving model ...
Updating learning rate to 0.0001
	iters: 100, epoch: 2 | loss: 0.4953642
	speed: 0.0456s/iter; left time: 981.6558s
	iters: 200, epoch: 2 | loss: 0.3784777
	speed: 0.0226s/iter; left time: 483.7902s
	iters: 300, epoch: 2 | loss: 0.5035537
	speed: 0.0225s/iter; left time: 479.6530s
	iters: 400, epoch: 2 | loss: 0.5018532
	speed: 0.0223s/iter; left time: 472.0173s
	iters: 500, epoch: 2 | loss: 1.2994192
	speed: 0.0221s/iter; left time: 467.1693s
	iters: 600, epoch: 2 | loss: 0.5247226
	speed: 0.0226s/iter; left time: 474.5859s
	iters: 700, epoch: 2 | loss: 1.4839413
	speed: 0.0227s/iter; left time: 474.4818s
	iters: 800, epoch: 2 | loss: 0.3461693
	speed: 0.0226s/iter; left time: 469.9000s
	iters: 900, epoch: 2 | loss: 0.5074365
	speed: 0.0222s/iter; left time: 458.7779s
	iters: 1000, epoch: 2 | loss: 0.3626949
	speed: 0.0221s/iter; left time: 455.0065s
	iters: 1100, epoch: 2 | loss: 0.8635229
	speed: 0.0219s/iter; left time: 448.6866s
Epoch: 2 cost time: 25.440771341323853
Epoch: 2, Steps: 1137 | Train Loss: 0.4996360 Vali Loss: 0.4668201
Validation loss decreased (0.495311 --> 0.466820).  Saving model ...
Updating learning rate to 5e-05
	iters: 100, epoch: 3 | loss: 0.3860874
	speed: 0.0444s/iter; left time: 904.8919s
	iters: 200, epoch: 3 | loss: 0.8651879
	speed: 0.0217s/iter; left time: 439.9620s
	iters: 300, epoch: 3 | loss: 0.3676515
	speed: 0.0221s/iter; left time: 446.6730s
	iters: 400, epoch: 3 | loss: 0.4081794
	speed: 0.0228s/iter; left time: 458.0717s
	iters: 500, epoch: 3 | loss: 0.8946903
	speed: 0.0224s/iter; left time: 448.1374s
	iters: 600, epoch: 3 | loss: 0.4673652
	speed: 0.0222s/iter; left time: 441.5115s
	iters: 700, epoch: 3 | loss: 0.6982061
	speed: 0.0221s/iter; left time: 436.7724s
	iters: 800, epoch: 3 | loss: 0.2971057
	speed: 0.0224s/iter; left time: 440.8684s
	iters: 900, epoch: 3 | loss: 0.7424626
	speed: 0.0222s/iter; left time: 433.6206s
	iters: 1000, epoch: 3 | loss: 0.4270002
	speed: 0.0226s/iter; left time: 439.2160s
	iters: 1100, epoch: 3 | loss: 0.2949183
	speed: 0.0219s/iter; left time: 425.0488s
Epoch: 3 cost time: 25.27862858772278
Epoch: 3, Steps: 1137 | Train Loss: 0.4820653 Vali Loss: 0.4567753
Validation loss decreased (0.466820 --> 0.456775).  Saving model ...
Updating learning rate to 2.5e-05
	iters: 100, epoch: 4 | loss: 0.4299455
	speed: 0.0441s/iter; left time: 847.9174s
	iters: 200, epoch: 4 | loss: 0.4396207
	speed: 0.0221s/iter; left time: 423.3469s
	iters: 300, epoch: 4 | loss: 1.3348339
	speed: 0.0225s/iter; left time: 428.9341s
	iters: 400, epoch: 4 | loss: 0.4427857
	speed: 0.0223s/iter; left time: 421.2231s
	iters: 500, epoch: 4 | loss: 0.3017174
	speed: 0.0223s/iter; left time: 420.3478s
	iters: 600, epoch: 4 | loss: 0.8084374
	speed: 0.0224s/iter; left time: 419.4659s
	iters: 700, epoch: 4 | loss: 0.4165219
	speed: 0.0228s/iter; left time: 425.0126s
	iters: 800, epoch: 4 | loss: 0.8485472
	speed: 0.0224s/iter; left time: 415.2436s
	iters: 900, epoch: 4 | loss: 0.4090206
	speed: 0.0222s/iter; left time: 409.8886s
	iters: 1000, epoch: 4 | loss: 0.2792744
	speed: 0.0224s/iter; left time: 409.9335s
	iters: 1100, epoch: 4 | loss: 0.9252048
	speed: 0.0226s/iter; left time: 412.0816s
Epoch: 4 cost time: 25.451014041900635
Epoch: 4, Steps: 1137 | Train Loss: 0.4755931 Vali Loss: 0.4543178
Validation loss decreased (0.456775 --> 0.454318).  Saving model ...
Updating learning rate to 1.25e-05
	iters: 100, epoch: 5 | loss: 0.2931724
	speed: 0.0446s/iter; left time: 807.4221s
	iters: 200, epoch: 5 | loss: 0.3327127
	speed: 0.0219s/iter; left time: 394.1785s
	iters: 300, epoch: 5 | loss: 0.4036518
	speed: 0.0227s/iter; left time: 405.4605s
	iters: 400, epoch: 5 | loss: 0.3148822
	speed: 0.0223s/iter; left time: 396.4481s
	iters: 500, epoch: 5 | loss: 0.3563819
	speed: 0.0226s/iter; left time: 399.7243s
	iters: 600, epoch: 5 | loss: 0.4120376
	speed: 0.0224s/iter; left time: 394.2059s
	iters: 700, epoch: 5 | loss: 0.4204142
	speed: 0.0227s/iter; left time: 396.7456s
	iters: 800, epoch: 5 | loss: 0.4002151
	speed: 0.0228s/iter; left time: 396.8917s
	iters: 900, epoch: 5 | loss: 0.3572892
	speed: 0.0228s/iter; left time: 394.4625s
	iters: 1000, epoch: 5 | loss: 0.5704222
	speed: 0.0520s/iter; left time: 893.9554s
	iters: 1100, epoch: 5 | loss: 0.3926553
	speed: 0.0224s/iter; left time: 382.9115s
Epoch: 5 cost time: 28.518582105636597
Epoch: 5, Steps: 1137 | Train Loss: 0.4735519 Vali Loss: 0.4514181
Validation loss decreased (0.454318 --> 0.451418).  Saving model ...
Updating learning rate to 6.25e-06
	iters: 100, epoch: 6 | loss: 0.3928943
	speed: 0.0446s/iter; left time: 756.6518s
	iters: 200, epoch: 6 | loss: 0.4810774
	speed: 0.0226s/iter; left time: 380.4414s
	iters: 300, epoch: 6 | loss: 0.4867245
	speed: 0.0225s/iter; left time: 377.2090s
	iters: 400, epoch: 6 | loss: 0.4255054
	speed: 0.0228s/iter; left time: 380.1229s
	iters: 500, epoch: 6 | loss: 0.4697031
	speed: 0.0229s/iter; left time: 379.9154s
	iters: 600, epoch: 6 | loss: 0.4125111
	speed: 0.0224s/iter; left time: 368.0573s
	iters: 700, epoch: 6 | loss: 0.2903068
	speed: 0.0220s/iter; left time: 359.7394s
	iters: 800, epoch: 6 | loss: 0.5016547
	speed: 0.0221s/iter; left time: 360.0678s
	iters: 900, epoch: 6 | loss: 0.4087598
	speed: 0.0218s/iter; left time: 351.9855s
	iters: 1000, epoch: 6 | loss: 0.8802260
	speed: 0.0223s/iter; left time: 358.3766s
	iters: 1100, epoch: 6 | loss: 0.3836436
	speed: 0.0223s/iter; left time: 356.4612s
Epoch: 6 cost time: 25.445897579193115
Epoch: 6, Steps: 1137 | Train Loss: 0.4717899 Vali Loss: 0.4511202
Validation loss decreased (0.451418 --> 0.451120).  Saving model ...
Updating learning rate to 3.125e-06
	iters: 100, epoch: 7 | loss: 0.3377274
	speed: 0.0452s/iter; left time: 715.0395s
	iters: 200, epoch: 7 | loss: 0.3628710
	speed: 0.0222s/iter; left time: 348.2056s
	iters: 300, epoch: 7 | loss: 1.3270811
	speed: 0.0219s/iter; left time: 341.9139s
	iters: 400, epoch: 7 | loss: 0.5517495
	speed: 0.0223s/iter; left time: 345.5972s
	iters: 500, epoch: 7 | loss: 0.3744757
	speed: 0.0221s/iter; left time: 340.1055s
	iters: 600, epoch: 7 | loss: 0.4649234
	speed: 0.0223s/iter; left time: 341.1246s
	iters: 700, epoch: 7 | loss: 0.3436804
	speed: 0.0223s/iter; left time: 339.4127s
	iters: 800, epoch: 7 | loss: 0.3706515
	speed: 0.0225s/iter; left time: 339.9383s
	iters: 900, epoch: 7 | loss: 0.3451539
	speed: 0.0226s/iter; left time: 339.8925s
	iters: 1000, epoch: 7 | loss: 0.4390465
	speed: 0.0224s/iter; left time: 333.5018s
	iters: 1100, epoch: 7 | loss: 0.3841316
	speed: 0.0226s/iter; left time: 334.5154s
Epoch: 7 cost time: 25.392799377441406
Epoch: 7, Steps: 1137 | Train Loss: 0.4697367 Vali Loss: 0.4501986
Validation loss decreased (0.451120 --> 0.450199).  Saving model ...
Updating learning rate to 1.5625e-06
	iters: 100, epoch: 8 | loss: 0.3588275
	speed: 0.0448s/iter; left time: 657.1970s
	iters: 200, epoch: 8 | loss: 0.3288901
	speed: 0.0227s/iter; left time: 330.4877s
	iters: 300, epoch: 8 | loss: 0.8526771
	speed: 0.0226s/iter; left time: 326.9024s
	iters: 400, epoch: 8 | loss: 0.3960729
	speed: 0.0225s/iter; left time: 323.7041s
	iters: 500, epoch: 8 | loss: 0.3924811
	speed: 0.0226s/iter; left time: 322.2934s
	iters: 600, epoch: 8 | loss: 0.3143811
	speed: 0.0225s/iter; left time: 318.5742s
	iters: 700, epoch: 8 | loss: 0.3624648
	speed: 0.0226s/iter; left time: 318.1215s
	iters: 800, epoch: 8 | loss: 0.9048706
	speed: 0.0226s/iter; left time: 315.7782s
	iters: 900, epoch: 8 | loss: 0.2631292
	speed: 0.0228s/iter; left time: 315.9891s
	iters: 1000, epoch: 8 | loss: 0.4231529
	speed: 0.0222s/iter; left time: 305.4697s
	iters: 1100, epoch: 8 | loss: 0.7455493
	speed: 0.0225s/iter; left time: 307.3563s
Epoch: 8 cost time: 25.576152086257935
Epoch: 8, Steps: 1137 | Train Loss: 0.4693312 Vali Loss: 0.4498164
Validation loss decreased (0.450199 --> 0.449816).  Saving model ...
Updating learning rate to 7.8125e-07
	iters: 100, epoch: 9 | loss: 0.3788423
	speed: 0.0445s/iter; left time: 603.0028s
	iters: 200, epoch: 9 | loss: 0.3354468
	speed: 0.0225s/iter; left time: 301.9485s
	iters: 300, epoch: 9 | loss: 0.3732733
	speed: 0.0229s/iter; left time: 305.3749s
	iters: 400, epoch: 9 | loss: 0.3956580
	speed: 0.0224s/iter; left time: 297.3116s
	iters: 500, epoch: 9 | loss: 0.3606501
	speed: 0.0230s/iter; left time: 302.6085s
	iters: 600, epoch: 9 | loss: 0.4864134
	speed: 0.0228s/iter; left time: 296.8807s
	iters: 700, epoch: 9 | loss: 0.2893132
	speed: 0.0230s/iter; left time: 297.7782s
	iters: 800, epoch: 9 | loss: 0.9345792
	speed: 0.0225s/iter; left time: 289.3896s
	iters: 900, epoch: 9 | loss: 0.7490158
	speed: 0.0222s/iter; left time: 282.7267s
	iters: 1000, epoch: 9 | loss: 0.4162235
	speed: 0.0224s/iter; left time: 282.7422s
	iters: 1100, epoch: 9 | loss: 0.8271818
	speed: 0.0226s/iter; left time: 283.4053s
Epoch: 9 cost time: 25.692405939102173
Epoch: 9, Steps: 1137 | Train Loss: 0.4691427 Vali Loss: 0.4500624
EarlyStopping counter: 1 out of 3
Updating learning rate to 3.90625e-07
	iters: 100, epoch: 10 | loss: 0.4278706
	speed: 0.0450s/iter; left time: 557.7837s
	iters: 200, epoch: 10 | loss: 0.2888781
	speed: 0.0227s/iter; left time: 278.9994s
	iters: 300, epoch: 10 | loss: 0.4939302
	speed: 0.0222s/iter; left time: 270.9323s
	iters: 400, epoch: 10 | loss: 0.3857408
	speed: 0.0224s/iter; left time: 271.3182s
	iters: 500, epoch: 10 | loss: 0.8524548
	speed: 0.0224s/iter; left time: 268.4896s
	iters: 600, epoch: 10 | loss: 0.3511720
	speed: 0.0223s/iter; left time: 265.0456s
	iters: 700, epoch: 10 | loss: 0.4426148
	speed: 0.0224s/iter; left time: 264.9764s
	iters: 800, epoch: 10 | loss: 0.4432758
	speed: 0.0225s/iter; left time: 262.8934s
	iters: 900, epoch: 10 | loss: 0.4317622
	speed: 0.0222s/iter; left time: 257.3692s
	iters: 1000, epoch: 10 | loss: 0.3148786
	speed: 0.0229s/iter; left time: 263.9416s
	iters: 1100, epoch: 10 | loss: 0.3226073
	speed: 0.0227s/iter; left time: 258.5279s
Epoch: 10 cost time: 25.572109699249268
Epoch: 10, Steps: 1137 | Train Loss: 0.4690676 Vali Loss: 0.4500627
EarlyStopping counter: 2 out of 3
Updating learning rate to 1.953125e-07
	iters: 100, epoch: 11 | loss: 0.3303859
	speed: 0.0446s/iter; left time: 503.0272s
	iters: 200, epoch: 11 | loss: 0.3172209
	speed: 0.0224s/iter; left time: 250.6488s
	iters: 300, epoch: 11 | loss: 0.3479567
	speed: 0.0222s/iter; left time: 245.8524s
	iters: 400, epoch: 11 | loss: 0.4561422
	speed: 0.0223s/iter; left time: 244.9363s
	iters: 500, epoch: 11 | loss: 0.7492235
	speed: 0.0219s/iter; left time: 237.7371s
	iters: 600, epoch: 11 | loss: 0.4188845
	speed: 0.0221s/iter; left time: 237.6210s
	iters: 700, epoch: 11 | loss: 0.3390296
	speed: 0.0223s/iter; left time: 237.8132s
	iters: 800, epoch: 11 | loss: 0.3291254
	speed: 0.0225s/iter; left time: 237.4294s
	iters: 900, epoch: 11 | loss: 0.3472511
	speed: 0.0220s/iter; left time: 230.3022s
	iters: 1000, epoch: 11 | loss: 0.3909705
	speed: 0.0223s/iter; left time: 231.0754s
	iters: 1100, epoch: 11 | loss: 0.3313113
	speed: 0.0223s/iter; left time: 228.9002s
Epoch: 11 cost time: 25.267784118652344
Epoch: 11, Steps: 1137 | Train Loss: 0.4690243 Vali Loss: 0.4499835
EarlyStopping counter: 3 out of 3
Early stopping
VALIDATION_RESULT {"best_epoch": 8, "best_mae": 0.3194759582069937, "best_mse": 0.4498163969445216, "epochs_ran": 11, "metric_version": "element_weighted_v1"}
>>>>>>>testing : long_term_forecast_timemixer_stable_weather_sl336_pl192_lr1e4_s2021_TimeMixer_custom_ftM_sl336_ll0_pl192_dm16_nh4_el3_dl1_df32_expand2_dc4_fc3_ebtimeF_dtTrue_timemixer_stable_weather_sl336_pl192_lr1e4_s2021_0<<<<<<<<<<<<<<<<<<<<<<<<<<<<<<<<<
test 10348
test shape: (10348, 192, 21) (10348, 192, 21)
test shape: (10348, 192, 21) (10348, 192, 21)
mse:0.1949436068534851, mae:0.2432173639535904, dtw:Not calculated
