Using GPU
Args in experiment:
[1mBasic Config[0m
  Task Name:          long_term_forecast  Is Training:        1                   
  Model ID:           ETTh1_96_96_baseline_v1Model:              GraphMamba          

[1mData Loader[0m
  Data:               ETTh1               Root Path:          /home/cwh/Time-Series-Library/dataset/ETT-small
  Data Path:          ETTh1.csv           Features:           M                   
  Target:             OT                  Freq:               h                   
  Checkpoints:        ./checkpoints/      

[1mForecasting Task[0m
  Seq Len:            96                  Label Len:          48                  
  Pred Len:           96                  Seasonal Patterns:  Monthly             
  Inverse:            0                   

[1mModel Parameters[0m
  Top k:              5                   Num Kernels:        6                   
  Enc In:             7                   Dec In:             7                   
  C Out:              7                   d model:            64                  
  n heads:            8                   e layers:           1                   
  d layers:           1                   d FF:               128                 
  Moving Avg:         25                  Factor:             1                   
  Distil:             1                   Dropout:            0.1                 
  Embed:              timeF               Activation:         gelu                

[1mRun Parameters[0m
  Num Workers:        0                   Itr:                1                   
  Train Epochs:       100                 Batch Size:         32                  
  Patience:           6                   Learning Rate:      0.0005              
  Des:                baseline_v1         Loss:               MSE                 
  Lradj:              type1               Use Amp:            0                   

[1mGPU[0m
  Use GPU:            1                   GPU:                0                   
  Use Multi GPU:      0                   Devices:            0,1,2,3             

[1mDe-stationary Projector Params[0m
  P Hidden Dims:      128, 128            P Hidden Layers:    2                   

Use GPU: cuda:0
🚀 Lazy Loading: GraphMamba ...
[GraphMamba] Building 7x7 static graph from 2000 training samples
>>>>>>>start training : long_term_forecast_ETTh1_96_96_baseline_v1_GraphMamba_ETTh1_ftM_sl96_ll48_pl96_dm64_nh8_el1_dl1_df128_expand2_dc2_fc1_ebtimeF_dtTrue_baseline_v1_0_patch4_st2_ds32_mv1_bi1_ga0.5_gk2>>>>>>>>>>>>>>>>>>>>>>>>>>
train 8449
val 2785
	iters: 100, epoch: 1 | loss: 0.6528369
	speed: 0.0108s/iter; left time: 284.4323s
	iters: 200, epoch: 1 | loss: 0.3042212
	speed: 0.0088s/iter; left time: 230.3310s
Epoch: 1 cost time: 2.5167150497436523
Epoch: 1, Steps: 265 | Train Loss: 0.4336476 Vali Loss: 0.7052701
Validation loss decreased (inf --> 0.705270).  Saving model ...
Updating learning rate to 0.0005
	iters: 100, epoch: 2 | loss: 0.3793514
	speed: 0.0172s/iter; left time: 450.6106s
	iters: 200, epoch: 2 | loss: 0.2894446
	speed: 0.0089s/iter; left time: 231.4896s
Epoch: 2 cost time: 2.3130593299865723
Epoch: 2, Steps: 265 | Train Loss: 0.3665824 Vali Loss: 0.6976001
Validation loss decreased (0.705270 --> 0.697600).  Saving model ...
Updating learning rate to 0.00025
	iters: 100, epoch: 3 | loss: 0.3570189
	speed: 0.0175s/iter; left time: 452.5138s
	iters: 200, epoch: 3 | loss: 0.3160341
	speed: 0.0087s/iter; left time: 224.1921s
Epoch: 3 cost time: 2.311741590499878
Epoch: 3, Steps: 265 | Train Loss: 0.3582834 Vali Loss: 0.7021296
EarlyStopping counter: 1 out of 6
Updating learning rate to 0.000125
	iters: 100, epoch: 4 | loss: 0.4136455
	speed: 0.0174s/iter; left time: 446.5536s
	iters: 200, epoch: 4 | loss: 0.3249421
	speed: 0.0087s/iter; left time: 222.3370s
Epoch: 4 cost time: 2.318537473678589
Epoch: 4, Steps: 265 | Train Loss: 0.3535124 Vali Loss: 0.6953478
Validation loss decreased (0.697600 --> 0.695348).  Saving model ...
Updating learning rate to 6.25e-05
	iters: 100, epoch: 5 | loss: 0.3950464
	speed: 0.0175s/iter; left time: 444.3978s
	iters: 200, epoch: 5 | loss: 0.3172114
	speed: 0.0088s/iter; left time: 222.7670s
Epoch: 5 cost time: 2.3261256217956543
Epoch: 5, Steps: 265 | Train Loss: 0.3498923 Vali Loss: 0.6972568
EarlyStopping counter: 1 out of 6
Updating learning rate to 3.125e-05
	iters: 100, epoch: 6 | loss: 0.3825606
	speed: 0.0173s/iter; left time: 432.7127s
	iters: 200, epoch: 6 | loss: 0.3574020
	speed: 0.0088s/iter; left time: 219.4680s
Epoch: 6 cost time: 2.3065085411071777
Epoch: 6, Steps: 265 | Train Loss: 0.3485715 Vali Loss: 0.7019743
EarlyStopping counter: 2 out of 6
Updating learning rate to 1.5625e-05
	iters: 100, epoch: 7 | loss: 0.3628465
	speed: 0.0175s/iter; left time: 434.7585s
	iters: 200, epoch: 7 | loss: 0.3219472
	speed: 0.0089s/iter; left time: 219.1311s
Epoch: 7 cost time: 2.3376383781433105
Epoch: 7, Steps: 265 | Train Loss: 0.3476629 Vali Loss: 0.6963555
EarlyStopping counter: 3 out of 6
Updating learning rate to 7.8125e-06
	iters: 100, epoch: 8 | loss: 0.3337305
	speed: 0.0174s/iter; left time: 427.8105s
	iters: 200, epoch: 8 | loss: 0.3582744
	speed: 0.0087s/iter; left time: 211.9429s
Epoch: 8 cost time: 2.306588888168335
Epoch: 8, Steps: 265 | Train Loss: 0.3472679 Vali Loss: 0.6955253
EarlyStopping counter: 4 out of 6
Updating learning rate to 3.90625e-06
	iters: 100, epoch: 9 | loss: 0.2866124
	speed: 0.0175s/iter; left time: 423.9884s
	iters: 200, epoch: 9 | loss: 0.3156736
	speed: 0.0087s/iter; left time: 211.0476s
Epoch: 9 cost time: 2.3171722888946533
Epoch: 9, Steps: 265 | Train Loss: 0.3464492 Vali Loss: 0.6967682
EarlyStopping counter: 5 out of 6
Updating learning rate to 1.953125e-06
	iters: 100, epoch: 10 | loss: 0.3512891
	speed: 0.0174s/iter; left time: 418.2877s
	iters: 200, epoch: 10 | loss: 0.3049238
	speed: 0.0087s/iter; left time: 208.0128s
Epoch: 10 cost time: 2.3241500854492188
Epoch: 10, Steps: 265 | Train Loss: 0.3465910 Vali Loss: 0.6967598
EarlyStopping counter: 6 out of 6
Early stopping
VALIDATION_RESULT {"best_epoch": 4, "best_mae": 0.5498589359553153, "best_mse": 0.6953477640829504, "epochs_ran": 10, "metric_version": "element_weighted_v1"}
>>>>>>>testing : long_term_forecast_ETTh1_96_96_baseline_v1_GraphMamba_ETTh1_ftM_sl96_ll48_pl96_dm64_nh8_el1_dl1_df128_expand2_dc2_fc1_ebtimeF_dtTrue_baseline_v1_0_patch4_st2_ds32_mv1_bi1_ga0.5_gk2<<<<<<<<<<<<<<<<<<<<<<<<<<<<<<<<<
test 2785
test shape: (2785, 96, 7) (2785, 96, 7)
test shape: (2785, 96, 7) (2785, 96, 7)
mse:0.37565165758132935, mae:0.3935977518558502, dtw:Not calculated
