Using GPU
Args in experiment:
[1mBasic Config[0m
  Task Name:          long_term_forecast  Is Training:        1                   
  Model ID:           p0_dlinear_electricity_l336_h96_s2021Model:              DLinear             

[1mData Loader[0m
  Data:               custom              Root Path:          /home/cwh/Time-Series-Library/dataset/electricity
  Data Path:          electricity.csv     Features:           M                   
  Target:             0                   Freq:               h                   
  Checkpoints:        /home/cwh/Time-Series-Library/logs/timerole_p0/ecl_solar/pilot/checkpoints

[1mForecasting Task[0m
  Seq Len:            336                 Label Len:          48                  
  Pred Len:           96                  Seasonal Patterns:  Monthly             
  Inverse:            0                   

[1mModel Parameters[0m
  Top k:              5                   Num Kernels:        6                   
  Enc In:             321                 Dec In:             321                 
  C Out:              321                 d model:            32                  
  n heads:            4                   e layers:           2                   
  d layers:           1                   d FF:               64                  
  Moving Avg:         25                  Factor:             3                   
  Distil:             1                   Dropout:            0.1                 
  Embed:              timeF               Activation:         gelu                

[1mRun Parameters[0m
  Num Workers:        0                   Itr:                1                   
  Train Epochs:       2                   Batch Size:         8                   
  Patience:           2                   Learning Rate:      0.0001              
  Des:                p0_dlinear_electricity_l336_h96_s2021Loss:               MSE                 
  Lradj:              type1               Use Amp:            0                   

[1mGPU[0m
  Use GPU:            1                   GPU:                0                   
  Use Multi GPU:      0                   Devices:            0,1,2,3             

[1mDe-stationary Projector Params[0m
  P Hidden Dims:      128, 128            P Hidden Layers:    2                   

Use GPU: cuda:0
🚀 Lazy Loading: DLinear ...
>>>>>>>start training : long_term_forecast_p0_dlinear_electricity_l336_h96_s2021_DLinear_custom_ftM_sl336_ll48_pl96_dm32_nh4_el2_dl1_df64_expand2_dc4_fc3_ebtimeF_dtTrue_p0_dlinear_electricity_l336_h96_s2021_0>>>>>>>>>>>>>>>>>>>>>>>>>>
train 17981
val 2537
	iters: 100, epoch: 1 | loss: 0.2982793
	speed: 0.0108s/iter; left time: 47.4631s
	iters: 200, epoch: 1 | loss: 0.2056355
	speed: 0.0049s/iter; left time: 20.8861s
	iters: 300, epoch: 1 | loss: 0.2679136
	speed: 0.0045s/iter; left time: 19.0553s
	iters: 400, epoch: 1 | loss: 0.1849479
	speed: 0.0045s/iter; left time: 18.3193s
	iters: 500, epoch: 1 | loss: 0.1678330
	speed: 0.0045s/iter; left time: 18.0413s
	iters: 600, epoch: 1 | loss: 0.1679084
	speed: 0.0042s/iter; left time: 16.2675s
	iters: 700, epoch: 1 | loss: 0.1610571
	speed: 0.0045s/iter; left time: 17.2511s
	iters: 800, epoch: 1 | loss: 0.2654600
	speed: 0.0046s/iter; left time: 17.1811s
	iters: 900, epoch: 1 | loss: 0.2140809
	speed: 0.0045s/iter; left time: 16.3140s
	iters: 1000, epoch: 1 | loss: 0.1394700
	speed: 0.0045s/iter; left time: 15.6583s
	iters: 1100, epoch: 1 | loss: 0.1341506
	speed: 0.0046s/iter; left time: 15.5099s
	iters: 1200, epoch: 1 | loss: 0.1608342
	speed: 0.0051s/iter; left time: 16.7412s
	iters: 1300, epoch: 1 | loss: 0.2225960
	speed: 0.0045s/iter; left time: 14.3857s
	iters: 1400, epoch: 1 | loss: 0.1391475
	speed: 0.0047s/iter; left time: 14.5842s
	iters: 1500, epoch: 1 | loss: 0.1290639
	speed: 0.0049s/iter; left time: 14.5777s
	iters: 1600, epoch: 1 | loss: 0.1436450
	speed: 0.0051s/iter; left time: 14.7354s
	iters: 1700, epoch: 1 | loss: 0.1472497
	speed: 0.0047s/iter; left time: 13.2056s
	iters: 1800, epoch: 1 | loss: 0.1893160
	speed: 0.0048s/iter; left time: 12.8508s
	iters: 1900, epoch: 1 | loss: 0.1463814
	speed: 0.0048s/iter; left time: 12.4079s
	iters: 2000, epoch: 1 | loss: 0.1514841
	speed: 0.0045s/iter; left time: 11.3463s
	iters: 2100, epoch: 1 | loss: 0.1905746
	speed: 0.0050s/iter; left time: 11.9627s
	iters: 2200, epoch: 1 | loss: 0.1469859
	speed: 0.0043s/iter; left time: 9.7652s
Epoch: 1 cost time: 10.53755807876587
Epoch: 1, Steps: 2248 | Train Loss: 0.1738384 Vali Loss: 0.1257641
Validation loss decreased (inf --> 0.125764).  Saving model ...
Updating learning rate to 0.0001
	iters: 100, epoch: 2 | loss: 0.2219975
	speed: 0.0169s/iter; left time: 36.2676s
	iters: 200, epoch: 2 | loss: 0.1676298
	speed: 0.0045s/iter; left time: 9.1247s
	iters: 300, epoch: 2 | loss: 0.1323841
	speed: 0.0044s/iter; left time: 8.5624s
	iters: 400, epoch: 2 | loss: 0.1976050
	speed: 0.0045s/iter; left time: 8.3372s
	iters: 500, epoch: 2 | loss: 0.1342647
	speed: 0.0046s/iter; left time: 8.0602s
	iters: 600, epoch: 2 | loss: 0.1260461
	speed: 0.0047s/iter; left time: 7.7477s
	iters: 700, epoch: 2 | loss: 0.1356892
	speed: 0.0044s/iter; left time: 6.8109s
	iters: 800, epoch: 2 | loss: 0.1556438
	speed: 0.0045s/iter; left time: 6.5442s
	iters: 900, epoch: 2 | loss: 0.1253094
	speed: 0.0047s/iter; left time: 6.3311s
	iters: 1000, epoch: 2 | loss: 0.1763254
	speed: 0.0048s/iter; left time: 5.9964s
	iters: 1100, epoch: 2 | loss: 0.1286195
	speed: 0.0045s/iter; left time: 5.1909s
	iters: 1200, epoch: 2 | loss: 0.1170599
	speed: 0.0044s/iter; left time: 4.5965s
	iters: 1300, epoch: 2 | loss: 0.1404435
	speed: 0.0044s/iter; left time: 4.2195s
	iters: 1400, epoch: 2 | loss: 0.1316205
	speed: 0.0045s/iter; left time: 3.8039s
	iters: 1500, epoch: 2 | loss: 0.1141838
	speed: 0.0047s/iter; left time: 3.5346s
	iters: 1600, epoch: 2 | loss: 0.1096373
	speed: 0.0046s/iter; left time: 2.9563s
	iters: 1700, epoch: 2 | loss: 0.1945719
	speed: 0.0047s/iter; left time: 2.5862s
	iters: 1800, epoch: 2 | loss: 0.1871441
	speed: 0.0048s/iter; left time: 2.1354s
	iters: 1900, epoch: 2 | loss: 0.1309514
	speed: 0.0044s/iter; left time: 1.5477s
	iters: 2000, epoch: 2 | loss: 0.1127494
	speed: 0.0046s/iter; left time: 1.1436s
	iters: 2100, epoch: 2 | loss: 0.1195501
	speed: 0.0044s/iter; left time: 0.6627s
	iters: 2200, epoch: 2 | loss: 0.1789604
	speed: 0.0044s/iter; left time: 0.2132s
Epoch: 2 cost time: 10.255409240722656
Epoch: 2, Steps: 2248 | Train Loss: 0.1441271 Vali Loss: 0.1220381
Validation loss decreased (0.125764 --> 0.122038).  Saving model ...
Updating learning rate to 5e-05
VALIDATION_RESULT {"best_epoch": 2, "best_mae": 0.22154096282185318, "best_mse": 0.12203813608752113, "epochs_ran": 2, "metric_version": "element_weighted_v1"}
>>>>>>>test skipped (validation-only run)<<<<<<<<<<<<<<<<<<<<<<<<
