COMMAND /home/cwh/Time-Series-Library/.venv/bin/python -u /home/cwh/Time-Series-Library/external/timerole_p0/Attraos/run.py --task_name long_term_forecast --is_training 1 --model_id p0_attraos_ettm1_h96_s2021 --model Attraos --seed 2021 --data ETTm1 --root_path /home/cwh/Time-Series-Library/dataset/ETT-small --data_path ETTm1.csv --features M --target OT --freq t --seq_len 336 --label_len 48 --pred_len 96 --enc_in 7 --dec_in 7 --c_out 7 --patch_len 16 --stride 16 --e_layers 1 --batch_size 32 --learning_rate 0.0001 --train_epochs 2 --patience 2 --num_workers 0 --gpu 0 --checkpoints /home/cwh/Time-Series-Library/logs/timerole_p0/closest/attraos_pilot/checkpoints --des p0_attraos_ettm1_h96_s2021 --itr 1 --test_after_train 0 --evaluation_split val --FFT_evolve True --multi_res True
True
Args in experiment:
[1mBasic Config[0m
  Task Name:          long_term_forecast  Is Training:        1                   
  Model ID:           p0_attraos_ettm1_h96_s2021Model:              Attraos             

[1mData Loader[0m
  Data:               ETTm1               Root Path:          /home/cwh/Time-Series-Library/dataset/ETT-small
  Data Path:          ETTm1.csv           Features:           M                   
  Target:             OT                  Freq:               t                   
  Checkpoints:        /home/cwh/Time-Series-Library/logs/timerole_p0/closest/attraos_pilot/checkpoints

[1mForecasting Task[0m
  Seq Len:            336                 Label Len:          48                  
  Pred Len:           96                  Seasonal Patterns:  Monthly             
  Inverse:            0                   

[1mModel Parameters[0m
  Top k:              5                   Num Kernels:        6                   
  Enc In:             7                   Dec In:             7                   
  C Out:              7                   d model:            512                 
  n heads:            8                   e layers:           1                   
  d layers:           1                   d FF:               2048                
  Moving Avg:         25                  Factor:             1                   
  Distil:             1                   Dropout:            0.1                 
  Embed:              timeF               Activation:         gelu                
  Output Attention:   0                   

[1mRun Parameters[0m
  Num Workers:        0                   Itr:                1                   
  Train Epochs:       2                   Batch Size:         32                  
  Patience:           2                   Learning Rate:      0.0001              
  Des:                p0_attraos_ettm1_h96_s2021Loss:               MSE                 
  Lradj:              type1               Use Amp:            0                   

[1mGPU[0m
  Use GPU:            1                   GPU:                0                   
  Use Multi GPU:      0                   Devices:            0,1,2,3             

[1mDe-stationary Projector Params[0m
  P Hidden Dims:      128, 128            P Hidden Layers:    2                   

Use GPU: cuda:0
>>>>>>>start training : long_term_forecast_p0_attraos_ettm1_h96_s2021_Attraos_ETTm1_ftM_sl336_ll48_pl96_dm512_nh8_el1_dl1_df2048_fc1_ebtimeF_dtTrue_p0_attraos_ettm1_h96_s2021_0>>>>>>>>>>>>>>>>>>>>>>>>>>
train 34129
val 11425
Traceback (most recent call last):
  File "/home/cwh/Time-Series-Library/external/timerole_p0/Attraos/run.py", line 251, in <module>
    exp.train(setting)
  File "/home/cwh/Time-Series-Library/external/timerole_p0/Attraos/exp/exp_long_term_forecasting.py", line 147, in train
    early_stopping = EarlyStopping(patience=self.args.patience, verbose=True)
                     ^^^^^^^^^^^^^^^^^^^^^^^^^^^^^^^^^^^^^^^^^^^^^^^^^^^^^^^^
  File "/home/cwh/Time-Series-Library/external/timerole_p0/Attraos/utils/tools.py", line 37, in __init__
    self.val_loss_min = np.Inf
                        ^^^^^^
  File "/home/cwh/Time-Series-Library/.venv/lib/python3.11/site-packages/numpy/__init__.py", line 400, in __getattr__
    raise AttributeError(
AttributeError: `np.Inf` was removed in the NumPy 2.0 release. Use `np.inf` instead.
PILOT_RESULT {"command": ["/home/cwh/Time-Series-Library/.venv/bin/python", "-u", "/home/cwh/Time-Series-Library/external/timerole_p0/Attraos/run.py", "--task_name", "long_term_forecast", "--is_training", "1", "--model_id", "p0_attraos_ettm1_h96_s2021", "--model", "Attraos", "--seed", "2021", "--data", "ETTm1", "--root_path", "/home/cwh/Time-Series-Library/dataset/ETT-small", "--data_path", "ETTm1.csv", "--features", "M", "--target", "OT", "--freq", "t", "--seq_len", "336", "--label_len", "48", "--pred_len", "96", "--enc_in", "7", "--dec_in", "7", "--c_out", "7", "--patch_len", "16", "--stride", "16", "--e_layers", "1", "--batch_size", "32", "--learning_rate", "0.0001", "--train_epochs", "2", "--patience", "2", "--num_workers", "0", "--gpu", "0", "--checkpoints", "/home/cwh/Time-Series-Library/logs/timerole_p0/closest/attraos_pilot/checkpoints", "--des", "p0_attraos_ettm1_h96_s2021", "--itr", "1", "--test_after_train", "0", "--evaluation_split", "val", "--FFT_evolve", "True", "--multi_res", "True"], "dataset": "ETTm1", "duration_seconds": 4.647, "horizon": 96, "log_path": "/home/cwh/Time-Series-Library/logs/timerole_p0/closest/attraos_pilot/attraos_ettm1_h96_s2021.log", "model": "Attraos", "official_commit": "b2c7307269a844d6ae2608a0180c22d4a8b711f4", "recorded_at": "2026-08-24T01:05:29.486271+08:00", "return_code": 1, "seed": 2021, "seq_len": 336, "split": "validation", "stage": "compatibility_pilot", "status": "failed", "test_accessed": null}
Attraos pilot failed; no automatic retry
