Using GPU
Args in experiment:
[1mBasic Config[0m
  Task Name:          long_term_forecast  Is Training:        1                   
  Model ID:           timerole_weather_sl336_pl720_s2023Model:              TimeRole            

[1mData Loader[0m
  Data:               custom              Root Path:          /home/cwh/Time-Series-Library/dataset/weather
  Data Path:          weather.csv         Features:           M                   
  Target:             CO2 (ppm)           Freq:               h                   
  Checkpoints:        /home/cwh/Time-Series-Library/logs/timerole_table2_multiseed/checkpoints

[1mForecasting Task[0m
  Seq Len:            336                 Label Len:          48                  
  Pred Len:           720                 Seasonal Patterns:  Monthly             
  Inverse:            0                   

[1mModel Parameters[0m
  Top k:              5                   Num Kernels:        6                   
  Enc In:             21                  Dec In:             21                  
  C Out:              21                  d model:            64                  
  n heads:            8                   e layers:           1                   
  d layers:           1                   d FF:               128                 
  Moving Avg:         25                  Factor:             1                   
  Distil:             1                   Dropout:            0.1                 
  Embed:              timeF               Activation:         gelu                

[1mRun Parameters[0m
  Num Workers:        0                   Itr:                1                   
  Train Epochs:       100                 Batch Size:         32                  
  Patience:           6                   Learning Rate:      0.0005              
  Des:                timerole_weather_sl336_pl720_s2023Loss:               MSE                 
  Lradj:              type1               Use Amp:            0                   

[1mGPU[0m
  Use GPU:            1                   GPU:                0                   
  Use Multi GPU:      0                   Devices:            0,1,2,3             

[1mDe-stationary Projector Params[0m
  P Hidden Dims:      128, 128            P Hidden Layers:    2                   

Use GPU: cuda:0
🚀 Lazy Loading: TimeRole ...
[GraphMamba] Loaded static graph: /home/cwh/Time-Series-Library/dataset/weather/weather_adj_train_custom_M_uniform_2000_seed2023.npy
>>>>>>>start training : long_term_forecast_timerole_weather_sl336_pl720_s2023_TimeRole_custom_ftM_sl336_ll48_pl720_dm64_nh8_el1_dl1_df128_expand2_dc2_fc1_ebtimeF_dtTrue_timerole_weather_sl336_pl720_s2023_0>>>>>>>>>>>>>>>>>>>>>>>>>>
train 35832
val 4551
	iters: 100, epoch: 1 | loss: 1.0725009
	speed: 0.0288s/iter; left time: 3220.4273s
	iters: 200, epoch: 1 | loss: 0.7640743
	speed: 0.0267s/iter; left time: 2982.4820s
	iters: 300, epoch: 1 | loss: 0.7317105
	speed: 0.0265s/iter; left time: 2955.8907s
	iters: 400, epoch: 1 | loss: 0.5542579
	speed: 0.0265s/iter; left time: 2956.7013s
	iters: 500, epoch: 1 | loss: 0.6639335
	speed: 0.0264s/iter; left time: 2941.7276s
	iters: 600, epoch: 1 | loss: 0.5936086
	speed: 0.0265s/iter; left time: 2947.1508s
	iters: 700, epoch: 1 | loss: 0.4642763
	speed: 0.0264s/iter; left time: 2939.1041s
	iters: 800, epoch: 1 | loss: 0.5838457
	speed: 0.0265s/iter; left time: 2950.3626s
	iters: 900, epoch: 1 | loss: 0.6765583
	speed: 0.0266s/iter; left time: 2956.9565s
	iters: 1000, epoch: 1 | loss: 0.5903686
	speed: 0.0265s/iter; left time: 2940.3817s
	iters: 1100, epoch: 1 | loss: 0.7577153
	speed: 0.0265s/iter; left time: 2941.2409s
Epoch: 1 cost time: 29.917380332946777
Epoch: 1, Steps: 1120 | Train Loss: 0.6852064 Vali Loss: 0.6747469
Validation loss decreased (inf --> 0.674747).  Saving model ...
Updating learning rate to 0.0005
	iters: 100, epoch: 2 | loss: 0.5911099
	speed: 0.0462s/iter; left time: 5118.7928s
	iters: 200, epoch: 2 | loss: 0.6880041
	speed: 0.0265s/iter; left time: 2927.7051s
	iters: 300, epoch: 2 | loss: 0.8688232
	speed: 0.0263s/iter; left time: 2908.4112s
	iters: 400, epoch: 2 | loss: 0.7732126
	speed: 0.0264s/iter; left time: 2918.5866s
	iters: 500, epoch: 2 | loss: 0.5374281
	speed: 0.0266s/iter; left time: 2931.3142s
	iters: 600, epoch: 2 | loss: 0.8286868
	speed: 0.0264s/iter; left time: 2916.3382s
	iters: 700, epoch: 2 | loss: 0.4557956
	speed: 0.0265s/iter; left time: 2916.3829s
	iters: 800, epoch: 2 | loss: 0.6412326
	speed: 0.0265s/iter; left time: 2919.0533s
	iters: 900, epoch: 2 | loss: 0.5527716
	speed: 0.0266s/iter; left time: 2924.1013s
	iters: 1000, epoch: 2 | loss: 0.8765763
	speed: 0.0265s/iter; left time: 2916.8556s
	iters: 1100, epoch: 2 | loss: 0.7919666
	speed: 0.0264s/iter; left time: 2899.6473s
Epoch: 2 cost time: 29.624906539916992
Epoch: 2, Steps: 1120 | Train Loss: 0.6164939 Vali Loss: 0.6609171
Validation loss decreased (0.674747 --> 0.660917).  Saving model ...
Updating learning rate to 0.00025
	iters: 100, epoch: 3 | loss: 0.4919060
	speed: 0.0466s/iter; left time: 5111.6938s
	iters: 200, epoch: 3 | loss: 0.6126019
	speed: 0.0263s/iter; left time: 2886.9198s
	iters: 300, epoch: 3 | loss: 0.6683139
	speed: 0.0264s/iter; left time: 2894.7992s
	iters: 400, epoch: 3 | loss: 0.8189083
	speed: 0.0264s/iter; left time: 2883.2922s
	iters: 500, epoch: 3 | loss: 0.5327768
	speed: 0.0264s/iter; left time: 2882.8317s
	iters: 600, epoch: 3 | loss: 0.5481151
	speed: 0.0263s/iter; left time: 2868.2774s
	iters: 700, epoch: 3 | loss: 0.5313883
	speed: 0.0264s/iter; left time: 2882.9787s
	iters: 800, epoch: 3 | loss: 0.5798774
	speed: 0.0265s/iter; left time: 2890.3081s
	iters: 900, epoch: 3 | loss: 0.8132624
	speed: 0.0266s/iter; left time: 2891.3774s
	iters: 1000, epoch: 3 | loss: 0.4911364
	speed: 0.0266s/iter; left time: 2896.8669s
	iters: 1100, epoch: 3 | loss: 0.5780767
	speed: 0.0266s/iter; left time: 2892.7350s
Epoch: 3 cost time: 29.62989616394043
Epoch: 3, Steps: 1120 | Train Loss: 0.6057526 Vali Loss: 0.6568892
Validation loss decreased (0.660917 --> 0.656889).  Saving model ...
Updating learning rate to 0.000125
	iters: 100, epoch: 4 | loss: 0.5450955
	speed: 0.0464s/iter; left time: 5038.5399s
	iters: 200, epoch: 4 | loss: 0.6391062
	speed: 0.0265s/iter; left time: 2870.4882s
	iters: 300, epoch: 4 | loss: 0.4901322
	speed: 0.0264s/iter; left time: 2856.8319s
	iters: 400, epoch: 4 | loss: 0.5612276
	speed: 0.0265s/iter; left time: 2864.2890s
	iters: 500, epoch: 4 | loss: 0.6472408
	speed: 0.0264s/iter; left time: 2853.2698s
	iters: 600, epoch: 4 | loss: 0.5401026
	speed: 0.0264s/iter; left time: 2847.2799s
	iters: 700, epoch: 4 | loss: 0.6178137
	speed: 0.0266s/iter; left time: 2871.8661s
	iters: 800, epoch: 4 | loss: 0.5484394
	speed: 0.0265s/iter; left time: 2858.9788s
	iters: 900, epoch: 4 | loss: 0.4986574
	speed: 0.0266s/iter; left time: 2867.3554s
	iters: 1000, epoch: 4 | loss: 0.4873290
	speed: 0.0265s/iter; left time: 2856.7522s
	iters: 1100, epoch: 4 | loss: 0.6176661
	speed: 0.0266s/iter; left time: 2862.0396s
Epoch: 4 cost time: 29.65322494506836
Epoch: 4, Steps: 1120 | Train Loss: 0.5978205 Vali Loss: 0.6494465
Validation loss decreased (0.656889 --> 0.649447).  Saving model ...
Updating learning rate to 6.25e-05
	iters: 100, epoch: 5 | loss: 0.6553866
	speed: 0.0465s/iter; left time: 4993.5376s
	iters: 200, epoch: 5 | loss: 0.7725264
	speed: 0.0267s/iter; left time: 2861.5981s
	iters: 300, epoch: 5 | loss: 0.6155097
	speed: 0.0264s/iter; left time: 2834.1329s
	iters: 400, epoch: 5 | loss: 0.5149900
	speed: 0.0263s/iter; left time: 2820.9714s
	iters: 500, epoch: 5 | loss: 0.5273050
	speed: 0.0265s/iter; left time: 2831.9567s
	iters: 600, epoch: 5 | loss: 0.5900807
	speed: 0.0264s/iter; left time: 2826.9689s
	iters: 700, epoch: 5 | loss: 0.6340321
	speed: 0.0265s/iter; left time: 2831.7417s
	iters: 800, epoch: 5 | loss: 0.6175130
	speed: 0.0265s/iter; left time: 2832.4705s
	iters: 900, epoch: 5 | loss: 0.5454933
	speed: 0.0266s/iter; left time: 2837.7659s
	iters: 1000, epoch: 5 | loss: 0.4402364
	speed: 0.0266s/iter; left time: 2835.1892s
	iters: 1100, epoch: 5 | loss: 0.7778556
	speed: 0.0265s/iter; left time: 2821.9499s
Epoch: 5 cost time: 29.674121856689453
Epoch: 5, Steps: 1120 | Train Loss: 0.5947019 Vali Loss: 0.6457986
Validation loss decreased (0.649447 --> 0.645799).  Saving model ...
Updating learning rate to 3.125e-05
	iters: 100, epoch: 6 | loss: 0.5756836
	speed: 0.0464s/iter; left time: 4930.8826s
	iters: 200, epoch: 6 | loss: 0.5444450
	speed: 0.0263s/iter; left time: 2795.2308s
	iters: 300, epoch: 6 | loss: 0.4687070
	speed: 0.0265s/iter; left time: 2807.6244s
	iters: 400, epoch: 6 | loss: 0.5370879
	speed: 0.0265s/iter; left time: 2805.0692s
	iters: 500, epoch: 6 | loss: 0.4924976
	speed: 0.0266s/iter; left time: 2813.4427s
	iters: 600, epoch: 6 | loss: 0.5175595
	speed: 0.0265s/iter; left time: 2805.4119s
	iters: 700, epoch: 6 | loss: 0.5818659
	speed: 0.0266s/iter; left time: 2816.8502s
	iters: 800, epoch: 6 | loss: 0.4828413
	speed: 0.0267s/iter; left time: 2816.0683s
	iters: 900, epoch: 6 | loss: 0.7742350
	speed: 0.0265s/iter; left time: 2795.7198s
	iters: 1000, epoch: 6 | loss: 0.4728470
	speed: 0.0266s/iter; left time: 2799.5485s
	iters: 1100, epoch: 6 | loss: 0.4980243
	speed: 0.0265s/iter; left time: 2790.3069s
Epoch: 6 cost time: 29.676862239837646
Epoch: 6, Steps: 1120 | Train Loss: 0.5933308 Vali Loss: 0.6453367
Validation loss decreased (0.645799 --> 0.645337).  Saving model ...
Updating learning rate to 1.5625e-05
	iters: 100, epoch: 7 | loss: 0.5711507
	speed: 0.0465s/iter; left time: 4888.7412s
	iters: 200, epoch: 7 | loss: 0.7818561
	speed: 0.0262s/iter; left time: 2753.5755s
	iters: 300, epoch: 7 | loss: 0.6781772
	speed: 0.0264s/iter; left time: 2776.1740s
	iters: 400, epoch: 7 | loss: 0.7270469
	speed: 0.0264s/iter; left time: 2774.0637s
	iters: 500, epoch: 7 | loss: 0.6850250
	speed: 0.0265s/iter; left time: 2779.4201s
	iters: 600, epoch: 7 | loss: 0.6712696
	speed: 0.0266s/iter; left time: 2786.3351s
	iters: 700, epoch: 7 | loss: 0.5657679
	speed: 0.0266s/iter; left time: 2786.7472s
	iters: 800, epoch: 7 | loss: 0.6383482
	speed: 0.0267s/iter; left time: 2784.9589s
	iters: 900, epoch: 7 | loss: 0.6213679
	speed: 0.0267s/iter; left time: 2783.1945s
	iters: 1000, epoch: 7 | loss: 0.7668350
	speed: 0.0266s/iter; left time: 2772.7462s
	iters: 1100, epoch: 7 | loss: 0.5043741
	speed: 0.0265s/iter; left time: 2765.9481s
Epoch: 7 cost time: 29.697892904281616
Epoch: 7, Steps: 1120 | Train Loss: 0.5925904 Vali Loss: 0.6449399
Validation loss decreased (0.645337 --> 0.644940).  Saving model ...
Updating learning rate to 7.8125e-06
	iters: 100, epoch: 8 | loss: 0.5524516
	speed: 0.0464s/iter; left time: 4832.3507s
	iters: 200, epoch: 8 | loss: 0.6290941
	speed: 0.0265s/iter; left time: 2758.9497s
	iters: 300, epoch: 8 | loss: 0.6164263
	speed: 0.0264s/iter; left time: 2743.0904s
	iters: 400, epoch: 8 | loss: 0.5915728
	speed: 0.0265s/iter; left time: 2744.6516s
	iters: 500, epoch: 8 | loss: 0.5591360
	speed: 0.0264s/iter; left time: 2735.3802s
	iters: 600, epoch: 8 | loss: 0.4487585
	speed: 0.0265s/iter; left time: 2740.5245s
	iters: 700, epoch: 8 | loss: 0.6021544
	speed: 0.0265s/iter; left time: 2738.3888s
	iters: 800, epoch: 8 | loss: 0.6710399
	speed: 0.0264s/iter; left time: 2733.1537s
	iters: 900, epoch: 8 | loss: 0.4905255
	speed: 0.0265s/iter; left time: 2740.7501s
	iters: 1000, epoch: 8 | loss: 0.6595451
	speed: 0.0266s/iter; left time: 2742.8453s
	iters: 1100, epoch: 8 | loss: 0.6975036
	speed: 0.0266s/iter; left time: 2741.1487s
Epoch: 8 cost time: 29.647513151168823
Epoch: 8, Steps: 1120 | Train Loss: 0.5920472 Vali Loss: 0.6452799
EarlyStopping counter: 1 out of 6
Updating learning rate to 3.90625e-06
	iters: 100, epoch: 9 | loss: 0.6164462
	speed: 0.0465s/iter; left time: 4787.5253s
	iters: 200, epoch: 9 | loss: 0.5390536
	speed: 0.0265s/iter; left time: 2720.4227s
	iters: 300, epoch: 9 | loss: 0.5729088
	speed: 0.0264s/iter; left time: 2712.0010s
	iters: 400, epoch: 9 | loss: 0.5690590
	speed: 0.0265s/iter; left time: 2719.9247s
	iters: 500, epoch: 9 | loss: 0.7690423
	speed: 0.0265s/iter; left time: 2713.9362s
	iters: 600, epoch: 9 | loss: 0.5276963
	speed: 0.0265s/iter; left time: 2717.8908s
	iters: 700, epoch: 9 | loss: 0.5190898
	speed: 0.0265s/iter; left time: 2709.1759s
	iters: 800, epoch: 9 | loss: 0.5722616
	speed: 0.0265s/iter; left time: 2710.7090s
	iters: 900, epoch: 9 | loss: 0.4971627
	speed: 0.0266s/iter; left time: 2711.8944s
	iters: 1000, epoch: 9 | loss: 0.4802740
	speed: 0.0265s/iter; left time: 2707.5563s
	iters: 1100, epoch: 9 | loss: 0.6233677
	speed: 0.0265s/iter; left time: 2701.0195s
Epoch: 9 cost time: 29.66275382041931
Epoch: 9, Steps: 1120 | Train Loss: 0.5919193 Vali Loss: 0.6446776
Validation loss decreased (0.644940 --> 0.644678).  Saving model ...
Updating learning rate to 1.953125e-06
	iters: 100, epoch: 10 | loss: 0.7467793
	speed: 0.0462s/iter; left time: 4705.6507s
	iters: 200, epoch: 10 | loss: 0.6541968
	speed: 0.0265s/iter; left time: 2696.3970s
	iters: 300, epoch: 10 | loss: 0.5970087
	speed: 0.0266s/iter; left time: 2700.3690s
	iters: 400, epoch: 10 | loss: 0.6941925
	speed: 0.0265s/iter; left time: 2688.3954s
	iters: 500, epoch: 10 | loss: 0.5307298
	speed: 0.0265s/iter; left time: 2692.0601s
	iters: 600, epoch: 10 | loss: 0.4913011
	speed: 0.0265s/iter; left time: 2689.8969s
	iters: 700, epoch: 10 | loss: 0.7409143
	speed: 0.0267s/iter; left time: 2698.8768s
	iters: 800, epoch: 10 | loss: 0.6052621
	speed: 0.0266s/iter; left time: 2690.6271s
	iters: 900, epoch: 10 | loss: 0.4469936
	speed: 0.0264s/iter; left time: 2670.0037s
	iters: 1000, epoch: 10 | loss: 0.4709527
	speed: 0.0264s/iter; left time: 2667.7570s
	iters: 1100, epoch: 10 | loss: 0.4811738
	speed: 0.0265s/iter; left time: 2671.0097s
Epoch: 10 cost time: 29.69883155822754
Epoch: 10, Steps: 1120 | Train Loss: 0.5917275 Vali Loss: 0.6447633
EarlyStopping counter: 1 out of 6
Updating learning rate to 9.765625e-07
	iters: 100, epoch: 11 | loss: 0.4885657
	speed: 0.0463s/iter; left time: 4660.8003s
	iters: 200, epoch: 11 | loss: 0.6320301
	speed: 0.0264s/iter; left time: 2651.9785s
	iters: 300, epoch: 11 | loss: 0.7811662
	speed: 0.0265s/iter; left time: 2659.2873s
	iters: 400, epoch: 11 | loss: 0.5762520
	speed: 0.0265s/iter; left time: 2661.4795s
	iters: 500, epoch: 11 | loss: 0.4913417
	speed: 0.0266s/iter; left time: 2668.1155s
	iters: 600, epoch: 11 | loss: 0.4631559
	speed: 0.0265s/iter; left time: 2656.8412s
	iters: 700, epoch: 11 | loss: 0.4860128
	speed: 0.0264s/iter; left time: 2647.1049s
	iters: 800, epoch: 11 | loss: 0.4315837
	speed: 0.0264s/iter; left time: 2644.9227s
	iters: 900, epoch: 11 | loss: 0.5438443
	speed: 0.0264s/iter; left time: 2642.2719s
	iters: 1000, epoch: 11 | loss: 0.6479063
	speed: 0.0265s/iter; left time: 2649.6775s
	iters: 1100, epoch: 11 | loss: 0.6509193
	speed: 0.0264s/iter; left time: 2635.3474s
Epoch: 11 cost time: 29.638448476791382
Epoch: 11, Steps: 1120 | Train Loss: 0.5916290 Vali Loss: 0.6448959
EarlyStopping counter: 2 out of 6
Updating learning rate to 4.8828125e-07
	iters: 100, epoch: 12 | loss: 0.4480786
	speed: 0.0461s/iter; left time: 4591.2104s
	iters: 200, epoch: 12 | loss: 0.6977858
	speed: 0.0265s/iter; left time: 2632.3936s
	iters: 300, epoch: 12 | loss: 0.5802943
	speed: 0.0264s/iter; left time: 2625.7159s
	iters: 400, epoch: 12 | loss: 0.6434835
	speed: 0.0264s/iter; left time: 2621.4649s
	iters: 500, epoch: 12 | loss: 0.5997602
	speed: 0.0266s/iter; left time: 2634.8786s
	iters: 600, epoch: 12 | loss: 0.6007016
	speed: 0.0266s/iter; left time: 2639.8954s
	iters: 700, epoch: 12 | loss: 0.6033484
	speed: 0.0268s/iter; left time: 2656.2564s
	iters: 800, epoch: 12 | loss: 0.4798881
	speed: 0.0269s/iter; left time: 2655.5734s
	iters: 900, epoch: 12 | loss: 0.5027362
	speed: 0.0268s/iter; left time: 2643.6637s
	iters: 1000, epoch: 12 | loss: 0.5838056
	speed: 0.0268s/iter; left time: 2641.4057s
	iters: 1100, epoch: 12 | loss: 0.4815170
	speed: 0.0269s/iter; left time: 2648.5998s
Epoch: 12 cost time: 29.822813510894775
Epoch: 12, Steps: 1120 | Train Loss: 0.5915922 Vali Loss: 0.6449882
EarlyStopping counter: 3 out of 6
Updating learning rate to 2.44140625e-07
	iters: 100, epoch: 13 | loss: 0.4542026
	speed: 0.0469s/iter; left time: 4616.9719s
	iters: 200, epoch: 13 | loss: 0.4645979
	speed: 0.0265s/iter; left time: 2607.6784s
	iters: 300, epoch: 13 | loss: 0.5333197
	speed: 0.0264s/iter; left time: 2592.8559s
	iters: 400, epoch: 13 | loss: 0.4754910
	speed: 0.0265s/iter; left time: 2597.7961s
	iters: 500, epoch: 13 | loss: 0.5230557
	speed: 0.0265s/iter; left time: 2596.4145s
	iters: 600, epoch: 13 | loss: 0.7356927
	speed: 0.0266s/iter; left time: 2608.4635s
	iters: 700, epoch: 13 | loss: 0.5368695
	speed: 0.0266s/iter; left time: 2598.7765s
	iters: 800, epoch: 13 | loss: 0.8222805
	speed: 0.0264s/iter; left time: 2584.9456s
	iters: 900, epoch: 13 | loss: 0.5778643
	speed: 0.0264s/iter; left time: 2579.6075s
	iters: 1000, epoch: 13 | loss: 0.6052479
	speed: 0.0264s/iter; left time: 2577.2752s
	iters: 1100, epoch: 13 | loss: 0.6570917
	speed: 0.0264s/iter; left time: 2573.6476s
Epoch: 13 cost time: 29.651081562042236
Epoch: 13, Steps: 1120 | Train Loss: 0.5916193 Vali Loss: 0.6448738
EarlyStopping counter: 4 out of 6
Updating learning rate to 1.220703125e-07
	iters: 100, epoch: 14 | loss: 0.8326752
	speed: 0.0462s/iter; left time: 4495.4411s
	iters: 200, epoch: 14 | loss: 0.5747936
	speed: 0.0264s/iter; left time: 2569.7206s
	iters: 300, epoch: 14 | loss: 0.6972381
	speed: 0.0266s/iter; left time: 2581.0272s
	iters: 400, epoch: 14 | loss: 0.6007174
	speed: 0.0265s/iter; left time: 2570.1621s
	iters: 500, epoch: 14 | loss: 0.5461720
	speed: 0.0265s/iter; left time: 2573.6848s
	iters: 600, epoch: 14 | loss: 0.6640536
	speed: 0.0267s/iter; left time: 2588.5171s
	iters: 700, epoch: 14 | loss: 0.4723943
	speed: 0.0266s/iter; left time: 2571.4376s
	iters: 800, epoch: 14 | loss: 0.6562414
	speed: 0.0265s/iter; left time: 2558.1747s
	iters: 900, epoch: 14 | loss: 0.4940208
	speed: 0.0264s/iter; left time: 2552.0193s
	iters: 1000, epoch: 14 | loss: 0.6901802
	speed: 0.0264s/iter; left time: 2545.1283s
	iters: 1100, epoch: 14 | loss: 0.4298806
	speed: 0.0265s/iter; left time: 2549.9876s
Epoch: 14 cost time: 29.681453227996826
Epoch: 14, Steps: 1120 | Train Loss: 0.5916648 Vali Loss: 0.6448727
EarlyStopping counter: 5 out of 6
Updating learning rate to 6.103515625e-08
	iters: 100, epoch: 15 | loss: 0.5197716
	speed: 0.0462s/iter; left time: 4441.6010s
	iters: 200, epoch: 15 | loss: 0.9171007
	speed: 0.0265s/iter; left time: 2545.5091s
	iters: 300, epoch: 15 | loss: 0.5497211
	speed: 0.0265s/iter; left time: 2542.2817s
	iters: 400, epoch: 15 | loss: 0.7573811
	speed: 0.0265s/iter; left time: 2545.9986s
	iters: 500, epoch: 15 | loss: 0.5494238
	speed: 0.0265s/iter; left time: 2534.9173s
	iters: 600, epoch: 15 | loss: 0.6738496
	speed: 0.0266s/iter; left time: 2543.7998s
	iters: 700, epoch: 15 | loss: 0.4721023
	speed: 0.0264s/iter; left time: 2528.4737s
	iters: 800, epoch: 15 | loss: 0.4744367
	speed: 0.0265s/iter; left time: 2527.7261s
	iters: 900, epoch: 15 | loss: 0.4457906
	speed: 0.0264s/iter; left time: 2523.7223s
	iters: 1000, epoch: 15 | loss: 0.5666351
	speed: 0.0265s/iter; left time: 2523.4337s
	iters: 1100, epoch: 15 | loss: 0.5932693
	speed: 0.0264s/iter; left time: 2512.3311s
Epoch: 15 cost time: 29.63597798347473
Epoch: 15, Steps: 1120 | Train Loss: 0.5915852 Vali Loss: 0.6448761
EarlyStopping counter: 6 out of 6
Early stopping
VALIDATION_RESULT {"best_epoch": 9, "best_mae": 0.44132212348318484, "best_mse": 0.6446775655478177, "epochs_ran": 15, "metric_version": "element_weighted_v1"}
>>>>>>>testing : long_term_forecast_timerole_weather_sl336_pl720_s2023_TimeRole_custom_ftM_sl336_ll48_pl720_dm64_nh8_el1_dl1_df128_expand2_dc2_fc1_ebtimeF_dtTrue_timerole_weather_sl336_pl720_s2023_0<<<<<<<<<<<<<<<<<<<<<<<<<<<<<<<<<
test 9820
test shape: (9820, 720, 21) (9820, 720, 21)
test shape: (9820, 720, 21) (9820, 720, 21)
mse:0.3176456391811371, mae:0.33174440264701843, dtw:Not calculated
