Using GPU
Args in experiment:
[1mBasic Config[0m
  Task Name:          long_term_forecast  Is Training:        1                   
  Model ID:           timerole_etth2_sl336_pl192_s2023Model:              TimeRole            

[1mData Loader[0m
  Data:               ETTh2               Root Path:          /home/cwh/Time-Series-Library/dataset/ETT-small
  Data Path:          ETTh2.csv           Features:           M                   
  Target:             OT                  Freq:               h                   
  Checkpoints:        /home/cwh/Time-Series-Library/logs/timerole_table2_multiseed/checkpoints

[1mForecasting Task[0m
  Seq Len:            336                 Label Len:          48                  
  Pred Len:           192                 Seasonal Patterns:  Monthly             
  Inverse:            0                   

[1mModel Parameters[0m
  Top k:              5                   Num Kernels:        6                   
  Enc In:             7                   Dec In:             7                   
  C Out:              7                   d model:            64                  
  n heads:            8                   e layers:           1                   
  d layers:           1                   d FF:               128                 
  Moving Avg:         25                  Factor:             1                   
  Distil:             1                   Dropout:            0.1                 
  Embed:              timeF               Activation:         gelu                

[1mRun Parameters[0m
  Num Workers:        0                   Itr:                1                   
  Train Epochs:       100                 Batch Size:         32                  
  Patience:           6                   Learning Rate:      0.0005              
  Des:                timerole_etth2_sl336_pl192_s2023Loss:               MSE                 
  Lradj:              type1               Use Amp:            0                   

[1mGPU[0m
  Use GPU:            1                   GPU:                0                   
  Use Multi GPU:      0                   Devices:            0,1,2,3             

[1mDe-stationary Projector Params[0m
  P Hidden Dims:      128, 128            P Hidden Layers:    2                   

Use GPU: cuda:0
🚀 Lazy Loading: TimeRole ...
[GraphMamba] Building 7x7 static graph from 2000 training samples
>>>>>>>start training : long_term_forecast_timerole_etth2_sl336_pl192_s2023_TimeRole_ETTh2_ftM_sl336_ll48_pl192_dm64_nh8_el1_dl1_df128_expand2_dc2_fc1_ebtimeF_dtTrue_timerole_etth2_sl336_pl192_s2023_0>>>>>>>>>>>>>>>>>>>>>>>>>>
train 8113
val 2689
	iters: 100, epoch: 1 | loss: 0.8171757
	speed: 0.0137s/iter; left time: 345.7871s
	iters: 200, epoch: 1 | loss: 0.9290908
	speed: 0.0115s/iter; left time: 289.1296s
Epoch: 1 cost time: 3.142799139022827
Epoch: 1, Steps: 254 | Train Loss: 0.6075858 Vali Loss: 0.2772682
Validation loss decreased (inf --> 0.277268).  Saving model ...
Updating learning rate to 0.0005
	iters: 100, epoch: 2 | loss: 0.4298070
	speed: 0.0219s/iter; left time: 548.5632s
	iters: 200, epoch: 2 | loss: 0.3697639
	speed: 0.0118s/iter; left time: 293.9947s
Epoch: 2 cost time: 2.9219186305999756
Epoch: 2, Steps: 254 | Train Loss: 0.4998460 Vali Loss: 0.3066507
EarlyStopping counter: 1 out of 6
Updating learning rate to 0.00025
	iters: 100, epoch: 3 | loss: 0.4272495
	speed: 0.0216s/iter; left time: 534.5692s
	iters: 200, epoch: 3 | loss: 0.4093169
	speed: 0.0114s/iter; left time: 282.0963s
Epoch: 3 cost time: 2.8990700244903564
Epoch: 3, Steps: 254 | Train Loss: 0.4856492 Vali Loss: 0.3019813
EarlyStopping counter: 2 out of 6
Updating learning rate to 0.000125
	iters: 100, epoch: 4 | loss: 0.5324901
	speed: 0.0213s/iter; left time: 523.4994s
	iters: 200, epoch: 4 | loss: 0.4416093
	speed: 0.0118s/iter; left time: 287.3928s
Epoch: 4 cost time: 2.932673454284668
Epoch: 4, Steps: 254 | Train Loss: 0.4789983 Vali Loss: 0.3026301
EarlyStopping counter: 3 out of 6
Updating learning rate to 6.25e-05
	iters: 100, epoch: 5 | loss: 0.4808188
	speed: 0.0231s/iter; left time: 559.8017s
	iters: 200, epoch: 5 | loss: 0.4127556
	speed: 0.0118s/iter; left time: 286.1396s
Epoch: 5 cost time: 3.0268263816833496
Epoch: 5, Steps: 254 | Train Loss: 0.4744093 Vali Loss: 0.2943466
EarlyStopping counter: 4 out of 6
Updating learning rate to 3.125e-05
	iters: 100, epoch: 6 | loss: 0.3758506
	speed: 0.0223s/iter; left time: 536.7768s
	iters: 200, epoch: 6 | loss: 0.4595115
	speed: 0.0121s/iter; left time: 289.2021s
Epoch: 6 cost time: 3.024918556213379
Epoch: 6, Steps: 254 | Train Loss: 0.4723417 Vali Loss: 0.2951489
EarlyStopping counter: 5 out of 6
Updating learning rate to 1.5625e-05
	iters: 100, epoch: 7 | loss: 0.5607028
	speed: 0.0222s/iter; left time: 527.6918s
	iters: 200, epoch: 7 | loss: 0.3588682
	speed: 0.0121s/iter; left time: 286.0003s
Epoch: 7 cost time: 3.0059778690338135
Epoch: 7, Steps: 254 | Train Loss: 0.4703659 Vali Loss: 0.2982804
EarlyStopping counter: 6 out of 6
Early stopping
VALIDATION_RESULT {"best_epoch": 1, "best_mae": 0.36562377049663747, "best_mse": 0.2772682306100218, "epochs_ran": 7, "metric_version": "element_weighted_v1"}
>>>>>>>testing : long_term_forecast_timerole_etth2_sl336_pl192_s2023_TimeRole_ETTh2_ftM_sl336_ll48_pl192_dm64_nh8_el1_dl1_df128_expand2_dc2_fc1_ebtimeF_dtTrue_timerole_etth2_sl336_pl192_s2023_0<<<<<<<<<<<<<<<<<<<<<<<<<<<<<<<<<
test 2689
test shape: (2689, 192, 7) (2689, 192, 7)
test shape: (2689, 192, 7) (2689, 192, 7)
mse:0.35224074125289917, mae:0.3921653926372528, dtw:Not calculated
