Using GPU
Args in experiment:
[1mBasic Config[0m
  Task Name:          long_term_forecast  Is Training:        1                   
  Model ID:           timerole_etth2_sl336_pl720_s2022Model:              TimeRole            

[1mData Loader[0m
  Data:               ETTh2               Root Path:          /home/cwh/Time-Series-Library/dataset/ETT-small
  Data Path:          ETTh2.csv           Features:           M                   
  Target:             OT                  Freq:               h                   
  Checkpoints:        /home/cwh/Time-Series-Library/logs/timerole_table2_multiseed/checkpoints

[1mForecasting Task[0m
  Seq Len:            336                 Label Len:          48                  
  Pred Len:           720                 Seasonal Patterns:  Monthly             
  Inverse:            0                   

[1mModel Parameters[0m
  Top k:              5                   Num Kernels:        6                   
  Enc In:             7                   Dec In:             7                   
  C Out:              7                   d model:            64                  
  n heads:            8                   e layers:           1                   
  d layers:           1                   d FF:               128                 
  Moving Avg:         25                  Factor:             1                   
  Distil:             1                   Dropout:            0.1                 
  Embed:              timeF               Activation:         gelu                

[1mRun Parameters[0m
  Num Workers:        0                   Itr:                1                   
  Train Epochs:       100                 Batch Size:         32                  
  Patience:           6                   Learning Rate:      0.0005              
  Des:                timerole_etth2_sl336_pl720_s2022Loss:               MSE                 
  Lradj:              type1               Use Amp:            0                   

[1mGPU[0m
  Use GPU:            1                   GPU:                0                   
  Use Multi GPU:      0                   Devices:            0,1,2,3             

[1mDe-stationary Projector Params[0m
  P Hidden Dims:      128, 128            P Hidden Layers:    2                   

Use GPU: cuda:0
🚀 Lazy Loading: TimeRole ...
[GraphMamba] Building 7x7 static graph from 2000 training samples
>>>>>>>start training : long_term_forecast_timerole_etth2_sl336_pl720_s2022_TimeRole_ETTh2_ftM_sl336_ll48_pl720_dm64_nh8_el1_dl1_df128_expand2_dc2_fc1_ebtimeF_dtTrue_timerole_etth2_sl336_pl720_s2022_0>>>>>>>>>>>>>>>>>>>>>>>>>>
train 7585
val 2161
	iters: 100, epoch: 1 | loss: 1.4160082
	speed: 0.0150s/iter; left time: 355.2563s
	iters: 200, epoch: 1 | loss: 0.7680291
	speed: 0.0120s/iter; left time: 283.3334s
Epoch: 1 cost time: 3.142299175262451
Epoch: 1, Steps: 238 | Train Loss: 0.9321060 Vali Loss: 0.6586905
Validation loss decreased (inf --> 0.658690).  Saving model ...
Updating learning rate to 0.0005
	iters: 100, epoch: 2 | loss: 0.7919052
	speed: 0.0201s/iter; left time: 471.4117s
	iters: 200, epoch: 2 | loss: 0.8937622
	speed: 0.0120s/iter; left time: 280.3100s
Epoch: 2 cost time: 2.8709819316864014
Epoch: 2, Steps: 238 | Train Loss: 0.7868085 Vali Loss: 0.7034329
EarlyStopping counter: 1 out of 6
Updating learning rate to 0.00025
	iters: 100, epoch: 3 | loss: 0.9012715
	speed: 0.0199s/iter; left time: 462.0956s
	iters: 200, epoch: 3 | loss: 1.0121326
	speed: 0.0118s/iter; left time: 273.2934s
Epoch: 3 cost time: 2.8156635761260986
Epoch: 3, Steps: 238 | Train Loss: 0.7577358 Vali Loss: 0.7009383
EarlyStopping counter: 2 out of 6
Updating learning rate to 0.000125
	iters: 100, epoch: 4 | loss: 0.4874786
	speed: 0.0200s/iter; left time: 459.0236s
	iters: 200, epoch: 4 | loss: 0.7930892
	speed: 0.0119s/iter; left time: 271.9208s
Epoch: 4 cost time: 2.852630853652954
Epoch: 4, Steps: 238 | Train Loss: 0.7447933 Vali Loss: 0.6491736
Validation loss decreased (0.658690 --> 0.649174).  Saving model ...
Updating learning rate to 6.25e-05
	iters: 100, epoch: 5 | loss: 0.7749498
	speed: 0.0203s/iter; left time: 461.6968s
	iters: 200, epoch: 5 | loss: 0.9529555
	speed: 0.0117s/iter; left time: 265.1816s
Epoch: 5 cost time: 2.806540012359619
Epoch: 5, Steps: 238 | Train Loss: 0.7388025 Vali Loss: 0.6554038
EarlyStopping counter: 1 out of 6
Updating learning rate to 3.125e-05
	iters: 100, epoch: 6 | loss: 0.8249215
	speed: 0.0195s/iter; left time: 439.9245s
	iters: 200, epoch: 6 | loss: 0.8796109
	speed: 0.0119s/iter; left time: 266.5440s
Epoch: 6 cost time: 2.8165066242218018
Epoch: 6, Steps: 238 | Train Loss: 0.7462098 Vali Loss: 0.6607600
EarlyStopping counter: 2 out of 6
Updating learning rate to 1.5625e-05
	iters: 100, epoch: 7 | loss: 0.6738109
	speed: 0.0203s/iter; left time: 452.6998s
	iters: 200, epoch: 7 | loss: 0.6645606
	speed: 0.0119s/iter; left time: 263.7850s
Epoch: 7 cost time: 2.877397298812866
Epoch: 7, Steps: 238 | Train Loss: 0.7341470 Vali Loss: 0.6550354
EarlyStopping counter: 3 out of 6
Updating learning rate to 7.8125e-06
	iters: 100, epoch: 8 | loss: 0.9103542
	speed: 0.0199s/iter; left time: 438.8978s
	iters: 200, epoch: 8 | loss: 0.5969580
	speed: 0.0122s/iter; left time: 267.9437s
Epoch: 8 cost time: 2.8492043018341064
Epoch: 8, Steps: 238 | Train Loss: 0.7323173 Vali Loss: 0.6533566
EarlyStopping counter: 4 out of 6
Updating learning rate to 3.90625e-06
	iters: 100, epoch: 9 | loss: 0.7544112
	speed: 0.0199s/iter; left time: 434.4574s
	iters: 200, epoch: 9 | loss: 0.8120133
	speed: 0.0121s/iter; left time: 261.6149s
Epoch: 9 cost time: 2.849149227142334
Epoch: 9, Steps: 238 | Train Loss: 0.7330247 Vali Loss: 0.6508290
EarlyStopping counter: 5 out of 6
Updating learning rate to 1.953125e-06
	iters: 100, epoch: 10 | loss: 1.2121305
	speed: 0.0202s/iter; left time: 434.6248s
	iters: 200, epoch: 10 | loss: 0.8524815
	speed: 0.0117s/iter; left time: 251.6601s
Epoch: 10 cost time: 2.803441047668457
Epoch: 10, Steps: 238 | Train Loss: 0.7338496 Vali Loss: 0.6534515
EarlyStopping counter: 6 out of 6
Early stopping
VALIDATION_RESULT {"best_epoch": 4, "best_mae": 0.5654212777993544, "best_mse": 0.6491735937666415, "epochs_ran": 10, "metric_version": "element_weighted_v1"}
>>>>>>>testing : long_term_forecast_timerole_etth2_sl336_pl720_s2022_TimeRole_ETTh2_ftM_sl336_ll48_pl720_dm64_nh8_el1_dl1_df128_expand2_dc2_fc1_ebtimeF_dtTrue_timerole_etth2_sl336_pl720_s2022_0<<<<<<<<<<<<<<<<<<<<<<<<<<<<<<<<<
test 2161
test shape: (2161, 720, 7) (2161, 720, 7)
test shape: (2161, 720, 7) (2161, 720, 7)
mse:0.43114346265792847, mae:0.4523293077945709, dtw:Not calculated
