=== [1/8] p0_timerole_electricity_l336_h96_s2021 ===
COMMAND /home/cwh/Time-Series-Library/.venv/bin/python -u /home/cwh/Time-Series-Library/run.py --task_name long_term_forecast --is_training 1 --root_path /home/cwh/Time-Series-Library/dataset/electricity --data_path electricity.csv --model_id p0_timerole_electricity_l336_h96_s2021 --model TimeRole --seed 2021 --data custom --features M --target 0 --freq h --seq_len 336 --label_len 48 --pred_len 96 --enc_in 321 --dec_in 321 --c_out 321 --d_model 64 --d_ff 128 --n_heads 8 --e_layers 1 --d_layers 1 --factor 3 --dropout 0.1 --batch_size 8 --learning_rate 0.0005 --train_epochs 2 --patience 2 --lradj type1 --num_workers 0 --gpu 0 --checkpoints /home/cwh/Time-Series-Library/logs/timerole_p0/ecl_solar/pilot/checkpoints --des p0_timerole_electricity_l336_h96_s2021 --itr 1 --test_after_train 0 --patch_len 4 --stride 2 --timerole_recent_len 96 --timerole_memory_pool 16 --timerole_old_intervention intact --d_state 32 --d_conv 2 --expand 2 --mamba_version 1 --mamba_bidirectional 1 --use_graph 1 --use_time_mamba 1 --use_patch 1 --use_decomp 1 --moving_avg 25 --dual_scale_scan_mode independent_shared --periodic_period 24 --periodic_local_patch 4 --periodic_local_stride 2 --periodic_period_stride 12 --periodic_use_adapter 1 --graph_alpha 0.5 --graph_top_k 2 --graph_sample_size 2000 --graph_sample_method uniform --static_graph_mode weighted --graph_cache 1
Using GPU
Args in experiment:
[1mBasic Config[0m
  Task Name:          long_term_forecast  Is Training:        1                   
  Model ID:           p0_timerole_electricity_l336_h96_s2021Model:              TimeRole            

[1mData Loader[0m
  Data:               custom              Root Path:          /home/cwh/Time-Series-Library/dataset/electricity
  Data Path:          electricity.csv     Features:           M                   
  Target:             0                   Freq:               h                   
  Checkpoints:        /home/cwh/Time-Series-Library/logs/timerole_p0/ecl_solar/pilot/checkpoints

[1mForecasting Task[0m
  Seq Len:            336                 Label Len:          48                  
  Pred Len:           96                  Seasonal Patterns:  Monthly             
  Inverse:            0                   

[1mModel Parameters[0m
  Top k:              5                   Num Kernels:        6                   
  Enc In:             321                 Dec In:             321                 
  C Out:              321                 d model:            64                  
  n heads:            8                   e layers:           1                   
  d layers:           1                   d FF:               128                 
  Moving Avg:         25                  Factor:             3                   
  Distil:             1                   Dropout:            0.1                 
  Embed:              timeF               Activation:         gelu                

[1mRun Parameters[0m
  Num Workers:        0                   Itr:                1                   
  Train Epochs:       2                   Batch Size:         8                   
  Patience:           2                   Learning Rate:      0.0005              
  Des:                p0_timerole_electricity_l336_h96_s2021Loss:               MSE                 
  Lradj:              type1               Use Amp:            0                   

[1mGPU[0m
  Use GPU:            1                   GPU:                0                   
  Use Multi GPU:      0                   Devices:            0,1,2,3             

[1mDe-stationary Projector Params[0m
  P Hidden Dims:      128, 128            P Hidden Layers:    2                   

Use GPU: cuda:0
🚀 Lazy Loading: TimeRole ...
[GraphMamba] Building 321x321 static graph from 2000 training samples
[GraphMamba] Saved static graph: /home/cwh/Time-Series-Library/dataset/electricity/electricity_adj_train_custom_M_uniform_2000_seed2021.npy
>>>>>>>start training : long_term_forecast_p0_timerole_electricity_l336_h96_s2021_TimeRole_custom_ftM_sl336_ll48_pl96_dm64_nh8_el1_dl1_df128_expand2_dc2_fc3_ebtimeF_dtTrue_p0_timerole_electricity_l336_h96_s2021_0>>>>>>>>>>>>>>>>>>>>>>>>>>
train 17981
val 2537
	iters: 100, epoch: 1 | loss: 0.2317573
	speed: 0.1401s/iter; left time: 615.9584s
	iters: 200, epoch: 1 | loss: 0.2143310
	speed: 0.1391s/iter; left time: 597.6625s
	iters: 300, epoch: 1 | loss: 0.1760149
	speed: 0.1392s/iter; left time: 584.2150s
	iters: 400, epoch: 1 | loss: 0.2168160
	speed: 0.1392s/iter; left time: 570.1816s
	iters: 500, epoch: 1 | loss: 0.1757284
	speed: 0.1389s/iter; left time: 555.2852s
	iters: 600, epoch: 1 | loss: 0.1348505
	speed: 0.1396s/iter; left time: 544.1277s
	iters: 700, epoch: 1 | loss: 0.2270600
	speed: 0.1391s/iter; left time: 528.0907s
	iters: 800, epoch: 1 | loss: 0.1550309
	speed: 0.1389s/iter; left time: 513.3384s
	iters: 900, epoch: 1 | loss: 0.1765907
	speed: 0.1391s/iter; left time: 500.5112s
	iters: 1000, epoch: 1 | loss: 0.1409784
	speed: 0.1396s/iter; left time: 488.3307s
	iters: 1100, epoch: 1 | loss: 0.1597374
	speed: 0.1395s/iter; left time: 473.8371s
	iters: 1200, epoch: 1 | loss: 0.1617263
	speed: 0.1397s/iter; left time: 460.4285s
	iters: 1300, epoch: 1 | loss: 0.1754074
	speed: 0.1397s/iter; left time: 446.6747s
	iters: 1400, epoch: 1 | loss: 0.1676754
	speed: 0.1391s/iter; left time: 430.9303s
	iters: 1500, epoch: 1 | loss: 0.1719067
	speed: 0.1634s/iter; left time: 489.6410s
	iters: 1600, epoch: 1 | loss: 0.1882966
	speed: 0.1396s/iter; left time: 404.4738s
	iters: 1700, epoch: 1 | loss: 0.1624953
	speed: 0.1389s/iter; left time: 388.3685s
	iters: 1800, epoch: 1 | loss: 0.1496391
	speed: 0.1393s/iter; left time: 375.7322s
	iters: 1900, epoch: 1 | loss: 0.1510927
	speed: 0.1388s/iter; left time: 360.4001s
	iters: 2000, epoch: 1 | loss: 0.1202596
	speed: 0.1390s/iter; left time: 347.0074s
	iters: 2100, epoch: 1 | loss: 0.1948258
	speed: 0.1401s/iter; left time: 335.7339s
	iters: 2200, epoch: 1 | loss: 0.1711181
	speed: 0.1392s/iter; left time: 319.7115s
Epoch: 1 cost time: 315.6126639842987
Epoch: 1, Steps: 2248 | Train Loss: 0.1834318 Vali Loss: 0.1347559
Validation loss decreased (inf --> 0.134756).  Saving model ...
Updating learning rate to 0.0005
	iters: 100, epoch: 2 | loss: 0.1309916
	speed: 0.3107s/iter; left time: 667.6559s
	iters: 200, epoch: 2 | loss: 0.1478066
	speed: 0.1397s/iter; left time: 286.3428s
	iters: 300, epoch: 2 | loss: 0.1686300
	speed: 0.1399s/iter; left time: 272.6301s
	iters: 400, epoch: 2 | loss: 0.1781035
	speed: 0.1405s/iter; left time: 259.7553s
	iters: 500, epoch: 2 | loss: 0.1239322
	speed: 0.1394s/iter; left time: 243.7955s
	iters: 600, epoch: 2 | loss: 0.1380678
	speed: 0.1404s/iter; left time: 231.5959s
	iters: 700, epoch: 2 | loss: 0.1325717
	speed: 0.1638s/iter; left time: 253.7938s
	iters: 800, epoch: 2 | loss: 0.1463241
	speed: 0.1406s/iter; left time: 203.7092s
	iters: 900, epoch: 2 | loss: 0.1835859
	speed: 0.1402s/iter; left time: 189.1011s
	iters: 1000, epoch: 2 | loss: 0.1384853
	speed: 0.1401s/iter; left time: 174.9430s
	iters: 1100, epoch: 2 | loss: 0.1451748
	speed: 0.1406s/iter; left time: 161.5073s
	iters: 1200, epoch: 2 | loss: 0.1292033
	speed: 0.1402s/iter; left time: 147.0660s
	iters: 1300, epoch: 2 | loss: 0.1642196
	speed: 0.1398s/iter; left time: 132.6667s
	iters: 1400, epoch: 2 | loss: 0.1720308
	speed: 0.1395s/iter; left time: 118.4772s
	iters: 1500, epoch: 2 | loss: 0.1835701
	speed: 0.1395s/iter; left time: 104.4698s
	iters: 1600, epoch: 2 | loss: 0.1329495
	speed: 0.1388s/iter; left time: 90.1067s
	iters: 1700, epoch: 2 | loss: 0.1295371
	speed: 0.1405s/iter; left time: 77.1410s
	iters: 1800, epoch: 2 | loss: 0.1617074
	speed: 0.1408s/iter; left time: 63.1990s
	iters: 1900, epoch: 2 | loss: 0.1081984
	speed: 0.1406s/iter; left time: 49.0668s
	iters: 2000, epoch: 2 | loss: 0.1414966
	speed: 0.1413s/iter; left time: 35.1899s
	iters: 2100, epoch: 2 | loss: 0.1242627
	speed: 0.1429s/iter; left time: 21.2948s
	iters: 2200, epoch: 2 | loss: 0.2098795
	speed: 0.1420s/iter; left time: 6.9573s
Epoch: 2 cost time: 317.7950789928436
Epoch: 2, Steps: 2248 | Train Loss: 0.1528168 Vali Loss: 0.1301246
Validation loss decreased (0.134756 --> 0.130125).  Saving model ...
Updating learning rate to 0.00025
VALIDATION_RESULT {"best_epoch": 2, "best_mae": 0.22677229281527123, "best_mse": 0.13012455289878305, "epochs_ran": 2, "metric_version": "element_weighted_v1"}
>>>>>>>test skipped (validation-only run)<<<<<<<<<<<<<<<<<<<<<<<<
=== [2/8] p0_graphmambarecent_electricity_l336_h96_s2021 ===
COMMAND /home/cwh/Time-Series-Library/.venv/bin/python -u /home/cwh/Time-Series-Library/run.py --task_name long_term_forecast --is_training 1 --root_path /home/cwh/Time-Series-Library/dataset/electricity --data_path electricity.csv --model_id p0_graphmambarecent_electricity_l336_h96_s2021 --model GraphMambaRecent --seed 2021 --data custom --features M --target 0 --freq h --seq_len 336 --label_len 48 --pred_len 96 --enc_in 321 --dec_in 321 --c_out 321 --d_model 64 --d_ff 128 --n_heads 8 --e_layers 1 --d_layers 1 --factor 3 --dropout 0.1 --batch_size 8 --learning_rate 0.0005 --train_epochs 2 --patience 2 --lradj type1 --num_workers 0 --gpu 0 --checkpoints /home/cwh/Time-Series-Library/logs/timerole_p0/ecl_solar/pilot/checkpoints --des p0_graphmambarecent_electricity_l336_h96_s2021 --itr 1 --test_after_train 0 --patch_len 4 --stride 2 --timerole_recent_len 96 --timerole_memory_pool 16 --timerole_old_intervention intact --d_state 32 --d_conv 2 --expand 2 --mamba_version 1 --mamba_bidirectional 1 --use_graph 1 --use_time_mamba 1 --use_patch 1 --use_decomp 1 --moving_avg 25 --dual_scale_scan_mode independent_shared --periodic_period 24 --periodic_local_patch 4 --periodic_local_stride 2 --periodic_period_stride 12 --periodic_use_adapter 1 --graph_alpha 0.5 --graph_top_k 2 --graph_sample_size 2000 --graph_sample_method uniform --static_graph_mode weighted --graph_cache 1
Using GPU
Args in experiment:
[1mBasic Config[0m
  Task Name:          long_term_forecast  Is Training:        1                   
  Model ID:           p0_graphmambarecent_electricity_l336_h96_s2021Model:              GraphMambaRecent    

[1mData Loader[0m
  Data:               custom              Root Path:          /home/cwh/Time-Series-Library/dataset/electricity
  Data Path:          electricity.csv     Features:           M                   
  Target:             0                   Freq:               h                   
  Checkpoints:        /home/cwh/Time-Series-Library/logs/timerole_p0/ecl_solar/pilot/checkpoints

[1mForecasting Task[0m
  Seq Len:            336                 Label Len:          48                  
  Pred Len:           96                  Seasonal Patterns:  Monthly             
  Inverse:            0                   

[1mModel Parameters[0m
  Top k:              5                   Num Kernels:        6                   
  Enc In:             321                 Dec In:             321                 
  C Out:              321                 d model:            64                  
  n heads:            8                   e layers:           1                   
  d layers:           1                   d FF:               128                 
  Moving Avg:         25                  Factor:             3                   
  Distil:             1                   Dropout:            0.1                 
  Embed:              timeF               Activation:         gelu                

[1mRun Parameters[0m
  Num Workers:        0                   Itr:                1                   
  Train Epochs:       2                   Batch Size:         8                   
  Patience:           2                   Learning Rate:      0.0005              
  Des:                p0_graphmambarecent_electricity_l336_h96_s2021Loss:               MSE                 
  Lradj:              type1               Use Amp:            0                   

[1mGPU[0m
  Use GPU:            1                   GPU:                0                   
  Use Multi GPU:      0                   Devices:            0,1,2,3             

[1mDe-stationary Projector Params[0m
  P Hidden Dims:      128, 128            P Hidden Layers:    2                   

Use GPU: cuda:0
🚀 Lazy Loading: GraphMambaRecent ...
[GraphMamba] Loaded static graph: /home/cwh/Time-Series-Library/dataset/electricity/electricity_adj_train_custom_M_uniform_2000_seed2021.npy
>>>>>>>start training : long_term_forecast_p0_graphmambarecent_electricity_l336_h96_s2021_GraphMambaRecent_custom_ftM_sl336_ll48_pl96_dm64_nh8_el1_dl1_df128_expand2_dc2_fc3_ebtimeF_dtTrue_p0_graphmambarecent_electricity_l336_h96_s2021_0>>>>>>>>>>>>>>>>>>>>>>>>>>
train 17981
val 2537
	iters: 100, epoch: 1 | loss: 0.2334030
	speed: 0.1408s/iter; left time: 619.0653s
	iters: 200, epoch: 1 | loss: 0.2371912
	speed: 0.1395s/iter; left time: 599.4006s
	iters: 300, epoch: 1 | loss: 0.1946042
	speed: 0.1393s/iter; left time: 584.6211s
	iters: 400, epoch: 1 | loss: 0.2452894
	speed: 0.1396s/iter; left time: 571.9379s
	iters: 500, epoch: 1 | loss: 0.2281224
	speed: 0.1380s/iter; left time: 551.7115s
	iters: 600, epoch: 1 | loss: 0.1444653
	speed: 0.1382s/iter; left time: 538.3761s
	iters: 700, epoch: 1 | loss: 0.2359425
	speed: 0.1381s/iter; left time: 524.4368s
	iters: 800, epoch: 1 | loss: 0.1826826
	speed: 0.1388s/iter; left time: 513.1097s
	iters: 900, epoch: 1 | loss: 0.1938339
	speed: 0.1385s/iter; left time: 498.3594s
	iters: 1000, epoch: 1 | loss: 0.1820759
	speed: 0.1386s/iter; left time: 484.7393s
	iters: 1100, epoch: 1 | loss: 0.2037104
	speed: 0.1383s/iter; left time: 469.8475s
	iters: 1200, epoch: 1 | loss: 0.1787654
	speed: 0.1381s/iter; left time: 455.1523s
	iters: 1300, epoch: 1 | loss: 0.1970502
	speed: 0.1381s/iter; left time: 441.5759s
	iters: 1400, epoch: 1 | loss: 0.2206995
	speed: 0.1382s/iter; left time: 427.8909s
	iters: 1500, epoch: 1 | loss: 0.1965383
	speed: 0.1379s/iter; left time: 413.2940s
	iters: 1600, epoch: 1 | loss: 0.2302414
	speed: 0.1522s/iter; left time: 441.0515s
	iters: 1700, epoch: 1 | loss: 0.1893885
	speed: 0.1816s/iter; left time: 507.9902s
	iters: 1800, epoch: 1 | loss: 0.1763792
	speed: 0.1397s/iter; left time: 376.7296s
	iters: 1900, epoch: 1 | loss: 0.1752969
	speed: 0.1382s/iter; left time: 358.8047s
	iters: 2000, epoch: 1 | loss: 0.1550249
	speed: 0.1381s/iter; left time: 344.8428s
	iters: 2100, epoch: 1 | loss: 0.2133671
	speed: 0.1391s/iter; left time: 333.3680s
	iters: 2200, epoch: 1 | loss: 0.1921745
	speed: 0.1382s/iter; left time: 317.5278s
Epoch: 1 cost time: 317.3368110656738
Epoch: 1, Steps: 2248 | Train Loss: 0.2118705 Vali Loss: 0.1680004
Validation loss decreased (inf --> 0.168000).  Saving model ...
Updating learning rate to 0.0005
	iters: 100, epoch: 2 | loss: 0.1642333
	speed: 0.3101s/iter; left time: 666.4133s
	iters: 200, epoch: 2 | loss: 0.1704513
	speed: 0.1384s/iter; left time: 283.4853s
	iters: 300, epoch: 2 | loss: 0.2027261
	speed: 0.1382s/iter; left time: 269.2700s
	iters: 400, epoch: 2 | loss: 0.2218678
	speed: 0.1383s/iter; left time: 255.7518s
	iters: 500, epoch: 2 | loss: 0.1504978
	speed: 0.1383s/iter; left time: 241.9435s
	iters: 600, epoch: 2 | loss: 0.1654254
	speed: 0.1380s/iter; left time: 227.6126s
	iters: 700, epoch: 2 | loss: 0.1568318
	speed: 0.1387s/iter; left time: 214.9196s
	iters: 800, epoch: 2 | loss: 0.1758171
	speed: 0.1379s/iter; left time: 199.8561s
	iters: 900, epoch: 2 | loss: 0.1995093
	speed: 0.1381s/iter; left time: 186.2412s
	iters: 1000, epoch: 2 | loss: 0.1647401
	speed: 0.1381s/iter; left time: 172.5018s
	iters: 1100, epoch: 2 | loss: 0.1745117
	speed: 0.1381s/iter; left time: 158.6592s
	iters: 1200, epoch: 2 | loss: 0.1527867
	speed: 0.1383s/iter; left time: 145.0755s
	iters: 1300, epoch: 2 | loss: 0.1934464
	speed: 0.1383s/iter; left time: 131.2109s
	iters: 1400, epoch: 2 | loss: 0.2139359
	speed: 0.1384s/iter; left time: 117.5039s
	iters: 1500, epoch: 2 | loss: 0.2133402
	speed: 0.1381s/iter; left time: 103.4009s
	iters: 1600, epoch: 2 | loss: 0.1586449
	speed: 0.1384s/iter; left time: 89.8055s
	iters: 1700, epoch: 2 | loss: 0.1525862
	speed: 0.1376s/iter; left time: 75.5513s
	iters: 1800, epoch: 2 | loss: 0.1879749
	speed: 0.1380s/iter; left time: 61.9452s
	iters: 1900, epoch: 2 | loss: 0.1303656
	speed: 0.1384s/iter; left time: 48.3016s
	iters: 2000, epoch: 2 | loss: 0.1652874
	speed: 0.1381s/iter; left time: 34.3756s
	iters: 2100, epoch: 2 | loss: 0.1441214
	speed: 0.1379s/iter; left time: 20.5491s
	iters: 2200, epoch: 2 | loss: 0.2311718
	speed: 0.1380s/iter; left time: 6.7633s
Epoch: 2 cost time: 310.4693901538849
Epoch: 2, Steps: 2248 | Train Loss: 0.1781334 Vali Loss: 0.1547443
Validation loss decreased (0.168000 --> 0.154744).  Saving model ...
Updating learning rate to 0.00025
VALIDATION_RESULT {"best_epoch": 2, "best_mae": 0.2462042874724625, "best_mse": 0.15474432926753204, "epochs_ran": 2, "metric_version": "element_weighted_v1"}
>>>>>>>test skipped (validation-only run)<<<<<<<<<<<<<<<<<<<<<<<<
=== [3/8] p0_dlinear_electricity_l336_h96_s2021 ===
COMMAND /home/cwh/Time-Series-Library/.venv/bin/python -u /home/cwh/Time-Series-Library/run.py --task_name long_term_forecast --is_training 1 --root_path /home/cwh/Time-Series-Library/dataset/electricity --data_path electricity.csv --model_id p0_dlinear_electricity_l336_h96_s2021 --model DLinear --seed 2021 --data custom --features M --target 0 --freq h --seq_len 336 --label_len 48 --pred_len 96 --enc_in 321 --dec_in 321 --c_out 321 --d_model 32 --d_ff 64 --n_heads 4 --e_layers 2 --d_layers 1 --factor 3 --dropout 0.1 --batch_size 8 --learning_rate 0.0001 --train_epochs 2 --patience 2 --lradj type1 --num_workers 0 --gpu 0 --checkpoints /home/cwh/Time-Series-Library/logs/timerole_p0/ecl_solar/pilot/checkpoints --des p0_dlinear_electricity_l336_h96_s2021 --itr 1 --test_after_train 0
Using GPU
Args in experiment:
[1mBasic Config[0m
  Task Name:          long_term_forecast  Is Training:        1                   
  Model ID:           p0_dlinear_electricity_l336_h96_s2021Model:              DLinear             

[1mData Loader[0m
  Data:               custom              Root Path:          /home/cwh/Time-Series-Library/dataset/electricity
  Data Path:          electricity.csv     Features:           M                   
  Target:             0                   Freq:               h                   
  Checkpoints:        /home/cwh/Time-Series-Library/logs/timerole_p0/ecl_solar/pilot/checkpoints

[1mForecasting Task[0m
  Seq Len:            336                 Label Len:          48                  
  Pred Len:           96                  Seasonal Patterns:  Monthly             
  Inverse:            0                   

[1mModel Parameters[0m
  Top k:              5                   Num Kernels:        6                   
  Enc In:             321                 Dec In:             321                 
  C Out:              321                 d model:            32                  
  n heads:            4                   e layers:           2                   
  d layers:           1                   d FF:               64                  
  Moving Avg:         25                  Factor:             3                   
  Distil:             1                   Dropout:            0.1                 
  Embed:              timeF               Activation:         gelu                

[1mRun Parameters[0m
  Num Workers:        0                   Itr:                1                   
  Train Epochs:       2                   Batch Size:         8                   
  Patience:           2                   Learning Rate:      0.0001              
  Des:                p0_dlinear_electricity_l336_h96_s2021Loss:               MSE                 
  Lradj:              type1               Use Amp:            0                   

[1mGPU[0m
  Use GPU:            1                   GPU:                0                   
  Use Multi GPU:      0                   Devices:            0,1,2,3             

[1mDe-stationary Projector Params[0m
  P Hidden Dims:      128, 128            P Hidden Layers:    2                   

Use GPU: cuda:0
🚀 Lazy Loading: DLinear ...
>>>>>>>start training : long_term_forecast_p0_dlinear_electricity_l336_h96_s2021_DLinear_custom_ftM_sl336_ll48_pl96_dm32_nh4_el2_dl1_df64_expand2_dc4_fc3_ebtimeF_dtTrue_p0_dlinear_electricity_l336_h96_s2021_0>>>>>>>>>>>>>>>>>>>>>>>>>>
train 17981
val 2537
	iters: 100, epoch: 1 | loss: 0.2982793
	speed: 0.0108s/iter; left time: 47.4631s
	iters: 200, epoch: 1 | loss: 0.2056355
	speed: 0.0049s/iter; left time: 20.8861s
	iters: 300, epoch: 1 | loss: 0.2679136
	speed: 0.0045s/iter; left time: 19.0553s
	iters: 400, epoch: 1 | loss: 0.1849479
	speed: 0.0045s/iter; left time: 18.3193s
	iters: 500, epoch: 1 | loss: 0.1678330
	speed: 0.0045s/iter; left time: 18.0413s
	iters: 600, epoch: 1 | loss: 0.1679084
	speed: 0.0042s/iter; left time: 16.2675s
	iters: 700, epoch: 1 | loss: 0.1610571
	speed: 0.0045s/iter; left time: 17.2511s
	iters: 800, epoch: 1 | loss: 0.2654600
	speed: 0.0046s/iter; left time: 17.1811s
	iters: 900, epoch: 1 | loss: 0.2140809
	speed: 0.0045s/iter; left time: 16.3140s
	iters: 1000, epoch: 1 | loss: 0.1394700
	speed: 0.0045s/iter; left time: 15.6583s
	iters: 1100, epoch: 1 | loss: 0.1341506
	speed: 0.0046s/iter; left time: 15.5099s
	iters: 1200, epoch: 1 | loss: 0.1608342
	speed: 0.0051s/iter; left time: 16.7412s
	iters: 1300, epoch: 1 | loss: 0.2225960
	speed: 0.0045s/iter; left time: 14.3857s
	iters: 1400, epoch: 1 | loss: 0.1391475
	speed: 0.0047s/iter; left time: 14.5842s
	iters: 1500, epoch: 1 | loss: 0.1290639
	speed: 0.0049s/iter; left time: 14.5777s
	iters: 1600, epoch: 1 | loss: 0.1436450
	speed: 0.0051s/iter; left time: 14.7354s
	iters: 1700, epoch: 1 | loss: 0.1472497
	speed: 0.0047s/iter; left time: 13.2056s
	iters: 1800, epoch: 1 | loss: 0.1893160
	speed: 0.0048s/iter; left time: 12.8508s
	iters: 1900, epoch: 1 | loss: 0.1463814
	speed: 0.0048s/iter; left time: 12.4079s
	iters: 2000, epoch: 1 | loss: 0.1514841
	speed: 0.0045s/iter; left time: 11.3463s
	iters: 2100, epoch: 1 | loss: 0.1905746
	speed: 0.0050s/iter; left time: 11.9627s
	iters: 2200, epoch: 1 | loss: 0.1469859
	speed: 0.0043s/iter; left time: 9.7652s
Epoch: 1 cost time: 10.53755807876587
Epoch: 1, Steps: 2248 | Train Loss: 0.1738384 Vali Loss: 0.1257641
Validation loss decreased (inf --> 0.125764).  Saving model ...
Updating learning rate to 0.0001
	iters: 100, epoch: 2 | loss: 0.2219975
	speed: 0.0169s/iter; left time: 36.2676s
	iters: 200, epoch: 2 | loss: 0.1676298
	speed: 0.0045s/iter; left time: 9.1247s
	iters: 300, epoch: 2 | loss: 0.1323841
	speed: 0.0044s/iter; left time: 8.5624s
	iters: 400, epoch: 2 | loss: 0.1976050
	speed: 0.0045s/iter; left time: 8.3372s
	iters: 500, epoch: 2 | loss: 0.1342647
	speed: 0.0046s/iter; left time: 8.0602s
	iters: 600, epoch: 2 | loss: 0.1260461
	speed: 0.0047s/iter; left time: 7.7477s
	iters: 700, epoch: 2 | loss: 0.1356892
	speed: 0.0044s/iter; left time: 6.8109s
	iters: 800, epoch: 2 | loss: 0.1556438
	speed: 0.0045s/iter; left time: 6.5442s
	iters: 900, epoch: 2 | loss: 0.1253094
	speed: 0.0047s/iter; left time: 6.3311s
	iters: 1000, epoch: 2 | loss: 0.1763254
	speed: 0.0048s/iter; left time: 5.9964s
	iters: 1100, epoch: 2 | loss: 0.1286195
	speed: 0.0045s/iter; left time: 5.1909s
	iters: 1200, epoch: 2 | loss: 0.1170599
	speed: 0.0044s/iter; left time: 4.5965s
	iters: 1300, epoch: 2 | loss: 0.1404435
	speed: 0.0044s/iter; left time: 4.2195s
	iters: 1400, epoch: 2 | loss: 0.1316205
	speed: 0.0045s/iter; left time: 3.8039s
	iters: 1500, epoch: 2 | loss: 0.1141838
	speed: 0.0047s/iter; left time: 3.5346s
	iters: 1600, epoch: 2 | loss: 0.1096373
	speed: 0.0046s/iter; left time: 2.9563s
	iters: 1700, epoch: 2 | loss: 0.1945719
	speed: 0.0047s/iter; left time: 2.5862s
	iters: 1800, epoch: 2 | loss: 0.1871441
	speed: 0.0048s/iter; left time: 2.1354s
	iters: 1900, epoch: 2 | loss: 0.1309514
	speed: 0.0044s/iter; left time: 1.5477s
	iters: 2000, epoch: 2 | loss: 0.1127494
	speed: 0.0046s/iter; left time: 1.1436s
	iters: 2100, epoch: 2 | loss: 0.1195501
	speed: 0.0044s/iter; left time: 0.6627s
	iters: 2200, epoch: 2 | loss: 0.1789604
	speed: 0.0044s/iter; left time: 0.2132s
Epoch: 2 cost time: 10.255409240722656
Epoch: 2, Steps: 2248 | Train Loss: 0.1441271 Vali Loss: 0.1220381
Validation loss decreased (0.125764 --> 0.122038).  Saving model ...
Updating learning rate to 5e-05
VALIDATION_RESULT {"best_epoch": 2, "best_mae": 0.22154096282185318, "best_mse": 0.12203813608752113, "epochs_ran": 2, "metric_version": "element_weighted_v1"}
>>>>>>>test skipped (validation-only run)<<<<<<<<<<<<<<<<<<<<<<<<
=== [4/8] p0_patchtst_electricity_l336_h96_s2021 ===
COMMAND /home/cwh/Time-Series-Library/.venv/bin/python -u /home/cwh/Time-Series-Library/run.py --task_name long_term_forecast --is_training 1 --root_path /home/cwh/Time-Series-Library/dataset/electricity --data_path electricity.csv --model_id p0_patchtst_electricity_l336_h96_s2021 --model PatchTST --seed 2021 --data custom --features M --target 0 --freq h --seq_len 336 --label_len 48 --pred_len 96 --enc_in 321 --dec_in 321 --c_out 321 --d_model 512 --d_ff 2048 --n_heads 8 --e_layers 2 --d_layers 1 --factor 3 --dropout 0.1 --batch_size 16 --learning_rate 0.0001 --train_epochs 2 --patience 2 --lradj type1 --num_workers 0 --gpu 0 --checkpoints /home/cwh/Time-Series-Library/logs/timerole_p0/ecl_solar/pilot/checkpoints --des p0_patchtst_electricity_l336_h96_s2021 --itr 1 --test_after_train 0 --patch_len 16 --stride 8
Using GPU
Args in experiment:
[1mBasic Config[0m
  Task Name:          long_term_forecast  Is Training:        1                   
  Model ID:           p0_patchtst_electricity_l336_h96_s2021Model:              PatchTST            

[1mData Loader[0m
  Data:               custom              Root Path:          /home/cwh/Time-Series-Library/dataset/electricity
  Data Path:          electricity.csv     Features:           M                   
  Target:             0                   Freq:               h                   
  Checkpoints:        /home/cwh/Time-Series-Library/logs/timerole_p0/ecl_solar/pilot/checkpoints

[1mForecasting Task[0m
  Seq Len:            336                 Label Len:          48                  
  Pred Len:           96                  Seasonal Patterns:  Monthly             
  Inverse:            0                   

[1mModel Parameters[0m
  Top k:              5                   Num Kernels:        6                   
  Enc In:             321                 Dec In:             321                 
  C Out:              321                 d model:            512                 
  n heads:            8                   e layers:           2                   
  d layers:           1                   d FF:               2048                
  Moving Avg:         25                  Factor:             3                   
  Distil:             1                   Dropout:            0.1                 
  Embed:              timeF               Activation:         gelu                

[1mRun Parameters[0m
  Num Workers:        0                   Itr:                1                   
  Train Epochs:       2                   Batch Size:         16                  
  Patience:           2                   Learning Rate:      0.0001              
  Des:                p0_patchtst_electricity_l336_h96_s2021Loss:               MSE                 
  Lradj:              type1               Use Amp:            0                   

[1mGPU[0m
  Use GPU:            1                   GPU:                0                   
  Use Multi GPU:      0                   Devices:            0,1,2,3             

[1mDe-stationary Projector Params[0m
  P Hidden Dims:      128, 128            P Hidden Layers:    2                   

Use GPU: cuda:0
🚀 Lazy Loading: PatchTST ...
>>>>>>>start training : long_term_forecast_p0_patchtst_electricity_l336_h96_s2021_PatchTST_custom_ftM_sl336_ll48_pl96_dm512_nh8_el2_dl1_df2048_expand2_dc4_fc3_ebtimeF_dtTrue_p0_patchtst_electricity_l336_h96_s2021_0>>>>>>>>>>>>>>>>>>>>>>>>>>
train 17981
val 2537
	iters: 100, epoch: 1 | loss: 0.3191763
Traceback (most recent call last):
  File "/home/cwh/Time-Series-Library/scripts/run_timerole_p0_ecl_solar.py", line 293, in <module>
    raise SystemExit(main())
                     ^^^^^^
  File "/home/cwh/Time-Series-Library/scripts/run_timerole_p0_ecl_solar.py", line 284, in main
    if run_one(task, args):
       ^^^^^^^^^^^^^^^^^^^
  File "/home/cwh/Time-Series-Library/scripts/run_timerole_p0_ecl_solar.py", line 218, in run_one
    code, result, duration = base.execute(
                             ^^^^^^^^^^^^^
  File "/home/cwh/Time-Series-Library/scripts/run_graphmamba_backbone_ablation.py", line 193, in execute
    for key, _ in selector.select(timeout=1.0):
                  ^^^^^^^^^^^^^^^^^^^^^^^^^^^^
  File "/home/cwh/DeepScientist/runtime/python/cpython-3.11.15-linux-x86_64-gnu/lib/python3.11/selectors.py", line 468, in select
    fd_event_list = self._selector.poll(timeout, max_ev)
                    ^^^^^^^^^^^^^^^^^^^^^^^^^^^^^^^^^^^^
KeyboardInterrupt
