Using GPU
Args in experiment:
[1mBasic Config[0m
  Task Name:          long_term_forecast  Is Training:        1                   
  Model ID:           ETTh1_96_96_crossdomain_no_mamba_etth1_p96_s2021Model:              GraphMambaCMRHM     

[1mData Loader[0m
  Data:               ETTh1               Root Path:          /home/cwh/Time-Series-Library/dataset/ETT-small
  Data Path:          ETTh1.csv           Features:           M                   
  Target:             OT                  Freq:               h                   
  Checkpoints:        /home/cwh/Time-Series-Library/logs/cmrhm_no_mamba_cross_domain/checkpoints

[1mForecasting Task[0m
  Seq Len:            336                 Label Len:          48                  
  Pred Len:           96                  Seasonal Patterns:  Monthly             
  Inverse:            0                   

[1mModel Parameters[0m
  Top k:              5                   Num Kernels:        6                   
  Enc In:             7                   Dec In:             7                   
  C Out:              7                   d model:            64                  
  n heads:            8                   e layers:           1                   
  d layers:           1                   d FF:               128                 
  Moving Avg:         25                  Factor:             1                   
  Distil:             1                   Dropout:            0.1                 
  Embed:              timeF               Activation:         gelu                

[1mRun Parameters[0m
  Num Workers:        0                   Itr:                1                   
  Train Epochs:       100                 Batch Size:         32                  
  Patience:           6                   Learning Rate:      0.0005              
  Des:                crossdomain_no_mamba_etth1_p96_s2021Loss:               MSE                 
  Lradj:              type1               Use Amp:            0                   

[1mGPU[0m
  Use GPU:            1                   GPU:                0                   
  Use Multi GPU:      0                   Devices:            0,1,2,3             

[1mDe-stationary Projector Params[0m
  P Hidden Dims:      128, 128            P Hidden Layers:    2                   

Use GPU: cuda:0
🚀 Lazy Loading: GraphMambaCMRHM ...
[GraphMamba] Building 7x7 static graph from 2000 training samples
>>>>>>>start training : long_term_forecast_ETTh1_96_96_crossdomain_no_mamba_etth1_p96_s2021_GraphMambaCMRHM_ETTh1_ftM_sl336_ll48_pl96_dm64_nh8_el1_dl1_df128_expand2_dc2_fc1_ebtimeF_dtTrue_crossdomain_no_mamba_etth1_p96_s2021_0>>>>>>>>>>>>>>>>>>>>>>>>>>
train 8209
val 2785
	iters: 100, epoch: 1 | loss: 0.3527704
	speed: 0.0158s/iter; left time: 404.8458s
	iters: 200, epoch: 1 | loss: 0.3163526
	speed: 0.0049s/iter; left time: 126.0070s
Epoch: 1 cost time: 1.5600605010986328
Epoch: 1, Steps: 257 | Train Loss: 0.3692665 Vali Loss: 0.7003297
Validation loss decreased (inf --> 0.700330).  Saving model ...
Updating learning rate to 0.0005
	iters: 100, epoch: 2 | loss: 0.3411868
	speed: 0.0103s/iter; left time: 261.9985s
	iters: 200, epoch: 2 | loss: 0.3639901
	speed: 0.0049s/iter; left time: 123.6966s
Epoch: 2 cost time: 1.3041143417358398
Epoch: 2, Steps: 257 | Train Loss: 0.3450167 Vali Loss: 0.6880611
Validation loss decreased (0.700330 --> 0.688061).  Saving model ...
Updating learning rate to 0.00025
	iters: 100, epoch: 3 | loss: 0.3067780
	speed: 0.0099s/iter; left time: 248.4726s
	iters: 200, epoch: 3 | loss: 0.3165478
	speed: 0.0049s/iter; left time: 123.1661s
Epoch: 3 cost time: 1.2375471591949463
Epoch: 3, Steps: 257 | Train Loss: 0.3391929 Vali Loss: 0.6851879
Validation loss decreased (0.688061 --> 0.685188).  Saving model ...
Updating learning rate to 0.000125
	iters: 100, epoch: 4 | loss: 0.3561489
	speed: 0.0101s/iter; left time: 250.4488s
	iters: 200, epoch: 4 | loss: 0.3943946
	speed: 0.0048s/iter; left time: 119.0000s
Epoch: 4 cost time: 1.2645032405853271
Epoch: 4, Steps: 257 | Train Loss: 0.3362548 Vali Loss: 0.6809611
Validation loss decreased (0.685188 --> 0.680961).  Saving model ...
Updating learning rate to 6.25e-05
	iters: 100, epoch: 5 | loss: 0.3515834
	speed: 0.0098s/iter; left time: 240.3295s
	iters: 200, epoch: 5 | loss: 0.3367668
	speed: 0.0050s/iter; left time: 121.2759s
Epoch: 5 cost time: 1.2472648620605469
Epoch: 5, Steps: 257 | Train Loss: 0.3343274 Vali Loss: 0.6832114
EarlyStopping counter: 1 out of 6
Updating learning rate to 3.125e-05
	iters: 100, epoch: 6 | loss: 0.3341955
	speed: 0.0099s/iter; left time: 240.0734s
	iters: 200, epoch: 6 | loss: 0.3207811
	speed: 0.0049s/iter; left time: 117.9249s
Epoch: 6 cost time: 1.249929666519165
Epoch: 6, Steps: 257 | Train Loss: 0.3333384 Vali Loss: 0.6839057
EarlyStopping counter: 2 out of 6
Updating learning rate to 1.5625e-05
	iters: 100, epoch: 7 | loss: 0.2932039
	speed: 0.0098s/iter; left time: 236.8212s
	iters: 200, epoch: 7 | loss: 0.3545376
	speed: 0.0049s/iter; left time: 118.4351s
Epoch: 7 cost time: 1.2836270332336426
Epoch: 7, Steps: 257 | Train Loss: 0.3329874 Vali Loss: 0.6843165
EarlyStopping counter: 3 out of 6
Updating learning rate to 7.8125e-06
	iters: 100, epoch: 8 | loss: 0.3538524
	speed: 0.0104s/iter; left time: 246.8245s
	iters: 200, epoch: 8 | loss: 0.3825443
	speed: 0.0048s/iter; left time: 113.3133s
Epoch: 8 cost time: 1.278123140335083
Epoch: 8, Steps: 257 | Train Loss: 0.3324728 Vali Loss: 0.6841631
EarlyStopping counter: 4 out of 6
Updating learning rate to 3.90625e-06
	iters: 100, epoch: 9 | loss: 0.3411028
	speed: 0.0101s/iter; left time: 237.0221s
	iters: 200, epoch: 9 | loss: 0.2865282
	speed: 0.0050s/iter; left time: 117.6432s
Epoch: 9 cost time: 1.2845098972320557
Epoch: 9, Steps: 257 | Train Loss: 0.3325944 Vali Loss: 0.6840895
EarlyStopping counter: 5 out of 6
Updating learning rate to 1.953125e-06
	iters: 100, epoch: 10 | loss: 0.2590390
	speed: 0.0096s/iter; left time: 222.5064s
	iters: 200, epoch: 10 | loss: 0.2983642
	speed: 0.0052s/iter; left time: 119.5591s
Epoch: 10 cost time: 1.2586121559143066
Epoch: 10, Steps: 257 | Train Loss: 0.3324370 Vali Loss: 0.6840609
EarlyStopping counter: 6 out of 6
Early stopping
VALIDATION_RESULT {"best_epoch": 4, "best_mae": 0.5510093413551332, "best_mse": 0.6809610595272638, "epochs_ran": 10, "metric_version": "element_weighted_v1"}
>>>>>>>test skipped (validation-only run)<<<<<<<<<<<<<<<<<<<<<<<<
