Using GPU
Args in experiment:
[1mBasic Config[0m
  Task Name:          long_term_forecast  Is Training:        1                   
  Model ID:           trps_phase_c_timerole_etth2_p720_s2023_r4Model:              TimeRole            

[1mData Loader[0m
  Data:               ETTh2               Root Path:          /home/cwh/Time-Series-Library/dataset/ETT-small
  Data Path:          ETTh2.csv           Features:           M                   
  Target:             OT                  Freq:               h                   
  Checkpoints:        /home/cwh/Time-Series-Library/logs/timerole_recent_simplification/checkpoints

[1mForecasting Task[0m
  Seq Len:            336                 Label Len:          48                  
  Pred Len:           720                 Seasonal Patterns:  Monthly             
  Inverse:            0                   

[1mModel Parameters[0m
  Top k:              5                   Num Kernels:        6                   
  Enc In:             7                   Dec In:             7                   
  C Out:              7                   d model:            64                  
  n heads:            8                   e layers:           1                   
  d layers:           1                   d FF:               128                 
  Moving Avg:         25                  Factor:             1                   
  Distil:             1                   Dropout:            0.1                 
  Embed:              timeF               Activation:         gelu                

[1mRun Parameters[0m
  Num Workers:        0                   Itr:                1                   
  Train Epochs:       100                 Batch Size:         32                  
  Patience:           6                   Learning Rate:      0.0005              
  Des:                trps_phase_c_timerole_etth2_p720_s2023_r4Loss:               MSE                 
  Lradj:              type1               Use Amp:            0                   

[1mGPU[0m
  Use GPU:            1                   GPU:                0                   
  Use Multi GPU:      0                   Devices:            0,1,2,3             

[1mDe-stationary Projector Params[0m
  P Hidden Dims:      128, 128            P Hidden Layers:    2                   

Use GPU: cuda:0
🚀 Lazy Loading: TimeRole ...
>>>>>>>start training : long_term_forecast_trps_phase_c_timerole_etth2_p720_s2023_r4_TimeRole_ETTh2_ftM_sl336_ll48_pl720_dm64_nh8_el1_dl1_df128_expand2_dc2_fc1_ebtimeF_dtTrue_trps_phase_c_timerole_etth2_p720_s2023_r4_0>>>>>>>>>>>>>>>>>>>>>>>>>>
train 7585
val 2161
	iters: 100, epoch: 1 | loss: 0.5495335
	speed: 0.0091s/iter; left time: 215.2105s
	iters: 200, epoch: 1 | loss: 0.9286588
	speed: 0.0068s/iter; left time: 160.6910s
Epoch: 1 cost time: 1.843489170074463
Epoch: 1, Steps: 238 | Train Loss: 0.8982470 Vali Loss: 0.6204073
Validation loss decreased (inf --> 0.620407).  Saving model ...
Updating learning rate to 0.0005
	iters: 100, epoch: 2 | loss: 0.6670576
	speed: 0.0115s/iter; left time: 268.7523s
	iters: 200, epoch: 2 | loss: 0.9142416
	speed: 0.0068s/iter; left time: 158.2697s
Epoch: 2 cost time: 1.602431058883667
Epoch: 2, Steps: 238 | Train Loss: 0.8020594 Vali Loss: 0.6444898
EarlyStopping counter: 1 out of 6
Updating learning rate to 0.00025
	iters: 100, epoch: 3 | loss: 0.9409266
	speed: 0.0115s/iter; left time: 268.1745s
	iters: 200, epoch: 3 | loss: 1.0406774
	speed: 0.0066s/iter; left time: 153.0567s
Epoch: 3 cost time: 1.5993750095367432
Epoch: 3, Steps: 238 | Train Loss: 0.7736165 Vali Loss: 0.6628618
EarlyStopping counter: 2 out of 6
Updating learning rate to 0.000125
	iters: 100, epoch: 4 | loss: 0.9777415
	speed: 0.0113s/iter; left time: 259.1121s
	iters: 200, epoch: 4 | loss: 0.4722351
	speed: 0.0068s/iter; left time: 156.7543s
Epoch: 4 cost time: 1.602492332458496
Epoch: 4, Steps: 238 | Train Loss: 0.7522773 Vali Loss: 0.6638391
EarlyStopping counter: 3 out of 6
Updating learning rate to 6.25e-05
	iters: 100, epoch: 5 | loss: 0.7537603
	speed: 0.0111s/iter; left time: 253.5811s
	iters: 200, epoch: 5 | loss: 0.7204261
	speed: 0.0071s/iter; left time: 160.0103s
Epoch: 5 cost time: 1.6299412250518799
Epoch: 5, Steps: 238 | Train Loss: 0.7458102 Vali Loss: 0.6393042
EarlyStopping counter: 4 out of 6
Updating learning rate to 3.125e-05
	iters: 100, epoch: 6 | loss: 0.7634635
	speed: 0.0115s/iter; left time: 259.9554s
	iters: 200, epoch: 6 | loss: 0.6168407
	speed: 0.0068s/iter; left time: 152.2066s
Epoch: 6 cost time: 1.6221239566802979
Epoch: 6, Steps: 238 | Train Loss: 0.7409850 Vali Loss: 0.6374235
EarlyStopping counter: 5 out of 6
Updating learning rate to 1.5625e-05
	iters: 100, epoch: 7 | loss: 0.5201221
	speed: 0.0115s/iter; left time: 257.0327s
	iters: 200, epoch: 7 | loss: 0.6337436
	speed: 0.0069s/iter; left time: 153.0626s
Epoch: 7 cost time: 1.632138729095459
Epoch: 7, Steps: 238 | Train Loss: 0.7391030 Vali Loss: 0.6420132
EarlyStopping counter: 6 out of 6
Early stopping
VALIDATION_RESULT {"best_epoch": 1, "best_mae": 0.5556458995837557, "best_mse": 0.620407329345339, "epochs_ran": 7, "metric_version": "element_weighted_v1", "train_duration_seconds": 13.309229728765786, "train_peak_cuda_memory_bytes": 394164224}
>>>>>>>test skipped (validation-only run)<<<<<<<<<<<<<<<<<<<<<<<<
>>>>>>>evaluating validation checkpoint : long_term_forecast_trps_phase_c_timerole_etth2_p720_s2023_r4_TimeRole_ETTh2_ftM_sl336_ll48_pl720_dm64_nh8_el1_dl1_df128_expand2_dc2_fc1_ebtimeF_dtTrue_trps_phase_c_timerole_etth2_p720_s2023_r4_0<<<<<<<<<<<<<<<<<<<<<<<<<<<<<<<<<
val 2161
EVALUATION_RESULT {"batches": 68, "elapsed_seconds": 0.2411095886491239, "elements": 10891440, "gate_abs_mean": 0.08038394153118134, "gate_max": 0.125616654753685, "gate_mean": 0.07960548251867294, "gate_min": -0.0027245949022471905, "gate_values": [0.10913588851690292, 0.11324764043092728, 0.013839312829077244, 0.125616654753685, 0.11724771559238434, -0.0027245949022471905, 0.08087578415870667], "mae": 0.5556458995837557, "memory_correction_mae": 0.08811380055116678, "memory_correction_rms": 0.1562622478366881, "metric_version": "element_weighted_v1", "milliseconds_per_batch": 3.5457292448400572, "mse": 0.620407329345339, "parameter_count": 4545591, "peak_cuda_memory_bytes": 167569408, "split": "val", "test_accessed": false, "timerole_intervention": "intact"}
