Using GPU
Args in experiment:
[1mBasic Config[0m
  Task Name:          long_term_forecast  Is Training:        1                   
  Model ID:           trps_phase_c_timerole_ettm1_p96_s2023_r4Model:              TimeRole            

[1mData Loader[0m
  Data:               ETTm1               Root Path:          /home/cwh/Time-Series-Library/dataset/ETT-small
  Data Path:          ETTm1.csv           Features:           M                   
  Target:             OT                  Freq:               t                   
  Checkpoints:        /home/cwh/Time-Series-Library/logs/timerole_recent_simplification/checkpoints

[1mForecasting Task[0m
  Seq Len:            336                 Label Len:          48                  
  Pred Len:           96                  Seasonal Patterns:  Monthly             
  Inverse:            0                   

[1mModel Parameters[0m
  Top k:              5                   Num Kernels:        6                   
  Enc In:             7                   Dec In:             7                   
  C Out:              7                   d model:            64                  
  n heads:            8                   e layers:           1                   
  d layers:           1                   d FF:               128                 
  Moving Avg:         25                  Factor:             1                   
  Distil:             1                   Dropout:            0.1                 
  Embed:              timeF               Activation:         gelu                

[1mRun Parameters[0m
  Num Workers:        0                   Itr:                1                   
  Train Epochs:       100                 Batch Size:         32                  
  Patience:           6                   Learning Rate:      0.0005              
  Des:                trps_phase_c_timerole_ettm1_p96_s2023_r4Loss:               MSE                 
  Lradj:              type1               Use Amp:            0                   

[1mGPU[0m
  Use GPU:            1                   GPU:                0                   
  Use Multi GPU:      0                   Devices:            0,1,2,3             

[1mDe-stationary Projector Params[0m
  P Hidden Dims:      128, 128            P Hidden Layers:    2                   

Use GPU: cuda:0
🚀 Lazy Loading: TimeRole ...
>>>>>>>start training : long_term_forecast_trps_phase_c_timerole_ettm1_p96_s2023_r4_TimeRole_ETTm1_ftM_sl336_ll48_pl96_dm64_nh8_el1_dl1_df128_expand2_dc2_fc1_ebtimeF_dtTrue_trps_phase_c_timerole_ettm1_p96_s2023_r4_0>>>>>>>>>>>>>>>>>>>>>>>>>>
train 34129
val 11425
	iters: 100, epoch: 1 | loss: 0.4269474
	speed: 0.0082s/iter; left time: 879.0755s
	iters: 200, epoch: 1 | loss: 0.3771598
	speed: 0.0069s/iter; left time: 733.1748s
	iters: 300, epoch: 1 | loss: 0.2583650
	speed: 0.0069s/iter; left time: 732.9295s
	iters: 400, epoch: 1 | loss: 0.3191140
	speed: 0.0066s/iter; left time: 696.6423s
	iters: 500, epoch: 1 | loss: 0.2725636
	speed: 0.0066s/iter; left time: 700.8915s
	iters: 600, epoch: 1 | loss: 0.2509326
	speed: 0.0067s/iter; left time: 707.0403s
	iters: 700, epoch: 1 | loss: 0.3309142
	speed: 0.0066s/iter; left time: 697.2465s
	iters: 800, epoch: 1 | loss: 0.2423343
	speed: 0.0068s/iter; left time: 714.8824s
	iters: 900, epoch: 1 | loss: 0.2932649
	speed: 0.0068s/iter; left time: 715.5499s
	iters: 1000, epoch: 1 | loss: 0.2785566
	speed: 0.0066s/iter; left time: 693.5577s
Epoch: 1 cost time: 7.312997817993164
Epoch: 1, Steps: 1067 | Train Loss: 0.3031384 Vali Loss: 0.3909570
Validation loss decreased (inf --> 0.390957).  Saving model ...
Updating learning rate to 0.0005
	iters: 100, epoch: 2 | loss: 0.2744892
	speed: 0.0213s/iter; left time: 2245.1921s
	iters: 200, epoch: 2 | loss: 0.2364568
	speed: 0.0067s/iter; left time: 701.6856s
	iters: 300, epoch: 2 | loss: 0.2720342
	speed: 0.0069s/iter; left time: 728.7462s
	iters: 400, epoch: 2 | loss: 0.3065111
	speed: 0.0067s/iter; left time: 705.7699s
	iters: 500, epoch: 2 | loss: 0.2291190
	speed: 0.0068s/iter; left time: 718.6529s
	iters: 600, epoch: 2 | loss: 0.1963622
	speed: 0.0066s/iter; left time: 689.4166s
	iters: 700, epoch: 2 | loss: 0.2816135
	speed: 0.0068s/iter; left time: 711.7460s
	iters: 800, epoch: 2 | loss: 0.2103937
	speed: 0.0066s/iter; left time: 695.4095s
	iters: 900, epoch: 2 | loss: 0.2704759
	speed: 0.0068s/iter; left time: 713.6103s
	iters: 1000, epoch: 2 | loss: 0.2515277
	speed: 0.0069s/iter; left time: 726.0295s
Epoch: 2 cost time: 7.201781511306763
Epoch: 2, Steps: 1067 | Train Loss: 0.2538871 Vali Loss: 0.3728921
Validation loss decreased (0.390957 --> 0.372892).  Saving model ...
Updating learning rate to 0.00025
	iters: 100, epoch: 3 | loss: 0.2139123
	speed: 0.0218s/iter; left time: 2276.3176s
	iters: 200, epoch: 3 | loss: 0.2158003
	speed: 0.0067s/iter; left time: 695.0717s
	iters: 300, epoch: 3 | loss: 0.3026603
	speed: 0.0071s/iter; left time: 735.9919s
	iters: 400, epoch: 3 | loss: 0.2265381
	speed: 0.0069s/iter; left time: 723.2575s
	iters: 500, epoch: 3 | loss: 0.2311292
	speed: 0.0069s/iter; left time: 722.7063s
	iters: 600, epoch: 3 | loss: 0.1857958
	speed: 0.0068s/iter; left time: 708.9666s
	iters: 700, epoch: 3 | loss: 0.2611988
	speed: 0.0067s/iter; left time: 696.7002s
	iters: 800, epoch: 3 | loss: 0.2328594
	speed: 0.0067s/iter; left time: 694.4740s
	iters: 900, epoch: 3 | loss: 0.2116011
	speed: 0.0067s/iter; left time: 696.9897s
	iters: 1000, epoch: 3 | loss: 0.2478481
	speed: 0.0065s/iter; left time: 671.4403s
Epoch: 3 cost time: 7.201136827468872
Epoch: 3, Steps: 1067 | Train Loss: 0.2406066 Vali Loss: 0.3682848
Validation loss decreased (0.372892 --> 0.368285).  Saving model ...
Updating learning rate to 0.000125
	iters: 100, epoch: 4 | loss: 0.2614698
	speed: 0.0211s/iter; left time: 2182.6912s
	iters: 200, epoch: 4 | loss: 0.2141707
	speed: 0.0067s/iter; left time: 690.4518s
	iters: 300, epoch: 4 | loss: 0.2372392
	speed: 0.0068s/iter; left time: 701.1501s
	iters: 400, epoch: 4 | loss: 0.2058539
	speed: 0.0069s/iter; left time: 707.1049s
	iters: 500, epoch: 4 | loss: 0.2664743
	speed: 0.0068s/iter; left time: 702.9827s
	iters: 600, epoch: 4 | loss: 0.2215912
	speed: 0.0067s/iter; left time: 693.9170s
	iters: 700, epoch: 4 | loss: 0.2193817
	speed: 0.0066s/iter; left time: 679.9761s
	iters: 800, epoch: 4 | loss: 0.2762022
	speed: 0.0066s/iter; left time: 681.1555s
	iters: 900, epoch: 4 | loss: 0.1880783
	speed: 0.0066s/iter; left time: 679.7364s
	iters: 1000, epoch: 4 | loss: 0.2471412
	speed: 0.0070s/iter; left time: 715.3300s
Epoch: 4 cost time: 7.160739898681641
Epoch: 4, Steps: 1067 | Train Loss: 0.2355336 Vali Loss: 0.3693176
EarlyStopping counter: 1 out of 6
Updating learning rate to 6.25e-05
	iters: 100, epoch: 5 | loss: 0.2334308
	speed: 0.0217s/iter; left time: 2221.1139s
	iters: 200, epoch: 5 | loss: 0.2010590
	speed: 0.0068s/iter; left time: 691.4284s
	iters: 300, epoch: 5 | loss: 0.2488024
	speed: 0.0065s/iter; left time: 663.0136s
	iters: 400, epoch: 5 | loss: 0.2376138
	speed: 0.0068s/iter; left time: 698.5577s
	iters: 500, epoch: 5 | loss: 0.2320319
	speed: 0.0070s/iter; left time: 709.6579s
	iters: 600, epoch: 5 | loss: 0.2535577
	speed: 0.0068s/iter; left time: 691.2243s
	iters: 700, epoch: 5 | loss: 0.2094264
	speed: 0.0064s/iter; left time: 653.6682s
	iters: 800, epoch: 5 | loss: 0.1991893
	speed: 0.0065s/iter; left time: 657.7073s
	iters: 900, epoch: 5 | loss: 0.2172776
	speed: 0.0065s/iter; left time: 661.0818s
	iters: 1000, epoch: 5 | loss: 0.1981870
	speed: 0.0069s/iter; left time: 696.1449s
Epoch: 5 cost time: 7.147746562957764
Epoch: 5, Steps: 1067 | Train Loss: 0.2329255 Vali Loss: 0.3666409
Validation loss decreased (0.368285 --> 0.366641).  Saving model ...
Updating learning rate to 3.125e-05
	iters: 100, epoch: 6 | loss: 0.2623696
	speed: 0.0215s/iter; left time: 2172.2291s
	iters: 200, epoch: 6 | loss: 0.2283224
	speed: 0.0065s/iter; left time: 660.4088s
	iters: 300, epoch: 6 | loss: 0.2109000
	speed: 0.0065s/iter; left time: 655.4238s
	iters: 400, epoch: 6 | loss: 0.1800257
	speed: 0.0067s/iter; left time: 672.8465s
	iters: 500, epoch: 6 | loss: 0.2222959
	speed: 0.0067s/iter; left time: 678.0123s
	iters: 600, epoch: 6 | loss: 0.3024858
	speed: 0.0068s/iter; left time: 688.5586s
	iters: 700, epoch: 6 | loss: 0.2638260
	speed: 0.0068s/iter; left time: 685.8211s
	iters: 800, epoch: 6 | loss: 0.2068727
	speed: 0.0067s/iter; left time: 669.0067s
	iters: 900, epoch: 6 | loss: 0.2297680
	speed: 0.0067s/iter; left time: 672.0319s
	iters: 1000, epoch: 6 | loss: 0.2427822
	speed: 0.0065s/iter; left time: 652.7086s
Epoch: 6 cost time: 7.088203191757202
Epoch: 6, Steps: 1067 | Train Loss: 0.2313612 Vali Loss: 0.3654165
Validation loss decreased (0.366641 --> 0.365417).  Saving model ...
Updating learning rate to 1.5625e-05
	iters: 100, epoch: 7 | loss: 0.1935283
	speed: 0.0217s/iter; left time: 2175.1036s
	iters: 200, epoch: 7 | loss: 0.2261374
	speed: 0.0069s/iter; left time: 687.1943s
	iters: 300, epoch: 7 | loss: 0.1929760
	speed: 0.0068s/iter; left time: 676.9027s
	iters: 400, epoch: 7 | loss: 0.2407353
	speed: 0.0067s/iter; left time: 673.5096s
	iters: 500, epoch: 7 | loss: 0.2305590
	speed: 0.0069s/iter; left time: 687.7561s
	iters: 600, epoch: 7 | loss: 0.2531592
	speed: 0.0064s/iter; left time: 637.4728s
	iters: 700, epoch: 7 | loss: 0.2060312
	speed: 0.0064s/iter; left time: 637.0649s
	iters: 800, epoch: 7 | loss: 0.2059382
	speed: 0.0066s/iter; left time: 660.3095s
	iters: 900, epoch: 7 | loss: 0.2778313
	speed: 0.0065s/iter; left time: 646.0040s
	iters: 1000, epoch: 7 | loss: 0.2215286
	speed: 0.0067s/iter; left time: 667.6476s
Epoch: 7 cost time: 7.110684394836426
Epoch: 7, Steps: 1067 | Train Loss: 0.2304197 Vali Loss: 0.3647886
Validation loss decreased (0.365417 --> 0.364789).  Saving model ...
Updating learning rate to 7.8125e-06
	iters: 100, epoch: 8 | loss: 0.2246640
	speed: 0.0214s/iter; left time: 2117.7977s
	iters: 200, epoch: 8 | loss: 0.2090320
	speed: 0.0068s/iter; left time: 670.9215s
	iters: 300, epoch: 8 | loss: 0.2334583
	speed: 0.0065s/iter; left time: 644.7863s
	iters: 400, epoch: 8 | loss: 0.2423247
	speed: 0.0065s/iter; left time: 642.6925s
	iters: 500, epoch: 8 | loss: 0.2391435
	speed: 0.0067s/iter; left time: 656.6603s
	iters: 600, epoch: 8 | loss: 0.2364555
	speed: 0.0067s/iter; left time: 661.4892s
	iters: 700, epoch: 8 | loss: 0.2206604
	speed: 0.0069s/iter; left time: 677.9236s
	iters: 800, epoch: 8 | loss: 0.2494758
	speed: 0.0067s/iter; left time: 659.6041s
	iters: 900, epoch: 8 | loss: 0.1993986
	speed: 0.0067s/iter; left time: 659.4755s
	iters: 1000, epoch: 8 | loss: 0.2254802
	speed: 0.0067s/iter; left time: 659.6939s
Epoch: 8 cost time: 7.110656976699829
Epoch: 8, Steps: 1067 | Train Loss: 0.2300453 Vali Loss: 0.3645530
Validation loss decreased (0.364789 --> 0.364553).  Saving model ...
Updating learning rate to 3.90625e-06
	iters: 100, epoch: 9 | loss: 0.2629410
	speed: 0.0213s/iter; left time: 2088.3743s
	iters: 200, epoch: 9 | loss: 0.2366491
	speed: 0.0067s/iter; left time: 660.9832s
	iters: 300, epoch: 9 | loss: 0.2294158
	speed: 0.0067s/iter; left time: 654.4298s
	iters: 400, epoch: 9 | loss: 0.2170959
	speed: 0.0068s/iter; left time: 666.5684s
	iters: 500, epoch: 9 | loss: 0.2146944
	speed: 0.0067s/iter; left time: 655.0092s
	iters: 600, epoch: 9 | loss: 0.2092235
	speed: 0.0068s/iter; left time: 663.4400s
	iters: 700, epoch: 9 | loss: 0.2121042
	speed: 0.0069s/iter; left time: 671.2814s
	iters: 800, epoch: 9 | loss: 0.1982347
	speed: 0.0068s/iter; left time: 666.1860s
	iters: 900, epoch: 9 | loss: 0.3014724
	speed: 0.0070s/iter; left time: 676.8379s
	iters: 1000, epoch: 9 | loss: 0.2037629
	speed: 0.0068s/iter; left time: 657.2064s
Epoch: 9 cost time: 7.21968150138855
Epoch: 9, Steps: 1067 | Train Loss: 0.2298066 Vali Loss: 0.3655378
EarlyStopping counter: 1 out of 6
Updating learning rate to 1.953125e-06
	iters: 100, epoch: 10 | loss: 0.2125638
	speed: 0.0211s/iter; left time: 2051.4994s
	iters: 200, epoch: 10 | loss: 0.2624770
	speed: 0.0067s/iter; left time: 648.3219s
	iters: 300, epoch: 10 | loss: 0.1698726
	speed: 0.0066s/iter; left time: 637.0111s
	iters: 400, epoch: 10 | loss: 0.2407637
	speed: 0.0064s/iter; left time: 616.5222s
	iters: 500, epoch: 10 | loss: 0.2372019
	speed: 0.0068s/iter; left time: 658.5719s
	iters: 600, epoch: 10 | loss: 0.2050241
	speed: 0.0068s/iter; left time: 658.5796s
	iters: 700, epoch: 10 | loss: 0.2269981
	speed: 0.0065s/iter; left time: 624.0311s
	iters: 800, epoch: 10 | loss: 0.2115572
	speed: 0.0066s/iter; left time: 635.9664s
	iters: 900, epoch: 10 | loss: 0.2658516
	speed: 0.0068s/iter; left time: 651.3438s
	iters: 1000, epoch: 10 | loss: 0.1993591
	speed: 0.0065s/iter; left time: 625.2713s
Epoch: 10 cost time: 7.063843250274658
Epoch: 10, Steps: 1067 | Train Loss: 0.2297349 Vali Loss: 0.3651862
EarlyStopping counter: 2 out of 6
Updating learning rate to 9.765625e-07
	iters: 100, epoch: 11 | loss: 0.2712235
	speed: 0.0212s/iter; left time: 2033.3117s
	iters: 200, epoch: 11 | loss: 0.1902401
	speed: 0.0066s/iter; left time: 634.4875s
	iters: 300, epoch: 11 | loss: 0.1846813
	speed: 0.0067s/iter; left time: 640.6873s
	iters: 400, epoch: 11 | loss: 0.2001186
	speed: 0.0066s/iter; left time: 633.9525s
	iters: 500, epoch: 11 | loss: 0.2632811
	speed: 0.0065s/iter; left time: 622.1105s
	iters: 600, epoch: 11 | loss: 0.2452614
	speed: 0.0068s/iter; left time: 648.2189s
	iters: 700, epoch: 11 | loss: 0.1964072
	speed: 0.0064s/iter; left time: 612.2914s
	iters: 800, epoch: 11 | loss: 0.2456421
	speed: 0.0066s/iter; left time: 629.4919s
	iters: 900, epoch: 11 | loss: 0.2445803
	speed: 0.0065s/iter; left time: 619.2833s
	iters: 1000, epoch: 11 | loss: 0.2302517
	speed: 0.0065s/iter; left time: 615.0684s
Epoch: 11 cost time: 7.029604196548462
Epoch: 11, Steps: 1067 | Train Loss: 0.2296645 Vali Loss: 0.3651008
EarlyStopping counter: 3 out of 6
Updating learning rate to 4.8828125e-07
	iters: 100, epoch: 12 | loss: 0.2237073
	speed: 0.0220s/iter; left time: 2087.9824s
	iters: 200, epoch: 12 | loss: 0.2782454
	speed: 0.0065s/iter; left time: 620.6660s
	iters: 300, epoch: 12 | loss: 0.1891937
	speed: 0.0067s/iter; left time: 633.7959s
	iters: 400, epoch: 12 | loss: 0.2689210
	speed: 0.0068s/iter; left time: 645.1408s
	iters: 500, epoch: 12 | loss: 0.2490474
	speed: 0.0066s/iter; left time: 626.9685s
	iters: 600, epoch: 12 | loss: 0.2528354
	speed: 0.0068s/iter; left time: 645.1256s
	iters: 700, epoch: 12 | loss: 0.2421307
	speed: 0.0067s/iter; left time: 630.0287s
	iters: 800, epoch: 12 | loss: 0.2153148
	speed: 0.0069s/iter; left time: 648.1413s
	iters: 900, epoch: 12 | loss: 0.2049844
	speed: 0.0067s/iter; left time: 631.3872s
	iters: 1000, epoch: 12 | loss: 0.2488188
	speed: 0.0065s/iter; left time: 610.0519s
Epoch: 12 cost time: 7.1834282875061035
Epoch: 12, Steps: 1067 | Train Loss: 0.2295435 Vali Loss: 0.3650806
EarlyStopping counter: 4 out of 6
Updating learning rate to 2.44140625e-07
	iters: 100, epoch: 13 | loss: 0.2303608
	speed: 0.0223s/iter; left time: 2091.1894s
	iters: 200, epoch: 13 | loss: 0.2111869
	speed: 0.0068s/iter; left time: 641.4281s
	iters: 300, epoch: 13 | loss: 0.2228668
	speed: 0.0071s/iter; left time: 662.9997s
	iters: 400, epoch: 13 | loss: 0.2399278
	speed: 0.0068s/iter; left time: 640.0500s
	iters: 500, epoch: 13 | loss: 0.1886271
	speed: 0.0069s/iter; left time: 645.2354s
	iters: 600, epoch: 13 | loss: 0.2422617
	speed: 0.0068s/iter; left time: 637.3420s
	iters: 700, epoch: 13 | loss: 0.2111160
	speed: 0.0068s/iter; left time: 630.8100s
	iters: 800, epoch: 13 | loss: 0.2254149
	speed: 0.0066s/iter; left time: 617.2241s
	iters: 900, epoch: 13 | loss: 0.2738405
	speed: 0.0065s/iter; left time: 600.6217s
	iters: 1000, epoch: 13 | loss: 0.2105859
	speed: 0.0065s/iter; left time: 604.3920s
Epoch: 13 cost time: 7.201860427856445
Epoch: 13, Steps: 1067 | Train Loss: 0.2296551 Vali Loss: 0.3650502
EarlyStopping counter: 5 out of 6
Updating learning rate to 1.220703125e-07
	iters: 100, epoch: 14 | loss: 0.2422594
	speed: 0.0210s/iter; left time: 1950.4393s
	iters: 200, epoch: 14 | loss: 0.2843445
	speed: 0.0065s/iter; left time: 599.0748s
	iters: 300, epoch: 14 | loss: 0.1994774
	speed: 0.0071s/iter; left time: 661.3154s
	iters: 400, epoch: 14 | loss: 0.2858874
	speed: 0.0067s/iter; left time: 618.2334s
	iters: 500, epoch: 14 | loss: 0.2125900
	speed: 0.0065s/iter; left time: 603.0544s
	iters: 600, epoch: 14 | loss: 0.2119688
	speed: 0.0065s/iter; left time: 602.4175s
	iters: 700, epoch: 14 | loss: 0.2129546
	speed: 0.0066s/iter; left time: 605.5382s
	iters: 800, epoch: 14 | loss: 0.2136250
	speed: 0.0067s/iter; left time: 613.6795s
	iters: 900, epoch: 14 | loss: 0.2383667
	speed: 0.0065s/iter; left time: 599.1957s
	iters: 1000, epoch: 14 | loss: 0.2890910
	speed: 0.0065s/iter; left time: 596.0445s
Epoch: 14 cost time: 7.051183700561523
Epoch: 14, Steps: 1067 | Train Loss: 0.2295232 Vali Loss: 0.3651217
EarlyStopping counter: 6 out of 6
Early stopping
VALIDATION_RESULT {"best_epoch": 8, "best_mae": 0.3997397296250059, "best_mse": 0.36455304400205635, "epochs_ran": 14, "metric_version": "element_weighted_v1", "train_duration_seconds": 115.89432549197227, "train_peak_cuda_memory_bytes": 330979840}
>>>>>>>test skipped (validation-only run)<<<<<<<<<<<<<<<<<<<<<<<<
>>>>>>>evaluating validation checkpoint : long_term_forecast_trps_phase_c_timerole_ettm1_p96_s2023_r4_TimeRole_ETTm1_ftM_sl336_ll48_pl96_dm64_nh8_el1_dl1_df128_expand2_dc2_fc1_ebtimeF_dtTrue_trps_phase_c_timerole_ettm1_p96_s2023_r4_0<<<<<<<<<<<<<<<<<<<<<<<<<<<<<<<<<
val 11425
EVALUATION_RESULT {"batches": 358, "elapsed_seconds": 1.121334481984377, "elements": 7677600, "gate_abs_mean": 0.19827942550182343, "gate_max": -0.131956547498703, "gate_mean": -0.19827942550182343, "gate_min": -0.2550530731678009, "gate_values": [-0.2335633486509323, -0.17475701868534088, -0.23307888209819794, -0.17511354386806488, -0.2550530731678009, -0.131956547498703, -0.1844337284564972], "mae": 0.3997397296250059, "memory_correction_mae": 0.19977503097739283, "memory_correction_rms": 0.30697061255051644, "metric_version": "element_weighted_v1", "milliseconds_per_batch": 3.1322192234200474, "mse": 0.36455304400205635, "parameter_count": 691143, "peak_cuda_memory_bytes": 134536192, "split": "val", "test_accessed": false, "timerole_intervention": "intact"}
