Using GPU
Args in experiment:
[1mBasic Config[0m
  Task Name:          long_term_forecast  Is Training:        1                   
  Model ID:           trps_phase_c_recent_ettm1_p720_s2023_r4Model:              GraphMambaRecent    

[1mData Loader[0m
  Data:               ETTm1               Root Path:          /home/cwh/Time-Series-Library/dataset/ETT-small
  Data Path:          ETTm1.csv           Features:           M                   
  Target:             OT                  Freq:               t                   
  Checkpoints:        /home/cwh/Time-Series-Library/logs/timerole_recent_simplification/checkpoints

[1mForecasting Task[0m
  Seq Len:            336                 Label Len:          48                  
  Pred Len:           720                 Seasonal Patterns:  Monthly             
  Inverse:            0                   

[1mModel Parameters[0m
  Top k:              5                   Num Kernels:        6                   
  Enc In:             7                   Dec In:             7                   
  C Out:              7                   d model:            64                  
  n heads:            8                   e layers:           1                   
  d layers:           1                   d FF:               128                 
  Moving Avg:         25                  Factor:             1                   
  Distil:             1                   Dropout:            0.1                 
  Embed:              timeF               Activation:         gelu                

[1mRun Parameters[0m
  Num Workers:        0                   Itr:                1                   
  Train Epochs:       100                 Batch Size:         32                  
  Patience:           6                   Learning Rate:      0.0005              
  Des:                trps_phase_c_recent_ettm1_p720_s2023_r4Loss:               MSE                 
  Lradj:              type1               Use Amp:            0                   

[1mGPU[0m
  Use GPU:            1                   GPU:                0                   
  Use Multi GPU:      0                   Devices:            0,1,2,3             

[1mDe-stationary Projector Params[0m
  P Hidden Dims:      128, 128            P Hidden Layers:    2                   

Use GPU: cuda:0
🚀 Lazy Loading: GraphMambaRecent ...
>>>>>>>start training : long_term_forecast_trps_phase_c_recent_ettm1_p720_s2023_r4_GraphMambaRecent_ETTm1_ftM_sl336_ll48_pl720_dm64_nh8_el1_dl1_df128_expand2_dc2_fc1_ebtimeF_dtTrue_trps_phase_c_recent_ettm1_p720_s2023_r4_0>>>>>>>>>>>>>>>>>>>>>>>>>>
train 33505
val 10801
	iters: 100, epoch: 1 | loss: 0.5128838
	speed: 0.0080s/iter; left time: 833.8144s
	iters: 200, epoch: 1 | loss: 0.5393256
	speed: 0.0062s/iter; left time: 645.9579s
	iters: 300, epoch: 1 | loss: 0.4949657
	speed: 0.0064s/iter; left time: 665.6134s
	iters: 400, epoch: 1 | loss: 0.4801891
	speed: 0.0064s/iter; left time: 663.9315s
	iters: 500, epoch: 1 | loss: 0.5549510
	speed: 0.0063s/iter; left time: 660.5047s
	iters: 600, epoch: 1 | loss: 0.3811080
	speed: 0.0060s/iter; left time: 625.1416s
	iters: 700, epoch: 1 | loss: 0.3993761
	speed: 0.0060s/iter; left time: 627.0769s
	iters: 800, epoch: 1 | loss: 0.4921494
	speed: 0.0061s/iter; left time: 637.4752s
	iters: 900, epoch: 1 | loss: 0.3815151
	speed: 0.0062s/iter; left time: 640.8235s
	iters: 1000, epoch: 1 | loss: 0.3905621
	speed: 0.0064s/iter; left time: 660.2322s
Epoch: 1 cost time: 6.695953369140625
Epoch: 1, Steps: 1048 | Train Loss: 0.4891138 Vali Loss: 1.0100755
Validation loss decreased (inf --> 1.010076).  Saving model ...
Updating learning rate to 0.0005
	iters: 100, epoch: 2 | loss: 0.4267093
	speed: 0.0196s/iter; left time: 2034.5943s
	iters: 200, epoch: 2 | loss: 0.3481833
	speed: 0.0060s/iter; left time: 624.2329s
	iters: 300, epoch: 2 | loss: 0.4383064
	speed: 0.0064s/iter; left time: 660.3841s
	iters: 400, epoch: 2 | loss: 0.4565178
	speed: 0.0065s/iter; left time: 672.6026s
	iters: 500, epoch: 2 | loss: 0.4312564
	speed: 0.0062s/iter; left time: 642.4242s
	iters: 600, epoch: 2 | loss: 0.5010329
	speed: 0.0065s/iter; left time: 671.4574s
	iters: 700, epoch: 2 | loss: 0.4473922
	speed: 0.0061s/iter; left time: 633.3470s
	iters: 800, epoch: 2 | loss: 0.4791781
	speed: 0.0062s/iter; left time: 639.0387s
	iters: 900, epoch: 2 | loss: 0.5256804
	speed: 0.0064s/iter; left time: 653.5714s
	iters: 1000, epoch: 2 | loss: 0.5107875
	speed: 0.0065s/iter; left time: 662.9036s
Epoch: 2 cost time: 6.621667861938477
Epoch: 2, Steps: 1048 | Train Loss: 0.4450601 Vali Loss: 0.9559850
Validation loss decreased (1.010076 --> 0.955985).  Saving model ...
Updating learning rate to 0.00025
	iters: 100, epoch: 3 | loss: 0.4090966
	speed: 0.0195s/iter; left time: 2002.8537s
	iters: 200, epoch: 3 | loss: 0.3924586
	speed: 0.0064s/iter; left time: 658.6801s
	iters: 300, epoch: 3 | loss: 0.4482036
	speed: 0.0064s/iter; left time: 658.8752s
	iters: 400, epoch: 3 | loss: 0.5552027
	speed: 0.0063s/iter; left time: 640.1775s
	iters: 500, epoch: 3 | loss: 0.3837588
	speed: 0.0064s/iter; left time: 655.3307s
	iters: 600, epoch: 3 | loss: 0.3811089
	speed: 0.0066s/iter; left time: 670.6152s
	iters: 700, epoch: 3 | loss: 0.3963917
	speed: 0.0063s/iter; left time: 647.2422s
	iters: 800, epoch: 3 | loss: 0.4001324
	speed: 0.0064s/iter; left time: 650.9399s
	iters: 900, epoch: 3 | loss: 0.3355504
	speed: 0.0063s/iter; left time: 639.8170s
	iters: 1000, epoch: 3 | loss: 0.5646535
	speed: 0.0065s/iter; left time: 661.4061s
Epoch: 3 cost time: 6.705965280532837
Epoch: 3, Steps: 1048 | Train Loss: 0.4291363 Vali Loss: 0.9507743
Validation loss decreased (0.955985 --> 0.950774).  Saving model ...
Updating learning rate to 0.000125
	iters: 100, epoch: 4 | loss: 0.3788118
	speed: 0.0199s/iter; left time: 2016.6533s
	iters: 200, epoch: 4 | loss: 0.4427379
	speed: 0.0063s/iter; left time: 634.8278s
	iters: 300, epoch: 4 | loss: 0.4163010
	speed: 0.0061s/iter; left time: 617.9777s
	iters: 400, epoch: 4 | loss: 0.4171556
	speed: 0.0062s/iter; left time: 630.6125s
	iters: 500, epoch: 4 | loss: 0.4180580
	speed: 0.0064s/iter; left time: 644.8176s
	iters: 600, epoch: 4 | loss: 0.4704028
	speed: 0.0061s/iter; left time: 621.3543s
	iters: 700, epoch: 4 | loss: 0.4375052
	speed: 0.0066s/iter; left time: 662.7303s
	iters: 800, epoch: 4 | loss: 0.4249288
	speed: 0.0064s/iter; left time: 647.2953s
	iters: 900, epoch: 4 | loss: 0.4038268
	speed: 0.0062s/iter; left time: 622.1577s
	iters: 1000, epoch: 4 | loss: 0.4261504
	speed: 0.0062s/iter; left time: 628.8360s
Epoch: 4 cost time: 6.593632936477661
Epoch: 4, Steps: 1048 | Train Loss: 0.4209557 Vali Loss: 0.9536444
EarlyStopping counter: 1 out of 6
Updating learning rate to 6.25e-05
	iters: 100, epoch: 5 | loss: 0.3488166
	speed: 0.0195s/iter; left time: 1955.4670s
	iters: 200, epoch: 5 | loss: 0.4604466
	speed: 0.0063s/iter; left time: 632.2479s
	iters: 300, epoch: 5 | loss: 0.3683308
	speed: 0.0061s/iter; left time: 608.5976s
	iters: 400, epoch: 5 | loss: 0.4430426
	speed: 0.0062s/iter; left time: 616.5701s
	iters: 500, epoch: 5 | loss: 0.4408712
	speed: 0.0061s/iter; left time: 613.1991s
	iters: 600, epoch: 5 | loss: 0.4939936
	speed: 0.0060s/iter; left time: 603.4908s
	iters: 700, epoch: 5 | loss: 0.4560897
	speed: 0.0063s/iter; left time: 627.2968s
	iters: 800, epoch: 5 | loss: 0.3722642
	speed: 0.0062s/iter; left time: 615.8554s
	iters: 900, epoch: 5 | loss: 0.3911704
	speed: 0.0062s/iter; left time: 620.9590s
	iters: 1000, epoch: 5 | loss: 0.4051079
	speed: 0.0061s/iter; left time: 608.8716s
Epoch: 5 cost time: 6.470435380935669
Epoch: 5, Steps: 1048 | Train Loss: 0.4164239 Vali Loss: 0.9525403
EarlyStopping counter: 2 out of 6
Updating learning rate to 3.125e-05
	iters: 100, epoch: 6 | loss: 0.3755542
	speed: 0.0190s/iter; left time: 1888.3519s
	iters: 200, epoch: 6 | loss: 0.5133030
	speed: 0.0061s/iter; left time: 603.0925s
	iters: 300, epoch: 6 | loss: 0.4324986
	speed: 0.0063s/iter; left time: 620.4967s
	iters: 400, epoch: 6 | loss: 0.4497597
	speed: 0.0066s/iter; left time: 657.5226s
	iters: 500, epoch: 6 | loss: 0.4442291
	speed: 0.0062s/iter; left time: 612.7575s
	iters: 600, epoch: 6 | loss: 0.4003371
	speed: 0.0063s/iter; left time: 627.7460s
	iters: 700, epoch: 6 | loss: 0.4057109
	speed: 0.0063s/iter; left time: 620.7448s
	iters: 800, epoch: 6 | loss: 0.3560198
	speed: 0.0062s/iter; left time: 608.0479s
	iters: 900, epoch: 6 | loss: 0.3618026
	speed: 0.0062s/iter; left time: 608.8154s
	iters: 1000, epoch: 6 | loss: 0.3860877
	speed: 0.0064s/iter; left time: 631.8938s
Epoch: 6 cost time: 6.571547746658325
Epoch: 6, Steps: 1048 | Train Loss: 0.4138080 Vali Loss: 0.9563512
EarlyStopping counter: 3 out of 6
Updating learning rate to 1.5625e-05
	iters: 100, epoch: 7 | loss: 0.4736219
	speed: 0.0192s/iter; left time: 1888.6512s
	iters: 200, epoch: 7 | loss: 0.3908188
	speed: 0.0060s/iter; left time: 594.2049s
	iters: 300, epoch: 7 | loss: 0.4282456
	speed: 0.0062s/iter; left time: 610.0524s
	iters: 400, epoch: 7 | loss: 0.3358900
	speed: 0.0062s/iter; left time: 612.8853s
	iters: 500, epoch: 7 | loss: 0.3830378
	speed: 0.0066s/iter; left time: 643.2412s
	iters: 600, epoch: 7 | loss: 0.4020547
	speed: 0.0063s/iter; left time: 617.4071s
	iters: 700, epoch: 7 | loss: 0.3981787
	speed: 0.0062s/iter; left time: 608.7809s
	iters: 800, epoch: 7 | loss: 0.4295713
	speed: 0.0064s/iter; left time: 625.1166s
	iters: 900, epoch: 7 | loss: 0.3878625
	speed: 0.0060s/iter; left time: 585.9686s
	iters: 1000, epoch: 7 | loss: 0.4573823
	speed: 0.0062s/iter; left time: 603.4355s
Epoch: 7 cost time: 6.540837526321411
Epoch: 7, Steps: 1048 | Train Loss: 0.4136160 Vali Loss: 0.9565973
EarlyStopping counter: 4 out of 6
Updating learning rate to 7.8125e-06
	iters: 100, epoch: 8 | loss: 0.4343926
	speed: 0.0197s/iter; left time: 1914.1161s
	iters: 200, epoch: 8 | loss: 0.3745935
	speed: 0.0065s/iter; left time: 629.4326s
	iters: 300, epoch: 8 | loss: 0.4767063
	speed: 0.0064s/iter; left time: 623.7594s
	iters: 400, epoch: 8 | loss: 0.3993675
	speed: 0.0064s/iter; left time: 621.4704s
	iters: 500, epoch: 8 | loss: 0.3650206
	speed: 0.0062s/iter; left time: 598.4242s
	iters: 600, epoch: 8 | loss: 0.3955808
	speed: 0.0065s/iter; left time: 630.5986s
	iters: 700, epoch: 8 | loss: 0.4488556
	speed: 0.0064s/iter; left time: 619.0855s
	iters: 800, epoch: 8 | loss: 0.3609994
	speed: 0.0063s/iter; left time: 606.0488s
	iters: 900, epoch: 8 | loss: 0.3893597
	speed: 0.0065s/iter; left time: 630.1443s
	iters: 1000, epoch: 8 | loss: 0.4504265
	speed: 0.0062s/iter; left time: 593.5838s
Epoch: 8 cost time: 6.645582914352417
Epoch: 8, Steps: 1048 | Train Loss: 0.4116532 Vali Loss: 0.9573868
EarlyStopping counter: 5 out of 6
Updating learning rate to 3.90625e-06
	iters: 100, epoch: 9 | loss: 0.4322767
	speed: 0.0192s/iter; left time: 1846.8349s
	iters: 200, epoch: 9 | loss: 0.3725744
	speed: 0.0060s/iter; left time: 581.6020s
	iters: 300, epoch: 9 | loss: 0.3695492
	speed: 0.0061s/iter; left time: 589.2789s
	iters: 400, epoch: 9 | loss: 0.3833367
	speed: 0.0065s/iter; left time: 626.6301s
	iters: 500, epoch: 9 | loss: 0.4084747
	speed: 0.0063s/iter; left time: 601.5044s
	iters: 600, epoch: 9 | loss: 0.3816815
	speed: 0.0063s/iter; left time: 608.0126s
	iters: 700, epoch: 9 | loss: 0.4873165
	speed: 0.0066s/iter; left time: 635.3733s
	iters: 800, epoch: 9 | loss: 0.4427967
	speed: 0.0064s/iter; left time: 610.9429s
	iters: 900, epoch: 9 | loss: 0.3866550
	speed: 0.0062s/iter; left time: 587.4633s
	iters: 1000, epoch: 9 | loss: 0.4890107
	speed: 0.0065s/iter; left time: 615.6118s
Epoch: 9 cost time: 6.614083766937256
Epoch: 9, Steps: 1048 | Train Loss: 0.4112183 Vali Loss: 0.9574975
EarlyStopping counter: 6 out of 6
Early stopping
VALIDATION_RESULT {"best_epoch": 3, "best_mae": 0.6512074894656974, "best_mse": 0.9507742588746215, "epochs_ran": 9, "metric_version": "element_weighted_v1", "train_duration_seconds": 69.77511339029297, "train_peak_cuda_memory_bytes": 393534464}
>>>>>>>test skipped (validation-only run)<<<<<<<<<<<<<<<<<<<<<<<<
>>>>>>>evaluating validation checkpoint : long_term_forecast_trps_phase_c_recent_ettm1_p720_s2023_r4_GraphMambaRecent_ETTm1_ftM_sl336_ll48_pl720_dm64_nh8_el1_dl1_df128_expand2_dc2_fc1_ebtimeF_dtTrue_trps_phase_c_recent_ettm1_p720_s2023_r4_0<<<<<<<<<<<<<<<<<<<<<<<<<<<<<<<<<
val 10801
EVALUATION_RESULT {"batches": 338, "elapsed_seconds": 0.9625655277632177, "elements": 54437040, "mae": 0.6512074894656974, "metric_version": "element_weighted_v1", "milliseconds_per_batch": 2.8478270052166206, "mse": 0.9507742588746215, "parameter_count": 4518992, "peak_cuda_memory_bytes": 166851584, "split": "val", "test_accessed": false, "timerole_intervention": "intact"}
