Using GPU
Args in experiment:
[1mBasic Config[0m
  Task Name:          long_term_forecast  Is Training:        1                   
  Model ID:           trps_phase_c_recent_weather_p96_s2022_r2Model:              GraphMambaRecent    

[1mData Loader[0m
  Data:               custom              Root Path:          /home/cwh/Time-Series-Library/dataset/weather
  Data Path:          weather.csv         Features:           M                   
  Target:             CO2 (ppm)           Freq:               t                   
  Checkpoints:        /home/cwh/Time-Series-Library/logs/timerole_recent_simplification/checkpoints

[1mForecasting Task[0m
  Seq Len:            336                 Label Len:          48                  
  Pred Len:           96                  Seasonal Patterns:  Monthly             
  Inverse:            0                   

[1mModel Parameters[0m
  Top k:              5                   Num Kernels:        6                   
  Enc In:             21                  Dec In:             21                  
  C Out:              21                  d model:            64                  
  n heads:            8                   e layers:           1                   
  d layers:           1                   d FF:               128                 
  Moving Avg:         25                  Factor:             1                   
  Distil:             1                   Dropout:            0.1                 
  Embed:              timeF               Activation:         gelu                

[1mRun Parameters[0m
  Num Workers:        0                   Itr:                1                   
  Train Epochs:       100                 Batch Size:         32                  
  Patience:           6                   Learning Rate:      0.0005              
  Des:                trps_phase_c_recent_weather_p96_s2022_r2Loss:               MSE                 
  Lradj:              type1               Use Amp:            0                   

[1mGPU[0m
  Use GPU:            1                   GPU:                0                   
  Use Multi GPU:      0                   Devices:            0,1,2,3             

[1mDe-stationary Projector Params[0m
  P Hidden Dims:      128, 128            P Hidden Layers:    2                   

Use GPU: cuda:0
🚀 Lazy Loading: GraphMambaRecent ...
[GraphMamba] Building 21x21 static graph from 2000 training samples
>>>>>>>start training : long_term_forecast_trps_phase_c_recent_weather_p96_s2022_r2_GraphMambaRecent_custom_ftM_sl336_ll48_pl96_dm64_nh8_el1_dl1_df128_expand2_dc2_fc1_ebtimeF_dtTrue_trps_phase_c_recent_weather_p96_s2022_r2_0>>>>>>>>>>>>>>>>>>>>>>>>>>
train 36456
val 5175
	iters: 100, epoch: 1 | loss: 0.4052693
	speed: 0.0125s/iter; left time: 1426.0311s
	iters: 200, epoch: 1 | loss: 0.4337250
	speed: 0.0105s/iter; left time: 1190.5907s
	iters: 300, epoch: 1 | loss: 0.3679760
	speed: 0.0104s/iter; left time: 1186.6041s
	iters: 400, epoch: 1 | loss: 0.4309990
	speed: 0.0104s/iter; left time: 1181.3155s
	iters: 500, epoch: 1 | loss: 0.4054266
	speed: 0.0105s/iter; left time: 1187.8683s
	iters: 600, epoch: 1 | loss: 0.3666528
	speed: 0.0104s/iter; left time: 1183.8379s
	iters: 700, epoch: 1 | loss: 0.6281420
	speed: 0.0104s/iter; left time: 1180.7953s
	iters: 800, epoch: 1 | loss: 0.5356266
	speed: 0.0105s/iter; left time: 1192.5735s
	iters: 900, epoch: 1 | loss: 0.3371957
	speed: 0.0105s/iter; left time: 1182.9089s
	iters: 1000, epoch: 1 | loss: 0.3386107
	speed: 0.0104s/iter; left time: 1176.5520s
	iters: 1100, epoch: 1 | loss: 0.3661454
	speed: 0.0104s/iter; left time: 1177.0126s
Epoch: 1 cost time: 12.124078035354614
Epoch: 1, Steps: 1140 | Train Loss: 0.4908358 Vali Loss: 0.4128685
Validation loss decreased (inf --> 0.412869).  Saving model ...
Updating learning rate to 0.0005
	iters: 100, epoch: 2 | loss: 0.3701861
	speed: 0.0217s/iter; left time: 2447.9343s
	iters: 200, epoch: 2 | loss: 0.2418168
	speed: 0.0105s/iter; left time: 1178.7781s
	iters: 300, epoch: 2 | loss: 0.3416069
	speed: 0.0105s/iter; left time: 1185.6148s
	iters: 400, epoch: 2 | loss: 0.3386471
	speed: 0.0105s/iter; left time: 1177.8924s
	iters: 500, epoch: 2 | loss: 1.5280426
	speed: 0.0105s/iter; left time: 1177.5857s
	iters: 600, epoch: 2 | loss: 0.3511322
	speed: 0.0105s/iter; left time: 1178.3821s
	iters: 700, epoch: 2 | loss: 0.3942508
	speed: 0.0104s/iter; left time: 1166.0476s
	iters: 800, epoch: 2 | loss: 0.3071026
	speed: 0.0105s/iter; left time: 1177.0962s
	iters: 900, epoch: 2 | loss: 0.2791715
	speed: 0.0106s/iter; left time: 1183.9720s
	iters: 1000, epoch: 2 | loss: 0.5772642
	speed: 0.0106s/iter; left time: 1186.9995s
	iters: 1100, epoch: 2 | loss: 0.5057846
	speed: 0.0106s/iter; left time: 1180.8564s
Epoch: 2 cost time: 11.974260091781616
Epoch: 2, Steps: 1140 | Train Loss: 0.4359375 Vali Loss: 0.4011357
Validation loss decreased (0.412869 --> 0.401136).  Saving model ...
Updating learning rate to 0.00025
	iters: 100, epoch: 3 | loss: 0.2766258
	speed: 0.0221s/iter; left time: 2463.8872s
	iters: 200, epoch: 3 | loss: 0.2880220
	speed: 0.0106s/iter; left time: 1176.9117s
	iters: 300, epoch: 3 | loss: 0.4505987
	speed: 0.0105s/iter; left time: 1170.6340s
	iters: 400, epoch: 3 | loss: 0.4178126
	speed: 0.0105s/iter; left time: 1168.7486s
	iters: 500, epoch: 3 | loss: 0.4116022
	speed: 0.0105s/iter; left time: 1169.1259s
	iters: 600, epoch: 3 | loss: 0.2863396
	speed: 0.0105s/iter; left time: 1171.5896s
	iters: 700, epoch: 3 | loss: 0.9481015
	speed: 0.0105s/iter; left time: 1162.8189s
	iters: 800, epoch: 3 | loss: 0.3065639
	speed: 0.0105s/iter; left time: 1167.3396s
	iters: 900, epoch: 3 | loss: 0.3235539
	speed: 0.0105s/iter; left time: 1168.7703s
	iters: 1000, epoch: 3 | loss: 0.2201008
	speed: 0.0105s/iter; left time: 1162.0364s
	iters: 1100, epoch: 3 | loss: 0.3002740
	speed: 0.0105s/iter; left time: 1158.4368s
Epoch: 3 cost time: 11.979493141174316
Epoch: 3, Steps: 1140 | Train Loss: 0.4234187 Vali Loss: 0.3966075
Validation loss decreased (0.401136 --> 0.396607).  Saving model ...
Updating learning rate to 0.000125
	iters: 100, epoch: 4 | loss: 0.2176752
	speed: 0.0216s/iter; left time: 2390.2249s
	iters: 200, epoch: 4 | loss: 0.3071167
	speed: 0.0105s/iter; left time: 1158.6352s
	iters: 300, epoch: 4 | loss: 0.2899940
	speed: 0.0106s/iter; left time: 1165.6096s
	iters: 400, epoch: 4 | loss: 0.3172292
	speed: 0.0108s/iter; left time: 1185.5995s
	iters: 500, epoch: 4 | loss: 0.2730520
	speed: 0.0107s/iter; left time: 1175.1592s
	iters: 600, epoch: 4 | loss: 0.4059923
	speed: 0.0105s/iter; left time: 1149.7900s
	iters: 700, epoch: 4 | loss: 0.3381667
	speed: 0.0105s/iter; left time: 1148.9272s
	iters: 800, epoch: 4 | loss: 0.3365976
	speed: 0.0105s/iter; left time: 1156.2221s
	iters: 900, epoch: 4 | loss: 0.3150623
	speed: 0.0107s/iter; left time: 1171.2117s
	iters: 1000, epoch: 4 | loss: 1.1960331
	speed: 0.0105s/iter; left time: 1154.1215s
	iters: 1100, epoch: 4 | loss: 0.4188575
	speed: 0.0105s/iter; left time: 1145.2778s
Epoch: 4 cost time: 12.025818586349487
Epoch: 4, Steps: 1140 | Train Loss: 0.4185039 Vali Loss: 0.3939782
Validation loss decreased (0.396607 --> 0.393978).  Saving model ...
Updating learning rate to 6.25e-05
	iters: 100, epoch: 5 | loss: 0.4183172
	speed: 0.0216s/iter; left time: 2360.1114s
	iters: 200, epoch: 5 | loss: 0.2677734
	speed: 0.0104s/iter; left time: 1140.0071s
	iters: 300, epoch: 5 | loss: 0.3091666
	speed: 0.0104s/iter; left time: 1131.8481s
	iters: 400, epoch: 5 | loss: 0.3010008
	speed: 0.0104s/iter; left time: 1131.7407s
	iters: 500, epoch: 5 | loss: 0.3300562
	speed: 0.0106s/iter; left time: 1152.1785s
	iters: 600, epoch: 5 | loss: 0.3389763
	speed: 0.0105s/iter; left time: 1140.2972s
	iters: 700, epoch: 5 | loss: 0.2548821
	speed: 0.0105s/iter; left time: 1142.8167s
	iters: 800, epoch: 5 | loss: 0.3314393
	speed: 0.0104s/iter; left time: 1130.6859s
	iters: 900, epoch: 5 | loss: 0.2213476
	speed: 0.0105s/iter; left time: 1137.7046s
	iters: 1000, epoch: 5 | loss: 0.3185510
	speed: 0.0103s/iter; left time: 1122.3526s
	iters: 1100, epoch: 5 | loss: 1.1934035
	speed: 0.0103s/iter; left time: 1119.2589s
Epoch: 5 cost time: 11.899374723434448
Epoch: 5, Steps: 1140 | Train Loss: 0.4157268 Vali Loss: 0.3930023
Validation loss decreased (0.393978 --> 0.393002).  Saving model ...
Updating learning rate to 3.125e-05
	iters: 100, epoch: 6 | loss: 0.2636250
	speed: 0.0218s/iter; left time: 2358.0727s
	iters: 200, epoch: 6 | loss: 0.3801573
	speed: 0.0104s/iter; left time: 1119.3539s
	iters: 300, epoch: 6 | loss: 1.0057982
	speed: 0.0105s/iter; left time: 1137.7534s
	iters: 400, epoch: 6 | loss: 1.3651075
	speed: 0.0104s/iter; left time: 1122.3584s
	iters: 500, epoch: 6 | loss: 0.3091464
	speed: 0.0104s/iter; left time: 1123.1063s
	iters: 600, epoch: 6 | loss: 0.2638144
	speed: 0.0105s/iter; left time: 1130.2732s
	iters: 700, epoch: 6 | loss: 0.3614131
	speed: 0.0104s/iter; left time: 1116.7995s
	iters: 800, epoch: 6 | loss: 0.2880557
	speed: 0.0104s/iter; left time: 1119.1217s
	iters: 900, epoch: 6 | loss: 0.5272736
	speed: 0.0107s/iter; left time: 1149.2185s
	iters: 1000, epoch: 6 | loss: 0.3099190
	speed: 0.0104s/iter; left time: 1120.1333s
	iters: 1100, epoch: 6 | loss: 0.2770223
	speed: 0.0105s/iter; left time: 1124.7545s
Epoch: 6 cost time: 11.938462495803833
Epoch: 6, Steps: 1140 | Train Loss: 0.4143810 Vali Loss: 0.3924527
Validation loss decreased (0.393002 --> 0.392453).  Saving model ...
Updating learning rate to 1.5625e-05
	iters: 100, epoch: 7 | loss: 1.2807822
	speed: 0.0221s/iter; left time: 2363.2751s
	iters: 200, epoch: 7 | loss: 0.2809319
	speed: 0.0104s/iter; left time: 1117.4554s
	iters: 300, epoch: 7 | loss: 0.3011762
	speed: 0.0105s/iter; left time: 1127.0883s
	iters: 400, epoch: 7 | loss: 0.2465474
	speed: 0.0104s/iter; left time: 1111.8691s
	iters: 500, epoch: 7 | loss: 0.4371534
	speed: 0.0106s/iter; left time: 1125.5325s
	iters: 600, epoch: 7 | loss: 0.3773697
	speed: 0.0104s/iter; left time: 1111.6230s
	iters: 700, epoch: 7 | loss: 0.2896724
	speed: 0.0104s/iter; left time: 1110.9487s
	iters: 800, epoch: 7 | loss: 0.3496133
	speed: 0.0105s/iter; left time: 1119.2094s
	iters: 900, epoch: 7 | loss: 0.3234923
	speed: 0.0106s/iter; left time: 1127.6421s
	iters: 1000, epoch: 7 | loss: 0.4563790
	speed: 0.0106s/iter; left time: 1120.7855s
	iters: 1100, epoch: 7 | loss: 0.9819786
	speed: 0.0104s/iter; left time: 1104.2390s
Epoch: 7 cost time: 11.979984521865845
Epoch: 7, Steps: 1140 | Train Loss: 0.4139127 Vali Loss: 0.3934224
EarlyStopping counter: 1 out of 6
Updating learning rate to 7.8125e-06
	iters: 100, epoch: 8 | loss: 0.4241062
	speed: 0.0218s/iter; left time: 2310.7974s
	iters: 200, epoch: 8 | loss: 0.3094406
	speed: 0.0105s/iter; left time: 1108.8952s
	iters: 300, epoch: 8 | loss: 0.2934179
	speed: 0.0105s/iter; left time: 1113.0344s
	iters: 400, epoch: 8 | loss: 0.3800741
	speed: 0.0105s/iter; left time: 1110.8570s
	iters: 500, epoch: 8 | loss: 0.2551803
	speed: 0.0107s/iter; left time: 1129.9489s
	iters: 600, epoch: 8 | loss: 0.4397734
	speed: 0.0106s/iter; left time: 1122.3203s
	iters: 700, epoch: 8 | loss: 0.5407408
	speed: 0.0105s/iter; left time: 1102.2304s
	iters: 800, epoch: 8 | loss: 1.1842518
	speed: 0.0106s/iter; left time: 1114.3704s
	iters: 900, epoch: 8 | loss: 0.2520958
	speed: 0.0106s/iter; left time: 1118.7846s
	iters: 1000, epoch: 8 | loss: 0.2791397
	speed: 0.0105s/iter; left time: 1098.1902s
	iters: 1100, epoch: 8 | loss: 0.3401844
	speed: 0.0104s/iter; left time: 1089.9471s
Epoch: 8 cost time: 12.015031814575195
Epoch: 8, Steps: 1140 | Train Loss: 0.4133188 Vali Loss: 0.3928182
EarlyStopping counter: 2 out of 6
Updating learning rate to 3.90625e-06
	iters: 100, epoch: 9 | loss: 0.2708398
	speed: 0.0222s/iter; left time: 2323.1811s
	iters: 200, epoch: 9 | loss: 0.2578100
	speed: 0.0107s/iter; left time: 1120.9352s
	iters: 300, epoch: 9 | loss: 0.5265650
	speed: 0.0104s/iter; left time: 1090.8165s
	iters: 400, epoch: 9 | loss: 0.2845928
	speed: 0.0105s/iter; left time: 1092.3250s
	iters: 500, epoch: 9 | loss: 0.2400469
	speed: 0.0106s/iter; left time: 1105.6272s
	iters: 600, epoch: 9 | loss: 0.2429986
	speed: 0.0106s/iter; left time: 1101.0684s
	iters: 700, epoch: 9 | loss: 0.2121320
	speed: 0.0105s/iter; left time: 1096.4176s
	iters: 800, epoch: 9 | loss: 0.2442261
	speed: 0.0105s/iter; left time: 1090.1067s
	iters: 900, epoch: 9 | loss: 0.2321414
	speed: 0.0105s/iter; left time: 1094.4923s
	iters: 1000, epoch: 9 | loss: 0.6301441
	speed: 0.0106s/iter; left time: 1096.7617s
	iters: 1100, epoch: 9 | loss: 0.3267935
	speed: 0.0104s/iter; left time: 1078.1579s
Epoch: 9 cost time: 12.002093076705933
Epoch: 9, Steps: 1140 | Train Loss: 0.4131330 Vali Loss: 0.3925387
EarlyStopping counter: 3 out of 6
Updating learning rate to 1.953125e-06
	iters: 100, epoch: 10 | loss: 0.3498081
	speed: 0.0220s/iter; left time: 2276.7845s
	iters: 200, epoch: 10 | loss: 0.2686346
	speed: 0.0106s/iter; left time: 1097.5763s
	iters: 300, epoch: 10 | loss: 0.3355913
	speed: 0.0106s/iter; left time: 1093.2438s
	iters: 400, epoch: 10 | loss: 0.5846515
	speed: 0.0106s/iter; left time: 1095.7521s
	iters: 500, epoch: 10 | loss: 0.3230342
	speed: 0.0106s/iter; left time: 1094.5672s
	iters: 600, epoch: 10 | loss: 0.2997264
	speed: 0.0106s/iter; left time: 1088.1949s
	iters: 700, epoch: 10 | loss: 0.2629441
	speed: 0.0105s/iter; left time: 1085.9250s
	iters: 800, epoch: 10 | loss: 0.3501237
	speed: 0.0105s/iter; left time: 1084.1560s
	iters: 900, epoch: 10 | loss: 0.5089352
	speed: 0.0105s/iter; left time: 1081.5137s
	iters: 1000, epoch: 10 | loss: 0.4222061
	speed: 0.0105s/iter; left time: 1079.0572s
	iters: 1100, epoch: 10 | loss: 0.3655569
	speed: 0.0106s/iter; left time: 1088.5804s
Epoch: 10 cost time: 12.045978784561157
Epoch: 10, Steps: 1140 | Train Loss: 0.4132330 Vali Loss: 0.3928170
EarlyStopping counter: 4 out of 6
Updating learning rate to 9.765625e-07
	iters: 100, epoch: 11 | loss: 0.3241826
	speed: 0.0218s/iter; left time: 2238.9459s
	iters: 200, epoch: 11 | loss: 1.2873533
	speed: 0.0105s/iter; left time: 1078.5100s
	iters: 300, epoch: 11 | loss: 0.4058274
	speed: 0.0106s/iter; left time: 1079.9617s
	iters: 400, epoch: 11 | loss: 0.4632320
	speed: 0.0105s/iter; left time: 1077.9119s
	iters: 500, epoch: 11 | loss: 1.3154033
	speed: 0.0107s/iter; left time: 1089.5425s
	iters: 600, epoch: 11 | loss: 0.3343859
	speed: 0.0105s/iter; left time: 1073.5236s
	iters: 700, epoch: 11 | loss: 0.3315020
	speed: 0.0104s/iter; left time: 1062.9229s
	iters: 800, epoch: 11 | loss: 0.2906914
	speed: 0.0106s/iter; left time: 1081.9560s
	iters: 900, epoch: 11 | loss: 0.3219382
	speed: 0.0106s/iter; left time: 1081.6701s
	iters: 1000, epoch: 11 | loss: 0.2807682
	speed: 0.0107s/iter; left time: 1083.1354s
	iters: 1100, epoch: 11 | loss: 0.2496953
	speed: 0.0106s/iter; left time: 1080.8819s
Epoch: 11 cost time: 12.062509059906006
Epoch: 11, Steps: 1140 | Train Loss: 0.4129816 Vali Loss: 0.3926504
EarlyStopping counter: 5 out of 6
Updating learning rate to 4.8828125e-07
	iters: 100, epoch: 12 | loss: 0.3467965
	speed: 0.0220s/iter; left time: 2230.4510s
	iters: 200, epoch: 12 | loss: 0.2569519
	speed: 0.0106s/iter; left time: 1074.0510s
	iters: 300, epoch: 12 | loss: 0.2826266
	speed: 0.0106s/iter; left time: 1067.2937s
	iters: 400, epoch: 12 | loss: 0.3530817
	speed: 0.0105s/iter; left time: 1061.6404s
	iters: 500, epoch: 12 | loss: 0.4512993
	speed: 0.0107s/iter; left time: 1078.0686s
	iters: 600, epoch: 12 | loss: 1.4747504
	speed: 0.0105s/iter; left time: 1060.9142s
	iters: 700, epoch: 12 | loss: 0.2656846
	speed: 0.0106s/iter; left time: 1068.7159s
	iters: 800, epoch: 12 | loss: 0.6962464
	speed: 0.0105s/iter; left time: 1058.0538s
	iters: 900, epoch: 12 | loss: 0.3027908
	speed: 0.0107s/iter; left time: 1079.4937s
	iters: 1000, epoch: 12 | loss: 1.3156130
	speed: 0.0106s/iter; left time: 1064.9989s
	iters: 1100, epoch: 12 | loss: 0.3021785
	speed: 0.0105s/iter; left time: 1050.7119s
Epoch: 12 cost time: 12.07810354232788
Epoch: 12, Steps: 1140 | Train Loss: 0.4128185 Vali Loss: 0.3926696
EarlyStopping counter: 6 out of 6
Early stopping
VALIDATION_RESULT {"best_epoch": 6, "best_mae": 0.2697439143910162, "best_mse": 0.39245267987534654, "epochs_ran": 12, "metric_version": "element_weighted_v1", "train_duration_seconds": 153.4863850218244, "train_peak_cuda_memory_bytes": 540956672}
>>>>>>>test skipped (validation-only run)<<<<<<<<<<<<<<<<<<<<<<<<
>>>>>>>evaluating validation checkpoint : long_term_forecast_trps_phase_c_recent_weather_p96_s2022_r2_GraphMambaRecent_custom_ftM_sl336_ll48_pl96_dm64_nh8_el1_dl1_df128_expand2_dc2_fc1_ebtimeF_dtTrue_trps_phase_c_recent_weather_p96_s2022_r2_0<<<<<<<<<<<<<<<<<<<<<<<<<<<<<<<<<
val 5175
EVALUATION_RESULT {"batches": 162, "elapsed_seconds": 0.700624561868608, "elements": 10432800, "mae": 0.2697439143910162, "metric_version": "element_weighted_v1", "milliseconds_per_batch": 4.32484297449758, "mse": 0.39245267987534654, "parameter_count": 399154, "peak_cuda_memory_bytes": 199622656, "split": "val", "test_accessed": false, "timerole_intervention": "intact"}
