Using GPU
Args in experiment:
[1mBasic Config[0m
  Task Name:          long_term_forecast  Is Training:        1                   
  Model ID:           trps_phase_c_recent_etth2_p720_s2023_r4Model:              GraphMambaRecent    

[1mData Loader[0m
  Data:               ETTh2               Root Path:          /home/cwh/Time-Series-Library/dataset/ETT-small
  Data Path:          ETTh2.csv           Features:           M                   
  Target:             OT                  Freq:               h                   
  Checkpoints:        /home/cwh/Time-Series-Library/logs/timerole_recent_simplification/checkpoints

[1mForecasting Task[0m
  Seq Len:            336                 Label Len:          48                  
  Pred Len:           720                 Seasonal Patterns:  Monthly             
  Inverse:            0                   

[1mModel Parameters[0m
  Top k:              5                   Num Kernels:        6                   
  Enc In:             7                   Dec In:             7                   
  C Out:              7                   d model:            64                  
  n heads:            8                   e layers:           1                   
  d layers:           1                   d FF:               128                 
  Moving Avg:         25                  Factor:             1                   
  Distil:             1                   Dropout:            0.1                 
  Embed:              timeF               Activation:         gelu                

[1mRun Parameters[0m
  Num Workers:        0                   Itr:                1                   
  Train Epochs:       100                 Batch Size:         32                  
  Patience:           6                   Learning Rate:      0.0005              
  Des:                trps_phase_c_recent_etth2_p720_s2023_r4Loss:               MSE                 
  Lradj:              type1               Use Amp:            0                   

[1mGPU[0m
  Use GPU:            1                   GPU:                0                   
  Use Multi GPU:      0                   Devices:            0,1,2,3             

[1mDe-stationary Projector Params[0m
  P Hidden Dims:      128, 128            P Hidden Layers:    2                   

Use GPU: cuda:0
🚀 Lazy Loading: GraphMambaRecent ...
>>>>>>>start training : long_term_forecast_trps_phase_c_recent_etth2_p720_s2023_r4_GraphMambaRecent_ETTh2_ftM_sl336_ll48_pl720_dm64_nh8_el1_dl1_df128_expand2_dc2_fc1_ebtimeF_dtTrue_trps_phase_c_recent_etth2_p720_s2023_r4_0>>>>>>>>>>>>>>>>>>>>>>>>>>
train 7585
val 2161
	iters: 100, epoch: 1 | loss: 0.5544854
	speed: 0.0078s/iter; left time: 186.0396s
	iters: 200, epoch: 1 | loss: 1.0317800
	speed: 0.0061s/iter; left time: 144.8261s
Epoch: 1 cost time: 1.634092092514038
Epoch: 1, Steps: 238 | Train Loss: 0.9183417 Vali Loss: 0.6367400
Validation loss decreased (inf --> 0.636740).  Saving model ...
Updating learning rate to 0.0005
	iters: 100, epoch: 2 | loss: 0.7509043
	speed: 0.0107s/iter; left time: 250.3904s
	iters: 200, epoch: 2 | loss: 0.9134379
	speed: 0.0061s/iter; left time: 143.5394s
Epoch: 2 cost time: 1.4663310050964355
Epoch: 2, Steps: 238 | Train Loss: 0.8783239 Vali Loss: 0.6776701
EarlyStopping counter: 1 out of 6
Updating learning rate to 0.00025
	iters: 100, epoch: 3 | loss: 1.0456942
	speed: 0.0108s/iter; left time: 250.9436s
	iters: 200, epoch: 3 | loss: 1.1171913
	speed: 0.0065s/iter; left time: 150.4104s
Epoch: 3 cost time: 1.5356354713439941
Epoch: 3, Steps: 238 | Train Loss: 0.8524731 Vali Loss: 0.6243345
Validation loss decreased (0.636740 --> 0.624335).  Saving model ...
Updating learning rate to 0.000125
	iters: 100, epoch: 4 | loss: 1.0569581
	speed: 0.0110s/iter; left time: 252.8701s
	iters: 200, epoch: 4 | loss: 0.5724532
	speed: 0.0062s/iter; left time: 140.8133s
Epoch: 4 cost time: 1.4958341121673584
Epoch: 4, Steps: 238 | Train Loss: 0.8018338 Vali Loss: 0.6391681
EarlyStopping counter: 1 out of 6
Updating learning rate to 6.25e-05
	iters: 100, epoch: 5 | loss: 0.8213637
	speed: 0.0107s/iter; left time: 243.8297s
	iters: 200, epoch: 5 | loss: 0.7236947
	speed: 0.0063s/iter; left time: 143.7347s
Epoch: 5 cost time: 1.4924445152282715
Epoch: 5, Steps: 238 | Train Loss: 0.7911968 Vali Loss: 0.6083683
Validation loss decreased (0.624335 --> 0.608368).  Saving model ...
Updating learning rate to 3.125e-05
	iters: 100, epoch: 6 | loss: 0.7462496
	speed: 0.0109s/iter; left time: 245.1448s
	iters: 200, epoch: 6 | loss: 0.8298075
	speed: 0.0063s/iter; left time: 141.7434s
Epoch: 6 cost time: 1.4935023784637451
Epoch: 6, Steps: 238 | Train Loss: 0.7835156 Vali Loss: 0.6138597
EarlyStopping counter: 1 out of 6
Updating learning rate to 1.5625e-05
	iters: 100, epoch: 7 | loss: 0.5673519
	speed: 0.0105s/iter; left time: 234.5264s
	iters: 200, epoch: 7 | loss: 0.6548852
	speed: 0.0062s/iter; left time: 138.3686s
Epoch: 7 cost time: 1.4690110683441162
Epoch: 7, Steps: 238 | Train Loss: 0.7805733 Vali Loss: 0.6144540
EarlyStopping counter: 2 out of 6
Updating learning rate to 7.8125e-06
	iters: 100, epoch: 8 | loss: 0.9994043
	speed: 0.0105s/iter; left time: 232.1911s
	iters: 200, epoch: 8 | loss: 1.1512336
	speed: 0.0063s/iter; left time: 138.9519s
Epoch: 8 cost time: 1.4836604595184326
Epoch: 8, Steps: 238 | Train Loss: 0.7791755 Vali Loss: 0.6097312
EarlyStopping counter: 3 out of 6
Updating learning rate to 3.90625e-06
	iters: 100, epoch: 9 | loss: 0.6370997
	speed: 0.0104s/iter; left time: 226.5209s
	iters: 200, epoch: 9 | loss: 0.5893509
	speed: 0.0061s/iter; left time: 132.1805s
Epoch: 9 cost time: 1.4441490173339844
Epoch: 9, Steps: 238 | Train Loss: 0.7773418 Vali Loss: 0.6117309
EarlyStopping counter: 4 out of 6
Updating learning rate to 1.953125e-06
	iters: 100, epoch: 10 | loss: 0.6016327
	speed: 0.0105s/iter; left time: 225.8438s
	iters: 200, epoch: 10 | loss: 0.5913286
	speed: 0.0062s/iter; left time: 133.2615s
Epoch: 10 cost time: 1.4711189270019531
Epoch: 10, Steps: 238 | Train Loss: 0.7776339 Vali Loss: 0.6121074
EarlyStopping counter: 5 out of 6
Updating learning rate to 9.765625e-07
	iters: 100, epoch: 11 | loss: 0.5934516
	speed: 0.0109s/iter; left time: 231.6489s
	iters: 200, epoch: 11 | loss: 0.7245843
	speed: 0.0063s/iter; left time: 133.2592s
Epoch: 11 cost time: 1.5037953853607178
Epoch: 11, Steps: 238 | Train Loss: 0.7775668 Vali Loss: 0.6117425
EarlyStopping counter: 6 out of 6
Early stopping
VALIDATION_RESULT {"best_epoch": 5, "best_mae": 0.5479326950582866, "best_mse": 0.6083682918900932, "epochs_ran": 11, "metric_version": "element_weighted_v1", "train_duration_seconds": 19.07880400493741, "train_peak_cuda_memory_bytes": 393393152}
>>>>>>>test skipped (validation-only run)<<<<<<<<<<<<<<<<<<<<<<<<
>>>>>>>evaluating validation checkpoint : long_term_forecast_trps_phase_c_recent_etth2_p720_s2023_r4_GraphMambaRecent_ETTh2_ftM_sl336_ll48_pl720_dm64_nh8_el1_dl1_df128_expand2_dc2_fc1_ebtimeF_dtTrue_trps_phase_c_recent_etth2_p720_s2023_r4_0<<<<<<<<<<<<<<<<<<<<<<<<<<<<<<<<<
val 2161
EVALUATION_RESULT {"batches": 68, "elapsed_seconds": 0.19941158406436443, "elements": 10891440, "mae": 0.5479326950582866, "metric_version": "element_weighted_v1", "milliseconds_per_batch": 2.9325232950641826, "mse": 0.6083682918900932, "parameter_count": 4518992, "peak_cuda_memory_bytes": 166710272, "split": "val", "test_accessed": false, "timerole_intervention": "intact"}
