Using GPU
Args in experiment:
[1mBasic Config[0m
  Task Name:          long_term_forecast  Is Training:        1                   
  Model ID:           trps_phase_c_timerole_etth2_p720_s2023_r2Model:              TimeRole            

[1mData Loader[0m
  Data:               ETTh2               Root Path:          /home/cwh/Time-Series-Library/dataset/ETT-small
  Data Path:          ETTh2.csv           Features:           M                   
  Target:             OT                  Freq:               h                   
  Checkpoints:        /home/cwh/Time-Series-Library/logs/timerole_recent_simplification/checkpoints

[1mForecasting Task[0m
  Seq Len:            336                 Label Len:          48                  
  Pred Len:           720                 Seasonal Patterns:  Monthly             
  Inverse:            0                   

[1mModel Parameters[0m
  Top k:              5                   Num Kernels:        6                   
  Enc In:             7                   Dec In:             7                   
  C Out:              7                   d model:            64                  
  n heads:            8                   e layers:           1                   
  d layers:           1                   d FF:               128                 
  Moving Avg:         25                  Factor:             1                   
  Distil:             1                   Dropout:            0.1                 
  Embed:              timeF               Activation:         gelu                

[1mRun Parameters[0m
  Num Workers:        0                   Itr:                1                   
  Train Epochs:       100                 Batch Size:         32                  
  Patience:           6                   Learning Rate:      0.0005              
  Des:                trps_phase_c_timerole_etth2_p720_s2023_r2Loss:               MSE                 
  Lradj:              type1               Use Amp:            0                   

[1mGPU[0m
  Use GPU:            1                   GPU:                0                   
  Use Multi GPU:      0                   Devices:            0,1,2,3             

[1mDe-stationary Projector Params[0m
  P Hidden Dims:      128, 128            P Hidden Layers:    2                   

Use GPU: cuda:0
🚀 Lazy Loading: TimeRole ...
[GraphMamba] Building 7x7 static graph from 2000 training samples
>>>>>>>start training : long_term_forecast_trps_phase_c_timerole_etth2_p720_s2023_r2_TimeRole_ETTh2_ftM_sl336_ll48_pl720_dm64_nh8_el1_dl1_df128_expand2_dc2_fc1_ebtimeF_dtTrue_trps_phase_c_timerole_etth2_p720_s2023_r2_0>>>>>>>>>>>>>>>>>>>>>>>>>>
train 7585
val 2161
	iters: 100, epoch: 1 | loss: 0.4980159
	speed: 0.0094s/iter; left time: 222.6510s
	iters: 200, epoch: 1 | loss: 0.8707404
	speed: 0.0073s/iter; left time: 171.9743s
Epoch: 1 cost time: 1.9511487483978271
Epoch: 1, Steps: 238 | Train Loss: 0.8590161 Vali Loss: 0.6032300
Validation loss decreased (inf --> 0.603230).  Saving model ...
Updating learning rate to 0.0005
	iters: 100, epoch: 2 | loss: 0.6322978
	speed: 0.0126s/iter; left time: 294.9498s
	iters: 200, epoch: 2 | loss: 0.8712160
	speed: 0.0072s/iter; left time: 167.8932s
Epoch: 2 cost time: 1.7315573692321777
Epoch: 2, Steps: 238 | Train Loss: 0.7740822 Vali Loss: 0.6377014
EarlyStopping counter: 1 out of 6
Updating learning rate to 0.00025
	iters: 100, epoch: 3 | loss: 0.9231157
	speed: 0.0128s/iter; left time: 298.2790s
	iters: 200, epoch: 3 | loss: 1.0393851
	speed: 0.0075s/iter; left time: 172.7709s
Epoch: 3 cost time: 1.7856905460357666
Epoch: 3, Steps: 238 | Train Loss: 0.7551955 Vali Loss: 0.6507026
EarlyStopping counter: 2 out of 6
Updating learning rate to 0.000125
	iters: 100, epoch: 4 | loss: 0.9630883
	speed: 0.0121s/iter; left time: 279.1791s
	iters: 200, epoch: 4 | loss: 0.4715287
	speed: 0.0074s/iter; left time: 169.1292s
Epoch: 4 cost time: 1.7327098846435547
Epoch: 4, Steps: 238 | Train Loss: 0.7436851 Vali Loss: 0.6562966
EarlyStopping counter: 3 out of 6
Updating learning rate to 6.25e-05
	iters: 100, epoch: 5 | loss: 0.7362914
	speed: 0.0123s/iter; left time: 279.5280s
	iters: 200, epoch: 5 | loss: 0.7121785
	speed: 0.0074s/iter; left time: 167.5908s
Epoch: 5 cost time: 1.7555010318756104
Epoch: 5, Steps: 238 | Train Loss: 0.7407654 Vali Loss: 0.6437567
EarlyStopping counter: 4 out of 6
Updating learning rate to 3.125e-05
	iters: 100, epoch: 6 | loss: 0.7579423
	speed: 0.0126s/iter; left time: 283.7065s
	iters: 200, epoch: 6 | loss: 0.6255852
	speed: 0.0072s/iter; left time: 160.5695s
Epoch: 6 cost time: 1.739258050918579
Epoch: 6, Steps: 238 | Train Loss: 0.7378384 Vali Loss: 0.6437774
EarlyStopping counter: 5 out of 6
Updating learning rate to 1.5625e-05
	iters: 100, epoch: 7 | loss: 0.5207474
	speed: 0.0121s/iter; left time: 269.8157s
	iters: 200, epoch: 7 | loss: 0.6319105
	speed: 0.0074s/iter; left time: 165.0630s
Epoch: 7 cost time: 1.7324488162994385
Epoch: 7, Steps: 238 | Train Loss: 0.7365059 Vali Loss: 0.6468424
EarlyStopping counter: 6 out of 6
Early stopping
VALIDATION_RESULT {"best_epoch": 1, "best_mae": 0.5449585537472548, "best_mse": 0.6032299874804204, "epochs_ran": 7, "metric_version": "element_weighted_v1", "train_duration_seconds": 14.307950035203248, "train_peak_cuda_memory_bytes": 226574336}
>>>>>>>test skipped (validation-only run)<<<<<<<<<<<<<<<<<<<<<<<<
>>>>>>>evaluating validation checkpoint : long_term_forecast_trps_phase_c_timerole_etth2_p720_s2023_r2_TimeRole_ETTh2_ftM_sl336_ll48_pl720_dm64_nh8_el1_dl1_df128_expand2_dc2_fc1_ebtimeF_dtTrue_trps_phase_c_timerole_etth2_p720_s2023_r2_0<<<<<<<<<<<<<<<<<<<<<<<<<<<<<<<<<
val 2161
EVALUATION_RESULT {"batches": 68, "elapsed_seconds": 0.24445537338033319, "elements": 10891440, "gate_abs_mean": 0.08007093518972397, "gate_max": 0.12769480049610138, "gate_mean": 0.07792330533266068, "gate_min": -0.007516710087656975, "gate_values": [0.11201070994138718, 0.11721032857894897, 0.007699404377490282, 0.12769480049610138, 0.11390253901481628, -0.007516710087656975, 0.07446204125881195], "mae": 0.5449585537472548, "memory_correction_mae": 0.09225633084258716, "memory_correction_rms": 0.1631430489437557, "metric_version": "element_weighted_v1", "milliseconds_per_batch": 3.594931961475488, "mse": 0.6032299874804204, "parameter_count": 2342269, "peak_cuda_memory_bytes": 99310080, "split": "val", "test_accessed": false, "timerole_intervention": "intact"}
