Using GPU
Args in experiment:
[1mBasic Config[0m
  Task Name:          long_term_forecast  Is Training:        1                   
  Model ID:           trps_phase_c_recent_ettm1_p96_s2023_r2Model:              GraphMambaRecent    

[1mData Loader[0m
  Data:               ETTm1               Root Path:          /home/cwh/Time-Series-Library/dataset/ETT-small
  Data Path:          ETTm1.csv           Features:           M                   
  Target:             OT                  Freq:               t                   
  Checkpoints:        /home/cwh/Time-Series-Library/logs/timerole_recent_simplification/checkpoints

[1mForecasting Task[0m
  Seq Len:            336                 Label Len:          48                  
  Pred Len:           96                  Seasonal Patterns:  Monthly             
  Inverse:            0                   

[1mModel Parameters[0m
  Top k:              5                   Num Kernels:        6                   
  Enc In:             7                   Dec In:             7                   
  C Out:              7                   d model:            64                  
  n heads:            8                   e layers:           1                   
  d layers:           1                   d FF:               128                 
  Moving Avg:         25                  Factor:             1                   
  Distil:             1                   Dropout:            0.1                 
  Embed:              timeF               Activation:         gelu                

[1mRun Parameters[0m
  Num Workers:        0                   Itr:                1                   
  Train Epochs:       100                 Batch Size:         32                  
  Patience:           6                   Learning Rate:      0.0005              
  Des:                trps_phase_c_recent_ettm1_p96_s2023_r2Loss:               MSE                 
  Lradj:              type1               Use Amp:            0                   

[1mGPU[0m
  Use GPU:            1                   GPU:                0                   
  Use Multi GPU:      0                   Devices:            0,1,2,3             

[1mDe-stationary Projector Params[0m
  P Hidden Dims:      128, 128            P Hidden Layers:    2                   

Use GPU: cuda:0
🚀 Lazy Loading: GraphMambaRecent ...
[GraphMamba] Building 7x7 static graph from 2000 training samples
>>>>>>>start training : long_term_forecast_trps_phase_c_recent_ettm1_p96_s2023_r2_GraphMambaRecent_ETTm1_ftM_sl336_ll48_pl96_dm64_nh8_el1_dl1_df128_expand2_dc2_fc1_ebtimeF_dtTrue_trps_phase_c_recent_ettm1_p96_s2023_r2_0>>>>>>>>>>>>>>>>>>>>>>>>>>
train 34129
val 11425
	iters: 100, epoch: 1 | loss: 0.4281203
	speed: 0.0081s/iter; left time: 861.3285s
	iters: 200, epoch: 1 | loss: 0.3721901
	speed: 0.0065s/iter; left time: 696.2573s
	iters: 300, epoch: 1 | loss: 0.2556845
	speed: 0.0063s/iter; left time: 673.0832s
	iters: 400, epoch: 1 | loss: 0.3302643
	speed: 0.0063s/iter; left time: 669.5342s
	iters: 500, epoch: 1 | loss: 0.2675129
	speed: 0.0062s/iter; left time: 659.6549s
	iters: 600, epoch: 1 | loss: 0.2538948
	speed: 0.0062s/iter; left time: 656.7952s
	iters: 700, epoch: 1 | loss: 0.3423113
	speed: 0.0066s/iter; left time: 700.2842s
	iters: 800, epoch: 1 | loss: 0.2711165
	speed: 0.0064s/iter; left time: 675.0424s
	iters: 900, epoch: 1 | loss: 0.2873490
	speed: 0.0060s/iter; left time: 639.3355s
	iters: 1000, epoch: 1 | loss: 0.2766637
	speed: 0.0065s/iter; left time: 681.7898s
Epoch: 1 cost time: 6.929767370223999
Epoch: 1, Steps: 1067 | Train Loss: 0.3116516 Vali Loss: 0.4026177
Validation loss decreased (inf --> 0.402618).  Saving model ...
Updating learning rate to 0.0005
	iters: 100, epoch: 2 | loss: 0.3076903
	speed: 0.0207s/iter; left time: 2182.6626s
	iters: 200, epoch: 2 | loss: 0.2404487
	speed: 0.0063s/iter; left time: 668.5909s
	iters: 300, epoch: 2 | loss: 0.2772583
	speed: 0.0063s/iter; left time: 664.5222s
	iters: 400, epoch: 2 | loss: 0.3309682
	speed: 0.0063s/iter; left time: 663.9380s
	iters: 500, epoch: 2 | loss: 0.2805690
	speed: 0.0062s/iter; left time: 653.2143s
	iters: 600, epoch: 2 | loss: 0.2144715
	speed: 0.0064s/iter; left time: 673.6666s
	iters: 700, epoch: 2 | loss: 0.3036944
	speed: 0.0063s/iter; left time: 664.7873s
	iters: 800, epoch: 2 | loss: 0.2347317
	speed: 0.0063s/iter; left time: 663.9920s
	iters: 900, epoch: 2 | loss: 0.2800970
	speed: 0.0062s/iter; left time: 646.6863s
	iters: 1000, epoch: 2 | loss: 0.2800636
	speed: 0.0063s/iter; left time: 654.2938s
Epoch: 2 cost time: 6.770466089248657
Epoch: 2, Steps: 1067 | Train Loss: 0.2707517 Vali Loss: 0.4006208
Validation loss decreased (0.402618 --> 0.400621).  Saving model ...
Updating learning rate to 0.00025
	iters: 100, epoch: 3 | loss: 0.2284994
	speed: 0.0202s/iter; left time: 2108.5681s
	iters: 200, epoch: 3 | loss: 0.2119055
	speed: 0.0064s/iter; left time: 670.8600s
	iters: 300, epoch: 3 | loss: 0.3341728
	speed: 0.0066s/iter; left time: 684.8774s
	iters: 400, epoch: 3 | loss: 0.2392486
	speed: 0.0062s/iter; left time: 645.2561s
	iters: 500, epoch: 3 | loss: 0.2637255
	speed: 0.0063s/iter; left time: 660.4664s
	iters: 600, epoch: 3 | loss: 0.1764582
	speed: 0.0060s/iter; left time: 626.0392s
	iters: 700, epoch: 3 | loss: 0.2750705
	speed: 0.0066s/iter; left time: 687.3367s
	iters: 800, epoch: 3 | loss: 0.2766373
	speed: 0.0062s/iter; left time: 647.9698s
	iters: 900, epoch: 3 | loss: 0.2164263
	speed: 0.0065s/iter; left time: 668.6741s
	iters: 1000, epoch: 3 | loss: 0.2911323
	speed: 0.0064s/iter; left time: 659.6794s
Epoch: 3 cost time: 6.77817177772522
Epoch: 3, Steps: 1067 | Train Loss: 0.2583231 Vali Loss: 0.4045345
EarlyStopping counter: 1 out of 6
Updating learning rate to 0.000125
	iters: 100, epoch: 4 | loss: 0.2661911
	speed: 0.0197s/iter; left time: 2038.9239s
	iters: 200, epoch: 4 | loss: 0.2369823
	speed: 0.0061s/iter; left time: 631.4295s
	iters: 300, epoch: 4 | loss: 0.2416995
	speed: 0.0061s/iter; left time: 626.9019s
	iters: 400, epoch: 4 | loss: 0.2261110
	speed: 0.0062s/iter; left time: 643.1966s
	iters: 500, epoch: 4 | loss: 0.3007812
	speed: 0.0062s/iter; left time: 641.1673s
	iters: 600, epoch: 4 | loss: 0.2438570
	speed: 0.0063s/iter; left time: 648.4867s
	iters: 700, epoch: 4 | loss: 0.2233020
	speed: 0.0061s/iter; left time: 627.0010s
	iters: 800, epoch: 4 | loss: 0.3357863
	speed: 0.0061s/iter; left time: 622.0872s
	iters: 900, epoch: 4 | loss: 0.2105769
	speed: 0.0060s/iter; left time: 620.4362s
	iters: 1000, epoch: 4 | loss: 0.2983207
	speed: 0.0062s/iter; left time: 631.3647s
Epoch: 4 cost time: 6.5767457485198975
Epoch: 4, Steps: 1067 | Train Loss: 0.2522048 Vali Loss: 0.4070544
EarlyStopping counter: 2 out of 6
Updating learning rate to 6.25e-05
	iters: 100, epoch: 5 | loss: 0.2561410
	speed: 0.0202s/iter; left time: 2064.2430s
	iters: 200, epoch: 5 | loss: 0.2180149
	speed: 0.0059s/iter; left time: 605.1706s
	iters: 300, epoch: 5 | loss: 0.2579521
	speed: 0.0061s/iter; left time: 618.5146s
	iters: 400, epoch: 5 | loss: 0.2931812
	speed: 0.0060s/iter; left time: 608.7224s
	iters: 500, epoch: 5 | loss: 0.2466828
	speed: 0.0061s/iter; left time: 624.0010s
	iters: 600, epoch: 5 | loss: 0.2693140
	speed: 0.0061s/iter; left time: 618.9454s
	iters: 700, epoch: 5 | loss: 0.2254156
	speed: 0.0063s/iter; left time: 638.4889s
	iters: 800, epoch: 5 | loss: 0.1949463
	speed: 0.0058s/iter; left time: 590.9671s
	iters: 900, epoch: 5 | loss: 0.2174231
	speed: 0.0061s/iter; left time: 621.9126s
	iters: 1000, epoch: 5 | loss: 0.1934058
	speed: 0.0061s/iter; left time: 618.0544s
Epoch: 5 cost time: 6.467993974685669
Epoch: 5, Steps: 1067 | Train Loss: 0.2486711 Vali Loss: 0.4042423
EarlyStopping counter: 3 out of 6
Updating learning rate to 3.125e-05
	iters: 100, epoch: 6 | loss: 0.2721458
	speed: 0.0198s/iter; left time: 2006.5287s
	iters: 200, epoch: 6 | loss: 0.2345565
	speed: 0.0063s/iter; left time: 642.0785s
	iters: 300, epoch: 6 | loss: 0.2269345
	speed: 0.0062s/iter; left time: 626.7235s
	iters: 400, epoch: 6 | loss: 0.1670375
	speed: 0.0061s/iter; left time: 617.1375s
	iters: 500, epoch: 6 | loss: 0.2391080
	speed: 0.0061s/iter; left time: 616.3505s
	iters: 600, epoch: 6 | loss: 0.3453848
	speed: 0.0061s/iter; left time: 610.1045s
	iters: 700, epoch: 6 | loss: 0.2982971
	speed: 0.0063s/iter; left time: 637.7204s
	iters: 800, epoch: 6 | loss: 0.2087770
	speed: 0.0061s/iter; left time: 615.8461s
	iters: 900, epoch: 6 | loss: 0.2687853
	speed: 0.0062s/iter; left time: 622.0946s
	iters: 1000, epoch: 6 | loss: 0.2517730
	speed: 0.0062s/iter; left time: 619.2222s
Epoch: 6 cost time: 6.575973272323608
Epoch: 6, Steps: 1067 | Train Loss: 0.2470320 Vali Loss: 0.4048284
EarlyStopping counter: 4 out of 6
Updating learning rate to 1.5625e-05
	iters: 100, epoch: 7 | loss: 0.1927565
	speed: 0.0198s/iter; left time: 1981.6189s
	iters: 200, epoch: 7 | loss: 0.2661172
	speed: 0.0063s/iter; left time: 627.9261s
	iters: 300, epoch: 7 | loss: 0.2156631
	speed: 0.0063s/iter; left time: 625.1447s
	iters: 400, epoch: 7 | loss: 0.2703232
	speed: 0.0063s/iter; left time: 627.4601s
	iters: 500, epoch: 7 | loss: 0.2433250
	speed: 0.0062s/iter; left time: 620.3929s
	iters: 600, epoch: 7 | loss: 0.2587754
	speed: 0.0061s/iter; left time: 611.6509s
	iters: 700, epoch: 7 | loss: 0.2425467
	speed: 0.0059s/iter; left time: 587.8083s
	iters: 800, epoch: 7 | loss: 0.2211068
	speed: 0.0062s/iter; left time: 614.7205s
	iters: 900, epoch: 7 | loss: 0.3101036
	speed: 0.0064s/iter; left time: 637.5837s
	iters: 1000, epoch: 7 | loss: 0.2247771
	speed: 0.0060s/iter; left time: 593.7344s
Epoch: 7 cost time: 6.581693887710571
Epoch: 7, Steps: 1067 | Train Loss: 0.2459782 Vali Loss: 0.4007673
EarlyStopping counter: 5 out of 6
Updating learning rate to 7.8125e-06
	iters: 100, epoch: 8 | loss: 0.2318936
	speed: 0.0201s/iter; left time: 1989.4677s
	iters: 200, epoch: 8 | loss: 0.2229531
	speed: 0.0062s/iter; left time: 612.1122s
	iters: 300, epoch: 8 | loss: 0.2216574
	speed: 0.0063s/iter; left time: 626.0248s
	iters: 400, epoch: 8 | loss: 0.2627195
	speed: 0.0061s/iter; left time: 598.5182s
	iters: 500, epoch: 8 | loss: 0.2610427
	speed: 0.0062s/iter; left time: 612.1868s
	iters: 600, epoch: 8 | loss: 0.2661027
	speed: 0.0060s/iter; left time: 589.2315s
	iters: 700, epoch: 8 | loss: 0.2365351
	speed: 0.0060s/iter; left time: 588.1901s
	iters: 800, epoch: 8 | loss: 0.2676093
	speed: 0.0060s/iter; left time: 587.7861s
	iters: 900, epoch: 8 | loss: 0.2255167
	speed: 0.0059s/iter; left time: 578.7106s
	iters: 1000, epoch: 8 | loss: 0.2406482
	speed: 0.0063s/iter; left time: 615.9037s
Epoch: 8 cost time: 6.526993036270142
Epoch: 8, Steps: 1067 | Train Loss: 0.2455684 Vali Loss: 0.4042022
EarlyStopping counter: 6 out of 6
Early stopping
VALIDATION_RESULT {"best_epoch": 2, "best_mae": 0.42276284251521623, "best_mse": 0.40062080438154196, "epochs_ran": 8, "metric_version": "element_weighted_v1", "train_duration_seconds": 62.052583595272154, "train_peak_cuda_memory_bytes": 195835392}
>>>>>>>test skipped (validation-only run)<<<<<<<<<<<<<<<<<<<<<<<<
>>>>>>>evaluating validation checkpoint : long_term_forecast_trps_phase_c_recent_ettm1_p96_s2023_r2_GraphMambaRecent_ETTm1_ftM_sl336_ll48_pl96_dm64_nh8_el1_dl1_df128_expand2_dc2_fc1_ebtimeF_dtTrue_trps_phase_c_recent_ettm1_p96_s2023_r2_0<<<<<<<<<<<<<<<<<<<<<<<<<<<<<<<<<
val 11425
EVALUATION_RESULT {"batches": 358, "elapsed_seconds": 0.9232007339596748, "elements": 7677600, "mae": 0.42276284251521623, "metric_version": "element_weighted_v1", "milliseconds_per_batch": 2.57877299988736, "mse": 0.40062080438154196, "parameter_count": 398118, "peak_cuda_memory_bytes": 80570880, "split": "val", "test_accessed": false, "timerole_intervention": "intact"}
