Using GPU
Args in experiment:
[1mBasic Config[0m
  Task Name:          long_term_forecast  Is Training:        1                   
  Model ID:           trps_phase_c_timerole_ettm1_p720_s2022_r0Model:              TimeRole            

[1mData Loader[0m
  Data:               ETTm1               Root Path:          /home/cwh/Time-Series-Library/dataset/ETT-small
  Data Path:          ETTm1.csv           Features:           M                   
  Target:             OT                  Freq:               t                   
  Checkpoints:        /home/cwh/Time-Series-Library/logs/timerole_recent_simplification/checkpoints

[1mForecasting Task[0m
  Seq Len:            336                 Label Len:          48                  
  Pred Len:           720                 Seasonal Patterns:  Monthly             
  Inverse:            0                   

[1mModel Parameters[0m
  Top k:              5                   Num Kernels:        6                   
  Enc In:             7                   Dec In:             7                   
  C Out:              7                   d model:            64                  
  n heads:            8                   e layers:           1                   
  d layers:           1                   d FF:               128                 
  Moving Avg:         25                  Factor:             1                   
  Distil:             1                   Dropout:            0.1                 
  Embed:              timeF               Activation:         gelu                

[1mRun Parameters[0m
  Num Workers:        0                   Itr:                1                   
  Train Epochs:       100                 Batch Size:         32                  
  Patience:           6                   Learning Rate:      0.0005              
  Des:                trps_phase_c_timerole_ettm1_p720_s2022_r0Loss:               MSE                 
  Lradj:              type1               Use Amp:            0                   

[1mGPU[0m
  Use GPU:            1                   GPU:                0                   
  Use Multi GPU:      0                   Devices:            0,1,2,3             

[1mDe-stationary Projector Params[0m
  P Hidden Dims:      128, 128            P Hidden Layers:    2                   

Use GPU: cuda:0
🚀 Lazy Loading: TimeRole ...
[GraphMamba] Building 7x7 static graph from 2000 training samples
>>>>>>>start training : long_term_forecast_trps_phase_c_timerole_ettm1_p720_s2022_r0_TimeRole_ETTm1_ftM_sl336_ll48_pl720_dm64_nh8_el1_dl1_df128_expand2_dc2_fc1_ebtimeF_dtTrue_trps_phase_c_timerole_ettm1_p720_s2022_r0_0>>>>>>>>>>>>>>>>>>>>>>>>>>
train 33505
val 10801
	iters: 100, epoch: 1 | loss: 0.4449187
	speed: 0.0134s/iter; left time: 1406.1299s
	iters: 200, epoch: 1 | loss: 0.4544530
	speed: 0.0118s/iter; left time: 1231.0144s
	iters: 300, epoch: 1 | loss: 0.4349473
	speed: 0.0116s/iter; left time: 1211.7445s
	iters: 400, epoch: 1 | loss: 0.4466947
	speed: 0.0121s/iter; left time: 1265.2945s
	iters: 500, epoch: 1 | loss: 0.4375168
	speed: 0.0116s/iter; left time: 1208.5317s
	iters: 600, epoch: 1 | loss: 0.4920149
	speed: 0.0118s/iter; left time: 1229.0839s
	iters: 700, epoch: 1 | loss: 0.4230355
	speed: 0.0118s/iter; left time: 1227.0099s
	iters: 800, epoch: 1 | loss: 0.4600893
	speed: 0.0117s/iter; left time: 1215.2229s
	iters: 900, epoch: 1 | loss: 0.4613872
	speed: 0.0120s/iter; left time: 1244.5590s
	iters: 1000, epoch: 1 | loss: 0.4678368
	speed: 0.0118s/iter; left time: 1229.5057s
Epoch: 1 cost time: 12.555819034576416
Epoch: 1, Steps: 1048 | Train Loss: 0.4625552 Vali Loss: 0.9583529
Validation loss decreased (inf --> 0.958353).  Saving model ...
Updating learning rate to 0.0005
	iters: 100, epoch: 2 | loss: 0.5066127
	speed: 0.0353s/iter; left time: 3660.5920s
	iters: 200, epoch: 2 | loss: 0.4510709
	speed: 0.0116s/iter; left time: 1203.4915s
	iters: 300, epoch: 2 | loss: 0.4954657
	speed: 0.0117s/iter; left time: 1209.2303s
	iters: 400, epoch: 2 | loss: 0.3510873
	speed: 0.0116s/iter; left time: 1196.7210s
	iters: 500, epoch: 2 | loss: 0.3908232
	speed: 0.0116s/iter; left time: 1197.3083s
	iters: 600, epoch: 2 | loss: 0.4126125
	speed: 0.0120s/iter; left time: 1238.0480s
	iters: 700, epoch: 2 | loss: 0.4447478
	speed: 0.0122s/iter; left time: 1253.6634s
	iters: 800, epoch: 2 | loss: 0.4520853
	speed: 0.0121s/iter; left time: 1241.9061s
	iters: 900, epoch: 2 | loss: 0.4008813
	speed: 0.0119s/iter; left time: 1227.6460s
	iters: 1000, epoch: 2 | loss: 0.3698749
	speed: 0.0120s/iter; left time: 1231.9226s
Epoch: 2 cost time: 12.416866779327393
Epoch: 2, Steps: 1048 | Train Loss: 0.4182528 Vali Loss: 0.9510588
Validation loss decreased (0.958353 --> 0.951059).  Saving model ...
Updating learning rate to 0.00025
	iters: 100, epoch: 3 | loss: 0.4509446
	speed: 0.0341s/iter; left time: 3501.5411s
	iters: 200, epoch: 3 | loss: 0.4658553
	speed: 0.0118s/iter; left time: 1208.1976s
	iters: 300, epoch: 3 | loss: 0.4451225
	speed: 0.0118s/iter; left time: 1209.5200s
	iters: 400, epoch: 3 | loss: 0.3602540
	speed: 0.0122s/iter; left time: 1248.8347s
	iters: 500, epoch: 3 | loss: 0.4726908
	speed: 0.0117s/iter; left time: 1199.0019s
	iters: 600, epoch: 3 | loss: 0.3920382
	speed: 0.0116s/iter; left time: 1185.8992s
	iters: 700, epoch: 3 | loss: 0.4259620
	speed: 0.0118s/iter; left time: 1198.7455s
	iters: 800, epoch: 3 | loss: 0.4308347
	speed: 0.0116s/iter; left time: 1183.8785s
	iters: 900, epoch: 3 | loss: 0.4249119
	speed: 0.0116s/iter; left time: 1179.1895s
	iters: 1000, epoch: 3 | loss: 0.3221982
	speed: 0.0115s/iter; left time: 1173.2359s
Epoch: 3 cost time: 12.315040349960327
Epoch: 3, Steps: 1048 | Train Loss: 0.4074859 Vali Loss: 0.9433731
Validation loss decreased (0.951059 --> 0.943373).  Saving model ...
Updating learning rate to 0.000125
	iters: 100, epoch: 4 | loss: 0.3764823
	speed: 0.0351s/iter; left time: 3562.8093s
	iters: 200, epoch: 4 | loss: 0.4460200
	speed: 0.0118s/iter; left time: 1195.4140s
	iters: 300, epoch: 4 | loss: 0.4317100
	speed: 0.0121s/iter; left time: 1224.8886s
	iters: 400, epoch: 4 | loss: 0.4485863
	speed: 0.0117s/iter; left time: 1184.7302s
	iters: 500, epoch: 4 | loss: 0.3881246
	speed: 0.0116s/iter; left time: 1173.1642s
	iters: 600, epoch: 4 | loss: 0.4170009
	speed: 0.0119s/iter; left time: 1206.5377s
	iters: 700, epoch: 4 | loss: 0.3484639
	speed: 0.0119s/iter; left time: 1197.6902s
	iters: 800, epoch: 4 | loss: 0.3496836
	speed: 0.0118s/iter; left time: 1190.5157s
	iters: 900, epoch: 4 | loss: 0.3452213
	speed: 0.0118s/iter; left time: 1184.3824s
	iters: 1000, epoch: 4 | loss: 0.4203451
	speed: 0.0115s/iter; left time: 1158.3615s
Epoch: 4 cost time: 12.335129022598267
Epoch: 4, Steps: 1048 | Train Loss: 0.4011858 Vali Loss: 0.9390666
Validation loss decreased (0.943373 --> 0.939067).  Saving model ...
Updating learning rate to 6.25e-05
	iters: 100, epoch: 5 | loss: 0.4525485
	speed: 0.0340s/iter; left time: 3418.2026s
	iters: 200, epoch: 5 | loss: 0.3681705
	speed: 0.0119s/iter; left time: 1199.4245s
	iters: 300, epoch: 5 | loss: 0.4010059
	speed: 0.0122s/iter; left time: 1219.3529s
	iters: 400, epoch: 5 | loss: 0.4157509
	speed: 0.0119s/iter; left time: 1195.7025s
	iters: 500, epoch: 5 | loss: 0.4016934
	speed: 0.0120s/iter; left time: 1203.5122s
	iters: 600, epoch: 5 | loss: 0.4316793
	speed: 0.0119s/iter; left time: 1188.2752s
	iters: 700, epoch: 5 | loss: 0.3037306
	speed: 0.0114s/iter; left time: 1136.8837s
	iters: 800, epoch: 5 | loss: 0.3846811
	speed: 0.0115s/iter; left time: 1145.7721s
	iters: 900, epoch: 5 | loss: 0.3378351
	speed: 0.0117s/iter; left time: 1163.4001s
	iters: 1000, epoch: 5 | loss: 0.3451662
	speed: 0.0114s/iter; left time: 1130.6906s
Epoch: 5 cost time: 12.31006121635437
Epoch: 5, Steps: 1048 | Train Loss: 0.3973169 Vali Loss: 0.9418191
EarlyStopping counter: 1 out of 6
Updating learning rate to 3.125e-05
	iters: 100, epoch: 6 | loss: 0.4151586
	speed: 0.0336s/iter; left time: 3344.7550s
	iters: 200, epoch: 6 | loss: 0.4015916
	speed: 0.0119s/iter; left time: 1180.4117s
	iters: 300, epoch: 6 | loss: 0.3720713
	speed: 0.0114s/iter; left time: 1133.1727s
	iters: 400, epoch: 6 | loss: 0.3678622
	speed: 0.0115s/iter; left time: 1136.1866s
	iters: 500, epoch: 6 | loss: 0.3221772
	speed: 0.0118s/iter; left time: 1171.4458s
	iters: 600, epoch: 6 | loss: 0.3259223
	speed: 0.0116s/iter; left time: 1145.4429s
	iters: 700, epoch: 6 | loss: 0.3712956
	speed: 0.0115s/iter; left time: 1133.6696s
	iters: 800, epoch: 6 | loss: 0.3786582
	speed: 0.0121s/iter; left time: 1199.7523s
	iters: 900, epoch: 6 | loss: 0.3618495
	speed: 0.0122s/iter; left time: 1199.5748s
	iters: 1000, epoch: 6 | loss: 0.3921531
	speed: 0.0119s/iter; left time: 1173.1008s
Epoch: 6 cost time: 12.295922756195068
Epoch: 6, Steps: 1048 | Train Loss: 0.3951697 Vali Loss: 0.9373853
Validation loss decreased (0.939067 --> 0.937385).  Saving model ...
Updating learning rate to 1.5625e-05
	iters: 100, epoch: 7 | loss: 0.3776835
	speed: 0.0350s/iter; left time: 3442.7304s
	iters: 200, epoch: 7 | loss: 0.3149457
	speed: 0.0118s/iter; left time: 1156.9758s
	iters: 300, epoch: 7 | loss: 0.3851198
	speed: 0.0118s/iter; left time: 1155.3383s
	iters: 400, epoch: 7 | loss: 0.3789751
	speed: 0.0116s/iter; left time: 1139.3193s
	iters: 500, epoch: 7 | loss: 0.4202646
	speed: 0.0117s/iter; left time: 1148.2010s
	iters: 600, epoch: 7 | loss: 0.4547904
	speed: 0.0117s/iter; left time: 1146.4604s
	iters: 700, epoch: 7 | loss: 0.3480752
	speed: 0.0119s/iter; left time: 1164.9962s
	iters: 800, epoch: 7 | loss: 0.3840946
	speed: 0.0119s/iter; left time: 1161.8252s
	iters: 900, epoch: 7 | loss: 0.3773334
	speed: 0.0117s/iter; left time: 1143.6133s
	iters: 1000, epoch: 7 | loss: 0.4416715
	speed: 0.0116s/iter; left time: 1127.6573s
Epoch: 7 cost time: 12.323793888092041
Epoch: 7, Steps: 1048 | Train Loss: 0.3938862 Vali Loss: 0.9361218
Validation loss decreased (0.937385 --> 0.936122).  Saving model ...
Updating learning rate to 7.8125e-06
	iters: 100, epoch: 8 | loss: 0.3552818
	speed: 0.0359s/iter; left time: 3490.7470s
	iters: 200, epoch: 8 | loss: 0.3858325
	speed: 0.0115s/iter; left time: 1121.3600s
	iters: 300, epoch: 8 | loss: 0.4787769
	speed: 0.0117s/iter; left time: 1137.8545s
	iters: 400, epoch: 8 | loss: 0.4826573
	speed: 0.0117s/iter; left time: 1132.3594s
	iters: 500, epoch: 8 | loss: 0.4182679
	speed: 0.0117s/iter; left time: 1134.7428s
	iters: 600, epoch: 8 | loss: 0.3957302
	speed: 0.0116s/iter; left time: 1126.1382s
	iters: 700, epoch: 8 | loss: 0.3629592
	speed: 0.0119s/iter; left time: 1147.9343s
	iters: 800, epoch: 8 | loss: 0.4400930
	speed: 0.0117s/iter; left time: 1129.9239s
	iters: 900, epoch: 8 | loss: 0.4190382
	speed: 0.0118s/iter; left time: 1142.0590s
	iters: 1000, epoch: 8 | loss: 0.4538090
	speed: 0.0116s/iter; left time: 1116.6838s
Epoch: 8 cost time: 12.271863222122192
Epoch: 8, Steps: 1048 | Train Loss: 0.3931274 Vali Loss: 0.9361502
EarlyStopping counter: 1 out of 6
Updating learning rate to 3.90625e-06
	iters: 100, epoch: 9 | loss: 0.4038899
	speed: 0.0343s/iter; left time: 3302.6926s
	iters: 200, epoch: 9 | loss: 0.4257778
	speed: 0.0121s/iter; left time: 1160.7029s
	iters: 300, epoch: 9 | loss: 0.4048331
	speed: 0.0120s/iter; left time: 1148.9547s
	iters: 400, epoch: 9 | loss: 0.3518329
	speed: 0.0118s/iter; left time: 1133.7643s
	iters: 500, epoch: 9 | loss: 0.4061419
	speed: 0.0119s/iter; left time: 1141.7716s
	iters: 600, epoch: 9 | loss: 0.3960575
	speed: 0.0118s/iter; left time: 1129.2933s
	iters: 700, epoch: 9 | loss: 0.4617881
	speed: 0.0118s/iter; left time: 1132.4050s
	iters: 800, epoch: 9 | loss: 0.3692822
	speed: 0.0114s/iter; left time: 1085.3494s
	iters: 900, epoch: 9 | loss: 0.3799624
	speed: 0.0122s/iter; left time: 1167.7592s
	iters: 1000, epoch: 9 | loss: 0.3324610
	speed: 0.0117s/iter; left time: 1112.4211s
Epoch: 9 cost time: 12.413284540176392
Epoch: 9, Steps: 1048 | Train Loss: 0.3927270 Vali Loss: 0.9366403
EarlyStopping counter: 2 out of 6
Updating learning rate to 1.953125e-06
	iters: 100, epoch: 10 | loss: 0.3782253
	speed: 0.0351s/iter; left time: 3343.0311s
	iters: 200, epoch: 10 | loss: 0.3497415
	speed: 0.0118s/iter; left time: 1126.9868s
	iters: 300, epoch: 10 | loss: 0.3725767
	speed: 0.0116s/iter; left time: 1102.2257s
	iters: 400, epoch: 10 | loss: 0.4050950
	speed: 0.0119s/iter; left time: 1132.4108s
	iters: 500, epoch: 10 | loss: 0.3336727
	speed: 0.0118s/iter; left time: 1122.1432s
	iters: 600, epoch: 10 | loss: 0.3573205
	speed: 0.0116s/iter; left time: 1101.3868s
	iters: 700, epoch: 10 | loss: 0.3984895
	speed: 0.0119s/iter; left time: 1127.3800s
	iters: 800, epoch: 10 | loss: 0.3360597
	speed: 0.0120s/iter; left time: 1137.4965s
	iters: 900, epoch: 10 | loss: 0.4134020
	speed: 0.0119s/iter; left time: 1121.7658s
	iters: 1000, epoch: 10 | loss: 0.4029494
	speed: 0.0117s/iter; left time: 1106.3997s
Epoch: 10 cost time: 12.373533725738525
Epoch: 10, Steps: 1048 | Train Loss: 0.3923909 Vali Loss: 0.9365045
EarlyStopping counter: 3 out of 6
Updating learning rate to 9.765625e-07
	iters: 100, epoch: 11 | loss: 0.3495606
	speed: 0.0338s/iter; left time: 3180.9496s
	iters: 200, epoch: 11 | loss: 0.4084494
	speed: 0.0115s/iter; left time: 1081.4789s
	iters: 300, epoch: 11 | loss: 0.4845340
	speed: 0.0120s/iter; left time: 1132.3354s
	iters: 400, epoch: 11 | loss: 0.3902460
	speed: 0.0119s/iter; left time: 1116.8941s
	iters: 500, epoch: 11 | loss: 0.3592250
	speed: 0.0118s/iter; left time: 1106.5517s
	iters: 600, epoch: 11 | loss: 0.4196923
	speed: 0.0118s/iter; left time: 1104.8317s
	iters: 700, epoch: 11 | loss: 0.3993685
	speed: 0.0118s/iter; left time: 1104.8759s
	iters: 800, epoch: 11 | loss: 0.4335550
	speed: 0.0118s/iter; left time: 1101.2374s
	iters: 900, epoch: 11 | loss: 0.4175804
	speed: 0.0117s/iter; left time: 1092.3830s
	iters: 1000, epoch: 11 | loss: 0.3803957
	speed: 0.0120s/iter; left time: 1121.3899s
Epoch: 11 cost time: 12.340432167053223
Epoch: 11, Steps: 1048 | Train Loss: 0.3923316 Vali Loss: 0.9362780
EarlyStopping counter: 4 out of 6
Updating learning rate to 4.8828125e-07
	iters: 100, epoch: 12 | loss: 0.4311039
	speed: 0.0354s/iter; left time: 3299.8136s
	iters: 200, epoch: 12 | loss: 0.4255319
	speed: 0.0119s/iter; left time: 1107.2732s
	iters: 300, epoch: 12 | loss: 0.3562456
	speed: 0.0116s/iter; left time: 1074.5226s
	iters: 400, epoch: 12 | loss: 0.4113241
	speed: 0.0118s/iter; left time: 1092.7723s
	iters: 500, epoch: 12 | loss: 0.3622779
	speed: 0.0119s/iter; left time: 1104.8419s
	iters: 600, epoch: 12 | loss: 0.3173022
	speed: 0.0117s/iter; left time: 1086.7835s
	iters: 700, epoch: 12 | loss: 0.4600880
	speed: 0.0120s/iter; left time: 1111.2091s
	iters: 800, epoch: 12 | loss: 0.4055065
	speed: 0.0117s/iter; left time: 1080.9784s
	iters: 900, epoch: 12 | loss: 0.3212650
	speed: 0.0118s/iter; left time: 1091.0449s
	iters: 1000, epoch: 12 | loss: 0.3631584
	speed: 0.0115s/iter; left time: 1059.7783s
Epoch: 12 cost time: 12.34380292892456
Epoch: 12, Steps: 1048 | Train Loss: 0.3924229 Vali Loss: 0.9363436
EarlyStopping counter: 5 out of 6
Updating learning rate to 2.44140625e-07
	iters: 100, epoch: 13 | loss: 0.3300740
	speed: 0.0336s/iter; left time: 3091.9390s
	iters: 200, epoch: 13 | loss: 0.4612211
	speed: 0.0115s/iter; left time: 1062.6739s
	iters: 300, epoch: 13 | loss: 0.4060570
	speed: 0.0115s/iter; left time: 1058.5278s
	iters: 400, epoch: 13 | loss: 0.3946532
	speed: 0.0118s/iter; left time: 1079.3124s
	iters: 500, epoch: 13 | loss: 0.4139370
	speed: 0.0118s/iter; left time: 1085.1449s
	iters: 600, epoch: 13 | loss: 0.4147173
	speed: 0.0115s/iter; left time: 1056.8444s
	iters: 700, epoch: 13 | loss: 0.3354757
	speed: 0.0115s/iter; left time: 1050.7930s
	iters: 800, epoch: 13 | loss: 0.4480059
	speed: 0.0119s/iter; left time: 1087.3195s
	iters: 900, epoch: 13 | loss: 0.4125702
	speed: 0.0115s/iter; left time: 1047.5782s
	iters: 1000, epoch: 13 | loss: 0.4316453
	speed: 0.0116s/iter; left time: 1054.6575s
Epoch: 13 cost time: 12.18007230758667
Epoch: 13, Steps: 1048 | Train Loss: 0.3922994 Vali Loss: 0.9363692
EarlyStopping counter: 6 out of 6
Early stopping
VALIDATION_RESULT {"best_epoch": 7, "best_mae": 0.6398188376195694, "best_mse": 0.9361217886195341, "epochs_ran": 13, "metric_version": "element_weighted_v1", "train_duration_seconds": 184.53884093696252, "train_peak_cuda_memory_bytes": 621707264}
>>>>>>>test skipped (validation-only run)<<<<<<<<<<<<<<<<<<<<<<<<
>>>>>>>evaluating validation checkpoint : long_term_forecast_trps_phase_c_timerole_ettm1_p720_s2022_r0_TimeRole_ETTm1_ftM_sl336_ll48_pl720_dm64_nh8_el1_dl1_df128_expand2_dc2_fc1_ebtimeF_dtTrue_trps_phase_c_timerole_ettm1_p720_s2022_r0_0<<<<<<<<<<<<<<<<<<<<<<<<<<<<<<<<<
val 10801
EVALUATION_RESULT {"batches": 338, "elapsed_seconds": 1.7134362780489028, "elements": 54437040, "gate_abs_mean": 0.2067108303308487, "gate_max": -0.14167456328868866, "gate_mean": -0.2067108303308487, "gate_min": -0.2620953321456909, "gate_values": [-0.25472697615623474, -0.1902391016483307, -0.2620953321456909, -0.17752434313297272, -0.1845698207616806, -0.14167456328868866, -0.2361457347869873], "mae": 0.6398188376195694, "memory_correction_mae": 0.2685319962204273, "memory_correction_rms": 0.4032901554191064, "metric_version": "element_weighted_v1", "milliseconds_per_batch": 5.069338100736399, "mse": 0.9361217886195341, "parameter_count": 6835917, "peak_cuda_memory_bytes": 203337216, "split": "val", "test_accessed": false, "timerole_intervention": "intact"}
