Using GPU
Args in experiment:
[1mBasic Config[0m
  Task Name:          long_term_forecast  Is Training:        1                   
  Model ID:           trps_phase_c_timerole_weather_p720_s2023_r2Model:              TimeRole            

[1mData Loader[0m
  Data:               custom              Root Path:          /home/cwh/Time-Series-Library/dataset/weather
  Data Path:          weather.csv         Features:           M                   
  Target:             CO2 (ppm)           Freq:               t                   
  Checkpoints:        /home/cwh/Time-Series-Library/logs/timerole_recent_simplification/checkpoints

[1mForecasting Task[0m
  Seq Len:            336                 Label Len:          48                  
  Pred Len:           720                 Seasonal Patterns:  Monthly             
  Inverse:            0                   

[1mModel Parameters[0m
  Top k:              5                   Num Kernels:        6                   
  Enc In:             21                  Dec In:             21                  
  C Out:              21                  d model:            64                  
  n heads:            8                   e layers:           1                   
  d layers:           1                   d FF:               128                 
  Moving Avg:         25                  Factor:             1                   
  Distil:             1                   Dropout:            0.1                 
  Embed:              timeF               Activation:         gelu                

[1mRun Parameters[0m
  Num Workers:        0                   Itr:                1                   
  Train Epochs:       100                 Batch Size:         32                  
  Patience:           6                   Learning Rate:      0.0005              
  Des:                trps_phase_c_timerole_weather_p720_s2023_r2Loss:               MSE                 
  Lradj:              type1               Use Amp:            0                   

[1mGPU[0m
  Use GPU:            1                   GPU:                0                   
  Use Multi GPU:      0                   Devices:            0,1,2,3             

[1mDe-stationary Projector Params[0m
  P Hidden Dims:      128, 128            P Hidden Layers:    2                   

Use GPU: cuda:0
🚀 Lazy Loading: TimeRole ...
[GraphMamba] Building 21x21 static graph from 2000 training samples
>>>>>>>start training : long_term_forecast_trps_phase_c_timerole_weather_p720_s2023_r2_TimeRole_custom_ftM_sl336_ll48_pl720_dm64_nh8_el1_dl1_df128_expand2_dc2_fc1_ebtimeF_dtTrue_trps_phase_c_timerole_weather_p720_s2023_r2_0>>>>>>>>>>>>>>>>>>>>>>>>>>
train 35832
val 4551
	iters: 100, epoch: 1 | loss: 0.6487026
	speed: 0.0138s/iter; left time: 1543.2447s
	iters: 200, epoch: 1 | loss: 0.6868529
	speed: 0.0117s/iter; left time: 1309.1631s
	iters: 300, epoch: 1 | loss: 0.5503665
	speed: 0.0117s/iter; left time: 1302.2197s
	iters: 400, epoch: 1 | loss: 0.5461671
	speed: 0.0115s/iter; left time: 1284.5105s
	iters: 500, epoch: 1 | loss: 0.5110785
	speed: 0.0116s/iter; left time: 1298.4916s
	iters: 600, epoch: 1 | loss: 0.7091124
	speed: 0.0117s/iter; left time: 1298.9804s
	iters: 700, epoch: 1 | loss: 0.7689931
	speed: 0.0119s/iter; left time: 1321.0537s
	iters: 800, epoch: 1 | loss: 0.5340283
	speed: 0.0117s/iter; left time: 1297.0246s
	iters: 900, epoch: 1 | loss: 0.5950944
	speed: 0.0116s/iter; left time: 1290.3446s
	iters: 1000, epoch: 1 | loss: 0.5345866
	speed: 0.0117s/iter; left time: 1301.2601s
	iters: 1100, epoch: 1 | loss: 0.5408266
	speed: 0.0116s/iter; left time: 1282.8063s
Epoch: 1 cost time: 13.284729480743408
Epoch: 1, Steps: 1120 | Train Loss: 0.6469194 Vali Loss: 0.6542751
Validation loss decreased (inf --> 0.654275).  Saving model ...
Updating learning rate to 0.0005
	iters: 100, epoch: 2 | loss: 0.6776335
	speed: 0.0218s/iter; left time: 2410.3414s
	iters: 200, epoch: 2 | loss: 0.6081185
	speed: 0.0117s/iter; left time: 1290.0266s
	iters: 300, epoch: 2 | loss: 0.8244534
	speed: 0.0116s/iter; left time: 1279.3532s
	iters: 400, epoch: 2 | loss: 0.9859545
	speed: 0.0116s/iter; left time: 1282.2690s
	iters: 500, epoch: 2 | loss: 0.5113877
	speed: 0.0117s/iter; left time: 1294.1432s
	iters: 600, epoch: 2 | loss: 0.5764929
	speed: 0.0118s/iter; left time: 1302.8879s
	iters: 700, epoch: 2 | loss: 0.6763572
	speed: 0.0116s/iter; left time: 1279.1011s
	iters: 800, epoch: 2 | loss: 0.5422124
	speed: 0.0116s/iter; left time: 1278.1984s
	iters: 900, epoch: 2 | loss: 0.4745713
	speed: 0.0116s/iter; left time: 1280.6176s
	iters: 1000, epoch: 2 | loss: 0.6580321
	speed: 0.0115s/iter; left time: 1267.5961s
	iters: 1100, epoch: 2 | loss: 0.5131444
	speed: 0.0116s/iter; left time: 1275.0071s
Epoch: 2 cost time: 13.026901960372925
Epoch: 2, Steps: 1120 | Train Loss: 0.6014276 Vali Loss: 0.6418016
Validation loss decreased (0.654275 --> 0.641802).  Saving model ...
Updating learning rate to 0.00025
	iters: 100, epoch: 3 | loss: 0.6576744
	speed: 0.0218s/iter; left time: 2391.0272s
	iters: 200, epoch: 3 | loss: 0.4570995
	speed: 0.0116s/iter; left time: 1266.9177s
	iters: 300, epoch: 3 | loss: 0.4930866
	speed: 0.0117s/iter; left time: 1277.6545s
	iters: 400, epoch: 3 | loss: 0.4782143
	speed: 0.0116s/iter; left time: 1267.1453s
	iters: 500, epoch: 3 | loss: 0.5895004
	speed: 0.0116s/iter; left time: 1268.5478s
	iters: 600, epoch: 3 | loss: 0.5550492
	speed: 0.0117s/iter; left time: 1273.6468s
	iters: 700, epoch: 3 | loss: 0.6757235
	speed: 0.0117s/iter; left time: 1272.3186s
	iters: 800, epoch: 3 | loss: 0.6511667
	speed: 0.0118s/iter; left time: 1285.1933s
	iters: 900, epoch: 3 | loss: 0.4702312
	speed: 0.0117s/iter; left time: 1272.4054s
	iters: 1000, epoch: 3 | loss: 0.6967019
	speed: 0.0117s/iter; left time: 1274.5147s
	iters: 1100, epoch: 3 | loss: 0.4488857
	speed: 0.0117s/iter; left time: 1267.0444s
Epoch: 3 cost time: 13.077734231948853
Epoch: 3, Steps: 1120 | Train Loss: 0.5925924 Vali Loss: 0.6445476
EarlyStopping counter: 1 out of 6
Updating learning rate to 0.000125
	iters: 100, epoch: 4 | loss: 0.4651608
	speed: 0.0216s/iter; left time: 2348.5504s
	iters: 200, epoch: 4 | loss: 0.6181181
	speed: 0.0118s/iter; left time: 1276.1301s
	iters: 300, epoch: 4 | loss: 0.4591146
	speed: 0.0117s/iter; left time: 1272.0933s
	iters: 400, epoch: 4 | loss: 0.5800393
	speed: 0.0118s/iter; left time: 1280.9198s
	iters: 500, epoch: 4 | loss: 0.4865410
	speed: 0.0118s/iter; left time: 1274.9395s
	iters: 600, epoch: 4 | loss: 0.5819084
	speed: 0.0118s/iter; left time: 1275.2172s
	iters: 700, epoch: 4 | loss: 0.6309323
	speed: 0.0117s/iter; left time: 1265.7687s
	iters: 800, epoch: 4 | loss: 0.6433361
	speed: 0.0117s/iter; left time: 1260.4324s
	iters: 900, epoch: 4 | loss: 0.5807359
	speed: 0.0118s/iter; left time: 1267.7998s
	iters: 1000, epoch: 4 | loss: 0.5148202
	speed: 0.0116s/iter; left time: 1252.3964s
	iters: 1100, epoch: 4 | loss: 0.6234781
	speed: 0.0117s/iter; left time: 1257.1478s
Epoch: 4 cost time: 13.140906810760498
Epoch: 4, Steps: 1120 | Train Loss: 0.5893526 Vali Loss: 0.6380540
Validation loss decreased (0.641802 --> 0.638054).  Saving model ...
Updating learning rate to 6.25e-05
	iters: 100, epoch: 5 | loss: 0.4854495
	speed: 0.0219s/iter; left time: 2348.0949s
	iters: 200, epoch: 5 | loss: 0.5771083
	speed: 0.0117s/iter; left time: 1260.0000s
	iters: 300, epoch: 5 | loss: 0.5200624
	speed: 0.0117s/iter; left time: 1253.5780s
	iters: 400, epoch: 5 | loss: 0.4758976
	speed: 0.0117s/iter; left time: 1255.7249s
	iters: 500, epoch: 5 | loss: 0.5336254
	speed: 0.0119s/iter; left time: 1275.9875s
	iters: 600, epoch: 5 | loss: 0.4958186
	speed: 0.0118s/iter; left time: 1263.7088s
	iters: 700, epoch: 5 | loss: 0.5771493
	speed: 0.0118s/iter; left time: 1255.9803s
	iters: 800, epoch: 5 | loss: 0.5728683
	speed: 0.0118s/iter; left time: 1261.6503s
	iters: 900, epoch: 5 | loss: 0.5206299
	speed: 0.0120s/iter; left time: 1279.4927s
	iters: 1000, epoch: 5 | loss: 0.5001570
	speed: 0.0118s/iter; left time: 1256.6223s
	iters: 1100, epoch: 5 | loss: 0.7164913
	speed: 0.0118s/iter; left time: 1250.6431s
Epoch: 5 cost time: 13.205226182937622
Epoch: 5, Steps: 1120 | Train Loss: 0.5877608 Vali Loss: 0.6363999
Validation loss decreased (0.638054 --> 0.636400).  Saving model ...
Updating learning rate to 3.125e-05
	iters: 100, epoch: 6 | loss: 0.5361627
	speed: 0.0221s/iter; left time: 2344.1613s
	iters: 200, epoch: 6 | loss: 0.5199230
	speed: 0.0118s/iter; left time: 1249.3465s
	iters: 300, epoch: 6 | loss: 0.5787900
	speed: 0.0116s/iter; left time: 1234.9327s
	iters: 400, epoch: 6 | loss: 0.5030421
	speed: 0.0117s/iter; left time: 1238.8347s
	iters: 500, epoch: 6 | loss: 0.7136497
	speed: 0.0116s/iter; left time: 1233.0462s
	iters: 600, epoch: 6 | loss: 0.7741300
	speed: 0.0117s/iter; left time: 1235.9239s
	iters: 700, epoch: 6 | loss: 0.6277688
	speed: 0.0116s/iter; left time: 1225.8139s
	iters: 800, epoch: 6 | loss: 0.7377272
	speed: 0.0117s/iter; left time: 1231.5095s
	iters: 900, epoch: 6 | loss: 0.5939335
	speed: 0.0118s/iter; left time: 1245.6257s
	iters: 1000, epoch: 6 | loss: 0.6847591
	speed: 0.0117s/iter; left time: 1230.7612s
	iters: 1100, epoch: 6 | loss: 0.5299557
	speed: 0.0116s/iter; left time: 1218.2460s
Epoch: 6 cost time: 13.099258184432983
Epoch: 6, Steps: 1120 | Train Loss: 0.5868180 Vali Loss: 0.6361927
Validation loss decreased (0.636400 --> 0.636193).  Saving model ...
Updating learning rate to 1.5625e-05
	iters: 100, epoch: 7 | loss: 0.4641407
	speed: 0.0219s/iter; left time: 2303.9404s
	iters: 200, epoch: 7 | loss: 0.4565274
	speed: 0.0115s/iter; left time: 1209.5941s
	iters: 300, epoch: 7 | loss: 0.6151518
	speed: 0.0117s/iter; left time: 1225.3028s
	iters: 400, epoch: 7 | loss: 0.4716933
	speed: 0.0117s/iter; left time: 1232.2832s
	iters: 500, epoch: 7 | loss: 0.4953139
	speed: 0.0114s/iter; left time: 1197.2360s
	iters: 600, epoch: 7 | loss: 0.4626399
	speed: 0.0117s/iter; left time: 1222.2019s
	iters: 700, epoch: 7 | loss: 0.5764142
	speed: 0.0117s/iter; left time: 1225.0430s
	iters: 800, epoch: 7 | loss: 0.6348580
	speed: 0.0119s/iter; left time: 1242.4127s
	iters: 900, epoch: 7 | loss: 0.6590771
	speed: 0.0117s/iter; left time: 1220.4012s
	iters: 1000, epoch: 7 | loss: 0.4956795
	speed: 0.0116s/iter; left time: 1205.9057s
	iters: 1100, epoch: 7 | loss: 0.6324611
	speed: 0.0116s/iter; left time: 1210.3132s
Epoch: 7 cost time: 13.039170503616333
Epoch: 7, Steps: 1120 | Train Loss: 0.5864188 Vali Loss: 0.6367778
EarlyStopping counter: 1 out of 6
Updating learning rate to 7.8125e-06
	iters: 100, epoch: 8 | loss: 0.4770060
	speed: 0.0213s/iter; left time: 2220.6658s
	iters: 200, epoch: 8 | loss: 0.6014248
	speed: 0.0117s/iter; left time: 1215.5553s
	iters: 300, epoch: 8 | loss: 0.6667262
	speed: 0.0116s/iter; left time: 1203.3431s
	iters: 400, epoch: 8 | loss: 0.7869607
	speed: 0.0115s/iter; left time: 1197.6306s
	iters: 500, epoch: 8 | loss: 0.5796484
	speed: 0.0116s/iter; left time: 1198.7432s
	iters: 600, epoch: 8 | loss: 0.5337569
	speed: 0.0115s/iter; left time: 1188.6499s
	iters: 700, epoch: 8 | loss: 0.7762117
	speed: 0.0116s/iter; left time: 1198.8665s
	iters: 800, epoch: 8 | loss: 0.4764110
	speed: 0.0116s/iter; left time: 1197.0520s
	iters: 900, epoch: 8 | loss: 0.6533508
	speed: 0.0116s/iter; left time: 1193.7394s
	iters: 1000, epoch: 8 | loss: 0.5859466
	speed: 0.0117s/iter; left time: 1202.9531s
	iters: 1100, epoch: 8 | loss: 0.6517122
	speed: 0.0117s/iter; left time: 1207.8898s
Epoch: 8 cost time: 12.97784972190857
Epoch: 8, Steps: 1120 | Train Loss: 0.5860731 Vali Loss: 0.6367679
EarlyStopping counter: 2 out of 6
Updating learning rate to 3.90625e-06
	iters: 100, epoch: 9 | loss: 0.4875441
	speed: 0.0220s/iter; left time: 2262.0153s
	iters: 200, epoch: 9 | loss: 0.4859513
	speed: 0.0117s/iter; left time: 1202.5478s
	iters: 300, epoch: 9 | loss: 0.5371407
	speed: 0.0117s/iter; left time: 1205.4626s
	iters: 400, epoch: 9 | loss: 0.4844056
	speed: 0.0117s/iter; left time: 1205.9492s
	iters: 500, epoch: 9 | loss: 0.6065183
	speed: 0.0116s/iter; left time: 1184.6187s
	iters: 600, epoch: 9 | loss: 0.6053945
	speed: 0.0116s/iter; left time: 1184.9098s
	iters: 700, epoch: 9 | loss: 0.5020614
	speed: 0.0115s/iter; left time: 1178.4695s
	iters: 800, epoch: 9 | loss: 0.6435147
	speed: 0.0116s/iter; left time: 1181.6097s
	iters: 900, epoch: 9 | loss: 0.6482699
	speed: 0.0118s/iter; left time: 1209.1675s
	iters: 1000, epoch: 9 | loss: 0.5112041
	speed: 0.0117s/iter; left time: 1196.8600s
	iters: 1100, epoch: 9 | loss: 0.5206569
	speed: 0.0115s/iter; left time: 1167.5438s
Epoch: 9 cost time: 13.037887334823608
Epoch: 9, Steps: 1120 | Train Loss: 0.5860270 Vali Loss: 0.6364735
EarlyStopping counter: 3 out of 6
Updating learning rate to 1.953125e-06
	iters: 100, epoch: 10 | loss: 0.4923310
	speed: 0.0211s/iter; left time: 2152.4540s
	iters: 200, epoch: 10 | loss: 0.4996904
	speed: 0.0115s/iter; left time: 1170.8934s
	iters: 300, epoch: 10 | loss: 0.4943605
	speed: 0.0117s/iter; left time: 1185.6114s
	iters: 400, epoch: 10 | loss: 0.4550915
	speed: 0.0117s/iter; left time: 1185.2507s
	iters: 500, epoch: 10 | loss: 0.4734126
	speed: 0.0118s/iter; left time: 1197.3506s
	iters: 600, epoch: 10 | loss: 0.4634074
	speed: 0.0118s/iter; left time: 1194.8371s
	iters: 700, epoch: 10 | loss: 0.5024567
	speed: 0.0116s/iter; left time: 1173.6986s
	iters: 800, epoch: 10 | loss: 0.4930881
	speed: 0.0116s/iter; left time: 1174.0657s
	iters: 900, epoch: 10 | loss: 0.5046250
	speed: 0.0118s/iter; left time: 1194.6985s
	iters: 1000, epoch: 10 | loss: 0.6052353
	speed: 0.0116s/iter; left time: 1173.4098s
	iters: 1100, epoch: 10 | loss: 0.4822326
	speed: 0.0116s/iter; left time: 1166.7844s
Epoch: 10 cost time: 13.051055669784546
Epoch: 10, Steps: 1120 | Train Loss: 0.5859633 Vali Loss: 0.6363493
EarlyStopping counter: 4 out of 6
Updating learning rate to 9.765625e-07
	iters: 100, epoch: 11 | loss: 0.4938486
	speed: 0.0215s/iter; left time: 2164.9981s
	iters: 200, epoch: 11 | loss: 0.4336898
	speed: 0.0118s/iter; left time: 1183.8536s
	iters: 300, epoch: 11 | loss: 0.5255517
	speed: 0.0116s/iter; left time: 1170.4616s
	iters: 400, epoch: 11 | loss: 0.5425128
	speed: 0.0117s/iter; left time: 1179.6382s
	iters: 500, epoch: 11 | loss: 0.4181875
	speed: 0.0116s/iter; left time: 1164.4566s
	iters: 600, epoch: 11 | loss: 0.6468839
	speed: 0.0117s/iter; left time: 1176.3192s
	iters: 700, epoch: 11 | loss: 0.7577820
	speed: 0.0116s/iter; left time: 1165.8131s
	iters: 800, epoch: 11 | loss: 0.4852637
	speed: 0.0118s/iter; left time: 1175.8207s
	iters: 900, epoch: 11 | loss: 0.4854871
	speed: 0.0117s/iter; left time: 1171.1383s
	iters: 1000, epoch: 11 | loss: 0.5061098
	speed: 0.0117s/iter; left time: 1167.2249s
	iters: 1100, epoch: 11 | loss: 0.5149522
	speed: 0.0117s/iter; left time: 1170.6554s
Epoch: 11 cost time: 13.091325521469116
Epoch: 11, Steps: 1120 | Train Loss: 0.5858678 Vali Loss: 0.6364110
EarlyStopping counter: 5 out of 6
Updating learning rate to 4.8828125e-07
	iters: 100, epoch: 12 | loss: 0.5289147
	speed: 0.0215s/iter; left time: 2144.7108s
	iters: 200, epoch: 12 | loss: 0.6104420
	speed: 0.0117s/iter; left time: 1168.7044s
	iters: 300, epoch: 12 | loss: 0.6512469
	speed: 0.0117s/iter; left time: 1157.9779s
	iters: 400, epoch: 12 | loss: 0.5460129
	speed: 0.0116s/iter; left time: 1151.8003s
	iters: 500, epoch: 12 | loss: 0.4670207
	speed: 0.0116s/iter; left time: 1148.5098s
	iters: 600, epoch: 12 | loss: 0.7636878
	speed: 0.0113s/iter; left time: 1123.7123s
	iters: 700, epoch: 12 | loss: 0.6401598
	speed: 0.0116s/iter; left time: 1149.9977s
	iters: 800, epoch: 12 | loss: 0.6132007
	speed: 0.0116s/iter; left time: 1148.7334s
	iters: 900, epoch: 12 | loss: 0.4949357
	speed: 0.0115s/iter; left time: 1139.2425s
	iters: 1000, epoch: 12 | loss: 0.4424264
	speed: 0.0116s/iter; left time: 1141.7752s
	iters: 1100, epoch: 12 | loss: 0.7780882
	speed: 0.0117s/iter; left time: 1155.4515s
Epoch: 12 cost time: 12.981358051300049
Epoch: 12, Steps: 1120 | Train Loss: 0.5858829 Vali Loss: 0.6364668
EarlyStopping counter: 6 out of 6
Early stopping
VALIDATION_RESULT {"best_epoch": 6, "best_mae": 0.43685926275206316, "best_mse": 0.6361927025521094, "epochs_ran": 12, "metric_version": "element_weighted_v1", "train_duration_seconds": 167.18052487401292, "train_peak_cuda_memory_bytes": 578331136}
>>>>>>>test skipped (validation-only run)<<<<<<<<<<<<<<<<<<<<<<<<
>>>>>>>evaluating validation checkpoint : long_term_forecast_trps_phase_c_timerole_weather_p720_s2023_r2_TimeRole_custom_ftM_sl336_ll48_pl720_dm64_nh8_el1_dl1_df128_expand2_dc2_fc1_ebtimeF_dtTrue_trps_phase_c_timerole_weather_p720_s2023_r2_0<<<<<<<<<<<<<<<<<<<<<<<<<<<<<<<<<
val 4551
EVALUATION_RESULT {"batches": 143, "elapsed_seconds": 0.7437265291810036, "elements": 68811120, "gate_abs_mean": 0.16801317036151886, "gate_max": 0.24812448024749756, "gate_mean": 0.16801317036151886, "gate_min": 0.0065973903983831406, "gate_values": [0.159281924366951, 0.21909202635288239, 0.21790358424186707, 0.19520969688892365, 0.20439213514328003, 0.21832509338855743, 0.1936679184436798, 0.2141752690076828, 0.1862100213766098, 0.19412948191165924, 0.19010284543037415, 0.007688716985285282, 0.21392403542995453, 0.10340770334005356, 0.019980229437351227, 0.01926545798778534, 0.24420946836471558, 0.24590229988098145, 0.24812448024749756, 0.22668662667274475, 0.0065973903983831406], "mae": 0.43685926275206316, "memory_correction_mae": 0.20950332004046912, "memory_correction_rms": 0.312606537280423, "metric_version": "element_weighted_v1", "milliseconds_per_batch": 5.200884819447578, "mse": 0.6361927025521094, "parameter_count": 2343319, "peak_cuda_memory_bytes": 225988608, "split": "val", "test_accessed": false, "timerole_intervention": "intact"}
