Using GPU
Args in experiment:
[1mBasic Config[0m
  Task Name:          long_term_forecast  Is Training:        1                   
  Model ID:           trps_phase_c_recent_ettm1_p96_s2022_r4Model:              GraphMambaRecent    

[1mData Loader[0m
  Data:               ETTm1               Root Path:          /home/cwh/Time-Series-Library/dataset/ETT-small
  Data Path:          ETTm1.csv           Features:           M                   
  Target:             OT                  Freq:               t                   
  Checkpoints:        /home/cwh/Time-Series-Library/logs/timerole_recent_simplification/checkpoints

[1mForecasting Task[0m
  Seq Len:            336                 Label Len:          48                  
  Pred Len:           96                  Seasonal Patterns:  Monthly             
  Inverse:            0                   

[1mModel Parameters[0m
  Top k:              5                   Num Kernels:        6                   
  Enc In:             7                   Dec In:             7                   
  C Out:              7                   d model:            64                  
  n heads:            8                   e layers:           1                   
  d layers:           1                   d FF:               128                 
  Moving Avg:         25                  Factor:             1                   
  Distil:             1                   Dropout:            0.1                 
  Embed:              timeF               Activation:         gelu                

[1mRun Parameters[0m
  Num Workers:        0                   Itr:                1                   
  Train Epochs:       100                 Batch Size:         32                  
  Patience:           6                   Learning Rate:      0.0005              
  Des:                trps_phase_c_recent_ettm1_p96_s2022_r4Loss:               MSE                 
  Lradj:              type1               Use Amp:            0                   

[1mGPU[0m
  Use GPU:            1                   GPU:                0                   
  Use Multi GPU:      0                   Devices:            0,1,2,3             

[1mDe-stationary Projector Params[0m
  P Hidden Dims:      128, 128            P Hidden Layers:    2                   

Use GPU: cuda:0
🚀 Lazy Loading: GraphMambaRecent ...
>>>>>>>start training : long_term_forecast_trps_phase_c_recent_ettm1_p96_s2022_r4_GraphMambaRecent_ETTm1_ftM_sl336_ll48_pl96_dm64_nh8_el1_dl1_df128_expand2_dc2_fc1_ebtimeF_dtTrue_trps_phase_c_recent_ettm1_p96_s2022_r4_0>>>>>>>>>>>>>>>>>>>>>>>>>>
train 34129
val 11425
	iters: 100, epoch: 1 | loss: 0.3075915
	speed: 0.0078s/iter; left time: 828.6267s
	iters: 200, epoch: 1 | loss: 0.3366463
	speed: 0.0061s/iter; left time: 644.9887s
	iters: 300, epoch: 1 | loss: 0.3750187
	speed: 0.0058s/iter; left time: 622.0694s
	iters: 400, epoch: 1 | loss: 0.3301682
	speed: 0.0058s/iter; left time: 612.1807s
	iters: 500, epoch: 1 | loss: 0.3804368
	speed: 0.0058s/iter; left time: 617.5376s
	iters: 600, epoch: 1 | loss: 0.2668970
	speed: 0.0060s/iter; left time: 632.1494s
	iters: 700, epoch: 1 | loss: 0.3611056
	speed: 0.0060s/iter; left time: 634.1418s
	iters: 800, epoch: 1 | loss: 0.2907664
	speed: 0.0059s/iter; left time: 625.6154s
	iters: 900, epoch: 1 | loss: 0.3550651
	speed: 0.0060s/iter; left time: 634.8281s
	iters: 1000, epoch: 1 | loss: 0.2494150
	speed: 0.0060s/iter; left time: 630.0316s
Epoch: 1 cost time: 6.498314380645752
Epoch: 1, Steps: 1067 | Train Loss: 0.3345401 Vali Loss: 0.4129789
Validation loss decreased (inf --> 0.412979).  Saving model ...
Updating learning rate to 0.0005
	iters: 100, epoch: 2 | loss: 0.3145670
	speed: 0.0197s/iter; left time: 2077.8227s
	iters: 200, epoch: 2 | loss: 0.2771403
	speed: 0.0058s/iter; left time: 613.6083s
	iters: 300, epoch: 2 | loss: 0.3213777
	speed: 0.0061s/iter; left time: 639.9722s
	iters: 400, epoch: 2 | loss: 0.3224792
	speed: 0.0057s/iter; left time: 604.2641s
	iters: 500, epoch: 2 | loss: 0.2312341
	speed: 0.0056s/iter; left time: 592.0099s
	iters: 600, epoch: 2 | loss: 0.2469780
	speed: 0.0057s/iter; left time: 601.9675s
	iters: 700, epoch: 2 | loss: 0.3079897
	speed: 0.0057s/iter; left time: 602.2712s
	iters: 800, epoch: 2 | loss: 0.2353699
	speed: 0.0058s/iter; left time: 609.6575s
	iters: 900, epoch: 2 | loss: 0.2633424
	speed: 0.0057s/iter; left time: 598.6445s
	iters: 1000, epoch: 2 | loss: 0.2619224
	speed: 0.0058s/iter; left time: 611.7597s
Epoch: 2 cost time: 6.238677024841309
Epoch: 2, Steps: 1067 | Train Loss: 0.2796820 Vali Loss: 0.4061931
Validation loss decreased (0.412979 --> 0.406193).  Saving model ...
Updating learning rate to 0.00025
	iters: 100, epoch: 3 | loss: 0.2522596
	speed: 0.0202s/iter; left time: 2110.8518s
	iters: 200, epoch: 3 | loss: 0.2297415
	speed: 0.0059s/iter; left time: 610.9814s
	iters: 300, epoch: 3 | loss: 0.3058522
	speed: 0.0056s/iter; left time: 588.7603s
	iters: 400, epoch: 3 | loss: 0.2897642
	speed: 0.0057s/iter; left time: 594.0732s
	iters: 500, epoch: 3 | loss: 0.2326610
	speed: 0.0058s/iter; left time: 607.3606s
	iters: 600, epoch: 3 | loss: 0.2683615
	speed: 0.0061s/iter; left time: 629.6424s
	iters: 700, epoch: 3 | loss: 0.2068585
	speed: 0.0057s/iter; left time: 595.9810s
	iters: 800, epoch: 3 | loss: 0.2662891
	speed: 0.0058s/iter; left time: 599.2766s
	iters: 900, epoch: 3 | loss: 0.1707888
	speed: 0.0060s/iter; left time: 617.3113s
	iters: 1000, epoch: 3 | loss: 0.3398925
	speed: 0.0057s/iter; left time: 594.1735s
Epoch: 3 cost time: 6.2047014236450195
Epoch: 3, Steps: 1067 | Train Loss: 0.2587943 Vali Loss: 0.4106379
EarlyStopping counter: 1 out of 6
Updating learning rate to 0.000125
	iters: 100, epoch: 4 | loss: 0.2831563
	speed: 0.0194s/iter; left time: 2008.8624s
	iters: 200, epoch: 4 | loss: 0.2681456
	speed: 0.0058s/iter; left time: 599.8428s
	iters: 300, epoch: 4 | loss: 0.2617238
	speed: 0.0057s/iter; left time: 589.4500s
	iters: 400, epoch: 4 | loss: 0.3211767
	speed: 0.0059s/iter; left time: 603.1768s
	iters: 500, epoch: 4 | loss: 0.2549920
	speed: 0.0057s/iter; left time: 587.1090s
	iters: 600, epoch: 4 | loss: 0.3158017
	speed: 0.0059s/iter; left time: 609.4833s
	iters: 700, epoch: 4 | loss: 0.3507940
	speed: 0.0057s/iter; left time: 582.3007s
	iters: 800, epoch: 4 | loss: 0.2339732
	speed: 0.0064s/iter; left time: 652.4234s
	iters: 900, epoch: 4 | loss: 0.2925990
	speed: 0.0060s/iter; left time: 611.6885s
	iters: 1000, epoch: 4 | loss: 0.2708277
	speed: 0.0062s/iter; left time: 634.0194s
Epoch: 4 cost time: 6.31545615196228
Epoch: 4, Steps: 1067 | Train Loss: 0.2520097 Vali Loss: 0.4125494
EarlyStopping counter: 2 out of 6
Updating learning rate to 6.25e-05
	iters: 100, epoch: 5 | loss: 0.2652579
	speed: 0.0196s/iter; left time: 2007.0324s
	iters: 200, epoch: 5 | loss: 0.2360406
	speed: 0.0061s/iter; left time: 619.8729s
	iters: 300, epoch: 5 | loss: 0.2721561
	speed: 0.0060s/iter; left time: 610.3305s
	iters: 400, epoch: 5 | loss: 0.2000842
	speed: 0.0059s/iter; left time: 605.3719s
	iters: 500, epoch: 5 | loss: 0.3503279
	speed: 0.0060s/iter; left time: 615.4040s
	iters: 600, epoch: 5 | loss: 0.2513456
	speed: 0.0059s/iter; left time: 598.3488s
	iters: 700, epoch: 5 | loss: 0.2561318
	speed: 0.0060s/iter; left time: 609.8284s
	iters: 800, epoch: 5 | loss: 0.3455904
	speed: 0.0061s/iter; left time: 615.1041s
	iters: 900, epoch: 5 | loss: 0.2860347
	speed: 0.0060s/iter; left time: 611.2316s
	iters: 1000, epoch: 5 | loss: 0.2100729
	speed: 0.0062s/iter; left time: 627.9152s
Epoch: 5 cost time: 6.382798671722412
Epoch: 5, Steps: 1067 | Train Loss: 0.2487731 Vali Loss: 0.4032108
Validation loss decreased (0.406193 --> 0.403211).  Saving model ...
Updating learning rate to 3.125e-05
	iters: 100, epoch: 6 | loss: 0.2352106
	speed: 0.0194s/iter; left time: 1969.2014s
	iters: 200, epoch: 6 | loss: 0.2075220
	speed: 0.0058s/iter; left time: 590.4866s
	iters: 300, epoch: 6 | loss: 0.2446782
	speed: 0.0059s/iter; left time: 593.7575s
	iters: 400, epoch: 6 | loss: 0.2461774
	speed: 0.0061s/iter; left time: 613.0744s
	iters: 500, epoch: 6 | loss: 0.2428589
	speed: 0.0059s/iter; left time: 594.3453s
	iters: 600, epoch: 6 | loss: 0.2627235
	speed: 0.0060s/iter; left time: 600.1141s
	iters: 700, epoch: 6 | loss: 0.2083233
	speed: 0.0060s/iter; left time: 602.9627s
	iters: 800, epoch: 6 | loss: 0.2242188
	speed: 0.0060s/iter; left time: 601.6729s
	iters: 900, epoch: 6 | loss: 0.2613495
	speed: 0.0061s/iter; left time: 611.6635s
	iters: 1000, epoch: 6 | loss: 0.2522494
	speed: 0.0059s/iter; left time: 593.0672s
Epoch: 6 cost time: 6.333411931991577
Epoch: 6, Steps: 1067 | Train Loss: 0.2468909 Vali Loss: 0.4088188
EarlyStopping counter: 1 out of 6
Updating learning rate to 1.5625e-05
	iters: 100, epoch: 7 | loss: 0.3277571
	speed: 0.0191s/iter; left time: 1915.1206s
	iters: 200, epoch: 7 | loss: 0.2167131
	speed: 0.0062s/iter; left time: 616.5924s
	iters: 300, epoch: 7 | loss: 0.2940920
	speed: 0.0062s/iter; left time: 620.1386s
	iters: 400, epoch: 7 | loss: 0.2856737
	speed: 0.0062s/iter; left time: 624.3590s
	iters: 500, epoch: 7 | loss: 0.1775286
	speed: 0.0060s/iter; left time: 595.7633s
	iters: 600, epoch: 7 | loss: 0.3321885
	speed: 0.0065s/iter; left time: 646.0008s
	iters: 700, epoch: 7 | loss: 0.2302319
	speed: 0.0059s/iter; left time: 592.3688s
	iters: 800, epoch: 7 | loss: 0.2089434
	speed: 0.0059s/iter; left time: 587.6900s
	iters: 900, epoch: 7 | loss: 0.2352126
	speed: 0.0060s/iter; left time: 593.0202s
	iters: 1000, epoch: 7 | loss: 0.2498936
	speed: 0.0058s/iter; left time: 579.2585s
Epoch: 7 cost time: 6.451237201690674
Epoch: 7, Steps: 1067 | Train Loss: 0.2456267 Vali Loss: 0.4078266
EarlyStopping counter: 2 out of 6
Updating learning rate to 7.8125e-06
	iters: 100, epoch: 8 | loss: 0.2032114
	speed: 0.0192s/iter; left time: 1900.9299s
	iters: 200, epoch: 8 | loss: 0.2283173
	speed: 0.0060s/iter; left time: 596.9494s
	iters: 300, epoch: 8 | loss: 0.2500984
	speed: 0.0061s/iter; left time: 599.7824s
	iters: 400, epoch: 8 | loss: 0.2442769
	speed: 0.0059s/iter; left time: 580.7001s
	iters: 500, epoch: 8 | loss: 0.2499366
	speed: 0.0058s/iter; left time: 574.7594s
	iters: 600, epoch: 8 | loss: 0.2946464
	speed: 0.0058s/iter; left time: 576.1102s
	iters: 700, epoch: 8 | loss: 0.2320424
	speed: 0.0059s/iter; left time: 584.2611s
	iters: 800, epoch: 8 | loss: 0.2367030
	speed: 0.0060s/iter; left time: 592.8711s
	iters: 900, epoch: 8 | loss: 0.2581823
	speed: 0.0058s/iter; left time: 573.5252s
	iters: 1000, epoch: 8 | loss: 0.2184617
	speed: 0.0060s/iter; left time: 590.4945s
Epoch: 8 cost time: 6.358893871307373
Epoch: 8, Steps: 1067 | Train Loss: 0.2453070 Vali Loss: 0.4116644
EarlyStopping counter: 3 out of 6
Updating learning rate to 3.90625e-06
	iters: 100, epoch: 9 | loss: 0.2211672
	speed: 0.0198s/iter; left time: 1938.5169s
	iters: 200, epoch: 9 | loss: 0.2134255
	speed: 0.0060s/iter; left time: 587.7395s
	iters: 300, epoch: 9 | loss: 0.2221897
	speed: 0.0061s/iter; left time: 595.3079s
	iters: 400, epoch: 9 | loss: 0.1960149
	speed: 0.0059s/iter; left time: 576.0398s
	iters: 500, epoch: 9 | loss: 0.2308606
	speed: 0.0059s/iter; left time: 580.0066s
	iters: 600, epoch: 9 | loss: 0.2545343
	speed: 0.0060s/iter; left time: 583.3469s
	iters: 700, epoch: 9 | loss: 0.2069372
	speed: 0.0058s/iter; left time: 566.9612s
	iters: 800, epoch: 9 | loss: 0.2374834
	speed: 0.0059s/iter; left time: 577.1922s
	iters: 900, epoch: 9 | loss: 0.2885327
	speed: 0.0061s/iter; left time: 588.5855s
	iters: 1000, epoch: 9 | loss: 0.2232576
	speed: 0.0062s/iter; left time: 605.7692s
Epoch: 9 cost time: 6.410396099090576
Epoch: 9, Steps: 1067 | Train Loss: 0.2449788 Vali Loss: 0.4094334
EarlyStopping counter: 4 out of 6
Updating learning rate to 1.953125e-06
	iters: 100, epoch: 10 | loss: 0.1868850
	speed: 0.0194s/iter; left time: 1886.2195s
	iters: 200, epoch: 10 | loss: 0.2131619
	speed: 0.0061s/iter; left time: 593.1084s
	iters: 300, epoch: 10 | loss: 0.1980151
	speed: 0.0059s/iter; left time: 572.3031s
	iters: 400, epoch: 10 | loss: 0.2379990
	speed: 0.0060s/iter; left time: 583.1991s
	iters: 500, epoch: 10 | loss: 0.2182875
	speed: 0.0062s/iter; left time: 594.1051s
	iters: 600, epoch: 10 | loss: 0.2338820
	speed: 0.0060s/iter; left time: 578.5788s
	iters: 700, epoch: 10 | loss: 0.3433352
	speed: 0.0059s/iter; left time: 564.1984s
	iters: 800, epoch: 10 | loss: 0.2469351
	speed: 0.0059s/iter; left time: 564.4679s
	iters: 900, epoch: 10 | loss: 0.1648937
	speed: 0.0058s/iter; left time: 556.5039s
	iters: 1000, epoch: 10 | loss: 0.2339078
	speed: 0.0062s/iter; left time: 596.2765s
Epoch: 10 cost time: 6.385240077972412
Epoch: 10, Steps: 1067 | Train Loss: 0.2449628 Vali Loss: 0.4084639
EarlyStopping counter: 5 out of 6
Updating learning rate to 9.765625e-07
	iters: 100, epoch: 11 | loss: 0.2205143
	speed: 0.0195s/iter; left time: 1868.9831s
	iters: 200, epoch: 11 | loss: 0.2068742
	speed: 0.0059s/iter; left time: 562.4897s
	iters: 300, epoch: 11 | loss: 0.2330568
	speed: 0.0060s/iter; left time: 574.7481s
	iters: 400, epoch: 11 | loss: 0.3027969
	speed: 0.0062s/iter; left time: 594.2667s
	iters: 500, epoch: 11 | loss: 0.2107770
	speed: 0.0060s/iter; left time: 569.5686s
	iters: 600, epoch: 11 | loss: 0.2197606
	speed: 0.0059s/iter; left time: 561.9070s
	iters: 700, epoch: 11 | loss: 0.2146284
	speed: 0.0061s/iter; left time: 583.3446s
	iters: 800, epoch: 11 | loss: 0.2380572
	speed: 0.0061s/iter; left time: 583.7110s
	iters: 900, epoch: 11 | loss: 0.2417629
	speed: 0.0059s/iter; left time: 564.6457s
	iters: 1000, epoch: 11 | loss: 0.2247072
	speed: 0.0060s/iter; left time: 567.2373s
Epoch: 11 cost time: 6.4107513427734375
Epoch: 11, Steps: 1067 | Train Loss: 0.2447419 Vali Loss: 0.4079896
EarlyStopping counter: 6 out of 6
Early stopping
VALIDATION_RESULT {"best_epoch": 5, "best_mae": 0.4221383247085322, "best_mse": 0.4032108441454502, "epochs_ran": 11, "metric_version": "element_weighted_v1", "train_duration_seconds": 81.55685862433165, "train_peak_cuda_memory_bytes": 330895360}
>>>>>>>test skipped (validation-only run)<<<<<<<<<<<<<<<<<<<<<<<<
>>>>>>>evaluating validation checkpoint : long_term_forecast_trps_phase_c_recent_ettm1_p96_s2022_r4_GraphMambaRecent_ETTm1_ftM_sl336_ll48_pl96_dm64_nh8_el1_dl1_df128_expand2_dc2_fc1_ebtimeF_dtTrue_trps_phase_c_recent_ettm1_p96_s2022_r4_0<<<<<<<<<<<<<<<<<<<<<<<<<<<<<<<<<
val 11425
EVALUATION_RESULT {"batches": 358, "elapsed_seconds": 0.9876676271669567, "elements": 7677600, "mae": 0.4221383247085322, "metric_version": "element_weighted_v1", "milliseconds_per_batch": 2.758848120578091, "mse": 0.4032108441454502, "parameter_count": 684512, "peak_cuda_memory_bytes": 134395904, "split": "val", "test_accessed": false, "timerole_intervention": "intact"}
