Using GPU
Args in experiment:
[1mBasic Config[0m
  Task Name:          long_term_forecast  Is Training:        1                   
  Model ID:           trps_phase_c_timerole_etth2_p96_s2022_r0Model:              TimeRole            

[1mData Loader[0m
  Data:               ETTh2               Root Path:          /home/cwh/Time-Series-Library/dataset/ETT-small
  Data Path:          ETTh2.csv           Features:           M                   
  Target:             OT                  Freq:               h                   
  Checkpoints:        /home/cwh/Time-Series-Library/logs/timerole_recent_simplification/checkpoints

[1mForecasting Task[0m
  Seq Len:            336                 Label Len:          48                  
  Pred Len:           96                  Seasonal Patterns:  Monthly             
  Inverse:            0                   

[1mModel Parameters[0m
  Top k:              5                   Num Kernels:        6                   
  Enc In:             7                   Dec In:             7                   
  C Out:              7                   d model:            64                  
  n heads:            8                   e layers:           1                   
  d layers:           1                   d FF:               128                 
  Moving Avg:         25                  Factor:             1                   
  Distil:             1                   Dropout:            0.1                 
  Embed:              timeF               Activation:         gelu                

[1mRun Parameters[0m
  Num Workers:        0                   Itr:                1                   
  Train Epochs:       100                 Batch Size:         32                  
  Patience:           6                   Learning Rate:      0.0005              
  Des:                trps_phase_c_timerole_etth2_p96_s2022_r0Loss:               MSE                 
  Lradj:              type1               Use Amp:            0                   

[1mGPU[0m
  Use GPU:            1                   GPU:                0                   
  Use Multi GPU:      0                   Devices:            0,1,2,3             

[1mDe-stationary Projector Params[0m
  P Hidden Dims:      128, 128            P Hidden Layers:    2                   

Use GPU: cuda:0
🚀 Lazy Loading: TimeRole ...
[GraphMamba] Building 7x7 static graph from 2000 training samples
>>>>>>>start training : long_term_forecast_trps_phase_c_timerole_etth2_p96_s2022_r0_TimeRole_ETTh2_ftM_sl336_ll48_pl96_dm64_nh8_el1_dl1_df128_expand2_dc2_fc1_ebtimeF_dtTrue_trps_phase_c_timerole_etth2_p96_s2022_r0_0>>>>>>>>>>>>>>>>>>>>>>>>>>
train 8209
val 2785
	iters: 100, epoch: 1 | loss: 0.5968944
	speed: 0.0131s/iter; left time: 335.7107s
	iters: 200, epoch: 1 | loss: 0.7443704
	speed: 0.0110s/iter; left time: 279.2913s
Epoch: 1 cost time: 3.0557093620300293
Epoch: 1, Steps: 257 | Train Loss: 0.5134476 Vali Loss: 0.2220097
Validation loss decreased (inf --> 0.222010).  Saving model ...
Updating learning rate to 0.0005
	iters: 100, epoch: 2 | loss: 0.3925937
	speed: 0.0219s/iter; left time: 555.7072s
	iters: 200, epoch: 2 | loss: 0.5713763
	speed: 0.0114s/iter; left time: 287.6037s
Epoch: 2 cost time: 2.9044337272644043
Epoch: 2, Steps: 257 | Train Loss: 0.4000097 Vali Loss: 0.2427424
EarlyStopping counter: 1 out of 6
Updating learning rate to 0.00025
	iters: 100, epoch: 3 | loss: 0.3031504
	speed: 0.0221s/iter; left time: 553.7990s
	iters: 200, epoch: 3 | loss: 0.4585158
	speed: 0.0114s/iter; left time: 284.6314s
Epoch: 3 cost time: 2.9152283668518066
Epoch: 3, Steps: 257 | Train Loss: 0.3828817 Vali Loss: 0.2403803
EarlyStopping counter: 2 out of 6
Updating learning rate to 0.000125
	iters: 100, epoch: 4 | loss: 0.3140622
	speed: 0.0223s/iter; left time: 553.8129s
	iters: 200, epoch: 4 | loss: 0.3063238
	speed: 0.0113s/iter; left time: 278.3881s
Epoch: 4 cost time: 2.8992152214050293
Epoch: 4, Steps: 257 | Train Loss: 0.3742865 Vali Loss: 0.2295409
EarlyStopping counter: 3 out of 6
Updating learning rate to 6.25e-05
	iters: 100, epoch: 5 | loss: 0.3687426
	speed: 0.0219s/iter; left time: 537.5730s
	iters: 200, epoch: 5 | loss: 0.5205536
	speed: 0.0112s/iter; left time: 273.3151s
Epoch: 5 cost time: 2.8651740550994873
Epoch: 5, Steps: 257 | Train Loss: 0.3713849 Vali Loss: 0.2300631
EarlyStopping counter: 4 out of 6
Updating learning rate to 3.125e-05
	iters: 100, epoch: 6 | loss: 0.3434935
	speed: 0.0217s/iter; left time: 528.1010s
	iters: 200, epoch: 6 | loss: 0.3724107
	speed: 0.0110s/iter; left time: 266.9032s
Epoch: 6 cost time: 2.854724645614624
Epoch: 6, Steps: 257 | Train Loss: 0.3683130 Vali Loss: 0.2305433
EarlyStopping counter: 5 out of 6
Updating learning rate to 1.5625e-05
	iters: 100, epoch: 7 | loss: 0.4153530
	speed: 0.0213s/iter; left time: 512.5229s
	iters: 200, epoch: 7 | loss: 0.3126941
	speed: 0.0116s/iter; left time: 277.2754s
Epoch: 7 cost time: 2.9174911975860596
Epoch: 7, Steps: 257 | Train Loss: 0.3667791 Vali Loss: 0.2295173
EarlyStopping counter: 6 out of 6
Early stopping
VALIDATION_RESULT {"best_epoch": 1, "best_mae": 0.323429067422052, "best_mse": 0.22200973602383628, "epochs_ran": 7, "metric_version": "element_weighted_v1", "train_duration_seconds": 23.881979227997363, "train_peak_cuda_memory_bytes": 546141184}
>>>>>>>test skipped (validation-only run)<<<<<<<<<<<<<<<<<<<<<<<<
>>>>>>>evaluating validation checkpoint : long_term_forecast_trps_phase_c_timerole_etth2_p96_s2022_r0_TimeRole_ETTh2_ftM_sl336_ll48_pl96_dm64_nh8_el1_dl1_df128_expand2_dc2_fc1_ebtimeF_dtTrue_trps_phase_c_timerole_etth2_p96_s2022_r0_0<<<<<<<<<<<<<<<<<<<<<<<<<<<<<<<<<
val 2785
EVALUATION_RESULT {"batches": 88, "elapsed_seconds": 0.41635868325829506, "elements": 1871520, "gate_abs_mean": 0.08411119878292084, "gate_max": 0.12128401547670364, "gate_mean": 0.07342962175607681, "gate_min": -0.025683434680104256, "gate_values": [0.10287672281265259, 0.11514567583799362, -0.01170208677649498, 0.11560624837875366, 0.09648014605045319, -0.025683434680104256, 0.12128401547670364], "mae": 0.323429067422052, "memory_correction_mae": 0.048485586842359756, "memory_correction_rms": 0.08832108710017281, "metric_version": "element_weighted_v1", "milliseconds_per_batch": 4.731348673389717, "mse": 0.22200973602383628, "parameter_count": 1004013, "peak_cuda_memory_bytes": 151713280, "split": "val", "test_accessed": false, "timerole_intervention": "intact"}
