Using GPU
Args in experiment:
[1mBasic Config[0m
  Task Name:          long_term_forecast  Is Training:        1                   
  Model ID:           trps_phase_c_timerole_ettm1_p96_s2022_r4Model:              TimeRole            

[1mData Loader[0m
  Data:               ETTm1               Root Path:          /home/cwh/Time-Series-Library/dataset/ETT-small
  Data Path:          ETTm1.csv           Features:           M                   
  Target:             OT                  Freq:               t                   
  Checkpoints:        /home/cwh/Time-Series-Library/logs/timerole_recent_simplification/checkpoints

[1mForecasting Task[0m
  Seq Len:            336                 Label Len:          48                  
  Pred Len:           96                  Seasonal Patterns:  Monthly             
  Inverse:            0                   

[1mModel Parameters[0m
  Top k:              5                   Num Kernels:        6                   
  Enc In:             7                   Dec In:             7                   
  C Out:              7                   d model:            64                  
  n heads:            8                   e layers:           1                   
  d layers:           1                   d FF:               128                 
  Moving Avg:         25                  Factor:             1                   
  Distil:             1                   Dropout:            0.1                 
  Embed:              timeF               Activation:         gelu                

[1mRun Parameters[0m
  Num Workers:        0                   Itr:                1                   
  Train Epochs:       100                 Batch Size:         32                  
  Patience:           6                   Learning Rate:      0.0005              
  Des:                trps_phase_c_timerole_ettm1_p96_s2022_r4Loss:               MSE                 
  Lradj:              type1               Use Amp:            0                   

[1mGPU[0m
  Use GPU:            1                   GPU:                0                   
  Use Multi GPU:      0                   Devices:            0,1,2,3             

[1mDe-stationary Projector Params[0m
  P Hidden Dims:      128, 128            P Hidden Layers:    2                   

Use GPU: cuda:0
🚀 Lazy Loading: TimeRole ...
>>>>>>>start training : long_term_forecast_trps_phase_c_timerole_ettm1_p96_s2022_r4_TimeRole_ETTm1_ftM_sl336_ll48_pl96_dm64_nh8_el1_dl1_df128_expand2_dc2_fc1_ebtimeF_dtTrue_trps_phase_c_timerole_ettm1_p96_s2022_r4_0>>>>>>>>>>>>>>>>>>>>>>>>>>
train 34129
val 11425
	iters: 100, epoch: 1 | loss: 0.3037236
	speed: 0.0088s/iter; left time: 937.1280s
	iters: 200, epoch: 1 | loss: 0.3264022
	speed: 0.0066s/iter; left time: 700.6742s
	iters: 300, epoch: 1 | loss: 0.3369545
	speed: 0.0065s/iter; left time: 694.9874s
	iters: 400, epoch: 1 | loss: 0.2990563
	speed: 0.0067s/iter; left time: 711.7943s
	iters: 500, epoch: 1 | loss: 0.3488185
	speed: 0.0066s/iter; left time: 702.2882s
	iters: 600, epoch: 1 | loss: 0.2489908
	speed: 0.0066s/iter; left time: 697.5782s
	iters: 700, epoch: 1 | loss: 0.3063303
	speed: 0.0067s/iter; left time: 714.6381s
	iters: 800, epoch: 1 | loss: 0.2561071
	speed: 0.0069s/iter; left time: 727.8941s
	iters: 900, epoch: 1 | loss: 0.3034764
	speed: 0.0068s/iter; left time: 715.9542s
	iters: 1000, epoch: 1 | loss: 0.2138876
	speed: 0.0067s/iter; left time: 709.4437s
Epoch: 1 cost time: 7.347381114959717
Epoch: 1, Steps: 1067 | Train Loss: 0.3068706 Vali Loss: 0.3965536
Validation loss decreased (inf --> 0.396554).  Saving model ...
Updating learning rate to 0.0005
	iters: 100, epoch: 2 | loss: 0.2702819
	speed: 0.0210s/iter; left time: 2215.6130s
	iters: 200, epoch: 2 | loss: 0.2657903
	speed: 0.0067s/iter; left time: 702.2871s
	iters: 300, epoch: 2 | loss: 0.2729558
	speed: 0.0064s/iter; left time: 678.4281s
	iters: 400, epoch: 2 | loss: 0.3011292
	speed: 0.0065s/iter; left time: 684.7086s
	iters: 500, epoch: 2 | loss: 0.2183527
	speed: 0.0067s/iter; left time: 703.3381s
	iters: 600, epoch: 2 | loss: 0.2620386
	speed: 0.0065s/iter; left time: 684.1613s
	iters: 700, epoch: 2 | loss: 0.2876396
	speed: 0.0065s/iter; left time: 685.6069s
	iters: 800, epoch: 2 | loss: 0.2182679
	speed: 0.0066s/iter; left time: 697.1451s
	iters: 900, epoch: 2 | loss: 0.2489174
	speed: 0.0065s/iter; left time: 680.4218s
	iters: 1000, epoch: 2 | loss: 0.2487792
	speed: 0.0066s/iter; left time: 688.5501s
Epoch: 2 cost time: 6.988755226135254
Epoch: 2, Steps: 1067 | Train Loss: 0.2577625 Vali Loss: 0.3861527
Validation loss decreased (0.396554 --> 0.386153).  Saving model ...
Updating learning rate to 0.00025
	iters: 100, epoch: 3 | loss: 0.2439548
	speed: 0.0206s/iter; left time: 2157.0887s
	iters: 200, epoch: 3 | loss: 0.2259185
	speed: 0.0067s/iter; left time: 698.3707s
	iters: 300, epoch: 3 | loss: 0.2893886
	speed: 0.0066s/iter; left time: 684.6676s
	iters: 400, epoch: 3 | loss: 0.2776819
	speed: 0.0067s/iter; left time: 698.2928s
	iters: 500, epoch: 3 | loss: 0.2306124
	speed: 0.0069s/iter; left time: 716.5595s
	iters: 600, epoch: 3 | loss: 0.2555347
	speed: 0.0065s/iter; left time: 672.3153s
	iters: 700, epoch: 3 | loss: 0.1814475
	speed: 0.0066s/iter; left time: 683.6620s
	iters: 800, epoch: 3 | loss: 0.2670066
	speed: 0.0065s/iter; left time: 669.8602s
	iters: 900, epoch: 3 | loss: 0.1635442
	speed: 0.0065s/iter; left time: 674.4466s
	iters: 1000, epoch: 3 | loss: 0.3033624
	speed: 0.0066s/iter; left time: 684.4645s
Epoch: 3 cost time: 7.033702611923218
Epoch: 3, Steps: 1067 | Train Loss: 0.2428562 Vali Loss: 0.3752042
Validation loss decreased (0.386153 --> 0.375204).  Saving model ...
Updating learning rate to 0.000125
	iters: 100, epoch: 4 | loss: 0.2699787
	speed: 0.0209s/iter; left time: 2162.5302s
	iters: 200, epoch: 4 | loss: 0.2511101
	speed: 0.0064s/iter; left time: 662.3720s
	iters: 300, epoch: 4 | loss: 0.2455433
	speed: 0.0065s/iter; left time: 671.0193s
	iters: 400, epoch: 4 | loss: 0.2655893
	speed: 0.0064s/iter; left time: 662.0251s
	iters: 500, epoch: 4 | loss: 0.2267556
	speed: 0.0066s/iter; left time: 680.2652s
	iters: 600, epoch: 4 | loss: 0.2674502
	speed: 0.0065s/iter; left time: 669.1516s
	iters: 700, epoch: 4 | loss: 0.2813404
	speed: 0.0068s/iter; left time: 696.7506s
	iters: 800, epoch: 4 | loss: 0.2202973
	speed: 0.0069s/iter; left time: 705.6436s
	iters: 900, epoch: 4 | loss: 0.2794834
	speed: 0.0067s/iter; left time: 685.2259s
	iters: 1000, epoch: 4 | loss: 0.2624257
	speed: 0.0066s/iter; left time: 673.8432s
Epoch: 4 cost time: 7.017600774765015
Epoch: 4, Steps: 1067 | Train Loss: 0.2357982 Vali Loss: 0.3713515
Validation loss decreased (0.375204 --> 0.371351).  Saving model ...
Updating learning rate to 6.25e-05
	iters: 100, epoch: 5 | loss: 0.2366166
	speed: 0.0212s/iter; left time: 2173.9077s
	iters: 200, epoch: 5 | loss: 0.2144551
	speed: 0.0064s/iter; left time: 652.2994s
	iters: 300, epoch: 5 | loss: 0.2452474
	speed: 0.0066s/iter; left time: 676.4579s
	iters: 400, epoch: 5 | loss: 0.1889735
	speed: 0.0066s/iter; left time: 675.9676s
	iters: 500, epoch: 5 | loss: 0.2922359
	speed: 0.0067s/iter; left time: 680.7066s
	iters: 600, epoch: 5 | loss: 0.2437515
	speed: 0.0064s/iter; left time: 653.7224s
	iters: 700, epoch: 5 | loss: 0.2197128
	speed: 0.0066s/iter; left time: 672.5454s
	iters: 800, epoch: 5 | loss: 0.3203922
	speed: 0.0065s/iter; left time: 660.8707s
	iters: 900, epoch: 5 | loss: 0.2729338
	speed: 0.0068s/iter; left time: 686.9480s
	iters: 1000, epoch: 5 | loss: 0.1960833
	speed: 0.0067s/iter; left time: 675.1589s
Epoch: 5 cost time: 7.036732196807861
Epoch: 5, Steps: 1067 | Train Loss: 0.2323459 Vali Loss: 0.3647932
Validation loss decreased (0.371351 --> 0.364793).  Saving model ...
Updating learning rate to 3.125e-05
	iters: 100, epoch: 6 | loss: 0.2338316
	speed: 0.0218s/iter; left time: 2202.6670s
	iters: 200, epoch: 6 | loss: 0.2122754
	speed: 0.0065s/iter; left time: 662.2499s
	iters: 300, epoch: 6 | loss: 0.2260915
	speed: 0.0066s/iter; left time: 664.7885s
	iters: 400, epoch: 6 | loss: 0.2214657
	speed: 0.0067s/iter; left time: 675.6168s
	iters: 500, epoch: 6 | loss: 0.2189803
	speed: 0.0066s/iter; left time: 664.0179s
	iters: 600, epoch: 6 | loss: 0.2584550
	speed: 0.0064s/iter; left time: 644.5726s
	iters: 700, epoch: 6 | loss: 0.2025769
	speed: 0.0071s/iter; left time: 710.0382s
	iters: 800, epoch: 6 | loss: 0.2071300
	speed: 0.0066s/iter; left time: 667.7199s
	iters: 900, epoch: 6 | loss: 0.2169458
	speed: 0.0066s/iter; left time: 663.2194s
	iters: 1000, epoch: 6 | loss: 0.2569416
	speed: 0.0065s/iter; left time: 654.3705s
Epoch: 6 cost time: 7.109192371368408
Epoch: 6, Steps: 1067 | Train Loss: 0.2305091 Vali Loss: 0.3662681
EarlyStopping counter: 1 out of 6
Updating learning rate to 1.5625e-05
	iters: 100, epoch: 7 | loss: 0.2831039
	speed: 0.0220s/iter; left time: 2207.4091s
	iters: 200, epoch: 7 | loss: 0.2030888
	speed: 0.0068s/iter; left time: 677.9357s
	iters: 300, epoch: 7 | loss: 0.2635655
	speed: 0.0068s/iter; left time: 682.8078s
	iters: 400, epoch: 7 | loss: 0.2656951
	speed: 0.0069s/iter; left time: 686.4226s
	iters: 500, epoch: 7 | loss: 0.1778936
	speed: 0.0065s/iter; left time: 651.2265s
	iters: 600, epoch: 7 | loss: 0.2625672
	speed: 0.0065s/iter; left time: 651.7703s
	iters: 700, epoch: 7 | loss: 0.2052777
	speed: 0.0067s/iter; left time: 668.1037s
	iters: 800, epoch: 7 | loss: 0.2054184
	speed: 0.0066s/iter; left time: 652.6241s
	iters: 900, epoch: 7 | loss: 0.2140911
	speed: 0.0066s/iter; left time: 660.6170s
	iters: 1000, epoch: 7 | loss: 0.2418386
	speed: 0.0067s/iter; left time: 664.8687s
Epoch: 7 cost time: 7.168387174606323
Epoch: 7, Steps: 1067 | Train Loss: 0.2293668 Vali Loss: 0.3662227
EarlyStopping counter: 2 out of 6
Updating learning rate to 7.8125e-06
	iters: 100, epoch: 8 | loss: 0.1902002
	speed: 0.0214s/iter; left time: 2121.2656s
	iters: 200, epoch: 8 | loss: 0.2196949
	speed: 0.0069s/iter; left time: 681.2849s
	iters: 300, epoch: 8 | loss: 0.2334947
	speed: 0.0066s/iter; left time: 650.8699s
	iters: 400, epoch: 8 | loss: 0.2291632
	speed: 0.0066s/iter; left time: 649.3595s
	iters: 500, epoch: 8 | loss: 0.2353372
	speed: 0.0066s/iter; left time: 648.4671s
	iters: 600, epoch: 8 | loss: 0.2791916
	speed: 0.0067s/iter; left time: 657.7273s
	iters: 700, epoch: 8 | loss: 0.2156183
	speed: 0.0067s/iter; left time: 658.9511s
	iters: 800, epoch: 8 | loss: 0.2309889
	speed: 0.0067s/iter; left time: 659.6843s
	iters: 900, epoch: 8 | loss: 0.2454681
	speed: 0.0066s/iter; left time: 646.9373s
	iters: 1000, epoch: 8 | loss: 0.2128818
	speed: 0.0065s/iter; left time: 641.8745s
Epoch: 8 cost time: 7.078915119171143
Epoch: 8, Steps: 1067 | Train Loss: 0.2290662 Vali Loss: 0.3663371
EarlyStopping counter: 3 out of 6
Updating learning rate to 3.90625e-06
	iters: 100, epoch: 9 | loss: 0.2181882
	speed: 0.0215s/iter; left time: 2104.8713s
	iters: 200, epoch: 9 | loss: 0.1872268
	speed: 0.0066s/iter; left time: 646.9292s
	iters: 300, epoch: 9 | loss: 0.1975167
	speed: 0.0066s/iter; left time: 646.7176s
	iters: 400, epoch: 9 | loss: 0.1924969
	speed: 0.0066s/iter; left time: 640.3784s
	iters: 500, epoch: 9 | loss: 0.2125946
	speed: 0.0066s/iter; left time: 645.2536s
	iters: 600, epoch: 9 | loss: 0.2410268
	speed: 0.0068s/iter; left time: 662.5695s
	iters: 700, epoch: 9 | loss: 0.1971777
	speed: 0.0066s/iter; left time: 639.7698s
	iters: 800, epoch: 9 | loss: 0.2161371
	speed: 0.0067s/iter; left time: 653.5070s
	iters: 900, epoch: 9 | loss: 0.2518661
	speed: 0.0067s/iter; left time: 648.2085s
	iters: 1000, epoch: 9 | loss: 0.2153761
	speed: 0.0065s/iter; left time: 626.8864s
Epoch: 9 cost time: 7.04691481590271
Epoch: 9, Steps: 1067 | Train Loss: 0.2286278 Vali Loss: 0.3663769
EarlyStopping counter: 4 out of 6
Updating learning rate to 1.953125e-06
	iters: 100, epoch: 10 | loss: 0.1955217
	speed: 0.0210s/iter; left time: 2038.3892s
	iters: 200, epoch: 10 | loss: 0.1797025
	speed: 0.0067s/iter; left time: 648.1290s
	iters: 300, epoch: 10 | loss: 0.2171016
	speed: 0.0066s/iter; left time: 642.1528s
	iters: 400, epoch: 10 | loss: 0.2267092
	speed: 0.0066s/iter; left time: 636.8912s
	iters: 500, epoch: 10 | loss: 0.2045074
	speed: 0.0068s/iter; left time: 652.4066s
	iters: 600, epoch: 10 | loss: 0.2325540
	speed: 0.0066s/iter; left time: 637.4701s
	iters: 700, epoch: 10 | loss: 0.3047988
	speed: 0.0065s/iter; left time: 631.0378s
	iters: 800, epoch: 10 | loss: 0.2440376
	speed: 0.0065s/iter; left time: 624.6730s
	iters: 900, epoch: 10 | loss: 0.1548788
	speed: 0.0069s/iter; left time: 665.3185s
	iters: 1000, epoch: 10 | loss: 0.2278973
	speed: 0.0066s/iter; left time: 635.9978s
Epoch: 10 cost time: 7.065225601196289
Epoch: 10, Steps: 1067 | Train Loss: 0.2285763 Vali Loss: 0.3660597
EarlyStopping counter: 5 out of 6
Updating learning rate to 9.765625e-07
	iters: 100, epoch: 11 | loss: 0.1957412
	speed: 0.0213s/iter; left time: 2040.2658s
	iters: 200, epoch: 11 | loss: 0.1949560
	speed: 0.0065s/iter; left time: 619.7874s
	iters: 300, epoch: 11 | loss: 0.2414407
	speed: 0.0066s/iter; left time: 628.6428s
	iters: 400, epoch: 11 | loss: 0.2808326
	speed: 0.0066s/iter; left time: 632.9823s
	iters: 500, epoch: 11 | loss: 0.2062029
	speed: 0.0067s/iter; left time: 638.3070s
	iters: 600, epoch: 11 | loss: 0.2157502
	speed: 0.0067s/iter; left time: 638.1218s
	iters: 700, epoch: 11 | loss: 0.2232275
	speed: 0.0065s/iter; left time: 615.9773s
	iters: 800, epoch: 11 | loss: 0.2163664
	speed: 0.0067s/iter; left time: 639.3626s
	iters: 900, epoch: 11 | loss: 0.2344143
	speed: 0.0065s/iter; left time: 617.8392s
	iters: 1000, epoch: 11 | loss: 0.2087246
	speed: 0.0068s/iter; left time: 647.6077s
Epoch: 11 cost time: 7.051758527755737
Epoch: 11, Steps: 1067 | Train Loss: 0.2284353 Vali Loss: 0.3661022
EarlyStopping counter: 6 out of 6
Early stopping
VALIDATION_RESULT {"best_epoch": 5, "best_mae": 0.4003493306775186, "best_mse": 0.3647931686167644, "epochs_ran": 11, "metric_version": "element_weighted_v1", "train_duration_seconds": 90.41635307157412, "train_peak_cuda_memory_bytes": 330979840}
>>>>>>>test skipped (validation-only run)<<<<<<<<<<<<<<<<<<<<<<<<
>>>>>>>evaluating validation checkpoint : long_term_forecast_trps_phase_c_timerole_ettm1_p96_s2022_r4_TimeRole_ETTm1_ftM_sl336_ll48_pl96_dm64_nh8_el1_dl1_df128_expand2_dc2_fc1_ebtimeF_dtTrue_trps_phase_c_timerole_ettm1_p96_s2022_r4_0<<<<<<<<<<<<<<<<<<<<<<<<<<<<<<<<<
val 11425
EVALUATION_RESULT {"batches": 358, "elapsed_seconds": 1.1395778488367796, "elements": 7677600, "gate_abs_mean": 0.19487491250038147, "gate_max": -0.1315496414899826, "gate_mean": -0.19487491250038147, "gate_min": -0.24873343110084534, "gate_values": [-0.23320640623569489, -0.16835163533687592, -0.23165613412857056, -0.1690584123134613, -0.24873343110084534, -0.1315496414899826, -0.18156863749027252], "mae": 0.4003493306775186, "memory_correction_mae": 0.20368243288618706, "memory_correction_rms": 0.3121482037886125, "metric_version": "element_weighted_v1", "milliseconds_per_batch": 3.1831783487060883, "mse": 0.3647931686167644, "parameter_count": 691143, "peak_cuda_memory_bytes": 134536192, "split": "val", "test_accessed": false, "timerole_intervention": "intact"}
