Using GPU
Args in experiment:
[1mBasic Config[0m
  Task Name:          long_term_forecast  Is Training:        1                   
  Model ID:           trps_phase_c_recent_ettm1_p96_s2023_r4Model:              GraphMambaRecent    

[1mData Loader[0m
  Data:               ETTm1               Root Path:          /home/cwh/Time-Series-Library/dataset/ETT-small
  Data Path:          ETTm1.csv           Features:           M                   
  Target:             OT                  Freq:               t                   
  Checkpoints:        /home/cwh/Time-Series-Library/logs/timerole_recent_simplification/checkpoints

[1mForecasting Task[0m
  Seq Len:            336                 Label Len:          48                  
  Pred Len:           96                  Seasonal Patterns:  Monthly             
  Inverse:            0                   

[1mModel Parameters[0m
  Top k:              5                   Num Kernels:        6                   
  Enc In:             7                   Dec In:             7                   
  C Out:              7                   d model:            64                  
  n heads:            8                   e layers:           1                   
  d layers:           1                   d FF:               128                 
  Moving Avg:         25                  Factor:             1                   
  Distil:             1                   Dropout:            0.1                 
  Embed:              timeF               Activation:         gelu                

[1mRun Parameters[0m
  Num Workers:        0                   Itr:                1                   
  Train Epochs:       100                 Batch Size:         32                  
  Patience:           6                   Learning Rate:      0.0005              
  Des:                trps_phase_c_recent_ettm1_p96_s2023_r4Loss:               MSE                 
  Lradj:              type1               Use Amp:            0                   

[1mGPU[0m
  Use GPU:            1                   GPU:                0                   
  Use Multi GPU:      0                   Devices:            0,1,2,3             

[1mDe-stationary Projector Params[0m
  P Hidden Dims:      128, 128            P Hidden Layers:    2                   

Use GPU: cuda:0
🚀 Lazy Loading: GraphMambaRecent ...
>>>>>>>start training : long_term_forecast_trps_phase_c_recent_ettm1_p96_s2023_r4_GraphMambaRecent_ETTm1_ftM_sl336_ll48_pl96_dm64_nh8_el1_dl1_df128_expand2_dc2_fc1_ebtimeF_dtTrue_trps_phase_c_recent_ettm1_p96_s2023_r4_0>>>>>>>>>>>>>>>>>>>>>>>>>>
train 34129
val 11425
	iters: 100, epoch: 1 | loss: 0.4336093
	speed: 0.0077s/iter; left time: 826.0353s
	iters: 200, epoch: 1 | loss: 0.3995893
	speed: 0.0059s/iter; left time: 629.3766s
	iters: 300, epoch: 1 | loss: 0.2741747
	speed: 0.0059s/iter; left time: 623.1623s
	iters: 400, epoch: 1 | loss: 0.3376254
	speed: 0.0059s/iter; left time: 629.1278s
	iters: 500, epoch: 1 | loss: 0.2856320
	speed: 0.0058s/iter; left time: 617.5652s
	iters: 600, epoch: 1 | loss: 0.2657858
	speed: 0.0061s/iter; left time: 646.0620s
	iters: 700, epoch: 1 | loss: 0.3513014
	speed: 0.0058s/iter; left time: 618.4341s
	iters: 800, epoch: 1 | loss: 0.2806083
	speed: 0.0060s/iter; left time: 635.3473s
	iters: 900, epoch: 1 | loss: 0.2914583
	speed: 0.0061s/iter; left time: 645.5333s
	iters: 1000, epoch: 1 | loss: 0.2959606
	speed: 0.0063s/iter; left time: 661.4216s
Epoch: 1 cost time: 6.549813508987427
Epoch: 1, Steps: 1067 | Train Loss: 0.3273804 Vali Loss: 0.4109257
Validation loss decreased (inf --> 0.410926).  Saving model ...
Updating learning rate to 0.0005
	iters: 100, epoch: 2 | loss: 0.2974521
	speed: 0.0195s/iter; left time: 2054.3449s
	iters: 200, epoch: 2 | loss: 0.2477243
	speed: 0.0062s/iter; left time: 651.1787s
	iters: 300, epoch: 2 | loss: 0.2761766
	speed: 0.0061s/iter; left time: 646.2466s
	iters: 400, epoch: 2 | loss: 0.3431473
	speed: 0.0062s/iter; left time: 654.3773s
	iters: 500, epoch: 2 | loss: 0.2888706
	speed: 0.0063s/iter; left time: 659.8031s
	iters: 600, epoch: 2 | loss: 0.2114244
	speed: 0.0061s/iter; left time: 645.7618s
	iters: 700, epoch: 2 | loss: 0.2995215
	speed: 0.0061s/iter; left time: 637.6082s
	iters: 800, epoch: 2 | loss: 0.2338621
	speed: 0.0062s/iter; left time: 647.5375s
	iters: 900, epoch: 2 | loss: 0.2887741
	speed: 0.0062s/iter; left time: 644.5566s
	iters: 1000, epoch: 2 | loss: 0.2702360
	speed: 0.0061s/iter; left time: 633.9455s
Epoch: 2 cost time: 6.545452117919922
Epoch: 2, Steps: 1067 | Train Loss: 0.2757920 Vali Loss: 0.4111501
EarlyStopping counter: 1 out of 6
Updating learning rate to 0.00025
	iters: 100, epoch: 3 | loss: 0.2275703
	speed: 0.0197s/iter; left time: 2060.8682s
	iters: 200, epoch: 3 | loss: 0.2163045
	speed: 0.0062s/iter; left time: 644.8288s
	iters: 300, epoch: 3 | loss: 0.3263308
	speed: 0.0064s/iter; left time: 662.5315s
	iters: 400, epoch: 3 | loss: 0.2386203
	speed: 0.0060s/iter; left time: 627.2458s
	iters: 500, epoch: 3 | loss: 0.2617707
	speed: 0.0061s/iter; left time: 630.4403s
	iters: 600, epoch: 3 | loss: 0.1788335
	speed: 0.0062s/iter; left time: 643.4724s
	iters: 700, epoch: 3 | loss: 0.2754472
	speed: 0.0062s/iter; left time: 646.0904s
	iters: 800, epoch: 3 | loss: 0.2665378
	speed: 0.0061s/iter; left time: 634.4811s
	iters: 900, epoch: 3 | loss: 0.2134659
	speed: 0.0061s/iter; left time: 634.3560s
	iters: 1000, epoch: 3 | loss: 0.2773912
	speed: 0.0062s/iter; left time: 646.4354s
Epoch: 3 cost time: 6.58967399597168
Epoch: 3, Steps: 1067 | Train Loss: 0.2593778 Vali Loss: 0.4045345
Validation loss decreased (0.410926 --> 0.404535).  Saving model ...
Updating learning rate to 0.000125
	iters: 100, epoch: 4 | loss: 0.2649220
	speed: 0.0196s/iter; left time: 2030.8963s
	iters: 200, epoch: 4 | loss: 0.2484023
	speed: 0.0058s/iter; left time: 601.7424s
	iters: 300, epoch: 4 | loss: 0.2445133
	speed: 0.0060s/iter; left time: 623.5060s
	iters: 400, epoch: 4 | loss: 0.2208845
	speed: 0.0064s/iter; left time: 656.0207s
	iters: 500, epoch: 4 | loss: 0.2988410
	speed: 0.0065s/iter; left time: 670.2096s
	iters: 600, epoch: 4 | loss: 0.2445566
	speed: 0.0063s/iter; left time: 648.2556s
	iters: 700, epoch: 4 | loss: 0.2360229
	speed: 0.0063s/iter; left time: 647.1401s
	iters: 800, epoch: 4 | loss: 0.3365311
	speed: 0.0063s/iter; left time: 646.0082s
	iters: 900, epoch: 4 | loss: 0.2172571
	speed: 0.0058s/iter; left time: 592.4669s
	iters: 1000, epoch: 4 | loss: 0.2965747
	speed: 0.0059s/iter; left time: 607.7629s
Epoch: 4 cost time: 6.563059329986572
Epoch: 4, Steps: 1067 | Train Loss: 0.2529371 Vali Loss: 0.4048596
EarlyStopping counter: 1 out of 6
Updating learning rate to 6.25e-05
	iters: 100, epoch: 5 | loss: 0.2553645
	speed: 0.0200s/iter; left time: 2051.2737s
	iters: 200, epoch: 5 | loss: 0.2193858
	speed: 0.0061s/iter; left time: 620.6675s
	iters: 300, epoch: 5 | loss: 0.2547906
	speed: 0.0063s/iter; left time: 639.6257s
	iters: 400, epoch: 5 | loss: 0.2931796
	speed: 0.0058s/iter; left time: 594.0024s
	iters: 500, epoch: 5 | loss: 0.2438571
	speed: 0.0060s/iter; left time: 612.9200s
	iters: 600, epoch: 5 | loss: 0.2637856
	speed: 0.0064s/iter; left time: 648.1344s
	iters: 700, epoch: 5 | loss: 0.2286543
	speed: 0.0060s/iter; left time: 607.7262s
	iters: 800, epoch: 5 | loss: 0.2059938
	speed: 0.0060s/iter; left time: 607.0193s
	iters: 900, epoch: 5 | loss: 0.2204656
	speed: 0.0058s/iter; left time: 588.4290s
	iters: 1000, epoch: 5 | loss: 0.1894567
	speed: 0.0061s/iter; left time: 616.2452s
Epoch: 5 cost time: 6.45392918586731
Epoch: 5, Steps: 1067 | Train Loss: 0.2496329 Vali Loss: 0.4026077
Validation loss decreased (0.404535 --> 0.402608).  Saving model ...
Updating learning rate to 3.125e-05
	iters: 100, epoch: 6 | loss: 0.2694640
	speed: 0.0192s/iter; left time: 1945.2479s
	iters: 200, epoch: 6 | loss: 0.2344663
	speed: 0.0060s/iter; left time: 603.1343s
	iters: 300, epoch: 6 | loss: 0.2325561
	speed: 0.0060s/iter; left time: 606.0918s
	iters: 400, epoch: 6 | loss: 0.1726159
	speed: 0.0059s/iter; left time: 597.8502s
	iters: 500, epoch: 6 | loss: 0.2454157
	speed: 0.0060s/iter; left time: 601.1084s
	iters: 600, epoch: 6 | loss: 0.3450785
	speed: 0.0061s/iter; left time: 614.5807s
	iters: 700, epoch: 6 | loss: 0.2927700
	speed: 0.0059s/iter; left time: 593.9032s
	iters: 800, epoch: 6 | loss: 0.2106123
	speed: 0.0061s/iter; left time: 615.7723s
	iters: 900, epoch: 6 | loss: 0.2693907
	speed: 0.0061s/iter; left time: 609.6460s
	iters: 1000, epoch: 6 | loss: 0.2656784
	speed: 0.0061s/iter; left time: 612.0949s
Epoch: 6 cost time: 6.416954040527344
Epoch: 6, Steps: 1067 | Train Loss: 0.2475853 Vali Loss: 0.4027888
EarlyStopping counter: 1 out of 6
Updating learning rate to 1.5625e-05
	iters: 100, epoch: 7 | loss: 0.2028128
	speed: 0.0199s/iter; left time: 1991.3158s
	iters: 200, epoch: 7 | loss: 0.2656730
	speed: 0.0059s/iter; left time: 595.2488s
	iters: 300, epoch: 7 | loss: 0.2087248
	speed: 0.0062s/iter; left time: 620.9018s
	iters: 400, epoch: 7 | loss: 0.2761017
	speed: 0.0059s/iter; left time: 592.8038s
	iters: 500, epoch: 7 | loss: 0.2393231
	speed: 0.0059s/iter; left time: 583.8335s
	iters: 600, epoch: 7 | loss: 0.2714298
	speed: 0.0059s/iter; left time: 586.8311s
	iters: 700, epoch: 7 | loss: 0.2405542
	speed: 0.0061s/iter; left time: 602.7988s
	iters: 800, epoch: 7 | loss: 0.2190555
	speed: 0.0061s/iter; left time: 606.6307s
	iters: 900, epoch: 7 | loss: 0.3062097
	speed: 0.0058s/iter; left time: 579.4371s
	iters: 1000, epoch: 7 | loss: 0.2282291
	speed: 0.0059s/iter; left time: 583.0742s
Epoch: 7 cost time: 6.3601179122924805
Epoch: 7, Steps: 1067 | Train Loss: 0.2465664 Vali Loss: 0.3986475
Validation loss decreased (0.402608 --> 0.398648).  Saving model ...
Updating learning rate to 7.8125e-06
	iters: 100, epoch: 8 | loss: 0.2234735
	speed: 0.0195s/iter; left time: 1928.1351s
	iters: 200, epoch: 8 | loss: 0.2206741
	speed: 0.0062s/iter; left time: 615.2681s
	iters: 300, epoch: 8 | loss: 0.2160740
	speed: 0.0059s/iter; left time: 582.0514s
	iters: 400, epoch: 8 | loss: 0.2545678
	speed: 0.0059s/iter; left time: 586.4995s
	iters: 500, epoch: 8 | loss: 0.2709617
	speed: 0.0056s/iter; left time: 556.5595s
	iters: 600, epoch: 8 | loss: 0.2666175
	speed: 0.0060s/iter; left time: 596.5621s
	iters: 700, epoch: 8 | loss: 0.2430581
	speed: 0.0059s/iter; left time: 582.4567s
	iters: 800, epoch: 8 | loss: 0.2710959
	speed: 0.0059s/iter; left time: 584.7643s
	iters: 900, epoch: 8 | loss: 0.2188419
	speed: 0.0059s/iter; left time: 579.1265s
	iters: 1000, epoch: 8 | loss: 0.2321318
	speed: 0.0059s/iter; left time: 579.6975s
Epoch: 8 cost time: 6.293242692947388
Epoch: 8, Steps: 1067 | Train Loss: 0.2460047 Vali Loss: 0.4014262
EarlyStopping counter: 1 out of 6
Updating learning rate to 3.90625e-06
	iters: 100, epoch: 9 | loss: 0.2804678
	speed: 0.0190s/iter; left time: 1864.4228s
	iters: 200, epoch: 9 | loss: 0.2628437
	speed: 0.0058s/iter; left time: 565.1813s
	iters: 300, epoch: 9 | loss: 0.2441518
	speed: 0.0059s/iter; left time: 578.6702s
	iters: 400, epoch: 9 | loss: 0.2233557
	speed: 0.0059s/iter; left time: 579.6375s
	iters: 500, epoch: 9 | loss: 0.2272603
	speed: 0.0059s/iter; left time: 576.7066s
	iters: 600, epoch: 9 | loss: 0.2357069
	speed: 0.0061s/iter; left time: 592.8203s
	iters: 700, epoch: 9 | loss: 0.2207929
	speed: 0.0056s/iter; left time: 549.0730s
	iters: 800, epoch: 9 | loss: 0.2191019
	speed: 0.0059s/iter; left time: 575.1556s
	iters: 900, epoch: 9 | loss: 0.3332376
	speed: 0.0057s/iter; left time: 553.6897s
	iters: 1000, epoch: 9 | loss: 0.1973151
	speed: 0.0061s/iter; left time: 588.3280s
Epoch: 9 cost time: 6.272196054458618
Epoch: 9, Steps: 1067 | Train Loss: 0.2456633 Vali Loss: 0.4000036
EarlyStopping counter: 2 out of 6
Updating learning rate to 1.953125e-06
	iters: 100, epoch: 10 | loss: 0.2224201
	speed: 0.0192s/iter; left time: 1861.7516s
	iters: 200, epoch: 10 | loss: 0.2912819
	speed: 0.0058s/iter; left time: 563.8103s
	iters: 300, epoch: 10 | loss: 0.1785584
	speed: 0.0059s/iter; left time: 573.1388s
	iters: 400, epoch: 10 | loss: 0.2699161
	speed: 0.0059s/iter; left time: 571.8786s
	iters: 500, epoch: 10 | loss: 0.2426315
	speed: 0.0061s/iter; left time: 591.6272s
	iters: 600, epoch: 10 | loss: 0.2153412
	speed: 0.0058s/iter; left time: 558.2417s
	iters: 700, epoch: 10 | loss: 0.2286692
	speed: 0.0064s/iter; left time: 614.9574s
	iters: 800, epoch: 10 | loss: 0.2245974
	speed: 0.0059s/iter; left time: 569.1575s
	iters: 900, epoch: 10 | loss: 0.3090475
	speed: 0.0059s/iter; left time: 569.3316s
	iters: 1000, epoch: 10 | loss: 0.2210580
	speed: 0.0059s/iter; left time: 571.5203s
Epoch: 10 cost time: 6.346599102020264
Epoch: 10, Steps: 1067 | Train Loss: 0.2455930 Vali Loss: 0.4003367
EarlyStopping counter: 3 out of 6
Updating learning rate to 9.765625e-07
	iters: 100, epoch: 11 | loss: 0.2897660
	speed: 0.0190s/iter; left time: 1821.2649s
	iters: 200, epoch: 11 | loss: 0.2043301
	speed: 0.0057s/iter; left time: 542.0856s
	iters: 300, epoch: 11 | loss: 0.1998318
	speed: 0.0060s/iter; left time: 572.0353s
	iters: 400, epoch: 11 | loss: 0.2078773
	speed: 0.0058s/iter; left time: 557.2861s
	iters: 500, epoch: 11 | loss: 0.2626006
	speed: 0.0057s/iter; left time: 547.6224s
	iters: 600, epoch: 11 | loss: 0.2603844
	speed: 0.0060s/iter; left time: 570.8631s
	iters: 700, epoch: 11 | loss: 0.2121118
	speed: 0.0059s/iter; left time: 557.8975s
	iters: 800, epoch: 11 | loss: 0.2529219
	speed: 0.0059s/iter; left time: 563.0680s
	iters: 900, epoch: 11 | loss: 0.2667243
	speed: 0.0058s/iter; left time: 547.7388s
	iters: 1000, epoch: 11 | loss: 0.2427681
	speed: 0.0061s/iter; left time: 578.3284s
Epoch: 11 cost time: 6.2851948738098145
Epoch: 11, Steps: 1067 | Train Loss: 0.2454928 Vali Loss: 0.4003569
EarlyStopping counter: 4 out of 6
Updating learning rate to 4.8828125e-07
	iters: 100, epoch: 12 | loss: 0.2421449
	speed: 0.0195s/iter; left time: 1850.5270s
	iters: 200, epoch: 12 | loss: 0.3023155
	speed: 0.0059s/iter; left time: 559.0736s
	iters: 300, epoch: 12 | loss: 0.2201576
	speed: 0.0059s/iter; left time: 557.0744s
	iters: 400, epoch: 12 | loss: 0.2873749
	speed: 0.0060s/iter; left time: 563.9574s
	iters: 500, epoch: 12 | loss: 0.2742894
	speed: 0.0060s/iter; left time: 566.9112s
	iters: 600, epoch: 12 | loss: 0.2713791
	speed: 0.0059s/iter; left time: 556.6386s
	iters: 700, epoch: 12 | loss: 0.2979492
	speed: 0.0059s/iter; left time: 558.5398s
	iters: 800, epoch: 12 | loss: 0.2217389
	speed: 0.0058s/iter; left time: 550.3119s
	iters: 900, epoch: 12 | loss: 0.2185905
	speed: 0.0059s/iter; left time: 555.7997s
	iters: 1000, epoch: 12 | loss: 0.2639543
	speed: 0.0060s/iter; left time: 564.3590s
Epoch: 12 cost time: 6.311433553695679
Epoch: 12, Steps: 1067 | Train Loss: 0.2454466 Vali Loss: 0.4003700
EarlyStopping counter: 5 out of 6
Updating learning rate to 2.44140625e-07
	iters: 100, epoch: 13 | loss: 0.2289781
	speed: 0.0195s/iter; left time: 1833.0684s
	iters: 200, epoch: 13 | loss: 0.2244837
	speed: 0.0061s/iter; left time: 566.8812s
	iters: 300, epoch: 13 | loss: 0.2373196
	speed: 0.0058s/iter; left time: 544.4253s
	iters: 400, epoch: 13 | loss: 0.2340410
	speed: 0.0057s/iter; left time: 537.4105s
	iters: 500, epoch: 13 | loss: 0.1999893
	speed: 0.0059s/iter; left time: 553.1084s
	iters: 600, epoch: 13 | loss: 0.2400716
	speed: 0.0059s/iter; left time: 546.2675s
	iters: 700, epoch: 13 | loss: 0.2399100
	speed: 0.0060s/iter; left time: 560.2502s
	iters: 800, epoch: 13 | loss: 0.2274910
	speed: 0.0061s/iter; left time: 568.1440s
	iters: 900, epoch: 13 | loss: 0.2789899
	speed: 0.0058s/iter; left time: 541.4190s
	iters: 1000, epoch: 13 | loss: 0.2396557
	speed: 0.0058s/iter; left time: 535.4236s
Epoch: 13 cost time: 6.317309617996216
Epoch: 13, Steps: 1067 | Train Loss: 0.2453432 Vali Loss: 0.4004079
EarlyStopping counter: 6 out of 6
Early stopping
VALIDATION_RESULT {"best_epoch": 7, "best_mae": 0.41909389942427955, "best_mse": 0.3986475260083571, "epochs_ran": 13, "metric_version": "element_weighted_v1", "train_duration_seconds": 96.79103817930445, "train_peak_cuda_memory_bytes": 330895360}
>>>>>>>test skipped (validation-only run)<<<<<<<<<<<<<<<<<<<<<<<<
>>>>>>>evaluating validation checkpoint : long_term_forecast_trps_phase_c_recent_ettm1_p96_s2023_r4_GraphMambaRecent_ETTm1_ftM_sl336_ll48_pl96_dm64_nh8_el1_dl1_df128_expand2_dc2_fc1_ebtimeF_dtTrue_trps_phase_c_recent_ettm1_p96_s2023_r4_0<<<<<<<<<<<<<<<<<<<<<<<<<<<<<<<<<
val 11425
EVALUATION_RESULT {"batches": 358, "elapsed_seconds": 0.9761786651797593, "elements": 7677600, "mae": 0.41909389942427955, "metric_version": "element_weighted_v1", "milliseconds_per_batch": 2.7267560479881543, "mse": 0.3986475260083571, "parameter_count": 684512, "peak_cuda_memory_bytes": 134395904, "split": "val", "test_accessed": false, "timerole_intervention": "intact"}
