COMMAND /home/cwh/Time-Series-Library/.venv/bin/python -u /home/cwh/Time-Series-Library/external/timerole_p0/Attraos/run.py --task_name long_term_forecast --is_training 1 --model_id p0_attraos_ettm1_h96_s2021 --model Attraos --seed 2021 --data ETTm1 --root_path /home/cwh/Time-Series-Library/dataset/ETT-small --data_path ETTm1.csv --features M --target OT --freq t --seq_len 336 --label_len 48 --pred_len 96 --enc_in 7 --dec_in 7 --c_out 7 --patch_len 16 --stride 16 --e_layers 1 --batch_size 32 --learning_rate 0.0001 --train_epochs 2 --patience 2 --num_workers 0 --gpu 0 --checkpoints /home/cwh/Time-Series-Library/logs/timerole_p0/closest/attraos_pilot/checkpoints --des p0_attraos_ettm1_h96_s2021 --itr 1 --test_after_train 0 --evaluation_split val --FFT_evolve True --multi_res True
True
Args in experiment:
[1mBasic Config[0m
  Task Name:          long_term_forecast  Is Training:        1                   
  Model ID:           p0_attraos_ettm1_h96_s2021Model:              Attraos             

[1mData Loader[0m
  Data:               ETTm1               Root Path:          /home/cwh/Time-Series-Library/dataset/ETT-small
  Data Path:          ETTm1.csv           Features:           M                   
  Target:             OT                  Freq:               t                   
  Checkpoints:        /home/cwh/Time-Series-Library/logs/timerole_p0/closest/attraos_pilot/checkpoints

[1mForecasting Task[0m
  Seq Len:            336                 Label Len:          48                  
  Pred Len:           96                  Seasonal Patterns:  Monthly             
  Inverse:            0                   

[1mModel Parameters[0m
  Top k:              5                   Num Kernels:        6                   
  Enc In:             7                   Dec In:             7                   
  C Out:              7                   d model:            512                 
  n heads:            8                   e layers:           1                   
  d layers:           1                   d FF:               2048                
  Moving Avg:         25                  Factor:             1                   
  Distil:             1                   Dropout:            0.1                 
  Embed:              timeF               Activation:         gelu                
  Output Attention:   0                   

[1mRun Parameters[0m
  Num Workers:        0                   Itr:                1                   
  Train Epochs:       2                   Batch Size:         32                  
  Patience:           2                   Learning Rate:      0.0001              
  Des:                p0_attraos_ettm1_h96_s2021Loss:               MSE                 
  Lradj:              type1               Use Amp:            0                   

[1mGPU[0m
  Use GPU:            1                   GPU:                0                   
  Use Multi GPU:      0                   Devices:            0,1,2,3             

[1mDe-stationary Projector Params[0m
  P Hidden Dims:      128, 128            P Hidden Layers:    2                   

Use GPU: cuda:0
>>>>>>>start training : long_term_forecast_p0_attraos_ettm1_h96_s2021_Attraos_ETTm1_ftM_sl336_ll48_pl96_dm512_nh8_el1_dl1_df2048_fc1_ebtimeF_dtTrue_p0_attraos_ettm1_h96_s2021_0>>>>>>>>>>>>>>>>>>>>>>>>>>
train 34129
val 11425
Parameters: 0.192864
	iters: 200, epoch: 1 | loss: 0.3171784
	speed: 0.0281s/iter; left time: 54.3872s
	iters: 400, epoch: 1 | loss: 0.2671542
	speed: 0.0231s/iter; left time: 39.9990s
	iters: 600, epoch: 1 | loss: 0.2870812
	speed: 0.0230s/iter; left time: 35.3561s
	iters: 800, epoch: 1 | loss: 0.3003795
	speed: 0.0231s/iter; left time: 30.8127s
	iters: 1000, epoch: 1 | loss: 0.2346412
	speed: 0.0230s/iter; left time: 26.1328s
Epoch: 1 cost time: 25.0802059173584
Epoch: 1, Steps: 1067 | Train Loss: 0.3135308 Vali Loss: 0.4081349
Validation loss decreased (inf --> 0.408135).  Saving model ...
Parameters: 0.192864
	iters: 200, epoch: 2 | loss: 0.3199332
	speed: 0.0433s/iter; left time: 37.5907s
	iters: 400, epoch: 2 | loss: 0.2752906
	speed: 0.0230s/iter; left time: 15.3940s
	iters: 600, epoch: 2 | loss: 0.3133780
	speed: 0.0230s/iter; left time: 10.7569s
	iters: 800, epoch: 2 | loss: 0.2893410
	speed: 0.0231s/iter; left time: 6.1907s
	iters: 1000, epoch: 2 | loss: 0.2690746
	speed: 0.0231s/iter; left time: 1.5690s
Epoch: 2 cost time: 24.586143016815186
Epoch: 2, Steps: 1067 | Train Loss: 0.2679259 Vali Loss: 0.3912022
Validation loss decreased (0.408135 --> 0.391202).  Saving model ...
>>>>>>>validation-only evaluation : long_term_forecast_p0_attraos_ettm1_h96_s2021_Attraos_ETTm1_ftM_sl336_ll48_pl96_dm512_nh8_el1_dl1_df2048_fc1_ebtimeF_dtTrue_p0_attraos_ettm1_h96_s2021_0<<<<<<<<<<<<<<<<<<<<<<<<<<<<<<<<<
val 11425
EVALUATION_RESULT {"batches": 358, "elements": 7677600, "mae": 0.4178189946323978, "metric_version": "element_weighted_v1", "mse": 0.39120220423018026, "parameter_count": 192864, "split": "val", "test_accessed": false}
PILOT_RESULT {"batches": 358, "command": ["/home/cwh/Time-Series-Library/.venv/bin/python", "-u", "/home/cwh/Time-Series-Library/external/timerole_p0/Attraos/run.py", "--task_name", "long_term_forecast", "--is_training", "1", "--model_id", "p0_attraos_ettm1_h96_s2021", "--model", "Attraos", "--seed", "2021", "--data", "ETTm1", "--root_path", "/home/cwh/Time-Series-Library/dataset/ETT-small", "--data_path", "ETTm1.csv", "--features", "M", "--target", "OT", "--freq", "t", "--seq_len", "336", "--label_len", "48", "--pred_len", "96", "--enc_in", "7", "--dec_in", "7", "--c_out", "7", "--patch_len", "16", "--stride", "16", "--e_layers", "1", "--batch_size", "32", "--learning_rate", "0.0001", "--train_epochs", "2", "--patience", "2", "--num_workers", "0", "--gpu", "0", "--checkpoints", "/home/cwh/Time-Series-Library/logs/timerole_p0/closest/attraos_pilot/checkpoints", "--des", "p0_attraos_ettm1_h96_s2021", "--itr", "1", "--test_after_train", "0", "--evaluation_split", "val", "--FFT_evolve", "True", "--multi_res", "True"], "dataset": "ETTm1", "duration_seconds": 61.32, "elements": 7677600, "horizon": 96, "log_path": "/home/cwh/Time-Series-Library/logs/timerole_p0/closest/attraos_pilot/attraos_ettm1_h96_s2021.log", "mae": 0.4178189946323978, "metric_version": "element_weighted_v1", "model": "Attraos", "mse": 0.39120220423018026, "official_commit": "b2c7307269a844d6ae2608a0180c22d4a8b711f4", "parameter_count": 192864, "recorded_at": "2026-08-24T01:07:34.095822+08:00", "return_code": 0, "seed": 2021, "seq_len": 336, "split": "val", "stage": "compatibility_pilot", "status": "completed", "test_accessed": false}
