Using GPU
Args in experiment:
[1mBasic Config[0m
  Task Name:          long_term_forecast  Is Training:        1                   
  Model ID:           ETTh2_96_336_etth2_p336_s2022_baseline_frozenModel:              GraphMamba          

[1mData Loader[0m
  Data:               ETTh2               Root Path:          /home/cwh/Time-Series-Library/dataset/ETT-small
  Data Path:          ETTh2.csv           Features:           M                   
  Target:             OT                  Freq:               h                   
  Checkpoints:        ./checkpoints/      

[1mForecasting Task[0m
  Seq Len:            96                  Label Len:          48                  
  Pred Len:           336                 Seasonal Patterns:  Monthly             
  Inverse:            0                   

[1mModel Parameters[0m
  Top k:              5                   Num Kernels:        6                   
  Enc In:             7                   Dec In:             7                   
  C Out:              7                   d model:            64                  
  n heads:            8                   e layers:           1                   
  d layers:           1                   d FF:               128                 
  Moving Avg:         25                  Factor:             1                   
  Distil:             1                   Dropout:            0.1                 
  Embed:              timeF               Activation:         gelu                

[1mRun Parameters[0m
  Num Workers:        0                   Itr:                1                   
  Train Epochs:       100                 Batch Size:         32                  
  Patience:           6                   Learning Rate:      0.0005              
  Des:                etth2_p336_s2022_baseline_frozenLoss:               MSE                 
  Lradj:              type1               Use Amp:            0                   

[1mGPU[0m
  Use GPU:            1                   GPU:                0                   
  Use Multi GPU:      0                   Devices:            0,1,2,3             

[1mDe-stationary Projector Params[0m
  P Hidden Dims:      128, 128            P Hidden Layers:    2                   

Use GPU: cuda:0
🚀 Lazy Loading: GraphMamba ...
[GraphMamba] Building 7x7 static graph from 2000 training samples
>>>>>>>start training : long_term_forecast_ETTh2_96_336_etth2_p336_s2022_baseline_frozen_GraphMamba_ETTh2_ftM_sl96_ll48_pl336_dm64_nh8_el1_dl1_df128_expand2_dc2_fc1_ebtimeF_dtTrue_etth2_p336_s2022_baseline_frozen_0_patch4_st2_ds32_mv1_bi1_ga0.5_gk2>>>>>>>>>>>>>>>>>>>>>>>>>>
train 8209
val 2545
	iters: 100, epoch: 1 | loss: 0.8617573
	speed: 0.0112s/iter; left time: 286.1438s
	iters: 200, epoch: 1 | loss: 0.5474255
	speed: 0.0091s/iter; left time: 232.5021s
Epoch: 1 cost time: 2.547578811645508
Epoch: 1, Steps: 257 | Train Loss: 0.7450174 Vali Loss: 0.3600666
Validation loss decreased (inf --> 0.360067).  Saving model ...
Updating learning rate to 0.0005
	iters: 100, epoch: 2 | loss: 0.3851475
	speed: 0.0174s/iter; left time: 439.8675s
	iters: 200, epoch: 2 | loss: 0.9935241
	speed: 0.0090s/iter; left time: 226.3720s
Epoch: 2 cost time: 2.3188693523406982
Epoch: 2, Steps: 257 | Train Loss: 0.6481943 Vali Loss: 0.3620788
EarlyStopping counter: 1 out of 6
Updating learning rate to 0.00025
	iters: 100, epoch: 3 | loss: 1.1245184
	speed: 0.0175s/iter; left time: 439.0310s
	iters: 200, epoch: 3 | loss: 1.0303110
	speed: 0.0092s/iter; left time: 228.8913s
Epoch: 3 cost time: 2.361992359161377
Epoch: 3, Steps: 257 | Train Loss: 0.6278688 Vali Loss: 0.3849683
EarlyStopping counter: 2 out of 6
Updating learning rate to 0.000125
	iters: 100, epoch: 4 | loss: 0.9890431
	speed: 0.0174s/iter; left time: 432.7047s
	iters: 200, epoch: 4 | loss: 0.7132437
	speed: 0.0091s/iter; left time: 225.2544s
Epoch: 4 cost time: 2.3606019020080566
Epoch: 4, Steps: 257 | Train Loss: 0.6184603 Vali Loss: 0.3717271
EarlyStopping counter: 3 out of 6
Updating learning rate to 6.25e-05
	iters: 100, epoch: 5 | loss: 0.6386148
	speed: 0.0174s/iter; left time: 428.6460s
	iters: 200, epoch: 5 | loss: 0.7233984
	speed: 0.0091s/iter; left time: 223.0492s
Epoch: 5 cost time: 2.348761558532715
Epoch: 5, Steps: 257 | Train Loss: 0.6115567 Vali Loss: 0.3717948
EarlyStopping counter: 4 out of 6
Updating learning rate to 3.125e-05
	iters: 100, epoch: 6 | loss: 0.7362764
	speed: 0.0172s/iter; left time: 418.2870s
	iters: 200, epoch: 6 | loss: 0.6807094
	speed: 0.0089s/iter; left time: 216.3897s
Epoch: 6 cost time: 2.3074073791503906
Epoch: 6, Steps: 257 | Train Loss: 0.6064836 Vali Loss: 0.3722477
EarlyStopping counter: 5 out of 6
Updating learning rate to 1.5625e-05
	iters: 100, epoch: 7 | loss: 0.4254360
	speed: 0.0171s/iter; left time: 410.7146s
	iters: 200, epoch: 7 | loss: 0.7570251
	speed: 0.0093s/iter; left time: 222.2955s
Epoch: 7 cost time: 2.3426225185394287
Epoch: 7, Steps: 257 | Train Loss: 0.6052592 Vali Loss: 0.3738602
EarlyStopping counter: 6 out of 6
Early stopping
VALIDATION_RESULT {"best_epoch": 1, "best_mae": 0.4034522309238344, "best_mse": 0.3600666391042235, "epochs_ran": 7, "metric_version": "element_weighted_v1"}
>>>>>>>testing : long_term_forecast_ETTh2_96_336_etth2_p336_s2022_baseline_frozen_GraphMamba_ETTh2_ftM_sl96_ll48_pl336_dm64_nh8_el1_dl1_df128_expand2_dc2_fc1_ebtimeF_dtTrue_etth2_p336_s2022_baseline_frozen_0_patch4_st2_ds32_mv1_bi1_ga0.5_gk2<<<<<<<<<<<<<<<<<<<<<<<<<<<<<<<<<
test 2545
test shape: (2545, 336, 7) (2545, 336, 7)
test shape: (2545, 336, 7) (2545, 336, 7)
mse:0.4212362766265869, mae:0.4297637939453125, dtw:Not calculated
