Using GPU
Args in experiment:
[1mBasic Config[0m
  Task Name:          long_term_forecast  Is Training:        1                   
  Model ID:           ETTh1_96_720_etth1_p720_s2022_baseline_frozenModel:              GraphMamba          

[1mData Loader[0m
  Data:               ETTh1               Root Path:          /home/cwh/Time-Series-Library/dataset/ETT-small
  Data Path:          ETTh1.csv           Features:           M                   
  Target:             OT                  Freq:               h                   
  Checkpoints:        ./checkpoints/      

[1mForecasting Task[0m
  Seq Len:            96                  Label Len:          48                  
  Pred Len:           720                 Seasonal Patterns:  Monthly             
  Inverse:            0                   

[1mModel Parameters[0m
  Top k:              5                   Num Kernels:        6                   
  Enc In:             7                   Dec In:             7                   
  C Out:              7                   d model:            64                  
  n heads:            8                   e layers:           1                   
  d layers:           1                   d FF:               128                 
  Moving Avg:         25                  Factor:             1                   
  Distil:             1                   Dropout:            0.1                 
  Embed:              timeF               Activation:         gelu                

[1mRun Parameters[0m
  Num Workers:        0                   Itr:                1                   
  Train Epochs:       100                 Batch Size:         32                  
  Patience:           6                   Learning Rate:      0.0005              
  Des:                etth1_p720_s2022_baseline_frozenLoss:               MSE                 
  Lradj:              type1               Use Amp:            0                   

[1mGPU[0m
  Use GPU:            1                   GPU:                0                   
  Use Multi GPU:      0                   Devices:            0,1,2,3             

[1mDe-stationary Projector Params[0m
  P Hidden Dims:      128, 128            P Hidden Layers:    2                   

Use GPU: cuda:0
🚀 Lazy Loading: GraphMamba ...
[GraphMamba] Building 7x7 static graph from 2000 training samples
>>>>>>>start training : long_term_forecast_ETTh1_96_720_etth1_p720_s2022_baseline_frozen_GraphMamba_ETTh1_ftM_sl96_ll48_pl720_dm64_nh8_el1_dl1_df128_expand2_dc2_fc1_ebtimeF_dtTrue_etth1_p720_s2022_baseline_frozen_0_patch4_st2_ds32_mv1_bi1_ga0.5_gk2>>>>>>>>>>>>>>>>>>>>>>>>>>
train 7825
val 2161
	iters: 100, epoch: 1 | loss: 0.7422541
	speed: 0.0117s/iter; left time: 285.2185s
	iters: 200, epoch: 1 | loss: 0.5744884
	speed: 0.0093s/iter; left time: 226.4292s
Epoch: 1 cost time: 2.523082971572876
Epoch: 1, Steps: 245 | Train Loss: 0.6659322 Vali Loss: 1.6293848
Validation loss decreased (inf --> 1.629385).  Saving model ...
Updating learning rate to 0.0005
	iters: 100, epoch: 2 | loss: 0.6711075
	speed: 0.0165s/iter; left time: 397.7075s
	iters: 200, epoch: 2 | loss: 0.5553035
	speed: 0.0093s/iter; left time: 223.4038s
Epoch: 2 cost time: 2.27608060836792
Epoch: 2, Steps: 245 | Train Loss: 0.6095015 Vali Loss: 1.5768956
Validation loss decreased (1.629385 --> 1.576896).  Saving model ...
Updating learning rate to 0.00025
	iters: 100, epoch: 3 | loss: 0.6743686
	speed: 0.0163s/iter; left time: 390.1230s
	iters: 200, epoch: 3 | loss: 0.6254550
	speed: 0.0094s/iter; left time: 223.5999s
Epoch: 3 cost time: 2.299809455871582
Epoch: 3, Steps: 245 | Train Loss: 0.5981563 Vali Loss: 1.6034631
EarlyStopping counter: 1 out of 6
Updating learning rate to 0.000125
	iters: 100, epoch: 4 | loss: 0.6158534
	speed: 0.0163s/iter; left time: 386.5090s
	iters: 200, epoch: 4 | loss: 0.6226076
	speed: 0.0095s/iter; left time: 222.9063s
Epoch: 4 cost time: 2.308302879333496
Epoch: 4, Steps: 245 | Train Loss: 0.5892966 Vali Loss: 1.6718504
EarlyStopping counter: 2 out of 6
Updating learning rate to 6.25e-05
	iters: 100, epoch: 5 | loss: 0.6601358
	speed: 0.0164s/iter; left time: 383.5566s
	iters: 200, epoch: 5 | loss: 0.5772914
	speed: 0.0096s/iter; left time: 223.4120s
Epoch: 5 cost time: 2.3281126022338867
Epoch: 5, Steps: 245 | Train Loss: 0.5816987 Vali Loss: 1.6806999
EarlyStopping counter: 3 out of 6
Updating learning rate to 3.125e-05
	iters: 100, epoch: 6 | loss: 0.5584082
	speed: 0.0164s/iter; left time: 380.2883s
	iters: 200, epoch: 6 | loss: 0.6280445
	speed: 0.0095s/iter; left time: 218.2455s
Epoch: 6 cost time: 2.325673818588257
Epoch: 6, Steps: 245 | Train Loss: 0.5764286 Vali Loss: 1.6847648
EarlyStopping counter: 4 out of 6
Updating learning rate to 1.5625e-05
	iters: 100, epoch: 7 | loss: 0.6565179
	speed: 0.0166s/iter; left time: 381.4118s
	iters: 200, epoch: 7 | loss: 0.6182330
	speed: 0.0094s/iter; left time: 214.2723s
Epoch: 7 cost time: 2.31990385055542
Epoch: 7, Steps: 245 | Train Loss: 0.5737085 Vali Loss: 1.6852932
EarlyStopping counter: 5 out of 6
Updating learning rate to 7.8125e-06
	iters: 100, epoch: 8 | loss: 0.5012725
	speed: 0.0162s/iter; left time: 368.4885s
	iters: 200, epoch: 8 | loss: 0.5814279
	speed: 0.0096s/iter; left time: 216.1293s
Epoch: 8 cost time: 2.3259501457214355
Epoch: 8, Steps: 245 | Train Loss: 0.5720704 Vali Loss: 1.7002518
EarlyStopping counter: 6 out of 6
Early stopping
VALIDATION_RESULT {"best_epoch": 2, "best_mae": 0.8490496407040758, "best_mse": 1.57689561137003, "epochs_ran": 8, "metric_version": "element_weighted_v1"}
>>>>>>>testing : long_term_forecast_ETTh1_96_720_etth1_p720_s2022_baseline_frozen_GraphMamba_ETTh1_ftM_sl96_ll48_pl720_dm64_nh8_el1_dl1_df128_expand2_dc2_fc1_ebtimeF_dtTrue_etth1_p720_s2022_baseline_frozen_0_patch4_st2_ds32_mv1_bi1_ga0.5_gk2<<<<<<<<<<<<<<<<<<<<<<<<<<<<<<<<<
test 2161
test shape: (2161, 720, 7) (2161, 720, 7)
test shape: (2161, 720, 7) (2161, 720, 7)
mse:0.48194220662117004, mae:0.4607401192188263, dtw:Not calculated
