Using GPU
Args in experiment:
[1mBasic Config[0m
  Task Name:          long_term_forecast  Is Training:        1                   
  Model ID:           ETTh1_96_336_etth1_p336_s2022_baseline_frozenModel:              GraphMamba          

[1mData Loader[0m
  Data:               ETTh1               Root Path:          /home/cwh/Time-Series-Library/dataset/ETT-small
  Data Path:          ETTh1.csv           Features:           M                   
  Target:             OT                  Freq:               h                   
  Checkpoints:        ./checkpoints/      

[1mForecasting Task[0m
  Seq Len:            96                  Label Len:          48                  
  Pred Len:           336                 Seasonal Patterns:  Monthly             
  Inverse:            0                   

[1mModel Parameters[0m
  Top k:              5                   Num Kernels:        6                   
  Enc In:             7                   Dec In:             7                   
  C Out:              7                   d model:            64                  
  n heads:            8                   e layers:           1                   
  d layers:           1                   d FF:               128                 
  Moving Avg:         25                  Factor:             1                   
  Distil:             1                   Dropout:            0.1                 
  Embed:              timeF               Activation:         gelu                

[1mRun Parameters[0m
  Num Workers:        0                   Itr:                1                   
  Train Epochs:       100                 Batch Size:         32                  
  Patience:           6                   Learning Rate:      0.0005              
  Des:                etth1_p336_s2022_baseline_frozenLoss:               MSE                 
  Lradj:              type1               Use Amp:            0                   

[1mGPU[0m
  Use GPU:            1                   GPU:                0                   
  Use Multi GPU:      0                   Devices:            0,1,2,3             

[1mDe-stationary Projector Params[0m
  P Hidden Dims:      128, 128            P Hidden Layers:    2                   

Use GPU: cuda:0
🚀 Lazy Loading: GraphMamba ...
[GraphMamba] Building 7x7 static graph from 2000 training samples
>>>>>>>start training : long_term_forecast_ETTh1_96_336_etth1_p336_s2022_baseline_frozen_GraphMamba_ETTh1_ftM_sl96_ll48_pl336_dm64_nh8_el1_dl1_df128_expand2_dc2_fc1_ebtimeF_dtTrue_etth1_p336_s2022_baseline_frozen_0_patch4_st2_ds32_mv1_bi1_ga0.5_gk2>>>>>>>>>>>>>>>>>>>>>>>>>>
train 8209
val 2545
	iters: 100, epoch: 1 | loss: 0.5665830
	speed: 0.0114s/iter; left time: 293.0230s
	iters: 200, epoch: 1 | loss: 0.4576253
	speed: 0.0090s/iter; left time: 230.7156s
Epoch: 1 cost time: 2.567080497741699
Epoch: 1, Steps: 257 | Train Loss: 0.5546457 Vali Loss: 1.3014065
Validation loss decreased (inf --> 1.301406).  Saving model ...
Updating learning rate to 0.0005
	iters: 100, epoch: 2 | loss: 0.4928214
	speed: 0.0173s/iter; left time: 439.5831s
	iters: 200, epoch: 2 | loss: 0.5040639
	speed: 0.0091s/iter; left time: 229.1562s
Epoch: 2 cost time: 2.3240087032318115
Epoch: 2, Steps: 257 | Train Loss: 0.4908627 Vali Loss: 1.2946338
Validation loss decreased (1.301406 --> 1.294634).  Saving model ...
Updating learning rate to 0.00025
	iters: 100, epoch: 3 | loss: 0.5109794
	speed: 0.0173s/iter; left time: 434.8241s
	iters: 200, epoch: 3 | loss: 0.4676033
	speed: 0.0090s/iter; left time: 226.0184s
Epoch: 3 cost time: 2.320582628250122
Epoch: 3, Steps: 257 | Train Loss: 0.4813698 Vali Loss: 1.3075259
EarlyStopping counter: 1 out of 6
Updating learning rate to 0.000125
	iters: 100, epoch: 4 | loss: 0.4796568
	speed: 0.0170s/iter; left time: 420.8758s
	iters: 200, epoch: 4 | loss: 0.4043254
	speed: 0.0089s/iter; left time: 220.8702s
Epoch: 4 cost time: 2.2925567626953125
Epoch: 4, Steps: 257 | Train Loss: 0.4742483 Vali Loss: 1.3595465
EarlyStopping counter: 2 out of 6
Updating learning rate to 6.25e-05
	iters: 100, epoch: 5 | loss: 0.4498442
	speed: 0.0171s/iter; left time: 419.9698s
	iters: 200, epoch: 5 | loss: 0.4814119
	speed: 0.0092s/iter; left time: 224.0292s
Epoch: 5 cost time: 2.330676555633545
Epoch: 5, Steps: 257 | Train Loss: 0.4705167 Vali Loss: 1.3538465
EarlyStopping counter: 3 out of 6
Updating learning rate to 3.125e-05
	iters: 100, epoch: 6 | loss: 0.5067716
	speed: 0.0172s/iter; left time: 417.9107s
	iters: 200, epoch: 6 | loss: 0.4270638
	speed: 0.0091s/iter; left time: 219.8899s
Epoch: 6 cost time: 2.3367130756378174
Epoch: 6, Steps: 257 | Train Loss: 0.4678170 Vali Loss: 1.3421204
EarlyStopping counter: 4 out of 6
Updating learning rate to 1.5625e-05
	iters: 100, epoch: 7 | loss: 0.5477441
	speed: 0.0173s/iter; left time: 417.2666s
	iters: 200, epoch: 7 | loss: 0.5028704
	speed: 0.0090s/iter; left time: 215.8378s
Epoch: 7 cost time: 2.3175203800201416
Epoch: 7, Steps: 257 | Train Loss: 0.4665720 Vali Loss: 1.3506062
EarlyStopping counter: 5 out of 6
Updating learning rate to 7.8125e-06
	iters: 100, epoch: 8 | loss: 0.4740448
	speed: 0.0171s/iter; left time: 406.9908s
	iters: 200, epoch: 8 | loss: 0.4276064
	speed: 0.0090s/iter; left time: 214.1416s
Epoch: 8 cost time: 2.325718879699707
Epoch: 8, Steps: 257 | Train Loss: 0.4662605 Vali Loss: 1.3504986
EarlyStopping counter: 6 out of 6
Early stopping
VALIDATION_RESULT {"best_epoch": 2, "best_mae": 0.7590130713040066, "best_mse": 1.2946338136648323, "epochs_ran": 8, "metric_version": "element_weighted_v1"}
>>>>>>>testing : long_term_forecast_ETTh1_96_336_etth1_p336_s2022_baseline_frozen_GraphMamba_ETTh1_ftM_sl96_ll48_pl336_dm64_nh8_el1_dl1_df128_expand2_dc2_fc1_ebtimeF_dtTrue_etth1_p336_s2022_baseline_frozen_0_patch4_st2_ds32_mv1_bi1_ga0.5_gk2<<<<<<<<<<<<<<<<<<<<<<<<<<<<<<<<<
test 2545
test shape: (2545, 336, 7) (2545, 336, 7)
test shape: (2545, 336, 7) (2545, 336, 7)
mse:0.4664033353328705, mae:0.4401164948940277, dtw:Not calculated
