Using GPU
Args in experiment:
[1mBasic Config[0m
  Task Name:          long_term_forecast  Is Training:        1                   
  Model ID:           ETTh1_96_192_etth1_p192_s2022_baseline_frozenModel:              GraphMamba          

[1mData Loader[0m
  Data:               ETTh1               Root Path:          /home/cwh/Time-Series-Library/dataset/ETT-small
  Data Path:          ETTh1.csv           Features:           M                   
  Target:             OT                  Freq:               h                   
  Checkpoints:        ./checkpoints/      

[1mForecasting Task[0m
  Seq Len:            96                  Label Len:          48                  
  Pred Len:           192                 Seasonal Patterns:  Monthly             
  Inverse:            0                   

[1mModel Parameters[0m
  Top k:              5                   Num Kernels:        6                   
  Enc In:             7                   Dec In:             7                   
  C Out:              7                   d model:            64                  
  n heads:            8                   e layers:           1                   
  d layers:           1                   d FF:               128                 
  Moving Avg:         25                  Factor:             1                   
  Distil:             1                   Dropout:            0.1                 
  Embed:              timeF               Activation:         gelu                

[1mRun Parameters[0m
  Num Workers:        0                   Itr:                1                   
  Train Epochs:       100                 Batch Size:         32                  
  Patience:           6                   Learning Rate:      0.0005              
  Des:                etth1_p192_s2022_baseline_frozenLoss:               MSE                 
  Lradj:              type1               Use Amp:            0                   

[1mGPU[0m
  Use GPU:            1                   GPU:                0                   
  Use Multi GPU:      0                   Devices:            0,1,2,3             

[1mDe-stationary Projector Params[0m
  P Hidden Dims:      128, 128            P Hidden Layers:    2                   

Use GPU: cuda:0
🚀 Lazy Loading: GraphMamba ...
[GraphMamba] Building 7x7 static graph from 2000 training samples
>>>>>>>start training : long_term_forecast_ETTh1_96_192_etth1_p192_s2022_baseline_frozen_GraphMamba_ETTh1_ftM_sl96_ll48_pl192_dm64_nh8_el1_dl1_df128_expand2_dc2_fc1_ebtimeF_dtTrue_etth1_p192_s2022_baseline_frozen_0_patch4_st2_ds32_mv1_bi1_ga0.5_gk2>>>>>>>>>>>>>>>>>>>>>>>>>>
train 8353
val 2689
	iters: 100, epoch: 1 | loss: 0.6058511
	speed: 0.0111s/iter; left time: 290.4077s
	iters: 200, epoch: 1 | loss: 0.3942170
	speed: 0.0088s/iter; left time: 229.7178s
Epoch: 1 cost time: 2.5686519145965576
Epoch: 1, Steps: 262 | Train Loss: 0.4954656 Vali Loss: 1.0262476
Validation loss decreased (inf --> 1.026248).  Saving model ...
Updating learning rate to 0.0005
	iters: 100, epoch: 2 | loss: 0.4717828
	speed: 0.0180s/iter; left time: 464.7970s
	iters: 200, epoch: 2 | loss: 0.4045513
	speed: 0.0090s/iter; left time: 230.8136s
Epoch: 2 cost time: 2.3622069358825684
Epoch: 2, Steps: 262 | Train Loss: 0.4290097 Vali Loss: 1.0194123
Validation loss decreased (1.026248 --> 1.019412).  Saving model ...
Updating learning rate to 0.00025
	iters: 100, epoch: 3 | loss: 0.4350673
	speed: 0.0178s/iter; left time: 456.4381s
	iters: 200, epoch: 3 | loss: 0.4423124
	speed: 0.0089s/iter; left time: 226.9596s
Epoch: 3 cost time: 2.3689377307891846
Epoch: 3, Steps: 262 | Train Loss: 0.4183328 Vali Loss: 1.0016515
Validation loss decreased (1.019412 --> 1.001652).  Saving model ...
Updating learning rate to 0.000125
	iters: 100, epoch: 4 | loss: 0.4028491
	speed: 0.0178s/iter; left time: 449.6384s
	iters: 200, epoch: 4 | loss: 0.3939809
	speed: 0.0090s/iter; left time: 228.1424s
Epoch: 4 cost time: 2.3492212295532227
Epoch: 4, Steps: 262 | Train Loss: 0.4135881 Vali Loss: 1.0175302
EarlyStopping counter: 1 out of 6
Updating learning rate to 6.25e-05
	iters: 100, epoch: 5 | loss: 0.4134026
	speed: 0.0178s/iter; left time: 445.2190s
	iters: 200, epoch: 5 | loss: 0.5590296
	speed: 0.0090s/iter; left time: 224.8734s
Epoch: 5 cost time: 2.3821074962615967
Epoch: 5, Steps: 262 | Train Loss: 0.4124891 Vali Loss: 1.0206897
EarlyStopping counter: 2 out of 6
Updating learning rate to 3.125e-05
	iters: 100, epoch: 6 | loss: 0.3813879
	speed: 0.0177s/iter; left time: 438.4992s
	iters: 200, epoch: 6 | loss: 0.4702568
	speed: 0.0090s/iter; left time: 223.0315s
Epoch: 6 cost time: 2.3724842071533203
Epoch: 6, Steps: 262 | Train Loss: 0.4106542 Vali Loss: 1.0230187
EarlyStopping counter: 3 out of 6
Updating learning rate to 1.5625e-05
	iters: 100, epoch: 7 | loss: 0.4639936
	speed: 0.0180s/iter; left time: 440.7536s
	iters: 200, epoch: 7 | loss: 0.4336291
	speed: 0.0091s/iter; left time: 222.1758s
Epoch: 7 cost time: 2.397773027420044
Epoch: 7, Steps: 262 | Train Loss: 0.4071425 Vali Loss: 1.0193444
EarlyStopping counter: 4 out of 6
Updating learning rate to 7.8125e-06
	iters: 100, epoch: 8 | loss: 0.3942145
	speed: 0.0178s/iter; left time: 431.6150s
	iters: 200, epoch: 8 | loss: 0.4522531
	speed: 0.0090s/iter; left time: 216.6990s
Epoch: 8 cost time: 2.3678438663482666
Epoch: 8, Steps: 262 | Train Loss: 0.4076036 Vali Loss: 1.0189597
EarlyStopping counter: 5 out of 6
Updating learning rate to 3.90625e-06
	iters: 100, epoch: 9 | loss: 0.3862737
	speed: 0.0177s/iter; left time: 425.5458s
	iters: 200, epoch: 9 | loss: 0.3315205
	speed: 0.0090s/iter; left time: 214.7329s
Epoch: 9 cost time: 2.363508939743042
Epoch: 9, Steps: 262 | Train Loss: 0.4061504 Vali Loss: 1.0222912
EarlyStopping counter: 6 out of 6
Early stopping
VALIDATION_RESULT {"best_epoch": 3, "best_mae": 0.6584238026596377, "best_mse": 1.0016515429812123, "epochs_ran": 9, "metric_version": "element_weighted_v1"}
>>>>>>>testing : long_term_forecast_ETTh1_96_192_etth1_p192_s2022_baseline_frozen_GraphMamba_ETTh1_ftM_sl96_ll48_pl192_dm64_nh8_el1_dl1_df128_expand2_dc2_fc1_ebtimeF_dtTrue_etth1_p192_s2022_baseline_frozen_0_patch4_st2_ds32_mv1_bi1_ga0.5_gk2<<<<<<<<<<<<<<<<<<<<<<<<<<<<<<<<<
test 2689
test shape: (2689, 192, 7) (2689, 192, 7)
test shape: (2689, 192, 7) (2689, 192, 7)
mse:0.4216444194316864, mae:0.4232349097728729, dtw:Not calculated
