Using GPU
Args in experiment:
[1mBasic Config[0m
  Task Name:          long_term_forecast  Is Training:        1                   
  Model ID:           ETTh1_96_192_etth1_p192_s2022_darc_frozenModel:              GraphMambaAF        

[1mData Loader[0m
  Data:               ETTh1               Root Path:          /home/cwh/Time-Series-Library/dataset/ETT-small
  Data Path:          ETTh1.csv           Features:           M                   
  Target:             OT                  Freq:               h                   
  Checkpoints:        ./checkpoints/      

[1mForecasting Task[0m
  Seq Len:            96                  Label Len:          48                  
  Pred Len:           192                 Seasonal Patterns:  Monthly             
  Inverse:            0                   

[1mModel Parameters[0m
  Top k:              5                   Num Kernels:        6                   
  Enc In:             7                   Dec In:             7                   
  C Out:              7                   d model:            64                  
  n heads:            8                   e layers:           1                   
  d layers:           1                   d FF:               128                 
  Moving Avg:         25                  Factor:             1                   
  Distil:             1                   Dropout:            0.1                 
  Embed:              timeF               Activation:         gelu                

[1mRun Parameters[0m
  Num Workers:        0                   Itr:                1                   
  Train Epochs:       100                 Batch Size:         32                  
  Patience:           6                   Learning Rate:      0.0005              
  Des:                etth1_p192_s2022_darc_frozenLoss:               MSE                 
  Lradj:              type1               Use Amp:            0                   

[1mGPU[0m
  Use GPU:            1                   GPU:                0                   
  Use Multi GPU:      0                   Devices:            0,1,2,3             

[1mDe-stationary Projector Params[0m
  P Hidden Dims:      128, 128            P Hidden Layers:    2                   

Use GPU: cuda:0
🚀 Lazy Loading: GraphMambaAF ...
[GraphMamba] Building 7x7 static graph from 2000 training samples
>>>>>>>start training : long_term_forecast_ETTh1_96_192_etth1_p192_s2022_darc_frozen_GraphMambaAF_ETTh1_ftM_sl96_ll48_pl192_dm64_nh8_el1_dl1_df128_expand2_dc2_fc1_ebtimeF_dtTrue_etth1_p192_s2022_darc_frozen_0_patch4_st2_ds32_mv1_bi1_ga0.5_gk2_afvariable_scale_residual_h32>>>>>>>>>>>>>>>>>>>>>>>>>>
train 8353
val 2689
	iters: 100, epoch: 1 | loss: 0.6075581
	speed: 0.0117s/iter; left time: 306.6643s
	iters: 200, epoch: 1 | loss: 0.3936574
	speed: 0.0094s/iter; left time: 245.0698s
Epoch: 1 cost time: 2.715989112854004
Epoch: 1, Steps: 262 | Train Loss: 0.4940162 Vali Loss: 1.0271025
Validation loss decreased (inf --> 1.027102).  Saving model ...
Updating learning rate to 0.0005
	iters: 100, epoch: 2 | loss: 0.4717022
	speed: 0.0189s/iter; left time: 487.9454s
	iters: 200, epoch: 2 | loss: 0.4055749
	speed: 0.0096s/iter; left time: 247.1100s
Epoch: 2 cost time: 2.518261194229126
Epoch: 2, Steps: 262 | Train Loss: 0.4287496 Vali Loss: 1.0234401
Validation loss decreased (1.027102 --> 1.023440).  Saving model ...
Updating learning rate to 0.00025
	iters: 100, epoch: 3 | loss: 0.4341803
	speed: 0.0189s/iter; left time: 482.1650s
	iters: 200, epoch: 3 | loss: 0.4424633
	speed: 0.0097s/iter; left time: 248.2662s
Epoch: 3 cost time: 2.5478527545928955
Epoch: 3, Steps: 262 | Train Loss: 0.4180650 Vali Loss: 0.9971186
Validation loss decreased (1.023440 --> 0.997119).  Saving model ...
Updating learning rate to 0.000125
	iters: 100, epoch: 4 | loss: 0.4032641
	speed: 0.0189s/iter; left time: 479.6229s
	iters: 200, epoch: 4 | loss: 0.3938428
	speed: 0.0097s/iter; left time: 243.6076s
Epoch: 4 cost time: 2.5194013118743896
Epoch: 4, Steps: 262 | Train Loss: 0.4133088 Vali Loss: 1.0145090
EarlyStopping counter: 1 out of 6
Updating learning rate to 6.25e-05
	iters: 100, epoch: 5 | loss: 0.4134305
	speed: 0.0187s/iter; left time: 468.8300s
	iters: 200, epoch: 5 | loss: 0.5587088
	speed: 0.0097s/iter; left time: 242.8147s
Epoch: 5 cost time: 2.519775390625
Epoch: 5, Steps: 262 | Train Loss: 0.4121457 Vali Loss: 1.0170413
EarlyStopping counter: 2 out of 6
Updating learning rate to 3.125e-05
	iters: 100, epoch: 6 | loss: 0.3807421
	speed: 0.0187s/iter; left time: 464.1143s
	iters: 200, epoch: 6 | loss: 0.4704559
	speed: 0.0096s/iter; left time: 237.5661s
Epoch: 6 cost time: 2.539288282394409
Epoch: 6, Steps: 262 | Train Loss: 0.4103037 Vali Loss: 1.0197628
EarlyStopping counter: 3 out of 6
Updating learning rate to 1.5625e-05
	iters: 100, epoch: 7 | loss: 0.4631909
	speed: 0.0191s/iter; left time: 468.3078s
	iters: 200, epoch: 7 | loss: 0.4328325
	speed: 0.0095s/iter; left time: 230.9848s
Epoch: 7 cost time: 2.5085387229919434
Epoch: 7, Steps: 262 | Train Loss: 0.4067376 Vali Loss: 1.0156880
EarlyStopping counter: 4 out of 6
Updating learning rate to 7.8125e-06
	iters: 100, epoch: 8 | loss: 0.3930173
	speed: 0.0186s/iter; left time: 451.2192s
	iters: 200, epoch: 8 | loss: 0.4516337
	speed: 0.0098s/iter; left time: 237.0295s
Epoch: 8 cost time: 2.525657892227173
Epoch: 8, Steps: 262 | Train Loss: 0.4071834 Vali Loss: 1.0155181
EarlyStopping counter: 5 out of 6
Updating learning rate to 3.90625e-06
	iters: 100, epoch: 9 | loss: 0.3850484
	speed: 0.0186s/iter; left time: 446.7946s
	iters: 200, epoch: 9 | loss: 0.3313032
	speed: 0.0094s/iter; left time: 223.6523s
Epoch: 9 cost time: 2.4787864685058594
Epoch: 9, Steps: 262 | Train Loss: 0.4057241 Vali Loss: 1.0184749
EarlyStopping counter: 6 out of 6
Early stopping
VALIDATION_RESULT {"best_epoch": 3, "best_mae": 0.6552962646824846, "best_mse": 0.99711864314508, "epochs_ran": 9, "metric_version": "element_weighted_v1"}
>>>>>>>testing : long_term_forecast_ETTh1_96_192_etth1_p192_s2022_darc_frozen_GraphMambaAF_ETTh1_ftM_sl96_ll48_pl192_dm64_nh8_el1_dl1_df128_expand2_dc2_fc1_ebtimeF_dtTrue_etth1_p192_s2022_darc_frozen_0_patch4_st2_ds32_mv1_bi1_ga0.5_gk2_afvariable_scale_residual_h32<<<<<<<<<<<<<<<<<<<<<<<<<<<<<<<<<
test 2689
test shape: (2689, 192, 7) (2689, 192, 7)
test shape: (2689, 192, 7) (2689, 192, 7)
mse:0.42367881536483765, mae:0.4238646924495697, dtw:Not calculated
