Using GPU
Args in experiment:
[1mBasic Config[0m
  Task Name:          long_term_forecast  Is Training:        1                   
  Model ID:           ETTh2_96_720_etth2_p720_s2023_darc_frozenModel:              GraphMambaAF        

[1mData Loader[0m
  Data:               ETTh2               Root Path:          /home/cwh/Time-Series-Library/dataset/ETT-small
  Data Path:          ETTh2.csv           Features:           M                   
  Target:             OT                  Freq:               h                   
  Checkpoints:        ./checkpoints/      

[1mForecasting Task[0m
  Seq Len:            96                  Label Len:          48                  
  Pred Len:           720                 Seasonal Patterns:  Monthly             
  Inverse:            0                   

[1mModel Parameters[0m
  Top k:              5                   Num Kernels:        6                   
  Enc In:             7                   Dec In:             7                   
  C Out:              7                   d model:            64                  
  n heads:            8                   e layers:           1                   
  d layers:           1                   d FF:               128                 
  Moving Avg:         25                  Factor:             1                   
  Distil:             1                   Dropout:            0.1                 
  Embed:              timeF               Activation:         gelu                

[1mRun Parameters[0m
  Num Workers:        0                   Itr:                1                   
  Train Epochs:       100                 Batch Size:         32                  
  Patience:           6                   Learning Rate:      0.0005              
  Des:                etth2_p720_s2023_darc_frozenLoss:               MSE                 
  Lradj:              type1               Use Amp:            0                   

[1mGPU[0m
  Use GPU:            1                   GPU:                0                   
  Use Multi GPU:      0                   Devices:            0,1,2,3             

[1mDe-stationary Projector Params[0m
  P Hidden Dims:      128, 128            P Hidden Layers:    2                   

Use GPU: cuda:0
🚀 Lazy Loading: GraphMambaAF ...
[GraphMamba] Building 7x7 static graph from 2000 training samples
>>>>>>>start training : long_term_forecast_ETTh2_96_720_etth2_p720_s2023_darc_frozen_GraphMambaAF_ETTh2_ftM_sl96_ll48_pl720_dm64_nh8_el1_dl1_df128_expand2_dc2_fc1_ebtimeF_dtTrue_etth2_p720_s2023_darc_frozen_0_patch4_st2_ds32_mv1_bi1_ga0.5_gk2_afvariable_scale_residual_h32>>>>>>>>>>>>>>>>>>>>>>>>>>
train 7825
val 2161
	iters: 100, epoch: 1 | loss: 1.1059303
	speed: 0.0118s/iter; left time: 287.7322s
	iters: 200, epoch: 1 | loss: 1.4441088
	speed: 0.0100s/iter; left time: 244.1035s
Epoch: 1 cost time: 2.6429431438446045
Epoch: 1, Steps: 245 | Train Loss: 0.9233295 Vali Loss: 0.5940730
Validation loss decreased (inf --> 0.594073).  Saving model ...
Updating learning rate to 0.0005
	iters: 100, epoch: 2 | loss: 0.7848268
	speed: 0.0174s/iter; left time: 420.5118s
	iters: 200, epoch: 2 | loss: 0.7779793
	speed: 0.0098s/iter; left time: 235.0689s
Epoch: 2 cost time: 2.4109153747558594
Epoch: 2, Steps: 245 | Train Loss: 0.8320205 Vali Loss: 0.6034342
EarlyStopping counter: 1 out of 6
Updating learning rate to 0.00025
	iters: 100, epoch: 3 | loss: 1.1694582
	speed: 0.0171s/iter; left time: 408.6595s
	iters: 200, epoch: 3 | loss: 1.0420510
	speed: 0.0098s/iter; left time: 232.8622s
Epoch: 3 cost time: 2.398216962814331
Epoch: 3, Steps: 245 | Train Loss: 0.8073648 Vali Loss: 0.6327906
EarlyStopping counter: 2 out of 6
Updating learning rate to 0.000125
	iters: 100, epoch: 4 | loss: 1.0399390
	speed: 0.0169s/iter; left time: 399.4465s
	iters: 200, epoch: 4 | loss: 0.8273340
	speed: 0.0099s/iter; left time: 232.8091s
Epoch: 4 cost time: 2.41668701171875
Epoch: 4, Steps: 245 | Train Loss: 0.7947379 Vali Loss: 0.6325788
EarlyStopping counter: 3 out of 6
Updating learning rate to 6.25e-05
	iters: 100, epoch: 5 | loss: 0.9685102
	speed: 0.0171s/iter; left time: 401.3023s
	iters: 200, epoch: 5 | loss: 1.0716497
	speed: 0.0097s/iter; left time: 226.5007s
Epoch: 5 cost time: 2.4187352657318115
Epoch: 5, Steps: 245 | Train Loss: 0.7874827 Vali Loss: 0.6228941
EarlyStopping counter: 4 out of 6
Updating learning rate to 3.125e-05
	iters: 100, epoch: 6 | loss: 0.4933333
	speed: 0.0170s/iter; left time: 393.3380s
	iters: 200, epoch: 6 | loss: 0.9494186
	speed: 0.0098s/iter; left time: 225.7608s
Epoch: 6 cost time: 2.3965389728546143
Epoch: 6, Steps: 245 | Train Loss: 0.7811381 Vali Loss: 0.6361846
EarlyStopping counter: 5 out of 6
Updating learning rate to 1.5625e-05
	iters: 100, epoch: 7 | loss: 0.5586147
	speed: 0.0171s/iter; left time: 392.3562s
	iters: 200, epoch: 7 | loss: 0.6705268
	speed: 0.0097s/iter; left time: 221.9751s
Epoch: 7 cost time: 2.3994288444519043
Epoch: 7, Steps: 245 | Train Loss: 0.7781764 Vali Loss: 0.6246879
EarlyStopping counter: 6 out of 6
Early stopping
VALIDATION_RESULT {"best_epoch": 1, "best_mae": 0.5317559169460145, "best_mse": 0.5940729934041091, "epochs_ran": 7, "metric_version": "element_weighted_v1"}
>>>>>>>testing : long_term_forecast_ETTh2_96_720_etth2_p720_s2023_darc_frozen_GraphMambaAF_ETTh2_ftM_sl96_ll48_pl720_dm64_nh8_el1_dl1_df128_expand2_dc2_fc1_ebtimeF_dtTrue_etth2_p720_s2023_darc_frozen_0_patch4_st2_ds32_mv1_bi1_ga0.5_gk2_afvariable_scale_residual_h32<<<<<<<<<<<<<<<<<<<<<<<<<<<<<<<<<
test 2161
test shape: (2161, 720, 7) (2161, 720, 7)
test shape: (2161, 720, 7) (2161, 720, 7)
mse:0.4436793625354767, mae:0.4529462456703186, dtw:Not calculated
