Using GPU
Args in experiment:
[1mBasic Config[0m
  Task Name:          long_term_forecast  Is Training:        1                   
  Model ID:           ETTm2_96_720_ettm2_p720_s2022_baseline_frozenModel:              GraphMamba          

[1mData Loader[0m
  Data:               ETTm2               Root Path:          /home/cwh/Time-Series-Library/dataset/ETT-small
  Data Path:          ETTm2.csv           Features:           M                   
  Target:             OT                  Freq:               h                   
  Checkpoints:        ./checkpoints/      

[1mForecasting Task[0m
  Seq Len:            96                  Label Len:          48                  
  Pred Len:           720                 Seasonal Patterns:  Monthly             
  Inverse:            0                   

[1mModel Parameters[0m
  Top k:              5                   Num Kernels:        6                   
  Enc In:             7                   Dec In:             7                   
  C Out:              7                   d model:            64                  
  n heads:            8                   e layers:           1                   
  d layers:           1                   d FF:               128                 
  Moving Avg:         25                  Factor:             1                   
  Distil:             1                   Dropout:            0.1                 
  Embed:              timeF               Activation:         gelu                

[1mRun Parameters[0m
  Num Workers:        0                   Itr:                1                   
  Train Epochs:       100                 Batch Size:         32                  
  Patience:           6                   Learning Rate:      0.0005              
  Des:                ettm2_p720_s2022_baseline_frozenLoss:               MSE                 
  Lradj:              type1               Use Amp:            0                   

[1mGPU[0m
  Use GPU:            1                   GPU:                0                   
  Use Multi GPU:      0                   Devices:            0,1,2,3             

[1mDe-stationary Projector Params[0m
  P Hidden Dims:      128, 128            P Hidden Layers:    2                   

Use GPU: cuda:0
🚀 Lazy Loading: GraphMamba ...
[GraphMamba] Building 7x7 static graph from 2000 training samples
>>>>>>>start training : long_term_forecast_ETTm2_96_720_ettm2_p720_s2022_baseline_frozen_GraphMamba_ETTm2_ftM_sl96_ll48_pl720_dm64_nh8_el1_dl1_df128_expand2_dc2_fc1_ebtimeF_dtTrue_ettm2_p720_s2022_baseline_frozen_0_patch4_st2_ds32_mv1_bi1_ga0.5_gk2>>>>>>>>>>>>>>>>>>>>>>>>>>
train 33745
val 10801
	iters: 100, epoch: 1 | loss: 1.3067307
	speed: 0.0114s/iter; left time: 1199.6245s
	iters: 200, epoch: 1 | loss: 0.9828681
	speed: 0.0093s/iter; left time: 984.4378s
	iters: 300, epoch: 1 | loss: 1.3091599
	speed: 0.0093s/iter; left time: 979.1223s
	iters: 400, epoch: 1 | loss: 0.8369313
	speed: 0.0094s/iter; left time: 985.4422s
	iters: 500, epoch: 1 | loss: 0.4452686
	speed: 0.0094s/iter; left time: 982.3118s
	iters: 600, epoch: 1 | loss: 0.4086162
	speed: 0.0096s/iter; left time: 1005.1709s
	iters: 700, epoch: 1 | loss: 0.6611775
	speed: 0.0096s/iter; left time: 1008.4626s
	iters: 800, epoch: 1 | loss: 1.1427984
	speed: 0.0094s/iter; left time: 980.0457s
	iters: 900, epoch: 1 | loss: 0.6395928
	speed: 0.0094s/iter; left time: 984.5238s
	iters: 1000, epoch: 1 | loss: 0.2674158
	speed: 0.0095s/iter; left time: 997.0135s
Epoch: 1 cost time: 10.16043996810913
Epoch: 1, Steps: 1055 | Train Loss: 0.6020679 Vali Loss: 0.2893192
Validation loss decreased (inf --> 0.289319).  Saving model ...
Updating learning rate to 0.0005
	iters: 100, epoch: 2 | loss: 0.5091061
	speed: 0.0290s/iter; left time: 3023.6630s
	iters: 200, epoch: 2 | loss: 0.4509380
	speed: 0.0095s/iter; left time: 992.7750s
	iters: 300, epoch: 2 | loss: 0.8325527
	speed: 0.0094s/iter; left time: 979.5267s
	iters: 400, epoch: 2 | loss: 1.1647841
	speed: 0.0093s/iter; left time: 968.2756s
	iters: 500, epoch: 2 | loss: 0.3327951
	speed: 0.0093s/iter; left time: 965.2154s
	iters: 600, epoch: 2 | loss: 0.6672411
	speed: 0.0093s/iter; left time: 969.6057s
	iters: 700, epoch: 2 | loss: 0.3637604
	speed: 0.0093s/iter; left time: 969.8239s
	iters: 800, epoch: 2 | loss: 0.8110925
	speed: 0.0095s/iter; left time: 983.3758s
	iters: 900, epoch: 2 | loss: 0.3979637
	speed: 0.0092s/iter; left time: 957.6780s
	iters: 1000, epoch: 2 | loss: 0.7906943
	speed: 0.0094s/iter; left time: 969.4015s
Epoch: 2 cost time: 9.907470226287842
Epoch: 2, Steps: 1055 | Train Loss: 0.5785735 Vali Loss: 0.3011544
EarlyStopping counter: 1 out of 6
Updating learning rate to 0.00025
	iters: 100, epoch: 3 | loss: 0.8321389
	speed: 0.0285s/iter; left time: 2941.7208s
	iters: 200, epoch: 3 | loss: 0.3423949
	speed: 0.0093s/iter; left time: 956.5531s
	iters: 300, epoch: 3 | loss: 0.5135465
	speed: 0.0095s/iter; left time: 979.0775s
	iters: 400, epoch: 3 | loss: 0.5228612
	speed: 0.0093s/iter; left time: 957.1622s
	iters: 500, epoch: 3 | loss: 0.4370022
	speed: 0.0092s/iter; left time: 946.3169s
	iters: 600, epoch: 3 | loss: 0.8180841
	speed: 0.0093s/iter; left time: 960.3986s
	iters: 700, epoch: 3 | loss: 0.2948689
	speed: 0.0094s/iter; left time: 963.1208s
	iters: 800, epoch: 3 | loss: 0.4435872
	speed: 0.0093s/iter; left time: 949.3400s
	iters: 900, epoch: 3 | loss: 0.6315395
	speed: 0.0094s/iter; left time: 964.8269s
	iters: 1000, epoch: 3 | loss: 0.5073172
	speed: 0.0093s/iter; left time: 955.1917s
Epoch: 3 cost time: 9.837825536727905
Epoch: 3, Steps: 1055 | Train Loss: 0.5533829 Vali Loss: 0.3054482
EarlyStopping counter: 2 out of 6
Updating learning rate to 0.000125
	iters: 100, epoch: 4 | loss: 0.3793740
	speed: 0.0279s/iter; left time: 2848.7866s
	iters: 200, epoch: 4 | loss: 0.3551134
	speed: 0.0093s/iter; left time: 947.2924s
	iters: 300, epoch: 4 | loss: 0.3932676
	speed: 0.0093s/iter; left time: 947.2125s
	iters: 400, epoch: 4 | loss: 0.6243296
	speed: 0.0093s/iter; left time: 944.5596s
	iters: 500, epoch: 4 | loss: 0.4828245
	speed: 0.0093s/iter; left time: 950.9868s
	iters: 600, epoch: 4 | loss: 0.2520909
	speed: 0.0094s/iter; left time: 953.4832s
	iters: 700, epoch: 4 | loss: 0.7174952
	speed: 0.0093s/iter; left time: 940.3270s
	iters: 800, epoch: 4 | loss: 0.5903930
	speed: 0.0092s/iter; left time: 936.7741s
	iters: 900, epoch: 4 | loss: 0.2328873
	speed: 0.0094s/iter; left time: 954.8496s
	iters: 1000, epoch: 4 | loss: 0.4887187
	speed: 0.0094s/iter; left time: 948.6952s
Epoch: 4 cost time: 9.829336881637573
Epoch: 4, Steps: 1055 | Train Loss: 0.5345906 Vali Loss: 0.3148908
EarlyStopping counter: 3 out of 6
Updating learning rate to 6.25e-05
	iters: 100, epoch: 5 | loss: 0.4829372
	speed: 0.0283s/iter; left time: 2863.1318s
	iters: 200, epoch: 5 | loss: 0.4544398
	speed: 0.0093s/iter; left time: 941.4516s
	iters: 300, epoch: 5 | loss: 0.2831686
	speed: 0.0094s/iter; left time: 948.6636s
	iters: 400, epoch: 5 | loss: 0.5741985
	speed: 0.0093s/iter; left time: 940.6931s
	iters: 500, epoch: 5 | loss: 0.4121878
	speed: 0.0094s/iter; left time: 944.5732s
	iters: 600, epoch: 5 | loss: 0.7112210
	speed: 0.0093s/iter; left time: 938.0038s
	iters: 700, epoch: 5 | loss: 0.6528490
	speed: 0.0093s/iter; left time: 939.9795s
	iters: 800, epoch: 5 | loss: 0.3721524
	speed: 0.0092s/iter; left time: 925.7072s
	iters: 900, epoch: 5 | loss: 0.5971439
	speed: 0.0093s/iter; left time: 937.1603s
	iters: 1000, epoch: 5 | loss: 0.9445379
	speed: 0.0094s/iter; left time: 941.9933s
Epoch: 5 cost time: 9.8437819480896
Epoch: 5, Steps: 1055 | Train Loss: 0.5242697 Vali Loss: 0.3131494
EarlyStopping counter: 4 out of 6
Updating learning rate to 3.125e-05
	iters: 100, epoch: 6 | loss: 0.4508415
	speed: 0.0277s/iter; left time: 2773.6633s
	iters: 200, epoch: 6 | loss: 0.4119280
	speed: 0.0094s/iter; left time: 941.5256s
	iters: 300, epoch: 6 | loss: 0.5003148
	speed: 0.0093s/iter; left time: 929.1282s
	iters: 400, epoch: 6 | loss: 0.3503602
	speed: 0.0094s/iter; left time: 935.8233s
	iters: 500, epoch: 6 | loss: 0.4811013
	speed: 0.0092s/iter; left time: 918.6125s
	iters: 600, epoch: 6 | loss: 0.4390597
	speed: 0.0093s/iter; left time: 923.7882s
	iters: 700, epoch: 6 | loss: 0.5782912
	speed: 0.0094s/iter; left time: 930.6202s
	iters: 800, epoch: 6 | loss: 0.2841379
	speed: 0.0093s/iter; left time: 929.0565s
	iters: 900, epoch: 6 | loss: 0.3089953
	speed: 0.0094s/iter; left time: 937.1984s
	iters: 1000, epoch: 6 | loss: 0.7558617
	speed: 0.0093s/iter; left time: 924.8818s
Epoch: 6 cost time: 9.836793422698975
Epoch: 6, Steps: 1055 | Train Loss: 0.5181019 Vali Loss: 0.3105353
EarlyStopping counter: 5 out of 6
Updating learning rate to 1.5625e-05
	iters: 100, epoch: 7 | loss: 0.2743918
	speed: 0.0279s/iter; left time: 2768.8078s
	iters: 200, epoch: 7 | loss: 0.3782861
	speed: 0.0093s/iter; left time: 916.8100s
	iters: 300, epoch: 7 | loss: 0.4974491
	speed: 0.0094s/iter; left time: 934.0739s
	iters: 400, epoch: 7 | loss: 0.9114161
	speed: 0.0094s/iter; left time: 927.5255s
	iters: 500, epoch: 7 | loss: 0.8430577
	speed: 0.0093s/iter; left time: 913.8100s
	iters: 600, epoch: 7 | loss: 0.4446883
	speed: 0.0094s/iter; left time: 924.7104s
	iters: 700, epoch: 7 | loss: 0.5609718
	speed: 0.0093s/iter; left time: 918.2452s
	iters: 800, epoch: 7 | loss: 0.3731217
	speed: 0.0094s/iter; left time: 920.2805s
	iters: 900, epoch: 7 | loss: 0.4829772
	speed: 0.0093s/iter; left time: 917.6625s
	iters: 1000, epoch: 7 | loss: 0.3168595
	speed: 0.0093s/iter; left time: 915.2963s
Epoch: 7 cost time: 9.846038818359375
Epoch: 7, Steps: 1055 | Train Loss: 0.5157325 Vali Loss: 0.3143363
EarlyStopping counter: 6 out of 6
Early stopping
VALIDATION_RESULT {"best_epoch": 1, "best_mae": 0.3680599484600697, "best_mse": 0.28931921406649314, "epochs_ran": 7, "metric_version": "element_weighted_v1"}
>>>>>>>testing : long_term_forecast_ETTm2_96_720_ettm2_p720_s2022_baseline_frozen_GraphMamba_ETTm2_ftM_sl96_ll48_pl720_dm64_nh8_el1_dl1_df128_expand2_dc2_fc1_ebtimeF_dtTrue_ettm2_p720_s2022_baseline_frozen_0_patch4_st2_ds32_mv1_bi1_ga0.5_gk2<<<<<<<<<<<<<<<<<<<<<<<<<<<<<<<<<
test 10801
test shape: (10801, 720, 7) (10801, 720, 7)
test shape: (10801, 720, 7) (10801, 720, 7)
mse:0.4017977714538574, mae:0.3991369903087616, dtw:Not calculated
