Using GPU
Args in experiment:
[1mBasic Config[0m
  Task Name:          long_term_forecast  Is Training:        1                   
  Model ID:           ETTm1_96_192_ettm1_p192_s2022_baseline_frozenModel:              GraphMamba          

[1mData Loader[0m
  Data:               ETTm1               Root Path:          /home/cwh/Time-Series-Library/dataset/ETT-small
  Data Path:          ETTm1.csv           Features:           M                   
  Target:             OT                  Freq:               h                   
  Checkpoints:        ./checkpoints/      

[1mForecasting Task[0m
  Seq Len:            96                  Label Len:          48                  
  Pred Len:           192                 Seasonal Patterns:  Monthly             
  Inverse:            0                   

[1mModel Parameters[0m
  Top k:              5                   Num Kernels:        6                   
  Enc In:             7                   Dec In:             7                   
  C Out:              7                   d model:            64                  
  n heads:            8                   e layers:           1                   
  d layers:           1                   d FF:               128                 
  Moving Avg:         25                  Factor:             1                   
  Distil:             1                   Dropout:            0.1                 
  Embed:              timeF               Activation:         gelu                

[1mRun Parameters[0m
  Num Workers:        0                   Itr:                1                   
  Train Epochs:       100                 Batch Size:         32                  
  Patience:           6                   Learning Rate:      0.0005              
  Des:                ettm1_p192_s2022_baseline_frozenLoss:               MSE                 
  Lradj:              type1               Use Amp:            0                   

[1mGPU[0m
  Use GPU:            1                   GPU:                0                   
  Use Multi GPU:      0                   Devices:            0,1,2,3             

[1mDe-stationary Projector Params[0m
  P Hidden Dims:      128, 128            P Hidden Layers:    2                   

Use GPU: cuda:0
🚀 Lazy Loading: GraphMamba ...
[GraphMamba] Building 7x7 static graph from 2000 training samples
>>>>>>>start training : long_term_forecast_ETTm1_96_192_ettm1_p192_s2022_baseline_frozen_GraphMamba_ETTm1_ftM_sl96_ll48_pl192_dm64_nh8_el1_dl1_df128_expand2_dc2_fc1_ebtimeF_dtTrue_ettm1_p192_s2022_baseline_frozen_0_patch4_st2_ds32_mv1_bi1_ga0.5_gk2>>>>>>>>>>>>>>>>>>>>>>>>>>
train 34273
val 11329
	iters: 100, epoch: 1 | loss: 0.3445210
	speed: 0.0109s/iter; left time: 1164.3915s
	iters: 200, epoch: 1 | loss: 0.3520155
	speed: 0.0090s/iter; left time: 965.5505s
	iters: 300, epoch: 1 | loss: 0.4345779
	speed: 0.0089s/iter; left time: 948.7895s
	iters: 400, epoch: 1 | loss: 0.3435268
	speed: 0.0090s/iter; left time: 958.2602s
	iters: 500, epoch: 1 | loss: 0.3561090
	speed: 0.0090s/iter; left time: 958.7835s
	iters: 600, epoch: 1 | loss: 0.3877788
	speed: 0.0090s/iter; left time: 960.5271s
	iters: 700, epoch: 1 | loss: 0.3269012
	speed: 0.0089s/iter; left time: 948.4809s
	iters: 800, epoch: 1 | loss: 0.3069535
	speed: 0.0088s/iter; left time: 940.3013s
	iters: 900, epoch: 1 | loss: 0.2870877
	speed: 0.0089s/iter; left time: 942.9711s
	iters: 1000, epoch: 1 | loss: 0.3952667
	speed: 0.0089s/iter; left time: 944.4431s
Epoch: 1 cost time: 9.770094394683838
Epoch: 1, Steps: 1072 | Train Loss: 0.3784534 Vali Loss: 0.5255681
Validation loss decreased (inf --> 0.525568).  Saving model ...
Updating learning rate to 0.0005
	iters: 100, epoch: 2 | loss: 0.3483526
	speed: 0.0284s/iter; left time: 3009.7477s
	iters: 200, epoch: 2 | loss: 0.3936377
	speed: 0.0090s/iter; left time: 957.5563s
	iters: 300, epoch: 2 | loss: 0.3979599
	speed: 0.0089s/iter; left time: 941.3552s
	iters: 400, epoch: 2 | loss: 0.3673672
	speed: 0.0088s/iter; left time: 930.7395s
	iters: 500, epoch: 2 | loss: 0.3496952
	speed: 0.0088s/iter; left time: 933.4910s
	iters: 600, epoch: 2 | loss: 0.2713305
	speed: 0.0090s/iter; left time: 948.1504s
	iters: 700, epoch: 2 | loss: 0.3515696
	speed: 0.0090s/iter; left time: 945.1754s
	iters: 800, epoch: 2 | loss: 0.3032773
	speed: 0.0090s/iter; left time: 950.6122s
	iters: 900, epoch: 2 | loss: 0.3300541
	speed: 0.0089s/iter; left time: 941.0173s
	iters: 1000, epoch: 2 | loss: 0.2715385
	speed: 0.0090s/iter; left time: 942.5262s
Epoch: 2 cost time: 9.571467161178589
Epoch: 2, Steps: 1072 | Train Loss: 0.3287732 Vali Loss: 0.5231688
Validation loss decreased (0.525568 --> 0.523169).  Saving model ...
Updating learning rate to 0.00025
	iters: 100, epoch: 3 | loss: 0.2804697
	speed: 0.0285s/iter; left time: 2986.7949s
	iters: 200, epoch: 3 | loss: 0.2880507
	speed: 0.0089s/iter; left time: 931.3977s
	iters: 300, epoch: 3 | loss: 0.3637274
	speed: 0.0090s/iter; left time: 939.4958s
	iters: 400, epoch: 3 | loss: 0.2741717
	speed: 0.0089s/iter; left time: 932.1790s
	iters: 500, epoch: 3 | loss: 0.3434810
	speed: 0.0089s/iter; left time: 932.8959s
	iters: 600, epoch: 3 | loss: 0.2950041
	speed: 0.0090s/iter; left time: 935.3666s
	iters: 700, epoch: 3 | loss: 0.3022971
	speed: 0.0089s/iter; left time: 933.6242s
	iters: 800, epoch: 3 | loss: 0.3185723
	speed: 0.0089s/iter; left time: 924.5924s
	iters: 900, epoch: 3 | loss: 0.3064606
	speed: 0.0088s/iter; left time: 918.3506s
	iters: 1000, epoch: 3 | loss: 0.3316756
	speed: 0.0089s/iter; left time: 922.8391s
Epoch: 3 cost time: 9.540530443191528
Epoch: 3, Steps: 1072 | Train Loss: 0.3147191 Vali Loss: 0.5198085
Validation loss decreased (0.523169 --> 0.519808).  Saving model ...
Updating learning rate to 0.000125
	iters: 100, epoch: 4 | loss: 0.3509309
	speed: 0.0281s/iter; left time: 2916.6436s
	iters: 200, epoch: 4 | loss: 0.3135814
	speed: 0.0088s/iter; left time: 916.0243s
	iters: 300, epoch: 4 | loss: 0.3020624
	speed: 0.0088s/iter; left time: 912.5067s
	iters: 400, epoch: 4 | loss: 0.2197204
	speed: 0.0088s/iter; left time: 916.3509s
	iters: 500, epoch: 4 | loss: 0.2959704
	speed: 0.0089s/iter; left time: 925.5485s
	iters: 600, epoch: 4 | loss: 0.3404874
	speed: 0.0090s/iter; left time: 925.3327s
	iters: 700, epoch: 4 | loss: 0.2930108
	speed: 0.0089s/iter; left time: 918.2290s
	iters: 800, epoch: 4 | loss: 0.2241702
	speed: 0.0088s/iter; left time: 903.0587s
	iters: 900, epoch: 4 | loss: 0.3500244
	speed: 0.0088s/iter; left time: 905.9116s
	iters: 1000, epoch: 4 | loss: 0.4210887
	speed: 0.0088s/iter; left time: 908.3503s
Epoch: 4 cost time: 9.464155912399292
Epoch: 4, Steps: 1072 | Train Loss: 0.3082313 Vali Loss: 0.5194776
Validation loss decreased (0.519808 --> 0.519478).  Saving model ...
Updating learning rate to 6.25e-05
	iters: 100, epoch: 5 | loss: 0.3047020
	speed: 0.0282s/iter; left time: 2898.9159s
	iters: 200, epoch: 5 | loss: 0.3355056
	speed: 0.0088s/iter; left time: 899.7771s
	iters: 300, epoch: 5 | loss: 0.3313027
	speed: 0.0089s/iter; left time: 914.1219s
	iters: 400, epoch: 5 | loss: 0.3101963
	speed: 0.0088s/iter; left time: 905.6594s
	iters: 500, epoch: 5 | loss: 0.3137590
	speed: 0.0090s/iter; left time: 918.5158s
	iters: 600, epoch: 5 | loss: 0.3043497
	speed: 0.0089s/iter; left time: 910.1428s
	iters: 700, epoch: 5 | loss: 0.2466461
	speed: 0.0088s/iter; left time: 898.6913s
	iters: 800, epoch: 5 | loss: 0.2201271
	speed: 0.0088s/iter; left time: 901.7857s
	iters: 900, epoch: 5 | loss: 0.2820726
	speed: 0.0089s/iter; left time: 905.6943s
	iters: 1000, epoch: 5 | loss: 0.3660252
	speed: 0.0088s/iter; left time: 898.1070s
Epoch: 5 cost time: 9.498742580413818
Epoch: 5, Steps: 1072 | Train Loss: 0.3033072 Vali Loss: 0.5143370
Validation loss decreased (0.519478 --> 0.514337).  Saving model ...
Updating learning rate to 3.125e-05
	iters: 100, epoch: 6 | loss: 0.3322625
	speed: 0.0283s/iter; left time: 2881.8902s
	iters: 200, epoch: 6 | loss: 0.3423925
	speed: 0.0089s/iter; left time: 907.4274s
	iters: 300, epoch: 6 | loss: 0.2715666
	speed: 0.0090s/iter; left time: 912.6734s
	iters: 400, epoch: 6 | loss: 0.3486651
	speed: 0.0088s/iter; left time: 892.6855s
	iters: 500, epoch: 6 | loss: 0.3146678
	speed: 0.0088s/iter; left time: 891.8939s
	iters: 600, epoch: 6 | loss: 0.2490668
	speed: 0.0087s/iter; left time: 881.8584s
	iters: 700, epoch: 6 | loss: 0.3096776
	speed: 0.0089s/iter; left time: 902.9785s
	iters: 800, epoch: 6 | loss: 0.2551879
	speed: 0.0089s/iter; left time: 894.4634s
	iters: 900, epoch: 6 | loss: 0.4213185
	speed: 0.0087s/iter; left time: 880.1095s
	iters: 1000, epoch: 6 | loss: 0.3200884
	speed: 0.0087s/iter; left time: 880.2221s
Epoch: 6 cost time: 9.484123945236206
Epoch: 6, Steps: 1072 | Train Loss: 0.3011420 Vali Loss: 0.5165500
EarlyStopping counter: 1 out of 6
Updating learning rate to 1.5625e-05
	iters: 100, epoch: 7 | loss: 0.3056457
	speed: 0.0280s/iter; left time: 2821.8236s
	iters: 200, epoch: 7 | loss: 0.3308094
	speed: 0.0087s/iter; left time: 874.3073s
	iters: 300, epoch: 7 | loss: 0.2297597
	speed: 0.0089s/iter; left time: 890.2832s
	iters: 400, epoch: 7 | loss: 0.3405136
	speed: 0.0089s/iter; left time: 889.5612s
	iters: 500, epoch: 7 | loss: 0.4245560
	speed: 0.0087s/iter; left time: 871.7846s
	iters: 600, epoch: 7 | loss: 0.2759954
	speed: 0.0088s/iter; left time: 881.2435s
	iters: 700, epoch: 7 | loss: 0.2712067
	speed: 0.0088s/iter; left time: 879.9770s
	iters: 800, epoch: 7 | loss: 0.3240384
	speed: 0.0090s/iter; left time: 902.3553s
	iters: 900, epoch: 7 | loss: 0.3283089
	speed: 0.0090s/iter; left time: 901.1603s
	iters: 1000, epoch: 7 | loss: 0.2497404
	speed: 0.0089s/iter; left time: 890.1288s
Epoch: 7 cost time: 9.475125789642334
Epoch: 7, Steps: 1072 | Train Loss: 0.2998035 Vali Loss: 0.5149421
EarlyStopping counter: 2 out of 6
Updating learning rate to 7.8125e-06
	iters: 100, epoch: 8 | loss: 0.2543837
	speed: 0.0279s/iter; left time: 2774.0126s
	iters: 200, epoch: 8 | loss: 0.2422989
	speed: 0.0089s/iter; left time: 888.1620s
	iters: 300, epoch: 8 | loss: 0.3037568
	speed: 0.0087s/iter; left time: 869.0543s
	iters: 400, epoch: 8 | loss: 0.2617416
	speed: 0.0089s/iter; left time: 881.1601s
	iters: 500, epoch: 8 | loss: 0.2675734
	speed: 0.0088s/iter; left time: 875.2999s
	iters: 600, epoch: 8 | loss: 0.2787471
	speed: 0.0089s/iter; left time: 880.6595s
	iters: 700, epoch: 8 | loss: 0.2593252
	speed: 0.0090s/iter; left time: 891.8426s
	iters: 800, epoch: 8 | loss: 0.2923809
	speed: 0.0091s/iter; left time: 895.6712s
	iters: 900, epoch: 8 | loss: 0.2688462
	speed: 0.0090s/iter; left time: 885.4215s
	iters: 1000, epoch: 8 | loss: 0.2302220
	speed: 0.0090s/iter; left time: 884.2302s
Epoch: 8 cost time: 9.575257778167725
Epoch: 8, Steps: 1072 | Train Loss: 0.2991817 Vali Loss: 0.5157939
EarlyStopping counter: 3 out of 6
Updating learning rate to 3.90625e-06
	iters: 100, epoch: 9 | loss: 0.3093522
	speed: 0.0287s/iter; left time: 2824.8899s
	iters: 200, epoch: 9 | loss: 0.3228292
	speed: 0.0089s/iter; left time: 878.5801s
	iters: 300, epoch: 9 | loss: 0.3114971
	speed: 0.0090s/iter; left time: 887.6501s
	iters: 400, epoch: 9 | loss: 0.2457447
	speed: 0.0091s/iter; left time: 892.2301s
	iters: 500, epoch: 9 | loss: 0.3988405
	speed: 0.0089s/iter; left time: 875.4937s
	iters: 600, epoch: 9 | loss: 0.3464301
	speed: 0.0088s/iter; left time: 863.3909s
	iters: 700, epoch: 9 | loss: 0.2701839
	speed: 0.0091s/iter; left time: 887.4908s
	iters: 800, epoch: 9 | loss: 0.3947276
	speed: 0.0090s/iter; left time: 876.3127s
	iters: 900, epoch: 9 | loss: 0.2326109
	speed: 0.0090s/iter; left time: 884.1174s
	iters: 1000, epoch: 9 | loss: 0.3374572
	speed: 0.0089s/iter; left time: 869.7143s
Epoch: 9 cost time: 9.62265157699585
Epoch: 9, Steps: 1072 | Train Loss: 0.2988061 Vali Loss: 0.5150265
EarlyStopping counter: 4 out of 6
Updating learning rate to 1.953125e-06
	iters: 100, epoch: 10 | loss: 0.3254974
	speed: 0.0288s/iter; left time: 2809.4470s
	iters: 200, epoch: 10 | loss: 0.2253994
	speed: 0.0090s/iter; left time: 875.7424s
	iters: 300, epoch: 10 | loss: 0.3375180
	speed: 0.0089s/iter; left time: 869.6612s
	iters: 400, epoch: 10 | loss: 0.2871077
	speed: 0.0090s/iter; left time: 874.5756s
	iters: 500, epoch: 10 | loss: 0.2776246
	speed: 0.0090s/iter; left time: 876.0557s
	iters: 600, epoch: 10 | loss: 0.2685585
	speed: 0.0089s/iter; left time: 860.8927s
	iters: 700, epoch: 10 | loss: 0.2966570
	speed: 0.0089s/iter; left time: 860.6585s
	iters: 800, epoch: 10 | loss: 0.2736439
	speed: 0.0089s/iter; left time: 865.5126s
	iters: 900, epoch: 10 | loss: 0.2685127
	speed: 0.0090s/iter; left time: 866.5814s
	iters: 1000, epoch: 10 | loss: 0.2470812
	speed: 0.0090s/iter; left time: 865.1680s
Epoch: 10 cost time: 9.60761570930481
Epoch: 10, Steps: 1072 | Train Loss: 0.2984793 Vali Loss: 0.5158402
EarlyStopping counter: 5 out of 6
Updating learning rate to 9.765625e-07
	iters: 100, epoch: 11 | loss: 0.3150027
	speed: 0.0286s/iter; left time: 2758.3737s
	iters: 200, epoch: 11 | loss: 0.2523740
	speed: 0.0091s/iter; left time: 871.9669s
	iters: 300, epoch: 11 | loss: 0.3139946
	speed: 0.0092s/iter; left time: 887.3311s
	iters: 400, epoch: 11 | loss: 0.2920120
	speed: 0.0090s/iter; left time: 864.7527s
	iters: 500, epoch: 11 | loss: 0.2366875
	speed: 0.0090s/iter; left time: 860.6846s
	iters: 600, epoch: 11 | loss: 0.4380206
	speed: 0.0089s/iter; left time: 856.7149s
	iters: 700, epoch: 11 | loss: 0.2618288
	speed: 0.0091s/iter; left time: 869.6161s
	iters: 800, epoch: 11 | loss: 0.2618900
	speed: 0.0092s/iter; left time: 881.0064s
	iters: 900, epoch: 11 | loss: 0.2616151
	speed: 0.0090s/iter; left time: 862.3395s
	iters: 1000, epoch: 11 | loss: 0.3726839
	speed: 0.0090s/iter; left time: 863.7770s
Epoch: 11 cost time: 9.704317569732666
Epoch: 11, Steps: 1072 | Train Loss: 0.2984950 Vali Loss: 0.5162066
EarlyStopping counter: 6 out of 6
Early stopping
VALIDATION_RESULT {"best_epoch": 5, "best_mae": 0.479172313551922, "best_mse": 0.5143370176691576, "epochs_ran": 11, "metric_version": "element_weighted_v1"}
>>>>>>>testing : long_term_forecast_ETTm1_96_192_ettm1_p192_s2022_baseline_frozen_GraphMamba_ETTm1_ftM_sl96_ll48_pl192_dm64_nh8_el1_dl1_df128_expand2_dc2_fc1_ebtimeF_dtTrue_ettm1_p192_s2022_baseline_frozen_0_patch4_st2_ds32_mv1_bi1_ga0.5_gk2<<<<<<<<<<<<<<<<<<<<<<<<<<<<<<<<<
test 11329
test shape: (11329, 192, 7) (11329, 192, 7)
test shape: (11329, 192, 7) (11329, 192, 7)
mse:0.36937788128852844, mae:0.3921230137348175, dtw:Not calculated
