Using GPU
Args in experiment:
[1mBasic Config[0m
  Task Name:          long_term_forecast  Is Training:        1                   
  Model ID:           ETTm1_96_192_ettm1_p192_s2023_darc_frozenModel:              GraphMambaAF        

[1mData Loader[0m
  Data:               ETTm1               Root Path:          /home/cwh/Time-Series-Library/dataset/ETT-small
  Data Path:          ETTm1.csv           Features:           M                   
  Target:             OT                  Freq:               h                   
  Checkpoints:        ./checkpoints/      

[1mForecasting Task[0m
  Seq Len:            96                  Label Len:          48                  
  Pred Len:           192                 Seasonal Patterns:  Monthly             
  Inverse:            0                   

[1mModel Parameters[0m
  Top k:              5                   Num Kernels:        6                   
  Enc In:             7                   Dec In:             7                   
  C Out:              7                   d model:            64                  
  n heads:            8                   e layers:           1                   
  d layers:           1                   d FF:               128                 
  Moving Avg:         25                  Factor:             1                   
  Distil:             1                   Dropout:            0.1                 
  Embed:              timeF               Activation:         gelu                

[1mRun Parameters[0m
  Num Workers:        0                   Itr:                1                   
  Train Epochs:       100                 Batch Size:         32                  
  Patience:           6                   Learning Rate:      0.0005              
  Des:                ettm1_p192_s2023_darc_frozenLoss:               MSE                 
  Lradj:              type1               Use Amp:            0                   

[1mGPU[0m
  Use GPU:            1                   GPU:                0                   
  Use Multi GPU:      0                   Devices:            0,1,2,3             

[1mDe-stationary Projector Params[0m
  P Hidden Dims:      128, 128            P Hidden Layers:    2                   

Use GPU: cuda:0
🚀 Lazy Loading: GraphMambaAF ...
[GraphMamba] Building 7x7 static graph from 2000 training samples
>>>>>>>start training : long_term_forecast_ETTm1_96_192_ettm1_p192_s2023_darc_frozen_GraphMambaAF_ETTm1_ftM_sl96_ll48_pl192_dm64_nh8_el1_dl1_df128_expand2_dc2_fc1_ebtimeF_dtTrue_ettm1_p192_s2023_darc_frozen_0_patch4_st2_ds32_mv1_bi1_ga0.5_gk2_afvariable_scale_residual_h32>>>>>>>>>>>>>>>>>>>>>>>>>>
train 34273
val 11329
	iters: 100, epoch: 1 | loss: 0.3959175
	speed: 0.0113s/iter; left time: 1213.9884s
	iters: 200, epoch: 1 | loss: 0.4196924
	speed: 0.0093s/iter; left time: 998.1549s
	iters: 300, epoch: 1 | loss: 0.4513804
	speed: 0.0095s/iter; left time: 1012.4264s
	iters: 400, epoch: 1 | loss: 0.3791772
	speed: 0.0095s/iter; left time: 1010.1257s
	iters: 500, epoch: 1 | loss: 0.3418102
	speed: 0.0094s/iter; left time: 1005.5243s
	iters: 600, epoch: 1 | loss: 0.3131363
	speed: 0.0094s/iter; left time: 1004.1724s
	iters: 700, epoch: 1 | loss: 0.3548751
	speed: 0.0095s/iter; left time: 1011.3073s
	iters: 800, epoch: 1 | loss: 0.4076705
	speed: 0.0094s/iter; left time: 1003.8945s
	iters: 900, epoch: 1 | loss: 0.3531238
	speed: 0.0095s/iter; left time: 1013.3634s
	iters: 1000, epoch: 1 | loss: 0.2574537
	speed: 0.0093s/iter; left time: 992.7033s
Epoch: 1 cost time: 10.307128667831421
Epoch: 1, Steps: 1072 | Train Loss: 0.3795656 Vali Loss: 0.5283582
Validation loss decreased (inf --> 0.528358).  Saving model ...
Updating learning rate to 0.0005
	iters: 100, epoch: 2 | loss: 0.4149538
	speed: 0.0295s/iter; left time: 3128.1538s
	iters: 200, epoch: 2 | loss: 0.3922816
	speed: 0.0096s/iter; left time: 1015.6625s
	iters: 300, epoch: 2 | loss: 0.3627988
	speed: 0.0096s/iter; left time: 1011.7702s
	iters: 400, epoch: 2 | loss: 0.3248712
	speed: 0.0094s/iter; left time: 993.0132s
	iters: 500, epoch: 2 | loss: 0.4215357
	speed: 0.0095s/iter; left time: 1005.6074s
	iters: 600, epoch: 2 | loss: 0.2893119
	speed: 0.0096s/iter; left time: 1012.1835s
	iters: 700, epoch: 2 | loss: 0.3943599
	speed: 0.0095s/iter; left time: 1003.9620s
	iters: 800, epoch: 2 | loss: 0.3630480
	speed: 0.0097s/iter; left time: 1022.8892s
	iters: 900, epoch: 2 | loss: 0.2919106
	speed: 0.0096s/iter; left time: 1011.7105s
	iters: 1000, epoch: 2 | loss: 0.2582522
	speed: 0.0097s/iter; left time: 1016.2094s
Epoch: 2 cost time: 10.253399133682251
Epoch: 2, Steps: 1072 | Train Loss: 0.3274067 Vali Loss: 0.5167282
Validation loss decreased (0.528358 --> 0.516728).  Saving model ...
Updating learning rate to 0.00025
	iters: 100, epoch: 3 | loss: 0.3297292
	speed: 0.0300s/iter; left time: 3153.7908s
	iters: 200, epoch: 3 | loss: 0.3252130
	speed: 0.0096s/iter; left time: 1001.8050s
	iters: 300, epoch: 3 | loss: 0.3912326
	speed: 0.0097s/iter; left time: 1011.3163s
	iters: 400, epoch: 3 | loss: 0.3309700
	speed: 0.0096s/iter; left time: 1006.9197s
	iters: 500, epoch: 3 | loss: 0.3078561
	speed: 0.0096s/iter; left time: 1004.0833s
	iters: 600, epoch: 3 | loss: 0.2723777
	speed: 0.0095s/iter; left time: 993.2755s
	iters: 700, epoch: 3 | loss: 0.2834692
	speed: 0.0096s/iter; left time: 998.7811s
	iters: 800, epoch: 3 | loss: 0.2996457
	speed: 0.0096s/iter; left time: 1002.3045s
	iters: 900, epoch: 3 | loss: 0.3857369
	speed: 0.0097s/iter; left time: 1006.3449s
	iters: 1000, epoch: 3 | loss: 0.2839652
	speed: 0.0096s/iter; left time: 1002.0878s
Epoch: 3 cost time: 10.293625354766846
Epoch: 3, Steps: 1072 | Train Loss: 0.3125602 Vali Loss: 0.5121183
Validation loss decreased (0.516728 --> 0.512118).  Saving model ...
Updating learning rate to 0.000125
	iters: 100, epoch: 4 | loss: 0.3680273
	speed: 0.0304s/iter; left time: 3156.8809s
	iters: 200, epoch: 4 | loss: 0.2566214
	speed: 0.0095s/iter; left time: 984.2183s
	iters: 300, epoch: 4 | loss: 0.3236667
	speed: 0.0094s/iter; left time: 976.4731s
	iters: 400, epoch: 4 | loss: 0.3563254
	speed: 0.0095s/iter; left time: 985.5396s
	iters: 500, epoch: 4 | loss: 0.3648122
	speed: 0.0093s/iter; left time: 966.1672s
	iters: 600, epoch: 4 | loss: 0.2644769
	speed: 0.0094s/iter; left time: 967.2952s
	iters: 700, epoch: 4 | loss: 0.3259275
	speed: 0.0094s/iter; left time: 971.5346s
	iters: 800, epoch: 4 | loss: 0.2514672
	speed: 0.0094s/iter; left time: 967.9719s
	iters: 900, epoch: 4 | loss: 0.3050537
	speed: 0.0093s/iter; left time: 963.2347s
	iters: 1000, epoch: 4 | loss: 0.3559651
	speed: 0.0093s/iter; left time: 961.0915s
Epoch: 4 cost time: 10.090439558029175
Epoch: 4, Steps: 1072 | Train Loss: 0.3051273 Vali Loss: 0.5150713
EarlyStopping counter: 1 out of 6
Updating learning rate to 6.25e-05
	iters: 100, epoch: 5 | loss: 0.2767954
	speed: 0.0294s/iter; left time: 3019.9152s
	iters: 200, epoch: 5 | loss: 0.3168789
	speed: 0.0093s/iter; left time: 959.0321s
	iters: 300, epoch: 5 | loss: 0.3081145
	speed: 0.0094s/iter; left time: 960.5901s
	iters: 400, epoch: 5 | loss: 0.3947951
	speed: 0.0094s/iter; left time: 966.5642s
	iters: 500, epoch: 5 | loss: 0.2740959
	speed: 0.0095s/iter; left time: 974.6586s
	iters: 600, epoch: 5 | loss: 0.2851996
	speed: 0.0094s/iter; left time: 961.8754s
	iters: 700, epoch: 5 | loss: 0.3503935
	speed: 0.0094s/iter; left time: 957.1944s
	iters: 800, epoch: 5 | loss: 0.3905751
	speed: 0.0094s/iter; left time: 962.3458s
	iters: 900, epoch: 5 | loss: 0.2966781
	speed: 0.0094s/iter; left time: 961.9591s
	iters: 1000, epoch: 5 | loss: 0.2925726
	speed: 0.0094s/iter; left time: 962.0123s
Epoch: 5 cost time: 10.086413145065308
Epoch: 5, Steps: 1072 | Train Loss: 0.3005053 Vali Loss: 0.5159596
EarlyStopping counter: 2 out of 6
Updating learning rate to 3.125e-05
	iters: 100, epoch: 6 | loss: 0.2588257
	speed: 0.0293s/iter; left time: 2980.9871s
	iters: 200, epoch: 6 | loss: 0.2888939
	speed: 0.0095s/iter; left time: 963.8084s
	iters: 300, epoch: 6 | loss: 0.2962136
	speed: 0.0096s/iter; left time: 973.7972s
	iters: 400, epoch: 6 | loss: 0.2849401
	speed: 0.0096s/iter; left time: 976.0239s
	iters: 500, epoch: 6 | loss: 0.3087832
	speed: 0.0096s/iter; left time: 968.1283s
	iters: 600, epoch: 6 | loss: 0.4003974
	speed: 0.0096s/iter; left time: 971.0826s
	iters: 700, epoch: 6 | loss: 0.2711815
	speed: 0.0097s/iter; left time: 979.2862s
	iters: 800, epoch: 6 | loss: 0.2754998
	speed: 0.0096s/iter; left time: 967.6702s
	iters: 900, epoch: 6 | loss: 0.2351787
	speed: 0.0096s/iter; left time: 972.7692s
	iters: 1000, epoch: 6 | loss: 0.3120543
	speed: 0.0097s/iter; left time: 980.8947s
Epoch: 6 cost time: 10.267743110656738
Epoch: 6, Steps: 1072 | Train Loss: 0.2978974 Vali Loss: 0.5166420
EarlyStopping counter: 3 out of 6
Updating learning rate to 1.5625e-05
	iters: 100, epoch: 7 | loss: 0.3239995
	speed: 0.0294s/iter; left time: 2961.4539s
	iters: 200, epoch: 7 | loss: 0.2422038
	speed: 0.0094s/iter; left time: 946.4164s
	iters: 300, epoch: 7 | loss: 0.3096287
	speed: 0.0094s/iter; left time: 948.5641s
	iters: 400, epoch: 7 | loss: 0.2847984
	speed: 0.0094s/iter; left time: 939.7495s
	iters: 500, epoch: 7 | loss: 0.2938659
	speed: 0.0093s/iter; left time: 931.6017s
	iters: 600, epoch: 7 | loss: 0.2321979
	speed: 0.0093s/iter; left time: 930.2239s
	iters: 700, epoch: 7 | loss: 0.2509405
	speed: 0.0094s/iter; left time: 938.9294s
	iters: 800, epoch: 7 | loss: 0.2754250
	speed: 0.0094s/iter; left time: 942.5605s
	iters: 900, epoch: 7 | loss: 0.2715565
	speed: 0.0094s/iter; left time: 940.4104s
	iters: 1000, epoch: 7 | loss: 0.2573382
	speed: 0.0094s/iter; left time: 935.1086s
Epoch: 7 cost time: 10.065109014511108
Epoch: 7, Steps: 1072 | Train Loss: 0.2966423 Vali Loss: 0.5188360
EarlyStopping counter: 4 out of 6
Updating learning rate to 7.8125e-06
	iters: 100, epoch: 8 | loss: 0.2822168
	speed: 0.0296s/iter; left time: 2948.2429s
	iters: 200, epoch: 8 | loss: 0.3091489
	speed: 0.0096s/iter; left time: 954.5167s
	iters: 300, epoch: 8 | loss: 0.2864910
	speed: 0.0095s/iter; left time: 944.2483s
	iters: 400, epoch: 8 | loss: 0.3308951
	speed: 0.0095s/iter; left time: 939.9544s
	iters: 500, epoch: 8 | loss: 0.3769657
	speed: 0.0093s/iter; left time: 927.1490s
	iters: 600, epoch: 8 | loss: 0.3164938
	speed: 0.0095s/iter; left time: 943.5810s
	iters: 700, epoch: 8 | loss: 0.2497559
	speed: 0.0097s/iter; left time: 958.4469s
	iters: 800, epoch: 8 | loss: 0.3500964
	speed: 0.0096s/iter; left time: 951.4383s
	iters: 900, epoch: 8 | loss: 0.2499525
	speed: 0.0098s/iter; left time: 969.3347s
	iters: 1000, epoch: 8 | loss: 0.3635369
	speed: 0.0097s/iter; left time: 955.8636s
Epoch: 8 cost time: 10.258940696716309
Epoch: 8, Steps: 1072 | Train Loss: 0.2956068 Vali Loss: 0.5183251
EarlyStopping counter: 5 out of 6
Updating learning rate to 3.90625e-06
	iters: 100, epoch: 9 | loss: 0.2882630
	speed: 0.0301s/iter; left time: 2966.0091s
	iters: 200, epoch: 9 | loss: 0.3287953
	speed: 0.0097s/iter; left time: 950.6661s
	iters: 300, epoch: 9 | loss: 0.2301802
	speed: 0.0095s/iter; left time: 936.2304s
	iters: 400, epoch: 9 | loss: 0.2953667
	speed: 0.0095s/iter; left time: 933.9640s
	iters: 500, epoch: 9 | loss: 0.4157989
	speed: 0.0095s/iter; left time: 932.5551s
	iters: 600, epoch: 9 | loss: 0.3772039
	speed: 0.0093s/iter; left time: 913.4842s
	iters: 700, epoch: 9 | loss: 0.2757403
	speed: 0.0095s/iter; left time: 925.9891s
	iters: 800, epoch: 9 | loss: 0.2822504
	speed: 0.0093s/iter; left time: 911.9092s
	iters: 900, epoch: 9 | loss: 0.2673066
	speed: 0.0093s/iter; left time: 904.9306s
	iters: 1000, epoch: 9 | loss: 0.2651359
	speed: 0.0095s/iter; left time: 927.4208s
Epoch: 9 cost time: 10.152716398239136
Epoch: 9, Steps: 1072 | Train Loss: 0.2953025 Vali Loss: 0.5170423
EarlyStopping counter: 6 out of 6
Early stopping
VALIDATION_RESULT {"best_epoch": 3, "best_mae": 0.47858842367476706, "best_mse": 0.5121183422363402, "epochs_ran": 9, "metric_version": "element_weighted_v1"}
>>>>>>>testing : long_term_forecast_ETTm1_96_192_ettm1_p192_s2023_darc_frozen_GraphMambaAF_ETTm1_ftM_sl96_ll48_pl192_dm64_nh8_el1_dl1_df128_expand2_dc2_fc1_ebtimeF_dtTrue_ettm1_p192_s2023_darc_frozen_0_patch4_st2_ds32_mv1_bi1_ga0.5_gk2_afvariable_scale_residual_h32<<<<<<<<<<<<<<<<<<<<<<<<<<<<<<<<<
test 11329
test shape: (11329, 192, 7) (11329, 192, 7)
test shape: (11329, 192, 7) (11329, 192, 7)
mse:0.3672090768814087, mae:0.3921411335468292, dtw:Not calculated
