Using GPU
Args in experiment:
[1mBasic Config[0m
  Task Name:          long_term_forecast  Is Training:        1                   
  Model ID:           ETTm1_96_96_ettm1_p96_s2023_darc_frozenModel:              GraphMambaAF        

[1mData Loader[0m
  Data:               ETTm1               Root Path:          /home/cwh/Time-Series-Library/dataset/ETT-small
  Data Path:          ETTm1.csv           Features:           M                   
  Target:             OT                  Freq:               h                   
  Checkpoints:        ./checkpoints/      

[1mForecasting Task[0m
  Seq Len:            96                  Label Len:          48                  
  Pred Len:           96                  Seasonal Patterns:  Monthly             
  Inverse:            0                   

[1mModel Parameters[0m
  Top k:              5                   Num Kernels:        6                   
  Enc In:             7                   Dec In:             7                   
  C Out:              7                   d model:            64                  
  n heads:            8                   e layers:           1                   
  d layers:           1                   d FF:               128                 
  Moving Avg:         25                  Factor:             1                   
  Distil:             1                   Dropout:            0.1                 
  Embed:              timeF               Activation:         gelu                

[1mRun Parameters[0m
  Num Workers:        0                   Itr:                1                   
  Train Epochs:       100                 Batch Size:         32                  
  Patience:           6                   Learning Rate:      0.0005              
  Des:                ettm1_p96_s2023_darc_frozenLoss:               MSE                 
  Lradj:              type1               Use Amp:            0                   

[1mGPU[0m
  Use GPU:            1                   GPU:                0                   
  Use Multi GPU:      0                   Devices:            0,1,2,3             

[1mDe-stationary Projector Params[0m
  P Hidden Dims:      128, 128            P Hidden Layers:    2                   

Use GPU: cuda:0
🚀 Lazy Loading: GraphMambaAF ...
[GraphMamba] Building 7x7 static graph from 2000 training samples
>>>>>>>start training : long_term_forecast_ETTm1_96_96_ettm1_p96_s2023_darc_frozen_GraphMambaAF_ETTm1_ftM_sl96_ll48_pl96_dm64_nh8_el1_dl1_df128_expand2_dc2_fc1_ebtimeF_dtTrue_ettm1_p96_s2023_darc_frozen_0_patch4_st2_ds32_mv1_bi1_ga0.5_gk2_afvariable_scale_residual_h32>>>>>>>>>>>>>>>>>>>>>>>>>>
train 34369
val 11425
	iters: 100, epoch: 1 | loss: 0.3309879
	speed: 0.0114s/iter; left time: 1226.4636s
	iters: 200, epoch: 1 | loss: 0.3956385
	speed: 0.0095s/iter; left time: 1014.9637s
	iters: 300, epoch: 1 | loss: 0.4265504
	speed: 0.0096s/iter; left time: 1032.6366s
	iters: 400, epoch: 1 | loss: 0.3343681
	speed: 0.0096s/iter; left time: 1032.2110s
	iters: 500, epoch: 1 | loss: 0.3341561
	speed: 0.0096s/iter; left time: 1024.4968s
	iters: 600, epoch: 1 | loss: 0.3369865
	speed: 0.0095s/iter; left time: 1015.0697s
	iters: 700, epoch: 1 | loss: 0.3030946
	speed: 0.0096s/iter; left time: 1024.4618s
	iters: 800, epoch: 1 | loss: 0.2990956
	speed: 0.0096s/iter; left time: 1025.7207s
	iters: 900, epoch: 1 | loss: 0.3125809
	speed: 0.0097s/iter; left time: 1029.9780s
	iters: 1000, epoch: 1 | loss: 0.2768949
	speed: 0.0097s/iter; left time: 1029.7839s
Epoch: 1 cost time: 10.49964165687561
Epoch: 1, Steps: 1075 | Train Loss: 0.3369803 Vali Loss: 0.3956478
Validation loss decreased (inf --> 0.395648).  Saving model ...
Updating learning rate to 0.0005
	iters: 100, epoch: 2 | loss: 0.3142771
	speed: 0.0292s/iter; left time: 3109.5464s
	iters: 200, epoch: 2 | loss: 0.4058596
	speed: 0.0096s/iter; left time: 1015.3310s
	iters: 300, epoch: 2 | loss: 0.2883714
	speed: 0.0095s/iter; left time: 1011.2862s
	iters: 400, epoch: 2 | loss: 0.3331175
	speed: 0.0096s/iter; left time: 1022.4248s
	iters: 500, epoch: 2 | loss: 0.2881754
	speed: 0.0096s/iter; left time: 1019.1598s
	iters: 600, epoch: 2 | loss: 0.2989857
	speed: 0.0096s/iter; left time: 1020.5338s
	iters: 700, epoch: 2 | loss: 0.2443131
	speed: 0.0096s/iter; left time: 1017.9612s
	iters: 800, epoch: 2 | loss: 0.2786069
	speed: 0.0095s/iter; left time: 1003.5035s
	iters: 900, epoch: 2 | loss: 0.2089120
	speed: 0.0094s/iter; left time: 995.4024s
	iters: 1000, epoch: 2 | loss: 0.2906113
	speed: 0.0096s/iter; left time: 1010.9699s
Epoch: 2 cost time: 10.308435201644897
Epoch: 2, Steps: 1075 | Train Loss: 0.2768163 Vali Loss: 0.3930762
Validation loss decreased (0.395648 --> 0.393076).  Saving model ...
Updating learning rate to 0.00025
	iters: 100, epoch: 3 | loss: 0.2543305
	speed: 0.0293s/iter; left time: 3084.6601s
	iters: 200, epoch: 3 | loss: 0.3041332
	speed: 0.0096s/iter; left time: 1007.0981s
	iters: 300, epoch: 3 | loss: 0.3301615
	speed: 0.0095s/iter; left time: 1000.0724s
	iters: 400, epoch: 3 | loss: 0.3148812
	speed: 0.0095s/iter; left time: 998.3500s
	iters: 500, epoch: 3 | loss: 0.2582863
	speed: 0.0096s/iter; left time: 1011.8116s
	iters: 600, epoch: 3 | loss: 0.2083850
	speed: 0.0095s/iter; left time: 998.2436s
	iters: 700, epoch: 3 | loss: 0.2482231
	speed: 0.0095s/iter; left time: 994.4720s
	iters: 800, epoch: 3 | loss: 0.2654275
	speed: 0.0096s/iter; left time: 1004.2742s
	iters: 900, epoch: 3 | loss: 0.2605015
	speed: 0.0094s/iter; left time: 986.8505s
	iters: 1000, epoch: 3 | loss: 0.2224774
	speed: 0.0097s/iter; left time: 1014.5255s
Epoch: 3 cost time: 10.29125165939331
Epoch: 3, Steps: 1075 | Train Loss: 0.2654809 Vali Loss: 0.3889569
Validation loss decreased (0.393076 --> 0.388957).  Saving model ...
Updating learning rate to 0.000125
	iters: 100, epoch: 4 | loss: 0.2678758
	speed: 0.0293s/iter; left time: 3055.3644s
	iters: 200, epoch: 4 | loss: 0.2999604
	speed: 0.0095s/iter; left time: 989.8595s
	iters: 300, epoch: 4 | loss: 0.2820712
	speed: 0.0097s/iter; left time: 1004.8443s
	iters: 400, epoch: 4 | loss: 0.2569264
	speed: 0.0095s/iter; left time: 990.1910s
	iters: 500, epoch: 4 | loss: 0.2646942
	speed: 0.0098s/iter; left time: 1015.8199s
	iters: 600, epoch: 4 | loss: 0.2846143
	speed: 0.0096s/iter; left time: 996.2319s
	iters: 700, epoch: 4 | loss: 0.2521023
	speed: 0.0095s/iter; left time: 985.7698s
	iters: 800, epoch: 4 | loss: 0.2411384
	speed: 0.0097s/iter; left time: 999.0996s
	iters: 900, epoch: 4 | loss: 0.3155178
	speed: 0.0095s/iter; left time: 982.8975s
	iters: 1000, epoch: 4 | loss: 0.2675769
	speed: 0.0096s/iter; left time: 992.8874s
Epoch: 4 cost time: 10.332772731781006
Epoch: 4, Steps: 1075 | Train Loss: 0.2591754 Vali Loss: 0.4011187
EarlyStopping counter: 1 out of 6
Updating learning rate to 6.25e-05
	iters: 100, epoch: 5 | loss: 0.2322497
	speed: 0.0293s/iter; left time: 3022.4163s
	iters: 200, epoch: 5 | loss: 0.2374134
	speed: 0.0096s/iter; left time: 986.0226s
	iters: 300, epoch: 5 | loss: 0.3227959
	speed: 0.0094s/iter; left time: 965.0269s
	iters: 400, epoch: 5 | loss: 0.3004679
	speed: 0.0096s/iter; left time: 989.0095s
	iters: 500, epoch: 5 | loss: 0.2758394
	speed: 0.0097s/iter; left time: 1000.6216s
	iters: 600, epoch: 5 | loss: 0.2564759
	speed: 0.0096s/iter; left time: 986.4907s
	iters: 700, epoch: 5 | loss: 0.2401395
	speed: 0.0095s/iter; left time: 973.7625s
	iters: 800, epoch: 5 | loss: 0.2418150
	speed: 0.0097s/iter; left time: 994.9433s
	iters: 900, epoch: 5 | loss: 0.2056297
	speed: 0.0097s/iter; left time: 987.8397s
	iters: 1000, epoch: 5 | loss: 0.2733880
	speed: 0.0097s/iter; left time: 990.4331s
Epoch: 5 cost time: 10.341833353042603
Epoch: 5, Steps: 1075 | Train Loss: 0.2555156 Vali Loss: 0.3981526
EarlyStopping counter: 2 out of 6
Updating learning rate to 3.125e-05
	iters: 100, epoch: 6 | loss: 0.2289835
	speed: 0.0291s/iter; left time: 2968.7419s
	iters: 200, epoch: 6 | loss: 0.2045735
	speed: 0.0096s/iter; left time: 976.9312s
	iters: 300, epoch: 6 | loss: 0.2303301
	speed: 0.0092s/iter; left time: 934.6401s
	iters: 400, epoch: 6 | loss: 0.2214591
	speed: 0.0090s/iter; left time: 916.4603s
	iters: 500, epoch: 6 | loss: 0.2298428
	speed: 0.0090s/iter; left time: 914.4361s
	iters: 600, epoch: 6 | loss: 0.2619821
	speed: 0.0090s/iter; left time: 911.1354s
	iters: 700, epoch: 6 | loss: 0.2230195
	speed: 0.0090s/iter; left time: 915.1268s
	iters: 800, epoch: 6 | loss: 0.3173638
	speed: 0.0090s/iter; left time: 910.9511s
	iters: 900, epoch: 6 | loss: 0.2167568
	speed: 0.0090s/iter; left time: 911.2909s
	iters: 1000, epoch: 6 | loss: 0.2277656
	speed: 0.0091s/iter; left time: 923.8285s
Epoch: 6 cost time: 9.834388732910156
Epoch: 6, Steps: 1075 | Train Loss: 0.2532833 Vali Loss: 0.3979730
EarlyStopping counter: 3 out of 6
Updating learning rate to 1.5625e-05
	iters: 100, epoch: 7 | loss: 0.2601684
	speed: 0.0284s/iter; left time: 2865.6915s
	iters: 200, epoch: 7 | loss: 0.2430415
	speed: 0.0091s/iter; left time: 914.8240s
	iters: 300, epoch: 7 | loss: 0.2470917
	speed: 0.0091s/iter; left time: 917.0645s
	iters: 400, epoch: 7 | loss: 0.2988422
	speed: 0.0091s/iter; left time: 914.8170s
	iters: 500, epoch: 7 | loss: 0.2022408
	speed: 0.0090s/iter; left time: 905.0528s
	iters: 600, epoch: 7 | loss: 0.2537746
	speed: 0.0091s/iter; left time: 909.1316s
	iters: 700, epoch: 7 | loss: 0.2349729
	speed: 0.0091s/iter; left time: 912.8956s
	iters: 800, epoch: 7 | loss: 0.2586133
	speed: 0.0091s/iter; left time: 912.6396s
	iters: 900, epoch: 7 | loss: 0.2813253
	speed: 0.0091s/iter; left time: 909.0790s
	iters: 1000, epoch: 7 | loss: 0.2367314
	speed: 0.0091s/iter; left time: 913.7346s
Epoch: 7 cost time: 9.768715858459473
Epoch: 7, Steps: 1075 | Train Loss: 0.2522132 Vali Loss: 0.3973317
EarlyStopping counter: 4 out of 6
Updating learning rate to 7.8125e-06
	iters: 100, epoch: 8 | loss: 0.2184007
	speed: 0.0283s/iter; left time: 2827.6061s
	iters: 200, epoch: 8 | loss: 0.2506330
	speed: 0.0091s/iter; left time: 906.1017s
	iters: 300, epoch: 8 | loss: 0.2318228
	speed: 0.0090s/iter; left time: 898.3999s
	iters: 400, epoch: 8 | loss: 0.1924017
	speed: 0.0090s/iter; left time: 897.2455s
	iters: 500, epoch: 8 | loss: 0.2668937
	speed: 0.0090s/iter; left time: 896.5771s
	iters: 600, epoch: 8 | loss: 0.2349743
	speed: 0.0091s/iter; left time: 907.8640s
	iters: 700, epoch: 8 | loss: 0.3367099
	speed: 0.0090s/iter; left time: 897.6849s
	iters: 800, epoch: 8 | loss: 0.2689859
	speed: 0.0092s/iter; left time: 909.9739s
	iters: 900, epoch: 8 | loss: 0.2225843
	speed: 0.0091s/iter; left time: 896.7223s
	iters: 1000, epoch: 8 | loss: 0.2525104
	speed: 0.0091s/iter; left time: 899.9568s
Epoch: 8 cost time: 9.752203702926636
Epoch: 8, Steps: 1075 | Train Loss: 0.2516154 Vali Loss: 0.3990582
EarlyStopping counter: 5 out of 6
Updating learning rate to 3.90625e-06
	iters: 100, epoch: 9 | loss: 0.2214417
	speed: 0.0289s/iter; left time: 2850.4903s
	iters: 200, epoch: 9 | loss: 0.2807128
	speed: 0.0095s/iter; left time: 934.9842s
	iters: 300, epoch: 9 | loss: 0.2789487
	speed: 0.0095s/iter; left time: 935.5518s
	iters: 400, epoch: 9 | loss: 0.2404629
	speed: 0.0096s/iter; left time: 948.9440s
	iters: 500, epoch: 9 | loss: 0.3536788
	speed: 0.0095s/iter; left time: 936.1775s
	iters: 600, epoch: 9 | loss: 0.2551751
	speed: 0.0094s/iter; left time: 923.9901s
	iters: 700, epoch: 9 | loss: 0.2163013
	speed: 0.0097s/iter; left time: 952.5076s
	iters: 800, epoch: 9 | loss: 0.2428922
	speed: 0.0096s/iter; left time: 944.1764s
	iters: 900, epoch: 9 | loss: 0.2315270
	speed: 0.0095s/iter; left time: 930.0212s
	iters: 1000, epoch: 9 | loss: 0.3183648
	speed: 0.0094s/iter; left time: 916.5050s
Epoch: 9 cost time: 10.24573826789856
Epoch: 9, Steps: 1075 | Train Loss: 0.2511962 Vali Loss: 0.3988591
EarlyStopping counter: 6 out of 6
Early stopping
VALIDATION_RESULT {"best_epoch": 3, "best_mae": 0.41102674835434033, "best_mse": 0.3889568727299908, "epochs_ran": 9, "metric_version": "element_weighted_v1"}
>>>>>>>testing : long_term_forecast_ETTm1_96_96_ettm1_p96_s2023_darc_frozen_GraphMambaAF_ETTm1_ftM_sl96_ll48_pl96_dm64_nh8_el1_dl1_df128_expand2_dc2_fc1_ebtimeF_dtTrue_ettm1_p96_s2023_darc_frozen_0_patch4_st2_ds32_mv1_bi1_ga0.5_gk2_afvariable_scale_residual_h32<<<<<<<<<<<<<<<<<<<<<<<<<<<<<<<<<
test 11425
test shape: (11425, 96, 7) (11425, 96, 7)
test shape: (11425, 96, 7) (11425, 96, 7)
mse:0.33176255226135254, mae:0.3680911064147949, dtw:Not calculated
