Using GPU
Args in experiment:
[1mBasic Config[0m
  Task Name:          long_term_forecast  Is Training:        1                   
  Model ID:           ETTm2_96_720_ettm2_p720_s2021_baseline_frozenModel:              GraphMamba          

[1mData Loader[0m
  Data:               ETTm2               Root Path:          /home/cwh/Time-Series-Library/dataset/ETT-small
  Data Path:          ETTm2.csv           Features:           M                   
  Target:             OT                  Freq:               h                   
  Checkpoints:        ./checkpoints/      

[1mForecasting Task[0m
  Seq Len:            96                  Label Len:          48                  
  Pred Len:           720                 Seasonal Patterns:  Monthly             
  Inverse:            0                   

[1mModel Parameters[0m
  Top k:              5                   Num Kernels:        6                   
  Enc In:             7                   Dec In:             7                   
  C Out:              7                   d model:            64                  
  n heads:            8                   e layers:           1                   
  d layers:           1                   d FF:               128                 
  Moving Avg:         25                  Factor:             1                   
  Distil:             1                   Dropout:            0.1                 
  Embed:              timeF               Activation:         gelu                

[1mRun Parameters[0m
  Num Workers:        0                   Itr:                1                   
  Train Epochs:       100                 Batch Size:         32                  
  Patience:           6                   Learning Rate:      0.0005              
  Des:                ettm2_p720_s2021_baseline_frozenLoss:               MSE                 
  Lradj:              type1               Use Amp:            0                   

[1mGPU[0m
  Use GPU:            1                   GPU:                0                   
  Use Multi GPU:      0                   Devices:            0,1,2,3             

[1mDe-stationary Projector Params[0m
  P Hidden Dims:      128, 128            P Hidden Layers:    2                   

Use GPU: cuda:0
🚀 Lazy Loading: GraphMamba ...
[GraphMamba] Building 7x7 static graph from 2000 training samples
>>>>>>>start training : long_term_forecast_ETTm2_96_720_ettm2_p720_s2021_baseline_frozen_GraphMamba_ETTm2_ftM_sl96_ll48_pl720_dm64_nh8_el1_dl1_df128_expand2_dc2_fc1_ebtimeF_dtTrue_ettm2_p720_s2021_baseline_frozen_0_patch4_st2_ds32_mv1_bi1_ga0.5_gk2>>>>>>>>>>>>>>>>>>>>>>>>>>
train 33745
val 10801
	iters: 100, epoch: 1 | loss: 0.7645651
	speed: 0.0111s/iter; left time: 1172.2818s
	iters: 200, epoch: 1 | loss: 0.3829396
	speed: 0.0094s/iter; left time: 992.5032s
	iters: 300, epoch: 1 | loss: 0.4641802
	speed: 0.0093s/iter; left time: 980.8231s
	iters: 400, epoch: 1 | loss: 0.7013894
	speed: 0.0095s/iter; left time: 997.2092s
	iters: 500, epoch: 1 | loss: 0.2885010
	speed: 0.0092s/iter; left time: 971.1636s
	iters: 600, epoch: 1 | loss: 0.9258150
	speed: 0.0093s/iter; left time: 975.3638s
	iters: 700, epoch: 1 | loss: 0.3593261
	speed: 0.0095s/iter; left time: 994.6041s
	iters: 800, epoch: 1 | loss: 0.9511387
	speed: 0.0094s/iter; left time: 982.8959s
	iters: 900, epoch: 1 | loss: 0.8436369
	speed: 0.0094s/iter; left time: 980.3331s
	iters: 1000, epoch: 1 | loss: 0.4231080
	speed: 0.0095s/iter; left time: 992.1905s
Epoch: 1 cost time: 10.087372541427612
Epoch: 1, Steps: 1055 | Train Loss: 0.6003271 Vali Loss: 0.2960343
Validation loss decreased (inf --> 0.296034).  Saving model ...
Updating learning rate to 0.0005
	iters: 100, epoch: 2 | loss: 0.8672671
	speed: 0.0287s/iter; left time: 2996.1213s
	iters: 200, epoch: 2 | loss: 0.3761980
	speed: 0.0095s/iter; left time: 987.9088s
	iters: 300, epoch: 2 | loss: 0.3476607
	speed: 0.0096s/iter; left time: 994.6690s
	iters: 400, epoch: 2 | loss: 0.4516123
	speed: 0.0094s/iter; left time: 974.2266s
	iters: 500, epoch: 2 | loss: 0.4278735
	speed: 0.0094s/iter; left time: 976.8724s
	iters: 600, epoch: 2 | loss: 0.4331502
	speed: 0.0094s/iter; left time: 980.5694s
	iters: 700, epoch: 2 | loss: 0.4061801
	speed: 0.0096s/iter; left time: 994.4847s
	iters: 800, epoch: 2 | loss: 0.3067338
	speed: 0.0094s/iter; left time: 978.4756s
	iters: 900, epoch: 2 | loss: 0.3672780
	speed: 0.0093s/iter; left time: 963.9115s
	iters: 1000, epoch: 2 | loss: 0.5585236
	speed: 0.0095s/iter; left time: 981.3416s
Epoch: 2 cost time: 9.969305038452148
Epoch: 2, Steps: 1055 | Train Loss: 0.5718082 Vali Loss: 0.3157120
EarlyStopping counter: 1 out of 6
Updating learning rate to 0.00025
	iters: 100, epoch: 3 | loss: 0.3389078
	speed: 0.0281s/iter; left time: 2900.0454s
	iters: 200, epoch: 3 | loss: 0.5158974
	speed: 0.0093s/iter; left time: 956.6288s
	iters: 300, epoch: 3 | loss: 0.4431043
	speed: 0.0095s/iter; left time: 974.7673s
	iters: 400, epoch: 3 | loss: 0.3545277
	speed: 0.0095s/iter; left time: 980.6346s
	iters: 500, epoch: 3 | loss: 1.1406906
	speed: 0.0094s/iter; left time: 962.5273s
	iters: 600, epoch: 3 | loss: 0.2823523
	speed: 0.0095s/iter; left time: 976.0359s
	iters: 700, epoch: 3 | loss: 0.6271891
	speed: 0.0096s/iter; left time: 981.9021s
	iters: 800, epoch: 3 | loss: 0.2983598
	speed: 0.0093s/iter; left time: 956.7121s
	iters: 900, epoch: 3 | loss: 0.3452896
	speed: 0.0094s/iter; left time: 967.8740s
	iters: 1000, epoch: 3 | loss: 0.7290695
	speed: 0.0094s/iter; left time: 966.1924s
Epoch: 3 cost time: 9.935769081115723
Epoch: 3, Steps: 1055 | Train Loss: 0.5476741 Vali Loss: 0.3193777
EarlyStopping counter: 2 out of 6
Updating learning rate to 0.000125
	iters: 100, epoch: 4 | loss: 0.3142138
	speed: 0.0283s/iter; left time: 2896.8433s
	iters: 200, epoch: 4 | loss: 0.2985657
	speed: 0.0095s/iter; left time: 968.4414s
	iters: 300, epoch: 4 | loss: 0.7013869
	speed: 0.0094s/iter; left time: 963.5930s
	iters: 400, epoch: 4 | loss: 0.2921767
	speed: 0.0096s/iter; left time: 975.5173s
	iters: 500, epoch: 4 | loss: 0.7288713
	speed: 0.0094s/iter; left time: 957.7545s
	iters: 600, epoch: 4 | loss: 0.7738830
	speed: 0.0094s/iter; left time: 957.4248s
	iters: 700, epoch: 4 | loss: 0.5806017
	speed: 0.0094s/iter; left time: 951.9419s
	iters: 800, epoch: 4 | loss: 0.6569203
	speed: 0.0095s/iter; left time: 969.2625s
	iters: 900, epoch: 4 | loss: 0.4493909
	speed: 0.0097s/iter; left time: 987.5070s
	iters: 1000, epoch: 4 | loss: 0.3784252
	speed: 0.0093s/iter; left time: 944.4903s
Epoch: 4 cost time: 9.994822263717651
Epoch: 4, Steps: 1055 | Train Loss: 0.5306510 Vali Loss: 0.3259075
EarlyStopping counter: 3 out of 6
Updating learning rate to 6.25e-05
	iters: 100, epoch: 5 | loss: 0.3248610
	speed: 0.0281s/iter; left time: 2839.7251s
	iters: 200, epoch: 5 | loss: 0.6945647
	speed: 0.0094s/iter; left time: 953.9342s
	iters: 300, epoch: 5 | loss: 0.9674432
	speed: 0.0094s/iter; left time: 945.7565s
	iters: 400, epoch: 5 | loss: 0.2474880
	speed: 0.0095s/iter; left time: 955.6514s
	iters: 500, epoch: 5 | loss: 0.9286133
	speed: 0.0093s/iter; left time: 939.3625s
	iters: 600, epoch: 5 | loss: 0.4101787
	speed: 0.0095s/iter; left time: 952.8178s
	iters: 700, epoch: 5 | loss: 0.3862250
	speed: 0.0094s/iter; left time: 943.9317s
	iters: 800, epoch: 5 | loss: 0.5419649
	speed: 0.0094s/iter; left time: 944.5567s
	iters: 900, epoch: 5 | loss: 0.9208510
	speed: 0.0093s/iter; left time: 938.4893s
	iters: 1000, epoch: 5 | loss: 0.8921309
	speed: 0.0095s/iter; left time: 949.6446s
Epoch: 5 cost time: 9.91964840888977
Epoch: 5, Steps: 1055 | Train Loss: 0.5205104 Vali Loss: 0.3210075
EarlyStopping counter: 4 out of 6
Updating learning rate to 3.125e-05
	iters: 100, epoch: 6 | loss: 0.5312673
	speed: 0.0280s/iter; left time: 2804.5279s
	iters: 200, epoch: 6 | loss: 0.5329711
	speed: 0.0093s/iter; left time: 925.8314s
	iters: 300, epoch: 6 | loss: 0.5533737
	speed: 0.0094s/iter; left time: 943.9459s
	iters: 400, epoch: 6 | loss: 0.8408914
	speed: 0.0095s/iter; left time: 948.2511s
	iters: 500, epoch: 6 | loss: 0.4517084
	speed: 0.0093s/iter; left time: 927.9776s
	iters: 600, epoch: 6 | loss: 0.7172481
	speed: 0.0094s/iter; left time: 936.8619s
	iters: 700, epoch: 6 | loss: 0.3211333
	speed: 0.0095s/iter; left time: 942.5651s
	iters: 800, epoch: 6 | loss: 0.6635700
	speed: 0.0096s/iter; left time: 953.1598s
	iters: 900, epoch: 6 | loss: 0.6430394
	speed: 0.0095s/iter; left time: 942.0258s
	iters: 1000, epoch: 6 | loss: 0.5760633
	speed: 0.0095s/iter; left time: 947.1415s
Epoch: 6 cost time: 9.968269348144531
Epoch: 6, Steps: 1055 | Train Loss: 0.5149774 Vali Loss: 0.3229373
EarlyStopping counter: 5 out of 6
Updating learning rate to 1.5625e-05
	iters: 100, epoch: 7 | loss: 0.5434179
	speed: 0.0286s/iter; left time: 2837.8508s
	iters: 200, epoch: 7 | loss: 0.4075103
	speed: 0.0093s/iter; left time: 922.5720s
	iters: 300, epoch: 7 | loss: 0.5018956
	speed: 0.0092s/iter; left time: 909.8111s
	iters: 400, epoch: 7 | loss: 1.1289961
	speed: 0.0093s/iter; left time: 921.4250s
	iters: 500, epoch: 7 | loss: 0.7990384
	speed: 0.0093s/iter; left time: 912.7173s
	iters: 600, epoch: 7 | loss: 0.2058922
	speed: 0.0093s/iter; left time: 918.4948s
	iters: 700, epoch: 7 | loss: 0.3812597
	speed: 0.0092s/iter; left time: 902.0731s
	iters: 800, epoch: 7 | loss: 0.3823498
	speed: 0.0092s/iter; left time: 903.8892s
	iters: 900, epoch: 7 | loss: 0.7896496
	speed: 0.0093s/iter; left time: 915.4274s
	iters: 1000, epoch: 7 | loss: 0.4479254
	speed: 0.0094s/iter; left time: 919.0059s
Epoch: 7 cost time: 9.803591012954712
Epoch: 7, Steps: 1055 | Train Loss: 0.5123766 Vali Loss: 0.3222765
EarlyStopping counter: 6 out of 6
Early stopping
VALIDATION_RESULT {"best_epoch": 1, "best_mae": 0.37394442603298, "best_mse": 0.29603426862051324, "epochs_ran": 7, "metric_version": "element_weighted_v1"}
>>>>>>>testing : long_term_forecast_ETTm2_96_720_ettm2_p720_s2021_baseline_frozen_GraphMamba_ETTm2_ftM_sl96_ll48_pl720_dm64_nh8_el1_dl1_df128_expand2_dc2_fc1_ebtimeF_dtTrue_ettm2_p720_s2021_baseline_frozen_0_patch4_st2_ds32_mv1_bi1_ga0.5_gk2<<<<<<<<<<<<<<<<<<<<<<<<<<<<<<<<<
test 10801
test shape: (10801, 720, 7) (10801, 720, 7)
test shape: (10801, 720, 7) (10801, 720, 7)
mse:0.4091509282588959, mae:0.4083844721317291, dtw:Not calculated
