Using GPU
Args in experiment:
[1mBasic Config[0m
  Task Name:          long_term_forecast  Is Training:        1                   
  Model ID:           ETTm1_96_336_ettm1_p336_s2023_darc_frozenModel:              GraphMambaAF        

[1mData Loader[0m
  Data:               ETTm1               Root Path:          /home/cwh/Time-Series-Library/dataset/ETT-small
  Data Path:          ETTm1.csv           Features:           M                   
  Target:             OT                  Freq:               h                   
  Checkpoints:        ./checkpoints/      

[1mForecasting Task[0m
  Seq Len:            96                  Label Len:          48                  
  Pred Len:           336                 Seasonal Patterns:  Monthly             
  Inverse:            0                   

[1mModel Parameters[0m
  Top k:              5                   Num Kernels:        6                   
  Enc In:             7                   Dec In:             7                   
  C Out:              7                   d model:            64                  
  n heads:            8                   e layers:           1                   
  d layers:           1                   d FF:               128                 
  Moving Avg:         25                  Factor:             1                   
  Distil:             1                   Dropout:            0.1                 
  Embed:              timeF               Activation:         gelu                

[1mRun Parameters[0m
  Num Workers:        0                   Itr:                1                   
  Train Epochs:       100                 Batch Size:         32                  
  Patience:           6                   Learning Rate:      0.0005              
  Des:                ettm1_p336_s2023_darc_frozenLoss:               MSE                 
  Lradj:              type1               Use Amp:            0                   

[1mGPU[0m
  Use GPU:            1                   GPU:                0                   
  Use Multi GPU:      0                   Devices:            0,1,2,3             

[1mDe-stationary Projector Params[0m
  P Hidden Dims:      128, 128            P Hidden Layers:    2                   

Use GPU: cuda:0
🚀 Lazy Loading: GraphMambaAF ...
[GraphMamba] Building 7x7 static graph from 2000 training samples
>>>>>>>start training : long_term_forecast_ETTm1_96_336_ettm1_p336_s2023_darc_frozen_GraphMambaAF_ETTm1_ftM_sl96_ll48_pl336_dm64_nh8_el1_dl1_df128_expand2_dc2_fc1_ebtimeF_dtTrue_ettm1_p336_s2023_darc_frozen_0_patch4_st2_ds32_mv1_bi1_ga0.5_gk2_afvariable_scale_residual_h32>>>>>>>>>>>>>>>>>>>>>>>>>>
train 34129
val 11185
	iters: 100, epoch: 1 | loss: 0.4772037
	speed: 0.0114s/iter; left time: 1218.4506s
	iters: 200, epoch: 1 | loss: 0.4477017
	speed: 0.0095s/iter; left time: 1014.0242s
	iters: 300, epoch: 1 | loss: 0.4576479
	speed: 0.0096s/iter; left time: 1024.6130s
	iters: 400, epoch: 1 | loss: 0.4241435
	speed: 0.0099s/iter; left time: 1050.8261s
	iters: 500, epoch: 1 | loss: 0.4102529
	speed: 0.0096s/iter; left time: 1022.1009s
	iters: 600, epoch: 1 | loss: 0.4332105
	speed: 0.0097s/iter; left time: 1024.7759s
	iters: 700, epoch: 1 | loss: 0.3777033
	speed: 0.0095s/iter; left time: 1010.1661s
	iters: 800, epoch: 1 | loss: 0.4300514
	speed: 0.0096s/iter; left time: 1018.2411s
	iters: 900, epoch: 1 | loss: 0.3808084
	speed: 0.0097s/iter; left time: 1027.5592s
	iters: 1000, epoch: 1 | loss: 0.2849461
	speed: 0.0098s/iter; left time: 1034.7486s
Epoch: 1 cost time: 10.497337579727173
Epoch: 1, Steps: 1067 | Train Loss: 0.4282418 Vali Loss: 0.6699957
Validation loss decreased (inf --> 0.669996).  Saving model ...
Updating learning rate to 0.0005
	iters: 100, epoch: 2 | loss: 0.5078472
	speed: 0.0295s/iter; left time: 3114.8988s
	iters: 200, epoch: 2 | loss: 0.4291997
	speed: 0.0097s/iter; left time: 1026.6381s
	iters: 300, epoch: 2 | loss: 0.3878826
	speed: 0.0096s/iter; left time: 1012.0329s
	iters: 400, epoch: 2 | loss: 0.3002493
	speed: 0.0096s/iter; left time: 1011.1238s
	iters: 500, epoch: 2 | loss: 0.3939623
	speed: 0.0097s/iter; left time: 1020.2500s
	iters: 600, epoch: 2 | loss: 0.4395557
	speed: 0.0095s/iter; left time: 1002.5264s
	iters: 700, epoch: 2 | loss: 0.4516232
	speed: 0.0097s/iter; left time: 1012.8882s
	iters: 800, epoch: 2 | loss: 0.4136868
	speed: 0.0096s/iter; left time: 1011.0434s
	iters: 900, epoch: 2 | loss: 0.3357874
	speed: 0.0096s/iter; left time: 1003.2668s
	iters: 1000, epoch: 2 | loss: 0.4041085
	speed: 0.0095s/iter; left time: 989.3391s
Epoch: 2 cost time: 10.24662470817566
Epoch: 2, Steps: 1067 | Train Loss: 0.3865213 Vali Loss: 0.6664115
Validation loss decreased (0.669996 --> 0.666412).  Saving model ...
Updating learning rate to 0.00025
	iters: 100, epoch: 3 | loss: 0.3648803
	speed: 0.0296s/iter; left time: 3093.2245s
	iters: 200, epoch: 3 | loss: 0.3968834
	speed: 0.0096s/iter; left time: 1006.0501s
	iters: 300, epoch: 3 | loss: 0.4508083
	speed: 0.0097s/iter; left time: 1012.0949s
	iters: 400, epoch: 3 | loss: 0.3465665
	speed: 0.0097s/iter; left time: 1009.8058s
	iters: 500, epoch: 3 | loss: 0.3589867
	speed: 0.0096s/iter; left time: 1001.9358s
	iters: 600, epoch: 3 | loss: 0.3944943
	speed: 0.0094s/iter; left time: 979.7485s
	iters: 700, epoch: 3 | loss: 0.3750851
	speed: 0.0097s/iter; left time: 1007.2467s
	iters: 800, epoch: 3 | loss: 0.3707070
	speed: 0.0098s/iter; left time: 1014.2645s
	iters: 900, epoch: 3 | loss: 0.3609190
	speed: 0.0096s/iter; left time: 992.9514s
	iters: 1000, epoch: 3 | loss: 0.2848788
	speed: 0.0096s/iter; left time: 990.8313s
Epoch: 3 cost time: 10.284393072128296
Epoch: 3, Steps: 1067 | Train Loss: 0.3709196 Vali Loss: 0.6573102
Validation loss decreased (0.666412 --> 0.657310).  Saving model ...
Updating learning rate to 0.000125
	iters: 100, epoch: 4 | loss: 0.4403546
	speed: 0.0298s/iter; left time: 3084.2731s
	iters: 200, epoch: 4 | loss: 0.3454565
	speed: 0.0096s/iter; left time: 996.4444s
	iters: 300, epoch: 4 | loss: 0.3039642
	speed: 0.0097s/iter; left time: 996.7344s
	iters: 400, epoch: 4 | loss: 0.3630218
	speed: 0.0097s/iter; left time: 999.1932s
	iters: 500, epoch: 4 | loss: 0.2989030
	speed: 0.0096s/iter; left time: 984.6884s
	iters: 600, epoch: 4 | loss: 0.3326128
	speed: 0.0097s/iter; left time: 996.5386s
	iters: 700, epoch: 4 | loss: 0.3288403
	speed: 0.0097s/iter; left time: 994.1586s
	iters: 800, epoch: 4 | loss: 0.4235190
	speed: 0.0096s/iter; left time: 987.8779s
	iters: 900, epoch: 4 | loss: 0.4064301
	speed: 0.0096s/iter; left time: 979.9407s
	iters: 1000, epoch: 4 | loss: 0.3181593
	speed: 0.0097s/iter; left time: 993.2425s
Epoch: 4 cost time: 10.29108214378357
Epoch: 4, Steps: 1067 | Train Loss: 0.3632393 Vali Loss: 0.6570817
Validation loss decreased (0.657310 --> 0.657082).  Saving model ...
Updating learning rate to 6.25e-05
	iters: 100, epoch: 5 | loss: 0.3275369
	speed: 0.0298s/iter; left time: 3047.6260s
	iters: 200, epoch: 5 | loss: 0.3264317
	speed: 0.0097s/iter; left time: 991.7074s
	iters: 300, epoch: 5 | loss: 0.3508779
	speed: 0.0095s/iter; left time: 970.6059s
	iters: 400, epoch: 5 | loss: 0.3504633
	speed: 0.0095s/iter; left time: 972.1062s
	iters: 500, epoch: 5 | loss: 0.3462909
	speed: 0.0097s/iter; left time: 989.1735s
	iters: 600, epoch: 5 | loss: 0.3749182
	speed: 0.0096s/iter; left time: 976.0049s
	iters: 700, epoch: 5 | loss: 0.3758674
	speed: 0.0097s/iter; left time: 988.1306s
	iters: 800, epoch: 5 | loss: 0.3327016
	speed: 0.0096s/iter; left time: 975.8743s
	iters: 900, epoch: 5 | loss: 0.4180168
	speed: 0.0096s/iter; left time: 971.0121s
	iters: 1000, epoch: 5 | loss: 0.2936841
	speed: 0.0096s/iter; left time: 972.0388s
Epoch: 5 cost time: 10.259087562561035
Epoch: 5, Steps: 1067 | Train Loss: 0.3591361 Vali Loss: 0.6555422
Validation loss decreased (0.657082 --> 0.655542).  Saving model ...
Updating learning rate to 3.125e-05
	iters: 100, epoch: 6 | loss: 0.3524531
	speed: 0.0297s/iter; left time: 3008.6698s
	iters: 200, epoch: 6 | loss: 0.3598975
	speed: 0.0097s/iter; left time: 979.7444s
	iters: 300, epoch: 6 | loss: 0.4019663
	speed: 0.0097s/iter; left time: 981.0831s
	iters: 400, epoch: 6 | loss: 0.3230395
	speed: 0.0097s/iter; left time: 976.2683s
	iters: 500, epoch: 6 | loss: 0.3802418
	speed: 0.0096s/iter; left time: 969.2176s
	iters: 600, epoch: 6 | loss: 0.3120112
	speed: 0.0096s/iter; left time: 965.5388s
	iters: 700, epoch: 6 | loss: 0.3507653
	speed: 0.0098s/iter; left time: 985.7518s
	iters: 800, epoch: 6 | loss: 0.2921568
	speed: 0.0096s/iter; left time: 962.4749s
	iters: 900, epoch: 6 | loss: 0.3740273
	speed: 0.0096s/iter; left time: 960.1207s
	iters: 1000, epoch: 6 | loss: 0.3373273
	speed: 0.0096s/iter; left time: 967.8288s
Epoch: 6 cost time: 10.289220809936523
Epoch: 6, Steps: 1067 | Train Loss: 0.3569113 Vali Loss: 0.6584322
EarlyStopping counter: 1 out of 6
Updating learning rate to 1.5625e-05
	iters: 100, epoch: 7 | loss: 0.3415188
	speed: 0.0295s/iter; left time: 2954.6918s
	iters: 200, epoch: 7 | loss: 0.2653794
	speed: 0.0096s/iter; left time: 965.6285s
	iters: 300, epoch: 7 | loss: 0.3109877
	speed: 0.0097s/iter; left time: 967.1589s
	iters: 400, epoch: 7 | loss: 0.3665681
	speed: 0.0097s/iter; left time: 965.3667s
	iters: 500, epoch: 7 | loss: 0.4305769
	speed: 0.0097s/iter; left time: 965.9981s
	iters: 600, epoch: 7 | loss: 0.3198383
	speed: 0.0096s/iter; left time: 959.3004s
	iters: 700, epoch: 7 | loss: 0.3030328
	speed: 0.0096s/iter; left time: 954.8819s
	iters: 800, epoch: 7 | loss: 0.3288410
	speed: 0.0099s/iter; left time: 988.1122s
	iters: 900, epoch: 7 | loss: 0.3461033
	speed: 0.0095s/iter; left time: 944.8918s
	iters: 1000, epoch: 7 | loss: 0.3267801
	speed: 0.0097s/iter; left time: 966.0044s
Epoch: 7 cost time: 10.311826944351196
Epoch: 7, Steps: 1067 | Train Loss: 0.3554632 Vali Loss: 0.6586054
EarlyStopping counter: 2 out of 6
Updating learning rate to 7.8125e-06
	iters: 100, epoch: 8 | loss: 0.2991934
	speed: 0.0294s/iter; left time: 2914.8328s
	iters: 200, epoch: 8 | loss: 0.3792985
	speed: 0.0097s/iter; left time: 964.0409s
	iters: 300, epoch: 8 | loss: 0.2958972
	speed: 0.0096s/iter; left time: 952.2619s
	iters: 400, epoch: 8 | loss: 0.3814386
	speed: 0.0096s/iter; left time: 945.8048s
	iters: 500, epoch: 8 | loss: 0.3178658
	speed: 0.0097s/iter; left time: 954.3263s
	iters: 600, epoch: 8 | loss: 0.3252670
	speed: 0.0095s/iter; left time: 933.9385s
	iters: 700, epoch: 8 | loss: 0.3172295
	speed: 0.0095s/iter; left time: 938.6741s
	iters: 800, epoch: 8 | loss: 0.3513206
	speed: 0.0098s/iter; left time: 961.9425s
	iters: 900, epoch: 8 | loss: 0.3694389
	speed: 0.0098s/iter; left time: 963.9868s
	iters: 1000, epoch: 8 | loss: 0.3404250
	speed: 0.0095s/iter; left time: 936.7342s
Epoch: 8 cost time: 10.29033613204956
Epoch: 8, Steps: 1067 | Train Loss: 0.3547237 Vali Loss: 0.6577325
EarlyStopping counter: 3 out of 6
Updating learning rate to 3.90625e-06
	iters: 100, epoch: 9 | loss: 0.5407013
	speed: 0.0294s/iter; left time: 2886.9969s
	iters: 200, epoch: 9 | loss: 0.3309888
	speed: 0.0095s/iter; left time: 935.1973s
	iters: 300, epoch: 9 | loss: 0.3072755
	speed: 0.0097s/iter; left time: 945.8816s
	iters: 400, epoch: 9 | loss: 0.2918505
	speed: 0.0096s/iter; left time: 935.2372s
	iters: 500, epoch: 9 | loss: 0.2867922
	speed: 0.0097s/iter; left time: 946.4815s
	iters: 600, epoch: 9 | loss: 0.4110857
	speed: 0.0097s/iter; left time: 942.4724s
	iters: 700, epoch: 9 | loss: 0.2802198
	speed: 0.0096s/iter; left time: 936.7692s
	iters: 800, epoch: 9 | loss: 0.2902412
	speed: 0.0098s/iter; left time: 954.2311s
	iters: 900, epoch: 9 | loss: 0.3480139
	speed: 0.0097s/iter; left time: 945.4433s
	iters: 1000, epoch: 9 | loss: 0.3641202
	speed: 0.0096s/iter; left time: 933.0215s
Epoch: 9 cost time: 10.293898582458496
Epoch: 9, Steps: 1067 | Train Loss: 0.3544034 Vali Loss: 0.6588329
EarlyStopping counter: 4 out of 6
Updating learning rate to 1.953125e-06
	iters: 100, epoch: 10 | loss: 0.4100555
	speed: 0.0296s/iter; left time: 2867.2691s
	iters: 200, epoch: 10 | loss: 0.3342984
	speed: 0.0098s/iter; left time: 947.8405s
	iters: 300, epoch: 10 | loss: 0.3203073
	speed: 0.0097s/iter; left time: 934.6741s
	iters: 400, epoch: 10 | loss: 0.3437324
	speed: 0.0095s/iter; left time: 920.7800s
	iters: 500, epoch: 10 | loss: 0.4564462
	speed: 0.0094s/iter; left time: 907.3635s
	iters: 600, epoch: 10 | loss: 0.3616631
	speed: 0.0095s/iter; left time: 920.6422s
	iters: 700, epoch: 10 | loss: 0.4075692
	speed: 0.0097s/iter; left time: 935.0988s
	iters: 800, epoch: 10 | loss: 0.3367527
	speed: 0.0095s/iter; left time: 916.2068s
	iters: 900, epoch: 10 | loss: 0.3784081
	speed: 0.0096s/iter; left time: 924.7738s
	iters: 1000, epoch: 10 | loss: 0.3532837
	speed: 0.0096s/iter; left time: 919.7825s
Epoch: 10 cost time: 10.232741355895996
Epoch: 10, Steps: 1067 | Train Loss: 0.3541368 Vali Loss: 0.6579095
EarlyStopping counter: 5 out of 6
Updating learning rate to 9.765625e-07
	iters: 100, epoch: 11 | loss: 0.3683336
	speed: 0.0298s/iter; left time: 2858.8419s
	iters: 200, epoch: 11 | loss: 0.3180515
	speed: 0.0096s/iter; left time: 923.5684s
	iters: 300, epoch: 11 | loss: 0.3276247
	speed: 0.0097s/iter; left time: 926.3846s
	iters: 400, epoch: 11 | loss: 0.2856700
	speed: 0.0097s/iter; left time: 931.9760s
	iters: 500, epoch: 11 | loss: 0.3007680
	speed: 0.0098s/iter; left time: 933.4249s
	iters: 600, epoch: 11 | loss: 0.3807429
	speed: 0.0097s/iter; left time: 920.9261s
	iters: 700, epoch: 11 | loss: 0.4225641
	speed: 0.0095s/iter; left time: 904.3613s
	iters: 800, epoch: 11 | loss: 0.3875238
	speed: 0.0096s/iter; left time: 911.4497s
	iters: 900, epoch: 11 | loss: 0.4553030
	speed: 0.0096s/iter; left time: 910.2771s
	iters: 1000, epoch: 11 | loss: 0.4296116
	speed: 0.0098s/iter; left time: 929.5916s
Epoch: 11 cost time: 10.303617238998413
Epoch: 11, Steps: 1067 | Train Loss: 0.3541194 Vali Loss: 0.6581838
EarlyStopping counter: 6 out of 6
Early stopping
VALIDATION_RESULT {"best_epoch": 5, "best_mae": 0.5410449651736393, "best_mse": 0.6555422106110199, "epochs_ran": 11, "metric_version": "element_weighted_v1"}
>>>>>>>testing : long_term_forecast_ETTm1_96_336_ettm1_p336_s2023_darc_frozen_GraphMambaAF_ETTm1_ftM_sl96_ll48_pl336_dm64_nh8_el1_dl1_df128_expand2_dc2_fc1_ebtimeF_dtTrue_ettm1_p336_s2023_darc_frozen_0_patch4_st2_ds32_mv1_bi1_ga0.5_gk2_afvariable_scale_residual_h32<<<<<<<<<<<<<<<<<<<<<<<<<<<<<<<<<
test 11185
test shape: (11185, 336, 7) (11185, 336, 7)
test shape: (11185, 336, 7) (11185, 336, 7)
mse:0.39131972193717957, mae:0.410714328289032, dtw:Not calculated
