Using GPU
Args in experiment:
[1mBasic Config[0m
  Task Name:          long_term_forecast  Is Training:        1                   
  Model ID:           ETTm2_96_720_ettm2_p720_s2023_darc_frozenModel:              GraphMambaAF        

[1mData Loader[0m
  Data:               ETTm2               Root Path:          /home/cwh/Time-Series-Library/dataset/ETT-small
  Data Path:          ETTm2.csv           Features:           M                   
  Target:             OT                  Freq:               h                   
  Checkpoints:        ./checkpoints/      

[1mForecasting Task[0m
  Seq Len:            96                  Label Len:          48                  
  Pred Len:           720                 Seasonal Patterns:  Monthly             
  Inverse:            0                   

[1mModel Parameters[0m
  Top k:              5                   Num Kernels:        6                   
  Enc In:             7                   Dec In:             7                   
  C Out:              7                   d model:            64                  
  n heads:            8                   e layers:           1                   
  d layers:           1                   d FF:               128                 
  Moving Avg:         25                  Factor:             1                   
  Distil:             1                   Dropout:            0.1                 
  Embed:              timeF               Activation:         gelu                

[1mRun Parameters[0m
  Num Workers:        0                   Itr:                1                   
  Train Epochs:       100                 Batch Size:         32                  
  Patience:           6                   Learning Rate:      0.0005              
  Des:                ettm2_p720_s2023_darc_frozenLoss:               MSE                 
  Lradj:              type1               Use Amp:            0                   

[1mGPU[0m
  Use GPU:            1                   GPU:                0                   
  Use Multi GPU:      0                   Devices:            0,1,2,3             

[1mDe-stationary Projector Params[0m
  P Hidden Dims:      128, 128            P Hidden Layers:    2                   

Use GPU: cuda:0
🚀 Lazy Loading: GraphMambaAF ...
[GraphMamba] Building 7x7 static graph from 2000 training samples
>>>>>>>start training : long_term_forecast_ETTm2_96_720_ettm2_p720_s2023_darc_frozen_GraphMambaAF_ETTm2_ftM_sl96_ll48_pl720_dm64_nh8_el1_dl1_df128_expand2_dc2_fc1_ebtimeF_dtTrue_ettm2_p720_s2023_darc_frozen_0_patch4_st2_ds32_mv1_bi1_ga0.5_gk2_afvariable_scale_residual_h32>>>>>>>>>>>>>>>>>>>>>>>>>>
train 33745
val 10801
	iters: 100, epoch: 1 | loss: 0.5948257
	speed: 0.0121s/iter; left time: 1277.6166s
	iters: 200, epoch: 1 | loss: 0.5687511
	speed: 0.0100s/iter; left time: 1053.2098s
	iters: 300, epoch: 1 | loss: 0.6275795
	speed: 0.0099s/iter; left time: 1038.0740s
	iters: 400, epoch: 1 | loss: 0.8478726
	speed: 0.0099s/iter; left time: 1039.0405s
	iters: 500, epoch: 1 | loss: 0.5791559
	speed: 0.0100s/iter; left time: 1053.6810s
	iters: 600, epoch: 1 | loss: 0.3931955
	speed: 0.0101s/iter; left time: 1055.1660s
	iters: 700, epoch: 1 | loss: 0.4275437
	speed: 0.0100s/iter; left time: 1051.9131s
	iters: 800, epoch: 1 | loss: 0.2342535
	speed: 0.0101s/iter; left time: 1055.4304s
	iters: 900, epoch: 1 | loss: 0.4312151
	speed: 0.0102s/iter; left time: 1062.0432s
	iters: 1000, epoch: 1 | loss: 0.9824277
	speed: 0.0100s/iter; left time: 1046.4416s
Epoch: 1 cost time: 10.77654767036438
Epoch: 1, Steps: 1055 | Train Loss: 0.6037787 Vali Loss: 0.3157147
Validation loss decreased (inf --> 0.315715).  Saving model ...
Updating learning rate to 0.0005
	iters: 100, epoch: 2 | loss: 1.3603907
	speed: 0.0295s/iter; left time: 3075.6546s
	iters: 200, epoch: 2 | loss: 0.7904099
	speed: 0.0101s/iter; left time: 1058.0381s
	iters: 300, epoch: 2 | loss: 0.4056633
	speed: 0.0101s/iter; left time: 1053.4635s
	iters: 400, epoch: 2 | loss: 0.9280964
	speed: 0.0101s/iter; left time: 1055.3089s
	iters: 500, epoch: 2 | loss: 0.3381511
	speed: 0.0101s/iter; left time: 1045.0520s
	iters: 600, epoch: 2 | loss: 0.6515017
	speed: 0.0101s/iter; left time: 1052.8763s
	iters: 700, epoch: 2 | loss: 0.6603256
	speed: 0.0102s/iter; left time: 1054.3780s
	iters: 800, epoch: 2 | loss: 0.4768307
	speed: 0.0101s/iter; left time: 1044.2549s
	iters: 900, epoch: 2 | loss: 0.3819681
	speed: 0.0099s/iter; left time: 1026.4338s
	iters: 1000, epoch: 2 | loss: 0.7013016
	speed: 0.0103s/iter; left time: 1061.0408s
Epoch: 2 cost time: 10.661398887634277
Epoch: 2, Steps: 1055 | Train Loss: 0.5687934 Vali Loss: 0.3081114
Validation loss decreased (0.315715 --> 0.308111).  Saving model ...
Updating learning rate to 0.00025
	iters: 100, epoch: 3 | loss: 0.7036413
	speed: 0.0296s/iter; left time: 3058.4674s
	iters: 200, epoch: 3 | loss: 0.3910838
	speed: 0.0101s/iter; left time: 1042.5192s
	iters: 300, epoch: 3 | loss: 0.3172625
	speed: 0.0101s/iter; left time: 1040.1757s
	iters: 400, epoch: 3 | loss: 0.4243115
	speed: 0.0101s/iter; left time: 1038.0200s
	iters: 500, epoch: 3 | loss: 0.3270373
	speed: 0.0100s/iter; left time: 1026.4537s
	iters: 600, epoch: 3 | loss: 0.3634009
	speed: 0.0100s/iter; left time: 1029.3625s
	iters: 700, epoch: 3 | loss: 0.5334384
	speed: 0.0099s/iter; left time: 1020.9997s
	iters: 800, epoch: 3 | loss: 0.3286642
	speed: 0.0099s/iter; left time: 1020.3410s
	iters: 900, epoch: 3 | loss: 0.2524720
	speed: 0.0099s/iter; left time: 1019.4843s
	iters: 1000, epoch: 3 | loss: 0.4290800
	speed: 0.0100s/iter; left time: 1021.4732s
Epoch: 3 cost time: 10.542999982833862
Epoch: 3, Steps: 1055 | Train Loss: 0.5432392 Vali Loss: 0.3023549
Validation loss decreased (0.308111 --> 0.302355).  Saving model ...
Updating learning rate to 0.000125
	iters: 100, epoch: 4 | loss: 1.0919975
	speed: 0.0295s/iter; left time: 3013.0085s
	iters: 200, epoch: 4 | loss: 0.4868253
	speed: 0.0099s/iter; left time: 1015.9217s
	iters: 300, epoch: 4 | loss: 0.7063005
	speed: 0.0099s/iter; left time: 1010.8704s
	iters: 400, epoch: 4 | loss: 0.5402546
	speed: 0.0098s/iter; left time: 998.9381s
	iters: 500, epoch: 4 | loss: 0.2766337
	speed: 0.0099s/iter; left time: 1006.2702s
	iters: 600, epoch: 4 | loss: 0.4645076
	speed: 0.0099s/iter; left time: 1007.7426s
	iters: 700, epoch: 4 | loss: 0.2971179
	speed: 0.0099s/iter; left time: 1004.6596s
	iters: 800, epoch: 4 | loss: 0.4585173
	speed: 0.0098s/iter; left time: 997.7409s
	iters: 900, epoch: 4 | loss: 0.3901188
	speed: 0.0098s/iter; left time: 993.2380s
	iters: 1000, epoch: 4 | loss: 0.2815956
	speed: 0.0098s/iter; left time: 992.8855s
Epoch: 4 cost time: 10.40519642829895
Epoch: 4, Steps: 1055 | Train Loss: 0.5282625 Vali Loss: 0.3192725
EarlyStopping counter: 1 out of 6
Updating learning rate to 6.25e-05
	iters: 100, epoch: 5 | loss: 0.7475730
	speed: 0.0292s/iter; left time: 2954.7668s
	iters: 200, epoch: 5 | loss: 0.5841313
	speed: 0.0099s/iter; left time: 999.9953s
	iters: 300, epoch: 5 | loss: 0.3599344
	speed: 0.0099s/iter; left time: 999.7497s
	iters: 400, epoch: 5 | loss: 0.6143415
	speed: 0.0100s/iter; left time: 1005.2330s
	iters: 500, epoch: 5 | loss: 0.5973431
	speed: 0.0098s/iter; left time: 992.1874s
	iters: 600, epoch: 5 | loss: 0.3218902
	speed: 0.0101s/iter; left time: 1014.0557s
	iters: 700, epoch: 5 | loss: 0.8661339
	speed: 0.0099s/iter; left time: 997.8140s
	iters: 800, epoch: 5 | loss: 0.6837230
	speed: 0.0098s/iter; left time: 988.0265s
	iters: 900, epoch: 5 | loss: 0.9268765
	speed: 0.0099s/iter; left time: 989.2058s
	iters: 1000, epoch: 5 | loss: 0.5774236
	speed: 0.0098s/iter; left time: 984.9695s
Epoch: 5 cost time: 10.454891681671143
Epoch: 5, Steps: 1055 | Train Loss: 0.5190167 Vali Loss: 0.3175532
EarlyStopping counter: 2 out of 6
Updating learning rate to 3.125e-05
	iters: 100, epoch: 6 | loss: 0.3341621
	speed: 0.0294s/iter; left time: 2948.2005s
	iters: 200, epoch: 6 | loss: 0.5361673
	speed: 0.0099s/iter; left time: 994.4032s
	iters: 300, epoch: 6 | loss: 0.4057384
	speed: 0.0099s/iter; left time: 992.0081s
	iters: 400, epoch: 6 | loss: 0.3996018
	speed: 0.0099s/iter; left time: 989.2670s
	iters: 500, epoch: 6 | loss: 0.5226244
	speed: 0.0100s/iter; left time: 999.6795s
	iters: 600, epoch: 6 | loss: 0.5588495
	speed: 0.0100s/iter; left time: 994.6389s
	iters: 700, epoch: 6 | loss: 0.7960767
	speed: 0.0100s/iter; left time: 996.6009s
	iters: 800, epoch: 6 | loss: 0.6963203
	speed: 0.0100s/iter; left time: 993.7755s
	iters: 900, epoch: 6 | loss: 0.2962940
	speed: 0.0101s/iter; left time: 1008.1519s
	iters: 1000, epoch: 6 | loss: 0.6226066
	speed: 0.0097s/iter; left time: 965.9961s
Epoch: 6 cost time: 10.494932174682617
Epoch: 6, Steps: 1055 | Train Loss: 0.5133971 Vali Loss: 0.3153577
EarlyStopping counter: 3 out of 6
Updating learning rate to 1.5625e-05
	iters: 100, epoch: 7 | loss: 0.4589848
	speed: 0.0291s/iter; left time: 2882.2677s
	iters: 200, epoch: 7 | loss: 0.3639913
	speed: 0.0099s/iter; left time: 978.5838s
	iters: 300, epoch: 7 | loss: 0.6802080
	speed: 0.0099s/iter; left time: 980.0496s
	iters: 400, epoch: 7 | loss: 0.5990427
	speed: 0.0098s/iter; left time: 971.6812s
	iters: 500, epoch: 7 | loss: 0.2803559
	speed: 0.0099s/iter; left time: 976.5721s
	iters: 600, epoch: 7 | loss: 0.3819338
	speed: 0.0100s/iter; left time: 985.2625s
	iters: 700, epoch: 7 | loss: 0.5913186
	speed: 0.0099s/iter; left time: 974.1729s
	iters: 800, epoch: 7 | loss: 0.6726766
	speed: 0.0100s/iter; left time: 978.9199s
	iters: 900, epoch: 7 | loss: 0.9732656
	speed: 0.0099s/iter; left time: 975.9670s
	iters: 1000, epoch: 7 | loss: 0.2631090
	speed: 0.0101s/iter; left time: 988.0085s
Epoch: 7 cost time: 10.489150762557983
Epoch: 7, Steps: 1055 | Train Loss: 0.5107216 Vali Loss: 0.3157419
EarlyStopping counter: 4 out of 6
Updating learning rate to 7.8125e-06
	iters: 100, epoch: 8 | loss: 0.6807777
	speed: 0.0292s/iter; left time: 2865.9603s
	iters: 200, epoch: 8 | loss: 0.4304497
	speed: 0.0102s/iter; left time: 996.6512s
	iters: 300, epoch: 8 | loss: 0.8548586
	speed: 0.0099s/iter; left time: 968.7802s
	iters: 400, epoch: 8 | loss: 0.5152432
	speed: 0.0100s/iter; left time: 979.0012s
	iters: 500, epoch: 8 | loss: 0.4927585
	speed: 0.0102s/iter; left time: 994.6503s
	iters: 600, epoch: 8 | loss: 0.7063948
	speed: 0.0100s/iter; left time: 975.5427s
	iters: 700, epoch: 8 | loss: 1.0419002
	speed: 0.0099s/iter; left time: 961.8227s
	iters: 800, epoch: 8 | loss: 0.4019539
	speed: 0.0099s/iter; left time: 966.9386s
	iters: 900, epoch: 8 | loss: 0.3600682
	speed: 0.0099s/iter; left time: 962.5779s
	iters: 1000, epoch: 8 | loss: 0.8295525
	speed: 0.0100s/iter; left time: 969.4292s
Epoch: 8 cost time: 10.547906160354614
Epoch: 8, Steps: 1055 | Train Loss: 0.5093960 Vali Loss: 0.3156300
EarlyStopping counter: 5 out of 6
Updating learning rate to 3.90625e-06
	iters: 100, epoch: 9 | loss: 0.6356353
	speed: 0.0292s/iter; left time: 2834.4300s
	iters: 200, epoch: 9 | loss: 0.9771640
	speed: 0.0098s/iter; left time: 949.3713s
	iters: 300, epoch: 9 | loss: 0.5523098
	speed: 0.0098s/iter; left time: 950.7159s
	iters: 400, epoch: 9 | loss: 0.9241356
	speed: 0.0099s/iter; left time: 958.4642s
	iters: 500, epoch: 9 | loss: 0.3687286
	speed: 0.0098s/iter; left time: 949.0954s
	iters: 600, epoch: 9 | loss: 0.3489650
	speed: 0.0099s/iter; left time: 955.9917s
	iters: 700, epoch: 9 | loss: 0.2730233
	speed: 0.0100s/iter; left time: 963.1654s
	iters: 800, epoch: 9 | loss: 0.4437889
	speed: 0.0099s/iter; left time: 952.1079s
	iters: 900, epoch: 9 | loss: 0.8098952
	speed: 0.0098s/iter; left time: 945.8583s
	iters: 1000, epoch: 9 | loss: 0.2689976
	speed: 0.0098s/iter; left time: 944.3523s
Epoch: 9 cost time: 10.408930778503418
Epoch: 9, Steps: 1055 | Train Loss: 0.5090780 Vali Loss: 0.3161946
EarlyStopping counter: 6 out of 6
Early stopping
VALIDATION_RESULT {"best_epoch": 3, "best_mae": 0.3785466550411953, "best_mse": 0.30235492912718526, "epochs_ran": 9, "metric_version": "element_weighted_v1"}
>>>>>>>testing : long_term_forecast_ETTm2_96_720_ettm2_p720_s2023_darc_frozen_GraphMambaAF_ETTm2_ftM_sl96_ll48_pl720_dm64_nh8_el1_dl1_df128_expand2_dc2_fc1_ebtimeF_dtTrue_ettm2_p720_s2023_darc_frozen_0_patch4_st2_ds32_mv1_bi1_ga0.5_gk2_afvariable_scale_residual_h32<<<<<<<<<<<<<<<<<<<<<<<<<<<<<<<<<
test 10801
test shape: (10801, 720, 7) (10801, 720, 7)
test shape: (10801, 720, 7) (10801, 720, 7)
mse:0.48554331064224243, mae:0.43791401386260986, dtw:Not calculated
