Using GPU
Args in experiment:
[1mBasic Config[0m
  Task Name:          long_term_forecast  Is Training:        1                   
  Model ID:           ETTm2_96_720_ettm2_p720_s2023_baseline_frozenModel:              GraphMamba          

[1mData Loader[0m
  Data:               ETTm2               Root Path:          /home/cwh/Time-Series-Library/dataset/ETT-small
  Data Path:          ETTm2.csv           Features:           M                   
  Target:             OT                  Freq:               h                   
  Checkpoints:        ./checkpoints/      

[1mForecasting Task[0m
  Seq Len:            96                  Label Len:          48                  
  Pred Len:           720                 Seasonal Patterns:  Monthly             
  Inverse:            0                   

[1mModel Parameters[0m
  Top k:              5                   Num Kernels:        6                   
  Enc In:             7                   Dec In:             7                   
  C Out:              7                   d model:            64                  
  n heads:            8                   e layers:           1                   
  d layers:           1                   d FF:               128                 
  Moving Avg:         25                  Factor:             1                   
  Distil:             1                   Dropout:            0.1                 
  Embed:              timeF               Activation:         gelu                

[1mRun Parameters[0m
  Num Workers:        0                   Itr:                1                   
  Train Epochs:       100                 Batch Size:         32                  
  Patience:           6                   Learning Rate:      0.0005              
  Des:                ettm2_p720_s2023_baseline_frozenLoss:               MSE                 
  Lradj:              type1               Use Amp:            0                   

[1mGPU[0m
  Use GPU:            1                   GPU:                0                   
  Use Multi GPU:      0                   Devices:            0,1,2,3             

[1mDe-stationary Projector Params[0m
  P Hidden Dims:      128, 128            P Hidden Layers:    2                   

Use GPU: cuda:0
🚀 Lazy Loading: GraphMamba ...
[GraphMamba] Building 7x7 static graph from 2000 training samples
>>>>>>>start training : long_term_forecast_ETTm2_96_720_ettm2_p720_s2023_baseline_frozen_GraphMamba_ETTm2_ftM_sl96_ll48_pl720_dm64_nh8_el1_dl1_df128_expand2_dc2_fc1_ebtimeF_dtTrue_ettm2_p720_s2023_baseline_frozen_0_patch4_st2_ds32_mv1_bi1_ga0.5_gk2>>>>>>>>>>>>>>>>>>>>>>>>>>
train 33745
val 10801
	iters: 100, epoch: 1 | loss: 0.5975257
	speed: 0.0115s/iter; left time: 1212.8012s
	iters: 200, epoch: 1 | loss: 0.5690362
	speed: 0.0094s/iter; left time: 990.2585s
	iters: 300, epoch: 1 | loss: 0.6262655
	speed: 0.0093s/iter; left time: 981.2691s
	iters: 400, epoch: 1 | loss: 0.8483524
	speed: 0.0092s/iter; left time: 971.4528s
	iters: 500, epoch: 1 | loss: 0.5824648
	speed: 0.0095s/iter; left time: 1000.2701s
	iters: 600, epoch: 1 | loss: 0.3928190
	speed: 0.0095s/iter; left time: 999.4860s
	iters: 700, epoch: 1 | loss: 0.4309948
	speed: 0.0095s/iter; left time: 997.1642s
	iters: 800, epoch: 1 | loss: 0.2362496
	speed: 0.0096s/iter; left time: 1001.9272s
	iters: 900, epoch: 1 | loss: 0.4329059
	speed: 0.0096s/iter; left time: 1004.6405s
	iters: 1000, epoch: 1 | loss: 0.9985464
	speed: 0.0096s/iter; left time: 1005.4520s
Epoch: 1 cost time: 10.20151162147522
Epoch: 1, Steps: 1055 | Train Loss: 0.6038950 Vali Loss: 0.3078225
Validation loss decreased (inf --> 0.307822).  Saving model ...
Updating learning rate to 0.0005
	iters: 100, epoch: 2 | loss: 1.3691844
	speed: 0.0284s/iter; left time: 2967.2849s
	iters: 200, epoch: 2 | loss: 0.7957090
	speed: 0.0095s/iter; left time: 991.7316s
	iters: 300, epoch: 2 | loss: 0.4116787
	speed: 0.0093s/iter; left time: 970.8815s
	iters: 400, epoch: 2 | loss: 0.9523379
	speed: 0.0095s/iter; left time: 988.1143s
	iters: 500, epoch: 2 | loss: 0.3349886
	speed: 0.0097s/iter; left time: 1013.1510s
	iters: 600, epoch: 2 | loss: 0.6487120
	speed: 0.0095s/iter; left time: 989.9733s
	iters: 700, epoch: 2 | loss: 0.6611759
	speed: 0.0095s/iter; left time: 983.5472s
	iters: 800, epoch: 2 | loss: 0.4799746
	speed: 0.0098s/iter; left time: 1011.8129s
	iters: 900, epoch: 2 | loss: 0.3730140
	speed: 0.0095s/iter; left time: 987.3055s
	iters: 1000, epoch: 2 | loss: 0.7007920
	speed: 0.0096s/iter; left time: 995.1558s
Epoch: 2 cost time: 10.079644441604614
Epoch: 2, Steps: 1055 | Train Loss: 0.5692015 Vali Loss: 0.3019279
Validation loss decreased (0.307822 --> 0.301928).  Saving model ...
Updating learning rate to 0.00025
	iters: 100, epoch: 3 | loss: 0.7103165
	speed: 0.0288s/iter; left time: 2979.0534s
	iters: 200, epoch: 3 | loss: 0.3879765
	speed: 0.0095s/iter; left time: 980.3273s
	iters: 300, epoch: 3 | loss: 0.3220710
	speed: 0.0096s/iter; left time: 990.3469s
	iters: 400, epoch: 3 | loss: 0.4271693
	speed: 0.0096s/iter; left time: 989.0400s
	iters: 500, epoch: 3 | loss: 0.3221181
	speed: 0.0096s/iter; left time: 992.3809s
	iters: 600, epoch: 3 | loss: 0.3644560
	speed: 0.0096s/iter; left time: 984.1890s
	iters: 700, epoch: 3 | loss: 0.5509943
	speed: 0.0094s/iter; left time: 968.7062s
	iters: 800, epoch: 3 | loss: 0.3297406
	speed: 0.0098s/iter; left time: 1001.6842s
	iters: 900, epoch: 3 | loss: 0.2491710
	speed: 0.0096s/iter; left time: 987.4417s
	iters: 1000, epoch: 3 | loss: 0.4341002
	speed: 0.0094s/iter; left time: 962.7201s
Epoch: 3 cost time: 10.095832824707031
Epoch: 3, Steps: 1055 | Train Loss: 0.5450387 Vali Loss: 0.2993889
Validation loss decreased (0.301928 --> 0.299389).  Saving model ...
Updating learning rate to 0.000125
	iters: 100, epoch: 4 | loss: 1.0946423
	speed: 0.0285s/iter; left time: 2909.7343s
	iters: 200, epoch: 4 | loss: 0.4782957
	speed: 0.0095s/iter; left time: 972.0823s
	iters: 300, epoch: 4 | loss: 0.6967327
	speed: 0.0095s/iter; left time: 974.3831s
	iters: 400, epoch: 4 | loss: 0.5514755
	speed: 0.0095s/iter; left time: 969.9900s
	iters: 500, epoch: 4 | loss: 0.2792289
	speed: 0.0096s/iter; left time: 978.2817s
	iters: 600, epoch: 4 | loss: 0.4702506
	speed: 0.0095s/iter; left time: 970.7451s
	iters: 700, epoch: 4 | loss: 0.2991483
	speed: 0.0094s/iter; left time: 953.3364s
	iters: 800, epoch: 4 | loss: 0.4654111
	speed: 0.0096s/iter; left time: 969.7198s
	iters: 900, epoch: 4 | loss: 0.3897842
	speed: 0.0095s/iter; left time: 961.2551s
	iters: 1000, epoch: 4 | loss: 0.2797574
	speed: 0.0096s/iter; left time: 968.7749s
Epoch: 4 cost time: 10.040238857269287
Epoch: 4, Steps: 1055 | Train Loss: 0.5307067 Vali Loss: 0.3148034
EarlyStopping counter: 1 out of 6
Updating learning rate to 6.25e-05
	iters: 100, epoch: 5 | loss: 0.7540089
	speed: 0.0282s/iter; left time: 2856.2064s
	iters: 200, epoch: 5 | loss: 0.5896598
	speed: 0.0096s/iter; left time: 965.9351s
	iters: 300, epoch: 5 | loss: 0.3612181
	speed: 0.0097s/iter; left time: 977.0655s
	iters: 400, epoch: 5 | loss: 0.6107146
	speed: 0.0096s/iter; left time: 973.2827s
	iters: 500, epoch: 5 | loss: 0.5975257
	speed: 0.0095s/iter; left time: 961.0860s
	iters: 600, epoch: 5 | loss: 0.3234948
	speed: 0.0095s/iter; left time: 961.0572s
	iters: 700, epoch: 5 | loss: 0.8760704
	speed: 0.0096s/iter; left time: 969.4198s
	iters: 800, epoch: 5 | loss: 0.6825017
	speed: 0.0095s/iter; left time: 954.4605s
	iters: 900, epoch: 5 | loss: 0.9271010
	speed: 0.0096s/iter; left time: 965.6139s
	iters: 1000, epoch: 5 | loss: 0.5728648
	speed: 0.0095s/iter; left time: 955.0619s
Epoch: 5 cost time: 10.08489727973938
Epoch: 5, Steps: 1055 | Train Loss: 0.5217401 Vali Loss: 0.3162478
EarlyStopping counter: 2 out of 6
Updating learning rate to 3.125e-05
	iters: 100, epoch: 6 | loss: 0.3317394
	speed: 0.0283s/iter; left time: 2830.9420s
	iters: 200, epoch: 6 | loss: 0.5452833
	speed: 0.0095s/iter; left time: 953.6006s
	iters: 300, epoch: 6 | loss: 0.4108043
	speed: 0.0095s/iter; left time: 951.0627s
	iters: 400, epoch: 6 | loss: 0.4058752
	speed: 0.0094s/iter; left time: 942.2592s
	iters: 500, epoch: 6 | loss: 0.5294029
	speed: 0.0094s/iter; left time: 935.2606s
	iters: 600, epoch: 6 | loss: 0.5642114
	speed: 0.0094s/iter; left time: 939.1032s
	iters: 700, epoch: 6 | loss: 0.8076648
	speed: 0.0095s/iter; left time: 947.8609s
	iters: 800, epoch: 6 | loss: 0.6931914
	speed: 0.0095s/iter; left time: 941.2475s
	iters: 900, epoch: 6 | loss: 0.2974930
	speed: 0.0094s/iter; left time: 935.7984s
	iters: 1000, epoch: 6 | loss: 0.6401854
	speed: 0.0096s/iter; left time: 954.8386s
Epoch: 6 cost time: 10.008892059326172
Epoch: 6, Steps: 1055 | Train Loss: 0.5165511 Vali Loss: 0.3150088
EarlyStopping counter: 3 out of 6
Updating learning rate to 1.5625e-05
	iters: 100, epoch: 7 | loss: 0.4589978
	speed: 0.0286s/iter; left time: 2837.0163s
	iters: 200, epoch: 7 | loss: 0.3651701
	speed: 0.0094s/iter; left time: 934.5854s
	iters: 300, epoch: 7 | loss: 0.6825447
	speed: 0.0095s/iter; left time: 941.4331s
	iters: 400, epoch: 7 | loss: 0.5999860
	speed: 0.0096s/iter; left time: 948.8170s
	iters: 500, epoch: 7 | loss: 0.2798856
	speed: 0.0095s/iter; left time: 938.9303s
	iters: 600, epoch: 7 | loss: 0.3994049
	speed: 0.0093s/iter; left time: 920.6130s
	iters: 700, epoch: 7 | loss: 0.5968210
	speed: 0.0096s/iter; left time: 945.1989s
	iters: 800, epoch: 7 | loss: 0.6675256
	speed: 0.0095s/iter; left time: 933.2051s
	iters: 900, epoch: 7 | loss: 0.9661070
	speed: 0.0095s/iter; left time: 932.3197s
	iters: 1000, epoch: 7 | loss: 0.2648818
	speed: 0.0095s/iter; left time: 928.2044s
Epoch: 7 cost time: 10.034868001937866
Epoch: 7, Steps: 1055 | Train Loss: 0.5141247 Vali Loss: 0.3153963
EarlyStopping counter: 4 out of 6
Updating learning rate to 7.8125e-06
	iters: 100, epoch: 8 | loss: 0.6847666
	speed: 0.0285s/iter; left time: 2796.7296s
	iters: 200, epoch: 8 | loss: 0.4351167
	speed: 0.0094s/iter; left time: 919.2731s
	iters: 300, epoch: 8 | loss: 0.8466617
	speed: 0.0095s/iter; left time: 928.8920s
	iters: 400, epoch: 8 | loss: 0.5167199
	speed: 0.0094s/iter; left time: 921.4203s
	iters: 500, epoch: 8 | loss: 0.4861639
	speed: 0.0096s/iter; left time: 938.8114s
	iters: 600, epoch: 8 | loss: 0.7083035
	speed: 0.0095s/iter; left time: 926.4809s
	iters: 700, epoch: 8 | loss: 1.0375297
	speed: 0.0095s/iter; left time: 926.2424s
	iters: 800, epoch: 8 | loss: 0.4022256
	speed: 0.0095s/iter; left time: 925.9116s
	iters: 900, epoch: 8 | loss: 0.3582283
	speed: 0.0095s/iter; left time: 921.0757s
	iters: 1000, epoch: 8 | loss: 0.8339335
	speed: 0.0095s/iter; left time: 923.3703s
Epoch: 8 cost time: 10.013357639312744
Epoch: 8, Steps: 1055 | Train Loss: 0.5126463 Vali Loss: 0.3156298
EarlyStopping counter: 5 out of 6
Updating learning rate to 3.90625e-06
	iters: 100, epoch: 9 | loss: 0.6230880
	speed: 0.0285s/iter; left time: 2761.2427s
	iters: 200, epoch: 9 | loss: 0.9729664
	speed: 0.0095s/iter; left time: 923.0549s
	iters: 300, epoch: 9 | loss: 0.5485466
	speed: 0.0096s/iter; left time: 929.3599s
	iters: 400, epoch: 9 | loss: 0.9115867
	speed: 0.0095s/iter; left time: 921.8977s
	iters: 500, epoch: 9 | loss: 0.3690824
	speed: 0.0093s/iter; left time: 896.8117s
	iters: 600, epoch: 9 | loss: 0.3474168
	speed: 0.0094s/iter; left time: 910.6427s
	iters: 700, epoch: 9 | loss: 0.2741532
	speed: 0.0095s/iter; left time: 920.2068s
	iters: 800, epoch: 9 | loss: 0.4565279
	speed: 0.0092s/iter; left time: 889.8691s
	iters: 900, epoch: 9 | loss: 0.8076981
	speed: 0.0093s/iter; left time: 898.1573s
	iters: 1000, epoch: 9 | loss: 0.2691676
	speed: 0.0095s/iter; left time: 908.1731s
Epoch: 9 cost time: 9.966134309768677
Epoch: 9, Steps: 1055 | Train Loss: 0.5121843 Vali Loss: 0.3163203
EarlyStopping counter: 6 out of 6
Early stopping
VALIDATION_RESULT {"best_epoch": 3, "best_mae": 0.3765873144318418, "best_mse": 0.2993889051763399, "epochs_ran": 9, "metric_version": "element_weighted_v1"}
>>>>>>>testing : long_term_forecast_ETTm2_96_720_ettm2_p720_s2023_baseline_frozen_GraphMamba_ETTm2_ftM_sl96_ll48_pl720_dm64_nh8_el1_dl1_df128_expand2_dc2_fc1_ebtimeF_dtTrue_ettm2_p720_s2023_baseline_frozen_0_patch4_st2_ds32_mv1_bi1_ga0.5_gk2<<<<<<<<<<<<<<<<<<<<<<<<<<<<<<<<<
test 10801
test shape: (10801, 720, 7) (10801, 720, 7)
test shape: (10801, 720, 7) (10801, 720, 7)
mse:0.46639353036880493, mae:0.4303128123283386, dtw:Not calculated
