Using GPU
Args in experiment:
[1mBasic Config[0m
  Task Name:          long_term_forecast  Is Training:        1                   
  Model ID:           ETTm2_96_336_ettm2_p336_s2022_baseline_frozenModel:              GraphMamba          

[1mData Loader[0m
  Data:               ETTm2               Root Path:          /home/cwh/Time-Series-Library/dataset/ETT-small
  Data Path:          ETTm2.csv           Features:           M                   
  Target:             OT                  Freq:               h                   
  Checkpoints:        ./checkpoints/      

[1mForecasting Task[0m
  Seq Len:            96                  Label Len:          48                  
  Pred Len:           336                 Seasonal Patterns:  Monthly             
  Inverse:            0                   

[1mModel Parameters[0m
  Top k:              5                   Num Kernels:        6                   
  Enc In:             7                   Dec In:             7                   
  C Out:              7                   d model:            64                  
  n heads:            8                   e layers:           1                   
  d layers:           1                   d FF:               128                 
  Moving Avg:         25                  Factor:             1                   
  Distil:             1                   Dropout:            0.1                 
  Embed:              timeF               Activation:         gelu                

[1mRun Parameters[0m
  Num Workers:        0                   Itr:                1                   
  Train Epochs:       100                 Batch Size:         32                  
  Patience:           6                   Learning Rate:      0.0005              
  Des:                ettm2_p336_s2022_baseline_frozenLoss:               MSE                 
  Lradj:              type1               Use Amp:            0                   

[1mGPU[0m
  Use GPU:            1                   GPU:                0                   
  Use Multi GPU:      0                   Devices:            0,1,2,3             

[1mDe-stationary Projector Params[0m
  P Hidden Dims:      128, 128            P Hidden Layers:    2                   

Use GPU: cuda:0
🚀 Lazy Loading: GraphMamba ...
[GraphMamba] Building 7x7 static graph from 2000 training samples
>>>>>>>start training : long_term_forecast_ETTm2_96_336_ettm2_p336_s2022_baseline_frozen_GraphMamba_ETTm2_ftM_sl96_ll48_pl336_dm64_nh8_el1_dl1_df128_expand2_dc2_fc1_ebtimeF_dtTrue_ettm2_p336_s2022_baseline_frozen_0_patch4_st2_ds32_mv1_bi1_ga0.5_gk2>>>>>>>>>>>>>>>>>>>>>>>>>>
train 34129
val 11185
	iters: 100, epoch: 1 | loss: 0.2639797
	speed: 0.0108s/iter; left time: 1149.3457s
	iters: 200, epoch: 1 | loss: 0.2604610
	speed: 0.0091s/iter; left time: 967.6019s
	iters: 300, epoch: 1 | loss: 0.6641747
	speed: 0.0090s/iter; left time: 957.9257s
	iters: 400, epoch: 1 | loss: 0.4287186
	speed: 0.0090s/iter; left time: 956.0948s
	iters: 500, epoch: 1 | loss: 0.2289616
	speed: 0.0090s/iter; left time: 952.7621s
	iters: 600, epoch: 1 | loss: 0.4215318
	speed: 0.0090s/iter; left time: 953.7720s
	iters: 700, epoch: 1 | loss: 0.4733014
	speed: 0.0090s/iter; left time: 957.3251s
	iters: 800, epoch: 1 | loss: 0.2326883
	speed: 0.0090s/iter; left time: 955.1192s
	iters: 900, epoch: 1 | loss: 0.2537526
	speed: 0.0091s/iter; left time: 960.2977s
	iters: 1000, epoch: 1 | loss: 0.3311724
	speed: 0.0091s/iter; left time: 957.4423s
Epoch: 1 cost time: 9.800947189331055
Epoch: 1, Steps: 1067 | Train Loss: 0.4548928 Vali Loss: 0.2235780
Validation loss decreased (inf --> 0.223578).  Saving model ...
Updating learning rate to 0.0005
	iters: 100, epoch: 2 | loss: 0.3138702
	speed: 0.0284s/iter; left time: 2998.1184s
	iters: 200, epoch: 2 | loss: 0.3464581
	speed: 0.0091s/iter; left time: 958.0330s
	iters: 300, epoch: 2 | loss: 0.8253084
	speed: 0.0091s/iter; left time: 960.1493s
	iters: 400, epoch: 2 | loss: 0.3139122
	speed: 0.0092s/iter; left time: 965.0520s
	iters: 500, epoch: 2 | loss: 0.1946149
	speed: 0.0090s/iter; left time: 946.6961s
	iters: 600, epoch: 2 | loss: 0.3005814
	speed: 0.0091s/iter; left time: 953.6972s
	iters: 700, epoch: 2 | loss: 0.5988799
	speed: 0.0090s/iter; left time: 939.3844s
	iters: 800, epoch: 2 | loss: 0.2277874
	speed: 0.0089s/iter; left time: 935.9161s
	iters: 900, epoch: 2 | loss: 0.6539168
	speed: 0.0090s/iter; left time: 941.4739s
	iters: 1000, epoch: 2 | loss: 0.4566237
	speed: 0.0090s/iter; left time: 938.8255s
Epoch: 2 cost time: 9.641546964645386
Epoch: 2, Steps: 1067 | Train Loss: 0.4242028 Vali Loss: 0.2333322
EarlyStopping counter: 1 out of 6
Updating learning rate to 0.00025
	iters: 100, epoch: 3 | loss: 0.2702064
	speed: 0.0285s/iter; left time: 2972.7509s
	iters: 200, epoch: 3 | loss: 0.3940842
	speed: 0.0089s/iter; left time: 931.9036s
	iters: 300, epoch: 3 | loss: 0.6466662
	speed: 0.0089s/iter; left time: 932.5408s
	iters: 400, epoch: 3 | loss: 0.5164230
	speed: 0.0089s/iter; left time: 929.8786s
	iters: 500, epoch: 3 | loss: 0.2780353
	speed: 0.0089s/iter; left time: 927.5050s
	iters: 600, epoch: 3 | loss: 0.4491746
	speed: 0.0089s/iter; left time: 922.2731s
	iters: 700, epoch: 3 | loss: 0.2027083
	speed: 0.0090s/iter; left time: 932.2391s
	iters: 800, epoch: 3 | loss: 0.4757295
	speed: 0.0089s/iter; left time: 922.6063s
	iters: 900, epoch: 3 | loss: 0.6676530
	speed: 0.0089s/iter; left time: 918.9208s
	iters: 1000, epoch: 3 | loss: 0.6846200
	speed: 0.0089s/iter; left time: 917.7756s
Epoch: 3 cost time: 9.50976300239563
Epoch: 3, Steps: 1067 | Train Loss: 0.4013565 Vali Loss: 0.2629596
EarlyStopping counter: 2 out of 6
Updating learning rate to 0.000125
	iters: 100, epoch: 4 | loss: 0.3145634
	speed: 0.0279s/iter; left time: 2883.8699s
	iters: 200, epoch: 4 | loss: 0.1469364
	speed: 0.0090s/iter; left time: 926.1336s
	iters: 300, epoch: 4 | loss: 0.5262187
	speed: 0.0090s/iter; left time: 925.8182s
	iters: 400, epoch: 4 | loss: 0.2698833
	speed: 0.0091s/iter; left time: 935.1490s
	iters: 500, epoch: 4 | loss: 0.2459763
	speed: 0.0089s/iter; left time: 913.8063s
	iters: 600, epoch: 4 | loss: 0.6700955
	speed: 0.0090s/iter; left time: 928.4202s
	iters: 700, epoch: 4 | loss: 0.3065760
	speed: 0.0090s/iter; left time: 922.7190s
	iters: 800, epoch: 4 | loss: 0.2302842
	speed: 0.0089s/iter; left time: 918.0291s
	iters: 900, epoch: 4 | loss: 0.4151978
	speed: 0.0089s/iter; left time: 917.6386s
	iters: 1000, epoch: 4 | loss: 0.6539127
	speed: 0.0090s/iter; left time: 922.3395s
Epoch: 4 cost time: 9.564727067947388
Epoch: 4, Steps: 1067 | Train Loss: 0.3913975 Vali Loss: 0.2594969
EarlyStopping counter: 3 out of 6
Updating learning rate to 6.25e-05
	iters: 100, epoch: 5 | loss: 0.5018428
	speed: 0.0278s/iter; left time: 2845.9563s
	iters: 200, epoch: 5 | loss: 0.2750661
	speed: 0.0089s/iter; left time: 908.0548s
	iters: 300, epoch: 5 | loss: 0.1993258
	speed: 0.0091s/iter; left time: 927.1738s
	iters: 400, epoch: 5 | loss: 0.4490853
	speed: 0.0089s/iter; left time: 906.5800s
	iters: 500, epoch: 5 | loss: 0.4314223
	speed: 0.0089s/iter; left time: 909.0989s
	iters: 600, epoch: 5 | loss: 0.3697692
	speed: 0.0089s/iter; left time: 902.8065s
	iters: 700, epoch: 5 | loss: 0.4717410
	speed: 0.0089s/iter; left time: 901.6689s
	iters: 800, epoch: 5 | loss: 0.4261483
	speed: 0.0091s/iter; left time: 921.6100s
	iters: 900, epoch: 5 | loss: 0.2373285
	speed: 0.0089s/iter; left time: 905.3613s
	iters: 1000, epoch: 5 | loss: 0.1908793
	speed: 0.0091s/iter; left time: 920.4503s
Epoch: 5 cost time: 9.542120695114136
Epoch: 5, Steps: 1067 | Train Loss: 0.3855023 Vali Loss: 0.2522522
EarlyStopping counter: 4 out of 6
Updating learning rate to 3.125e-05
	iters: 100, epoch: 6 | loss: 0.2363895
	speed: 0.0278s/iter; left time: 2811.3876s
	iters: 200, epoch: 6 | loss: 0.4283649
	speed: 0.0090s/iter; left time: 906.5136s
	iters: 300, epoch: 6 | loss: 0.2670402
	speed: 0.0088s/iter; left time: 889.2404s
	iters: 400, epoch: 6 | loss: 0.2217933
	speed: 0.0088s/iter; left time: 887.5286s
	iters: 500, epoch: 6 | loss: 0.2877154
	speed: 0.0090s/iter; left time: 911.8097s
	iters: 600, epoch: 6 | loss: 0.4190102
	speed: 0.0088s/iter; left time: 891.4031s
	iters: 700, epoch: 6 | loss: 0.7560454
	speed: 0.0088s/iter; left time: 886.9887s
	iters: 800, epoch: 6 | loss: 0.4215498
	speed: 0.0090s/iter; left time: 900.9526s
	iters: 900, epoch: 6 | loss: 0.7640265
	speed: 0.0091s/iter; left time: 912.5482s
	iters: 1000, epoch: 6 | loss: 0.3123677
	speed: 0.0092s/iter; left time: 924.7944s
Epoch: 6 cost time: 9.54566502571106
Epoch: 6, Steps: 1067 | Train Loss: 0.3808356 Vali Loss: 0.2539526
EarlyStopping counter: 5 out of 6
Updating learning rate to 1.5625e-05
	iters: 100, epoch: 7 | loss: 0.3840294
	speed: 0.0283s/iter; left time: 2839.0504s
	iters: 200, epoch: 7 | loss: 0.3102646
	speed: 0.0090s/iter; left time: 899.5876s
	iters: 300, epoch: 7 | loss: 0.2837308
	speed: 0.0089s/iter; left time: 886.7695s
	iters: 400, epoch: 7 | loss: 0.4384021
	speed: 0.0089s/iter; left time: 893.8483s
	iters: 500, epoch: 7 | loss: 0.2475675
	speed: 0.0089s/iter; left time: 886.4424s
	iters: 600, epoch: 7 | loss: 0.9745516
	speed: 0.0091s/iter; left time: 903.7556s
	iters: 700, epoch: 7 | loss: 0.2374092
	speed: 0.0089s/iter; left time: 886.3348s
	iters: 800, epoch: 7 | loss: 0.2302658
	speed: 0.0089s/iter; left time: 882.8568s
	iters: 900, epoch: 7 | loss: 0.3303966
	speed: 0.0089s/iter; left time: 881.3180s
	iters: 1000, epoch: 7 | loss: 0.4970282
	speed: 0.0088s/iter; left time: 878.1515s
Epoch: 7 cost time: 9.519642114639282
Epoch: 7, Steps: 1067 | Train Loss: 0.3793583 Vali Loss: 0.2529602
EarlyStopping counter: 6 out of 6
Early stopping
VALIDATION_RESULT {"best_epoch": 1, "best_mae": 0.32569680009483887, "best_mse": 0.22357795144610565, "epochs_ran": 7, "metric_version": "element_weighted_v1"}
>>>>>>>testing : long_term_forecast_ETTm2_96_336_ettm2_p336_s2022_baseline_frozen_GraphMamba_ETTm2_ftM_sl96_ll48_pl336_dm64_nh8_el1_dl1_df128_expand2_dc2_fc1_ebtimeF_dtTrue_ettm2_p336_s2022_baseline_frozen_0_patch4_st2_ds32_mv1_bi1_ga0.5_gk2<<<<<<<<<<<<<<<<<<<<<<<<<<<<<<<<<
test 11185
test shape: (11185, 336, 7) (11185, 336, 7)
test shape: (11185, 336, 7) (11185, 336, 7)
mse:0.30975541472435, mae:0.34868988394737244, dtw:Not calculated
