Using GPU
Args in experiment:
[1mBasic Config[0m
  Task Name:          long_term_forecast  Is Training:        1                   
  Model ID:           ETTm1_96_720_ettm1_p720_s2023_darc_frozenModel:              GraphMambaAF        

[1mData Loader[0m
  Data:               ETTm1               Root Path:          /home/cwh/Time-Series-Library/dataset/ETT-small
  Data Path:          ETTm1.csv           Features:           M                   
  Target:             OT                  Freq:               h                   
  Checkpoints:        ./checkpoints/      

[1mForecasting Task[0m
  Seq Len:            96                  Label Len:          48                  
  Pred Len:           720                 Seasonal Patterns:  Monthly             
  Inverse:            0                   

[1mModel Parameters[0m
  Top k:              5                   Num Kernels:        6                   
  Enc In:             7                   Dec In:             7                   
  C Out:              7                   d model:            64                  
  n heads:            8                   e layers:           1                   
  d layers:           1                   d FF:               128                 
  Moving Avg:         25                  Factor:             1                   
  Distil:             1                   Dropout:            0.1                 
  Embed:              timeF               Activation:         gelu                

[1mRun Parameters[0m
  Num Workers:        0                   Itr:                1                   
  Train Epochs:       100                 Batch Size:         32                  
  Patience:           6                   Learning Rate:      0.0005              
  Des:                ettm1_p720_s2023_darc_frozenLoss:               MSE                 
  Lradj:              type1               Use Amp:            0                   

[1mGPU[0m
  Use GPU:            1                   GPU:                0                   
  Use Multi GPU:      0                   Devices:            0,1,2,3             

[1mDe-stationary Projector Params[0m
  P Hidden Dims:      128, 128            P Hidden Layers:    2                   

Use GPU: cuda:0
🚀 Lazy Loading: GraphMambaAF ...
[GraphMamba] Building 7x7 static graph from 2000 training samples
>>>>>>>start training : long_term_forecast_ETTm1_96_720_ettm1_p720_s2023_darc_frozen_GraphMambaAF_ETTm1_ftM_sl96_ll48_pl720_dm64_nh8_el1_dl1_df128_expand2_dc2_fc1_ebtimeF_dtTrue_ettm1_p720_s2023_darc_frozen_0_patch4_st2_ds32_mv1_bi1_ga0.5_gk2_afvariable_scale_residual_h32>>>>>>>>>>>>>>>>>>>>>>>>>>
train 33745
val 10801
	iters: 100, epoch: 1 | loss: 0.5467506
	speed: 0.0120s/iter; left time: 1267.3821s
	iters: 200, epoch: 1 | loss: 0.4810314
	speed: 0.0098s/iter; left time: 1034.5076s
	iters: 300, epoch: 1 | loss: 0.4115954
	speed: 0.0100s/iter; left time: 1047.6149s
	iters: 400, epoch: 1 | loss: 0.4982999
	speed: 0.0099s/iter; left time: 1039.4765s
	iters: 500, epoch: 1 | loss: 0.4649697
	speed: 0.0099s/iter; left time: 1035.2163s
	iters: 600, epoch: 1 | loss: 0.3913085
	speed: 0.0098s/iter; left time: 1027.6424s
	iters: 700, epoch: 1 | loss: 0.4241949
	speed: 0.0098s/iter; left time: 1030.5569s
	iters: 800, epoch: 1 | loss: 0.4802410
	speed: 0.0100s/iter; left time: 1042.1895s
	iters: 900, epoch: 1 | loss: 0.5800548
	speed: 0.0099s/iter; left time: 1038.9291s
	iters: 1000, epoch: 1 | loss: 0.4399473
	speed: 0.0099s/iter; left time: 1037.6013s
Epoch: 1 cost time: 10.641252040863037
Epoch: 1, Steps: 1055 | Train Loss: 0.5003215 Vali Loss: 0.9830400
Validation loss decreased (inf --> 0.983040).  Saving model ...
Updating learning rate to 0.0005
	iters: 100, epoch: 2 | loss: 0.4366262
	speed: 0.0292s/iter; left time: 3044.0856s
	iters: 200, epoch: 2 | loss: 0.4908867
	speed: 0.0099s/iter; left time: 1034.3295s
	iters: 300, epoch: 2 | loss: 0.5102106
	speed: 0.0099s/iter; left time: 1027.2846s
	iters: 400, epoch: 2 | loss: 0.4378623
	speed: 0.0098s/iter; left time: 1017.3557s
	iters: 500, epoch: 2 | loss: 0.5472198
	speed: 0.0099s/iter; left time: 1030.0706s
	iters: 600, epoch: 2 | loss: 0.5546398
	speed: 0.0101s/iter; left time: 1046.9585s
	iters: 700, epoch: 2 | loss: 0.4510351
	speed: 0.0098s/iter; left time: 1020.2210s
	iters: 800, epoch: 2 | loss: 0.4574657
	speed: 0.0098s/iter; left time: 1020.2999s
	iters: 900, epoch: 2 | loss: 0.3874308
	speed: 0.0098s/iter; left time: 1019.4584s
	iters: 1000, epoch: 2 | loss: 0.3990398
	speed: 0.0098s/iter; left time: 1018.6756s
Epoch: 2 cost time: 10.425636053085327
Epoch: 2, Steps: 1055 | Train Loss: 0.4590762 Vali Loss: 0.9735876
Validation loss decreased (0.983040 --> 0.973588).  Saving model ...
Updating learning rate to 0.00025
	iters: 100, epoch: 3 | loss: 0.4126039
	speed: 0.0292s/iter; left time: 3011.2225s
	iters: 200, epoch: 3 | loss: 0.4901527
	speed: 0.0099s/iter; left time: 1019.7145s
	iters: 300, epoch: 3 | loss: 0.4682252
	speed: 0.0100s/iter; left time: 1027.2428s
	iters: 400, epoch: 3 | loss: 0.4699286
	speed: 0.0099s/iter; left time: 1018.6410s
	iters: 500, epoch: 3 | loss: 0.3386565
	speed: 0.0099s/iter; left time: 1020.1833s
	iters: 600, epoch: 3 | loss: 0.4274196
	speed: 0.0100s/iter; left time: 1031.6702s
	iters: 700, epoch: 3 | loss: 0.4392978
	speed: 0.0100s/iter; left time: 1022.8098s
	iters: 800, epoch: 3 | loss: 0.4172431
	speed: 0.0099s/iter; left time: 1018.8214s
	iters: 900, epoch: 3 | loss: 0.3848896
	speed: 0.0099s/iter; left time: 1016.5564s
	iters: 1000, epoch: 3 | loss: 0.4296870
	speed: 0.0099s/iter; left time: 1015.1371s
Epoch: 3 cost time: 10.472083806991577
Epoch: 3, Steps: 1055 | Train Loss: 0.4425558 Vali Loss: 0.9699857
Validation loss decreased (0.973588 --> 0.969986).  Saving model ...
Updating learning rate to 0.000125
	iters: 100, epoch: 4 | loss: 0.3697963
	speed: 0.0289s/iter; left time: 2958.1817s
	iters: 200, epoch: 4 | loss: 0.4107854
	speed: 0.0099s/iter; left time: 1013.3887s
	iters: 300, epoch: 4 | loss: 0.4142912
	speed: 0.0099s/iter; left time: 1014.4847s
	iters: 400, epoch: 4 | loss: 0.4807477
	speed: 0.0098s/iter; left time: 1001.0296s
	iters: 500, epoch: 4 | loss: 0.5069380
	speed: 0.0098s/iter; left time: 996.9762s
	iters: 600, epoch: 4 | loss: 0.4527652
	speed: 0.0098s/iter; left time: 997.9974s
	iters: 700, epoch: 4 | loss: 0.4913730
	speed: 0.0097s/iter; left time: 988.5834s
	iters: 800, epoch: 4 | loss: 0.4628995
	speed: 0.0099s/iter; left time: 1003.4910s
	iters: 900, epoch: 4 | loss: 0.3246317
	speed: 0.0099s/iter; left time: 1001.9155s
	iters: 1000, epoch: 4 | loss: 0.3864319
	speed: 0.0098s/iter; left time: 992.4209s
Epoch: 4 cost time: 10.364858150482178
Epoch: 4, Steps: 1055 | Train Loss: 0.4330712 Vali Loss: 0.9665278
Validation loss decreased (0.969986 --> 0.966528).  Saving model ...
Updating learning rate to 6.25e-05
	iters: 100, epoch: 5 | loss: 0.3836335
	speed: 0.0294s/iter; left time: 2969.8625s
	iters: 200, epoch: 5 | loss: 0.4917803
	speed: 0.0101s/iter; left time: 1019.9741s
	iters: 300, epoch: 5 | loss: 0.4222438
	speed: 0.0101s/iter; left time: 1015.9500s
	iters: 400, epoch: 5 | loss: 0.4060078
	speed: 0.0101s/iter; left time: 1022.1706s
	iters: 500, epoch: 5 | loss: 0.4247277
	speed: 0.0100s/iter; left time: 1008.1786s
	iters: 600, epoch: 5 | loss: 0.3863155
	speed: 0.0101s/iter; left time: 1015.4153s
	iters: 700, epoch: 5 | loss: 0.5234742
	speed: 0.0100s/iter; left time: 1007.7059s
	iters: 800, epoch: 5 | loss: 0.5018691
	speed: 0.0100s/iter; left time: 1007.7854s
	iters: 900, epoch: 5 | loss: 0.5355291
	speed: 0.0100s/iter; left time: 1001.5654s
	iters: 1000, epoch: 5 | loss: 0.3398242
	speed: 0.0101s/iter; left time: 1017.4676s
Epoch: 5 cost time: 10.60778546333313
Epoch: 5, Steps: 1055 | Train Loss: 0.4279140 Vali Loss: 0.9672860
EarlyStopping counter: 1 out of 6
Updating learning rate to 3.125e-05
	iters: 100, epoch: 6 | loss: 0.4315237
	speed: 0.0301s/iter; left time: 3012.7993s
	iters: 200, epoch: 6 | loss: 0.4085044
	speed: 0.0100s/iter; left time: 998.7752s
	iters: 300, epoch: 6 | loss: 0.3497715
	speed: 0.0100s/iter; left time: 1002.1241s
	iters: 400, epoch: 6 | loss: 0.3998499
	speed: 0.0100s/iter; left time: 999.0242s
	iters: 500, epoch: 6 | loss: 0.4238509
	speed: 0.0100s/iter; left time: 995.4993s
	iters: 600, epoch: 6 | loss: 0.4348127
	speed: 0.0102s/iter; left time: 1011.7693s
	iters: 700, epoch: 6 | loss: 0.4412513
	speed: 0.0099s/iter; left time: 988.4728s
	iters: 800, epoch: 6 | loss: 0.4360937
	speed: 0.0100s/iter; left time: 994.6466s
	iters: 900, epoch: 6 | loss: 0.3656753
	speed: 0.0101s/iter; left time: 1005.6126s
	iters: 1000, epoch: 6 | loss: 0.3526053
	speed: 0.0101s/iter; left time: 1003.2545s
Epoch: 6 cost time: 10.601030826568604
Epoch: 6, Steps: 1055 | Train Loss: 0.4252468 Vali Loss: 0.9675340
EarlyStopping counter: 2 out of 6
Updating learning rate to 1.5625e-05
	iters: 100, epoch: 7 | loss: 0.3893116
	speed: 0.0299s/iter; left time: 2964.5812s
	iters: 200, epoch: 7 | loss: 0.4003100
	speed: 0.0101s/iter; left time: 1002.0106s
	iters: 300, epoch: 7 | loss: 0.5206270
	speed: 0.0101s/iter; left time: 995.5249s
	iters: 400, epoch: 7 | loss: 0.4118317
	speed: 0.0102s/iter; left time: 1006.6023s
	iters: 500, epoch: 7 | loss: 0.5128892
	speed: 0.0102s/iter; left time: 1003.8315s
	iters: 600, epoch: 7 | loss: 0.4438287
	speed: 0.0100s/iter; left time: 981.9298s
	iters: 700, epoch: 7 | loss: 0.4087946
	speed: 0.0100s/iter; left time: 989.0749s
	iters: 800, epoch: 7 | loss: 0.4235789
	speed: 0.0102s/iter; left time: 1001.1287s
	iters: 900, epoch: 7 | loss: 0.3869588
	speed: 0.0101s/iter; left time: 988.4271s
	iters: 1000, epoch: 7 | loss: 0.3851745
	speed: 0.0099s/iter; left time: 969.7972s
Epoch: 7 cost time: 10.651068449020386
Epoch: 7, Steps: 1055 | Train Loss: 0.4233318 Vali Loss: 0.9681342
EarlyStopping counter: 3 out of 6
Updating learning rate to 7.8125e-06
	iters: 100, epoch: 8 | loss: 0.3690386
	speed: 0.0297s/iter; left time: 2914.8334s
	iters: 200, epoch: 8 | loss: 0.3454482
	speed: 0.0100s/iter; left time: 976.3495s
	iters: 300, epoch: 8 | loss: 0.4202419
	speed: 0.0101s/iter; left time: 989.7058s
	iters: 400, epoch: 8 | loss: 0.4054973
	speed: 0.0101s/iter; left time: 986.4258s
	iters: 500, epoch: 8 | loss: 0.3738020
	speed: 0.0103s/iter; left time: 1005.7294s
	iters: 600, epoch: 8 | loss: 0.4302724
	speed: 0.0100s/iter; left time: 974.3302s
	iters: 700, epoch: 8 | loss: 0.3806310
	speed: 0.0101s/iter; left time: 984.2848s
	iters: 800, epoch: 8 | loss: 0.4172997
	speed: 0.0101s/iter; left time: 983.9837s
	iters: 900, epoch: 8 | loss: 0.4241896
	speed: 0.0100s/iter; left time: 976.9011s
	iters: 1000, epoch: 8 | loss: 0.4498264
	speed: 0.0101s/iter; left time: 980.2853s
Epoch: 8 cost time: 10.667883396148682
Epoch: 8, Steps: 1055 | Train Loss: 0.4225067 Vali Loss: 0.9680877
EarlyStopping counter: 4 out of 6
Updating learning rate to 3.90625e-06
	iters: 100, epoch: 9 | loss: 0.4523170
	speed: 0.0298s/iter; left time: 2887.9412s
	iters: 200, epoch: 9 | loss: 0.4211835
	speed: 0.0101s/iter; left time: 980.9899s
	iters: 300, epoch: 9 | loss: 0.4422761
	speed: 0.0101s/iter; left time: 979.6890s
	iters: 400, epoch: 9 | loss: 0.3776392
	speed: 0.0101s/iter; left time: 980.5211s
	iters: 500, epoch: 9 | loss: 0.5581464
	speed: 0.0101s/iter; left time: 978.2576s
	iters: 600, epoch: 9 | loss: 0.4760802
	speed: 0.0102s/iter; left time: 979.6965s
	iters: 700, epoch: 9 | loss: 0.4644784
	speed: 0.0100s/iter; left time: 960.4214s
	iters: 800, epoch: 9 | loss: 0.3874276
	speed: 0.0100s/iter; left time: 962.9047s
	iters: 900, epoch: 9 | loss: 0.3474787
	speed: 0.0100s/iter; left time: 965.6990s
	iters: 1000, epoch: 9 | loss: 0.4348949
	speed: 0.0101s/iter; left time: 966.8020s
Epoch: 9 cost time: 10.618996620178223
Epoch: 9, Steps: 1055 | Train Loss: 0.4222000 Vali Loss: 0.9685531
EarlyStopping counter: 5 out of 6
Updating learning rate to 1.953125e-06
	iters: 100, epoch: 10 | loss: 0.4486769
	speed: 0.0295s/iter; left time: 2825.8351s
	iters: 200, epoch: 10 | loss: 0.4168242
	speed: 0.0099s/iter; left time: 948.0191s
	iters: 300, epoch: 10 | loss: 0.3766533
	speed: 0.0101s/iter; left time: 962.4727s
	iters: 400, epoch: 10 | loss: 0.3984609
	speed: 0.0099s/iter; left time: 949.4146s
	iters: 500, epoch: 10 | loss: 0.4916214
	speed: 0.0100s/iter; left time: 954.7439s
	iters: 600, epoch: 10 | loss: 0.4376639
	speed: 0.0100s/iter; left time: 956.8790s
	iters: 700, epoch: 10 | loss: 0.4272114
	speed: 0.0103s/iter; left time: 977.2661s
	iters: 800, epoch: 10 | loss: 0.3550290
	speed: 0.0100s/iter; left time: 947.4971s
	iters: 900, epoch: 10 | loss: 0.5243463
	speed: 0.0101s/iter; left time: 963.7147s
	iters: 1000, epoch: 10 | loss: 0.4500278
	speed: 0.0101s/iter; left time: 959.0657s
Epoch: 10 cost time: 10.588625192642212
Epoch: 10, Steps: 1055 | Train Loss: 0.4219263 Vali Loss: 0.9687362
EarlyStopping counter: 6 out of 6
Early stopping
VALIDATION_RESULT {"best_epoch": 4, "best_mae": 0.6573360658650341, "best_mse": 0.9665278035529669, "epochs_ran": 10, "metric_version": "element_weighted_v1"}
>>>>>>>testing : long_term_forecast_ETTm1_96_720_ettm1_p720_s2023_darc_frozen_GraphMambaAF_ETTm1_ftM_sl96_ll48_pl720_dm64_nh8_el1_dl1_df128_expand2_dc2_fc1_ebtimeF_dtTrue_ettm1_p720_s2023_darc_frozen_0_patch4_st2_ds32_mv1_bi1_ga0.5_gk2_afvariable_scale_residual_h32<<<<<<<<<<<<<<<<<<<<<<<<<<<<<<<<<
test 10801
test shape: (10801, 720, 7) (10801, 720, 7)
test shape: (10801, 720, 7) (10801, 720, 7)
mse:0.46117281913757324, mae:0.4498879909515381, dtw:Not calculated
