Using GPU
Args in experiment:
[1mBasic Config[0m
  Task Name:          long_term_forecast  Is Training:        1                   
  Model ID:           ETTm1_96_720_ettm1_p720_s2023_baseline_frozenModel:              GraphMamba          

[1mData Loader[0m
  Data:               ETTm1               Root Path:          /home/cwh/Time-Series-Library/dataset/ETT-small
  Data Path:          ETTm1.csv           Features:           M                   
  Target:             OT                  Freq:               h                   
  Checkpoints:        ./checkpoints/      

[1mForecasting Task[0m
  Seq Len:            96                  Label Len:          48                  
  Pred Len:           720                 Seasonal Patterns:  Monthly             
  Inverse:            0                   

[1mModel Parameters[0m
  Top k:              5                   Num Kernels:        6                   
  Enc In:             7                   Dec In:             7                   
  C Out:              7                   d model:            64                  
  n heads:            8                   e layers:           1                   
  d layers:           1                   d FF:               128                 
  Moving Avg:         25                  Factor:             1                   
  Distil:             1                   Dropout:            0.1                 
  Embed:              timeF               Activation:         gelu                

[1mRun Parameters[0m
  Num Workers:        0                   Itr:                1                   
  Train Epochs:       100                 Batch Size:         32                  
  Patience:           6                   Learning Rate:      0.0005              
  Des:                ettm1_p720_s2023_baseline_frozenLoss:               MSE                 
  Lradj:              type1               Use Amp:            0                   

[1mGPU[0m
  Use GPU:            1                   GPU:                0                   
  Use Multi GPU:      0                   Devices:            0,1,2,3             

[1mDe-stationary Projector Params[0m
  P Hidden Dims:      128, 128            P Hidden Layers:    2                   

Use GPU: cuda:0
🚀 Lazy Loading: GraphMamba ...
[GraphMamba] Building 7x7 static graph from 2000 training samples
>>>>>>>start training : long_term_forecast_ETTm1_96_720_ettm1_p720_s2023_baseline_frozen_GraphMamba_ETTm1_ftM_sl96_ll48_pl720_dm64_nh8_el1_dl1_df128_expand2_dc2_fc1_ebtimeF_dtTrue_ettm1_p720_s2023_baseline_frozen_0_patch4_st2_ds32_mv1_bi1_ga0.5_gk2>>>>>>>>>>>>>>>>>>>>>>>>>>
train 33745
val 10801
	iters: 100, epoch: 1 | loss: 0.5471151
	speed: 0.0115s/iter; left time: 1212.0425s
	iters: 200, epoch: 1 | loss: 0.4825470
	speed: 0.0094s/iter; left time: 989.9485s
	iters: 300, epoch: 1 | loss: 0.4132108
	speed: 0.0096s/iter; left time: 1009.5717s
	iters: 400, epoch: 1 | loss: 0.4990315
	speed: 0.0094s/iter; left time: 987.2669s
	iters: 500, epoch: 1 | loss: 0.4662043
	speed: 0.0095s/iter; left time: 994.5115s
	iters: 600, epoch: 1 | loss: 0.3941151
	speed: 0.0094s/iter; left time: 982.3457s
	iters: 700, epoch: 1 | loss: 0.4292977
	speed: 0.0094s/iter; left time: 980.6769s
	iters: 800, epoch: 1 | loss: 0.4783687
	speed: 0.0094s/iter; left time: 986.3967s
	iters: 900, epoch: 1 | loss: 0.5830760
	speed: 0.0096s/iter; left time: 1000.3730s
	iters: 1000, epoch: 1 | loss: 0.4392485
	speed: 0.0093s/iter; left time: 976.8209s
Epoch: 1 cost time: 10.169678688049316
Epoch: 1, Steps: 1055 | Train Loss: 0.5028467 Vali Loss: 0.9862575
Validation loss decreased (inf --> 0.986257).  Saving model ...
Updating learning rate to 0.0005
	iters: 100, epoch: 2 | loss: 0.4361482
	speed: 0.0285s/iter; left time: 2978.6395s
	iters: 200, epoch: 2 | loss: 0.4940719
	speed: 0.0095s/iter; left time: 992.7961s
	iters: 300, epoch: 2 | loss: 0.5128085
	speed: 0.0095s/iter; left time: 990.7430s
	iters: 400, epoch: 2 | loss: 0.4407808
	speed: 0.0094s/iter; left time: 979.3112s
	iters: 500, epoch: 2 | loss: 0.5424897
	speed: 0.0094s/iter; left time: 972.8841s
	iters: 600, epoch: 2 | loss: 0.5519723
	speed: 0.0095s/iter; left time: 990.0020s
	iters: 700, epoch: 2 | loss: 0.4440539
	speed: 0.0094s/iter; left time: 977.7639s
	iters: 800, epoch: 2 | loss: 0.4563230
	speed: 0.0096s/iter; left time: 992.7183s
	iters: 900, epoch: 2 | loss: 0.3808565
	speed: 0.0094s/iter; left time: 976.3226s
	iters: 1000, epoch: 2 | loss: 0.3921792
	speed: 0.0095s/iter; left time: 979.2134s
Epoch: 2 cost time: 9.974148511886597
Epoch: 2, Steps: 1055 | Train Loss: 0.4597356 Vali Loss: 0.9735239
Validation loss decreased (0.986257 --> 0.973524).  Saving model ...
Updating learning rate to 0.00025
	iters: 100, epoch: 3 | loss: 0.4121249
	speed: 0.0281s/iter; left time: 2899.0973s
	iters: 200, epoch: 3 | loss: 0.4903186
	speed: 0.0093s/iter; left time: 959.1575s
	iters: 300, epoch: 3 | loss: 0.4638412
	speed: 0.0096s/iter; left time: 988.1048s
	iters: 400, epoch: 3 | loss: 0.4685845
	speed: 0.0093s/iter; left time: 957.4574s
	iters: 500, epoch: 3 | loss: 0.3396651
	speed: 0.0095s/iter; left time: 980.6796s
	iters: 600, epoch: 3 | loss: 0.4193915
	speed: 0.0092s/iter; left time: 950.4824s
	iters: 700, epoch: 3 | loss: 0.4371738
	speed: 0.0093s/iter; left time: 956.7289s
	iters: 800, epoch: 3 | loss: 0.4188812
	speed: 0.0093s/iter; left time: 956.0289s
	iters: 900, epoch: 3 | loss: 0.3894184
	speed: 0.0094s/iter; left time: 963.1139s
	iters: 1000, epoch: 3 | loss: 0.4322349
	speed: 0.0094s/iter; left time: 965.8270s
Epoch: 3 cost time: 9.895179510116577
Epoch: 3, Steps: 1055 | Train Loss: 0.4418571 Vali Loss: 0.9709889
Validation loss decreased (0.973524 --> 0.970989).  Saving model ...
Updating learning rate to 0.000125
	iters: 100, epoch: 4 | loss: 0.3714606
	speed: 0.0284s/iter; left time: 2908.4987s
	iters: 200, epoch: 4 | loss: 0.4117007
	speed: 0.0092s/iter; left time: 943.4133s
	iters: 300, epoch: 4 | loss: 0.4151228
	speed: 0.0093s/iter; left time: 949.8274s
	iters: 400, epoch: 4 | loss: 0.4831473
	speed: 0.0093s/iter; left time: 948.9649s
	iters: 500, epoch: 4 | loss: 0.5047551
	speed: 0.0093s/iter; left time: 948.1196s
	iters: 600, epoch: 4 | loss: 0.4497739
	speed: 0.0094s/iter; left time: 954.9342s
	iters: 700, epoch: 4 | loss: 0.4896119
	speed: 0.0094s/iter; left time: 959.6510s
	iters: 800, epoch: 4 | loss: 0.4592332
	speed: 0.0094s/iter; left time: 957.9067s
	iters: 900, epoch: 4 | loss: 0.3275541
	speed: 0.0096s/iter; left time: 972.6067s
	iters: 1000, epoch: 4 | loss: 0.3849155
	speed: 0.0095s/iter; left time: 963.7324s
Epoch: 4 cost time: 9.897718906402588
Epoch: 4, Steps: 1055 | Train Loss: 0.4334604 Vali Loss: 0.9646327
Validation loss decreased (0.970989 --> 0.964633).  Saving model ...
Updating learning rate to 6.25e-05
	iters: 100, epoch: 5 | loss: 0.3842566
	speed: 0.0284s/iter; left time: 2878.0712s
	iters: 200, epoch: 5 | loss: 0.4937899
	speed: 0.0093s/iter; left time: 943.0417s
	iters: 300, epoch: 5 | loss: 0.4241294
	speed: 0.0094s/iter; left time: 952.1772s
	iters: 400, epoch: 5 | loss: 0.4080142
	speed: 0.0093s/iter; left time: 935.0830s
	iters: 500, epoch: 5 | loss: 0.4197698
	speed: 0.0093s/iter; left time: 938.3064s
	iters: 600, epoch: 5 | loss: 0.3920765
	speed: 0.0093s/iter; left time: 935.2419s
	iters: 700, epoch: 5 | loss: 0.5367777
	speed: 0.0093s/iter; left time: 934.6938s
	iters: 800, epoch: 5 | loss: 0.4953937
	speed: 0.0093s/iter; left time: 934.5725s
	iters: 900, epoch: 5 | loss: 0.5321785
	speed: 0.0093s/iter; left time: 936.2700s
	iters: 1000, epoch: 5 | loss: 0.3387593
	speed: 0.0094s/iter; left time: 946.9152s
Epoch: 5 cost time: 9.850377321243286
Epoch: 5, Steps: 1055 | Train Loss: 0.4290920 Vali Loss: 0.9643842
Validation loss decreased (0.964633 --> 0.964384).  Saving model ...
Updating learning rate to 3.125e-05
	iters: 100, epoch: 6 | loss: 0.4194279
	speed: 0.0281s/iter; left time: 2817.7611s
	iters: 200, epoch: 6 | loss: 0.4061610
	speed: 0.0095s/iter; left time: 948.6125s
	iters: 300, epoch: 6 | loss: 0.3420134
	speed: 0.0094s/iter; left time: 942.7659s
	iters: 400, epoch: 6 | loss: 0.4059107
	speed: 0.0093s/iter; left time: 930.6393s
	iters: 500, epoch: 6 | loss: 0.4265003
	speed: 0.0093s/iter; left time: 926.1368s
	iters: 600, epoch: 6 | loss: 0.4280343
	speed: 0.0093s/iter; left time: 928.6435s
	iters: 700, epoch: 6 | loss: 0.4448982
	speed: 0.0094s/iter; left time: 936.6025s
	iters: 800, epoch: 6 | loss: 0.4363399
	speed: 0.0093s/iter; left time: 927.2708s
	iters: 900, epoch: 6 | loss: 0.3621583
	speed: 0.0093s/iter; left time: 923.1334s
	iters: 1000, epoch: 6 | loss: 0.3573899
	speed: 0.0094s/iter; left time: 930.8489s
Epoch: 6 cost time: 9.871694326400757
Epoch: 6, Steps: 1055 | Train Loss: 0.4267798 Vali Loss: 0.9662707
EarlyStopping counter: 1 out of 6
Updating learning rate to 1.5625e-05
	iters: 100, epoch: 7 | loss: 0.3953126
	speed: 0.0281s/iter; left time: 2783.2096s
	iters: 200, epoch: 7 | loss: 0.4029336
	speed: 0.0094s/iter; left time: 926.9959s
	iters: 300, epoch: 7 | loss: 0.5234381
	speed: 0.0093s/iter; left time: 924.0676s
	iters: 400, epoch: 7 | loss: 0.4133610
	speed: 0.0093s/iter; left time: 916.9547s
	iters: 500, epoch: 7 | loss: 0.5306962
	speed: 0.0093s/iter; left time: 918.7707s
	iters: 600, epoch: 7 | loss: 0.4354183
	speed: 0.0094s/iter; left time: 925.7195s
	iters: 700, epoch: 7 | loss: 0.4158058
	speed: 0.0094s/iter; left time: 924.5660s
	iters: 800, epoch: 7 | loss: 0.4270542
	speed: 0.0093s/iter; left time: 912.5613s
	iters: 900, epoch: 7 | loss: 0.3877703
	speed: 0.0094s/iter; left time: 927.1194s
	iters: 1000, epoch: 7 | loss: 0.3834933
	speed: 0.0094s/iter; left time: 920.0341s
Epoch: 7 cost time: 9.858845949172974
Epoch: 7, Steps: 1055 | Train Loss: 0.4252755 Vali Loss: 0.9655818
EarlyStopping counter: 2 out of 6
Updating learning rate to 7.8125e-06
	iters: 100, epoch: 8 | loss: 0.3686686
	speed: 0.0279s/iter; left time: 2737.5738s
	iters: 200, epoch: 8 | loss: 0.3387152
	speed: 0.0094s/iter; left time: 922.8283s
	iters: 300, epoch: 8 | loss: 0.4204367
	speed: 0.0093s/iter; left time: 912.5061s
	iters: 400, epoch: 8 | loss: 0.4132960
	speed: 0.0094s/iter; left time: 916.0451s
	iters: 500, epoch: 8 | loss: 0.3815002
	speed: 0.0092s/iter; left time: 900.5094s
	iters: 600, epoch: 8 | loss: 0.4298348
	speed: 0.0093s/iter; left time: 910.1101s
	iters: 700, epoch: 8 | loss: 0.3746445
	speed: 0.0094s/iter; left time: 915.9968s
	iters: 800, epoch: 8 | loss: 0.4367618
	speed: 0.0093s/iter; left time: 904.4273s
	iters: 900, epoch: 8 | loss: 0.4313132
	speed: 0.0094s/iter; left time: 909.8153s
	iters: 1000, epoch: 8 | loss: 0.4499449
	speed: 0.0094s/iter; left time: 911.4262s
Epoch: 8 cost time: 9.868775844573975
Epoch: 8, Steps: 1055 | Train Loss: 0.4244992 Vali Loss: 0.9650041
EarlyStopping counter: 3 out of 6
Updating learning rate to 3.90625e-06
	iters: 100, epoch: 9 | loss: 0.4483520
	speed: 0.0279s/iter; left time: 2705.3959s
	iters: 200, epoch: 9 | loss: 0.4304088
	speed: 0.0094s/iter; left time: 913.1511s
	iters: 300, epoch: 9 | loss: 0.4316630
	speed: 0.0093s/iter; left time: 900.0008s
	iters: 400, epoch: 9 | loss: 0.3889032
	speed: 0.0098s/iter; left time: 944.8527s
	iters: 500, epoch: 9 | loss: 0.5549776
	speed: 0.0094s/iter; left time: 907.1865s
	iters: 600, epoch: 9 | loss: 0.4858003
	speed: 0.0094s/iter; left time: 902.5085s
	iters: 700, epoch: 9 | loss: 0.4834084
	speed: 0.0094s/iter; left time: 908.2195s
	iters: 800, epoch: 9 | loss: 0.3940504
	speed: 0.0094s/iter; left time: 902.7953s
	iters: 900, epoch: 9 | loss: 0.3489671
	speed: 0.0094s/iter; left time: 899.3355s
	iters: 1000, epoch: 9 | loss: 0.4438271
	speed: 0.0093s/iter; left time: 890.4530s
Epoch: 9 cost time: 9.912373542785645
Epoch: 9, Steps: 1055 | Train Loss: 0.4242229 Vali Loss: 0.9651161
EarlyStopping counter: 4 out of 6
Updating learning rate to 1.953125e-06
	iters: 100, epoch: 10 | loss: 0.4506766
	speed: 0.0281s/iter; left time: 2698.6310s
	iters: 200, epoch: 10 | loss: 0.4220428
	speed: 0.0093s/iter; left time: 893.9856s
	iters: 300, epoch: 10 | loss: 0.3779944
	speed: 0.0093s/iter; left time: 891.0893s
	iters: 400, epoch: 10 | loss: 0.4064281
	speed: 0.0093s/iter; left time: 891.6296s
	iters: 500, epoch: 10 | loss: 0.4888528
	speed: 0.0093s/iter; left time: 891.5356s
	iters: 600, epoch: 10 | loss: 0.4424361
	speed: 0.0094s/iter; left time: 896.7614s
	iters: 700, epoch: 10 | loss: 0.4295046
	speed: 0.0094s/iter; left time: 892.3583s
	iters: 800, epoch: 10 | loss: 0.3532269
	speed: 0.0094s/iter; left time: 893.1430s
	iters: 900, epoch: 10 | loss: 0.5215802
	speed: 0.0095s/iter; left time: 903.0130s
	iters: 1000, epoch: 10 | loss: 0.4599384
	speed: 0.0093s/iter; left time: 886.9370s
Epoch: 10 cost time: 9.917537689208984
Epoch: 10, Steps: 1055 | Train Loss: 0.4238546 Vali Loss: 0.9654676
EarlyStopping counter: 5 out of 6
Updating learning rate to 9.765625e-07
	iters: 100, epoch: 11 | loss: 0.3954883
	speed: 0.0281s/iter; left time: 2669.4928s
	iters: 200, epoch: 11 | loss: 0.5042692
	speed: 0.0094s/iter; left time: 890.4071s
	iters: 300, epoch: 11 | loss: 0.3903466
	speed: 0.0093s/iter; left time: 882.2772s
	iters: 400, epoch: 11 | loss: 0.4139639
	speed: 0.0093s/iter; left time: 876.9844s
	iters: 500, epoch: 11 | loss: 0.4466763
	speed: 0.0093s/iter; left time: 882.2057s
	iters: 600, epoch: 11 | loss: 0.3698416
	speed: 0.0093s/iter; left time: 875.1393s
	iters: 700, epoch: 11 | loss: 0.4373082
	speed: 0.0094s/iter; left time: 883.1672s
	iters: 800, epoch: 11 | loss: 0.5054412
	speed: 0.0092s/iter; left time: 869.1927s
	iters: 900, epoch: 11 | loss: 0.3530498
	speed: 0.0094s/iter; left time: 879.8768s
	iters: 1000, epoch: 11 | loss: 0.4832592
	speed: 0.0093s/iter; left time: 877.3507s
Epoch: 11 cost time: 9.846625804901123
Epoch: 11, Steps: 1055 | Train Loss: 0.4237382 Vali Loss: 0.9655360
EarlyStopping counter: 6 out of 6
Early stopping
VALIDATION_RESULT {"best_epoch": 5, "best_mae": 0.6567373428092343, "best_mse": 0.9643842015559396, "epochs_ran": 11, "metric_version": "element_weighted_v1"}
>>>>>>>testing : long_term_forecast_ETTm1_96_720_ettm1_p720_s2023_baseline_frozen_GraphMamba_ETTm1_ftM_sl96_ll48_pl720_dm64_nh8_el1_dl1_df128_expand2_dc2_fc1_ebtimeF_dtTrue_ettm1_p720_s2023_baseline_frozen_0_patch4_st2_ds32_mv1_bi1_ga0.5_gk2<<<<<<<<<<<<<<<<<<<<<<<<<<<<<<<<<
test 10801
test shape: (10801, 720, 7) (10801, 720, 7)
test shape: (10801, 720, 7) (10801, 720, 7)
mse:0.4537428617477417, mae:0.4458969533443451, dtw:Not calculated
