Using GPU
Args in experiment:
[1mBasic Config[0m
  Task Name:          long_term_forecast  Is Training:        1                   
  Model ID:           ETTm1_96_96_ettm1_p96_s2021_baseline_frozenModel:              GraphMamba          

[1mData Loader[0m
  Data:               ETTm1               Root Path:          /home/cwh/Time-Series-Library/dataset/ETT-small
  Data Path:          ETTm1.csv           Features:           M                   
  Target:             OT                  Freq:               h                   
  Checkpoints:        ./checkpoints/      

[1mForecasting Task[0m
  Seq Len:            96                  Label Len:          48                  
  Pred Len:           96                  Seasonal Patterns:  Monthly             
  Inverse:            0                   

[1mModel Parameters[0m
  Top k:              5                   Num Kernels:        6                   
  Enc In:             7                   Dec In:             7                   
  C Out:              7                   d model:            64                  
  n heads:            8                   e layers:           1                   
  d layers:           1                   d FF:               128                 
  Moving Avg:         25                  Factor:             1                   
  Distil:             1                   Dropout:            0.1                 
  Embed:              timeF               Activation:         gelu                

[1mRun Parameters[0m
  Num Workers:        0                   Itr:                1                   
  Train Epochs:       100                 Batch Size:         32                  
  Patience:           6                   Learning Rate:      0.0005              
  Des:                ettm1_p96_s2021_baseline_frozenLoss:               MSE                 
  Lradj:              type1               Use Amp:            0                   

[1mGPU[0m
  Use GPU:            1                   GPU:                0                   
  Use Multi GPU:      0                   Devices:            0,1,2,3             

[1mDe-stationary Projector Params[0m
  P Hidden Dims:      128, 128            P Hidden Layers:    2                   

Use GPU: cuda:0
🚀 Lazy Loading: GraphMamba ...
[GraphMamba] Building 7x7 static graph from 2000 training samples
>>>>>>>start training : long_term_forecast_ETTm1_96_96_ettm1_p96_s2021_baseline_frozen_GraphMamba_ETTm1_ftM_sl96_ll48_pl96_dm64_nh8_el1_dl1_df128_expand2_dc2_fc1_ebtimeF_dtTrue_ettm1_p96_s2021_baseline_frozen_0_patch4_st2_ds32_mv1_bi1_ga0.5_gk2>>>>>>>>>>>>>>>>>>>>>>>>>>
train 34369
val 11425
	iters: 100, epoch: 1 | loss: 0.3823225
	speed: 0.0104s/iter; left time: 1119.9323s
	iters: 200, epoch: 1 | loss: 0.3580451
	speed: 0.0087s/iter; left time: 930.7418s
	iters: 300, epoch: 1 | loss: 0.3049717
	speed: 0.0087s/iter; left time: 930.3391s
	iters: 400, epoch: 1 | loss: 0.3386301
	speed: 0.0087s/iter; left time: 927.4392s
	iters: 500, epoch: 1 | loss: 0.3581880
	speed: 0.0087s/iter; left time: 929.6710s
	iters: 600, epoch: 1 | loss: 0.2910153
	speed: 0.0086s/iter; left time: 924.4301s
	iters: 700, epoch: 1 | loss: 0.3585724
	speed: 0.0084s/iter; left time: 902.2918s
	iters: 800, epoch: 1 | loss: 0.3075337
	speed: 0.0086s/iter; left time: 920.1475s
	iters: 900, epoch: 1 | loss: 0.3147233
	speed: 0.0085s/iter; left time: 911.3532s
	iters: 1000, epoch: 1 | loss: 0.3447241
	speed: 0.0087s/iter; left time: 922.0767s
Epoch: 1 cost time: 9.462256669998169
Epoch: 1, Steps: 1075 | Train Loss: 0.3441364 Vali Loss: 0.4028389
Validation loss decreased (inf --> 0.402839).  Saving model ...
Updating learning rate to 0.0005
	iters: 100, epoch: 2 | loss: 0.2386941
	speed: 0.0273s/iter; left time: 2905.2817s
	iters: 200, epoch: 2 | loss: 0.3583236
	speed: 0.0085s/iter; left time: 902.0378s
	iters: 300, epoch: 2 | loss: 0.2619796
	speed: 0.0086s/iter; left time: 917.7852s
	iters: 400, epoch: 2 | loss: 0.3816993
	speed: 0.0085s/iter; left time: 896.3115s
	iters: 500, epoch: 2 | loss: 0.3037612
	speed: 0.0085s/iter; left time: 898.1838s
	iters: 600, epoch: 2 | loss: 0.2477657
	speed: 0.0086s/iter; left time: 909.0738s
	iters: 700, epoch: 2 | loss: 0.2752486
	speed: 0.0085s/iter; left time: 899.0755s
	iters: 800, epoch: 2 | loss: 0.3010864
	speed: 0.0085s/iter; left time: 893.0220s
	iters: 900, epoch: 2 | loss: 0.2664239
	speed: 0.0085s/iter; left time: 894.2761s
	iters: 1000, epoch: 2 | loss: 0.3225261
	speed: 0.0086s/iter; left time: 901.8860s
Epoch: 2 cost time: 9.171964645385742
Epoch: 2, Steps: 1075 | Train Loss: 0.2798629 Vali Loss: 0.4082448
EarlyStopping counter: 1 out of 6
Updating learning rate to 0.00025
	iters: 100, epoch: 3 | loss: 0.3386860
	speed: 0.0273s/iter; left time: 2875.2986s
	iters: 200, epoch: 3 | loss: 0.3057284
	speed: 0.0087s/iter; left time: 918.1516s
	iters: 300, epoch: 3 | loss: 0.1920547
	speed: 0.0086s/iter; left time: 899.9588s
	iters: 400, epoch: 3 | loss: 0.2655740
	speed: 0.0086s/iter; left time: 903.6102s
	iters: 500, epoch: 3 | loss: 0.2894252
	speed: 0.0086s/iter; left time: 905.8587s
	iters: 600, epoch: 3 | loss: 0.2230603
	speed: 0.0087s/iter; left time: 912.3318s
	iters: 700, epoch: 3 | loss: 0.2283558
	speed: 0.0087s/iter; left time: 908.5269s
	iters: 800, epoch: 3 | loss: 0.3133200
	speed: 0.0087s/iter; left time: 910.9142s
	iters: 900, epoch: 3 | loss: 0.2365851
	speed: 0.0086s/iter; left time: 901.9014s
	iters: 1000, epoch: 3 | loss: 0.2160276
	speed: 0.0087s/iter; left time: 904.2722s
Epoch: 3 cost time: 9.32162070274353
Epoch: 3, Steps: 1075 | Train Loss: 0.2669884 Vali Loss: 0.4086564
EarlyStopping counter: 2 out of 6
Updating learning rate to 0.000125
	iters: 100, epoch: 4 | loss: 0.2117937
	speed: 0.0273s/iter; left time: 2847.7111s
	iters: 200, epoch: 4 | loss: 0.3502020
	speed: 0.0086s/iter; left time: 890.4255s
	iters: 300, epoch: 4 | loss: 0.2728296
	speed: 0.0086s/iter; left time: 890.3726s
	iters: 400, epoch: 4 | loss: 0.2611823
	speed: 0.0087s/iter; left time: 907.6316s
	iters: 500, epoch: 4 | loss: 0.2856795
	speed: 0.0087s/iter; left time: 901.9166s
	iters: 600, epoch: 4 | loss: 0.1858238
	speed: 0.0087s/iter; left time: 906.5841s
	iters: 700, epoch: 4 | loss: 0.2789047
	speed: 0.0087s/iter; left time: 901.6474s
	iters: 800, epoch: 4 | loss: 0.2860826
	speed: 0.0087s/iter; left time: 897.4721s
	iters: 900, epoch: 4 | loss: 0.3384619
	speed: 0.0087s/iter; left time: 898.2314s
	iters: 1000, epoch: 4 | loss: 0.2587239
	speed: 0.0086s/iter; left time: 890.4834s
Epoch: 4 cost time: 9.311115264892578
Epoch: 4, Steps: 1075 | Train Loss: 0.2595837 Vali Loss: 0.4006965
Validation loss decreased (0.402839 --> 0.400697).  Saving model ...
Updating learning rate to 6.25e-05
	iters: 100, epoch: 5 | loss: 0.2936011
	speed: 0.0275s/iter; left time: 2836.6624s
	iters: 200, epoch: 5 | loss: 0.3016981
	speed: 0.0086s/iter; left time: 882.1964s
	iters: 300, epoch: 5 | loss: 0.3280215
	speed: 0.0087s/iter; left time: 893.8546s
	iters: 400, epoch: 5 | loss: 0.2136821
	speed: 0.0086s/iter; left time: 888.9081s
	iters: 500, epoch: 5 | loss: 0.1952262
	speed: 0.0087s/iter; left time: 892.8899s
	iters: 600, epoch: 5 | loss: 0.2381273
	speed: 0.0088s/iter; left time: 902.3740s
	iters: 700, epoch: 5 | loss: 0.2670760
	speed: 0.0087s/iter; left time: 887.4501s
	iters: 800, epoch: 5 | loss: 0.3039062
	speed: 0.0087s/iter; left time: 895.0488s
	iters: 900, epoch: 5 | loss: 0.2553253
	speed: 0.0087s/iter; left time: 890.6001s
	iters: 1000, epoch: 5 | loss: 0.2658284
	speed: 0.0086s/iter; left time: 882.9609s
Epoch: 5 cost time: 9.338727712631226
Epoch: 5, Steps: 1075 | Train Loss: 0.2560648 Vali Loss: 0.4031791
EarlyStopping counter: 1 out of 6
Updating learning rate to 3.125e-05
	iters: 100, epoch: 6 | loss: 0.2554109
	speed: 0.0276s/iter; left time: 2811.3885s
	iters: 200, epoch: 6 | loss: 0.2539226
	speed: 0.0087s/iter; left time: 890.5755s
	iters: 300, epoch: 6 | loss: 0.2586507
	speed: 0.0087s/iter; left time: 890.0635s
	iters: 400, epoch: 6 | loss: 0.2209266
	speed: 0.0086s/iter; left time: 877.6331s
	iters: 500, epoch: 6 | loss: 0.2885852
	speed: 0.0086s/iter; left time: 877.1636s
	iters: 600, epoch: 6 | loss: 0.1787492
	speed: 0.0088s/iter; left time: 896.9228s
	iters: 700, epoch: 6 | loss: 0.2698937
	speed: 0.0086s/iter; left time: 876.1785s
	iters: 800, epoch: 6 | loss: 0.2485235
	speed: 0.0088s/iter; left time: 891.5993s
	iters: 900, epoch: 6 | loss: 0.2459113
	speed: 0.0085s/iter; left time: 863.3006s
	iters: 1000, epoch: 6 | loss: 0.2158014
	speed: 0.0087s/iter; left time: 881.1872s
Epoch: 6 cost time: 9.34867000579834
Epoch: 6, Steps: 1075 | Train Loss: 0.2529543 Vali Loss: 0.4020075
EarlyStopping counter: 2 out of 6
Updating learning rate to 1.5625e-05
	iters: 100, epoch: 7 | loss: 0.2666370
	speed: 0.0276s/iter; left time: 2784.4468s
	iters: 200, epoch: 7 | loss: 0.2591023
	speed: 0.0088s/iter; left time: 890.1968s
	iters: 300, epoch: 7 | loss: 0.2481323
	speed: 0.0086s/iter; left time: 867.2111s
	iters: 400, epoch: 7 | loss: 0.3120480
	speed: 0.0089s/iter; left time: 897.6101s
	iters: 500, epoch: 7 | loss: 0.2371707
	speed: 0.0086s/iter; left time: 865.5867s
	iters: 600, epoch: 7 | loss: 0.2909296
	speed: 0.0085s/iter; left time: 854.3478s
	iters: 700, epoch: 7 | loss: 0.2000320
	speed: 0.0087s/iter; left time: 873.4742s
	iters: 800, epoch: 7 | loss: 0.3189290
	speed: 0.0086s/iter; left time: 860.0645s
	iters: 900, epoch: 7 | loss: 0.2858959
	speed: 0.0087s/iter; left time: 872.8580s
	iters: 1000, epoch: 7 | loss: 0.2247740
	speed: 0.0086s/iter; left time: 864.0724s
Epoch: 7 cost time: 9.355097770690918
Epoch: 7, Steps: 1075 | Train Loss: 0.2518487 Vali Loss: 0.4038537
EarlyStopping counter: 3 out of 6
Updating learning rate to 7.8125e-06
	iters: 100, epoch: 8 | loss: 0.2510232
	speed: 0.0279s/iter; left time: 2782.4847s
	iters: 200, epoch: 8 | loss: 0.2442339
	speed: 0.0087s/iter; left time: 870.7408s
	iters: 300, epoch: 8 | loss: 0.2884282
	speed: 0.0087s/iter; left time: 868.4214s
	iters: 400, epoch: 8 | loss: 0.2131797
	speed: 0.0088s/iter; left time: 872.1169s
	iters: 500, epoch: 8 | loss: 0.2418811
	speed: 0.0086s/iter; left time: 853.4676s
	iters: 600, epoch: 8 | loss: 0.2892783
	speed: 0.0085s/iter; left time: 846.8044s
	iters: 700, epoch: 8 | loss: 0.3050468
	speed: 0.0086s/iter; left time: 856.0422s
	iters: 800, epoch: 8 | loss: 0.2880168
	speed: 0.0085s/iter; left time: 845.3363s
	iters: 900, epoch: 8 | loss: 0.2828492
	speed: 0.0086s/iter; left time: 853.1876s
	iters: 1000, epoch: 8 | loss: 0.3001117
	speed: 0.0086s/iter; left time: 851.0375s
Epoch: 8 cost time: 9.292644262313843
Epoch: 8, Steps: 1075 | Train Loss: 0.2509332 Vali Loss: 0.4054528
EarlyStopping counter: 4 out of 6
Updating learning rate to 3.90625e-06
	iters: 100, epoch: 9 | loss: 0.2550581
	speed: 0.0274s/iter; left time: 2708.3714s
	iters: 200, epoch: 9 | loss: 0.2088118
	speed: 0.0088s/iter; left time: 871.0412s
	iters: 300, epoch: 9 | loss: 0.2428744
	speed: 0.0086s/iter; left time: 844.9282s
	iters: 400, epoch: 9 | loss: 0.2595069
	speed: 0.0088s/iter; left time: 868.7678s
	iters: 500, epoch: 9 | loss: 0.2367921
	speed: 0.0089s/iter; left time: 873.1886s
	iters: 600, epoch: 9 | loss: 0.2322286
	speed: 0.0088s/iter; left time: 860.4907s
	iters: 700, epoch: 9 | loss: 0.2006423
	speed: 0.0090s/iter; left time: 887.5598s
	iters: 800, epoch: 9 | loss: 0.2531171
	speed: 0.0087s/iter; left time: 849.0655s
	iters: 900, epoch: 9 | loss: 0.3097021
	speed: 0.0087s/iter; left time: 849.8723s
	iters: 1000, epoch: 9 | loss: 0.2687656
	speed: 0.0089s/iter; left time: 866.9787s
Epoch: 9 cost time: 9.447239637374878
Epoch: 9, Steps: 1075 | Train Loss: 0.2510992 Vali Loss: 0.4039327
EarlyStopping counter: 5 out of 6
Updating learning rate to 1.953125e-06
	iters: 100, epoch: 10 | loss: 0.3202007
	speed: 0.0279s/iter; left time: 2727.6446s
	iters: 200, epoch: 10 | loss: 0.2558849
	speed: 0.0089s/iter; left time: 870.3160s
	iters: 300, epoch: 10 | loss: 0.2439197
	speed: 0.0086s/iter; left time: 838.6802s
	iters: 400, epoch: 10 | loss: 0.2572114
	speed: 0.0088s/iter; left time: 857.0077s
	iters: 500, epoch: 10 | loss: 0.2457017
	speed: 0.0086s/iter; left time: 836.0586s
	iters: 600, epoch: 10 | loss: 0.2385291
	speed: 0.0089s/iter; left time: 866.7079s
	iters: 700, epoch: 10 | loss: 0.2581970
	speed: 0.0087s/iter; left time: 843.9112s
	iters: 800, epoch: 10 | loss: 0.3088161
	speed: 0.0088s/iter; left time: 851.8596s
	iters: 900, epoch: 10 | loss: 0.2550587
	speed: 0.0088s/iter; left time: 856.7561s
	iters: 1000, epoch: 10 | loss: 0.2604368
	speed: 0.0087s/iter; left time: 843.9596s
Epoch: 10 cost time: 9.418575286865234
Epoch: 10, Steps: 1075 | Train Loss: 0.2504069 Vali Loss: 0.4036305
EarlyStopping counter: 6 out of 6
Early stopping
VALIDATION_RESULT {"best_epoch": 4, "best_mae": 0.4185363905392824, "best_mse": 0.400696536991588, "epochs_ran": 10, "metric_version": "element_weighted_v1"}
>>>>>>>testing : long_term_forecast_ETTm1_96_96_ettm1_p96_s2021_baseline_frozen_GraphMamba_ETTm1_ftM_sl96_ll48_pl96_dm64_nh8_el1_dl1_df128_expand2_dc2_fc1_ebtimeF_dtTrue_ettm1_p96_s2021_baseline_frozen_0_patch4_st2_ds32_mv1_bi1_ga0.5_gk2<<<<<<<<<<<<<<<<<<<<<<<<<<<<<<<<<
test 11425
test shape: (11425, 96, 7) (11425, 96, 7)
test shape: (11425, 96, 7) (11425, 96, 7)
mse:0.33121782541275024, mae:0.37075990438461304, dtw:Not calculated
