Using GPU
Args in experiment:
[1mBasic Config[0m
  Task Name:          long_term_forecast  Is Training:        1                   
  Model ID:           dlinear_weather_sl336_pl336_s2022Model:              DLinear             

[1mData Loader[0m
  Data:               custom              Root Path:          /home/cwh/Time-Series-Library/dataset/weather
  Data Path:          weather.csv         Features:           M                   
  Target:             CO2 (ppm)           Freq:               t                   
  Checkpoints:        /home/cwh/Time-Series-Library/logs/q2_main_baselines_multiseed/checkpoints

[1mForecasting Task[0m
  Seq Len:            336                 Label Len:          48                  
  Pred Len:           336                 Seasonal Patterns:  Monthly             
  Inverse:            0                   

[1mModel Parameters[0m
  Top k:              5                   Num Kernels:        6                   
  Enc In:             21                  Dec In:             21                  
  C Out:              21                  d model:            32                  
  n heads:            4                   e layers:           2                   
  d layers:           1                   d FF:               64                  
  Moving Avg:         25                  Factor:             3                   
  Distil:             1                   Dropout:            0.1                 
  Embed:              timeF               Activation:         gelu                

[1mRun Parameters[0m
  Num Workers:        0                   Itr:                1                   
  Train Epochs:       10                  Batch Size:         32                  
  Patience:           3                   Learning Rate:      0.0001              
  Des:                dlinear_weather_sl336_pl336_s2022Loss:               MSE                 
  Lradj:              type1               Use Amp:            0                   

[1mGPU[0m
  Use GPU:            1                   GPU:                0                   
  Use Multi GPU:      0                   Devices:            0,1,2,3             

[1mDe-stationary Projector Params[0m
  P Hidden Dims:      128, 128            P Hidden Layers:    2                   

Use GPU: cuda:0
🚀 Lazy Loading: DLinear ...
>>>>>>>start training : long_term_forecast_dlinear_weather_sl336_pl336_s2022_DLinear_custom_ftM_sl336_ll48_pl336_dm32_nh4_el2_dl1_df64_expand2_dc4_fc3_ebtimeF_dtTrue_dlinear_weather_sl336_pl336_s2022_0>>>>>>>>>>>>>>>>>>>>>>>>>>
train 36216
val 4935
	iters: 100, epoch: 1 | loss: 0.4007681
	speed: 0.0091s/iter; left time: 101.7650s
	iters: 200, epoch: 1 | loss: 0.4404559
	speed: 0.0032s/iter; left time: 35.2522s
	iters: 300, epoch: 1 | loss: 0.3808918
	speed: 0.0028s/iter; left time: 30.9318s
	iters: 400, epoch: 1 | loss: 0.6933817
	speed: 0.0030s/iter; left time: 32.7088s
	iters: 500, epoch: 1 | loss: 0.5797498
	speed: 0.0030s/iter; left time: 32.6362s
	iters: 600, epoch: 1 | loss: 0.3996935
	speed: 0.0028s/iter; left time: 30.4026s
	iters: 700, epoch: 1 | loss: 0.5930226
	speed: 0.0029s/iter; left time: 30.7796s
	iters: 800, epoch: 1 | loss: 0.4396644
	speed: 0.0029s/iter; left time: 30.7634s
	iters: 900, epoch: 1 | loss: 0.4139983
	speed: 0.0030s/iter; left time: 30.7691s
	iters: 1000, epoch: 1 | loss: 0.3995056
	speed: 0.0029s/iter; left time: 29.7193s
	iters: 1100, epoch: 1 | loss: 0.3349731
	speed: 0.0028s/iter; left time: 28.4615s
Epoch: 1 cost time: 3.400686264038086
Epoch: 1, Steps: 1132 | Train Loss: 0.5543946 Vali Loss: 0.5484522
Validation loss decreased (inf --> 0.548452).  Saving model ...
Updating learning rate to 0.0001
	iters: 100, epoch: 2 | loss: 0.6691270
	speed: 0.0058s/iter; left time: 58.0974s
	iters: 200, epoch: 2 | loss: 0.5589358
	speed: 0.0027s/iter; left time: 26.7325s
	iters: 300, epoch: 2 | loss: 0.8183772
	speed: 0.0025s/iter; left time: 24.8513s
	iters: 400, epoch: 2 | loss: 0.7101092
	speed: 0.0027s/iter; left time: 26.8608s
	iters: 500, epoch: 2 | loss: 0.7913721
	speed: 0.0028s/iter; left time: 27.3234s
	iters: 600, epoch: 2 | loss: 0.4660535
	speed: 0.0026s/iter; left time: 24.7399s
	iters: 700, epoch: 2 | loss: 0.3743024
	speed: 0.0026s/iter; left time: 24.7958s
	iters: 800, epoch: 2 | loss: 0.4577146
	speed: 0.0025s/iter; left time: 23.5707s
	iters: 900, epoch: 2 | loss: 0.4630322
	speed: 0.0024s/iter; left time: 22.6304s
	iters: 1000, epoch: 2 | loss: 0.4556999
	speed: 0.0025s/iter; left time: 22.6738s
	iters: 1100, epoch: 2 | loss: 0.4947329
	speed: 0.0026s/iter; left time: 23.2221s
Epoch: 2 cost time: 2.919652223587036
Epoch: 2, Steps: 1132 | Train Loss: 0.5461130 Vali Loss: 0.5477510
Validation loss decreased (0.548452 --> 0.547751).  Saving model ...
Updating learning rate to 5e-05
	iters: 100, epoch: 3 | loss: 0.7109635
	speed: 0.0059s/iter; left time: 52.4263s
	iters: 200, epoch: 3 | loss: 0.4515770
	speed: 0.0025s/iter; left time: 22.0331s
	iters: 300, epoch: 3 | loss: 0.6930412
	speed: 0.0028s/iter; left time: 24.3747s
	iters: 400, epoch: 3 | loss: 0.8119991
	speed: 0.0027s/iter; left time: 23.0220s
	iters: 500, epoch: 3 | loss: 0.7394941
	speed: 0.0026s/iter; left time: 21.9690s
	iters: 600, epoch: 3 | loss: 0.4761539
	speed: 0.0025s/iter; left time: 21.5539s
	iters: 700, epoch: 3 | loss: 0.4452037
	speed: 0.0026s/iter; left time: 22.1318s
	iters: 800, epoch: 3 | loss: 0.5211546
	speed: 0.0025s/iter; left time: 20.8363s
	iters: 900, epoch: 3 | loss: 0.4749207
	speed: 0.0028s/iter; left time: 22.8330s
	iters: 1000, epoch: 3 | loss: 0.4893231
	speed: 0.0027s/iter; left time: 21.5469s
	iters: 1100, epoch: 3 | loss: 0.5222641
	speed: 0.0027s/iter; left time: 21.7842s
Epoch: 3 cost time: 2.97175931930542
Epoch: 3, Steps: 1132 | Train Loss: 0.5450030 Vali Loss: 0.5482186
EarlyStopping counter: 1 out of 3
Updating learning rate to 2.5e-05
	iters: 100, epoch: 4 | loss: 0.4267757
	speed: 0.0060s/iter; left time: 47.1757s
	iters: 200, epoch: 4 | loss: 0.4874787
	speed: 0.0027s/iter; left time: 21.1731s
	iters: 300, epoch: 4 | loss: 0.4399320
	speed: 0.0027s/iter; left time: 20.7980s
	iters: 400, epoch: 4 | loss: 0.7744905
	speed: 0.0028s/iter; left time: 21.3029s
	iters: 500, epoch: 4 | loss: 0.6952850
	speed: 0.0027s/iter; left time: 20.0232s
	iters: 600, epoch: 4 | loss: 0.4718240
	speed: 0.0032s/iter; left time: 23.4822s
	iters: 700, epoch: 4 | loss: 0.4553109
	speed: 0.0026s/iter; left time: 18.5560s
	iters: 800, epoch: 4 | loss: 0.8457013
	speed: 0.0025s/iter; left time: 17.9817s
	iters: 900, epoch: 4 | loss: 0.5402334
	speed: 0.0026s/iter; left time: 18.0656s
	iters: 1000, epoch: 4 | loss: 0.7010375
	speed: 0.0025s/iter; left time: 17.4878s
	iters: 1100, epoch: 4 | loss: 0.4482449
	speed: 0.0024s/iter; left time: 16.4475s
Epoch: 4 cost time: 3.003978967666626
Epoch: 4, Steps: 1132 | Train Loss: 0.5445347 Vali Loss: 0.5491897
EarlyStopping counter: 2 out of 3
Updating learning rate to 1.25e-05
	iters: 100, epoch: 5 | loss: 0.5293105
	speed: 0.0062s/iter; left time: 41.4357s
	iters: 200, epoch: 5 | loss: 0.4769388
	speed: 0.0026s/iter; left time: 17.1141s
	iters: 300, epoch: 5 | loss: 0.4772456
	speed: 0.0026s/iter; left time: 16.6331s
	iters: 400, epoch: 5 | loss: 0.4576678
	speed: 0.0026s/iter; left time: 16.5352s
	iters: 500, epoch: 5 | loss: 0.6266613
	speed: 0.0026s/iter; left time: 16.2139s
	iters: 600, epoch: 5 | loss: 0.4477234
	speed: 0.0025s/iter; left time: 15.4989s
	iters: 700, epoch: 5 | loss: 0.7239727
	speed: 0.0029s/iter; left time: 17.5495s
	iters: 800, epoch: 5 | loss: 0.4764608
	speed: 0.0026s/iter; left time: 15.3272s
	iters: 900, epoch: 5 | loss: 0.5033537
	speed: 0.0026s/iter; left time: 15.3312s
	iters: 1000, epoch: 5 | loss: 0.4777069
	speed: 0.0027s/iter; left time: 15.5714s
	iters: 1100, epoch: 5 | loss: 0.4611671
	speed: 0.0025s/iter; left time: 14.5101s
Epoch: 5 cost time: 2.954318046569824
Epoch: 5, Steps: 1132 | Train Loss: 0.5443229 Vali Loss: 0.5470074
Validation loss decreased (0.547751 --> 0.547007).  Saving model ...
Updating learning rate to 6.25e-06
	iters: 100, epoch: 6 | loss: 0.7959839
	speed: 0.0058s/iter; left time: 32.0492s
	iters: 200, epoch: 6 | loss: 0.7259604
	speed: 0.0025s/iter; left time: 13.3922s
	iters: 300, epoch: 6 | loss: 0.4617908
	speed: 0.0025s/iter; left time: 13.5450s
	iters: 400, epoch: 6 | loss: 0.5003590
	speed: 0.0030s/iter; left time: 15.9637s
	iters: 500, epoch: 6 | loss: 0.4169193
	speed: 0.0028s/iter; left time: 14.6154s
	iters: 600, epoch: 6 | loss: 0.5455167
	speed: 0.0025s/iter; left time: 12.8316s
	iters: 700, epoch: 6 | loss: 0.4845826
	speed: 0.0025s/iter; left time: 12.6090s
	iters: 800, epoch: 6 | loss: 0.3891861
	speed: 0.0026s/iter; left time: 12.8457s
	iters: 900, epoch: 6 | loss: 0.5392987
	speed: 0.0027s/iter; left time: 12.8618s
	iters: 1000, epoch: 6 | loss: 0.4280137
	speed: 0.0029s/iter; left time: 13.4843s
	iters: 1100, epoch: 6 | loss: 0.5480253
	speed: 0.0027s/iter; left time: 12.1981s
Epoch: 6 cost time: 3.0190868377685547
Epoch: 6, Steps: 1132 | Train Loss: 0.5441830 Vali Loss: 0.5461813
Validation loss decreased (0.547007 --> 0.546181).  Saving model ...
Updating learning rate to 3.125e-06
	iters: 100, epoch: 7 | loss: 0.5832474
	speed: 0.0061s/iter; left time: 26.8018s
	iters: 200, epoch: 7 | loss: 0.4294288
	speed: 0.0026s/iter; left time: 11.2222s
	iters: 300, epoch: 7 | loss: 0.3808165
	speed: 0.0029s/iter; left time: 12.0722s
	iters: 400, epoch: 7 | loss: 0.5411407
	speed: 0.0026s/iter; left time: 10.9369s
	iters: 500, epoch: 7 | loss: 0.3928999
	speed: 0.0026s/iter; left time: 10.4776s
	iters: 600, epoch: 7 | loss: 0.4857157
	speed: 0.0025s/iter; left time: 9.7790s
	iters: 700, epoch: 7 | loss: 0.7316117
	speed: 0.0028s/iter; left time: 10.5368s
	iters: 800, epoch: 7 | loss: 0.4739977
	speed: 0.0028s/iter; left time: 10.3465s
	iters: 900, epoch: 7 | loss: 0.5319092
	speed: 0.0026s/iter; left time: 9.5888s
	iters: 1000, epoch: 7 | loss: 0.4692460
	speed: 0.0026s/iter; left time: 9.0893s
	iters: 1100, epoch: 7 | loss: 0.5116910
	speed: 0.0027s/iter; left time: 9.3063s
Epoch: 7 cost time: 3.009338140487671
Epoch: 7, Steps: 1132 | Train Loss: 0.5441272 Vali Loss: 0.5467158
EarlyStopping counter: 1 out of 3
Updating learning rate to 1.5625e-06
	iters: 100, epoch: 8 | loss: 0.7581667
	speed: 0.0060s/iter; left time: 19.6589s
	iters: 200, epoch: 8 | loss: 0.8572288
	speed: 0.0028s/iter; left time: 8.8894s
	iters: 300, epoch: 8 | loss: 0.4464225
	speed: 0.0029s/iter; left time: 8.9948s
	iters: 400, epoch: 8 | loss: 0.7245029
	speed: 0.0027s/iter; left time: 8.0114s
	iters: 500, epoch: 8 | loss: 0.4578338
	speed: 0.0025s/iter; left time: 7.3586s
	iters: 600, epoch: 8 | loss: 0.4524684
	speed: 0.0028s/iter; left time: 7.7284s
	iters: 700, epoch: 8 | loss: 0.3783316
	speed: 0.0026s/iter; left time: 6.9136s
	iters: 800, epoch: 8 | loss: 0.4761463
	speed: 0.0025s/iter; left time: 6.5237s
	iters: 900, epoch: 8 | loss: 0.4553207
	speed: 0.0028s/iter; left time: 6.9834s
	iters: 1000, epoch: 8 | loss: 0.3952027
	speed: 0.0027s/iter; left time: 6.5850s
	iters: 1100, epoch: 8 | loss: 0.4714731
	speed: 0.0031s/iter; left time: 7.1162s
Epoch: 8 cost time: 3.086651563644409
Epoch: 8, Steps: 1132 | Train Loss: 0.5441964 Vali Loss: 0.5464036
EarlyStopping counter: 2 out of 3
Updating learning rate to 7.8125e-07
	iters: 100, epoch: 9 | loss: 0.6790639
	speed: 0.0060s/iter; left time: 13.0191s
	iters: 200, epoch: 9 | loss: 0.4946544
	speed: 0.0027s/iter; left time: 5.4880s
	iters: 300, epoch: 9 | loss: 0.4602827
	speed: 0.0026s/iter; left time: 5.0391s
	iters: 400, epoch: 9 | loss: 0.4993955
	speed: 0.0026s/iter; left time: 4.8497s
	iters: 500, epoch: 9 | loss: 0.7583428
	speed: 0.0027s/iter; left time: 4.7042s
	iters: 600, epoch: 9 | loss: 0.4497614
	speed: 0.0027s/iter; left time: 4.4629s
	iters: 700, epoch: 9 | loss: 0.4655022
	speed: 0.0027s/iter; left time: 4.1699s
	iters: 800, epoch: 9 | loss: 0.6795747
	speed: 0.0027s/iter; left time: 3.9048s
	iters: 900, epoch: 9 | loss: 0.8574029
	speed: 0.0027s/iter; left time: 3.6309s
	iters: 1000, epoch: 9 | loss: 0.6943983
	speed: 0.0027s/iter; left time: 3.4594s
	iters: 1100, epoch: 9 | loss: 0.3709764
	speed: 0.0028s/iter; left time: 3.2544s
Epoch: 9 cost time: 3.0205190181732178
Epoch: 9, Steps: 1132 | Train Loss: 0.5440797 Vali Loss: 0.5464922
EarlyStopping counter: 3 out of 3
Early stopping
VALIDATION_RESULT {"best_epoch": 6, "best_mae": 0.39261550838291137, "best_mse": 0.5461812619511773, "epochs_ran": 9, "metric_version": "element_weighted_v1"}
>>>>>>>testing : long_term_forecast_dlinear_weather_sl336_pl336_s2022_DLinear_custom_ftM_sl336_ll48_pl336_dm32_nh4_el2_dl1_df64_expand2_dc4_fc3_ebtimeF_dtTrue_dlinear_weather_sl336_pl336_s2022_0<<<<<<<<<<<<<<<<<<<<<<<<<<<<<<<<<
test 10204
test shape: (10204, 336, 21) (10204, 336, 21)
test shape: (10204, 336, 21) (10204, 336, 21)
mse:0.2606840431690216, mae:0.3103199899196625, dtw:Not calculated
