Using GPU
Args in experiment:
[1mBasic Config[0m
  Task Name:          long_term_forecast  Is Training:        1                   
  Model ID:           dlinear_ettm1_sl336_pl96_s2022Model:              DLinear             

[1mData Loader[0m
  Data:               ETTm1               Root Path:          /home/cwh/Time-Series-Library/dataset/ETT-small
  Data Path:          ETTm1.csv           Features:           M                   
  Target:             OT                  Freq:               t                   
  Checkpoints:        /home/cwh/Time-Series-Library/logs/q2_main_baselines_multiseed/checkpoints

[1mForecasting Task[0m
  Seq Len:            336                 Label Len:          48                  
  Pred Len:           96                  Seasonal Patterns:  Monthly             
  Inverse:            0                   

[1mModel Parameters[0m
  Top k:              5                   Num Kernels:        6                   
  Enc In:             7                   Dec In:             7                   
  C Out:              7                   d model:            32                  
  n heads:            4                   e layers:           2                   
  d layers:           1                   d FF:               64                  
  Moving Avg:         25                  Factor:             3                   
  Distil:             1                   Dropout:            0.1                 
  Embed:              timeF               Activation:         gelu                

[1mRun Parameters[0m
  Num Workers:        0                   Itr:                1                   
  Train Epochs:       10                  Batch Size:         32                  
  Patience:           3                   Learning Rate:      0.0001              
  Des:                dlinear_ettm1_sl336_pl96_s2022Loss:               MSE                 
  Lradj:              type1               Use Amp:            0                   

[1mGPU[0m
  Use GPU:            1                   GPU:                0                   
  Use Multi GPU:      0                   Devices:            0,1,2,3             

[1mDe-stationary Projector Params[0m
  P Hidden Dims:      128, 128            P Hidden Layers:    2                   

Use GPU: cuda:0
🚀 Lazy Loading: DLinear ...
>>>>>>>start training : long_term_forecast_dlinear_ettm1_sl336_pl96_s2022_DLinear_ETTm1_ftM_sl336_ll48_pl96_dm32_nh4_el2_dl1_df64_expand2_dc4_fc3_ebtimeF_dtTrue_dlinear_ettm1_sl336_pl96_s2022_0>>>>>>>>>>>>>>>>>>>>>>>>>>
train 34129
val 11425
	iters: 100, epoch: 1 | loss: 0.3146321
	speed: 0.0084s/iter; left time: 88.4889s
	iters: 200, epoch: 1 | loss: 0.3011852
	speed: 0.0020s/iter; left time: 21.1429s
	iters: 300, epoch: 1 | loss: 0.2510657
	speed: 0.0022s/iter; left time: 22.6515s
	iters: 400, epoch: 1 | loss: 0.2913633
	speed: 0.0022s/iter; left time: 22.6346s
	iters: 500, epoch: 1 | loss: 0.2888116
	speed: 0.0021s/iter; left time: 21.5585s
	iters: 600, epoch: 1 | loss: 0.3111891
	speed: 0.0022s/iter; left time: 22.4438s
	iters: 700, epoch: 1 | loss: 0.2695505
	speed: 0.0022s/iter; left time: 22.0069s
	iters: 800, epoch: 1 | loss: 0.3143512
	speed: 0.0022s/iter; left time: 21.9808s
	iters: 900, epoch: 1 | loss: 0.3014454
	speed: 0.0021s/iter; left time: 20.8343s
	iters: 1000, epoch: 1 | loss: 0.2932072
	speed: 0.0023s/iter; left time: 21.8808s
Epoch: 1 cost time: 2.4274444580078125
Epoch: 1, Steps: 1067 | Train Loss: 0.2920207 Vali Loss: 0.3880228
Validation loss decreased (inf --> 0.388023).  Saving model ...
Updating learning rate to 0.0001
	iters: 100, epoch: 2 | loss: 0.3301847
	speed: 0.0082s/iter; left time: 78.2031s
	iters: 200, epoch: 2 | loss: 0.2283003
	speed: 0.0022s/iter; left time: 20.5447s
	iters: 300, epoch: 2 | loss: 0.2501236
	speed: 0.0021s/iter; left time: 19.9479s
	iters: 400, epoch: 2 | loss: 0.2741017
	speed: 0.0023s/iter; left time: 20.7337s
	iters: 500, epoch: 2 | loss: 0.2045857
	speed: 0.0022s/iter; left time: 19.5843s
	iters: 600, epoch: 2 | loss: 0.2745437
	speed: 0.0023s/iter; left time: 20.9193s
	iters: 700, epoch: 2 | loss: 0.2222350
	speed: 0.0023s/iter; left time: 20.0353s
	iters: 800, epoch: 2 | loss: 0.2386118
	speed: 0.0022s/iter; left time: 19.5078s
	iters: 900, epoch: 2 | loss: 0.2682675
	speed: 0.0022s/iter; left time: 19.2089s
	iters: 1000, epoch: 2 | loss: 0.3484242
	speed: 0.0021s/iter; left time: 17.9082s
Epoch: 2 cost time: 2.3400754928588867
Epoch: 2, Steps: 1067 | Train Loss: 0.2717575 Vali Loss: 0.3832869
Validation loss decreased (0.388023 --> 0.383287).  Saving model ...
Updating learning rate to 5e-05
	iters: 100, epoch: 3 | loss: 0.2550479
	speed: 0.0084s/iter; left time: 71.2880s
	iters: 200, epoch: 3 | loss: 0.2930091
	speed: 0.0022s/iter; left time: 18.4134s
	iters: 300, epoch: 3 | loss: 0.3016981
	speed: 0.0021s/iter; left time: 17.4490s
	iters: 400, epoch: 3 | loss: 0.2695568
	speed: 0.0022s/iter; left time: 17.7219s
	iters: 500, epoch: 3 | loss: 0.2964684
	speed: 0.0022s/iter; left time: 17.6839s
	iters: 600, epoch: 3 | loss: 0.2499840
	speed: 0.0020s/iter; left time: 15.9262s
	iters: 700, epoch: 3 | loss: 0.3146136
	speed: 0.0021s/iter; left time: 16.3717s
	iters: 800, epoch: 3 | loss: 0.2887384
	speed: 0.0021s/iter; left time: 16.5513s
	iters: 900, epoch: 3 | loss: 0.2999136
	speed: 0.0021s/iter; left time: 15.9431s
	iters: 1000, epoch: 3 | loss: 0.2665090
	speed: 0.0021s/iter; left time: 15.7286s
Epoch: 3 cost time: 2.3418006896972656
Epoch: 3, Steps: 1067 | Train Loss: 0.2695508 Vali Loss: 0.3810132
Validation loss decreased (0.383287 --> 0.381013).  Saving model ...
Updating learning rate to 2.5e-05
	iters: 100, epoch: 4 | loss: 0.3109360
	speed: 0.0084s/iter; left time: 62.1261s
	iters: 200, epoch: 4 | loss: 0.2460803
	speed: 0.0021s/iter; left time: 14.9769s
	iters: 300, epoch: 4 | loss: 0.2849421
	speed: 0.0022s/iter; left time: 15.5867s
	iters: 400, epoch: 4 | loss: 0.2778044
	speed: 0.0022s/iter; left time: 15.6447s
	iters: 500, epoch: 4 | loss: 0.2326252
	speed: 0.0021s/iter; left time: 14.8508s
	iters: 600, epoch: 4 | loss: 0.2294212
	speed: 0.0022s/iter; left time: 14.7769s
	iters: 700, epoch: 4 | loss: 0.2848430
	speed: 0.0020s/iter; left time: 13.5812s
	iters: 800, epoch: 4 | loss: 0.2752592
	speed: 0.0023s/iter; left time: 15.1418s
	iters: 900, epoch: 4 | loss: 0.2529216
	speed: 0.0021s/iter; left time: 13.9056s
	iters: 1000, epoch: 4 | loss: 0.2374561
	speed: 0.0025s/iter; left time: 16.4745s
Epoch: 4 cost time: 2.3428523540496826
Epoch: 4, Steps: 1067 | Train Loss: 0.2689917 Vali Loss: 0.3841206
EarlyStopping counter: 1 out of 3
Updating learning rate to 1.25e-05
	iters: 100, epoch: 5 | loss: 0.2370215
	speed: 0.0080s/iter; left time: 50.3630s
	iters: 200, epoch: 5 | loss: 0.2589492
	speed: 0.0021s/iter; left time: 13.0179s
	iters: 300, epoch: 5 | loss: 0.3122386
	speed: 0.0022s/iter; left time: 13.4684s
	iters: 400, epoch: 5 | loss: 0.2582879
	speed: 0.0021s/iter; left time: 12.7926s
	iters: 500, epoch: 5 | loss: 0.2499651
	speed: 0.0022s/iter; left time: 12.9435s
	iters: 600, epoch: 5 | loss: 0.2998563
	speed: 0.0022s/iter; left time: 12.7477s
	iters: 700, epoch: 5 | loss: 0.3214904
	speed: 0.0025s/iter; left time: 14.1302s
	iters: 800, epoch: 5 | loss: 0.2901914
	speed: 0.0023s/iter; left time: 13.1322s
	iters: 900, epoch: 5 | loss: 0.2192373
	speed: 0.0024s/iter; left time: 13.3048s
	iters: 1000, epoch: 5 | loss: 0.3430252
	speed: 0.0025s/iter; left time: 13.5845s
Epoch: 5 cost time: 2.4524989128112793
Epoch: 5, Steps: 1067 | Train Loss: 0.2687590 Vali Loss: 0.3817555
EarlyStopping counter: 2 out of 3
Updating learning rate to 6.25e-06
	iters: 100, epoch: 6 | loss: 0.2581668
	speed: 0.0088s/iter; left time: 46.1642s
	iters: 200, epoch: 6 | loss: 0.2316054
	speed: 0.0024s/iter; left time: 12.2179s
	iters: 300, epoch: 6 | loss: 0.2832577
	speed: 0.0023s/iter; left time: 11.7522s
	iters: 400, epoch: 6 | loss: 0.2754651
	speed: 0.0023s/iter; left time: 11.1366s
	iters: 500, epoch: 6 | loss: 0.3483529
	speed: 0.0023s/iter; left time: 10.8825s
	iters: 600, epoch: 6 | loss: 0.2847589
	speed: 0.0021s/iter; left time: 10.0623s
	iters: 700, epoch: 6 | loss: 0.3849496
	speed: 0.0022s/iter; left time: 10.1419s
	iters: 800, epoch: 6 | loss: 0.2504050
	speed: 0.0023s/iter; left time: 10.5001s
	iters: 900, epoch: 6 | loss: 0.2768747
	speed: 0.0022s/iter; left time: 9.6442s
	iters: 1000, epoch: 6 | loss: 0.2525912
	speed: 0.0022s/iter; left time: 9.5946s
Epoch: 6 cost time: 2.438598155975342
Epoch: 6, Steps: 1067 | Train Loss: 0.2685860 Vali Loss: 0.3823239
EarlyStopping counter: 3 out of 3
Early stopping
VALIDATION_RESULT {"best_epoch": 3, "best_mae": 0.4074923679184464, "best_mse": 0.3810132267292035, "epochs_ran": 6, "metric_version": "element_weighted_v1"}
>>>>>>>testing : long_term_forecast_dlinear_ettm1_sl336_pl96_s2022_DLinear_ETTm1_ftM_sl336_ll48_pl96_dm32_nh4_el2_dl1_df64_expand2_dc4_fc3_ebtimeF_dtTrue_dlinear_ettm1_sl336_pl96_s2022_0<<<<<<<<<<<<<<<<<<<<<<<<<<<<<<<<<
test 11425
test shape: (11425, 96, 7) (11425, 96, 7)
test shape: (11425, 96, 7) (11425, 96, 7)
mse:0.30055955052375793, mae:0.34467360377311707, dtw:Not calculated
