Using GPU
Args in experiment:
[1mBasic Config[0m
  Task Name:          long_term_forecast  Is Training:        1                   
  Model ID:           dlinear_etth2_sl336_pl192_s2022Model:              DLinear             

[1mData Loader[0m
  Data:               ETTh2               Root Path:          /home/cwh/Time-Series-Library/dataset/ETT-small
  Data Path:          ETTh2.csv           Features:           M                   
  Target:             OT                  Freq:               h                   
  Checkpoints:        /home/cwh/Time-Series-Library/logs/q2_main_baselines_multiseed/checkpoints

[1mForecasting Task[0m
  Seq Len:            336                 Label Len:          48                  
  Pred Len:           192                 Seasonal Patterns:  Monthly             
  Inverse:            0                   

[1mModel Parameters[0m
  Top k:              5                   Num Kernels:        6                   
  Enc In:             7                   Dec In:             7                   
  C Out:              7                   d model:            32                  
  n heads:            4                   e layers:           2                   
  d layers:           1                   d FF:               64                  
  Moving Avg:         25                  Factor:             3                   
  Distil:             1                   Dropout:            0.1                 
  Embed:              timeF               Activation:         gelu                

[1mRun Parameters[0m
  Num Workers:        0                   Itr:                1                   
  Train Epochs:       10                  Batch Size:         32                  
  Patience:           3                   Learning Rate:      0.0001              
  Des:                dlinear_etth2_sl336_pl192_s2022Loss:               MSE                 
  Lradj:              type1               Use Amp:            0                   

[1mGPU[0m
  Use GPU:            1                   GPU:                0                   
  Use Multi GPU:      0                   Devices:            0,1,2,3             

[1mDe-stationary Projector Params[0m
  P Hidden Dims:      128, 128            P Hidden Layers:    2                   

Use GPU: cuda:0
🚀 Lazy Loading: DLinear ...
>>>>>>>start training : long_term_forecast_dlinear_etth2_sl336_pl192_s2022_DLinear_ETTh2_ftM_sl336_ll48_pl192_dm32_nh4_el2_dl1_df64_expand2_dc4_fc3_ebtimeF_dtTrue_dlinear_etth2_sl336_pl192_s2022_0>>>>>>>>>>>>>>>>>>>>>>>>>>
train 8113
val 2689
	iters: 100, epoch: 1 | loss: 0.7565019
	speed: 0.0097s/iter; left time: 23.7448s
	iters: 200, epoch: 1 | loss: 0.5553809
	speed: 0.0027s/iter; left time: 6.3720s
Epoch: 1 cost time: 0.7969760894775391
Epoch: 1, Steps: 254 | Train Loss: 0.5277963 Vali Loss: 0.3159967
Validation loss decreased (inf --> 0.315997).  Saving model ...
Updating learning rate to 0.0001
	iters: 100, epoch: 2 | loss: 0.3450363
	speed: 0.0056s/iter; left time: 12.3465s
	iters: 200, epoch: 2 | loss: 0.3802241
	speed: 0.0027s/iter; left time: 5.6777s
Epoch: 2 cost time: 0.675382137298584
Epoch: 2, Steps: 254 | Train Loss: 0.5011473 Vali Loss: 0.3170562
EarlyStopping counter: 1 out of 3
Updating learning rate to 5e-05
	iters: 100, epoch: 3 | loss: 0.6471660
	speed: 0.0046s/iter; left time: 8.8722s
	iters: 200, epoch: 3 | loss: 0.4409474
	speed: 0.0021s/iter; left time: 3.7726s
Epoch: 3 cost time: 0.5203075408935547
Epoch: 3, Steps: 254 | Train Loss: 0.4928377 Vali Loss: 0.3162918
EarlyStopping counter: 2 out of 3
Updating learning rate to 2.5e-05
	iters: 100, epoch: 4 | loss: 0.2679499
	speed: 0.0043s/iter; left time: 7.2524s
	iters: 200, epoch: 4 | loss: 0.6767694
	speed: 0.0021s/iter; left time: 3.2529s
Epoch: 4 cost time: 0.5516989231109619
Epoch: 4, Steps: 254 | Train Loss: 0.4907170 Vali Loss: 0.3124407
Validation loss decreased (0.315997 --> 0.312441).  Saving model ...
Updating learning rate to 1.25e-05
	iters: 100, epoch: 5 | loss: 0.2615066
	speed: 0.0045s/iter; left time: 6.4437s
	iters: 200, epoch: 5 | loss: 0.5672214
	speed: 0.0020s/iter; left time: 2.7004s
Epoch: 5 cost time: 0.5449306964874268
Epoch: 5, Steps: 254 | Train Loss: 0.4895731 Vali Loss: 0.3119365
Validation loss decreased (0.312441 --> 0.311937).  Saving model ...
Updating learning rate to 6.25e-06
	iters: 100, epoch: 6 | loss: 0.7068271
	speed: 0.0043s/iter; left time: 4.9938s
	iters: 200, epoch: 6 | loss: 0.3770458
	speed: 0.0022s/iter; left time: 2.3194s
Epoch: 6 cost time: 0.54262375831604
Epoch: 6, Steps: 254 | Train Loss: 0.4883480 Vali Loss: 0.3100652
Validation loss decreased (0.311937 --> 0.310065).  Saving model ...
Updating learning rate to 3.125e-06
	iters: 100, epoch: 7 | loss: 0.5459215
	speed: 0.0043s/iter; left time: 3.9356s
	iters: 200, epoch: 7 | loss: 0.8467886
	speed: 0.0021s/iter; left time: 1.7542s
Epoch: 7 cost time: 0.5553288459777832
Epoch: 7, Steps: 254 | Train Loss: 0.4879632 Vali Loss: 0.3100955
EarlyStopping counter: 1 out of 3
Updating learning rate to 1.5625e-06
	iters: 100, epoch: 8 | loss: 0.5849918
	speed: 0.0046s/iter; left time: 3.0777s
	iters: 200, epoch: 8 | loss: 0.6075853
	speed: 0.0020s/iter; left time: 1.1230s
Epoch: 8 cost time: 0.5388901233673096
Epoch: 8, Steps: 254 | Train Loss: 0.4884445 Vali Loss: 0.3098466
Validation loss decreased (0.310065 --> 0.309847).  Saving model ...
Updating learning rate to 7.8125e-07
	iters: 100, epoch: 9 | loss: 0.8057991
	speed: 0.0044s/iter; left time: 1.7978s
	iters: 200, epoch: 9 | loss: 0.3595803
	speed: 0.0021s/iter; left time: 0.6408s
Epoch: 9 cost time: 0.5459651947021484
Epoch: 9, Steps: 254 | Train Loss: 0.4880918 Vali Loss: 0.3096526
Validation loss decreased (0.309847 --> 0.309653).  Saving model ...
Updating learning rate to 3.90625e-07
	iters: 100, epoch: 10 | loss: 0.3012985
	speed: 0.0043s/iter; left time: 0.6695s
	iters: 200, epoch: 10 | loss: 0.9087214
	speed: 0.0022s/iter; left time: 0.1185s
Epoch: 10 cost time: 0.541269063949585
Epoch: 10, Steps: 254 | Train Loss: 0.4875804 Vali Loss: 0.3098185
EarlyStopping counter: 1 out of 3
Updating learning rate to 1.953125e-07
VALIDATION_RESULT {"best_epoch": 9, "best_mae": 0.3911595805682794, "best_mse": 0.30965258087232245, "epochs_ran": 10, "metric_version": "element_weighted_v1"}
>>>>>>>testing : long_term_forecast_dlinear_etth2_sl336_pl192_s2022_DLinear_ETTh2_ftM_sl336_ll48_pl192_dm32_nh4_el2_dl1_df64_expand2_dc4_fc3_ebtimeF_dtTrue_dlinear_etth2_sl336_pl192_s2022_0<<<<<<<<<<<<<<<<<<<<<<<<<<<<<<<<<
test 2689
test shape: (2689, 192, 7) (2689, 192, 7)
test shape: (2689, 192, 7) (2689, 192, 7)
mse:0.40347176790237427, mae:0.43243610858917236, dtw:Not calculated
