Using GPU
Args in experiment:
[1mBasic Config[0m
  Task Name:          long_term_forecast  Is Training:        1                   
  Model ID:           dlinear_etth1_sl336_pl720_s2022Model:              DLinear             

[1mData Loader[0m
  Data:               ETTh1               Root Path:          /home/cwh/Time-Series-Library/dataset/ETT-small
  Data Path:          ETTh1.csv           Features:           M                   
  Target:             OT                  Freq:               h                   
  Checkpoints:        /home/cwh/Time-Series-Library/logs/q2_main_baselines_multiseed/checkpoints

[1mForecasting Task[0m
  Seq Len:            336                 Label Len:          48                  
  Pred Len:           720                 Seasonal Patterns:  Monthly             
  Inverse:            0                   

[1mModel Parameters[0m
  Top k:              5                   Num Kernels:        6                   
  Enc In:             7                   Dec In:             7                   
  C Out:              7                   d model:            32                  
  n heads:            4                   e layers:           2                   
  d layers:           1                   d FF:               64                  
  Moving Avg:         25                  Factor:             3                   
  Distil:             1                   Dropout:            0.1                 
  Embed:              timeF               Activation:         gelu                

[1mRun Parameters[0m
  Num Workers:        0                   Itr:                1                   
  Train Epochs:       10                  Batch Size:         32                  
  Patience:           3                   Learning Rate:      0.0001              
  Des:                dlinear_etth1_sl336_pl720_s2022Loss:               MSE                 
  Lradj:              type1               Use Amp:            0                   

[1mGPU[0m
  Use GPU:            1                   GPU:                0                   
  Use Multi GPU:      0                   Devices:            0,1,2,3             

[1mDe-stationary Projector Params[0m
  P Hidden Dims:      128, 128            P Hidden Layers:    2                   

Use GPU: cuda:0
🚀 Lazy Loading: DLinear ...
>>>>>>>start training : long_term_forecast_dlinear_etth1_sl336_pl720_s2022_DLinear_ETTh1_ftM_sl336_ll48_pl720_dm32_nh4_el2_dl1_df64_expand2_dc4_fc3_ebtimeF_dtTrue_dlinear_etth1_sl336_pl720_s2022_0>>>>>>>>>>>>>>>>>>>>>>>>>>
train 7585
val 2161
	iters: 100, epoch: 1 | loss: 0.5978981
	speed: 0.0085s/iter; left time: 19.3326s
	iters: 200, epoch: 1 | loss: 0.5571226
	speed: 0.0023s/iter; left time: 5.0501s
Epoch: 1 cost time: 0.6472249031066895
Epoch: 1, Steps: 238 | Train Loss: 0.5600377 Vali Loss: 1.2357596
Validation loss decreased (inf --> 1.235760).  Saving model ...
Updating learning rate to 0.0001
	iters: 100, epoch: 2 | loss: 0.4949235
	speed: 0.0050s/iter; left time: 10.1874s
	iters: 200, epoch: 2 | loss: 0.5282328
	speed: 0.0022s/iter; left time: 4.3087s
Epoch: 2 cost time: 0.5878763198852539
Epoch: 2, Steps: 238 | Train Loss: 0.5267596 Vali Loss: 1.2138499
Validation loss decreased (1.235760 --> 1.213850).  Saving model ...
Updating learning rate to 5e-05
	iters: 100, epoch: 3 | loss: 0.5248963
	speed: 0.0041s/iter; left time: 7.3184s
	iters: 200, epoch: 3 | loss: 0.5382553
	speed: 0.0023s/iter; left time: 3.8434s
Epoch: 3 cost time: 0.5488307476043701
Epoch: 3, Steps: 238 | Train Loss: 0.5208069 Vali Loss: 1.2213022
EarlyStopping counter: 1 out of 3
Updating learning rate to 2.5e-05
	iters: 100, epoch: 4 | loss: 0.4742977
	speed: 0.0042s/iter; left time: 6.6526s
	iters: 200, epoch: 4 | loss: 0.5920939
	speed: 0.0022s/iter; left time: 3.2871s
Epoch: 4 cost time: 0.5485360622406006
Epoch: 4, Steps: 238 | Train Loss: 0.5189181 Vali Loss: 1.2122631
Validation loss decreased (1.213850 --> 1.212263).  Saving model ...
Updating learning rate to 1.25e-05
	iters: 100, epoch: 5 | loss: 0.5330012
	speed: 0.0044s/iter; left time: 5.8132s
	iters: 200, epoch: 5 | loss: 0.4856718
	speed: 0.0025s/iter; left time: 3.0153s
Epoch: 5 cost time: 0.5707762241363525
Epoch: 5, Steps: 238 | Train Loss: 0.5169891 Vali Loss: 1.2225866
EarlyStopping counter: 1 out of 3
Updating learning rate to 6.25e-06
	iters: 100, epoch: 6 | loss: 0.5409359
	speed: 0.0043s/iter; left time: 4.6874s
	iters: 200, epoch: 6 | loss: 0.4351989
	speed: 0.0024s/iter; left time: 2.4048s
Epoch: 6 cost time: 0.5844314098358154
Epoch: 6, Steps: 238 | Train Loss: 0.5169833 Vali Loss: 1.2175422
EarlyStopping counter: 2 out of 3
Updating learning rate to 3.125e-06
	iters: 100, epoch: 7 | loss: 0.5221602
	speed: 0.0044s/iter; left time: 3.7907s
	iters: 200, epoch: 7 | loss: 0.5572115
	speed: 0.0027s/iter; left time: 2.0119s
Epoch: 7 cost time: 0.62898850440979
Epoch: 7, Steps: 238 | Train Loss: 0.5169906 Vali Loss: 1.2172508
EarlyStopping counter: 3 out of 3
Early stopping
VALIDATION_RESULT {"best_epoch": 4, "best_mae": 0.7543152115044016, "best_mse": 1.212263089465213, "epochs_ran": 7, "metric_version": "element_weighted_v1"}
>>>>>>>testing : long_term_forecast_dlinear_etth1_sl336_pl720_s2022_DLinear_ETTh1_ftM_sl336_ll48_pl720_dm32_nh4_el2_dl1_df64_expand2_dc4_fc3_ebtimeF_dtTrue_dlinear_etth1_sl336_pl720_s2022_0<<<<<<<<<<<<<<<<<<<<<<<<<<<<<<<<<
test 2161
test shape: (2161, 720, 7) (2161, 720, 7)
test shape: (2161, 720, 7) (2161, 720, 7)
mse:0.4704208970069885, mae:0.49098649621009827, dtw:Not calculated
