Using GPU
Args in experiment:
[1mBasic Config[0m
  Task Name:          long_term_forecast  Is Training:        1                   
  Model ID:           dlinear_ettm2_sl336_pl720_s2023Model:              DLinear             

[1mData Loader[0m
  Data:               ETTm2               Root Path:          /home/cwh/Time-Series-Library/dataset/ETT-small
  Data Path:          ETTm2.csv           Features:           M                   
  Target:             OT                  Freq:               t                   
  Checkpoints:        /home/cwh/Time-Series-Library/logs/q2_main_baselines_multiseed/checkpoints

[1mForecasting Task[0m
  Seq Len:            336                 Label Len:          48                  
  Pred Len:           720                 Seasonal Patterns:  Monthly             
  Inverse:            0                   

[1mModel Parameters[0m
  Top k:              5                   Num Kernels:        6                   
  Enc In:             7                   Dec In:             7                   
  C Out:              7                   d model:            32                  
  n heads:            4                   e layers:           2                   
  d layers:           1                   d FF:               64                  
  Moving Avg:         25                  Factor:             3                   
  Distil:             1                   Dropout:            0.1                 
  Embed:              timeF               Activation:         gelu                

[1mRun Parameters[0m
  Num Workers:        0                   Itr:                1                   
  Train Epochs:       10                  Batch Size:         32                  
  Patience:           3                   Learning Rate:      0.0001              
  Des:                dlinear_ettm2_sl336_pl720_s2023Loss:               MSE                 
  Lradj:              type1               Use Amp:            0                   

[1mGPU[0m
  Use GPU:            1                   GPU:                0                   
  Use Multi GPU:      0                   Devices:            0,1,2,3             

[1mDe-stationary Projector Params[0m
  P Hidden Dims:      128, 128            P Hidden Layers:    2                   

Use GPU: cuda:0
🚀 Lazy Loading: DLinear ...
>>>>>>>start training : long_term_forecast_dlinear_ettm2_sl336_pl720_s2023_DLinear_ETTm2_ftM_sl336_ll48_pl720_dm32_nh4_el2_dl1_df64_expand2_dc4_fc3_ebtimeF_dtTrue_dlinear_ettm2_sl336_pl720_s2023_0>>>>>>>>>>>>>>>>>>>>>>>>>>
train 33505
val 10801
	iters: 100, epoch: 1 | loss: 0.5615830
	speed: 0.0090s/iter; left time: 93.3095s
	iters: 200, epoch: 1 | loss: 0.2951460
	speed: 0.0025s/iter; left time: 25.2123s
	iters: 300, epoch: 1 | loss: 0.6256305
	speed: 0.0024s/iter; left time: 24.6004s
	iters: 400, epoch: 1 | loss: 0.4750561
	speed: 0.0024s/iter; left time: 24.5381s
	iters: 500, epoch: 1 | loss: 0.5272626
	speed: 0.0024s/iter; left time: 23.8569s
	iters: 600, epoch: 1 | loss: 0.3136358
	speed: 0.0026s/iter; left time: 25.7800s
	iters: 700, epoch: 1 | loss: 0.4661544
	speed: 0.0026s/iter; left time: 25.3476s
	iters: 800, epoch: 1 | loss: 0.2863952
	speed: 0.0025s/iter; left time: 24.1318s
	iters: 900, epoch: 1 | loss: 0.4765087
	speed: 0.0024s/iter; left time: 23.2952s
	iters: 1000, epoch: 1 | loss: 0.6030180
	speed: 0.0024s/iter; left time: 22.7256s
Epoch: 1 cost time: 2.6969125270843506
Epoch: 1, Steps: 1048 | Train Loss: 0.4957866 Vali Loss: 0.2943497
Validation loss decreased (inf --> 0.294350).  Saving model ...
Updating learning rate to 0.0001
	iters: 100, epoch: 2 | loss: 0.4893273
	speed: 0.0086s/iter; left time: 79.7985s
	iters: 200, epoch: 2 | loss: 0.3034844
	speed: 0.0024s/iter; left time: 22.1240s
	iters: 300, epoch: 2 | loss: 0.5306781
	speed: 0.0025s/iter; left time: 22.5196s
	iters: 400, epoch: 2 | loss: 0.8651102
	speed: 0.0024s/iter; left time: 21.7460s
	iters: 500, epoch: 2 | loss: 0.3668392
	speed: 0.0023s/iter; left time: 20.2101s
	iters: 600, epoch: 2 | loss: 0.3820482
	speed: 0.0024s/iter; left time: 20.9704s
	iters: 700, epoch: 2 | loss: 0.2735162
	speed: 0.0025s/iter; left time: 21.8379s
	iters: 800, epoch: 2 | loss: 0.4675511
	speed: 0.0024s/iter; left time: 20.5243s
	iters: 900, epoch: 2 | loss: 0.3055844
	speed: 0.0025s/iter; left time: 21.2899s
	iters: 1000, epoch: 2 | loss: 0.3692004
	speed: 0.0024s/iter; left time: 20.6386s
Epoch: 2 cost time: 2.5266153812408447
Epoch: 2, Steps: 1048 | Train Loss: 0.4833172 Vali Loss: 0.3059062
EarlyStopping counter: 1 out of 3
Updating learning rate to 5e-05
	iters: 100, epoch: 3 | loss: 0.6148052
	speed: 0.0087s/iter; left time: 72.3933s
	iters: 200, epoch: 3 | loss: 0.5813256
	speed: 0.0024s/iter; left time: 19.8624s
	iters: 300, epoch: 3 | loss: 0.3130661
	speed: 0.0024s/iter; left time: 19.5512s
	iters: 400, epoch: 3 | loss: 0.4420086
	speed: 0.0023s/iter; left time: 18.5876s
	iters: 500, epoch: 3 | loss: 0.6427837
	speed: 0.0025s/iter; left time: 19.8756s
	iters: 600, epoch: 3 | loss: 0.5617709
	speed: 0.0024s/iter; left time: 18.6852s
	iters: 700, epoch: 3 | loss: 0.5514008
	speed: 0.0024s/iter; left time: 18.6024s
	iters: 800, epoch: 3 | loss: 0.3762845
	speed: 0.0023s/iter; left time: 17.7384s
	iters: 900, epoch: 3 | loss: 0.3699118
	speed: 0.0023s/iter; left time: 17.5019s
	iters: 1000, epoch: 3 | loss: 0.2551287
	speed: 0.0025s/iter; left time: 18.6145s
Epoch: 3 cost time: 2.526190996170044
Epoch: 3, Steps: 1048 | Train Loss: 0.4810678 Vali Loss: 0.3273260
EarlyStopping counter: 2 out of 3
Updating learning rate to 2.5e-05
	iters: 100, epoch: 4 | loss: 0.3125407
	speed: 0.0092s/iter; left time: 66.7736s
	iters: 200, epoch: 4 | loss: 0.3986696
	speed: 0.0024s/iter; left time: 17.2963s
	iters: 300, epoch: 4 | loss: 0.6292848
	speed: 0.0025s/iter; left time: 17.4024s
	iters: 400, epoch: 4 | loss: 0.2409148
	speed: 0.0027s/iter; left time: 18.5934s
	iters: 500, epoch: 4 | loss: 0.5114298
	speed: 0.0026s/iter; left time: 17.5201s
	iters: 600, epoch: 4 | loss: 0.5554678
	speed: 0.0025s/iter; left time: 16.5078s
	iters: 700, epoch: 4 | loss: 0.4255706
	speed: 0.0024s/iter; left time: 16.2287s
	iters: 800, epoch: 4 | loss: 0.5560854
	speed: 0.0024s/iter; left time: 15.7077s
	iters: 900, epoch: 4 | loss: 0.5939304
	speed: 0.0024s/iter; left time: 15.6892s
	iters: 1000, epoch: 4 | loss: 0.4525138
	speed: 0.0024s/iter; left time: 14.9886s
Epoch: 4 cost time: 2.5907840728759766
Epoch: 4, Steps: 1048 | Train Loss: 0.4807699 Vali Loss: 0.3070006
EarlyStopping counter: 3 out of 3
Early stopping
VALIDATION_RESULT {"best_epoch": 1, "best_mae": 0.3786809630073338, "best_mse": 0.2943496791129601, "epochs_ran": 4, "metric_version": "element_weighted_v1"}
>>>>>>>testing : long_term_forecast_dlinear_ettm2_sl336_pl720_s2023_DLinear_ETTm2_ftM_sl336_ll48_pl720_dm32_nh4_el2_dl1_df64_expand2_dc4_fc3_ebtimeF_dtTrue_dlinear_ettm2_sl336_pl720_s2023_0<<<<<<<<<<<<<<<<<<<<<<<<<<<<<<<<<
test 10801
test shape: (10801, 720, 7) (10801, 720, 7)
test shape: (10801, 720, 7) (10801, 720, 7)
mse:0.4188205599784851, mae:0.4363507628440857, dtw:Not calculated
