Using GPU
Args in experiment:
[1mBasic Config[0m
  Task Name:          long_term_forecast  Is Training:        1                   
  Model ID:           dlinear_ettm1_sl336_pl336_s2023Model:              DLinear             

[1mData Loader[0m
  Data:               ETTm1               Root Path:          /home/cwh/Time-Series-Library/dataset/ETT-small
  Data Path:          ETTm1.csv           Features:           M                   
  Target:             OT                  Freq:               t                   
  Checkpoints:        /home/cwh/Time-Series-Library/logs/q2_main_baselines_multiseed/checkpoints

[1mForecasting Task[0m
  Seq Len:            336                 Label Len:          48                  
  Pred Len:           336                 Seasonal Patterns:  Monthly             
  Inverse:            0                   

[1mModel Parameters[0m
  Top k:              5                   Num Kernels:        6                   
  Enc In:             7                   Dec In:             7                   
  C Out:              7                   d model:            32                  
  n heads:            4                   e layers:           2                   
  d layers:           1                   d FF:               64                  
  Moving Avg:         25                  Factor:             3                   
  Distil:             1                   Dropout:            0.1                 
  Embed:              timeF               Activation:         gelu                

[1mRun Parameters[0m
  Num Workers:        0                   Itr:                1                   
  Train Epochs:       10                  Batch Size:         32                  
  Patience:           3                   Learning Rate:      0.0001              
  Des:                dlinear_ettm1_sl336_pl336_s2023Loss:               MSE                 
  Lradj:              type1               Use Amp:            0                   

[1mGPU[0m
  Use GPU:            1                   GPU:                0                   
  Use Multi GPU:      0                   Devices:            0,1,2,3             

[1mDe-stationary Projector Params[0m
  P Hidden Dims:      128, 128            P Hidden Layers:    2                   

Use GPU: cuda:0
🚀 Lazy Loading: DLinear ...
>>>>>>>start training : long_term_forecast_dlinear_ettm1_sl336_pl336_s2023_DLinear_ETTm1_ftM_sl336_ll48_pl336_dm32_nh4_el2_dl1_df64_expand2_dc4_fc3_ebtimeF_dtTrue_dlinear_ettm1_sl336_pl336_s2023_0>>>>>>>>>>>>>>>>>>>>>>>>>>
train 33889
val 11185
	iters: 100, epoch: 1 | loss: 0.3898309
	speed: 0.0086s/iter; left time: 89.8700s
	iters: 200, epoch: 1 | loss: 0.3572530
	speed: 0.0022s/iter; left time: 22.6523s
	iters: 300, epoch: 1 | loss: 0.4025276
	speed: 0.0022s/iter; left time: 22.7708s
	iters: 400, epoch: 1 | loss: 0.3157107
	speed: 0.0023s/iter; left time: 23.9118s
	iters: 500, epoch: 1 | loss: 0.4120981
	speed: 0.0024s/iter; left time: 24.3107s
	iters: 600, epoch: 1 | loss: 0.3766920
	speed: 0.0023s/iter; left time: 22.5964s
	iters: 700, epoch: 1 | loss: 0.3668222
	speed: 0.0023s/iter; left time: 23.1101s
	iters: 800, epoch: 1 | loss: 0.3674616
	speed: 0.0022s/iter; left time: 21.8913s
	iters: 900, epoch: 1 | loss: 0.3024319
	speed: 0.0023s/iter; left time: 22.0142s
	iters: 1000, epoch: 1 | loss: 0.4088625
	speed: 0.0024s/iter; left time: 22.6368s
Epoch: 1 cost time: 2.525446653366089
Epoch: 1, Steps: 1060 | Train Loss: 0.3581140 Vali Loss: 0.6289301
Validation loss decreased (inf --> 0.628930).  Saving model ...
Updating learning rate to 0.0001
	iters: 100, epoch: 2 | loss: 0.3423234
	speed: 0.0086s/iter; left time: 81.3423s
	iters: 200, epoch: 2 | loss: 0.3873859
	speed: 0.0022s/iter; left time: 20.5038s
	iters: 300, epoch: 2 | loss: 0.2945981
	speed: 0.0021s/iter; left time: 19.4227s
	iters: 400, epoch: 2 | loss: 0.3415244
	speed: 0.0021s/iter; left time: 19.6097s
	iters: 500, epoch: 2 | loss: 0.3472329
	speed: 0.0022s/iter; left time: 20.1159s
	iters: 600, epoch: 2 | loss: 0.3306343
	speed: 0.0021s/iter; left time: 19.0742s
	iters: 700, epoch: 2 | loss: 0.3528038
	speed: 0.0021s/iter; left time: 18.9840s
	iters: 800, epoch: 2 | loss: 0.2809623
	speed: 0.0022s/iter; left time: 18.9697s
	iters: 900, epoch: 2 | loss: 0.3742906
	speed: 0.0022s/iter; left time: 18.9507s
	iters: 1000, epoch: 2 | loss: 0.3036016
	speed: 0.0022s/iter; left time: 18.8739s
Epoch: 2 cost time: 2.3212661743164062
Epoch: 2, Steps: 1060 | Train Loss: 0.3441745 Vali Loss: 0.6159652
Validation loss decreased (0.628930 --> 0.615965).  Saving model ...
Updating learning rate to 5e-05
	iters: 100, epoch: 3 | loss: 0.3418462
	speed: 0.0081s/iter; left time: 68.1708s
	iters: 200, epoch: 3 | loss: 0.3045937
	speed: 0.0022s/iter; left time: 18.1068s
	iters: 300, epoch: 3 | loss: 0.3676444
	speed: 0.0021s/iter; left time: 17.3827s
	iters: 400, epoch: 3 | loss: 0.3411650
	speed: 0.0022s/iter; left time: 17.9478s
	iters: 500, epoch: 3 | loss: 0.2879868
	speed: 0.0022s/iter; left time: 17.3391s
	iters: 600, epoch: 3 | loss: 0.3587035
	speed: 0.0021s/iter; left time: 16.3206s
	iters: 700, epoch: 3 | loss: 0.3361279
	speed: 0.0022s/iter; left time: 16.8502s
	iters: 800, epoch: 3 | loss: 0.4050499
	speed: 0.0022s/iter; left time: 16.8031s
	iters: 900, epoch: 3 | loss: 0.3472361
	speed: 0.0022s/iter; left time: 16.3007s
	iters: 1000, epoch: 3 | loss: 0.3298978
	speed: 0.0022s/iter; left time: 16.3680s
Epoch: 3 cost time: 2.2848572731018066
Epoch: 3, Steps: 1060 | Train Loss: 0.3425839 Vali Loss: 0.6208368
EarlyStopping counter: 1 out of 3
Updating learning rate to 2.5e-05
	iters: 100, epoch: 4 | loss: 0.3676335
	speed: 0.0080s/iter; left time: 58.3725s
	iters: 200, epoch: 4 | loss: 0.3522188
	speed: 0.0022s/iter; left time: 15.8874s
	iters: 300, epoch: 4 | loss: 0.3496217
	speed: 0.0022s/iter; left time: 15.7086s
	iters: 400, epoch: 4 | loss: 0.3229705
	speed: 0.0023s/iter; left time: 16.0310s
	iters: 500, epoch: 4 | loss: 0.3291525
	speed: 0.0024s/iter; left time: 16.3396s
	iters: 600, epoch: 4 | loss: 0.3812199
	speed: 0.0021s/iter; left time: 14.5655s
	iters: 700, epoch: 4 | loss: 0.3270208
	speed: 0.0021s/iter; left time: 14.2894s
	iters: 800, epoch: 4 | loss: 0.4154201
	speed: 0.0021s/iter; left time: 13.8263s
	iters: 900, epoch: 4 | loss: 0.3300908
	speed: 0.0023s/iter; left time: 14.6829s
	iters: 1000, epoch: 4 | loss: 0.3174371
	speed: 0.0021s/iter; left time: 13.7938s
Epoch: 4 cost time: 2.323751211166382
Epoch: 4, Steps: 1060 | Train Loss: 0.3427513 Vali Loss: 0.6117763
Validation loss decreased (0.615965 --> 0.611776).  Saving model ...
Updating learning rate to 1.25e-05
	iters: 100, epoch: 5 | loss: 0.2963284
	speed: 0.0080s/iter; left time: 49.9210s
	iters: 200, epoch: 5 | loss: 0.3894358
	speed: 0.0021s/iter; left time: 13.2048s
	iters: 300, epoch: 5 | loss: 0.3767965
	speed: 0.0022s/iter; left time: 13.3938s
	iters: 400, epoch: 5 | loss: 0.2935947
	speed: 0.0021s/iter; left time: 12.4632s
	iters: 500, epoch: 5 | loss: 0.2977578
	speed: 0.0022s/iter; left time: 13.1059s
	iters: 600, epoch: 5 | loss: 0.2949804
	speed: 0.0023s/iter; left time: 13.0550s
	iters: 700, epoch: 5 | loss: 0.3699806
	speed: 0.0021s/iter; left time: 12.1160s
	iters: 800, epoch: 5 | loss: 0.2919433
	speed: 0.0021s/iter; left time: 11.7323s
	iters: 900, epoch: 5 | loss: 0.3016375
	speed: 0.0021s/iter; left time: 11.4995s
	iters: 1000, epoch: 5 | loss: 0.3304884
	speed: 0.0021s/iter; left time: 11.0035s
Epoch: 5 cost time: 2.284871816635132
Epoch: 5, Steps: 1060 | Train Loss: 0.3425157 Vali Loss: 0.6163417
EarlyStopping counter: 1 out of 3
Updating learning rate to 6.25e-06
	iters: 100, epoch: 6 | loss: 0.3238140
	speed: 0.0083s/iter; left time: 42.9280s
	iters: 200, epoch: 6 | loss: 0.3216691
	speed: 0.0022s/iter; left time: 10.9996s
	iters: 300, epoch: 6 | loss: 0.3743902
	speed: 0.0021s/iter; left time: 10.4634s
	iters: 400, epoch: 6 | loss: 0.3437541
	speed: 0.0022s/iter; left time: 10.7489s
	iters: 500, epoch: 6 | loss: 0.2899411
	speed: 0.0022s/iter; left time: 10.4513s
	iters: 600, epoch: 6 | loss: 0.2797361
	speed: 0.0021s/iter; left time: 9.7368s
	iters: 700, epoch: 6 | loss: 0.3404765
	speed: 0.0022s/iter; left time: 10.1318s
	iters: 800, epoch: 6 | loss: 0.3861405
	speed: 0.0021s/iter; left time: 9.6410s
	iters: 900, epoch: 6 | loss: 0.3242630
	speed: 0.0022s/iter; left time: 9.6507s
	iters: 1000, epoch: 6 | loss: 0.3285684
	speed: 0.0022s/iter; left time: 9.3161s
Epoch: 6 cost time: 2.2780568599700928
Epoch: 6, Steps: 1060 | Train Loss: 0.3418155 Vali Loss: 0.6175863
EarlyStopping counter: 2 out of 3
Updating learning rate to 3.125e-06
	iters: 100, epoch: 7 | loss: 0.3163654
	speed: 0.0083s/iter; left time: 34.3950s
	iters: 200, epoch: 7 | loss: 0.3781462
	speed: 0.0021s/iter; left time: 8.6868s
	iters: 300, epoch: 7 | loss: 0.3020378
	speed: 0.0021s/iter; left time: 8.2583s
	iters: 400, epoch: 7 | loss: 0.3414008
	speed: 0.0022s/iter; left time: 8.6046s
	iters: 500, epoch: 7 | loss: 0.3336577
	speed: 0.0022s/iter; left time: 8.0610s
	iters: 600, epoch: 7 | loss: 0.3877427
	speed: 0.0024s/iter; left time: 8.7635s
	iters: 700, epoch: 7 | loss: 0.3206801
	speed: 0.0023s/iter; left time: 8.1470s
	iters: 800, epoch: 7 | loss: 0.3426884
	speed: 0.0023s/iter; left time: 7.7670s
	iters: 900, epoch: 7 | loss: 0.2870817
	speed: 0.0022s/iter; left time: 7.2486s
	iters: 1000, epoch: 7 | loss: 0.3509675
	speed: 0.0022s/iter; left time: 7.2058s
Epoch: 7 cost time: 2.3632991313934326
Epoch: 7, Steps: 1060 | Train Loss: 0.3417358 Vali Loss: 0.6168906
EarlyStopping counter: 3 out of 3
Early stopping
VALIDATION_RESULT {"best_epoch": 4, "best_mae": 0.5184609417882877, "best_mse": 0.6117762663622529, "epochs_ran": 7, "metric_version": "element_weighted_v1"}
>>>>>>>testing : long_term_forecast_dlinear_ettm1_sl336_pl336_s2023_DLinear_ETTm1_ftM_sl336_ll48_pl336_dm32_nh4_el2_dl1_df64_expand2_dc4_fc3_ebtimeF_dtTrue_dlinear_ettm1_sl336_pl336_s2023_0<<<<<<<<<<<<<<<<<<<<<<<<<<<<<<<<<
test 11185
test shape: (11185, 336, 7) (11185, 336, 7)
test shape: (11185, 336, 7) (11185, 336, 7)
mse:0.3704310953617096, mae:0.3885928690433502, dtw:Not calculated
