Using GPU
Args in experiment:
[1mBasic Config[0m
  Task Name:          long_term_forecast  Is Training:        1                   
  Model ID:           dlinear_ettm2_sl336_pl336_s2023Model:              DLinear             

[1mData Loader[0m
  Data:               ETTm2               Root Path:          /home/cwh/Time-Series-Library/dataset/ETT-small
  Data Path:          ETTm2.csv           Features:           M                   
  Target:             OT                  Freq:               t                   
  Checkpoints:        /home/cwh/Time-Series-Library/logs/q2_main_baselines_multiseed/checkpoints

[1mForecasting Task[0m
  Seq Len:            336                 Label Len:          48                  
  Pred Len:           336                 Seasonal Patterns:  Monthly             
  Inverse:            0                   

[1mModel Parameters[0m
  Top k:              5                   Num Kernels:        6                   
  Enc In:             7                   Dec In:             7                   
  C Out:              7                   d model:            32                  
  n heads:            4                   e layers:           2                   
  d layers:           1                   d FF:               64                  
  Moving Avg:         25                  Factor:             3                   
  Distil:             1                   Dropout:            0.1                 
  Embed:              timeF               Activation:         gelu                

[1mRun Parameters[0m
  Num Workers:        0                   Itr:                1                   
  Train Epochs:       10                  Batch Size:         32                  
  Patience:           3                   Learning Rate:      0.0001              
  Des:                dlinear_ettm2_sl336_pl336_s2023Loss:               MSE                 
  Lradj:              type1               Use Amp:            0                   

[1mGPU[0m
  Use GPU:            1                   GPU:                0                   
  Use Multi GPU:      0                   Devices:            0,1,2,3             

[1mDe-stationary Projector Params[0m
  P Hidden Dims:      128, 128            P Hidden Layers:    2                   

Use GPU: cuda:0
🚀 Lazy Loading: DLinear ...
>>>>>>>start training : long_term_forecast_dlinear_ettm2_sl336_pl336_s2023_DLinear_ETTm2_ftM_sl336_ll48_pl336_dm32_nh4_el2_dl1_df64_expand2_dc4_fc3_ebtimeF_dtTrue_dlinear_ettm2_sl336_pl336_s2023_0>>>>>>>>>>>>>>>>>>>>>>>>>>
train 33889
val 11185
	iters: 100, epoch: 1 | loss: 0.2459969
	speed: 0.0087s/iter; left time: 91.2936s
	iters: 200, epoch: 1 | loss: 0.3925941
	speed: 0.0024s/iter; left time: 24.5209s
	iters: 300, epoch: 1 | loss: 0.3078691
	speed: 0.0024s/iter; left time: 24.6695s
	iters: 400, epoch: 1 | loss: 0.3348036
	speed: 0.0024s/iter; left time: 24.6286s
	iters: 500, epoch: 1 | loss: 0.4458515
	speed: 0.0024s/iter; left time: 24.1610s
	iters: 600, epoch: 1 | loss: 0.4417837
	speed: 0.0024s/iter; left time: 24.3104s
	iters: 700, epoch: 1 | loss: 0.2348962
	speed: 0.0022s/iter; left time: 22.2610s
	iters: 800, epoch: 1 | loss: 0.5247291
	speed: 0.0023s/iter; left time: 22.3111s
	iters: 900, epoch: 1 | loss: 0.2331335
	speed: 0.0023s/iter; left time: 22.4030s
	iters: 1000, epoch: 1 | loss: 0.2092599
	speed: 0.0022s/iter; left time: 20.9395s
Epoch: 1 cost time: 2.576481342315674
Epoch: 1, Steps: 1060 | Train Loss: 0.3915004 Vali Loss: 0.2246341
Validation loss decreased (inf --> 0.224634).  Saving model ...
Updating learning rate to 0.0001
	iters: 100, epoch: 2 | loss: 0.5779809
	speed: 0.0087s/iter; left time: 82.2536s
	iters: 200, epoch: 2 | loss: 0.5034074
	speed: 0.0022s/iter; left time: 20.8385s
	iters: 300, epoch: 2 | loss: 0.3258001
	speed: 0.0022s/iter; left time: 20.0982s
	iters: 400, epoch: 2 | loss: 0.2423002
	speed: 0.0022s/iter; left time: 19.9070s
	iters: 500, epoch: 2 | loss: 0.2736733
	speed: 0.0026s/iter; left time: 23.3196s
	iters: 600, epoch: 2 | loss: 0.2272620
	speed: 0.0024s/iter; left time: 21.4002s
	iters: 700, epoch: 2 | loss: 0.3320259
	speed: 0.0022s/iter; left time: 19.4885s
	iters: 800, epoch: 2 | loss: 0.3831320
	speed: 0.0028s/iter; left time: 24.1084s
	iters: 900, epoch: 2 | loss: 1.0331206
	speed: 0.0023s/iter; left time: 20.0550s
	iters: 1000, epoch: 2 | loss: 0.2517427
	speed: 0.0023s/iter; left time: 19.7712s
Epoch: 2 cost time: 2.5010921955108643
Epoch: 2, Steps: 1060 | Train Loss: 0.3756990 Vali Loss: 0.2196577
Validation loss decreased (0.224634 --> 0.219658).  Saving model ...
Updating learning rate to 5e-05
	iters: 100, epoch: 3 | loss: 0.2166169
	speed: 0.0086s/iter; left time: 72.1258s
	iters: 200, epoch: 3 | loss: 0.3051940
	speed: 0.0023s/iter; left time: 18.7500s
	iters: 300, epoch: 3 | loss: 0.2890233
	speed: 0.0022s/iter; left time: 17.7131s
	iters: 400, epoch: 3 | loss: 0.5584374
	speed: 0.0023s/iter; left time: 18.5568s
	iters: 500, epoch: 3 | loss: 0.3927658
	speed: 0.0023s/iter; left time: 18.1516s
	iters: 600, epoch: 3 | loss: 0.7846696
	speed: 0.0023s/iter; left time: 17.7849s
	iters: 700, epoch: 3 | loss: 0.3476947
	speed: 0.0024s/iter; left time: 18.4456s
	iters: 800, epoch: 3 | loss: 0.2050357
	speed: 0.0023s/iter; left time: 17.6335s
	iters: 900, epoch: 3 | loss: 0.5976148
	speed: 0.0022s/iter; left time: 16.5791s
	iters: 1000, epoch: 3 | loss: 0.3940570
	speed: 0.0024s/iter; left time: 17.8417s
Epoch: 3 cost time: 2.417140483856201
Epoch: 3, Steps: 1060 | Train Loss: 0.3728790 Vali Loss: 0.2258611
EarlyStopping counter: 1 out of 3
Updating learning rate to 2.5e-05
	iters: 100, epoch: 4 | loss: 0.4274312
	speed: 0.0084s/iter; left time: 61.8623s
	iters: 200, epoch: 4 | loss: 0.2785796
	speed: 0.0024s/iter; left time: 17.5650s
	iters: 300, epoch: 4 | loss: 0.2062907
	speed: 0.0023s/iter; left time: 16.0656s
	iters: 400, epoch: 4 | loss: 0.1689178
	speed: 0.0024s/iter; left time: 16.5145s
	iters: 500, epoch: 4 | loss: 0.2214237
	speed: 0.0024s/iter; left time: 16.8087s
	iters: 600, epoch: 4 | loss: 0.3849424
	speed: 0.0023s/iter; left time: 15.8917s
	iters: 700, epoch: 4 | loss: 0.3807313
	speed: 0.0022s/iter; left time: 14.5707s
	iters: 800, epoch: 4 | loss: 0.2259425
	speed: 0.0024s/iter; left time: 15.9073s
	iters: 900, epoch: 4 | loss: 0.3603304
	speed: 0.0023s/iter; left time: 14.7066s
	iters: 1000, epoch: 4 | loss: 0.3837942
	speed: 0.0024s/iter; left time: 15.3570s
Epoch: 4 cost time: 2.4755263328552246
Epoch: 4, Steps: 1060 | Train Loss: 0.3718756 Vali Loss: 0.2258105
EarlyStopping counter: 2 out of 3
Updating learning rate to 1.25e-05
	iters: 100, epoch: 5 | loss: 0.2683335
	speed: 0.0085s/iter; left time: 53.1178s
	iters: 200, epoch: 5 | loss: 0.2840069
	speed: 0.0025s/iter; left time: 15.2737s
	iters: 300, epoch: 5 | loss: 0.4930482
	speed: 0.0023s/iter; left time: 13.7155s
	iters: 400, epoch: 5 | loss: 0.4641502
	speed: 0.0023s/iter; left time: 13.9962s
	iters: 500, epoch: 5 | loss: 0.2235881
	speed: 0.0023s/iter; left time: 13.7657s
	iters: 600, epoch: 5 | loss: 0.5479721
	speed: 0.0023s/iter; left time: 13.4428s
	iters: 700, epoch: 5 | loss: 0.2201449
	speed: 0.0027s/iter; left time: 15.0592s
	iters: 800, epoch: 5 | loss: 0.4728369
	speed: 0.0023s/iter; left time: 12.9550s
	iters: 900, epoch: 5 | loss: 0.2652748
	speed: 0.0024s/iter; left time: 12.8873s
	iters: 1000, epoch: 5 | loss: 0.4388371
	speed: 0.0022s/iter; left time: 11.7986s
Epoch: 5 cost time: 2.5000226497650146
Epoch: 5, Steps: 1060 | Train Loss: 0.3714263 Vali Loss: 0.2222521
EarlyStopping counter: 3 out of 3
Early stopping
VALIDATION_RESULT {"best_epoch": 2, "best_mae": 0.3289696743027054, "best_mse": 0.21965769435113955, "epochs_ran": 5, "metric_version": "element_weighted_v1"}
>>>>>>>testing : long_term_forecast_dlinear_ettm2_sl336_pl336_s2023_DLinear_ETTm2_ftM_sl336_ll48_pl336_dm32_nh4_el2_dl1_df64_expand2_dc4_fc3_ebtimeF_dtTrue_dlinear_ettm2_sl336_pl336_s2023_0<<<<<<<<<<<<<<<<<<<<<<<<<<<<<<<<<
test 11185
test shape: (11185, 336, 7) (11185, 336, 7)
test shape: (11185, 336, 7) (11185, 336, 7)
mse:0.3165464401245117, mae:0.37632250785827637, dtw:Not calculated
