Using GPU
Args in experiment:
[1mBasic Config[0m
  Task Name:          long_term_forecast  Is Training:        1                   
  Model ID:           dlinear_etth2_sl336_pl720_s2022Model:              DLinear             

[1mData Loader[0m
  Data:               ETTh2               Root Path:          /home/cwh/Time-Series-Library/dataset/ETT-small
  Data Path:          ETTh2.csv           Features:           M                   
  Target:             OT                  Freq:               h                   
  Checkpoints:        /home/cwh/Time-Series-Library/logs/q2_main_baselines_multiseed/checkpoints

[1mForecasting Task[0m
  Seq Len:            336                 Label Len:          48                  
  Pred Len:           720                 Seasonal Patterns:  Monthly             
  Inverse:            0                   

[1mModel Parameters[0m
  Top k:              5                   Num Kernels:        6                   
  Enc In:             7                   Dec In:             7                   
  C Out:              7                   d model:            32                  
  n heads:            4                   e layers:           2                   
  d layers:           1                   d FF:               64                  
  Moving Avg:         25                  Factor:             3                   
  Distil:             1                   Dropout:            0.1                 
  Embed:              timeF               Activation:         gelu                

[1mRun Parameters[0m
  Num Workers:        0                   Itr:                1                   
  Train Epochs:       10                  Batch Size:         32                  
  Patience:           3                   Learning Rate:      0.0001              
  Des:                dlinear_etth2_sl336_pl720_s2022Loss:               MSE                 
  Lradj:              type1               Use Amp:            0                   

[1mGPU[0m
  Use GPU:            1                   GPU:                0                   
  Use Multi GPU:      0                   Devices:            0,1,2,3             

[1mDe-stationary Projector Params[0m
  P Hidden Dims:      128, 128            P Hidden Layers:    2                   

Use GPU: cuda:0
🚀 Lazy Loading: DLinear ...
>>>>>>>start training : long_term_forecast_dlinear_etth2_sl336_pl720_s2022_DLinear_ETTh2_ftM_sl336_ll48_pl720_dm32_nh4_el2_dl1_df64_expand2_dc4_fc3_ebtimeF_dtTrue_dlinear_etth2_sl336_pl720_s2022_0>>>>>>>>>>>>>>>>>>>>>>>>>>
train 7585
val 2161
	iters: 100, epoch: 1 | loss: 0.8009714
	speed: 0.0086s/iter; left time: 19.6654s
	iters: 200, epoch: 1 | loss: 0.9439155
	speed: 0.0024s/iter; left time: 5.1371s
Epoch: 1 cost time: 0.6633081436157227
Epoch: 1, Steps: 238 | Train Loss: 0.7286821 Vali Loss: 0.6977430
Validation loss decreased (inf --> 0.697743).  Saving model ...
Updating learning rate to 0.0001
	iters: 100, epoch: 2 | loss: 0.7563368
	speed: 0.0044s/iter; left time: 9.0219s
	iters: 200, epoch: 2 | loss: 1.0725791
	speed: 0.0023s/iter; left time: 4.5496s
Epoch: 2 cost time: 0.5703415870666504
Epoch: 2, Steps: 238 | Train Loss: 0.7074429 Vali Loss: 0.6873053
Validation loss decreased (0.697743 --> 0.687305).  Saving model ...
Updating learning rate to 5e-05
	iters: 100, epoch: 3 | loss: 0.5584303
	speed: 0.0045s/iter; left time: 8.0527s
	iters: 200, epoch: 3 | loss: 0.8548540
	speed: 0.0025s/iter; left time: 4.3397s
Epoch: 3 cost time: 0.5915722846984863
Epoch: 3, Steps: 238 | Train Loss: 0.7069963 Vali Loss: 0.6805000
Validation loss decreased (0.687305 --> 0.680500).  Saving model ...
Updating learning rate to 2.5e-05
	iters: 100, epoch: 4 | loss: 0.6872580
	speed: 0.0043s/iter; left time: 6.7484s
	iters: 200, epoch: 4 | loss: 0.5599866
	speed: 0.0023s/iter; left time: 3.4388s
Epoch: 4 cost time: 0.5518031120300293
Epoch: 4, Steps: 238 | Train Loss: 0.6996412 Vali Loss: 0.6824496
EarlyStopping counter: 1 out of 3
Updating learning rate to 1.25e-05
	iters: 100, epoch: 5 | loss: 0.8006510
	speed: 0.0044s/iter; left time: 5.8028s
	iters: 200, epoch: 5 | loss: 0.5396391
	speed: 0.0024s/iter; left time: 2.8952s
Epoch: 5 cost time: 0.5696773529052734
Epoch: 5, Steps: 238 | Train Loss: 0.6996734 Vali Loss: 0.6783952
Validation loss decreased (0.680500 --> 0.678395).  Saving model ...
Updating learning rate to 6.25e-06
	iters: 100, epoch: 6 | loss: 0.7953792
	speed: 0.0043s/iter; left time: 4.6496s
	iters: 200, epoch: 6 | loss: 0.5428189
	speed: 0.0023s/iter; left time: 2.3250s
Epoch: 6 cost time: 0.5453944206237793
Epoch: 6, Steps: 238 | Train Loss: 0.6984756 Vali Loss: 0.6805374
EarlyStopping counter: 1 out of 3
Updating learning rate to 3.125e-06
	iters: 100, epoch: 7 | loss: 0.6223314
	speed: 0.0041s/iter; left time: 3.5215s
	iters: 200, epoch: 7 | loss: 0.5906083
	speed: 0.0023s/iter; left time: 1.7377s
Epoch: 7 cost time: 0.554696798324585
Epoch: 7, Steps: 238 | Train Loss: 0.7017247 Vali Loss: 0.6801920
EarlyStopping counter: 2 out of 3
Updating learning rate to 1.5625e-06
	iters: 100, epoch: 8 | loss: 0.6124374
	speed: 0.0053s/iter; left time: 3.2752s
	iters: 200, epoch: 8 | loss: 0.8767803
	speed: 0.0027s/iter; left time: 1.3981s
Epoch: 8 cost time: 0.7031002044677734
Epoch: 8, Steps: 238 | Train Loss: 0.6977865 Vali Loss: 0.6802574
EarlyStopping counter: 3 out of 3
Early stopping
VALIDATION_RESULT {"best_epoch": 5, "best_mae": 0.5690424981969785, "best_mse": 0.6783952007264421, "epochs_ran": 8, "metric_version": "element_weighted_v1"}
>>>>>>>testing : long_term_forecast_dlinear_etth2_sl336_pl720_s2022_DLinear_ETTh2_ftM_sl336_ll48_pl720_dm32_nh4_el2_dl1_df64_expand2_dc4_fc3_ebtimeF_dtTrue_dlinear_etth2_sl336_pl720_s2022_0<<<<<<<<<<<<<<<<<<<<<<<<<<<<<<<<<
test 2161
test shape: (2161, 720, 7) (2161, 720, 7)
test shape: (2161, 720, 7) (2161, 720, 7)
mse:0.7498035430908203, mae:0.6155275702476501, dtw:Not calculated
