Using GPU
Args in experiment:
[1mBasic Config[0m
  Task Name:          long_term_forecast  Is Training:        1                   
  Model ID:           dlinear_etth1_sl336_pl336_s2022Model:              DLinear             

[1mData Loader[0m
  Data:               ETTh1               Root Path:          /home/cwh/Time-Series-Library/dataset/ETT-small
  Data Path:          ETTh1.csv           Features:           M                   
  Target:             OT                  Freq:               h                   
  Checkpoints:        /home/cwh/Time-Series-Library/logs/q2_main_baselines_multiseed/checkpoints

[1mForecasting Task[0m
  Seq Len:            336                 Label Len:          48                  
  Pred Len:           336                 Seasonal Patterns:  Monthly             
  Inverse:            0                   

[1mModel Parameters[0m
  Top k:              5                   Num Kernels:        6                   
  Enc In:             7                   Dec In:             7                   
  C Out:              7                   d model:            32                  
  n heads:            4                   e layers:           2                   
  d layers:           1                   d FF:               64                  
  Moving Avg:         25                  Factor:             3                   
  Distil:             1                   Dropout:            0.1                 
  Embed:              timeF               Activation:         gelu                

[1mRun Parameters[0m
  Num Workers:        0                   Itr:                1                   
  Train Epochs:       10                  Batch Size:         32                  
  Patience:           3                   Learning Rate:      0.0001              
  Des:                dlinear_etth1_sl336_pl336_s2022Loss:               MSE                 
  Lradj:              type1               Use Amp:            0                   

[1mGPU[0m
  Use GPU:            1                   GPU:                0                   
  Use Multi GPU:      0                   Devices:            0,1,2,3             

[1mDe-stationary Projector Params[0m
  P Hidden Dims:      128, 128            P Hidden Layers:    2                   

Use GPU: cuda:0
🚀 Lazy Loading: DLinear ...
>>>>>>>start training : long_term_forecast_dlinear_etth1_sl336_pl336_s2022_DLinear_ETTh1_ftM_sl336_ll48_pl336_dm32_nh4_el2_dl1_df64_expand2_dc4_fc3_ebtimeF_dtTrue_dlinear_etth1_sl336_pl336_s2022_0>>>>>>>>>>>>>>>>>>>>>>>>>>
train 7969
val 2545
	iters: 100, epoch: 1 | loss: 0.4795795
	speed: 0.0083s/iter; left time: 20.0375s
	iters: 200, epoch: 1 | loss: 0.4912029
	speed: 0.0022s/iter; left time: 5.0420s
Epoch: 1 cost time: 0.6341779232025146
Epoch: 1, Steps: 250 | Train Loss: 0.4869807 Vali Loss: 1.0895390
Validation loss decreased (inf --> 1.089539).  Saving model ...
Updating learning rate to 0.0001
	iters: 100, epoch: 2 | loss: 0.4774085
	speed: 0.0043s/iter; left time: 9.2983s
	iters: 200, epoch: 2 | loss: 0.4407845
	speed: 0.0022s/iter; left time: 4.4688s
Epoch: 2 cost time: 0.5371057987213135
Epoch: 2, Steps: 250 | Train Loss: 0.4499217 Vali Loss: 1.0521195
Validation loss decreased (1.089539 --> 1.052119).  Saving model ...
Updating learning rate to 5e-05
	iters: 100, epoch: 3 | loss: 0.4956499
	speed: 0.0043s/iter; left time: 8.1907s
	iters: 200, epoch: 3 | loss: 0.3639788
	speed: 0.0022s/iter; left time: 3.9048s
Epoch: 3 cost time: 0.5298821926116943
Epoch: 3, Steps: 250 | Train Loss: 0.4434723 Vali Loss: 1.0801677
EarlyStopping counter: 1 out of 3
Updating learning rate to 2.5e-05
	iters: 100, epoch: 4 | loss: 0.4495108
	speed: 0.0041s/iter; left time: 6.7810s
	iters: 200, epoch: 4 | loss: 0.3982749
	speed: 0.0024s/iter; left time: 3.6955s
Epoch: 4 cost time: 0.5664589405059814
Epoch: 4, Steps: 250 | Train Loss: 0.4406102 Vali Loss: 1.0769774
EarlyStopping counter: 2 out of 3
Updating learning rate to 1.25e-05
	iters: 100, epoch: 5 | loss: 0.4482624
	speed: 0.0043s/iter; left time: 6.0310s
	iters: 200, epoch: 5 | loss: 0.4534992
	speed: 0.0024s/iter; left time: 3.0595s
Epoch: 5 cost time: 0.5679504871368408
Epoch: 5, Steps: 250 | Train Loss: 0.4405275 Vali Loss: 1.0678247
EarlyStopping counter: 3 out of 3
Early stopping
VALIDATION_RESULT {"best_epoch": 2, "best_mae": 0.7038533562906376, "best_mse": 1.052119481794744, "epochs_ran": 5, "metric_version": "element_weighted_v1"}
>>>>>>>testing : long_term_forecast_dlinear_etth1_sl336_pl336_s2022_DLinear_ETTh1_ftM_sl336_ll48_pl336_dm32_nh4_el2_dl1_df64_expand2_dc4_fc3_ebtimeF_dtTrue_dlinear_etth1_sl336_pl336_s2022_0<<<<<<<<<<<<<<<<<<<<<<<<<<<<<<<<<
test 2545
test shape: (2545, 336, 7) (2545, 336, 7)
test shape: (2545, 336, 7) (2545, 336, 7)
mse:0.4419132173061371, mae:0.44846972823143005, dtw:Not calculated
