Using GPU
Args in experiment:
[1mBasic Config[0m
  Task Name:          long_term_forecast  Is Training:        1                   
  Model ID:           dlinear_etth2_sl336_pl96_s2022Model:              DLinear             

[1mData Loader[0m
  Data:               ETTh2               Root Path:          /home/cwh/Time-Series-Library/dataset/ETT-small
  Data Path:          ETTh2.csv           Features:           M                   
  Target:             OT                  Freq:               h                   
  Checkpoints:        /home/cwh/Time-Series-Library/logs/q2_main_baselines_multiseed/checkpoints

[1mForecasting Task[0m
  Seq Len:            336                 Label Len:          48                  
  Pred Len:           96                  Seasonal Patterns:  Monthly             
  Inverse:            0                   

[1mModel Parameters[0m
  Top k:              5                   Num Kernels:        6                   
  Enc In:             7                   Dec In:             7                   
  C Out:              7                   d model:            32                  
  n heads:            4                   e layers:           2                   
  d layers:           1                   d FF:               64                  
  Moving Avg:         25                  Factor:             3                   
  Distil:             1                   Dropout:            0.1                 
  Embed:              timeF               Activation:         gelu                

[1mRun Parameters[0m
  Num Workers:        0                   Itr:                1                   
  Train Epochs:       10                  Batch Size:         32                  
  Patience:           3                   Learning Rate:      0.0001              
  Des:                dlinear_etth2_sl336_pl96_s2022Loss:               MSE                 
  Lradj:              type1               Use Amp:            0                   

[1mGPU[0m
  Use GPU:            1                   GPU:                0                   
  Use Multi GPU:      0                   Devices:            0,1,2,3             

[1mDe-stationary Projector Params[0m
  P Hidden Dims:      128, 128            P Hidden Layers:    2                   

Use GPU: cuda:0
🚀 Lazy Loading: DLinear ...
>>>>>>>start training : long_term_forecast_dlinear_etth2_sl336_pl96_s2022_DLinear_ETTh2_ftM_sl336_ll48_pl96_dm32_nh4_el2_dl1_df64_expand2_dc4_fc3_ebtimeF_dtTrue_dlinear_etth2_sl336_pl96_s2022_0>>>>>>>>>>>>>>>>>>>>>>>>>>
train 8209
val 2785
	iters: 100, epoch: 1 | loss: 0.2237492
	speed: 0.0083s/iter; left time: 20.6000s
	iters: 200, epoch: 1 | loss: 0.4755615
	speed: 0.0023s/iter; left time: 5.3624s
Epoch: 1 cost time: 0.6524021625518799
Epoch: 1, Steps: 257 | Train Loss: 0.4554160 Vali Loss: 0.2424271
Validation loss decreased (inf --> 0.242427).  Saving model ...
Updating learning rate to 0.0001
	iters: 100, epoch: 2 | loss: 0.5110647
	speed: 0.0041s/iter; left time: 9.1525s
	iters: 200, epoch: 2 | loss: 0.8036079
	speed: 0.0020s/iter; left time: 4.1302s
Epoch: 2 cost time: 0.5089423656463623
Epoch: 2, Steps: 257 | Train Loss: 0.4149721 Vali Loss: 0.2413162
Validation loss decreased (0.242427 --> 0.241316).  Saving model ...
Updating learning rate to 5e-05
	iters: 100, epoch: 3 | loss: 0.3248641
	speed: 0.0041s/iter; left time: 8.0436s
	iters: 200, epoch: 3 | loss: 0.8045841
	speed: 0.0021s/iter; left time: 3.8233s
Epoch: 3 cost time: 0.5163450241088867
Epoch: 3, Steps: 257 | Train Loss: 0.4033525 Vali Loss: 0.2283603
Validation loss decreased (0.241316 --> 0.228360).  Saving model ...
Updating learning rate to 2.5e-05
	iters: 100, epoch: 4 | loss: 0.4793205
	speed: 0.0044s/iter; left time: 7.4170s
	iters: 200, epoch: 4 | loss: 0.5885650
	speed: 0.0021s/iter; left time: 3.3156s
Epoch: 4 cost time: 0.5348241329193115
Epoch: 4, Steps: 257 | Train Loss: 0.3991610 Vali Loss: 0.2315999
EarlyStopping counter: 1 out of 3
Updating learning rate to 1.25e-05
	iters: 100, epoch: 5 | loss: 0.3057093
	speed: 0.0040s/iter; left time: 5.8420s
	iters: 200, epoch: 5 | loss: 0.4647571
	speed: 0.0021s/iter; left time: 2.8012s
Epoch: 5 cost time: 0.5196902751922607
Epoch: 5, Steps: 257 | Train Loss: 0.3984936 Vali Loss: 0.2293117
EarlyStopping counter: 2 out of 3
Updating learning rate to 6.25e-06
	iters: 100, epoch: 6 | loss: 0.4581977
	speed: 0.0042s/iter; left time: 4.9361s
	iters: 200, epoch: 6 | loss: 0.2688331
	speed: 0.0020s/iter; left time: 2.1548s
Epoch: 6 cost time: 0.5205848217010498
Epoch: 6, Steps: 257 | Train Loss: 0.3976350 Vali Loss: 0.2310156
EarlyStopping counter: 3 out of 3
Early stopping
VALIDATION_RESULT {"best_epoch": 3, "best_mae": 0.33679165242115144, "best_mse": 0.22836032705836146, "epochs_ran": 6, "metric_version": "element_weighted_v1"}
>>>>>>>testing : long_term_forecast_dlinear_etth2_sl336_pl96_s2022_DLinear_ETTh2_ftM_sl336_ll48_pl96_dm32_nh4_el2_dl1_df64_expand2_dc4_fc3_ebtimeF_dtTrue_dlinear_etth2_sl336_pl96_s2022_0<<<<<<<<<<<<<<<<<<<<<<<<<<<<<<<<<
test 2785
test shape: (2785, 96, 7) (2785, 96, 7)
test shape: (2785, 96, 7) (2785, 96, 7)
mse:0.3044740557670593, mae:0.36842048168182373, dtw:Not calculated
