Using GPU
Args in experiment:
[1mBasic Config[0m
  Task Name:          long_term_forecast  Is Training:        1                   
  Model ID:           dlinear_ettm2_sl336_pl96_s2022Model:              DLinear             

[1mData Loader[0m
  Data:               ETTm2               Root Path:          /home/cwh/Time-Series-Library/dataset/ETT-small
  Data Path:          ETTm2.csv           Features:           M                   
  Target:             OT                  Freq:               t                   
  Checkpoints:        /home/cwh/Time-Series-Library/logs/q2_main_baselines_multiseed/checkpoints

[1mForecasting Task[0m
  Seq Len:            336                 Label Len:          48                  
  Pred Len:           96                  Seasonal Patterns:  Monthly             
  Inverse:            0                   

[1mModel Parameters[0m
  Top k:              5                   Num Kernels:        6                   
  Enc In:             7                   Dec In:             7                   
  C Out:              7                   d model:            32                  
  n heads:            4                   e layers:           2                   
  d layers:           1                   d FF:               64                  
  Moving Avg:         25                  Factor:             3                   
  Distil:             1                   Dropout:            0.1                 
  Embed:              timeF               Activation:         gelu                

[1mRun Parameters[0m
  Num Workers:        0                   Itr:                1                   
  Train Epochs:       10                  Batch Size:         32                  
  Patience:           3                   Learning Rate:      0.0001              
  Des:                dlinear_ettm2_sl336_pl96_s2022Loss:               MSE                 
  Lradj:              type1               Use Amp:            0                   

[1mGPU[0m
  Use GPU:            1                   GPU:                0                   
  Use Multi GPU:      0                   Devices:            0,1,2,3             

[1mDe-stationary Projector Params[0m
  P Hidden Dims:      128, 128            P Hidden Layers:    2                   

Use GPU: cuda:0
🚀 Lazy Loading: DLinear ...
>>>>>>>start training : long_term_forecast_dlinear_ettm2_sl336_pl96_s2022_DLinear_ETTm2_ftM_sl336_ll48_pl96_dm32_nh4_el2_dl1_df64_expand2_dc4_fc3_ebtimeF_dtTrue_dlinear_ettm2_sl336_pl96_s2022_0>>>>>>>>>>>>>>>>>>>>>>>>>>
train 34129
val 11425
	iters: 100, epoch: 1 | loss: 0.3167950
	speed: 0.0091s/iter; left time: 95.8382s
	iters: 200, epoch: 1 | loss: 0.2067607
	speed: 0.0022s/iter; left time: 22.7485s
	iters: 300, epoch: 1 | loss: 0.1258350
	speed: 0.0022s/iter; left time: 23.2255s
	iters: 400, epoch: 1 | loss: 0.1468392
	speed: 0.0024s/iter; left time: 24.8748s
	iters: 500, epoch: 1 | loss: 0.1447631
	speed: 0.0022s/iter; left time: 22.2659s
	iters: 600, epoch: 1 | loss: 0.2514710
	speed: 0.0019s/iter; left time: 19.1933s
	iters: 700, epoch: 1 | loss: 0.1757572
	speed: 0.0020s/iter; left time: 19.7605s
	iters: 800, epoch: 1 | loss: 0.2579771
	speed: 0.0020s/iter; left time: 19.9691s
	iters: 900, epoch: 1 | loss: 0.2362429
	speed: 0.0021s/iter; left time: 20.6279s
	iters: 1000, epoch: 1 | loss: 0.2226593
	speed: 0.0020s/iter; left time: 19.2904s
Epoch: 1 cost time: 2.3876218795776367
Epoch: 1, Steps: 1067 | Train Loss: 0.2406252 Vali Loss: 0.1260777
Validation loss decreased (inf --> 0.126078).  Saving model ...
Updating learning rate to 0.0001
	iters: 100, epoch: 2 | loss: 0.1034872
	speed: 0.0077s/iter; left time: 73.4712s
	iters: 200, epoch: 2 | loss: 0.2474902
	speed: 0.0020s/iter; left time: 18.4684s
	iters: 300, epoch: 2 | loss: 0.2180922
	speed: 0.0020s/iter; left time: 18.9246s
	iters: 400, epoch: 2 | loss: 0.1439891
	speed: 0.0019s/iter; left time: 17.8463s
	iters: 500, epoch: 2 | loss: 0.2383671
	speed: 0.0022s/iter; left time: 20.0001s
	iters: 600, epoch: 2 | loss: 0.2141526
	speed: 0.0022s/iter; left time: 19.8321s
	iters: 700, epoch: 2 | loss: 0.4247548
	speed: 0.0021s/iter; left time: 18.4192s
	iters: 800, epoch: 2 | loss: 0.1897008
	speed: 0.0022s/iter; left time: 19.1328s
	iters: 900, epoch: 2 | loss: 0.2858352
	speed: 0.0020s/iter; left time: 17.4307s
	iters: 1000, epoch: 2 | loss: 0.1047077
	speed: 0.0022s/iter; left time: 18.8622s
Epoch: 2 cost time: 2.2349822521209717
Epoch: 2, Steps: 1067 | Train Loss: 0.2146624 Vali Loss: 0.1212850
Validation loss decreased (0.126078 --> 0.121285).  Saving model ...
Updating learning rate to 5e-05
	iters: 100, epoch: 3 | loss: 0.2048979
	speed: 0.0078s/iter; left time: 65.5841s
	iters: 200, epoch: 3 | loss: 0.1669229
	speed: 0.0021s/iter; left time: 17.5253s
	iters: 300, epoch: 3 | loss: 0.1244396
	speed: 0.0023s/iter; left time: 18.8398s
	iters: 400, epoch: 3 | loss: 0.1872330
	speed: 0.0021s/iter; left time: 17.4369s
	iters: 500, epoch: 3 | loss: 0.2049607
	speed: 0.0022s/iter; left time: 17.5118s
	iters: 600, epoch: 3 | loss: 0.3914237
	speed: 0.0023s/iter; left time: 18.0898s
	iters: 700, epoch: 3 | loss: 0.1620007
	speed: 0.0023s/iter; left time: 18.3729s
	iters: 800, epoch: 3 | loss: 0.1275161
	speed: 0.0022s/iter; left time: 16.7325s
	iters: 900, epoch: 3 | loss: 0.1889825
	speed: 0.0023s/iter; left time: 17.8950s
	iters: 1000, epoch: 3 | loss: 0.1459724
	speed: 0.0022s/iter; left time: 16.6986s
Epoch: 3 cost time: 2.3512749671936035
Epoch: 3, Steps: 1067 | Train Loss: 0.2106166 Vali Loss: 0.1168577
Validation loss decreased (0.121285 --> 0.116858).  Saving model ...
Updating learning rate to 2.5e-05
	iters: 100, epoch: 4 | loss: 0.3087385
	speed: 0.0078s/iter; left time: 57.4863s
	iters: 200, epoch: 4 | loss: 0.2182212
	speed: 0.0020s/iter; left time: 14.6707s
	iters: 300, epoch: 4 | loss: 0.3672718
	speed: 0.0020s/iter; left time: 14.5652s
	iters: 400, epoch: 4 | loss: 0.2022007
	speed: 0.0020s/iter; left time: 13.8382s
	iters: 500, epoch: 4 | loss: 0.1671554
	speed: 0.0021s/iter; left time: 14.4374s
	iters: 600, epoch: 4 | loss: 0.2163416
	speed: 0.0020s/iter; left time: 13.4474s
	iters: 700, epoch: 4 | loss: 0.1912687
	speed: 0.0020s/iter; left time: 13.6931s
	iters: 800, epoch: 4 | loss: 0.2589719
	speed: 0.0019s/iter; left time: 12.9285s
	iters: 900, epoch: 4 | loss: 0.4391874
	speed: 0.0020s/iter; left time: 13.1967s
	iters: 1000, epoch: 4 | loss: 0.1866750
	speed: 0.0019s/iter; left time: 12.4112s
Epoch: 4 cost time: 2.1339190006256104
Epoch: 4, Steps: 1067 | Train Loss: 0.2093868 Vali Loss: 0.1177842
EarlyStopping counter: 1 out of 3
Updating learning rate to 1.25e-05
	iters: 100, epoch: 5 | loss: 0.1558436
	speed: 0.0076s/iter; left time: 47.7388s
	iters: 200, epoch: 5 | loss: 0.1470991
	speed: 0.0021s/iter; left time: 12.7246s
	iters: 300, epoch: 5 | loss: 0.1927082
	speed: 0.0021s/iter; left time: 12.5753s
	iters: 400, epoch: 5 | loss: 0.1020590
	speed: 0.0021s/iter; left time: 12.3388s
	iters: 500, epoch: 5 | loss: 0.1302314
	speed: 0.0022s/iter; left time: 13.0941s
	iters: 600, epoch: 5 | loss: 0.1604982
	speed: 0.0022s/iter; left time: 12.9931s
	iters: 700, epoch: 5 | loss: 0.2305935
	speed: 0.0022s/iter; left time: 12.4260s
	iters: 800, epoch: 5 | loss: 0.2610145
	speed: 0.0021s/iter; left time: 11.8075s
	iters: 900, epoch: 5 | loss: 0.1347475
	speed: 0.0021s/iter; left time: 11.5618s
	iters: 1000, epoch: 5 | loss: 0.1525757
	speed: 0.0020s/iter; left time: 10.9447s
Epoch: 5 cost time: 2.2475359439849854
Epoch: 5, Steps: 1067 | Train Loss: 0.2090486 Vali Loss: 0.1184119
EarlyStopping counter: 2 out of 3
Updating learning rate to 6.25e-06
	iters: 100, epoch: 6 | loss: 0.1313224
	speed: 0.0079s/iter; left time: 41.1713s
	iters: 200, epoch: 6 | loss: 0.1430316
	speed: 0.0021s/iter; left time: 10.6194s
	iters: 300, epoch: 6 | loss: 0.2344643
	speed: 0.0021s/iter; left time: 10.3405s
	iters: 400, epoch: 6 | loss: 0.3121738
	speed: 0.0021s/iter; left time: 10.1745s
	iters: 500, epoch: 6 | loss: 0.1358172
	speed: 0.0019s/iter; left time: 9.2872s
	iters: 600, epoch: 6 | loss: 0.1994455
	speed: 0.0019s/iter; left time: 9.0677s
	iters: 700, epoch: 6 | loss: 0.4528239
	speed: 0.0020s/iter; left time: 9.4364s
	iters: 800, epoch: 6 | loss: 0.2070510
	speed: 0.0020s/iter; left time: 9.2572s
	iters: 900, epoch: 6 | loss: 0.1523311
	speed: 0.0020s/iter; left time: 8.9566s
	iters: 1000, epoch: 6 | loss: 0.1505988
	speed: 0.0020s/iter; left time: 8.7326s
Epoch: 6 cost time: 2.154372453689575
Epoch: 6, Steps: 1067 | Train Loss: 0.2088727 Vali Loss: 0.1175413
EarlyStopping counter: 3 out of 3
Early stopping
VALIDATION_RESULT {"best_epoch": 3, "best_mae": 0.23771602423921206, "best_mse": 0.11685765947018165, "epochs_ran": 6, "metric_version": "element_weighted_v1"}
>>>>>>>testing : long_term_forecast_dlinear_ettm2_sl336_pl96_s2022_DLinear_ETTm2_ftM_sl336_ll48_pl96_dm32_nh4_el2_dl1_df64_expand2_dc4_fc3_ebtimeF_dtTrue_dlinear_ettm2_sl336_pl96_s2022_0<<<<<<<<<<<<<<<<<<<<<<<<<<<<<<<<<
test 11425
test shape: (11425, 96, 7) (11425, 96, 7)
test shape: (11425, 96, 7) (11425, 96, 7)
mse:0.1677895337343216, mae:0.26340800523757935, dtw:Not calculated
