Using GPU
Args in experiment:
[1mBasic Config[0m
  Task Name:          long_term_forecast  Is Training:        1                   
  Model ID:           itransformer_weather_sl336_pl336_s2023Model:              iTransformer        

[1mData Loader[0m
  Data:               custom              Root Path:          /home/cwh/Time-Series-Library/dataset/weather
  Data Path:          weather.csv         Features:           M                   
  Target:             CO2 (ppm)           Freq:               t                   
  Checkpoints:        /home/cwh/Time-Series-Library/logs/q2_main_baselines_multiseed/checkpoints

[1mForecasting Task[0m
  Seq Len:            336                 Label Len:          48                  
  Pred Len:           336                 Seasonal Patterns:  Monthly             
  Inverse:            0                   

[1mModel Parameters[0m
  Top k:              5                   Num Kernels:        6                   
  Enc In:             21                  Dec In:             21                  
  C Out:              21                  d model:            512                 
  n heads:            8                   e layers:           3                   
  d layers:           1                   d FF:               512                 
  Moving Avg:         25                  Factor:             3                   
  Distil:             1                   Dropout:            0.1                 
  Embed:              timeF               Activation:         gelu                

[1mRun Parameters[0m
  Num Workers:        0                   Itr:                1                   
  Train Epochs:       10                  Batch Size:         32                  
  Patience:           3                   Learning Rate:      0.0001              
  Des:                itransformer_weather_sl336_pl336_s2023Loss:               MSE                 
  Lradj:              type1               Use Amp:            0                   

[1mGPU[0m
  Use GPU:            1                   GPU:                0                   
  Use Multi GPU:      0                   Devices:            0,1,2,3             

[1mDe-stationary Projector Params[0m
  P Hidden Dims:      128, 128            P Hidden Layers:    2                   

Use GPU: cuda:0
🚀 Lazy Loading: iTransformer ...
>>>>>>>start training : long_term_forecast_itransformer_weather_sl336_pl336_s2023_iTransformer_custom_ftM_sl336_ll48_pl336_dm512_nh8_el3_dl1_df512_expand2_dc4_fc3_ebtimeF_dtTrue_itransformer_weather_sl336_pl336_s2023_0>>>>>>>>>>>>>>>>>>>>>>>>>>
train 36216
val 4935
	iters: 100, epoch: 1 | loss: 0.8391960
	speed: 0.0099s/iter; left time: 110.5464s
	iters: 200, epoch: 1 | loss: 0.5580127
	speed: 0.0086s/iter; left time: 95.8683s
	iters: 300, epoch: 1 | loss: 0.5657817
	speed: 0.0081s/iter; left time: 89.7144s
	iters: 400, epoch: 1 | loss: 0.7456719
	speed: 0.0084s/iter; left time: 92.0826s
	iters: 500, epoch: 1 | loss: 0.4551579
	speed: 0.0083s/iter; left time: 90.1258s
	iters: 600, epoch: 1 | loss: 0.6083543
	speed: 0.0088s/iter; left time: 93.9688s
	iters: 700, epoch: 1 | loss: 0.4108037
	speed: 0.0083s/iter; left time: 88.1136s
	iters: 800, epoch: 1 | loss: 0.6757926
	speed: 0.0089s/iter; left time: 93.8714s
	iters: 900, epoch: 1 | loss: 0.3695351
	speed: 0.0086s/iter; left time: 89.6877s
	iters: 1000, epoch: 1 | loss: 0.3959318
	speed: 0.0082s/iter; left time: 84.5659s
	iters: 1100, epoch: 1 | loss: 0.4289527
	speed: 0.0086s/iter; left time: 87.6943s
Epoch: 1 cost time: 9.753284454345703
Epoch: 1, Steps: 1132 | Train Loss: 0.5436394 Vali Loss: 0.5530053
Validation loss decreased (inf --> 0.553005).  Saving model ...
Updating learning rate to 0.0001
	iters: 100, epoch: 2 | loss: 0.4663785
	speed: 0.0170s/iter; left time: 171.9700s
	iters: 200, epoch: 2 | loss: 0.3982052
	speed: 0.0085s/iter; left time: 85.1988s
	iters: 300, epoch: 2 | loss: 0.5263818
	speed: 0.0084s/iter; left time: 83.4175s
	iters: 400, epoch: 2 | loss: 0.4005567
	speed: 0.0082s/iter; left time: 80.6999s
	iters: 500, epoch: 2 | loss: 0.5975472
	speed: 0.0085s/iter; left time: 82.4026s
	iters: 600, epoch: 2 | loss: 0.4187741
	speed: 0.0084s/iter; left time: 81.0025s
	iters: 700, epoch: 2 | loss: 0.4300335
	speed: 0.0086s/iter; left time: 81.8195s
	iters: 800, epoch: 2 | loss: 0.8438414
	speed: 0.0082s/iter; left time: 77.1877s
	iters: 900, epoch: 2 | loss: 0.3505413
	speed: 0.0080s/iter; left time: 74.4403s
	iters: 1000, epoch: 2 | loss: 0.4234517
	speed: 0.0084s/iter; left time: 77.2554s
	iters: 1100, epoch: 2 | loss: 0.8974544
	speed: 0.0083s/iter; left time: 75.0736s
Epoch: 2 cost time: 9.489067077636719
Epoch: 2, Steps: 1132 | Train Loss: 0.4752113 Vali Loss: 0.5913268
EarlyStopping counter: 1 out of 3
Updating learning rate to 5e-05
	iters: 100, epoch: 3 | loss: 0.3340180
	speed: 0.0165s/iter; left time: 147.4700s
	iters: 200, epoch: 3 | loss: 0.3686657
	speed: 0.0082s/iter; left time: 72.4365s
	iters: 300, epoch: 3 | loss: 0.4514652
	speed: 0.0084s/iter; left time: 73.8112s
	iters: 400, epoch: 3 | loss: 0.5556893
	speed: 0.0081s/iter; left time: 70.3858s
	iters: 500, epoch: 3 | loss: 0.4439104
	speed: 0.0087s/iter; left time: 74.0712s
	iters: 600, epoch: 3 | loss: 0.8682009
	speed: 0.0082s/iter; left time: 69.5118s
	iters: 700, epoch: 3 | loss: 0.3459647
	speed: 0.0082s/iter; left time: 68.7765s
	iters: 800, epoch: 3 | loss: 0.3037489
	speed: 0.0081s/iter; left time: 67.0690s
	iters: 900, epoch: 3 | loss: 0.6240533
	speed: 0.0083s/iter; left time: 68.1061s
	iters: 1000, epoch: 3 | loss: 0.3029732
	speed: 0.0088s/iter; left time: 70.6198s
	iters: 1100, epoch: 3 | loss: 0.3556865
	speed: 0.0085s/iter; left time: 67.6469s
Epoch: 3 cost time: 9.447556018829346
Epoch: 3, Steps: 1132 | Train Loss: 0.4297855 Vali Loss: 0.6108575
EarlyStopping counter: 2 out of 3
Updating learning rate to 2.5e-05
	iters: 100, epoch: 4 | loss: 0.2838988
	speed: 0.0163s/iter; left time: 127.8889s
	iters: 200, epoch: 4 | loss: 0.3015957
	speed: 0.0084s/iter; left time: 64.7286s
	iters: 300, epoch: 4 | loss: 0.4164470
	speed: 0.0088s/iter; left time: 66.9296s
	iters: 400, epoch: 4 | loss: 0.3428237
	speed: 0.0082s/iter; left time: 61.4606s
	iters: 500, epoch: 4 | loss: 0.6028658
	speed: 0.0085s/iter; left time: 63.0041s
	iters: 600, epoch: 4 | loss: 0.5655018
	speed: 0.0083s/iter; left time: 60.7945s
	iters: 700, epoch: 4 | loss: 0.2845184
	speed: 0.0084s/iter; left time: 60.8162s
	iters: 800, epoch: 4 | loss: 0.5713063
	speed: 0.0085s/iter; left time: 60.4477s
	iters: 900, epoch: 4 | loss: 0.5928548
	speed: 0.0082s/iter; left time: 57.7713s
	iters: 1000, epoch: 4 | loss: 1.0055884
	speed: 0.0083s/iter; left time: 57.4991s
	iters: 1100, epoch: 4 | loss: 0.5902122
	speed: 0.0082s/iter; left time: 56.1889s
Epoch: 4 cost time: 9.466645956039429
Epoch: 4, Steps: 1132 | Train Loss: 0.4091536 Vali Loss: 0.6178872
EarlyStopping counter: 3 out of 3
Early stopping
VALIDATION_RESULT {"best_epoch": 1, "best_mae": 0.38815846145691896, "best_mse": 0.5530053493477136, "epochs_ran": 4, "metric_version": "element_weighted_v1"}
>>>>>>>testing : long_term_forecast_itransformer_weather_sl336_pl336_s2023_iTransformer_custom_ftM_sl336_ll48_pl336_dm512_nh8_el3_dl1_df512_expand2_dc4_fc3_ebtimeF_dtTrue_itransformer_weather_sl336_pl336_s2023_0<<<<<<<<<<<<<<<<<<<<<<<<<<<<<<<<<
test 10204
test shape: (10204, 336, 21) (10204, 336, 21)
test shape: (10204, 336, 21) (10204, 336, 21)
mse:0.2539258301258087, mae:0.288168340921402, dtw:Not calculated
