Using GPU
Args in experiment:
[1mBasic Config[0m
  Task Name:          long_term_forecast  Is Training:        1                   
  Model ID:           itransformer_ettm2_sl336_pl192_s2022Model:              iTransformer        

[1mData Loader[0m
  Data:               ETTm2               Root Path:          /home/cwh/Time-Series-Library/dataset/ETT-small
  Data Path:          ETTm2.csv           Features:           M                   
  Target:             OT                  Freq:               t                   
  Checkpoints:        /home/cwh/Time-Series-Library/logs/q2_main_baselines_multiseed/checkpoints

[1mForecasting Task[0m
  Seq Len:            336                 Label Len:          48                  
  Pred Len:           192                 Seasonal Patterns:  Monthly             
  Inverse:            0                   

[1mModel Parameters[0m
  Top k:              5                   Num Kernels:        6                   
  Enc In:             7                   Dec In:             7                   
  C Out:              7                   d model:            128                 
  n heads:            8                   e layers:           2                   
  d layers:           1                   d FF:               128                 
  Moving Avg:         25                  Factor:             3                   
  Distil:             1                   Dropout:            0.1                 
  Embed:              timeF               Activation:         gelu                

[1mRun Parameters[0m
  Num Workers:        0                   Itr:                1                   
  Train Epochs:       10                  Batch Size:         32                  
  Patience:           3                   Learning Rate:      0.0001              
  Des:                itransformer_ettm2_sl336_pl192_s2022Loss:               MSE                 
  Lradj:              type1               Use Amp:            0                   

[1mGPU[0m
  Use GPU:            1                   GPU:                0                   
  Use Multi GPU:      0                   Devices:            0,1,2,3             

[1mDe-stationary Projector Params[0m
  P Hidden Dims:      128, 128            P Hidden Layers:    2                   

Use GPU: cuda:0
🚀 Lazy Loading: iTransformer ...
>>>>>>>start training : long_term_forecast_itransformer_ettm2_sl336_pl192_s2022_iTransformer_ETTm2_ftM_sl336_ll48_pl192_dm128_nh8_el2_dl1_df128_expand2_dc4_fc3_ebtimeF_dtTrue_itransformer_ettm2_sl336_pl192_s2022_0>>>>>>>>>>>>>>>>>>>>>>>>>>
train 34033
val 11329
	iters: 100, epoch: 1 | loss: 0.2267313
	speed: 0.0082s/iter; left time: 86.1468s
	iters: 200, epoch: 1 | loss: 0.3028833
	speed: 0.0065s/iter; left time: 67.3905s
	iters: 300, epoch: 1 | loss: 0.3898063
	speed: 0.0062s/iter; left time: 63.9199s
	iters: 400, epoch: 1 | loss: 0.4310552
	speed: 0.0062s/iter; left time: 63.0573s
	iters: 500, epoch: 1 | loss: 0.3496723
	speed: 0.0061s/iter; left time: 62.3345s
	iters: 600, epoch: 1 | loss: 0.1697000
	speed: 0.0058s/iter; left time: 57.7638s
	iters: 700, epoch: 1 | loss: 0.1830699
	speed: 0.0064s/iter; left time: 63.8965s
	iters: 800, epoch: 1 | loss: 0.3049830
	speed: 0.0061s/iter; left time: 59.9431s
	iters: 900, epoch: 1 | loss: 0.3042091
	speed: 0.0060s/iter; left time: 58.7494s
	iters: 1000, epoch: 1 | loss: 0.2230628
	speed: 0.0060s/iter; left time: 58.1226s
Epoch: 1 cost time: 6.742819309234619
Epoch: 1, Steps: 1064 | Train Loss: 0.3217221 Vali Loss: 0.1725885
Validation loss decreased (inf --> 0.172588).  Saving model ...
Updating learning rate to 0.0001
	iters: 100, epoch: 2 | loss: 0.2949798
	speed: 0.0200s/iter; left time: 189.6295s
	iters: 200, epoch: 2 | loss: 0.3751213
	speed: 0.0063s/iter; left time: 59.5313s
	iters: 300, epoch: 2 | loss: 0.2988435
	speed: 0.0063s/iter; left time: 58.7351s
	iters: 400, epoch: 2 | loss: 0.3554509
	speed: 0.0064s/iter; left time: 58.3809s
	iters: 500, epoch: 2 | loss: 0.2390438
	speed: 0.0061s/iter; left time: 55.7383s
	iters: 600, epoch: 2 | loss: 0.1228666
	speed: 0.0063s/iter; left time: 56.5153s
	iters: 700, epoch: 2 | loss: 0.2762789
	speed: 0.0060s/iter; left time: 52.9701s
	iters: 800, epoch: 2 | loss: 0.2338354
	speed: 0.0061s/iter; left time: 53.1653s
	iters: 900, epoch: 2 | loss: 0.2516184
	speed: 0.0064s/iter; left time: 55.1944s
	iters: 1000, epoch: 2 | loss: 0.2449489
	speed: 0.0062s/iter; left time: 53.2147s
Epoch: 2 cost time: 6.647040605545044
Epoch: 2, Steps: 1064 | Train Loss: 0.2617304 Vali Loss: 0.1752059
EarlyStopping counter: 1 out of 3
Updating learning rate to 5e-05
	iters: 100, epoch: 3 | loss: 0.3820967
	speed: 0.0187s/iter; left time: 157.6973s
	iters: 200, epoch: 3 | loss: 0.2359259
	speed: 0.0061s/iter; left time: 50.6811s
	iters: 300, epoch: 3 | loss: 0.1995553
	speed: 0.0068s/iter; left time: 55.5429s
	iters: 400, epoch: 3 | loss: 0.3341547
	speed: 0.0062s/iter; left time: 50.1841s
	iters: 500, epoch: 3 | loss: 0.3277341
	speed: 0.0063s/iter; left time: 50.3108s
	iters: 600, epoch: 3 | loss: 0.4050291
	speed: 0.0061s/iter; left time: 47.9991s
	iters: 700, epoch: 3 | loss: 0.2997022
	speed: 0.0064s/iter; left time: 49.7518s
	iters: 800, epoch: 3 | loss: 0.1720223
	speed: 0.0061s/iter; left time: 46.8308s
	iters: 900, epoch: 3 | loss: 0.3695017
	speed: 0.0062s/iter; left time: 46.9963s
	iters: 1000, epoch: 3 | loss: 0.2036118
	speed: 0.0063s/iter; left time: 47.2956s
Epoch: 3 cost time: 6.636979818344116
Epoch: 3, Steps: 1064 | Train Loss: 0.2353328 Vali Loss: 0.1769783
EarlyStopping counter: 2 out of 3
Updating learning rate to 2.5e-05
	iters: 100, epoch: 4 | loss: 0.3733198
	speed: 0.0192s/iter; left time: 141.1014s
	iters: 200, epoch: 4 | loss: 0.2086895
	speed: 0.0062s/iter; left time: 45.0904s
	iters: 300, epoch: 4 | loss: 0.1377794
	speed: 0.0059s/iter; left time: 42.0387s
	iters: 400, epoch: 4 | loss: 0.2194324
	speed: 0.0058s/iter; left time: 40.6230s
	iters: 500, epoch: 4 | loss: 0.1712230
	speed: 0.0060s/iter; left time: 41.8804s
	iters: 600, epoch: 4 | loss: 0.2216832
	speed: 0.0061s/iter; left time: 41.7880s
	iters: 700, epoch: 4 | loss: 0.1260531
	speed: 0.0058s/iter; left time: 39.4725s
	iters: 800, epoch: 4 | loss: 0.2028083
	speed: 0.0057s/iter; left time: 38.0984s
	iters: 900, epoch: 4 | loss: 0.2391627
	speed: 0.0061s/iter; left time: 40.1398s
	iters: 1000, epoch: 4 | loss: 0.1671252
	speed: 0.0062s/iter; left time: 39.7397s
Epoch: 4 cost time: 6.3612587451934814
Epoch: 4, Steps: 1064 | Train Loss: 0.2262801 Vali Loss: 0.1770724
EarlyStopping counter: 3 out of 3
Early stopping
VALIDATION_RESULT {"best_epoch": 1, "best_mae": 0.29193330231494724, "best_mse": 0.17258845784762172, "epochs_ran": 4, "metric_version": "element_weighted_v1"}
>>>>>>>testing : long_term_forecast_itransformer_ettm2_sl336_pl192_s2022_iTransformer_ETTm2_ftM_sl336_ll48_pl192_dm128_nh8_el2_dl1_df128_expand2_dc4_fc3_ebtimeF_dtTrue_itransformer_ettm2_sl336_pl192_s2022_0<<<<<<<<<<<<<<<<<<<<<<<<<<<<<<<<<
test 11329
test shape: (11329, 192, 7) (11329, 192, 7)
test shape: (11329, 192, 7) (11329, 192, 7)
mse:0.23762719333171844, mae:0.30979129672050476, dtw:Not calculated
