Using GPU
Args in experiment:
[1mBasic Config[0m
  Task Name:          long_term_forecast  Is Training:        1                   
  Model ID:           itransformer_ettm2_sl336_pl720_s2022Model:              iTransformer        

[1mData Loader[0m
  Data:               ETTm2               Root Path:          /home/cwh/Time-Series-Library/dataset/ETT-small
  Data Path:          ETTm2.csv           Features:           M                   
  Target:             OT                  Freq:               t                   
  Checkpoints:        /home/cwh/Time-Series-Library/logs/q2_main_baselines_multiseed/checkpoints

[1mForecasting Task[0m
  Seq Len:            336                 Label Len:          48                  
  Pred Len:           720                 Seasonal Patterns:  Monthly             
  Inverse:            0                   

[1mModel Parameters[0m
  Top k:              5                   Num Kernels:        6                   
  Enc In:             7                   Dec In:             7                   
  C Out:              7                   d model:            128                 
  n heads:            8                   e layers:           2                   
  d layers:           1                   d FF:               128                 
  Moving Avg:         25                  Factor:             3                   
  Distil:             1                   Dropout:            0.1                 
  Embed:              timeF               Activation:         gelu                

[1mRun Parameters[0m
  Num Workers:        0                   Itr:                1                   
  Train Epochs:       10                  Batch Size:         32                  
  Patience:           3                   Learning Rate:      0.0001              
  Des:                itransformer_ettm2_sl336_pl720_s2022Loss:               MSE                 
  Lradj:              type1               Use Amp:            0                   

[1mGPU[0m
  Use GPU:            1                   GPU:                0                   
  Use Multi GPU:      0                   Devices:            0,1,2,3             

[1mDe-stationary Projector Params[0m
  P Hidden Dims:      128, 128            P Hidden Layers:    2                   

Use GPU: cuda:0
🚀 Lazy Loading: iTransformer ...
>>>>>>>start training : long_term_forecast_itransformer_ettm2_sl336_pl720_s2022_iTransformer_ETTm2_ftM_sl336_ll48_pl720_dm128_nh8_el2_dl1_df128_expand2_dc4_fc3_ebtimeF_dtTrue_itransformer_ettm2_sl336_pl720_s2022_0>>>>>>>>>>>>>>>>>>>>>>>>>>
train 33505
val 10801
	iters: 100, epoch: 1 | loss: 0.9349464
	speed: 0.0085s/iter; left time: 88.0190s
	iters: 200, epoch: 1 | loss: 0.2957053
	speed: 0.0066s/iter; left time: 67.6855s
	iters: 300, epoch: 1 | loss: 0.6430498
	speed: 0.0066s/iter; left time: 67.6935s
	iters: 400, epoch: 1 | loss: 0.5116209
	speed: 0.0064s/iter; left time: 65.0129s
	iters: 500, epoch: 1 | loss: 0.8238098
	speed: 0.0062s/iter; left time: 61.9586s
	iters: 600, epoch: 1 | loss: 0.3522494
	speed: 0.0066s/iter; left time: 65.1428s
	iters: 700, epoch: 1 | loss: 0.3096616
	speed: 0.0064s/iter; left time: 62.3885s
	iters: 800, epoch: 1 | loss: 0.5197939
	speed: 0.0062s/iter; left time: 60.3557s
	iters: 900, epoch: 1 | loss: 0.4599500
	speed: 0.0063s/iter; left time: 59.9417s
	iters: 1000, epoch: 1 | loss: 0.4600503
	speed: 0.0065s/iter; left time: 61.9175s
Epoch: 1 cost time: 6.935683727264404
Epoch: 1, Steps: 1048 | Train Loss: 0.5349799 Vali Loss: 0.2826313
Validation loss decreased (inf --> 0.282631).  Saving model ...
Updating learning rate to 0.0001
	iters: 100, epoch: 2 | loss: 0.3898547
	speed: 0.0186s/iter; left time: 174.0566s
	iters: 200, epoch: 2 | loss: 0.4065840
	speed: 0.0060s/iter; left time: 55.3292s
	iters: 300, epoch: 2 | loss: 0.3677214
	speed: 0.0062s/iter; left time: 56.2187s
	iters: 400, epoch: 2 | loss: 0.3195025
	speed: 0.0063s/iter; left time: 56.9973s
	iters: 500, epoch: 2 | loss: 0.3535847
	speed: 0.0063s/iter; left time: 56.2558s
	iters: 600, epoch: 2 | loss: 0.6133524
	speed: 0.0063s/iter; left time: 55.5248s
	iters: 700, epoch: 2 | loss: 0.3229690
	speed: 0.0063s/iter; left time: 55.3986s
	iters: 800, epoch: 2 | loss: 0.3198861
	speed: 0.0065s/iter; left time: 55.8133s
	iters: 900, epoch: 2 | loss: 0.4304062
	speed: 0.0062s/iter; left time: 53.1103s
	iters: 1000, epoch: 2 | loss: 0.3489691
	speed: 0.0061s/iter; left time: 51.7801s
Epoch: 2 cost time: 6.531632900238037
Epoch: 2, Steps: 1048 | Train Loss: 0.4677897 Vali Loss: 0.2973593
EarlyStopping counter: 1 out of 3
Updating learning rate to 5e-05
	iters: 100, epoch: 3 | loss: 0.3376583
	speed: 0.0179s/iter; left time: 148.1215s
	iters: 200, epoch: 3 | loss: 0.6327834
	speed: 0.0065s/iter; left time: 53.2483s
	iters: 300, epoch: 3 | loss: 0.4357082
	speed: 0.0065s/iter; left time: 52.7966s
	iters: 400, epoch: 3 | loss: 0.4374374
	speed: 0.0061s/iter; left time: 49.0061s
	iters: 500, epoch: 3 | loss: 0.3188506
	speed: 0.0063s/iter; left time: 49.4919s
	iters: 600, epoch: 3 | loss: 0.4133149
	speed: 0.0062s/iter; left time: 48.1579s
	iters: 700, epoch: 3 | loss: 0.2854235
	speed: 0.0061s/iter; left time: 46.5615s
	iters: 800, epoch: 3 | loss: 0.3220477
	speed: 0.0061s/iter; left time: 46.1505s
	iters: 900, epoch: 3 | loss: 0.4478916
	speed: 0.0066s/iter; left time: 49.4310s
	iters: 1000, epoch: 3 | loss: 0.3871908
	speed: 0.0064s/iter; left time: 47.4641s
Epoch: 3 cost time: 6.603882551193237
Epoch: 3, Steps: 1048 | Train Loss: 0.4352655 Vali Loss: 0.2999356
EarlyStopping counter: 2 out of 3
Updating learning rate to 2.5e-05
	iters: 100, epoch: 4 | loss: 0.6185408
	speed: 0.0184s/iter; left time: 132.9460s
	iters: 200, epoch: 4 | loss: 0.3693987
	speed: 0.0061s/iter; left time: 43.4761s
	iters: 300, epoch: 4 | loss: 0.4583022
	speed: 0.0064s/iter; left time: 44.7029s
	iters: 400, epoch: 4 | loss: 0.4435830
	speed: 0.0065s/iter; left time: 44.8740s
	iters: 500, epoch: 4 | loss: 0.3203083
	speed: 0.0061s/iter; left time: 41.6307s
	iters: 600, epoch: 4 | loss: 0.2402487
	speed: 0.0063s/iter; left time: 42.4606s
	iters: 700, epoch: 4 | loss: 0.3574512
	speed: 0.0062s/iter; left time: 41.2063s
	iters: 800, epoch: 4 | loss: 0.3733974
	speed: 0.0061s/iter; left time: 39.6441s
	iters: 900, epoch: 4 | loss: 0.2643965
	speed: 0.0063s/iter; left time: 40.7367s
	iters: 1000, epoch: 4 | loss: 0.3240430
	speed: 0.0068s/iter; left time: 42.8541s
Epoch: 4 cost time: 6.597940921783447
Epoch: 4, Steps: 1048 | Train Loss: 0.4239956 Vali Loss: 0.3032580
EarlyStopping counter: 3 out of 3
Early stopping
VALIDATION_RESULT {"best_epoch": 1, "best_mae": 0.3640764423178708, "best_mse": 0.28263134573530957, "epochs_ran": 4, "metric_version": "element_weighted_v1"}
>>>>>>>testing : long_term_forecast_itransformer_ettm2_sl336_pl720_s2022_iTransformer_ETTm2_ftM_sl336_ll48_pl720_dm128_nh8_el2_dl1_df128_expand2_dc4_fc3_ebtimeF_dtTrue_itransformer_ettm2_sl336_pl720_s2022_0<<<<<<<<<<<<<<<<<<<<<<<<<<<<<<<<<
test 10801
test shape: (10801, 720, 7) (10801, 720, 7)
test shape: (10801, 720, 7) (10801, 720, 7)
mse:0.3773789405822754, mae:0.3947236239910126, dtw:Not calculated
