Using GPU
Args in experiment:
[1mBasic Config[0m
  Task Name:          long_term_forecast  Is Training:        1                   
  Model ID:           itransformer_ettm1_sl336_pl336_s2022Model:              iTransformer        

[1mData Loader[0m
  Data:               ETTm1               Root Path:          /home/cwh/Time-Series-Library/dataset/ETT-small
  Data Path:          ETTm1.csv           Features:           M                   
  Target:             OT                  Freq:               t                   
  Checkpoints:        /home/cwh/Time-Series-Library/logs/q2_main_baselines_multiseed/checkpoints

[1mForecasting Task[0m
  Seq Len:            336                 Label Len:          48                  
  Pred Len:           336                 Seasonal Patterns:  Monthly             
  Inverse:            0                   

[1mModel Parameters[0m
  Top k:              5                   Num Kernels:        6                   
  Enc In:             7                   Dec In:             7                   
  C Out:              7                   d model:            128                 
  n heads:            8                   e layers:           2                   
  d layers:           1                   d FF:               128                 
  Moving Avg:         25                  Factor:             3                   
  Distil:             1                   Dropout:            0.1                 
  Embed:              timeF               Activation:         gelu                

[1mRun Parameters[0m
  Num Workers:        0                   Itr:                1                   
  Train Epochs:       10                  Batch Size:         32                  
  Patience:           3                   Learning Rate:      0.0001              
  Des:                itransformer_ettm1_sl336_pl336_s2022Loss:               MSE                 
  Lradj:              type1               Use Amp:            0                   

[1mGPU[0m
  Use GPU:            1                   GPU:                0                   
  Use Multi GPU:      0                   Devices:            0,1,2,3             

[1mDe-stationary Projector Params[0m
  P Hidden Dims:      128, 128            P Hidden Layers:    2                   

Use GPU: cuda:0
🚀 Lazy Loading: iTransformer ...
>>>>>>>start training : long_term_forecast_itransformer_ettm1_sl336_pl336_s2022_iTransformer_ETTm1_ftM_sl336_ll48_pl336_dm128_nh8_el2_dl1_df128_expand2_dc4_fc3_ebtimeF_dtTrue_itransformer_ettm1_sl336_pl336_s2022_0>>>>>>>>>>>>>>>>>>>>>>>>>>
train 33889
val 11185
	iters: 100, epoch: 1 | loss: 0.4747912
	speed: 0.0078s/iter; left time: 82.4316s
	iters: 200, epoch: 1 | loss: 0.4170540
	speed: 0.0061s/iter; left time: 63.3898s
	iters: 300, epoch: 1 | loss: 0.3580196
	speed: 0.0064s/iter; left time: 65.8050s
	iters: 400, epoch: 1 | loss: 0.4067903
	speed: 0.0060s/iter; left time: 61.6462s
	iters: 500, epoch: 1 | loss: 0.3746130
	speed: 0.0060s/iter; left time: 60.6181s
	iters: 600, epoch: 1 | loss: 0.4012282
	speed: 0.0063s/iter; left time: 62.6926s
	iters: 700, epoch: 1 | loss: 0.3183877
	speed: 0.0060s/iter; left time: 59.5030s
	iters: 800, epoch: 1 | loss: 0.3544486
	speed: 0.0061s/iter; left time: 60.1866s
	iters: 900, epoch: 1 | loss: 0.3544732
	speed: 0.0064s/iter; left time: 61.8692s
	iters: 1000, epoch: 1 | loss: 0.3289962
	speed: 0.0064s/iter; left time: 61.4099s
Epoch: 1 cost time: 6.724836587905884
Epoch: 1, Steps: 1060 | Train Loss: 0.3941096 Vali Loss: 0.6509863
Validation loss decreased (inf --> 0.650986).  Saving model ...
Updating learning rate to 0.0001
	iters: 100, epoch: 2 | loss: 0.3551498
	speed: 0.0187s/iter; left time: 176.3586s
	iters: 200, epoch: 2 | loss: 0.3198465
	speed: 0.0061s/iter; left time: 56.8274s
	iters: 300, epoch: 2 | loss: 0.3582870
	speed: 0.0062s/iter; left time: 56.9609s
	iters: 400, epoch: 2 | loss: 0.3445480
	speed: 0.0062s/iter; left time: 56.3900s
	iters: 500, epoch: 2 | loss: 0.3420570
	speed: 0.0064s/iter; left time: 57.6072s
	iters: 600, epoch: 2 | loss: 0.3259442
	speed: 0.0063s/iter; left time: 55.9064s
	iters: 700, epoch: 2 | loss: 0.3340973
	speed: 0.0061s/iter; left time: 54.2013s
	iters: 800, epoch: 2 | loss: 0.3553748
	speed: 0.0061s/iter; left time: 53.3086s
	iters: 900, epoch: 2 | loss: 0.3132496
	speed: 0.0062s/iter; left time: 53.9204s
	iters: 1000, epoch: 2 | loss: 0.2858593
	speed: 0.0062s/iter; left time: 52.5319s
Epoch: 2 cost time: 6.5980565547943115
Epoch: 2, Steps: 1060 | Train Loss: 0.3431576 Vali Loss: 0.6478190
Validation loss decreased (0.650986 --> 0.647819).  Saving model ...
Updating learning rate to 5e-05
	iters: 100, epoch: 3 | loss: 0.2645653
	speed: 0.0200s/iter; left time: 167.4100s
	iters: 200, epoch: 3 | loss: 0.2966267
	speed: 0.0063s/iter; left time: 52.2372s
	iters: 300, epoch: 3 | loss: 0.4034856
	speed: 0.0062s/iter; left time: 50.6356s
	iters: 400, epoch: 3 | loss: 0.4231754
	speed: 0.0062s/iter; left time: 50.1817s
	iters: 500, epoch: 3 | loss: 0.2925582
	speed: 0.0061s/iter; left time: 48.5216s
	iters: 600, epoch: 3 | loss: 0.3234914
	speed: 0.0067s/iter; left time: 52.5885s
	iters: 700, epoch: 3 | loss: 0.2875131
	speed: 0.0064s/iter; left time: 49.5403s
	iters: 800, epoch: 3 | loss: 0.2838320
	speed: 0.0061s/iter; left time: 46.5475s
	iters: 900, epoch: 3 | loss: 0.2921669
	speed: 0.0062s/iter; left time: 46.9737s
	iters: 1000, epoch: 3 | loss: 0.2814415
	speed: 0.0062s/iter; left time: 46.4954s
Epoch: 3 cost time: 6.6465349197387695
Epoch: 3, Steps: 1060 | Train Loss: 0.3266360 Vali Loss: 0.6562105
EarlyStopping counter: 1 out of 3
Updating learning rate to 2.5e-05
	iters: 100, epoch: 4 | loss: 0.3628589
	speed: 0.0187s/iter; left time: 136.5939s
	iters: 200, epoch: 4 | loss: 0.2964002
	speed: 0.0061s/iter; left time: 44.0158s
	iters: 300, epoch: 4 | loss: 0.3109974
	speed: 0.0061s/iter; left time: 43.6155s
	iters: 400, epoch: 4 | loss: 0.2623204
	speed: 0.0063s/iter; left time: 44.2461s
	iters: 500, epoch: 4 | loss: 0.2750065
	speed: 0.0060s/iter; left time: 41.7444s
	iters: 600, epoch: 4 | loss: 0.3407540
	speed: 0.0065s/iter; left time: 44.3869s
	iters: 700, epoch: 4 | loss: 0.3313705
	speed: 0.0062s/iter; left time: 41.5025s
	iters: 800, epoch: 4 | loss: 0.3368513
	speed: 0.0066s/iter; left time: 43.5239s
	iters: 900, epoch: 4 | loss: 0.3368524
	speed: 0.0061s/iter; left time: 39.7503s
	iters: 1000, epoch: 4 | loss: 0.3151335
	speed: 0.0061s/iter; left time: 39.0195s
Epoch: 4 cost time: 6.599454641342163
Epoch: 4, Steps: 1060 | Train Loss: 0.3204298 Vali Loss: 0.6520389
EarlyStopping counter: 2 out of 3
Updating learning rate to 1.25e-05
	iters: 100, epoch: 5 | loss: 0.3397556
	speed: 0.0185s/iter; left time: 116.0559s
	iters: 200, epoch: 5 | loss: 0.2852316
	speed: 0.0062s/iter; left time: 38.2331s
	iters: 300, epoch: 5 | loss: 0.3760995
	speed: 0.0062s/iter; left time: 37.6623s
	iters: 400, epoch: 5 | loss: 0.3795841
	speed: 0.0061s/iter; left time: 36.4037s
	iters: 500, epoch: 5 | loss: 0.3583953
	speed: 0.0064s/iter; left time: 37.6639s
	iters: 600, epoch: 5 | loss: 0.3279134
	speed: 0.0061s/iter; left time: 35.4238s
	iters: 700, epoch: 5 | loss: 0.2890562
	speed: 0.0061s/iter; left time: 34.4556s
	iters: 800, epoch: 5 | loss: 0.3438951
	speed: 0.0062s/iter; left time: 34.4996s
	iters: 900, epoch: 5 | loss: 0.3004856
	speed: 0.0062s/iter; left time: 33.8980s
	iters: 1000, epoch: 5 | loss: 0.3332236
	speed: 0.0064s/iter; left time: 34.0860s
Epoch: 5 cost time: 6.5872719287872314
Epoch: 5, Steps: 1060 | Train Loss: 0.3177386 Vali Loss: 0.6468426
Validation loss decreased (0.647819 --> 0.646843).  Saving model ...
Updating learning rate to 6.25e-06
	iters: 100, epoch: 6 | loss: 0.2785509
	speed: 0.0189s/iter; left time: 98.1175s
	iters: 200, epoch: 6 | loss: 0.3364629
	speed: 0.0063s/iter; left time: 32.1956s
	iters: 300, epoch: 6 | loss: 0.3463901
	speed: 0.0061s/iter; left time: 30.4754s
	iters: 400, epoch: 6 | loss: 0.3207308
	speed: 0.0063s/iter; left time: 30.7786s
	iters: 500, epoch: 6 | loss: 0.3123448
	speed: 0.0062s/iter; left time: 29.6248s
	iters: 600, epoch: 6 | loss: 0.2952697
	speed: 0.0059s/iter; left time: 27.6228s
	iters: 700, epoch: 6 | loss: 0.3485098
	speed: 0.0061s/iter; left time: 27.9851s
	iters: 800, epoch: 6 | loss: 0.2964547
	speed: 0.0058s/iter; left time: 26.0023s
	iters: 900, epoch: 6 | loss: 0.3728578
	speed: 0.0061s/iter; left time: 26.7836s
	iters: 1000, epoch: 6 | loss: 0.3439030
	speed: 0.0065s/iter; left time: 28.1193s
Epoch: 6 cost time: 6.515413761138916
Epoch: 6, Steps: 1060 | Train Loss: 0.3165029 Vali Loss: 0.6496765
EarlyStopping counter: 1 out of 3
Updating learning rate to 3.125e-06
	iters: 100, epoch: 7 | loss: 0.3362113
	speed: 0.0192s/iter; left time: 79.5079s
	iters: 200, epoch: 7 | loss: 0.2964425
	speed: 0.0062s/iter; left time: 25.0536s
	iters: 300, epoch: 7 | loss: 0.2600665
	speed: 0.0063s/iter; left time: 24.9871s
	iters: 400, epoch: 7 | loss: 0.3026605
	speed: 0.0063s/iter; left time: 24.1893s
	iters: 500, epoch: 7 | loss: 0.3250321
	speed: 0.0062s/iter; left time: 23.3770s
	iters: 600, epoch: 7 | loss: 0.3232174
	speed: 0.0065s/iter; left time: 23.5458s
	iters: 700, epoch: 7 | loss: 0.3910506
	speed: 0.0062s/iter; left time: 21.9496s
	iters: 800, epoch: 7 | loss: 0.2908342
	speed: 0.0064s/iter; left time: 21.9412s
	iters: 900, epoch: 7 | loss: 0.2708274
	speed: 0.0060s/iter; left time: 20.0063s
	iters: 1000, epoch: 7 | loss: 0.3036325
	speed: 0.0064s/iter; left time: 20.8127s
Epoch: 7 cost time: 6.6741063594818115
Epoch: 7, Steps: 1060 | Train Loss: 0.3157749 Vali Loss: 0.6492274
EarlyStopping counter: 2 out of 3
Updating learning rate to 1.5625e-06
	iters: 100, epoch: 8 | loss: 0.3087029
	speed: 0.0199s/iter; left time: 61.2624s
	iters: 200, epoch: 8 | loss: 0.2602453
	speed: 0.0063s/iter; left time: 18.8060s
	iters: 300, epoch: 8 | loss: 0.3121064
	speed: 0.0062s/iter; left time: 17.7251s
	iters: 400, epoch: 8 | loss: 0.2694861
	speed: 0.0065s/iter; left time: 17.9740s
	iters: 500, epoch: 8 | loss: 0.2920816
	speed: 0.0060s/iter; left time: 16.2083s
	iters: 600, epoch: 8 | loss: 0.3312774
	speed: 0.0062s/iter; left time: 16.0240s
	iters: 700, epoch: 8 | loss: 0.3543705
	speed: 0.0067s/iter; left time: 16.5489s
	iters: 800, epoch: 8 | loss: 0.2882553
	speed: 0.0062s/iter; left time: 14.7636s
	iters: 900, epoch: 8 | loss: 0.2970343
	speed: 0.0062s/iter; left time: 14.2551s
	iters: 1000, epoch: 8 | loss: 0.3389060
	speed: 0.0063s/iter; left time: 13.7988s
Epoch: 8 cost time: 6.674947261810303
Epoch: 8, Steps: 1060 | Train Loss: 0.3152914 Vali Loss: 0.6499088
EarlyStopping counter: 3 out of 3
Early stopping
VALIDATION_RESULT {"best_epoch": 5, "best_mae": 0.5376922011156106, "best_mse": 0.6468425612860463, "epochs_ran": 8, "metric_version": "element_weighted_v1"}
>>>>>>>testing : long_term_forecast_itransformer_ettm1_sl336_pl336_s2022_iTransformer_ETTm1_ftM_sl336_ll48_pl336_dm128_nh8_el2_dl1_df128_expand2_dc4_fc3_ebtimeF_dtTrue_itransformer_ettm1_sl336_pl336_s2022_0<<<<<<<<<<<<<<<<<<<<<<<<<<<<<<<<<
test 11185
test shape: (11185, 336, 7) (11185, 336, 7)
test shape: (11185, 336, 7) (11185, 336, 7)
mse:0.38143447041511536, mae:0.40432512760162354, dtw:Not calculated
