Using GPU
Args in experiment:
[1mBasic Config[0m
  Task Name:          long_term_forecast  Is Training:        1                   
  Model ID:           itransformer_ettm1_sl336_pl96_s2023Model:              iTransformer        

[1mData Loader[0m
  Data:               ETTm1               Root Path:          /home/cwh/Time-Series-Library/dataset/ETT-small
  Data Path:          ETTm1.csv           Features:           M                   
  Target:             OT                  Freq:               t                   
  Checkpoints:        /home/cwh/Time-Series-Library/logs/q2_main_baselines_multiseed/checkpoints

[1mForecasting Task[0m
  Seq Len:            336                 Label Len:          48                  
  Pred Len:           96                  Seasonal Patterns:  Monthly             
  Inverse:            0                   

[1mModel Parameters[0m
  Top k:              5                   Num Kernels:        6                   
  Enc In:             7                   Dec In:             7                   
  C Out:              7                   d model:            128                 
  n heads:            8                   e layers:           2                   
  d layers:           1                   d FF:               128                 
  Moving Avg:         25                  Factor:             3                   
  Distil:             1                   Dropout:            0.1                 
  Embed:              timeF               Activation:         gelu                

[1mRun Parameters[0m
  Num Workers:        0                   Itr:                1                   
  Train Epochs:       10                  Batch Size:         32                  
  Patience:           3                   Learning Rate:      0.0001              
  Des:                itransformer_ettm1_sl336_pl96_s2023Loss:               MSE                 
  Lradj:              type1               Use Amp:            0                   

[1mGPU[0m
  Use GPU:            1                   GPU:                0                   
  Use Multi GPU:      0                   Devices:            0,1,2,3             

[1mDe-stationary Projector Params[0m
  P Hidden Dims:      128, 128            P Hidden Layers:    2                   

Use GPU: cuda:0
🚀 Lazy Loading: iTransformer ...
>>>>>>>start training : long_term_forecast_itransformer_ettm1_sl336_pl96_s2023_iTransformer_ETTm1_ftM_sl336_ll48_pl96_dm128_nh8_el2_dl1_df128_expand2_dc4_fc3_ebtimeF_dtTrue_itransformer_ettm1_sl336_pl96_s2023_0>>>>>>>>>>>>>>>>>>>>>>>>>>
train 34129
val 11425
	iters: 100, epoch: 1 | loss: 0.3566202
	speed: 0.0081s/iter; left time: 85.8126s
	iters: 200, epoch: 1 | loss: 0.3048486
	speed: 0.0062s/iter; left time: 64.7093s
	iters: 300, epoch: 1 | loss: 0.4052389
	speed: 0.0062s/iter; left time: 63.8696s
	iters: 400, epoch: 1 | loss: 0.2549792
	speed: 0.0058s/iter; left time: 59.1288s
	iters: 500, epoch: 1 | loss: 0.2967676
	speed: 0.0057s/iter; left time: 58.1763s
	iters: 600, epoch: 1 | loss: 0.2747528
	speed: 0.0061s/iter; left time: 60.9870s
	iters: 700, epoch: 1 | loss: 0.2538212
	speed: 0.0061s/iter; left time: 60.5733s
	iters: 800, epoch: 1 | loss: 0.1995647
	speed: 0.0059s/iter; left time: 58.7103s
	iters: 900, epoch: 1 | loss: 0.2593252
	speed: 0.0061s/iter; left time: 59.4321s
	iters: 1000, epoch: 1 | loss: 0.2374657
	speed: 0.0059s/iter; left time: 56.8454s
Epoch: 1 cost time: 6.593232154846191
Epoch: 1, Steps: 1067 | Train Loss: 0.3013542 Vali Loss: 0.3772421
Validation loss decreased (inf --> 0.377242).  Saving model ...
Updating learning rate to 0.0001
	iters: 100, epoch: 2 | loss: 0.2537576
	speed: 0.0189s/iter; left time: 179.6209s
	iters: 200, epoch: 2 | loss: 0.2600510
	speed: 0.0060s/iter; left time: 56.3570s
	iters: 300, epoch: 2 | loss: 0.2325814
	speed: 0.0061s/iter; left time: 56.6653s
	iters: 400, epoch: 2 | loss: 0.2008957
	speed: 0.0063s/iter; left time: 58.0206s
	iters: 500, epoch: 2 | loss: 0.2406378
	speed: 0.0062s/iter; left time: 56.3159s
	iters: 600, epoch: 2 | loss: 0.2528477
	speed: 0.0058s/iter; left time: 52.2254s
	iters: 700, epoch: 2 | loss: 0.2059432
	speed: 0.0061s/iter; left time: 54.5815s
	iters: 800, epoch: 2 | loss: 0.2442206
	speed: 0.0062s/iter; left time: 54.2612s
	iters: 900, epoch: 2 | loss: 0.2627459
	speed: 0.0059s/iter; left time: 51.7499s
	iters: 1000, epoch: 2 | loss: 0.2627682
	speed: 0.0061s/iter; left time: 52.2522s
Epoch: 2 cost time: 6.494455337524414
Epoch: 2, Steps: 1067 | Train Loss: 0.2482765 Vali Loss: 0.3753388
Validation loss decreased (0.377242 --> 0.375339).  Saving model ...
Updating learning rate to 5e-05
	iters: 100, epoch: 3 | loss: 0.2089400
	speed: 0.0191s/iter; left time: 161.5500s
	iters: 200, epoch: 3 | loss: 0.2499552
	speed: 0.0060s/iter; left time: 49.9416s
	iters: 300, epoch: 3 | loss: 0.2548434
	speed: 0.0057s/iter; left time: 47.3346s
	iters: 400, epoch: 3 | loss: 0.2569183
	speed: 0.0060s/iter; left time: 48.5539s
	iters: 500, epoch: 3 | loss: 0.2325874
	speed: 0.0058s/iter; left time: 46.9970s
	iters: 600, epoch: 3 | loss: 0.1707160
	speed: 0.0065s/iter; left time: 51.2230s
	iters: 700, epoch: 3 | loss: 0.2047161
	speed: 0.0059s/iter; left time: 45.9622s
	iters: 800, epoch: 3 | loss: 0.2333434
	speed: 0.0060s/iter; left time: 46.2563s
	iters: 900, epoch: 3 | loss: 0.2361548
	speed: 0.0061s/iter; left time: 46.4007s
	iters: 1000, epoch: 3 | loss: 0.2255677
	speed: 0.0061s/iter; left time: 45.6272s
Epoch: 3 cost time: 6.407915830612183
Epoch: 3, Steps: 1067 | Train Loss: 0.2317662 Vali Loss: 0.3703315
Validation loss decreased (0.375339 --> 0.370331).  Saving model ...
Updating learning rate to 2.5e-05
	iters: 100, epoch: 4 | loss: 0.2177506
	speed: 0.0187s/iter; left time: 138.1430s
	iters: 200, epoch: 4 | loss: 0.2313121
	speed: 0.0061s/iter; left time: 44.6734s
	iters: 300, epoch: 4 | loss: 0.2152684
	speed: 0.0059s/iter; left time: 42.3651s
	iters: 400, epoch: 4 | loss: 0.2346107
	speed: 0.0060s/iter; left time: 42.4270s
	iters: 500, epoch: 4 | loss: 0.1957551
	speed: 0.0060s/iter; left time: 42.0453s
	iters: 600, epoch: 4 | loss: 0.2229381
	speed: 0.0058s/iter; left time: 39.9873s
	iters: 700, epoch: 4 | loss: 0.1959805
	speed: 0.0059s/iter; left time: 40.0442s
	iters: 800, epoch: 4 | loss: 0.2203552
	speed: 0.0063s/iter; left time: 42.0497s
	iters: 900, epoch: 4 | loss: 0.2056743
	speed: 0.0060s/iter; left time: 39.6554s
	iters: 1000, epoch: 4 | loss: 0.2181827
	speed: 0.0061s/iter; left time: 39.4041s
Epoch: 4 cost time: 6.451877593994141
Epoch: 4, Steps: 1067 | Train Loss: 0.2254866 Vali Loss: 0.3707959
EarlyStopping counter: 1 out of 3
Updating learning rate to 1.25e-05
	iters: 100, epoch: 5 | loss: 0.2238146
	speed: 0.0184s/iter; left time: 116.0527s
	iters: 200, epoch: 5 | loss: 0.2400500
	speed: 0.0061s/iter; left time: 38.1274s
	iters: 300, epoch: 5 | loss: 0.1970466
	speed: 0.0062s/iter; left time: 37.7935s
	iters: 400, epoch: 5 | loss: 0.2087068
	speed: 0.0061s/iter; left time: 36.7412s
	iters: 500, epoch: 5 | loss: 0.2193116
	speed: 0.0059s/iter; left time: 35.0630s
	iters: 600, epoch: 5 | loss: 0.1948904
	speed: 0.0061s/iter; left time: 35.3100s
	iters: 700, epoch: 5 | loss: 0.2237758
	speed: 0.0059s/iter; left time: 33.3997s
	iters: 800, epoch: 5 | loss: 0.2019288
	speed: 0.0060s/iter; left time: 33.4752s
	iters: 900, epoch: 5 | loss: 0.2255487
	speed: 0.0062s/iter; left time: 33.9495s
	iters: 1000, epoch: 5 | loss: 0.1995479
	speed: 0.0062s/iter; left time: 33.3305s
Epoch: 5 cost time: 6.462218761444092
Epoch: 5, Steps: 1067 | Train Loss: 0.2225704 Vali Loss: 0.3727622
EarlyStopping counter: 2 out of 3
Updating learning rate to 6.25e-06
	iters: 100, epoch: 6 | loss: 0.1965895
	speed: 0.0190s/iter; left time: 99.5006s
	iters: 200, epoch: 6 | loss: 0.2297300
	speed: 0.0059s/iter; left time: 30.5240s
	iters: 300, epoch: 6 | loss: 0.2394501
	speed: 0.0061s/iter; left time: 30.9552s
	iters: 400, epoch: 6 | loss: 0.2115673
	speed: 0.0061s/iter; left time: 30.1152s
	iters: 500, epoch: 6 | loss: 0.2157285
	speed: 0.0060s/iter; left time: 29.2282s
	iters: 600, epoch: 6 | loss: 0.1679323
	speed: 0.0061s/iter; left time: 28.7716s
	iters: 700, epoch: 6 | loss: 0.2116343
	speed: 0.0061s/iter; left time: 28.0574s
	iters: 800, epoch: 6 | loss: 0.2024877
	speed: 0.0060s/iter; left time: 27.0228s
	iters: 900, epoch: 6 | loss: 0.2270474
	speed: 0.0059s/iter; left time: 26.3130s
	iters: 1000, epoch: 6 | loss: 0.1951741
	speed: 0.0060s/iter; left time: 26.1111s
Epoch: 6 cost time: 6.435540437698364
Epoch: 6, Steps: 1067 | Train Loss: 0.2210538 Vali Loss: 0.3724822
EarlyStopping counter: 3 out of 3
Early stopping
VALIDATION_RESULT {"best_epoch": 3, "best_mae": 0.40784746564153807, "best_mse": 0.3703314874380147, "epochs_ran": 6, "metric_version": "element_weighted_v1"}
>>>>>>>testing : long_term_forecast_itransformer_ettm1_sl336_pl96_s2023_iTransformer_ETTm1_ftM_sl336_ll48_pl96_dm128_nh8_el2_dl1_df128_expand2_dc4_fc3_ebtimeF_dtTrue_itransformer_ettm1_sl336_pl96_s2023_0<<<<<<<<<<<<<<<<<<<<<<<<<<<<<<<<<
test 11425
test shape: (11425, 96, 7) (11425, 96, 7)
test shape: (11425, 96, 7) (11425, 96, 7)
mse:0.30571839213371277, mae:0.35939714312553406, dtw:Not calculated
