Using GPU
Args in experiment:
[1mBasic Config[0m
  Task Name:          long_term_forecast  Is Training:        1                   
  Model ID:           itransformer_etth2_sl336_pl96_s2022Model:              iTransformer        

[1mData Loader[0m
  Data:               ETTh2               Root Path:          /home/cwh/Time-Series-Library/dataset/ETT-small
  Data Path:          ETTh2.csv           Features:           M                   
  Target:             OT                  Freq:               h                   
  Checkpoints:        /home/cwh/Time-Series-Library/logs/q2_main_baselines_multiseed/checkpoints

[1mForecasting Task[0m
  Seq Len:            336                 Label Len:          48                  
  Pred Len:           96                  Seasonal Patterns:  Monthly             
  Inverse:            0                   

[1mModel Parameters[0m
  Top k:              5                   Num Kernels:        6                   
  Enc In:             7                   Dec In:             7                   
  C Out:              7                   d model:            128                 
  n heads:            8                   e layers:           2                   
  d layers:           1                   d FF:               128                 
  Moving Avg:         25                  Factor:             3                   
  Distil:             1                   Dropout:            0.1                 
  Embed:              timeF               Activation:         gelu                

[1mRun Parameters[0m
  Num Workers:        0                   Itr:                1                   
  Train Epochs:       10                  Batch Size:         32                  
  Patience:           3                   Learning Rate:      0.0001              
  Des:                itransformer_etth2_sl336_pl96_s2022Loss:               MSE                 
  Lradj:              type1               Use Amp:            0                   

[1mGPU[0m
  Use GPU:            1                   GPU:                0                   
  Use Multi GPU:      0                   Devices:            0,1,2,3             

[1mDe-stationary Projector Params[0m
  P Hidden Dims:      128, 128            P Hidden Layers:    2                   

Use GPU: cuda:0
🚀 Lazy Loading: iTransformer ...
>>>>>>>start training : long_term_forecast_itransformer_etth2_sl336_pl96_s2022_iTransformer_ETTh2_ftM_sl336_ll48_pl96_dm128_nh8_el2_dl1_df128_expand2_dc4_fc3_ebtimeF_dtTrue_itransformer_etth2_sl336_pl96_s2022_0>>>>>>>>>>>>>>>>>>>>>>>>>>
train 8209
val 2785
	iters: 100, epoch: 1 | loss: 0.3474990
	speed: 0.0081s/iter; left time: 19.9278s
	iters: 200, epoch: 1 | loss: 0.3572861
	speed: 0.0060s/iter; left time: 14.2096s
Epoch: 1 cost time: 1.7565279006958008
Epoch: 1, Steps: 257 | Train Loss: 0.4992098 Vali Loss: 0.2407640
Validation loss decreased (inf --> 0.240764).  Saving model ...
Updating learning rate to 0.0001
	iters: 100, epoch: 2 | loss: 0.3060892
	speed: 0.0117s/iter; left time: 25.8315s
	iters: 200, epoch: 2 | loss: 0.3064460
	speed: 0.0059s/iter; left time: 12.3816s
Epoch: 2 cost time: 1.5216350555419922
Epoch: 2, Steps: 257 | Train Loss: 0.4106791 Vali Loss: 0.2267561
Validation loss decreased (0.240764 --> 0.226756).  Saving model ...
Updating learning rate to 5e-05
	iters: 100, epoch: 3 | loss: 0.5015323
	speed: 0.0115s/iter; left time: 22.4835s
	iters: 200, epoch: 3 | loss: 0.3394332
	speed: 0.0063s/iter; left time: 11.6821s
Epoch: 3 cost time: 1.5730595588684082
Epoch: 3, Steps: 257 | Train Loss: 0.3783475 Vali Loss: 0.2289728
EarlyStopping counter: 1 out of 3
Updating learning rate to 2.5e-05
	iters: 100, epoch: 4 | loss: 0.4399294
	speed: 0.0117s/iter; left time: 19.9227s
	iters: 200, epoch: 4 | loss: 0.4864902
	speed: 0.0062s/iter; left time: 9.9366s
Epoch: 4 cost time: 1.5629825592041016
Epoch: 4, Steps: 257 | Train Loss: 0.3632268 Vali Loss: 0.2283034
EarlyStopping counter: 2 out of 3
Updating learning rate to 1.25e-05
	iters: 100, epoch: 5 | loss: 0.3835663
	speed: 0.0117s/iter; left time: 16.9467s
	iters: 200, epoch: 5 | loss: 0.2882095
	speed: 0.0060s/iter; left time: 8.1017s
Epoch: 5 cost time: 1.563755989074707
Epoch: 5, Steps: 257 | Train Loss: 0.3561977 Vali Loss: 0.2299055
EarlyStopping counter: 3 out of 3
Early stopping
VALIDATION_RESULT {"best_epoch": 2, "best_mae": 0.3311078992329816, "best_mse": 0.2267560999301944, "epochs_ran": 5, "metric_version": "element_weighted_v1"}
>>>>>>>testing : long_term_forecast_itransformer_etth2_sl336_pl96_s2022_iTransformer_ETTh2_ftM_sl336_ll48_pl96_dm128_nh8_el2_dl1_df128_expand2_dc4_fc3_ebtimeF_dtTrue_itransformer_etth2_sl336_pl96_s2022_0<<<<<<<<<<<<<<<<<<<<<<<<<<<<<<<<<
test 2785
test shape: (2785, 96, 7) (2785, 96, 7)
test shape: (2785, 96, 7) (2785, 96, 7)
mse:0.30019381642341614, mae:0.3570970594882965, dtw:Not calculated
