Using GPU
Args in experiment:
[1mBasic Config[0m
  Task Name:          long_term_forecast  Is Training:        1                   
  Model ID:           itransformer_etth1_sl336_pl192_s2022Model:              iTransformer        

[1mData Loader[0m
  Data:               ETTh1               Root Path:          /home/cwh/Time-Series-Library/dataset/ETT-small
  Data Path:          ETTh1.csv           Features:           M                   
  Target:             OT                  Freq:               h                   
  Checkpoints:        /home/cwh/Time-Series-Library/logs/q2_main_baselines_multiseed/checkpoints

[1mForecasting Task[0m
  Seq Len:            336                 Label Len:          48                  
  Pred Len:           192                 Seasonal Patterns:  Monthly             
  Inverse:            0                   

[1mModel Parameters[0m
  Top k:              5                   Num Kernels:        6                   
  Enc In:             7                   Dec In:             7                   
  C Out:              7                   d model:            128                 
  n heads:            8                   e layers:           2                   
  d layers:           1                   d FF:               128                 
  Moving Avg:         25                  Factor:             3                   
  Distil:             1                   Dropout:            0.1                 
  Embed:              timeF               Activation:         gelu                

[1mRun Parameters[0m
  Num Workers:        0                   Itr:                1                   
  Train Epochs:       10                  Batch Size:         32                  
  Patience:           3                   Learning Rate:      0.0001              
  Des:                itransformer_etth1_sl336_pl192_s2022Loss:               MSE                 
  Lradj:              type1               Use Amp:            0                   

[1mGPU[0m
  Use GPU:            1                   GPU:                0                   
  Use Multi GPU:      0                   Devices:            0,1,2,3             

[1mDe-stationary Projector Params[0m
  P Hidden Dims:      128, 128            P Hidden Layers:    2                   

Use GPU: cuda:0
🚀 Lazy Loading: iTransformer ...
>>>>>>>start training : long_term_forecast_itransformer_etth1_sl336_pl192_s2022_iTransformer_ETTh1_ftM_sl336_ll48_pl192_dm128_nh8_el2_dl1_df128_expand2_dc4_fc3_ebtimeF_dtTrue_itransformer_etth1_sl336_pl192_s2022_0>>>>>>>>>>>>>>>>>>>>>>>>>>
train 8113
val 2689
	iters: 100, epoch: 1 | loss: 0.4669847
	speed: 0.0082s/iter; left time: 20.0265s
	iters: 200, epoch: 1 | loss: 0.5252716
	speed: 0.0060s/iter; left time: 13.9397s
Epoch: 1 cost time: 1.7537765502929688
Epoch: 1, Steps: 254 | Train Loss: 0.5226377 Vali Loss: 0.9975953
Validation loss decreased (inf --> 0.997595).  Saving model ...
Updating learning rate to 0.0001
	iters: 100, epoch: 2 | loss: 0.4687065
	speed: 0.0116s/iter; left time: 25.3276s
	iters: 200, epoch: 2 | loss: 0.3967889
	speed: 0.0059s/iter; left time: 12.2782s
Epoch: 2 cost time: 1.5384624004364014
Epoch: 2, Steps: 254 | Train Loss: 0.4379416 Vali Loss: 0.9503058
Validation loss decreased (0.997595 --> 0.950306).  Saving model ...
Updating learning rate to 5e-05
	iters: 100, epoch: 3 | loss: 0.4093368
	speed: 0.0112s/iter; left time: 21.6277s
	iters: 200, epoch: 3 | loss: 0.3804205
	speed: 0.0064s/iter; left time: 11.7039s
Epoch: 3 cost time: 1.5882432460784912
Epoch: 3, Steps: 254 | Train Loss: 0.4206033 Vali Loss: 0.9473451
Validation loss decreased (0.950306 --> 0.947345).  Saving model ...
Updating learning rate to 2.5e-05
	iters: 100, epoch: 4 | loss: 0.4355452
	speed: 0.0117s/iter; left time: 19.6871s
	iters: 200, epoch: 4 | loss: 0.3504699
	speed: 0.0063s/iter; left time: 9.9549s
Epoch: 4 cost time: 1.5511894226074219
Epoch: 4, Steps: 254 | Train Loss: 0.4120629 Vali Loss: 0.9496851
EarlyStopping counter: 1 out of 3
Updating learning rate to 1.25e-05
	iters: 100, epoch: 5 | loss: 0.3639526
	speed: 0.0113s/iter; left time: 16.0689s
	iters: 200, epoch: 5 | loss: 0.4010201
	speed: 0.0059s/iter; left time: 7.7636s
Epoch: 5 cost time: 1.5376837253570557
Epoch: 5, Steps: 254 | Train Loss: 0.4084569 Vali Loss: 0.9507300
EarlyStopping counter: 2 out of 3
Updating learning rate to 6.25e-06
	iters: 100, epoch: 6 | loss: 0.4091376
	speed: 0.0113s/iter; left time: 13.2243s
	iters: 200, epoch: 6 | loss: 0.4119968
	speed: 0.0061s/iter; left time: 6.4913s
Epoch: 6 cost time: 1.5293588638305664
Epoch: 6, Steps: 254 | Train Loss: 0.4063811 Vali Loss: 0.9511560
EarlyStopping counter: 3 out of 3
Early stopping
VALIDATION_RESULT {"best_epoch": 3, "best_mae": 0.6639686144291895, "best_mse": 0.9473451493357196, "epochs_ran": 6, "metric_version": "element_weighted_v1"}
>>>>>>>testing : long_term_forecast_itransformer_etth1_sl336_pl192_s2022_iTransformer_ETTh1_ftM_sl336_ll48_pl192_dm128_nh8_el2_dl1_df128_expand2_dc4_fc3_ebtimeF_dtTrue_itransformer_etth1_sl336_pl192_s2022_0<<<<<<<<<<<<<<<<<<<<<<<<<<<<<<<<<
test 2689
test shape: (2689, 192, 7) (2689, 192, 7)
test shape: (2689, 192, 7) (2689, 192, 7)
mse:0.43991246819496155, mae:0.4443501830101013, dtw:Not calculated
