Using GPU
Args in experiment:
[1mBasic Config[0m
  Task Name:          long_term_forecast  Is Training:        1                   
  Model ID:           itransformer_ettm2_sl336_pl720_s2023Model:              iTransformer        

[1mData Loader[0m
  Data:               ETTm2               Root Path:          /home/cwh/Time-Series-Library/dataset/ETT-small
  Data Path:          ETTm2.csv           Features:           M                   
  Target:             OT                  Freq:               t                   
  Checkpoints:        /home/cwh/Time-Series-Library/logs/q2_main_baselines_multiseed/checkpoints

[1mForecasting Task[0m
  Seq Len:            336                 Label Len:          48                  
  Pred Len:           720                 Seasonal Patterns:  Monthly             
  Inverse:            0                   

[1mModel Parameters[0m
  Top k:              5                   Num Kernels:        6                   
  Enc In:             7                   Dec In:             7                   
  C Out:              7                   d model:            128                 
  n heads:            8                   e layers:           2                   
  d layers:           1                   d FF:               128                 
  Moving Avg:         25                  Factor:             3                   
  Distil:             1                   Dropout:            0.1                 
  Embed:              timeF               Activation:         gelu                

[1mRun Parameters[0m
  Num Workers:        0                   Itr:                1                   
  Train Epochs:       10                  Batch Size:         32                  
  Patience:           3                   Learning Rate:      0.0001              
  Des:                itransformer_ettm2_sl336_pl720_s2023Loss:               MSE                 
  Lradj:              type1               Use Amp:            0                   

[1mGPU[0m
  Use GPU:            1                   GPU:                0                   
  Use Multi GPU:      0                   Devices:            0,1,2,3             

[1mDe-stationary Projector Params[0m
  P Hidden Dims:      128, 128            P Hidden Layers:    2                   

Use GPU: cuda:0
🚀 Lazy Loading: iTransformer ...
>>>>>>>start training : long_term_forecast_itransformer_ettm2_sl336_pl720_s2023_iTransformer_ETTm2_ftM_sl336_ll48_pl720_dm128_nh8_el2_dl1_df128_expand2_dc4_fc3_ebtimeF_dtTrue_itransformer_ettm2_sl336_pl720_s2023_0>>>>>>>>>>>>>>>>>>>>>>>>>>
train 33505
val 10801
	iters: 100, epoch: 1 | loss: 0.7622213
	speed: 0.0087s/iter; left time: 89.8736s
	iters: 200, epoch: 1 | loss: 0.5302851
	speed: 0.0063s/iter; left time: 64.9647s
	iters: 300, epoch: 1 | loss: 0.5515459
	speed: 0.0064s/iter; left time: 64.6594s
	iters: 400, epoch: 1 | loss: 0.3632597
	speed: 0.0064s/iter; left time: 64.4091s
	iters: 500, epoch: 1 | loss: 0.3931871
	speed: 0.0061s/iter; left time: 61.2618s
	iters: 600, epoch: 1 | loss: 0.4150923
	speed: 0.0065s/iter; left time: 64.2647s
	iters: 700, epoch: 1 | loss: 0.5904682
	speed: 0.0069s/iter; left time: 67.3218s
	iters: 800, epoch: 1 | loss: 0.7927103
	speed: 0.0064s/iter; left time: 62.3185s
	iters: 900, epoch: 1 | loss: 0.5287783
	speed: 0.0062s/iter; left time: 59.7522s
	iters: 1000, epoch: 1 | loss: 0.4636825
	speed: 0.0062s/iter; left time: 59.2230s
Epoch: 1 cost time: 6.9409661293029785
Epoch: 1, Steps: 1048 | Train Loss: 0.5298154 Vali Loss: 0.2969112
Validation loss decreased (inf --> 0.296911).  Saving model ...
Updating learning rate to 0.0001
	iters: 100, epoch: 2 | loss: 0.3327889
	speed: 0.0200s/iter; left time: 186.9647s
	iters: 200, epoch: 2 | loss: 0.3700867
	speed: 0.0065s/iter; left time: 60.4497s
	iters: 300, epoch: 2 | loss: 0.6238179
	speed: 0.0064s/iter; left time: 58.5442s
	iters: 400, epoch: 2 | loss: 0.7170399
	speed: 0.0062s/iter; left time: 56.1663s
	iters: 500, epoch: 2 | loss: 0.4561475
	speed: 0.0061s/iter; left time: 54.4505s
	iters: 600, epoch: 2 | loss: 0.4601108
	speed: 0.0061s/iter; left time: 53.6931s
	iters: 700, epoch: 2 | loss: 0.5168420
	speed: 0.0063s/iter; left time: 54.9888s
	iters: 800, epoch: 2 | loss: 0.6372772
	speed: 0.0064s/iter; left time: 55.0145s
	iters: 900, epoch: 2 | loss: 0.7454639
	speed: 0.0063s/iter; left time: 54.0381s
	iters: 1000, epoch: 2 | loss: 0.2916808
	speed: 0.0062s/iter; left time: 52.4186s
Epoch: 2 cost time: 6.601256370544434
Epoch: 2, Steps: 1048 | Train Loss: 0.4659668 Vali Loss: 0.2986023
EarlyStopping counter: 1 out of 3
Updating learning rate to 5e-05
	iters: 100, epoch: 3 | loss: 0.3584879
	speed: 0.0186s/iter; left time: 154.4283s
	iters: 200, epoch: 3 | loss: 0.2793303
	speed: 0.0064s/iter; left time: 52.5412s
	iters: 300, epoch: 3 | loss: 0.5907349
	speed: 0.0065s/iter; left time: 52.3642s
	iters: 400, epoch: 3 | loss: 0.5964798
	speed: 0.0065s/iter; left time: 51.5623s
	iters: 500, epoch: 3 | loss: 0.5246853
	speed: 0.0062s/iter; left time: 48.5030s
	iters: 600, epoch: 3 | loss: 0.2748118
	speed: 0.0063s/iter; left time: 49.1438s
	iters: 700, epoch: 3 | loss: 0.6854255
	speed: 0.0065s/iter; left time: 50.2688s
	iters: 800, epoch: 3 | loss: 0.5762445
	speed: 0.0063s/iter; left time: 47.4413s
	iters: 900, epoch: 3 | loss: 0.5435055
	speed: 0.0063s/iter; left time: 47.4136s
	iters: 1000, epoch: 3 | loss: 0.2839174
	speed: 0.0064s/iter; left time: 46.9386s
Epoch: 3 cost time: 6.683575630187988
Epoch: 3, Steps: 1048 | Train Loss: 0.4374559 Vali Loss: 0.3070106
EarlyStopping counter: 2 out of 3
Updating learning rate to 2.5e-05
	iters: 100, epoch: 4 | loss: 0.3675394
	speed: 0.0185s/iter; left time: 134.1356s
	iters: 200, epoch: 4 | loss: 0.4011209
	speed: 0.0062s/iter; left time: 43.9571s
	iters: 300, epoch: 4 | loss: 0.4696393
	speed: 0.0062s/iter; left time: 43.7092s
	iters: 400, epoch: 4 | loss: 0.9722047
	speed: 0.0065s/iter; left time: 44.8444s
	iters: 500, epoch: 4 | loss: 0.4206650
	speed: 0.0068s/iter; left time: 46.2054s
	iters: 600, epoch: 4 | loss: 0.3799094
	speed: 0.0064s/iter; left time: 42.9018s
	iters: 700, epoch: 4 | loss: 0.3161830
	speed: 0.0061s/iter; left time: 40.5465s
	iters: 800, epoch: 4 | loss: 0.3437776
	speed: 0.0062s/iter; left time: 40.8257s
	iters: 900, epoch: 4 | loss: 0.2884229
	speed: 0.0063s/iter; left time: 40.8528s
	iters: 1000, epoch: 4 | loss: 0.4007172
	speed: 0.0063s/iter; left time: 39.7185s
Epoch: 4 cost time: 6.618062496185303
Epoch: 4, Steps: 1048 | Train Loss: 0.4258303 Vali Loss: 0.3080592
EarlyStopping counter: 3 out of 3
Early stopping
VALIDATION_RESULT {"best_epoch": 1, "best_mae": 0.3737449215127696, "best_mse": 0.29691117797505157, "epochs_ran": 4, "metric_version": "element_weighted_v1"}
>>>>>>>testing : long_term_forecast_itransformer_ettm2_sl336_pl720_s2023_iTransformer_ETTm2_ftM_sl336_ll48_pl720_dm128_nh8_el2_dl1_df128_expand2_dc4_fc3_ebtimeF_dtTrue_itransformer_ettm2_sl336_pl720_s2023_0<<<<<<<<<<<<<<<<<<<<<<<<<<<<<<<<<
test 10801
test shape: (10801, 720, 7) (10801, 720, 7)
test shape: (10801, 720, 7) (10801, 720, 7)
mse:0.3795901834964752, mae:0.39631155133247375, dtw:Not calculated
