Using GPU
Args in experiment:
[1mBasic Config[0m
  Task Name:          long_term_forecast  Is Training:        1                   
  Model ID:           itransformer_ettm2_sl336_pl336_s2023Model:              iTransformer        

[1mData Loader[0m
  Data:               ETTm2               Root Path:          /home/cwh/Time-Series-Library/dataset/ETT-small
  Data Path:          ETTm2.csv           Features:           M                   
  Target:             OT                  Freq:               t                   
  Checkpoints:        /home/cwh/Time-Series-Library/logs/q2_main_baselines_multiseed/checkpoints

[1mForecasting Task[0m
  Seq Len:            336                 Label Len:          48                  
  Pred Len:           336                 Seasonal Patterns:  Monthly             
  Inverse:            0                   

[1mModel Parameters[0m
  Top k:              5                   Num Kernels:        6                   
  Enc In:             7                   Dec In:             7                   
  C Out:              7                   d model:            128                 
  n heads:            8                   e layers:           2                   
  d layers:           1                   d FF:               128                 
  Moving Avg:         25                  Factor:             3                   
  Distil:             1                   Dropout:            0.1                 
  Embed:              timeF               Activation:         gelu                

[1mRun Parameters[0m
  Num Workers:        0                   Itr:                1                   
  Train Epochs:       10                  Batch Size:         32                  
  Patience:           3                   Learning Rate:      0.0001              
  Des:                itransformer_ettm2_sl336_pl336_s2023Loss:               MSE                 
  Lradj:              type1               Use Amp:            0                   

[1mGPU[0m
  Use GPU:            1                   GPU:                0                   
  Use Multi GPU:      0                   Devices:            0,1,2,3             

[1mDe-stationary Projector Params[0m
  P Hidden Dims:      128, 128            P Hidden Layers:    2                   

Use GPU: cuda:0
🚀 Lazy Loading: iTransformer ...
>>>>>>>start training : long_term_forecast_itransformer_ettm2_sl336_pl336_s2023_iTransformer_ETTm2_ftM_sl336_ll48_pl336_dm128_nh8_el2_dl1_df128_expand2_dc4_fc3_ebtimeF_dtTrue_itransformer_ettm2_sl336_pl336_s2023_0>>>>>>>>>>>>>>>>>>>>>>>>>>
train 33889
val 11185
	iters: 100, epoch: 1 | loss: 0.3022298
	speed: 0.0078s/iter; left time: 81.5583s
	iters: 200, epoch: 1 | loss: 0.6430224
	speed: 0.0060s/iter; left time: 62.6304s
	iters: 300, epoch: 1 | loss: 0.2255815
	speed: 0.0062s/iter; left time: 63.9764s
	iters: 400, epoch: 1 | loss: 0.3286414
	speed: 0.0061s/iter; left time: 61.7227s
	iters: 500, epoch: 1 | loss: 0.2497331
	speed: 0.0065s/iter; left time: 65.2371s
	iters: 600, epoch: 1 | loss: 0.5947791
	speed: 0.0062s/iter; left time: 61.6865s
	iters: 700, epoch: 1 | loss: 0.5489483
	speed: 0.0063s/iter; left time: 62.3608s
	iters: 800, epoch: 1 | loss: 0.2366595
	speed: 0.0061s/iter; left time: 60.1147s
	iters: 900, epoch: 1 | loss: 0.5297911
	speed: 0.0059s/iter; left time: 57.3349s
	iters: 1000, epoch: 1 | loss: 0.3950619
	speed: 0.0065s/iter; left time: 62.0480s
Epoch: 1 cost time: 6.728821277618408
Epoch: 1, Steps: 1060 | Train Loss: 0.4012750 Vali Loss: 0.2194673
Validation loss decreased (inf --> 0.219467).  Saving model ...
Updating learning rate to 0.0001
	iters: 100, epoch: 2 | loss: 0.2335459
	speed: 0.0188s/iter; left time: 177.7070s
	iters: 200, epoch: 2 | loss: 0.1720702
	speed: 0.0063s/iter; left time: 58.6497s
	iters: 300, epoch: 2 | loss: 0.2924149
	speed: 0.0061s/iter; left time: 56.5288s
	iters: 400, epoch: 2 | loss: 0.2009349
	speed: 0.0061s/iter; left time: 55.6538s
	iters: 500, epoch: 2 | loss: 0.4194760
	speed: 0.0061s/iter; left time: 54.7369s
	iters: 600, epoch: 2 | loss: 0.2136357
	speed: 0.0065s/iter; left time: 58.3095s
	iters: 700, epoch: 2 | loss: 0.4200655
	speed: 0.0065s/iter; left time: 57.4989s
	iters: 800, epoch: 2 | loss: 0.2321894
	speed: 0.0064s/iter; left time: 56.0801s
	iters: 900, epoch: 2 | loss: 0.3195689
	speed: 0.0065s/iter; left time: 56.0549s
	iters: 1000, epoch: 2 | loss: 0.3123480
	speed: 0.0066s/iter; left time: 56.2057s
Epoch: 2 cost time: 6.706884860992432
Epoch: 2, Steps: 1060 | Train Loss: 0.3385132 Vali Loss: 0.2229936
EarlyStopping counter: 1 out of 3
Updating learning rate to 5e-05
	iters: 100, epoch: 3 | loss: 0.2600291
	speed: 0.0188s/iter; left time: 157.9041s
	iters: 200, epoch: 3 | loss: 0.2750457
	speed: 0.0063s/iter; left time: 52.5458s
	iters: 300, epoch: 3 | loss: 0.4411714
	speed: 0.0064s/iter; left time: 52.0810s
	iters: 400, epoch: 3 | loss: 0.2852052
	speed: 0.0063s/iter; left time: 50.8686s
	iters: 500, epoch: 3 | loss: 0.3538639
	speed: 0.0063s/iter; left time: 50.1746s
	iters: 600, epoch: 3 | loss: 0.4118155
	speed: 0.0063s/iter; left time: 49.3115s
	iters: 700, epoch: 3 | loss: 0.2425645
	speed: 0.0062s/iter; left time: 48.5176s
	iters: 800, epoch: 3 | loss: 0.4684660
	speed: 0.0064s/iter; left time: 48.9060s
	iters: 900, epoch: 3 | loss: 0.3363622
	speed: 0.0063s/iter; left time: 47.5196s
	iters: 1000, epoch: 3 | loss: 0.4283404
	speed: 0.0061s/iter; left time: 45.9974s
Epoch: 3 cost time: 6.680145025253296
Epoch: 3, Steps: 1060 | Train Loss: 0.3078062 Vali Loss: 0.2236271
EarlyStopping counter: 2 out of 3
Updating learning rate to 2.5e-05
	iters: 100, epoch: 4 | loss: 0.3678824
	speed: 0.0184s/iter; left time: 134.6904s
	iters: 200, epoch: 4 | loss: 0.3731831
	speed: 0.0061s/iter; left time: 44.2200s
	iters: 300, epoch: 4 | loss: 0.3184907
	speed: 0.0065s/iter; left time: 46.2432s
	iters: 400, epoch: 4 | loss: 0.2751510
	speed: 0.0063s/iter; left time: 44.2276s
	iters: 500, epoch: 4 | loss: 0.4036800
	speed: 0.0061s/iter; left time: 42.4521s
	iters: 600, epoch: 4 | loss: 0.2746277
	speed: 0.0061s/iter; left time: 41.8300s
	iters: 700, epoch: 4 | loss: 0.2954291
	speed: 0.0060s/iter; left time: 40.4360s
	iters: 800, epoch: 4 | loss: 0.4201567
	speed: 0.0059s/iter; left time: 39.1469s
	iters: 900, epoch: 4 | loss: 0.3319162
	speed: 0.0062s/iter; left time: 40.1979s
	iters: 1000, epoch: 4 | loss: 0.1637667
	speed: 0.0064s/iter; left time: 41.1250s
Epoch: 4 cost time: 6.521586894989014
Epoch: 4, Steps: 1060 | Train Loss: 0.2960472 Vali Loss: 0.2232607
EarlyStopping counter: 3 out of 3
Early stopping
VALIDATION_RESULT {"best_epoch": 1, "best_mae": 0.32684684733163494, "best_mse": 0.2194672818286694, "epochs_ran": 4, "metric_version": "element_weighted_v1"}
>>>>>>>testing : long_term_forecast_itransformer_ettm2_sl336_pl336_s2023_iTransformer_ETTm2_ftM_sl336_ll48_pl336_dm128_nh8_el2_dl1_df128_expand2_dc4_fc3_ebtimeF_dtTrue_itransformer_ettm2_sl336_pl336_s2023_0<<<<<<<<<<<<<<<<<<<<<<<<<<<<<<<<<
test 11185
test shape: (11185, 336, 7) (11185, 336, 7)
test shape: (11185, 336, 7) (11185, 336, 7)
mse:0.30198848247528076, mae:0.34927642345428467, dtw:Not calculated
