Using GPU
Args in experiment:
[1mBasic Config[0m
  Task Name:          long_term_forecast  Is Training:        1                   
  Model ID:           msgnet_ettm1_sl336_pl720_s2023Model:              MSGNet              

[1mData Loader[0m
  Data:               ETTm1               Root Path:          /home/cwh/Time-Series-Library/dataset/ETT-small
  Data Path:          ETTm1.csv           Features:           M                   
  Target:             OT                  Freq:               t                   
  Checkpoints:        /home/cwh/Time-Series-Library/logs/q2_main_baselines_multiseed/checkpoints

[1mForecasting Task[0m
  Seq Len:            336                 Label Len:          48                  
  Pred Len:           720                 Seasonal Patterns:  Monthly             
  Inverse:            0                   

[1mModel Parameters[0m
  Top k:              3                   Num Kernels:        6                   
  Enc In:             7                   Dec In:             7                   
  C Out:              7                   d model:            32                  
  n heads:            4                   e layers:           1                   
  d layers:           1                   d FF:               32                  
  Moving Avg:         25                  Factor:             3                   
  Distil:             1                   Dropout:            0.1                 
  Embed:              timeF               Activation:         gelu                

[1mRun Parameters[0m
  Num Workers:        0                   Itr:                1                   
  Train Epochs:       10                  Batch Size:         32                  
  Patience:           3                   Learning Rate:      0.0001              
  Des:                msgnet_ettm1_sl336_pl720_s2023Loss:               MSE                 
  Lradj:              type1               Use Amp:            0                   

[1mGPU[0m
  Use GPU:            1                   GPU:                0                   
  Use Multi GPU:      0                   Devices:            0,1,2,3             

[1mDe-stationary Projector Params[0m
  P Hidden Dims:      128, 128            P Hidden Layers:    2                   

Use GPU: cuda:0
🚀 Lazy Loading: MSGNet ...
>>>>>>>start training : long_term_forecast_msgnet_ettm1_sl336_pl720_s2023_MSGNet_ETTm1_ftM_sl336_ll48_pl720_dm32_nh4_el1_dl1_df32_expand2_dc4_fc3_ebtimeF_dtTrue_msgnet_ettm1_sl336_pl720_s2023_0>>>>>>>>>>>>>>>>>>>>>>>>>>
train 33505
val 10801
	iters: 100, epoch: 1 | loss: 0.4405456
	speed: 0.0256s/iter; left time: 265.5325s
	iters: 200, epoch: 1 | loss: 0.5722726
	speed: 0.0213s/iter; left time: 218.7261s
	iters: 300, epoch: 1 | loss: 0.4525385
	speed: 0.0216s/iter; left time: 220.2072s
	iters: 400, epoch: 1 | loss: 0.3969920
	speed: 0.0215s/iter; left time: 216.3120s
	iters: 500, epoch: 1 | loss: 0.4406473
	speed: 0.0216s/iter; left time: 215.7846s
	iters: 600, epoch: 1 | loss: 0.3698823
	speed: 0.0216s/iter; left time: 213.3721s
	iters: 700, epoch: 1 | loss: 0.3935595
	speed: 0.0219s/iter; left time: 214.2026s
	iters: 800, epoch: 1 | loss: 0.4048463
	speed: 0.0216s/iter; left time: 209.0441s
	iters: 900, epoch: 1 | loss: 0.3879043
	speed: 0.0218s/iter; left time: 208.8040s
	iters: 1000, epoch: 1 | loss: 0.3224903
	speed: 0.0212s/iter; left time: 200.8961s
Epoch: 1 cost time: 23.007728576660156
Epoch: 1, Steps: 1048 | Train Loss: 0.4232741 Vali Loss: 0.9604019
Validation loss decreased (inf --> 0.960402).  Saving model ...
Updating learning rate to 0.0001
	iters: 100, epoch: 2 | loss: 0.3373923
	speed: 0.0644s/iter; left time: 601.3962s
	iters: 200, epoch: 2 | loss: 0.3401039
	speed: 0.0217s/iter; left time: 200.4193s
	iters: 300, epoch: 2 | loss: 0.3103180
	speed: 0.0218s/iter; left time: 199.3795s
	iters: 400, epoch: 2 | loss: 0.3707248
	speed: 0.0217s/iter; left time: 196.0557s
	iters: 500, epoch: 2 | loss: 0.3225868
	speed: 0.0216s/iter; left time: 193.0643s
	iters: 600, epoch: 2 | loss: 0.2765473
	speed: 0.0217s/iter; left time: 191.9024s
	iters: 700, epoch: 2 | loss: 0.3293684
	speed: 0.0217s/iter; left time: 189.8891s
	iters: 800, epoch: 2 | loss: 0.3354152
	speed: 0.0218s/iter; left time: 187.9635s
	iters: 900, epoch: 2 | loss: 0.3213510
	speed: 0.0218s/iter; left time: 185.9296s
	iters: 1000, epoch: 2 | loss: 0.3224438
	speed: 0.0214s/iter; left time: 180.3079s
Epoch: 2 cost time: 22.79644799232483
Epoch: 2, Steps: 1048 | Train Loss: 0.3382228 Vali Loss: 1.0299043
EarlyStopping counter: 1 out of 3
Updating learning rate to 5e-05
	iters: 100, epoch: 3 | loss: 0.2608505
	speed: 0.0636s/iter; left time: 526.9972s
	iters: 200, epoch: 3 | loss: 0.2645043
	speed: 0.0214s/iter; left time: 174.8474s
	iters: 300, epoch: 3 | loss: 0.3179318
	speed: 0.0219s/iter; left time: 177.1675s
	iters: 400, epoch: 3 | loss: 0.2706915
	speed: 0.0217s/iter; left time: 173.1497s
	iters: 500, epoch: 3 | loss: 0.2802972
	speed: 0.0223s/iter; left time: 175.9500s
	iters: 600, epoch: 3 | loss: 0.2577876
	speed: 0.0222s/iter; left time: 173.1674s
	iters: 700, epoch: 3 | loss: 0.2653727
	speed: 0.0220s/iter; left time: 168.7635s
	iters: 800, epoch: 3 | loss: 0.2613682
	speed: 0.0217s/iter; left time: 164.4334s
	iters: 900, epoch: 3 | loss: 0.2724395
	speed: 0.0217s/iter; left time: 162.2457s
	iters: 1000, epoch: 3 | loss: 0.2510422
	speed: 0.0220s/iter; left time: 162.1575s
Epoch: 3 cost time: 22.87773299217224
Epoch: 3, Steps: 1048 | Train Loss: 0.2823183 Vali Loss: 1.0737452
EarlyStopping counter: 2 out of 3
Updating learning rate to 2.5e-05
	iters: 100, epoch: 4 | loss: 0.2710032
	speed: 0.0635s/iter; left time: 459.3628s
	iters: 200, epoch: 4 | loss: 0.2339300
	speed: 0.0215s/iter; left time: 153.2218s
	iters: 300, epoch: 4 | loss: 0.2573605
	speed: 0.0213s/iter; left time: 150.1075s
	iters: 400, epoch: 4 | loss: 0.2521957
	speed: 0.0214s/iter; left time: 148.3141s
	iters: 500, epoch: 4 | loss: 0.2648316
	speed: 0.0220s/iter; left time: 150.2243s
	iters: 600, epoch: 4 | loss: 0.2465338
	speed: 0.0220s/iter; left time: 148.0334s
	iters: 700, epoch: 4 | loss: 0.2241824
	speed: 0.0216s/iter; left time: 143.2167s
	iters: 800, epoch: 4 | loss: 0.2332660
	speed: 0.0218s/iter; left time: 142.6770s
	iters: 900, epoch: 4 | loss: 0.2342025
	speed: 0.0220s/iter; left time: 141.7481s
	iters: 1000, epoch: 4 | loss: 0.2438616
	speed: 0.0218s/iter; left time: 137.8572s
Epoch: 4 cost time: 22.739503383636475
Epoch: 4, Steps: 1048 | Train Loss: 0.2541017 Vali Loss: 1.0981877
EarlyStopping counter: 3 out of 3
Early stopping
VALIDATION_RESULT {"best_epoch": 1, "best_mae": 0.6540092906238565, "best_mse": 0.960401949550343, "epochs_ran": 4, "metric_version": "element_weighted_v1"}
>>>>>>>testing : long_term_forecast_msgnet_ettm1_sl336_pl720_s2023_MSGNet_ETTm1_ftM_sl336_ll48_pl720_dm32_nh4_el1_dl1_df32_expand2_dc4_fc3_ebtimeF_dtTrue_msgnet_ettm1_sl336_pl720_s2023_0<<<<<<<<<<<<<<<<<<<<<<<<<<<<<<<<<
test 10801
test shape: (10801, 720, 7) (10801, 720, 7)
test shape: (10801, 720, 7) (10801, 720, 7)
mse:0.44312581419944763, mae:0.4471026062965393, dtw:Not calculated
