Using GPU
Args in experiment:
[1mBasic Config[0m
  Task Name:          long_term_forecast  Is Training:        1                   
  Model ID:           msgnet_ettm2_sl336_pl96_s2022Model:              MSGNet              

[1mData Loader[0m
  Data:               ETTm2               Root Path:          /home/cwh/Time-Series-Library/dataset/ETT-small
  Data Path:          ETTm2.csv           Features:           M                   
  Target:             OT                  Freq:               t                   
  Checkpoints:        /home/cwh/Time-Series-Library/logs/q2_main_baselines_multiseed/checkpoints

[1mForecasting Task[0m
  Seq Len:            336                 Label Len:          48                  
  Pred Len:           96                  Seasonal Patterns:  Monthly             
  Inverse:            0                   

[1mModel Parameters[0m
  Top k:              3                   Num Kernels:        6                   
  Enc In:             7                   Dec In:             7                   
  C Out:              7                   d model:            32                  
  n heads:            4                   e layers:           2                   
  d layers:           1                   d FF:               32                  
  Moving Avg:         25                  Factor:             3                   
  Distil:             1                   Dropout:            0.3                 
  Embed:              timeF               Activation:         gelu                

[1mRun Parameters[0m
  Num Workers:        0                   Itr:                1                   
  Train Epochs:       10                  Batch Size:         32                  
  Patience:           3                   Learning Rate:      0.0001              
  Des:                msgnet_ettm2_sl336_pl96_s2022Loss:               MSE                 
  Lradj:              type1               Use Amp:            0                   

[1mGPU[0m
  Use GPU:            1                   GPU:                0                   
  Use Multi GPU:      0                   Devices:            0,1,2,3             

[1mDe-stationary Projector Params[0m
  P Hidden Dims:      128, 128            P Hidden Layers:    2                   

Use GPU: cuda:0
🚀 Lazy Loading: MSGNet ...
>>>>>>>start training : long_term_forecast_msgnet_ettm2_sl336_pl96_s2022_MSGNet_ETTm2_ftM_sl336_ll48_pl96_dm32_nh4_el2_dl1_df32_expand2_dc4_fc3_ebtimeF_dtTrue_msgnet_ettm2_sl336_pl96_s2022_0>>>>>>>>>>>>>>>>>>>>>>>>>>
train 34129
val 11425
	iters: 100, epoch: 1 | loss: 0.2055904
	speed: 0.0470s/iter; left time: 496.5617s
	iters: 200, epoch: 1 | loss: 0.2064306
	speed: 0.0432s/iter; left time: 452.2312s
	iters: 300, epoch: 1 | loss: 0.4771176
	speed: 0.0432s/iter; left time: 447.6917s
	iters: 400, epoch: 1 | loss: 0.3433499
	speed: 0.0434s/iter; left time: 445.6063s
	iters: 500, epoch: 1 | loss: 0.1950556
	speed: 0.0433s/iter; left time: 440.4320s
	iters: 600, epoch: 1 | loss: 0.2791111
	speed: 0.0441s/iter; left time: 444.0740s
	iters: 700, epoch: 1 | loss: 0.2433475
	speed: 0.0444s/iter; left time: 442.4239s
	iters: 800, epoch: 1 | loss: 0.2750098
	speed: 0.0437s/iter; left time: 431.1920s
	iters: 900, epoch: 1 | loss: 0.1766006
	speed: 0.0438s/iter; left time: 428.0830s
	iters: 1000, epoch: 1 | loss: 0.2219190
	speed: 0.0437s/iter; left time: 422.5833s
Epoch: 1 cost time: 46.910892963409424
Epoch: 1, Steps: 1067 | Train Loss: 0.2602299 Vali Loss: 0.1376140
Validation loss decreased (inf --> 0.137614).  Saving model ...
Updating learning rate to 0.0001
	iters: 100, epoch: 2 | loss: 0.2327228
	speed: 0.1302s/iter; left time: 1237.3532s
	iters: 200, epoch: 2 | loss: 0.2195567
	speed: 0.0443s/iter; left time: 416.6763s
	iters: 300, epoch: 2 | loss: 0.1610805
	speed: 0.0439s/iter; left time: 408.1133s
	iters: 400, epoch: 2 | loss: 0.1308276
	speed: 0.0439s/iter; left time: 403.6122s
	iters: 500, epoch: 2 | loss: 0.3147989
	speed: 0.0435s/iter; left time: 396.3325s
	iters: 600, epoch: 2 | loss: 0.2080442
	speed: 0.0436s/iter; left time: 392.7988s
	iters: 700, epoch: 2 | loss: 0.1545038
	speed: 0.0440s/iter; left time: 391.8338s
	iters: 800, epoch: 2 | loss: 0.1583820
	speed: 0.0437s/iter; left time: 384.4846s
	iters: 900, epoch: 2 | loss: 0.1620526
	speed: 0.0441s/iter; left time: 383.6724s
	iters: 1000, epoch: 2 | loss: 0.2336343
	speed: 0.0446s/iter; left time: 383.5923s
Epoch: 2 cost time: 46.972660779953
Epoch: 2, Steps: 1067 | Train Loss: 0.2133855 Vali Loss: 0.1391402
EarlyStopping counter: 1 out of 3
Updating learning rate to 5e-05
	iters: 100, epoch: 3 | loss: 0.3704541
	speed: 0.1289s/iter; left time: 1087.5884s
	iters: 200, epoch: 3 | loss: 0.1717625
	speed: 0.0438s/iter; left time: 365.1423s
	iters: 300, epoch: 3 | loss: 0.1385738
	speed: 0.0440s/iter; left time: 362.6278s
	iters: 400, epoch: 3 | loss: 0.1916808
	speed: 0.0439s/iter; left time: 357.0922s
	iters: 500, epoch: 3 | loss: 0.2468738
	speed: 0.0442s/iter; left time: 355.2856s
	iters: 600, epoch: 3 | loss: 0.2180108
	speed: 0.0440s/iter; left time: 349.3945s
	iters: 700, epoch: 3 | loss: 0.1641943
	speed: 0.0437s/iter; left time: 342.1717s
	iters: 800, epoch: 3 | loss: 0.1285023
	speed: 0.0437s/iter; left time: 338.1625s
	iters: 900, epoch: 3 | loss: 0.3772211
	speed: 0.0433s/iter; left time: 330.8745s
	iters: 1000, epoch: 3 | loss: 0.1688890
	speed: 0.0437s/iter; left time: 329.0135s
Epoch: 3 cost time: 46.76871347427368
Epoch: 3, Steps: 1067 | Train Loss: 0.1935493 Vali Loss: 0.1396227
EarlyStopping counter: 2 out of 3
Updating learning rate to 2.5e-05
	iters: 100, epoch: 4 | loss: 0.1875689
	speed: 0.1272s/iter; left time: 937.1933s
	iters: 200, epoch: 4 | loss: 0.1298797
	speed: 0.0438s/iter; left time: 318.5962s
	iters: 300, epoch: 4 | loss: 0.1191020
	speed: 0.0436s/iter; left time: 312.6796s
	iters: 400, epoch: 4 | loss: 0.2437161
	speed: 0.0441s/iter; left time: 311.8259s
	iters: 500, epoch: 4 | loss: 0.1375490
	speed: 0.0441s/iter; left time: 307.4727s
	iters: 600, epoch: 4 | loss: 0.1744427
	speed: 0.0439s/iter; left time: 301.3330s
	iters: 700, epoch: 4 | loss: 0.1403120
	speed: 0.0440s/iter; left time: 297.7211s
	iters: 800, epoch: 4 | loss: 0.1470179
	speed: 0.0440s/iter; left time: 293.4627s
	iters: 900, epoch: 4 | loss: 0.1296264
	speed: 0.0434s/iter; left time: 285.2353s
	iters: 1000, epoch: 4 | loss: 0.1708530
	speed: 0.0437s/iter; left time: 283.0285s
Epoch: 4 cost time: 46.76798629760742
Epoch: 4, Steps: 1067 | Train Loss: 0.1830832 Vali Loss: 0.1407151
EarlyStopping counter: 3 out of 3
Early stopping
VALIDATION_RESULT {"best_epoch": 1, "best_mae": 0.2605531468808285, "best_mse": 0.137614018122852, "epochs_ran": 4, "metric_version": "element_weighted_v1"}
>>>>>>>testing : long_term_forecast_msgnet_ettm2_sl336_pl96_s2022_MSGNet_ETTm2_ftM_sl336_ll48_pl96_dm32_nh4_el2_dl1_df32_expand2_dc4_fc3_ebtimeF_dtTrue_msgnet_ettm2_sl336_pl96_s2022_0<<<<<<<<<<<<<<<<<<<<<<<<<<<<<<<<<
test 11425
test shape: (11425, 96, 7) (11425, 96, 7)
test shape: (11425, 96, 7) (11425, 96, 7)
mse:0.18851515650749207, mae:0.27467453479766846, dtw:Not calculated
