Using GPU
Args in experiment:
[1mBasic Config[0m
  Task Name:          long_term_forecast  Is Training:        1                   
  Model ID:           msgnet_etth2_sl336_pl720_s2023Model:              MSGNet              

[1mData Loader[0m
  Data:               ETTh2               Root Path:          /home/cwh/Time-Series-Library/dataset/ETT-small
  Data Path:          ETTh2.csv           Features:           M                   
  Target:             OT                  Freq:               h                   
  Checkpoints:        /home/cwh/Time-Series-Library/logs/q2_main_baselines_multiseed/checkpoints

[1mForecasting Task[0m
  Seq Len:            336                 Label Len:          48                  
  Pred Len:           720                 Seasonal Patterns:  Monthly             
  Inverse:            0                   

[1mModel Parameters[0m
  Top k:              5                   Num Kernels:        6                   
  Enc In:             7                   Dec In:             7                   
  C Out:              7                   d model:            16                  
  n heads:            4                   e layers:           2                   
  d layers:           1                   d FF:               32                  
  Moving Avg:         25                  Factor:             3                   
  Distil:             1                   Dropout:            0.1                 
  Embed:              timeF               Activation:         gelu                

[1mRun Parameters[0m
  Num Workers:        0                   Itr:                1                   
  Train Epochs:       10                  Batch Size:         32                  
  Patience:           3                   Learning Rate:      0.0001              
  Des:                msgnet_etth2_sl336_pl720_s2023Loss:               MSE                 
  Lradj:              type1               Use Amp:            0                   

[1mGPU[0m
  Use GPU:            1                   GPU:                0                   
  Use Multi GPU:      0                   Devices:            0,1,2,3             

[1mDe-stationary Projector Params[0m
  P Hidden Dims:      128, 128            P Hidden Layers:    2                   

Use GPU: cuda:0
🚀 Lazy Loading: MSGNet ...
>>>>>>>start training : long_term_forecast_msgnet_etth2_sl336_pl720_s2023_MSGNet_ETTh2_ftM_sl336_ll48_pl720_dm16_nh4_el2_dl1_df32_expand2_dc4_fc3_ebtimeF_dtTrue_msgnet_etth2_sl336_pl720_s2023_0>>>>>>>>>>>>>>>>>>>>>>>>>>
train 7585
val 2161
	iters: 100, epoch: 1 | loss: 0.7159465
	speed: 0.0628s/iter; left time: 143.2572s
	iters: 200, epoch: 1 | loss: 0.6332580
	speed: 0.0598s/iter; left time: 130.4100s
Epoch: 1 cost time: 14.571496486663818
Epoch: 1, Steps: 238 | Train Loss: 0.7476746 Vali Loss: 0.6641838
Validation loss decreased (inf --> 0.664184).  Saving model ...
Updating learning rate to 0.0001
	iters: 100, epoch: 2 | loss: 0.4362996
	speed: 0.0987s/iter; left time: 201.5423s
	iters: 200, epoch: 2 | loss: 0.4197343
	speed: 0.0589s/iter; left time: 114.4405s
Epoch: 2 cost time: 13.98050045967102
Epoch: 2, Steps: 238 | Train Loss: 0.6086694 Vali Loss: 0.7413177
EarlyStopping counter: 1 out of 3
Updating learning rate to 5e-05
	iters: 100, epoch: 3 | loss: 0.5142186
	speed: 0.0971s/iter; left time: 175.2469s
	iters: 200, epoch: 3 | loss: 0.3717634
	speed: 0.0591s/iter; left time: 100.7022s
Epoch: 3 cost time: 13.954600811004639
Epoch: 3, Steps: 238 | Train Loss: 0.5402001 Vali Loss: 0.7341350
EarlyStopping counter: 2 out of 3
Updating learning rate to 2.5e-05
	iters: 100, epoch: 4 | loss: 0.4502251
	speed: 0.0967s/iter; left time: 151.5748s
	iters: 200, epoch: 4 | loss: 0.3920051
	speed: 0.0588s/iter; left time: 86.2964s
Epoch: 4 cost time: 13.933639287948608
Epoch: 4, Steps: 238 | Train Loss: 0.5093488 Vali Loss: 0.7336595
EarlyStopping counter: 3 out of 3
Early stopping
VALIDATION_RESULT {"best_epoch": 1, "best_mae": 0.5856726130796295, "best_mse": 0.6641838377633031, "epochs_ran": 4, "metric_version": "element_weighted_v1"}
>>>>>>>testing : long_term_forecast_msgnet_etth2_sl336_pl720_s2023_MSGNet_ETTh2_ftM_sl336_ll48_pl720_dm16_nh4_el2_dl1_df32_expand2_dc4_fc3_ebtimeF_dtTrue_msgnet_etth2_sl336_pl720_s2023_0<<<<<<<<<<<<<<<<<<<<<<<<<<<<<<<<<
test 2161
test shape: (2161, 720, 7) (2161, 720, 7)
test shape: (2161, 720, 7) (2161, 720, 7)
mse:0.4289197325706482, mae:0.4601559638977051, dtw:Not calculated
