Using GPU
Args in experiment:
[1mBasic Config[0m
  Task Name:          long_term_forecast  Is Training:        1                   
  Model ID:           msgnet_weather_sl336_pl96_s2023Model:              MSGNet              

[1mData Loader[0m
  Data:               custom              Root Path:          /home/cwh/Time-Series-Library/dataset/weather
  Data Path:          weather.csv         Features:           M                   
  Target:             CO2 (ppm)           Freq:               t                   
  Checkpoints:        /home/cwh/Time-Series-Library/logs/q2_main_baselines_multiseed/checkpoints

[1mForecasting Task[0m
  Seq Len:            336                 Label Len:          48                  
  Pred Len:           96                  Seasonal Patterns:  Monthly             
  Inverse:            0                   

[1mModel Parameters[0m
  Top k:              5                   Num Kernels:        6                   
  Enc In:             21                  Dec In:             21                  
  C Out:              21                  d model:            64                  
  n heads:            4                   e layers:           2                   
  d layers:           1                   d FF:               128                 
  Moving Avg:         25                  Factor:             3                   
  Distil:             1                   Dropout:            0.1                 
  Embed:              timeF               Activation:         gelu                

[1mRun Parameters[0m
  Num Workers:        0                   Itr:                1                   
  Train Epochs:       3                   Batch Size:         32                  
  Patience:           3                   Learning Rate:      0.0001              
  Des:                msgnet_weather_sl336_pl96_s2023Loss:               MSE                 
  Lradj:              type1               Use Amp:            0                   

[1mGPU[0m
  Use GPU:            1                   GPU:                0                   
  Use Multi GPU:      0                   Devices:            0,1,2,3             

[1mDe-stationary Projector Params[0m
  P Hidden Dims:      128, 128            P Hidden Layers:    2                   

Use GPU: cuda:0
🚀 Lazy Loading: MSGNet ...
>>>>>>>start training : long_term_forecast_msgnet_weather_sl336_pl96_s2023_MSGNet_custom_ftM_sl336_ll48_pl96_dm64_nh4_el2_dl1_df128_expand2_dc4_fc3_ebtimeF_dtTrue_msgnet_weather_sl336_pl96_s2023_0>>>>>>>>>>>>>>>>>>>>>>>>>>
train 36456
val 5175
	iters: 100, epoch: 1 | loss: 0.4379874
	speed: 0.1155s/iter; left time: 383.5350s
	iters: 200, epoch: 1 | loss: 0.4211242
	speed: 0.1096s/iter; left time: 353.0451s
	iters: 300, epoch: 1 | loss: 0.3998218
	speed: 0.1086s/iter; left time: 339.0176s
	iters: 400, epoch: 1 | loss: 0.2982146
	speed: 0.1087s/iter; left time: 328.3966s
	iters: 500, epoch: 1 | loss: 1.2471972
	speed: 0.1097s/iter; left time: 320.4755s
	iters: 600, epoch: 1 | loss: 0.2760463
	speed: 0.1100s/iter; left time: 310.1727s
	iters: 700, epoch: 1 | loss: 0.2535784
	speed: 0.1091s/iter; left time: 296.8285s
	iters: 800, epoch: 1 | loss: 0.2267345
	speed: 0.1091s/iter; left time: 285.9283s
	iters: 900, epoch: 1 | loss: 0.4580113
	speed: 0.1091s/iter; left time: 274.9473s
	iters: 1000, epoch: 1 | loss: 0.2469638
	speed: 0.1090s/iter; left time: 263.8237s
	iters: 1100, epoch: 1 | loss: 0.3299597
	speed: 0.1102s/iter; left time: 255.8179s
Epoch: 1 cost time: 125.31638312339783
Epoch: 1, Steps: 1140 | Train Loss: 0.4260659 Vali Loss: 0.4087350
Validation loss decreased (inf --> 0.408735).  Saving model ...
Updating learning rate to 0.0001
	iters: 100, epoch: 2 | loss: 0.2428916
	speed: 0.2032s/iter; left time: 443.1733s
	iters: 200, epoch: 2 | loss: 0.4294488
	speed: 0.1098s/iter; left time: 228.4950s
	iters: 300, epoch: 2 | loss: 0.3797113
	speed: 0.1100s/iter; left time: 217.9546s
	iters: 400, epoch: 2 | loss: 0.4260807
	speed: 0.1104s/iter; left time: 207.6230s
	iters: 500, epoch: 2 | loss: 0.1754902
	speed: 0.1101s/iter; left time: 196.1383s
	iters: 600, epoch: 2 | loss: 0.2767626
	speed: 0.1097s/iter; left time: 184.4572s
	iters: 700, epoch: 2 | loss: 0.2095640
	speed: 0.1103s/iter; left time: 174.4026s
	iters: 800, epoch: 2 | loss: 0.2074867
	speed: 0.1091s/iter; left time: 161.6114s
	iters: 900, epoch: 2 | loss: 0.4276412
	speed: 0.1108s/iter; left time: 153.0046s
	iters: 1000, epoch: 2 | loss: 0.3246066
	speed: 0.1097s/iter; left time: 140.4701s
	iters: 1100, epoch: 2 | loss: 0.4336097
	speed: 0.1096s/iter; left time: 129.4935s
Epoch: 2 cost time: 125.18461179733276
Epoch: 2, Steps: 1140 | Train Loss: 0.3551829 Vali Loss: 0.4298846
EarlyStopping counter: 1 out of 3
Updating learning rate to 5e-05
	iters: 100, epoch: 3 | loss: 0.1713606
	speed: 0.2015s/iter; left time: 209.7730s
	iters: 200, epoch: 3 | loss: 0.3629090
	speed: 0.1095s/iter; left time: 103.0620s
	iters: 300, epoch: 3 | loss: 0.2264435
	speed: 0.1102s/iter; left time: 92.7127s
	iters: 400, epoch: 3 | loss: 0.2850748
	speed: 0.1098s/iter; left time: 81.3811s
	iters: 500, epoch: 3 | loss: 0.2417354
	speed: 0.1106s/iter; left time: 70.9248s
	iters: 600, epoch: 3 | loss: 0.2703303
	speed: 0.1100s/iter; left time: 59.5365s
	iters: 700, epoch: 3 | loss: 0.2354979
	speed: 0.1102s/iter; left time: 48.6180s
	iters: 800, epoch: 3 | loss: 0.2660332
	speed: 0.1095s/iter; left time: 37.3300s
	iters: 900, epoch: 3 | loss: 0.2376498
	speed: 0.1094s/iter; left time: 26.3625s
	iters: 1000, epoch: 3 | loss: 1.2171826
	speed: 0.1097s/iter; left time: 15.4652s
	iters: 1100, epoch: 3 | loss: 0.1821933
	speed: 0.1093s/iter; left time: 4.4811s
Epoch: 3 cost time: 125.16360449790955
Epoch: 3, Steps: 1140 | Train Loss: 0.3149446 Vali Loss: 0.4507307
EarlyStopping counter: 2 out of 3
Updating learning rate to 2.5e-05
VALIDATION_RESULT {"best_epoch": 1, "best_mae": 0.29552796697225336, "best_mse": 0.4087350232896789, "epochs_ran": 3, "metric_version": "element_weighted_v1"}
>>>>>>>testing : long_term_forecast_msgnet_weather_sl336_pl96_s2023_MSGNet_custom_ftM_sl336_ll48_pl96_dm64_nh4_el2_dl1_df128_expand2_dc4_fc3_ebtimeF_dtTrue_msgnet_weather_sl336_pl96_s2023_0<<<<<<<<<<<<<<<<<<<<<<<<<<<<<<<<<
test 10444
test shape: (10444, 96, 21) (10444, 96, 21)
test shape: (10444, 96, 21) (10444, 96, 21)
mse:0.1619204729795456, mae:0.21998369693756104, dtw:Not calculated
