Using GPU
Args in experiment:
[1mBasic Config[0m
  Task Name:          long_term_forecast  Is Training:        1                   
  Model ID:           msgnet_ettm2_sl336_pl720_s2023Model:              MSGNet              

[1mData Loader[0m
  Data:               ETTm2               Root Path:          /home/cwh/Time-Series-Library/dataset/ETT-small
  Data Path:          ETTm2.csv           Features:           M                   
  Target:             OT                  Freq:               t                   
  Checkpoints:        /home/cwh/Time-Series-Library/logs/q2_main_baselines_multiseed/checkpoints

[1mForecasting Task[0m
  Seq Len:            336                 Label Len:          48                  
  Pred Len:           720                 Seasonal Patterns:  Monthly             
  Inverse:            0                   

[1mModel Parameters[0m
  Top k:              3                   Num Kernels:        6                   
  Enc In:             7                   Dec In:             7                   
  C Out:              7                   d model:            32                  
  n heads:            4                   e layers:           2                   
  d layers:           1                   d FF:               64                  
  Moving Avg:         25                  Factor:             3                   
  Distil:             1                   Dropout:            0.3                 
  Embed:              timeF               Activation:         gelu                

[1mRun Parameters[0m
  Num Workers:        0                   Itr:                1                   
  Train Epochs:       10                  Batch Size:         32                  
  Patience:           3                   Learning Rate:      0.0001              
  Des:                msgnet_ettm2_sl336_pl720_s2023Loss:               MSE                 
  Lradj:              type1               Use Amp:            0                   

[1mGPU[0m
  Use GPU:            1                   GPU:                0                   
  Use Multi GPU:      0                   Devices:            0,1,2,3             

[1mDe-stationary Projector Params[0m
  P Hidden Dims:      128, 128            P Hidden Layers:    2                   

Use GPU: cuda:0
🚀 Lazy Loading: MSGNet ...
>>>>>>>start training : long_term_forecast_msgnet_ettm2_sl336_pl720_s2023_MSGNet_ETTm2_ftM_sl336_ll48_pl720_dm32_nh4_el2_dl1_df64_expand2_dc4_fc3_ebtimeF_dtTrue_msgnet_ettm2_sl336_pl720_s2023_0>>>>>>>>>>>>>>>>>>>>>>>>>>
train 33505
val 10801
	iters: 100, epoch: 1 | loss: 0.4579130
	speed: 0.0490s/iter; left time: 508.5988s
	iters: 200, epoch: 1 | loss: 0.5440620
	speed: 0.0462s/iter; left time: 474.6618s
	iters: 300, epoch: 1 | loss: 0.4977967
	speed: 0.0446s/iter; left time: 453.9029s
	iters: 400, epoch: 1 | loss: 0.4089184
	speed: 0.0441s/iter; left time: 444.2669s
	iters: 500, epoch: 1 | loss: 0.4939784
	speed: 0.0440s/iter; left time: 438.8420s
	iters: 600, epoch: 1 | loss: 0.2781908
	speed: 0.0444s/iter; left time: 438.4654s
	iters: 700, epoch: 1 | loss: 0.8325792
	speed: 0.0443s/iter; left time: 433.3669s
	iters: 800, epoch: 1 | loss: 0.3763291
	speed: 0.0444s/iter; left time: 429.3706s
	iters: 900, epoch: 1 | loss: 0.7420855
	speed: 0.0444s/iter; left time: 425.0653s
	iters: 1000, epoch: 1 | loss: 0.4664799
	speed: 0.0440s/iter; left time: 417.5431s
Epoch: 1 cost time: 47.056050062179565
Epoch: 1, Steps: 1048 | Train Loss: 0.4745992 Vali Loss: 0.2991130
Validation loss decreased (inf --> 0.299113).  Saving model ...
Updating learning rate to 0.0001
	iters: 100, epoch: 2 | loss: 0.3114845
	speed: 0.1213s/iter; left time: 1131.7159s
	iters: 200, epoch: 2 | loss: 0.3451618
	speed: 0.0440s/iter; left time: 406.1282s
	iters: 300, epoch: 2 | loss: 0.2391573
	speed: 0.0439s/iter; left time: 401.0110s
	iters: 400, epoch: 2 | loss: 0.4059493
	speed: 0.0440s/iter; left time: 397.3672s
	iters: 500, epoch: 2 | loss: 0.3991945
	speed: 0.0442s/iter; left time: 394.4121s
	iters: 600, epoch: 2 | loss: 0.5467018
	speed: 0.0444s/iter; left time: 392.1819s
	iters: 700, epoch: 2 | loss: 0.2804615
	speed: 0.0454s/iter; left time: 396.7652s
	iters: 800, epoch: 2 | loss: 0.2581840
	speed: 0.0443s/iter; left time: 382.4074s
	iters: 900, epoch: 2 | loss: 0.2784196
	speed: 0.0439s/iter; left time: 374.6949s
	iters: 1000, epoch: 2 | loss: 0.2212912
	speed: 0.0447s/iter; left time: 376.7561s
Epoch: 2 cost time: 46.34489631652832
Epoch: 2, Steps: 1048 | Train Loss: 0.3860300 Vali Loss: 0.2903382
Validation loss decreased (0.299113 --> 0.290338).  Saving model ...
Updating learning rate to 5e-05
	iters: 100, epoch: 3 | loss: 0.4787524
	speed: 0.1223s/iter; left time: 1013.6371s
	iters: 200, epoch: 3 | loss: 0.3188316
	speed: 0.0441s/iter; left time: 361.0144s
	iters: 300, epoch: 3 | loss: 0.4207252
	speed: 0.0442s/iter; left time: 357.2627s
	iters: 400, epoch: 3 | loss: 0.3934188
	speed: 0.0441s/iter; left time: 351.7825s
	iters: 500, epoch: 3 | loss: 0.3462898
	speed: 0.0443s/iter; left time: 349.1714s
	iters: 600, epoch: 3 | loss: 0.3845424
	speed: 0.0443s/iter; left time: 344.8900s
	iters: 700, epoch: 3 | loss: 0.3033868
	speed: 0.0449s/iter; left time: 344.8674s
	iters: 800, epoch: 3 | loss: 0.4670976
	speed: 0.0444s/iter; left time: 336.6249s
	iters: 900, epoch: 3 | loss: 0.2627732
	speed: 0.0442s/iter; left time: 330.9149s
	iters: 1000, epoch: 3 | loss: 0.2710121
	speed: 0.0443s/iter; left time: 327.3032s
Epoch: 3 cost time: 46.47976040840149
Epoch: 3, Steps: 1048 | Train Loss: 0.3418655 Vali Loss: 0.3006819
EarlyStopping counter: 1 out of 3
Updating learning rate to 2.5e-05
	iters: 100, epoch: 4 | loss: 0.2872517
	speed: 0.1191s/iter; left time: 862.2350s
	iters: 200, epoch: 4 | loss: 0.3527043
	speed: 0.0441s/iter; left time: 314.6504s
	iters: 300, epoch: 4 | loss: 0.2702932
	speed: 0.0447s/iter; left time: 314.6853s
	iters: 400, epoch: 4 | loss: 0.3748659
	speed: 0.0441s/iter; left time: 306.0553s
	iters: 500, epoch: 4 | loss: 0.3916363
	speed: 0.0441s/iter; left time: 301.3864s
	iters: 600, epoch: 4 | loss: 0.3502373
	speed: 0.0447s/iter; left time: 301.0211s
	iters: 700, epoch: 4 | loss: 0.2980562
	speed: 0.0632s/iter; left time: 419.7234s
	iters: 800, epoch: 4 | loss: 0.2610736
	speed: 0.0444s/iter; left time: 290.5140s
	iters: 900, epoch: 4 | loss: 0.2449163
	speed: 0.0444s/iter; left time: 285.5503s
	iters: 1000, epoch: 4 | loss: 0.2094146
	speed: 0.0438s/iter; left time: 277.3928s
Epoch: 4 cost time: 48.279130935668945
Epoch: 4, Steps: 1048 | Train Loss: 0.3177763 Vali Loss: 0.3043448
EarlyStopping counter: 2 out of 3
Updating learning rate to 1.25e-05
	iters: 100, epoch: 5 | loss: 0.1938372
	speed: 0.1201s/iter; left time: 743.4339s
	iters: 200, epoch: 5 | loss: 0.2144293
	speed: 0.0443s/iter; left time: 269.4702s
	iters: 300, epoch: 5 | loss: 0.3479341
	speed: 0.0450s/iter; left time: 269.5793s
	iters: 400, epoch: 5 | loss: 0.4068171
	speed: 0.0454s/iter; left time: 267.3587s
	iters: 500, epoch: 5 | loss: 0.2475977
	speed: 0.0445s/iter; left time: 257.6728s
	iters: 600, epoch: 5 | loss: 0.3714040
	speed: 0.0448s/iter; left time: 254.9197s
	iters: 700, epoch: 5 | loss: 0.2181271
	speed: 0.0446s/iter; left time: 249.3571s
	iters: 800, epoch: 5 | loss: 0.2163149
	speed: 0.0440s/iter; left time: 241.6830s
	iters: 900, epoch: 5 | loss: 0.4892293
	speed: 0.0448s/iter; left time: 241.4707s
	iters: 1000, epoch: 5 | loss: 0.1891526
	speed: 0.0442s/iter; left time: 233.7991s
Epoch: 5 cost time: 46.68624186515808
Epoch: 5, Steps: 1048 | Train Loss: 0.3073885 Vali Loss: 0.3053915
EarlyStopping counter: 3 out of 3
Early stopping
VALIDATION_RESULT {"best_epoch": 2, "best_mae": 0.3719571852524494, "best_mse": 0.2903381928979331, "epochs_ran": 5, "metric_version": "element_weighted_v1"}
>>>>>>>testing : long_term_forecast_msgnet_ettm2_sl336_pl720_s2023_MSGNet_ETTm2_ftM_sl336_ll48_pl720_dm32_nh4_el2_dl1_df64_expand2_dc4_fc3_ebtimeF_dtTrue_msgnet_ettm2_sl336_pl720_s2023_0<<<<<<<<<<<<<<<<<<<<<<<<<<<<<<<<<
test 10801
test shape: (10801, 720, 7) (10801, 720, 7)
test shape: (10801, 720, 7) (10801, 720, 7)
mse:0.41111212968826294, mae:0.40994006395339966, dtw:Not calculated
