Using GPU
Args in experiment:
[1mBasic Config[0m
  Task Name:          long_term_forecast  Is Training:        1                   
  Model ID:           msgnet_ettm1_sl336_pl96_s2022Model:              MSGNet              

[1mData Loader[0m
  Data:               ETTm1               Root Path:          /home/cwh/Time-Series-Library/dataset/ETT-small
  Data Path:          ETTm1.csv           Features:           M                   
  Target:             OT                  Freq:               t                   
  Checkpoints:        /home/cwh/Time-Series-Library/logs/q2_main_baselines_multiseed/checkpoints

[1mForecasting Task[0m
  Seq Len:            336                 Label Len:          48                  
  Pred Len:           96                  Seasonal Patterns:  Monthly             
  Inverse:            0                   

[1mModel Parameters[0m
  Top k:              3                   Num Kernels:        6                   
  Enc In:             7                   Dec In:             7                   
  C Out:              7                   d model:            32                  
  n heads:            4                   e layers:           1                   
  d layers:           1                   d FF:               32                  
  Moving Avg:         25                  Factor:             3                   
  Distil:             1                   Dropout:            0.1                 
  Embed:              timeF               Activation:         gelu                

[1mRun Parameters[0m
  Num Workers:        0                   Itr:                1                   
  Train Epochs:       10                  Batch Size:         32                  
  Patience:           3                   Learning Rate:      0.0001              
  Des:                msgnet_ettm1_sl336_pl96_s2022Loss:               MSE                 
  Lradj:              type1               Use Amp:            0                   

[1mGPU[0m
  Use GPU:            1                   GPU:                0                   
  Use Multi GPU:      0                   Devices:            0,1,2,3             

[1mDe-stationary Projector Params[0m
  P Hidden Dims:      128, 128            P Hidden Layers:    2                   

Use GPU: cuda:0
🚀 Lazy Loading: MSGNet ...
>>>>>>>start training : long_term_forecast_msgnet_ettm1_sl336_pl96_s2022_MSGNet_ETTm1_ftM_sl336_ll48_pl96_dm32_nh4_el1_dl1_df32_expand2_dc4_fc3_ebtimeF_dtTrue_msgnet_ettm1_sl336_pl96_s2022_0>>>>>>>>>>>>>>>>>>>>>>>>>>
train 34129
val 11425
	iters: 100, epoch: 1 | loss: 0.3551296
	speed: 0.0264s/iter; left time: 279.3528s
	iters: 200, epoch: 1 | loss: 0.2764636
	speed: 0.0229s/iter; left time: 240.1919s
	iters: 300, epoch: 1 | loss: 0.2451211
	speed: 0.0228s/iter; left time: 236.6775s
	iters: 400, epoch: 1 | loss: 0.2643668
	speed: 0.0228s/iter; left time: 234.4804s
	iters: 500, epoch: 1 | loss: 0.2913924
	speed: 0.0227s/iter; left time: 230.6884s
	iters: 600, epoch: 1 | loss: 0.2190665
	speed: 0.0227s/iter; left time: 228.6030s
	iters: 700, epoch: 1 | loss: 0.2624063
	speed: 0.0228s/iter; left time: 227.1393s
	iters: 800, epoch: 1 | loss: 0.2588094
	speed: 0.0226s/iter; left time: 222.8882s
	iters: 900, epoch: 1 | loss: 0.2371846
	speed: 0.0226s/iter; left time: 220.4948s
	iters: 1000, epoch: 1 | loss: 0.2359372
	speed: 0.0224s/iter; left time: 216.4076s
Epoch: 1 cost time: 24.624499082565308
Epoch: 1, Steps: 1067 | Train Loss: 0.2782474 Vali Loss: 0.4044260
Validation loss decreased (inf --> 0.404426).  Saving model ...
Updating learning rate to 0.0001
	iters: 100, epoch: 2 | loss: 0.2688563
	speed: 0.0681s/iter; left time: 647.1152s
	iters: 200, epoch: 2 | loss: 0.2222506
	speed: 0.0228s/iter; left time: 214.2139s
	iters: 300, epoch: 2 | loss: 0.2183040
	speed: 0.0223s/iter; left time: 207.3330s
	iters: 400, epoch: 2 | loss: 0.2031980
	speed: 0.0225s/iter; left time: 207.3015s
	iters: 500, epoch: 2 | loss: 0.1669463
	speed: 0.0225s/iter; left time: 205.1483s
	iters: 600, epoch: 2 | loss: 0.2229194
	speed: 0.0228s/iter; left time: 204.8415s
	iters: 700, epoch: 2 | loss: 0.2081154
	speed: 0.0226s/iter; left time: 200.8311s
	iters: 800, epoch: 2 | loss: 0.1864284
	speed: 0.0224s/iter; left time: 197.4126s
	iters: 900, epoch: 2 | loss: 0.1966144
	speed: 0.0226s/iter; left time: 196.9245s
	iters: 1000, epoch: 2 | loss: 0.1697928
	speed: 0.0230s/iter; left time: 198.2721s
Epoch: 2 cost time: 24.111791849136353
Epoch: 2, Steps: 1067 | Train Loss: 0.2053718 Vali Loss: 0.4125629
EarlyStopping counter: 1 out of 3
Updating learning rate to 5e-05
	iters: 100, epoch: 3 | loss: 0.1685886
	speed: 0.0676s/iter; left time: 570.4011s
	iters: 200, epoch: 3 | loss: 0.1843614
	speed: 0.0228s/iter; left time: 189.6668s
	iters: 300, epoch: 3 | loss: 0.1645837
	speed: 0.0226s/iter; left time: 185.9881s
	iters: 400, epoch: 3 | loss: 0.1629572
	speed: 0.0226s/iter; left time: 184.1531s
	iters: 500, epoch: 3 | loss: 0.1721268
	speed: 0.0230s/iter; left time: 184.7097s
	iters: 600, epoch: 3 | loss: 0.1431796
	speed: 0.0229s/iter; left time: 182.1443s
	iters: 700, epoch: 3 | loss: 0.1596324
	speed: 0.0227s/iter; left time: 178.2324s
	iters: 800, epoch: 3 | loss: 0.1320603
	speed: 0.0228s/iter; left time: 176.5068s
	iters: 900, epoch: 3 | loss: 0.1274728
	speed: 0.0226s/iter; left time: 172.3422s
	iters: 1000, epoch: 3 | loss: 0.1617693
	speed: 0.0225s/iter; left time: 169.3612s
Epoch: 3 cost time: 24.25153112411499
Epoch: 3, Steps: 1067 | Train Loss: 0.1597505 Vali Loss: 0.4394381
EarlyStopping counter: 2 out of 3
Updating learning rate to 2.5e-05
	iters: 100, epoch: 4 | loss: 0.1453516
	speed: 0.0691s/iter; left time: 509.3841s
	iters: 200, epoch: 4 | loss: 0.1379385
	speed: 0.0229s/iter; left time: 166.7132s
	iters: 300, epoch: 4 | loss: 0.1369006
	speed: 0.0230s/iter; left time: 165.1373s
	iters: 400, epoch: 4 | loss: 0.1392704
	speed: 0.0229s/iter; left time: 161.9769s
	iters: 500, epoch: 4 | loss: 0.1311568
	speed: 0.0227s/iter; left time: 158.1067s
	iters: 600, epoch: 4 | loss: 0.1342583
	speed: 0.0228s/iter; left time: 156.6771s
	iters: 700, epoch: 4 | loss: 0.1236144
	speed: 0.0227s/iter; left time: 153.5591s
	iters: 800, epoch: 4 | loss: 0.1400934
	speed: 0.0230s/iter; left time: 153.2653s
	iters: 900, epoch: 4 | loss: 0.1509862
	speed: 0.0230s/iter; left time: 150.7902s
	iters: 1000, epoch: 4 | loss: 0.1247859
	speed: 0.0229s/iter; left time: 147.9000s
Epoch: 4 cost time: 24.418044328689575
Epoch: 4, Steps: 1067 | Train Loss: 0.1387199 Vali Loss: 0.4390878
EarlyStopping counter: 3 out of 3
Early stopping
VALIDATION_RESULT {"best_epoch": 1, "best_mae": 0.42577135013517914, "best_mse": 0.40442600397314893, "epochs_ran": 4, "metric_version": "element_weighted_v1"}
>>>>>>>testing : long_term_forecast_msgnet_ettm1_sl336_pl96_s2022_MSGNet_ETTm1_ftM_sl336_ll48_pl96_dm32_nh4_el1_dl1_df32_expand2_dc4_fc3_ebtimeF_dtTrue_msgnet_ettm1_sl336_pl96_s2022_0<<<<<<<<<<<<<<<<<<<<<<<<<<<<<<<<<
test 11425
test shape: (11425, 96, 7) (11425, 96, 7)
test shape: (11425, 96, 7) (11425, 96, 7)
mse:0.30550891160964966, mae:0.36256033182144165, dtw:Not calculated
