Using GPU
Args in experiment:
[1mBasic Config[0m
  Task Name:          long_term_forecast  Is Training:        1                   
  Model ID:           msgnet_ettm2_sl336_pl96_s2023Model:              MSGNet              

[1mData Loader[0m
  Data:               ETTm2               Root Path:          /home/cwh/Time-Series-Library/dataset/ETT-small
  Data Path:          ETTm2.csv           Features:           M                   
  Target:             OT                  Freq:               t                   
  Checkpoints:        /home/cwh/Time-Series-Library/logs/q2_main_baselines_multiseed/checkpoints

[1mForecasting Task[0m
  Seq Len:            336                 Label Len:          48                  
  Pred Len:           96                  Seasonal Patterns:  Monthly             
  Inverse:            0                   

[1mModel Parameters[0m
  Top k:              3                   Num Kernels:        6                   
  Enc In:             7                   Dec In:             7                   
  C Out:              7                   d model:            32                  
  n heads:            4                   e layers:           2                   
  d layers:           1                   d FF:               32                  
  Moving Avg:         25                  Factor:             3                   
  Distil:             1                   Dropout:            0.3                 
  Embed:              timeF               Activation:         gelu                

[1mRun Parameters[0m
  Num Workers:        0                   Itr:                1                   
  Train Epochs:       10                  Batch Size:         32                  
  Patience:           3                   Learning Rate:      0.0001              
  Des:                msgnet_ettm2_sl336_pl96_s2023Loss:               MSE                 
  Lradj:              type1               Use Amp:            0                   

[1mGPU[0m
  Use GPU:            1                   GPU:                0                   
  Use Multi GPU:      0                   Devices:            0,1,2,3             

[1mDe-stationary Projector Params[0m
  P Hidden Dims:      128, 128            P Hidden Layers:    2                   

Use GPU: cuda:0
🚀 Lazy Loading: MSGNet ...
>>>>>>>start training : long_term_forecast_msgnet_ettm2_sl336_pl96_s2023_MSGNet_ETTm2_ftM_sl336_ll48_pl96_dm32_nh4_el2_dl1_df32_expand2_dc4_fc3_ebtimeF_dtTrue_msgnet_ettm2_sl336_pl96_s2023_0>>>>>>>>>>>>>>>>>>>>>>>>>>
train 34129
val 11425
	iters: 100, epoch: 1 | loss: 0.2225333
	speed: 0.0490s/iter; left time: 518.3131s
	iters: 200, epoch: 1 | loss: 0.1988080
	speed: 0.0440s/iter; left time: 460.2787s
	iters: 300, epoch: 1 | loss: 0.1776846
	speed: 0.0443s/iter; left time: 459.4818s
	iters: 400, epoch: 1 | loss: 0.2375160
	speed: 0.0436s/iter; left time: 447.8394s
	iters: 500, epoch: 1 | loss: 0.2487809
	speed: 0.0442s/iter; left time: 449.9070s
	iters: 600, epoch: 1 | loss: 0.3341903
	speed: 0.0438s/iter; left time: 441.2996s
	iters: 700, epoch: 1 | loss: 0.3241001
	speed: 0.0441s/iter; left time: 440.0196s
	iters: 800, epoch: 1 | loss: 0.4338824
	speed: 0.0438s/iter; left time: 432.2680s
	iters: 900, epoch: 1 | loss: 0.3175413
	speed: 0.0443s/iter; left time: 432.7040s
	iters: 1000, epoch: 1 | loss: 0.1298880
	speed: 0.0438s/iter; left time: 423.2180s
Epoch: 1 cost time: 47.486170530319214
Epoch: 1, Steps: 1067 | Train Loss: 0.2621638 Vali Loss: 0.1382953
Validation loss decreased (inf --> 0.138295).  Saving model ...
Updating learning rate to 0.0001
	iters: 100, epoch: 2 | loss: 0.1687055
	speed: 0.1300s/iter; left time: 1235.4862s
	iters: 200, epoch: 2 | loss: 0.1684791
	speed: 0.0435s/iter; left time: 408.7212s
	iters: 300, epoch: 2 | loss: 0.1722990
	speed: 0.0440s/iter; left time: 408.9772s
	iters: 400, epoch: 2 | loss: 0.1810694
	speed: 0.0439s/iter; left time: 404.3858s
	iters: 500, epoch: 2 | loss: 0.2190075
	speed: 0.0439s/iter; left time: 399.2747s
	iters: 600, epoch: 2 | loss: 0.2554287
	speed: 0.0441s/iter; left time: 397.1900s
	iters: 700, epoch: 2 | loss: 0.2602884
	speed: 0.0441s/iter; left time: 392.7827s
	iters: 800, epoch: 2 | loss: 0.1705434
	speed: 0.0437s/iter; left time: 384.7711s
	iters: 900, epoch: 2 | loss: 0.1833062
	speed: 0.0437s/iter; left time: 380.7006s
	iters: 1000, epoch: 2 | loss: 0.1398534
	speed: 0.0434s/iter; left time: 373.4587s
Epoch: 2 cost time: 46.72000551223755
Epoch: 2, Steps: 1067 | Train Loss: 0.2151368 Vali Loss: 0.1355295
Validation loss decreased (0.138295 --> 0.135530).  Saving model ...
Updating learning rate to 5e-05
	iters: 100, epoch: 3 | loss: 0.2672836
	speed: 0.1300s/iter; left time: 1096.9741s
	iters: 200, epoch: 3 | loss: 0.3487252
	speed: 0.0438s/iter; left time: 365.3477s
	iters: 300, epoch: 3 | loss: 0.2140929
	speed: 0.0437s/iter; left time: 359.9146s
	iters: 400, epoch: 3 | loss: 0.2974827
	speed: 0.0442s/iter; left time: 359.5745s
	iters: 500, epoch: 3 | loss: 0.2604468
	speed: 0.0441s/iter; left time: 354.0974s
	iters: 600, epoch: 3 | loss: 0.1361686
	speed: 0.0440s/iter; left time: 349.6175s
	iters: 700, epoch: 3 | loss: 0.1450919
	speed: 0.0435s/iter; left time: 340.9763s
	iters: 800, epoch: 3 | loss: 0.1455513
	speed: 0.0435s/iter; left time: 336.4206s
	iters: 900, epoch: 3 | loss: 0.1468746
	speed: 0.0433s/iter; left time: 330.8436s
	iters: 1000, epoch: 3 | loss: 0.1111871
	speed: 0.0437s/iter; left time: 329.0543s
Epoch: 3 cost time: 46.68160343170166
Epoch: 3, Steps: 1067 | Train Loss: 0.1941004 Vali Loss: 0.1383652
EarlyStopping counter: 1 out of 3
Updating learning rate to 2.5e-05
	iters: 100, epoch: 4 | loss: 0.1949746
	speed: 0.1291s/iter; left time: 951.3922s
	iters: 200, epoch: 4 | loss: 0.1421454
	speed: 0.0442s/iter; left time: 321.3683s
	iters: 300, epoch: 4 | loss: 0.1040750
	speed: 0.0442s/iter; left time: 317.1859s
	iters: 400, epoch: 4 | loss: 0.1888748
	speed: 0.0442s/iter; left time: 312.6045s
	iters: 500, epoch: 4 | loss: 0.2658783
	speed: 0.0437s/iter; left time: 304.8162s
	iters: 600, epoch: 4 | loss: 0.1273119
	speed: 0.0433s/iter; left time: 297.5565s
	iters: 700, epoch: 4 | loss: 0.1056104
	speed: 0.0435s/iter; left time: 294.1616s
	iters: 800, epoch: 4 | loss: 0.1937107
	speed: 0.0439s/iter; left time: 292.7823s
	iters: 900, epoch: 4 | loss: 0.2129688
	speed: 0.0438s/iter; left time: 287.4877s
	iters: 1000, epoch: 4 | loss: 0.1689674
	speed: 0.0436s/iter; left time: 282.3457s
Epoch: 4 cost time: 46.89194440841675
Epoch: 4, Steps: 1067 | Train Loss: 0.1825080 Vali Loss: 0.1395322
EarlyStopping counter: 2 out of 3
Updating learning rate to 1.25e-05
	iters: 100, epoch: 5 | loss: 0.2974987
	speed: 0.1299s/iter; left time: 818.9451s
	iters: 200, epoch: 5 | loss: 0.1035863
	speed: 0.0438s/iter; left time: 271.4511s
	iters: 300, epoch: 5 | loss: 0.0928097
	speed: 0.0437s/iter; left time: 266.5265s
	iters: 400, epoch: 5 | loss: 0.1324434
	speed: 0.0437s/iter; left time: 262.0411s
	iters: 500, epoch: 5 | loss: 0.2578951
	speed: 0.0442s/iter; left time: 260.9932s
	iters: 600, epoch: 5 | loss: 0.1381684
	speed: 0.0439s/iter; left time: 254.7509s
	iters: 700, epoch: 5 | loss: 0.4285721
	speed: 0.0441s/iter; left time: 251.7604s
	iters: 800, epoch: 5 | loss: 0.1271367
	speed: 0.0435s/iter; left time: 243.6883s
	iters: 900, epoch: 5 | loss: 0.1730417
	speed: 0.0436s/iter; left time: 239.9888s
	iters: 1000, epoch: 5 | loss: 0.1310308
	speed: 0.0439s/iter; left time: 237.1806s
Epoch: 5 cost time: 46.69033360481262
Epoch: 5, Steps: 1067 | Train Loss: 0.1771251 Vali Loss: 0.1395268
EarlyStopping counter: 3 out of 3
Early stopping
VALIDATION_RESULT {"best_epoch": 2, "best_mae": 0.2580897183173322, "best_mse": 0.13552952817595104, "epochs_ran": 5, "metric_version": "element_weighted_v1"}
>>>>>>>testing : long_term_forecast_msgnet_ettm2_sl336_pl96_s2023_MSGNet_ETTm2_ftM_sl336_ll48_pl96_dm32_nh4_el2_dl1_df32_expand2_dc4_fc3_ebtimeF_dtTrue_msgnet_ettm2_sl336_pl96_s2023_0<<<<<<<<<<<<<<<<<<<<<<<<<<<<<<<<<
test 11425
test shape: (11425, 96, 7) (11425, 96, 7)
test shape: (11425, 96, 7) (11425, 96, 7)
mse:0.18875034153461456, mae:0.27302685379981995, dtw:Not calculated
