Using GPU
Args in experiment:
[1mBasic Config[0m
  Task Name:          long_term_forecast  Is Training:        1                   
  Model ID:           msgnet_ettm2_sl336_pl336_s2022Model:              MSGNet              

[1mData Loader[0m
  Data:               ETTm2               Root Path:          /home/cwh/Time-Series-Library/dataset/ETT-small
  Data Path:          ETTm2.csv           Features:           M                   
  Target:             OT                  Freq:               t                   
  Checkpoints:        /home/cwh/Time-Series-Library/logs/q2_main_baselines_multiseed/checkpoints

[1mForecasting Task[0m
  Seq Len:            336                 Label Len:          48                  
  Pred Len:           336                 Seasonal Patterns:  Monthly             
  Inverse:            0                   

[1mModel Parameters[0m
  Top k:              3                   Num Kernels:        6                   
  Enc In:             7                   Dec In:             7                   
  C Out:              7                   d model:            32                  
  n heads:            4                   e layers:           2                   
  d layers:           1                   d FF:               32                  
  Moving Avg:         25                  Factor:             3                   
  Distil:             1                   Dropout:            0.3                 
  Embed:              timeF               Activation:         gelu                

[1mRun Parameters[0m
  Num Workers:        0                   Itr:                1                   
  Train Epochs:       10                  Batch Size:         32                  
  Patience:           3                   Learning Rate:      0.0001              
  Des:                msgnet_ettm2_sl336_pl336_s2022Loss:               MSE                 
  Lradj:              type1               Use Amp:            0                   

[1mGPU[0m
  Use GPU:            1                   GPU:                0                   
  Use Multi GPU:      0                   Devices:            0,1,2,3             

[1mDe-stationary Projector Params[0m
  P Hidden Dims:      128, 128            P Hidden Layers:    2                   

Use GPU: cuda:0
🚀 Lazy Loading: MSGNet ...
>>>>>>>start training : long_term_forecast_msgnet_ettm2_sl336_pl336_s2022_MSGNet_ETTm2_ftM_sl336_ll48_pl336_dm32_nh4_el2_dl1_df32_expand2_dc4_fc3_ebtimeF_dtTrue_msgnet_ettm2_sl336_pl336_s2022_0>>>>>>>>>>>>>>>>>>>>>>>>>>
train 33889
val 11185
	iters: 100, epoch: 1 | loss: 0.3743159
	speed: 0.0479s/iter; left time: 503.1267s
	iters: 200, epoch: 1 | loss: 0.5983173
	speed: 0.0445s/iter; left time: 463.0707s
	iters: 300, epoch: 1 | loss: 0.2573115
	speed: 0.0435s/iter; left time: 448.0684s
	iters: 400, epoch: 1 | loss: 0.3389198
	speed: 0.0443s/iter; left time: 451.9094s
	iters: 500, epoch: 1 | loss: 0.4858632
	speed: 0.0437s/iter; left time: 441.3613s
	iters: 600, epoch: 1 | loss: 0.4271700
	speed: 0.0435s/iter; left time: 435.3015s
	iters: 700, epoch: 1 | loss: 0.3174849
	speed: 0.0440s/iter; left time: 435.6893s
	iters: 800, epoch: 1 | loss: 0.2945415
	speed: 0.0438s/iter; left time: 429.7389s
	iters: 900, epoch: 1 | loss: 0.5274233
	speed: 0.0435s/iter; left time: 421.7412s
	iters: 1000, epoch: 1 | loss: 0.3570930
	speed: 0.0440s/iter; left time: 422.6539s
Epoch: 1 cost time: 46.97601890563965
Epoch: 1, Steps: 1060 | Train Loss: 0.3655621 Vali Loss: 0.2331511
Validation loss decreased (inf --> 0.233151).  Saving model ...
Updating learning rate to 0.0001
	iters: 100, epoch: 2 | loss: 0.4221483
	speed: 0.1271s/iter; left time: 1200.0424s
	iters: 200, epoch: 2 | loss: 0.4112172
	speed: 0.0437s/iter; left time: 408.3504s
	iters: 300, epoch: 2 | loss: 0.2780540
	speed: 0.0437s/iter; left time: 403.8405s
	iters: 400, epoch: 2 | loss: 0.3326748
	speed: 0.0438s/iter; left time: 400.2603s
	iters: 500, epoch: 2 | loss: 0.2795543
	speed: 0.0445s/iter; left time: 402.5256s
	iters: 600, epoch: 2 | loss: 0.4254316
	speed: 0.0446s/iter; left time: 399.0590s
	iters: 700, epoch: 2 | loss: 0.3022374
	speed: 0.0446s/iter; left time: 394.4840s
	iters: 800, epoch: 2 | loss: 0.5428030
	speed: 0.0446s/iter; left time: 389.4925s
	iters: 900, epoch: 2 | loss: 0.3536218
	speed: 0.0440s/iter; left time: 380.3969s
	iters: 1000, epoch: 2 | loss: 0.3797698
	speed: 0.0441s/iter; left time: 376.9906s
Epoch: 2 cost time: 46.79348301887512
Epoch: 2, Steps: 1060 | Train Loss: 0.2962964 Vali Loss: 0.2362921
EarlyStopping counter: 1 out of 3
Updating learning rate to 5e-05
	iters: 100, epoch: 3 | loss: 0.2069623
	speed: 0.1261s/iter; left time: 1057.1768s
	iters: 200, epoch: 3 | loss: 0.4398767
	speed: 0.0442s/iter; left time: 366.0417s
	iters: 300, epoch: 3 | loss: 0.2086259
	speed: 0.0448s/iter; left time: 366.2493s
	iters: 400, epoch: 3 | loss: 0.1665892
	speed: 0.0440s/iter; left time: 355.5635s
	iters: 500, epoch: 3 | loss: 0.2961283
	speed: 0.0446s/iter; left time: 355.6544s
	iters: 600, epoch: 3 | loss: 0.3232175
	speed: 0.0444s/iter; left time: 350.2036s
	iters: 700, epoch: 3 | loss: 0.2581229
	speed: 0.0443s/iter; left time: 345.0167s
	iters: 800, epoch: 3 | loss: 0.1858260
	speed: 0.0436s/iter; left time: 334.5203s
	iters: 900, epoch: 3 | loss: 0.2406304
	speed: 0.0440s/iter; left time: 333.5882s
	iters: 1000, epoch: 3 | loss: 0.4346246
	speed: 0.0439s/iter; left time: 328.6289s
Epoch: 3 cost time: 46.84778904914856
Epoch: 3, Steps: 1060 | Train Loss: 0.2613443 Vali Loss: 0.2457948
EarlyStopping counter: 2 out of 3
Updating learning rate to 2.5e-05
	iters: 100, epoch: 4 | loss: 0.1567430
	speed: 0.1261s/iter; left time: 923.1952s
	iters: 200, epoch: 4 | loss: 0.3336659
	speed: 0.0443s/iter; left time: 319.6271s
	iters: 300, epoch: 4 | loss: 0.2023562
	speed: 0.0439s/iter; left time: 312.3090s
	iters: 400, epoch: 4 | loss: 0.3461663
	speed: 0.0440s/iter; left time: 309.1061s
	iters: 500, epoch: 4 | loss: 0.1794289
	speed: 0.0438s/iter; left time: 303.0694s
	iters: 600, epoch: 4 | loss: 0.1809974
	speed: 0.0442s/iter; left time: 301.1624s
	iters: 700, epoch: 4 | loss: 0.1874230
	speed: 0.0441s/iter; left time: 296.2854s
	iters: 800, epoch: 4 | loss: 0.2645407
	speed: 0.0441s/iter; left time: 292.2783s
	iters: 900, epoch: 4 | loss: 0.2945997
	speed: 0.0445s/iter; left time: 290.2577s
	iters: 1000, epoch: 4 | loss: 0.1943742
	speed: 0.0438s/iter; left time: 281.4570s
Epoch: 4 cost time: 46.683552503585815
Epoch: 4, Steps: 1060 | Train Loss: 0.2432867 Vali Loss: 0.2431323
EarlyStopping counter: 3 out of 3
Early stopping
VALIDATION_RESULT {"best_epoch": 1, "best_mae": 0.3364932312793314, "best_mse": 0.23315107687279624, "epochs_ran": 4, "metric_version": "element_weighted_v1"}
>>>>>>>testing : long_term_forecast_msgnet_ettm2_sl336_pl336_s2022_MSGNet_ETTm2_ftM_sl336_ll48_pl336_dm32_nh4_el2_dl1_df32_expand2_dc4_fc3_ebtimeF_dtTrue_msgnet_ettm2_sl336_pl336_s2022_0<<<<<<<<<<<<<<<<<<<<<<<<<<<<<<<<<
test 11185
test shape: (11185, 336, 7) (11185, 336, 7)
test shape: (11185, 336, 7) (11185, 336, 7)
mse:0.312554270029068, mae:0.3564026355743408, dtw:Not calculated
