Using GPU
Args in experiment:
[1mBasic Config[0m
  Task Name:          long_term_forecast  Is Training:        1                   
  Model ID:           msgnet_etth2_sl336_pl192_s2022Model:              MSGNet              

[1mData Loader[0m
  Data:               ETTh2               Root Path:          /home/cwh/Time-Series-Library/dataset/ETT-small
  Data Path:          ETTh2.csv           Features:           M                   
  Target:             OT                  Freq:               h                   
  Checkpoints:        /home/cwh/Time-Series-Library/logs/q2_main_baselines_multiseed/checkpoints

[1mForecasting Task[0m
  Seq Len:            336                 Label Len:          48                  
  Pred Len:           192                 Seasonal Patterns:  Monthly             
  Inverse:            0                   

[1mModel Parameters[0m
  Top k:              5                   Num Kernels:        6                   
  Enc In:             7                   Dec In:             7                   
  C Out:              7                   d model:            16                  
  n heads:            4                   e layers:           2                   
  d layers:           1                   d FF:               32                  
  Moving Avg:         25                  Factor:             3                   
  Distil:             1                   Dropout:            0.1                 
  Embed:              timeF               Activation:         gelu                

[1mRun Parameters[0m
  Num Workers:        0                   Itr:                1                   
  Train Epochs:       10                  Batch Size:         32                  
  Patience:           3                   Learning Rate:      0.0001              
  Des:                msgnet_etth2_sl336_pl192_s2022Loss:               MSE                 
  Lradj:              type1               Use Amp:            0                   

[1mGPU[0m
  Use GPU:            1                   GPU:                0                   
  Use Multi GPU:      0                   Devices:            0,1,2,3             

[1mDe-stationary Projector Params[0m
  P Hidden Dims:      128, 128            P Hidden Layers:    2                   

Use GPU: cuda:0
🚀 Lazy Loading: MSGNet ...
>>>>>>>start training : long_term_forecast_msgnet_etth2_sl336_pl192_s2022_MSGNet_ETTh2_ftM_sl336_ll48_pl192_dm16_nh4_el2_dl1_df32_expand2_dc4_fc3_ebtimeF_dtTrue_msgnet_etth2_sl336_pl192_s2022_0>>>>>>>>>>>>>>>>>>>>>>>>>>
train 8113
val 2689
	iters: 100, epoch: 1 | loss: 0.3521541
	speed: 0.0623s/iter; left time: 152.1942s
	iters: 200, epoch: 1 | loss: 0.2112886
	speed: 0.0573s/iter; left time: 134.1566s
Epoch: 1 cost time: 15.142804145812988
Epoch: 1, Steps: 254 | Train Loss: 0.4815361 Vali Loss: 0.3314149
Validation loss decreased (inf --> 0.331415).  Saving model ...
Updating learning rate to 0.0001
	iters: 100, epoch: 2 | loss: 0.3771009
	speed: 0.1110s/iter; left time: 242.7980s
	iters: 200, epoch: 2 | loss: 0.3924785
	speed: 0.0582s/iter; left time: 121.4422s
Epoch: 2 cost time: 14.815136909484863
Epoch: 2, Steps: 254 | Train Loss: 0.3431233 Vali Loss: 0.3383811
EarlyStopping counter: 1 out of 3
Updating learning rate to 5e-05
	iters: 100, epoch: 3 | loss: 0.2365640
	speed: 0.1091s/iter; left time: 210.9635s
	iters: 200, epoch: 3 | loss: 0.3336022
	speed: 0.0579s/iter; left time: 106.0649s
Epoch: 3 cost time: 14.694613456726074
Epoch: 3, Steps: 254 | Train Loss: 0.2946223 Vali Loss: 0.3437037
EarlyStopping counter: 2 out of 3
Updating learning rate to 2.5e-05
	iters: 100, epoch: 4 | loss: 0.2304588
	speed: 0.1086s/iter; left time: 182.2781s
	iters: 200, epoch: 4 | loss: 0.2601502
	speed: 0.0581s/iter; left time: 91.6618s
Epoch: 4 cost time: 14.770287275314331
Epoch: 4, Steps: 254 | Train Loss: 0.2714250 Vali Loss: 0.3468854
EarlyStopping counter: 3 out of 3
Early stopping
VALIDATION_RESULT {"best_epoch": 1, "best_mae": 0.3992256299388227, "best_mse": 0.3314149278610584, "epochs_ran": 4, "metric_version": "element_weighted_v1"}
>>>>>>>testing : long_term_forecast_msgnet_etth2_sl336_pl192_s2022_MSGNet_ETTh2_ftM_sl336_ll48_pl192_dm16_nh4_el2_dl1_df32_expand2_dc4_fc3_ebtimeF_dtTrue_msgnet_etth2_sl336_pl192_s2022_0<<<<<<<<<<<<<<<<<<<<<<<<<<<<<<<<<
test 2689
test shape: (2689, 192, 7) (2689, 192, 7)
test shape: (2689, 192, 7) (2689, 192, 7)
mse:0.39636796712875366, mae:0.4268215000629425, dtw:Not calculated
