Using GPU
Args in experiment:
[1mBasic Config[0m
  Task Name:          long_term_forecast  Is Training:        1                   
  Model ID:           msgnet_etth1_sl336_pl336_s2022Model:              MSGNet              

[1mData Loader[0m
  Data:               ETTh1               Root Path:          /home/cwh/Time-Series-Library/dataset/ETT-small
  Data Path:          ETTh1.csv           Features:           M                   
  Target:             OT                  Freq:               h                   
  Checkpoints:        /home/cwh/Time-Series-Library/logs/q2_main_baselines_multiseed/checkpoints

[1mForecasting Task[0m
  Seq Len:            336                 Label Len:          48                  
  Pred Len:           336                 Seasonal Patterns:  Monthly             
  Inverse:            0                   

[1mModel Parameters[0m
  Top k:              3                   Num Kernels:        6                   
  Enc In:             7                   Dec In:             7                   
  C Out:              7                   d model:            32                  
  n heads:            4                   e layers:           2                   
  d layers:           1                   d FF:               64                  
  Moving Avg:         25                  Factor:             3                   
  Distil:             1                   Dropout:            0.1                 
  Embed:              timeF               Activation:         gelu                

[1mRun Parameters[0m
  Num Workers:        0                   Itr:                1                   
  Train Epochs:       10                  Batch Size:         32                  
  Patience:           3                   Learning Rate:      0.0001              
  Des:                msgnet_etth1_sl336_pl336_s2022Loss:               MSE                 
  Lradj:              type1               Use Amp:            0                   

[1mGPU[0m
  Use GPU:            1                   GPU:                0                   
  Use Multi GPU:      0                   Devices:            0,1,2,3             

[1mDe-stationary Projector Params[0m
  P Hidden Dims:      128, 128            P Hidden Layers:    2                   

Use GPU: cuda:0
🚀 Lazy Loading: MSGNet ...
>>>>>>>start training : long_term_forecast_msgnet_etth1_sl336_pl336_s2022_MSGNet_ETTh1_ftM_sl336_ll48_pl336_dm32_nh4_el2_dl1_df64_expand2_dc4_fc3_ebtimeF_dtTrue_msgnet_etth1_sl336_pl336_s2022_0>>>>>>>>>>>>>>>>>>>>>>>>>>
train 7969
val 2545
	iters: 100, epoch: 1 | loss: 0.5841178
	speed: 0.0480s/iter; left time: 115.3242s
	iters: 200, epoch: 1 | loss: 0.5032514
	speed: 0.0442s/iter; left time: 101.7991s
Epoch: 1 cost time: 11.454343557357788
Epoch: 1, Steps: 250 | Train Loss: 0.5132251 Vali Loss: 1.3558696
Validation loss decreased (inf --> 1.355870).  Saving model ...
Updating learning rate to 0.0001
	iters: 100, epoch: 2 | loss: 0.4179750
	speed: 0.0791s/iter; left time: 170.0591s
	iters: 200, epoch: 2 | loss: 0.3707074
	speed: 0.0442s/iter; left time: 90.7363s
Epoch: 2 cost time: 11.065144538879395
Epoch: 2, Steps: 250 | Train Loss: 0.3963431 Vali Loss: 1.3982578
EarlyStopping counter: 1 out of 3
Updating learning rate to 5e-05
	iters: 100, epoch: 3 | loss: 0.3707014
	speed: 0.0786s/iter; left time: 149.3292s
	iters: 200, epoch: 3 | loss: 0.3548647
	speed: 0.0442s/iter; left time: 79.6878s
Epoch: 3 cost time: 11.104992628097534
Epoch: 3, Steps: 250 | Train Loss: 0.3489620 Vali Loss: 1.5156168
EarlyStopping counter: 2 out of 3
Updating learning rate to 2.5e-05
	iters: 100, epoch: 4 | loss: 0.3538728
	speed: 0.0784s/iter; left time: 129.4497s
	iters: 200, epoch: 4 | loss: 0.3415092
	speed: 0.0439s/iter; left time: 68.0810s
Epoch: 4 cost time: 11.042862892150879
Epoch: 4, Steps: 250 | Train Loss: 0.3289389 Vali Loss: 1.5012172
EarlyStopping counter: 3 out of 3
Early stopping
VALIDATION_RESULT {"best_epoch": 1, "best_mae": 0.7964179800266128, "best_mse": 1.3558696244491166, "epochs_ran": 4, "metric_version": "element_weighted_v1"}
>>>>>>>testing : long_term_forecast_msgnet_etth1_sl336_pl336_s2022_MSGNet_ETTh1_ftM_sl336_ll48_pl336_dm32_nh4_el2_dl1_df64_expand2_dc4_fc3_ebtimeF_dtTrue_msgnet_etth1_sl336_pl336_s2022_0<<<<<<<<<<<<<<<<<<<<<<<<<<<<<<<<<
test 2545
test shape: (2545, 336, 7) (2545, 336, 7)
test shape: (2545, 336, 7) (2545, 336, 7)
mse:0.49082332849502563, mae:0.48628413677215576, dtw:Not calculated
