Using GPU
Args in experiment:
[1mBasic Config[0m
  Task Name:          long_term_forecast  Is Training:        1                   
  Model ID:           patchtst_weather_sl336_pl336_s2022Model:              PatchTST            

[1mData Loader[0m
  Data:               custom              Root Path:          /home/cwh/Time-Series-Library/dataset/weather
  Data Path:          weather.csv         Features:           M                   
  Target:             CO2 (ppm)           Freq:               t                   
  Checkpoints:        /home/cwh/Time-Series-Library/logs/q2_main_baselines_multiseed/checkpoints

[1mForecasting Task[0m
  Seq Len:            336                 Label Len:          48                  
  Pred Len:           336                 Seasonal Patterns:  Monthly             
  Inverse:            0                   

[1mModel Parameters[0m
  Top k:              5                   Num Kernels:        6                   
  Enc In:             21                  Dec In:             21                  
  C Out:              21                  d model:            512                 
  n heads:            4                   e layers:           2                   
  d layers:           1                   d FF:               2048                
  Moving Avg:         25                  Factor:             3                   
  Distil:             1                   Dropout:            0.1                 
  Embed:              timeF               Activation:         gelu                

[1mRun Parameters[0m
  Num Workers:        0                   Itr:                1                   
  Train Epochs:       10                  Batch Size:         32                  
  Patience:           3                   Learning Rate:      0.0001              
  Des:                patchtst_weather_sl336_pl336_s2022Loss:               MSE                 
  Lradj:              type1               Use Amp:            0                   

[1mGPU[0m
  Use GPU:            1                   GPU:                0                   
  Use Multi GPU:      0                   Devices:            0,1,2,3             

[1mDe-stationary Projector Params[0m
  P Hidden Dims:      128, 128            P Hidden Layers:    2                   

Use GPU: cuda:0
🚀 Lazy Loading: PatchTST ...
>>>>>>>start training : long_term_forecast_patchtst_weather_sl336_pl336_s2022_PatchTST_custom_ftM_sl336_ll48_pl336_dm512_nh4_el2_dl1_df2048_expand2_dc4_fc3_ebtimeF_dtTrue_patchtst_weather_sl336_pl336_s2022_0>>>>>>>>>>>>>>>>>>>>>>>>>>
train 36216
val 4935
	iters: 100, epoch: 1 | loss: 0.4531731
	speed: 0.0790s/iter; left time: 886.4606s
	iters: 200, epoch: 1 | loss: 1.0740097
	speed: 0.0761s/iter; left time: 845.9612s
	iters: 300, epoch: 1 | loss: 0.4855105
	speed: 0.0761s/iter; left time: 838.8422s
	iters: 400, epoch: 1 | loss: 0.4355613
	speed: 0.0765s/iter; left time: 835.1891s
	iters: 500, epoch: 1 | loss: 0.4596741
	speed: 0.0764s/iter; left time: 826.5026s
	iters: 600, epoch: 1 | loss: 0.4430114
	speed: 0.0764s/iter; left time: 819.1119s
	iters: 700, epoch: 1 | loss: 0.5030064
	speed: 0.0764s/iter; left time: 811.4549s
	iters: 800, epoch: 1 | loss: 0.4845470
	speed: 0.0762s/iter; left time: 801.4149s
	iters: 900, epoch: 1 | loss: 0.7918476
	speed: 0.0764s/iter; left time: 796.3391s
	iters: 1000, epoch: 1 | loss: 0.4881487
	speed: 0.0764s/iter; left time: 788.0874s
	iters: 1100, epoch: 1 | loss: 0.5327024
	speed: 0.0766s/iter; left time: 782.5832s
Epoch: 1 cost time: 86.67760705947876
Epoch: 1, Steps: 1132 | Train Loss: 0.5820649 Vali Loss: 0.5626391
Validation loss decreased (inf --> 0.562639).  Saving model ...
Updating learning rate to 0.0001
	iters: 100, epoch: 2 | loss: 0.5224978
	speed: 0.1307s/iter; left time: 1318.4562s
	iters: 200, epoch: 2 | loss: 0.4914039
	speed: 0.0767s/iter; left time: 765.9514s
	iters: 300, epoch: 2 | loss: 0.5661055
	speed: 0.0765s/iter; left time: 756.7080s
	iters: 400, epoch: 2 | loss: 0.4061780
	speed: 0.0762s/iter; left time: 746.2546s
	iters: 500, epoch: 2 | loss: 0.5055203
	speed: 0.0763s/iter; left time: 739.6194s
	iters: 600, epoch: 2 | loss: 0.4197272
	speed: 0.0763s/iter; left time: 731.2987s
	iters: 700, epoch: 2 | loss: 0.5150098
	speed: 0.0762s/iter; left time: 723.1354s
	iters: 800, epoch: 2 | loss: 0.5170472
	speed: 0.0765s/iter; left time: 718.5908s
	iters: 900, epoch: 2 | loss: 0.4855157
	speed: 0.0766s/iter; left time: 711.2834s
	iters: 1000, epoch: 2 | loss: 0.7934583
	speed: 0.0768s/iter; left time: 706.0714s
	iters: 1100, epoch: 2 | loss: 0.5393898
	speed: 0.0764s/iter; left time: 694.6496s
Epoch: 2 cost time: 86.48937273025513
Epoch: 2, Steps: 1132 | Train Loss: 0.5587141 Vali Loss: 0.5535334
Validation loss decreased (0.562639 --> 0.553533).  Saving model ...
Updating learning rate to 5e-05
	iters: 100, epoch: 3 | loss: 0.4556694
	speed: 0.1307s/iter; left time: 1170.7596s
	iters: 200, epoch: 3 | loss: 0.7297024
	speed: 0.0766s/iter; left time: 678.0833s
	iters: 300, epoch: 3 | loss: 0.4658150
	speed: 0.0768s/iter; left time: 672.1553s
	iters: 400, epoch: 3 | loss: 0.4572315
	speed: 0.0767s/iter; left time: 664.1866s
	iters: 500, epoch: 3 | loss: 0.4130250
	speed: 0.0763s/iter; left time: 652.9785s
	iters: 600, epoch: 3 | loss: 0.6328816
	speed: 0.0765s/iter; left time: 647.3663s
	iters: 700, epoch: 3 | loss: 0.3880534
	speed: 0.0763s/iter; left time: 637.3824s
	iters: 800, epoch: 3 | loss: 0.5581681
	speed: 0.0762s/iter; left time: 629.4326s
	iters: 900, epoch: 3 | loss: 0.4249437
	speed: 0.0764s/iter; left time: 623.4130s
	iters: 1000, epoch: 3 | loss: 0.4279981
	speed: 0.0766s/iter; left time: 616.9033s
	iters: 1100, epoch: 3 | loss: 0.7284973
	speed: 0.0763s/iter; left time: 606.8336s
Epoch: 3 cost time: 86.51087594032288
Epoch: 3, Steps: 1132 | Train Loss: 0.5372078 Vali Loss: 0.5527662
Validation loss decreased (0.553533 --> 0.552766).  Saving model ...
Updating learning rate to 2.5e-05
	iters: 100, epoch: 4 | loss: 0.4293853
	speed: 0.1308s/iter; left time: 1023.6386s
	iters: 200, epoch: 4 | loss: 0.4750094
	speed: 0.0766s/iter; left time: 591.6167s
	iters: 300, epoch: 4 | loss: 0.4722804
	speed: 0.0764s/iter; left time: 582.2205s
	iters: 400, epoch: 4 | loss: 0.5090040
	speed: 0.0763s/iter; left time: 574.2282s
	iters: 500, epoch: 4 | loss: 0.7035117
	speed: 0.0763s/iter; left time: 566.7893s
	iters: 600, epoch: 4 | loss: 0.4263235
	speed: 0.0763s/iter; left time: 559.1670s
	iters: 700, epoch: 4 | loss: 0.6489796
	speed: 0.0764s/iter; left time: 551.9510s
	iters: 800, epoch: 4 | loss: 0.4175619
	speed: 0.0765s/iter; left time: 544.7918s
	iters: 900, epoch: 4 | loss: 0.5262696
	speed: 0.0766s/iter; left time: 537.8199s
	iters: 1000, epoch: 4 | loss: 0.6969854
	speed: 0.0763s/iter; left time: 528.4766s
	iters: 1100, epoch: 4 | loss: 0.5009637
	speed: 0.0766s/iter; left time: 522.7073s
Epoch: 4 cost time: 86.47477221488953
Epoch: 4, Steps: 1132 | Train Loss: 0.5246123 Vali Loss: 0.5628822
EarlyStopping counter: 1 out of 3
Updating learning rate to 1.25e-05
	iters: 100, epoch: 5 | loss: 0.5271464
	speed: 0.1329s/iter; left time: 889.3459s
	iters: 200, epoch: 5 | loss: 0.3754947
	speed: 0.0765s/iter; left time: 504.3138s
	iters: 300, epoch: 5 | loss: 0.5348386
	speed: 0.0765s/iter; left time: 496.4078s
	iters: 400, epoch: 5 | loss: 0.3777203
	speed: 0.0764s/iter; left time: 488.6121s
	iters: 500, epoch: 5 | loss: 0.4516060
	speed: 0.0764s/iter; left time: 481.0203s
	iters: 600, epoch: 5 | loss: 0.5003852
	speed: 0.0765s/iter; left time: 473.7744s
	iters: 700, epoch: 5 | loss: 0.7687317
	speed: 0.0769s/iter; left time: 468.4114s
	iters: 800, epoch: 5 | loss: 0.9092411
	speed: 0.0765s/iter; left time: 458.2811s
	iters: 900, epoch: 5 | loss: 0.4515741
	speed: 0.0765s/iter; left time: 450.5454s
	iters: 1000, epoch: 5 | loss: 0.7587795
	speed: 0.0765s/iter; left time: 442.8765s
	iters: 1100, epoch: 5 | loss: 0.3704665
	speed: 0.0762s/iter; left time: 433.5681s
Epoch: 5 cost time: 86.49490690231323
Epoch: 5, Steps: 1132 | Train Loss: 0.5177318 Vali Loss: 0.5557814
EarlyStopping counter: 2 out of 3
Updating learning rate to 6.25e-06
	iters: 100, epoch: 6 | loss: 0.4716554
	speed: 0.1299s/iter; left time: 722.1405s
	iters: 200, epoch: 6 | loss: 0.4205994
	speed: 0.0763s/iter; left time: 416.4342s
	iters: 300, epoch: 6 | loss: 0.9904928
	speed: 0.0763s/iter; left time: 409.3106s
	iters: 400, epoch: 6 | loss: 0.4327242
	speed: 0.0765s/iter; left time: 402.7171s
	iters: 500, epoch: 6 | loss: 0.3803602
	speed: 0.0762s/iter; left time: 393.5034s
	iters: 600, epoch: 6 | loss: 0.4125983
	speed: 0.0763s/iter; left time: 386.2778s
	iters: 700, epoch: 6 | loss: 0.4424324
	speed: 0.0767s/iter; left time: 380.6251s
	iters: 800, epoch: 6 | loss: 0.7020949
	speed: 0.0762s/iter; left time: 370.1662s
	iters: 900, epoch: 6 | loss: 0.4061769
	speed: 0.0767s/iter; left time: 365.3272s
	iters: 1000, epoch: 6 | loss: 0.4002679
	speed: 0.0765s/iter; left time: 356.5008s
	iters: 1100, epoch: 6 | loss: 0.4011597
	speed: 0.0766s/iter; left time: 349.3820s
Epoch: 6 cost time: 86.47056460380554
Epoch: 6, Steps: 1132 | Train Loss: 0.5134020 Vali Loss: 0.5643297
EarlyStopping counter: 3 out of 3
Early stopping
VALIDATION_RESULT {"best_epoch": 3, "best_mae": 0.3890049708803016, "best_mse": 0.5527661569696373, "epochs_ran": 6, "metric_version": "element_weighted_v1"}
>>>>>>>testing : long_term_forecast_patchtst_weather_sl336_pl336_s2022_PatchTST_custom_ftM_sl336_ll48_pl336_dm512_nh4_el2_dl1_df2048_expand2_dc4_fc3_ebtimeF_dtTrue_patchtst_weather_sl336_pl336_s2022_0<<<<<<<<<<<<<<<<<<<<<<<<<<<<<<<<<
test 10204
test shape: (10204, 336, 21) (10204, 336, 21)
test shape: (10204, 336, 21) (10204, 336, 21)
mse:0.2586318552494049, mae:0.2931669056415558, dtw:Not calculated
