Using GPU
Args in experiment:
[1mBasic Config[0m
  Task Name:          long_term_forecast  Is Training:        1                   
  Model ID:           patchtst_etth1_sl336_pl96_s2022Model:              PatchTST            

[1mData Loader[0m
  Data:               ETTh1               Root Path:          /home/cwh/Time-Series-Library/dataset/ETT-small
  Data Path:          ETTh1.csv           Features:           M                   
  Target:             OT                  Freq:               h                   
  Checkpoints:        /home/cwh/Time-Series-Library/logs/q2_main_baselines_multiseed/checkpoints

[1mForecasting Task[0m
  Seq Len:            336                 Label Len:          48                  
  Pred Len:           96                  Seasonal Patterns:  Monthly             
  Inverse:            0                   

[1mModel Parameters[0m
  Top k:              5                   Num Kernels:        6                   
  Enc In:             7                   Dec In:             7                   
  C Out:              7                   d model:            512                 
  n heads:            8                   e layers:           1                   
  d layers:           1                   d FF:               2048                
  Moving Avg:         25                  Factor:             3                   
  Distil:             1                   Dropout:            0.1                 
  Embed:              timeF               Activation:         gelu                

[1mRun Parameters[0m
  Num Workers:        0                   Itr:                1                   
  Train Epochs:       10                  Batch Size:         32                  
  Patience:           3                   Learning Rate:      0.0001              
  Des:                patchtst_etth1_sl336_pl96_s2022Loss:               MSE                 
  Lradj:              type1               Use Amp:            0                   

[1mGPU[0m
  Use GPU:            1                   GPU:                0                   
  Use Multi GPU:      0                   Devices:            0,1,2,3             

[1mDe-stationary Projector Params[0m
  P Hidden Dims:      128, 128            P Hidden Layers:    2                   

Use GPU: cuda:0
🚀 Lazy Loading: PatchTST ...
>>>>>>>start training : long_term_forecast_patchtst_etth1_sl336_pl96_s2022_PatchTST_ETTh1_ftM_sl336_ll48_pl96_dm512_nh8_el1_dl1_df2048_expand2_dc4_fc3_ebtimeF_dtTrue_patchtst_etth1_sl336_pl96_s2022_0>>>>>>>>>>>>>>>>>>>>>>>>>>
train 8209
val 2785
	iters: 100, epoch: 1 | loss: 0.3541580
	speed: 0.0164s/iter; left time: 40.5620s
	iters: 200, epoch: 1 | loss: 0.4228777
	speed: 0.0138s/iter; left time: 32.7590s
Epoch: 1 cost time: 3.8047592639923096
Epoch: 1, Steps: 257 | Train Loss: 0.4303971 Vali Loss: 0.7513886
Validation loss decreased (inf --> 0.751389).  Saving model ...
Updating learning rate to 0.0001
	iters: 100, epoch: 2 | loss: 0.4281053
	speed: 0.0255s/iter; left time: 56.3935s
	iters: 200, epoch: 2 | loss: 0.4124123
	speed: 0.0136s/iter; left time: 28.8349s
Epoch: 2 cost time: 3.5234248638153076
Epoch: 2, Steps: 257 | Train Loss: 0.3922204 Vali Loss: 0.7326245
Validation loss decreased (0.751389 --> 0.732625).  Saving model ...
Updating learning rate to 5e-05
	iters: 100, epoch: 3 | loss: 0.3236899
	speed: 0.0254s/iter; left time: 49.6745s
	iters: 200, epoch: 3 | loss: 0.2891560
	speed: 0.0136s/iter; left time: 25.2261s
Epoch: 3 cost time: 3.4978740215301514
Epoch: 3, Steps: 257 | Train Loss: 0.3569491 Vali Loss: 0.7493465
EarlyStopping counter: 1 out of 3
Updating learning rate to 2.5e-05
	iters: 100, epoch: 4 | loss: 0.3214523
	speed: 0.0250s/iter; left time: 42.4768s
	iters: 200, epoch: 4 | loss: 0.3575860
	speed: 0.0136s/iter; left time: 21.7963s
Epoch: 4 cost time: 3.499655246734619
Epoch: 4, Steps: 257 | Train Loss: 0.3416097 Vali Loss: 0.7424818
EarlyStopping counter: 2 out of 3
Updating learning rate to 1.25e-05
	iters: 100, epoch: 5 | loss: 0.3455655
	speed: 0.0248s/iter; left time: 35.7395s
	iters: 200, epoch: 5 | loss: 0.3171088
	speed: 0.0137s/iter; left time: 18.3326s
Epoch: 5 cost time: 3.4905309677124023
Epoch: 5, Steps: 257 | Train Loss: 0.3337269 Vali Loss: 0.7456156
EarlyStopping counter: 3 out of 3
Early stopping
VALIDATION_RESULT {"best_epoch": 2, "best_mae": 0.587750880477917, "best_mse": 0.7326245492265154, "epochs_ran": 5, "metric_version": "element_weighted_v1"}
>>>>>>>testing : long_term_forecast_patchtst_etth1_sl336_pl96_s2022_PatchTST_ETTh1_ftM_sl336_ll48_pl96_dm512_nh8_el1_dl1_df2048_expand2_dc4_fc3_ebtimeF_dtTrue_patchtst_etth1_sl336_pl96_s2022_0<<<<<<<<<<<<<<<<<<<<<<<<<<<<<<<<<
test 2785
test shape: (2785, 96, 7) (2785, 96, 7)
test shape: (2785, 96, 7) (2785, 96, 7)
mse:0.4132458567619324, mae:0.4313521981239319, dtw:Not calculated
