Using GPU
Args in experiment:
[1mBasic Config[0m
  Task Name:          long_term_forecast  Is Training:        1                   
  Model ID:           patchtst_etth1_sl336_pl336_s2022Model:              PatchTST            

[1mData Loader[0m
  Data:               ETTh1               Root Path:          /home/cwh/Time-Series-Library/dataset/ETT-small
  Data Path:          ETTh1.csv           Features:           M                   
  Target:             OT                  Freq:               h                   
  Checkpoints:        /home/cwh/Time-Series-Library/logs/q2_main_baselines_multiseed/checkpoints

[1mForecasting Task[0m
  Seq Len:            336                 Label Len:          48                  
  Pred Len:           336                 Seasonal Patterns:  Monthly             
  Inverse:            0                   

[1mModel Parameters[0m
  Top k:              5                   Num Kernels:        6                   
  Enc In:             7                   Dec In:             7                   
  C Out:              7                   d model:            512                 
  n heads:            8                   e layers:           1                   
  d layers:           1                   d FF:               2048                
  Moving Avg:         25                  Factor:             3                   
  Distil:             1                   Dropout:            0.1                 
  Embed:              timeF               Activation:         gelu                

[1mRun Parameters[0m
  Num Workers:        0                   Itr:                1                   
  Train Epochs:       10                  Batch Size:         32                  
  Patience:           3                   Learning Rate:      0.0001              
  Des:                patchtst_etth1_sl336_pl336_s2022Loss:               MSE                 
  Lradj:              type1               Use Amp:            0                   

[1mGPU[0m
  Use GPU:            1                   GPU:                0                   
  Use Multi GPU:      0                   Devices:            0,1,2,3             

[1mDe-stationary Projector Params[0m
  P Hidden Dims:      128, 128            P Hidden Layers:    2                   

Use GPU: cuda:0
🚀 Lazy Loading: PatchTST ...
>>>>>>>start training : long_term_forecast_patchtst_etth1_sl336_pl336_s2022_PatchTST_ETTh1_ftM_sl336_ll48_pl336_dm512_nh8_el1_dl1_df2048_expand2_dc4_fc3_ebtimeF_dtTrue_patchtst_etth1_sl336_pl336_s2022_0>>>>>>>>>>>>>>>>>>>>>>>>>>
train 7969
val 2545
	iters: 100, epoch: 1 | loss: 0.5233697
	speed: 0.0166s/iter; left time: 39.8842s
	iters: 200, epoch: 1 | loss: 0.5240648
	speed: 0.0143s/iter; left time: 32.8787s
Epoch: 1 cost time: 3.8106186389923096
Epoch: 1, Steps: 250 | Train Loss: 0.5305484 Vali Loss: 1.4324867
Validation loss decreased (inf --> 1.432487).  Saving model ...
Updating learning rate to 0.0001
	iters: 100, epoch: 2 | loss: 0.4631791
	speed: 0.0252s/iter; left time: 54.3058s
	iters: 200, epoch: 2 | loss: 0.4848885
	speed: 0.0143s/iter; left time: 29.4001s
Epoch: 2 cost time: 3.5728933811187744
Epoch: 2, Steps: 250 | Train Loss: 0.4838183 Vali Loss: 1.2846748
Validation loss decreased (1.432487 --> 1.284675).  Saving model ...
Updating learning rate to 5e-05
	iters: 100, epoch: 3 | loss: 0.4219657
	speed: 0.0252s/iter; left time: 47.8757s
	iters: 200, epoch: 3 | loss: 0.4256934
	speed: 0.0143s/iter; left time: 25.6737s
Epoch: 3 cost time: 3.564204692840576
Epoch: 3, Steps: 250 | Train Loss: 0.4364205 Vali Loss: 1.3895582
EarlyStopping counter: 1 out of 3
Updating learning rate to 2.5e-05
	iters: 100, epoch: 4 | loss: 0.4042016
	speed: 0.0246s/iter; left time: 40.6100s
	iters: 200, epoch: 4 | loss: 0.4222043
	speed: 0.0142s/iter; left time: 22.0724s
Epoch: 4 cost time: 3.5545144081115723
Epoch: 4, Steps: 250 | Train Loss: 0.4154891 Vali Loss: 1.3644497
EarlyStopping counter: 2 out of 3
Updating learning rate to 1.25e-05
	iters: 100, epoch: 5 | loss: 0.4004352
	speed: 0.0246s/iter; left time: 34.4761s
	iters: 200, epoch: 5 | loss: 0.4151381
	speed: 0.0143s/iter; left time: 18.6250s
Epoch: 5 cost time: 3.5655298233032227
Epoch: 5, Steps: 250 | Train Loss: 0.4055253 Vali Loss: 1.3662206
EarlyStopping counter: 3 out of 3
Early stopping
VALIDATION_RESULT {"best_epoch": 2, "best_mae": 0.7876467604170844, "best_mse": 1.2846747843138975, "epochs_ran": 5, "metric_version": "element_weighted_v1"}
>>>>>>>testing : long_term_forecast_patchtst_etth1_sl336_pl336_s2022_PatchTST_ETTh1_ftM_sl336_ll48_pl336_dm512_nh8_el1_dl1_df2048_expand2_dc4_fc3_ebtimeF_dtTrue_patchtst_etth1_sl336_pl336_s2022_0<<<<<<<<<<<<<<<<<<<<<<<<<<<<<<<<<
test 2545
test shape: (2545, 336, 7) (2545, 336, 7)
test shape: (2545, 336, 7) (2545, 336, 7)
mse:0.5523392558097839, mae:0.5157184600830078, dtw:Not calculated
