Using GPU
Args in experiment:
[1mBasic Config[0m
  Task Name:          long_term_forecast  Is Training:        1                   
  Model ID:           patchtst_ettm1_sl336_pl336_s2022Model:              PatchTST            

[1mData Loader[0m
  Data:               ETTm1               Root Path:          /home/cwh/Time-Series-Library/dataset/ETT-small
  Data Path:          ETTm1.csv           Features:           M                   
  Target:             OT                  Freq:               t                   
  Checkpoints:        /home/cwh/Time-Series-Library/logs/q2_main_baselines_multiseed/checkpoints

[1mForecasting Task[0m
  Seq Len:            336                 Label Len:          48                  
  Pred Len:           336                 Seasonal Patterns:  Monthly             
  Inverse:            0                   

[1mModel Parameters[0m
  Top k:              5                   Num Kernels:        6                   
  Enc In:             7                   Dec In:             7                   
  C Out:              7                   d model:            512                 
  n heads:            8                   e layers:           3                   
  d layers:           1                   d FF:               2048                
  Moving Avg:         25                  Factor:             3                   
  Distil:             1                   Dropout:            0.1                 
  Embed:              timeF               Activation:         gelu                

[1mRun Parameters[0m
  Num Workers:        0                   Itr:                1                   
  Train Epochs:       10                  Batch Size:         32                  
  Patience:           3                   Learning Rate:      0.0001              
  Des:                patchtst_ettm1_sl336_pl336_s2022Loss:               MSE                 
  Lradj:              type1               Use Amp:            0                   

[1mGPU[0m
  Use GPU:            1                   GPU:                0                   
  Use Multi GPU:      0                   Devices:            0,1,2,3             

[1mDe-stationary Projector Params[0m
  P Hidden Dims:      128, 128            P Hidden Layers:    2                   

Use GPU: cuda:0
🚀 Lazy Loading: PatchTST ...
>>>>>>>start training : long_term_forecast_patchtst_ettm1_sl336_pl336_s2022_PatchTST_ETTm1_ftM_sl336_ll48_pl336_dm512_nh8_el3_dl1_df2048_expand2_dc4_fc3_ebtimeF_dtTrue_patchtst_ettm1_sl336_pl336_s2022_0>>>>>>>>>>>>>>>>>>>>>>>>>>
train 33889
val 11185
	iters: 100, epoch: 1 | loss: 0.4774797
	speed: 0.0415s/iter; left time: 436.1289s
	iters: 200, epoch: 1 | loss: 0.4090666
	speed: 0.0390s/iter; left time: 405.4812s
	iters: 300, epoch: 1 | loss: 0.3261750
	speed: 0.0389s/iter; left time: 400.9009s
	iters: 400, epoch: 1 | loss: 0.3656993
	speed: 0.0391s/iter; left time: 398.4255s
	iters: 500, epoch: 1 | loss: 0.3880374
	speed: 0.0391s/iter; left time: 394.6122s
	iters: 600, epoch: 1 | loss: 0.3802529
	speed: 0.0391s/iter; left time: 390.6133s
	iters: 700, epoch: 1 | loss: 0.3615128
	speed: 0.0390s/iter; left time: 385.8240s
	iters: 800, epoch: 1 | loss: 0.3445631
	speed: 0.0390s/iter; left time: 382.0130s
	iters: 900, epoch: 1 | loss: 0.3563823
	speed: 0.0391s/iter; left time: 378.8819s
	iters: 1000, epoch: 1 | loss: 0.3170475
	speed: 0.0391s/iter; left time: 375.3479s
Epoch: 1 cost time: 41.62485098838806
Epoch: 1, Steps: 1060 | Train Loss: 0.3795286 Vali Loss: 0.7083114
Validation loss decreased (inf --> 0.708311).  Saving model ...
Updating learning rate to 0.0001
	iters: 100, epoch: 2 | loss: 0.4176263
	speed: 0.0970s/iter; left time: 915.9345s
	iters: 200, epoch: 2 | loss: 0.3680721
	speed: 0.0392s/iter; left time: 366.2941s
	iters: 300, epoch: 2 | loss: 0.3463611
	speed: 0.0391s/iter; left time: 361.3097s
	iters: 400, epoch: 2 | loss: 0.3351427
	speed: 0.0392s/iter; left time: 358.0686s
	iters: 500, epoch: 2 | loss: 0.3462698
	speed: 0.0391s/iter; left time: 353.5440s
	iters: 600, epoch: 2 | loss: 0.3311314
	speed: 0.0391s/iter; left time: 349.7679s
	iters: 700, epoch: 2 | loss: 0.2857170
	speed: 0.0391s/iter; left time: 345.7959s
	iters: 800, epoch: 2 | loss: 0.3624541
	speed: 0.0390s/iter; left time: 341.0038s
	iters: 900, epoch: 2 | loss: 0.3638094
	speed: 0.0391s/iter; left time: 337.4457s
	iters: 1000, epoch: 2 | loss: 0.2720582
	speed: 0.0391s/iter; left time: 333.8959s
Epoch: 2 cost time: 41.42295265197754
Epoch: 2, Steps: 1060 | Train Loss: 0.3343163 Vali Loss: 0.7129223
EarlyStopping counter: 1 out of 3
Updating learning rate to 5e-05
	iters: 100, epoch: 3 | loss: 0.3373913
	speed: 0.0960s/iter; left time: 804.8350s
	iters: 200, epoch: 3 | loss: 0.2946020
	speed: 0.0390s/iter; left time: 323.1108s
	iters: 300, epoch: 3 | loss: 0.2698853
	speed: 0.0391s/iter; left time: 319.6581s
	iters: 400, epoch: 3 | loss: 0.2990906
	speed: 0.0390s/iter; left time: 315.1346s
	iters: 500, epoch: 3 | loss: 0.2805568
	speed: 0.0391s/iter; left time: 312.0170s
	iters: 600, epoch: 3 | loss: 0.2897683
	speed: 0.0391s/iter; left time: 307.9583s
	iters: 700, epoch: 3 | loss: 0.2944047
	speed: 0.0392s/iter; left time: 304.6648s
	iters: 800, epoch: 3 | loss: 0.2923708
	speed: 0.0390s/iter; left time: 299.5594s
	iters: 900, epoch: 3 | loss: 0.3175673
	speed: 0.0391s/iter; left time: 296.2794s
	iters: 1000, epoch: 3 | loss: 0.3163778
	speed: 0.0392s/iter; left time: 292.8951s
Epoch: 3 cost time: 41.40009164810181
Epoch: 3, Steps: 1060 | Train Loss: 0.2946484 Vali Loss: 0.7336526
EarlyStopping counter: 2 out of 3
Updating learning rate to 2.5e-05
	iters: 100, epoch: 4 | loss: 0.3156738
	speed: 0.0962s/iter; left time: 703.9481s
	iters: 200, epoch: 4 | loss: 0.2906711
	speed: 0.0392s/iter; left time: 282.8877s
	iters: 300, epoch: 4 | loss: 0.2572121
	speed: 0.0390s/iter; left time: 277.8325s
	iters: 400, epoch: 4 | loss: 0.2705882
	speed: 0.0391s/iter; left time: 274.8546s
	iters: 500, epoch: 4 | loss: 0.2717152
	speed: 0.0391s/iter; left time: 270.7784s
	iters: 600, epoch: 4 | loss: 0.2371022
	speed: 0.0391s/iter; left time: 266.6340s
	iters: 700, epoch: 4 | loss: 0.3209633
	speed: 0.0392s/iter; left time: 263.1660s
	iters: 800, epoch: 4 | loss: 0.2550829
	speed: 0.0390s/iter; left time: 258.3301s
	iters: 900, epoch: 4 | loss: 0.2364191
	speed: 0.0391s/iter; left time: 254.8183s
	iters: 1000, epoch: 4 | loss: 0.2375714
	speed: 0.0390s/iter; left time: 250.2424s
Epoch: 4 cost time: 41.396878242492676
Epoch: 4, Steps: 1060 | Train Loss: 0.2701134 Vali Loss: 0.7459633
EarlyStopping counter: 3 out of 3
Early stopping
VALIDATION_RESULT {"best_epoch": 1, "best_mae": 0.5645284137015474, "best_mse": 0.7083113557102126, "epochs_ran": 4, "metric_version": "element_weighted_v1"}
>>>>>>>testing : long_term_forecast_patchtst_ettm1_sl336_pl336_s2022_PatchTST_ETTm1_ftM_sl336_ll48_pl336_dm512_nh8_el3_dl1_df2048_expand2_dc4_fc3_ebtimeF_dtTrue_patchtst_ettm1_sl336_pl336_s2022_0<<<<<<<<<<<<<<<<<<<<<<<<<<<<<<<<<
test 11185
test shape: (11185, 336, 7) (11185, 336, 7)
test shape: (11185, 336, 7) (11185, 336, 7)
mse:0.4128422141075134, mae:0.4269128739833832, dtw:Not calculated
