Using GPU
Args in experiment:
[1mBasic Config[0m
  Task Name:          long_term_forecast  Is Training:        1                   
  Model ID:           patchtst_etth2_sl336_pl96_s2022Model:              PatchTST            

[1mData Loader[0m
  Data:               ETTh2               Root Path:          /home/cwh/Time-Series-Library/dataset/ETT-small
  Data Path:          ETTh2.csv           Features:           M                   
  Target:             OT                  Freq:               h                   
  Checkpoints:        /home/cwh/Time-Series-Library/logs/q2_main_baselines_multiseed/checkpoints

[1mForecasting Task[0m
  Seq Len:            336                 Label Len:          48                  
  Pred Len:           96                  Seasonal Patterns:  Monthly             
  Inverse:            0                   

[1mModel Parameters[0m
  Top k:              5                   Num Kernels:        6                   
  Enc In:             7                   Dec In:             7                   
  C Out:              7                   d model:            512                 
  n heads:            4                   e layers:           3                   
  d layers:           1                   d FF:               2048                
  Moving Avg:         25                  Factor:             3                   
  Distil:             1                   Dropout:            0.1                 
  Embed:              timeF               Activation:         gelu                

[1mRun Parameters[0m
  Num Workers:        0                   Itr:                1                   
  Train Epochs:       10                  Batch Size:         32                  
  Patience:           3                   Learning Rate:      0.0001              
  Des:                patchtst_etth2_sl336_pl96_s2022Loss:               MSE                 
  Lradj:              type1               Use Amp:            0                   

[1mGPU[0m
  Use GPU:            1                   GPU:                0                   
  Use Multi GPU:      0                   Devices:            0,1,2,3             

[1mDe-stationary Projector Params[0m
  P Hidden Dims:      128, 128            P Hidden Layers:    2                   

Use GPU: cuda:0
🚀 Lazy Loading: PatchTST ...
>>>>>>>start training : long_term_forecast_patchtst_etth2_sl336_pl96_s2022_PatchTST_ETTh2_ftM_sl336_ll48_pl96_dm512_nh4_el3_dl1_df2048_expand2_dc4_fc3_ebtimeF_dtTrue_patchtst_etth2_sl336_pl96_s2022_0>>>>>>>>>>>>>>>>>>>>>>>>>>
train 8209
val 2785
	iters: 100, epoch: 1 | loss: 0.2604359
	speed: 0.0398s/iter; left time: 98.3609s
	iters: 200, epoch: 1 | loss: 0.3134239
	speed: 0.0377s/iter; left time: 89.3796s
Epoch: 1 cost time: 9.903264045715332
Epoch: 1, Steps: 257 | Train Loss: 0.4567764 Vali Loss: 0.2289712
Validation loss decreased (inf --> 0.228971).  Saving model ...
Updating learning rate to 0.0001
	iters: 100, epoch: 2 | loss: 0.2081554
	speed: 0.0674s/iter; left time: 149.2831s
	iters: 200, epoch: 2 | loss: 0.4679995
	speed: 0.0376s/iter; left time: 79.5066s
Epoch: 2 cost time: 9.63268256187439
Epoch: 2, Steps: 257 | Train Loss: 0.3601562 Vali Loss: 0.2206344
Validation loss decreased (0.228971 --> 0.220634).  Saving model ...
Updating learning rate to 5e-05
	iters: 100, epoch: 3 | loss: 0.4349579
	speed: 0.0673s/iter; left time: 131.7838s
	iters: 200, epoch: 3 | loss: 0.3405297
	speed: 0.0377s/iter; left time: 69.9954s
Epoch: 3 cost time: 9.64554762840271
Epoch: 3, Steps: 257 | Train Loss: 0.3033290 Vali Loss: 0.2205778
Validation loss decreased (0.220634 --> 0.220578).  Saving model ...
Updating learning rate to 2.5e-05
	iters: 100, epoch: 4 | loss: 0.3023188
	speed: 0.0673s/iter; left time: 114.4731s
	iters: 200, epoch: 4 | loss: 0.3562606
	speed: 0.0376s/iter; left time: 60.1569s
Epoch: 4 cost time: 9.64390230178833
Epoch: 4, Steps: 257 | Train Loss: 0.2762640 Vali Loss: 0.2299213
EarlyStopping counter: 1 out of 3
Updating learning rate to 1.25e-05
	iters: 100, epoch: 5 | loss: 0.3543438
	speed: 0.0670s/iter; left time: 96.6273s
	iters: 200, epoch: 5 | loss: 0.2022420
	speed: 0.0377s/iter; left time: 50.5775s
Epoch: 5 cost time: 9.634595394134521
Epoch: 5, Steps: 257 | Train Loss: 0.2636098 Vali Loss: 0.2271985
EarlyStopping counter: 2 out of 3
Updating learning rate to 6.25e-06
	iters: 100, epoch: 6 | loss: 0.1856773
	speed: 0.0670s/iter; left time: 79.4136s
	iters: 200, epoch: 6 | loss: 0.2531723
	speed: 0.0376s/iter; left time: 40.8745s
Epoch: 6 cost time: 9.657827138900757
Epoch: 6, Steps: 257 | Train Loss: 0.2569024 Vali Loss: 0.2316608
EarlyStopping counter: 3 out of 3
Early stopping
VALIDATION_RESULT {"best_epoch": 3, "best_mae": 0.3298635086707909, "best_mse": 0.22057778930077035, "epochs_ran": 6, "metric_version": "element_weighted_v1"}
>>>>>>>testing : long_term_forecast_patchtst_etth2_sl336_pl96_s2022_PatchTST_ETTh2_ftM_sl336_ll48_pl96_dm512_nh4_el3_dl1_df2048_expand2_dc4_fc3_ebtimeF_dtTrue_patchtst_etth2_sl336_pl96_s2022_0<<<<<<<<<<<<<<<<<<<<<<<<<<<<<<<<<
test 2785
test shape: (2785, 96, 7) (2785, 96, 7)
test shape: (2785, 96, 7) (2785, 96, 7)
mse:0.3241780400276184, mae:0.374825119972229, dtw:Not calculated
