Using GPU
Args in experiment:
[1mBasic Config[0m
  Task Name:          long_term_forecast  Is Training:        1                   
  Model ID:           patchtst_ettm1_sl336_pl96_s2023Model:              PatchTST            

[1mData Loader[0m
  Data:               ETTm1               Root Path:          /home/cwh/Time-Series-Library/dataset/ETT-small
  Data Path:          ETTm1.csv           Features:           M                   
  Target:             OT                  Freq:               t                   
  Checkpoints:        /home/cwh/Time-Series-Library/logs/q2_main_baselines_multiseed/checkpoints

[1mForecasting Task[0m
  Seq Len:            336                 Label Len:          48                  
  Pred Len:           96                  Seasonal Patterns:  Monthly             
  Inverse:            0                   

[1mModel Parameters[0m
  Top k:              5                   Num Kernels:        6                   
  Enc In:             7                   Dec In:             7                   
  C Out:              7                   d model:            512                 
  n heads:            8                   e layers:           3                   
  d layers:           1                   d FF:               2048                
  Moving Avg:         25                  Factor:             3                   
  Distil:             1                   Dropout:            0.1                 
  Embed:              timeF               Activation:         gelu                

[1mRun Parameters[0m
  Num Workers:        0                   Itr:                1                   
  Train Epochs:       10                  Batch Size:         32                  
  Patience:           3                   Learning Rate:      0.0001              
  Des:                patchtst_ettm1_sl336_pl96_s2023Loss:               MSE                 
  Lradj:              type1               Use Amp:            0                   

[1mGPU[0m
  Use GPU:            1                   GPU:                0                   
  Use Multi GPU:      0                   Devices:            0,1,2,3             

[1mDe-stationary Projector Params[0m
  P Hidden Dims:      128, 128            P Hidden Layers:    2                   

Use GPU: cuda:0
🚀 Lazy Loading: PatchTST ...
>>>>>>>start training : long_term_forecast_patchtst_ettm1_sl336_pl96_s2023_PatchTST_ETTm1_ftM_sl336_ll48_pl96_dm512_nh8_el3_dl1_df2048_expand2_dc4_fc3_ebtimeF_dtTrue_patchtst_ettm1_sl336_pl96_s2023_0>>>>>>>>>>>>>>>>>>>>>>>>>>
train 34129
val 11425
	iters: 100, epoch: 1 | loss: 0.3107194
	speed: 0.0406s/iter; left time: 429.6001s
	iters: 200, epoch: 1 | loss: 0.2657016
	speed: 0.0383s/iter; left time: 401.2926s
	iters: 300, epoch: 1 | loss: 0.3090612
	speed: 0.0384s/iter; left time: 397.9284s
	iters: 400, epoch: 1 | loss: 0.2689302
	speed: 0.0383s/iter; left time: 393.5370s
	iters: 500, epoch: 1 | loss: 0.3423204
	speed: 0.0384s/iter; left time: 390.5272s
	iters: 600, epoch: 1 | loss: 0.2865885
	speed: 0.0384s/iter; left time: 386.6500s
	iters: 700, epoch: 1 | loss: 0.2627553
	speed: 0.0384s/iter; left time: 383.1340s
	iters: 800, epoch: 1 | loss: 0.2958968
	speed: 0.0384s/iter; left time: 378.9938s
	iters: 900, epoch: 1 | loss: 0.2624249
	speed: 0.0384s/iter; left time: 374.8054s
	iters: 1000, epoch: 1 | loss: 0.2514225
	speed: 0.0384s/iter; left time: 371.4497s
Epoch: 1 cost time: 41.18266701698303
Epoch: 1, Steps: 1067 | Train Loss: 0.2986530 Vali Loss: 0.4277310
Validation loss decreased (inf --> 0.427731).  Saving model ...
Updating learning rate to 0.0001
	iters: 100, epoch: 2 | loss: 0.2779283
	speed: 0.0985s/iter; left time: 935.8938s
	iters: 200, epoch: 2 | loss: 0.2676718
	speed: 0.0385s/iter; left time: 361.8464s
	iters: 300, epoch: 2 | loss: 0.3021125
	speed: 0.0385s/iter; left time: 357.7771s
	iters: 400, epoch: 2 | loss: 0.2344861
	speed: 0.0385s/iter; left time: 354.6980s
	iters: 500, epoch: 2 | loss: 0.2369903
	speed: 0.0383s/iter; left time: 349.0473s
	iters: 600, epoch: 2 | loss: 0.2355842
	speed: 0.0385s/iter; left time: 346.5035s
	iters: 700, epoch: 2 | loss: 0.2245728
	speed: 0.0384s/iter; left time: 341.7957s
	iters: 800, epoch: 2 | loss: 0.2468264
	speed: 0.0384s/iter; left time: 337.6735s
	iters: 900, epoch: 2 | loss: 0.2520907
	speed: 0.0384s/iter; left time: 334.5184s
	iters: 1000, epoch: 2 | loss: 0.2198000
	speed: 0.0383s/iter; left time: 329.7958s
Epoch: 2 cost time: 40.95424962043762
Epoch: 2, Steps: 1067 | Train Loss: 0.2581666 Vali Loss: 0.4146693
Validation loss decreased (0.427731 --> 0.414669).  Saving model ...
Updating learning rate to 5e-05
	iters: 100, epoch: 3 | loss: 0.2333956
	speed: 0.0984s/iter; left time: 830.1580s
	iters: 200, epoch: 3 | loss: 0.2132700
	speed: 0.0385s/iter; left time: 320.8170s
	iters: 300, epoch: 3 | loss: 0.1906438
	speed: 0.0384s/iter; left time: 316.3019s
	iters: 400, epoch: 3 | loss: 0.2461348
	speed: 0.0384s/iter; left time: 312.7114s
	iters: 500, epoch: 3 | loss: 0.2271050
	speed: 0.0385s/iter; left time: 309.2623s
	iters: 600, epoch: 3 | loss: 0.2131447
	speed: 0.0385s/iter; left time: 305.3249s
	iters: 700, epoch: 3 | loss: 0.2191405
	speed: 0.0385s/iter; left time: 301.6871s
	iters: 800, epoch: 3 | loss: 0.2284864
	speed: 0.0384s/iter; left time: 297.0213s
	iters: 900, epoch: 3 | loss: 0.1865853
	speed: 0.0385s/iter; left time: 293.9359s
	iters: 1000, epoch: 3 | loss: 0.2042397
	speed: 0.0385s/iter; left time: 290.5289s
Epoch: 3 cost time: 41.030964851379395
Epoch: 3, Steps: 1067 | Train Loss: 0.2203844 Vali Loss: 0.4148019
EarlyStopping counter: 1 out of 3
Updating learning rate to 2.5e-05
	iters: 100, epoch: 4 | loss: 0.2070569
	speed: 0.0984s/iter; left time: 724.8430s
	iters: 200, epoch: 4 | loss: 0.2044832
	speed: 0.0385s/iter; left time: 279.6696s
	iters: 300, epoch: 4 | loss: 0.1949655
	speed: 0.0385s/iter; left time: 275.8106s
	iters: 400, epoch: 4 | loss: 0.1947102
	speed: 0.0387s/iter; left time: 273.6143s
	iters: 500, epoch: 4 | loss: 0.2103523
	speed: 0.0385s/iter; left time: 268.5052s
	iters: 600, epoch: 4 | loss: 0.1898875
	speed: 0.0385s/iter; left time: 264.2810s
	iters: 700, epoch: 4 | loss: 0.2071336
	speed: 0.0385s/iter; left time: 260.4416s
	iters: 800, epoch: 4 | loss: 0.1869949
	speed: 0.0385s/iter; left time: 256.5200s
	iters: 900, epoch: 4 | loss: 0.2527303
	speed: 0.0385s/iter; left time: 252.8854s
	iters: 1000, epoch: 4 | loss: 0.1608251
	speed: 0.0384s/iter; left time: 248.3805s
Epoch: 4 cost time: 41.05221462249756
Epoch: 4, Steps: 1067 | Train Loss: 0.1992494 Vali Loss: 0.4434491
EarlyStopping counter: 2 out of 3
Updating learning rate to 1.25e-05
	iters: 100, epoch: 5 | loss: 0.1925930
	speed: 0.0980s/iter; left time: 617.8074s
	iters: 200, epoch: 5 | loss: 0.1667700
	speed: 0.0384s/iter; left time: 238.1829s
	iters: 300, epoch: 5 | loss: 0.1670013
	speed: 0.0385s/iter; left time: 234.8194s
	iters: 400, epoch: 5 | loss: 0.1968924
	speed: 0.0386s/iter; left time: 231.6522s
	iters: 500, epoch: 5 | loss: 0.1828343
	speed: 0.0384s/iter; left time: 226.8373s
	iters: 600, epoch: 5 | loss: 0.2022685
	speed: 0.0384s/iter; left time: 222.8051s
	iters: 700, epoch: 5 | loss: 0.2133663
	speed: 0.0385s/iter; left time: 219.4657s
	iters: 800, epoch: 5 | loss: 0.2050069
	speed: 0.0385s/iter; left time: 215.9182s
	iters: 900, epoch: 5 | loss: 0.2282910
	speed: 0.0385s/iter; left time: 211.6280s
	iters: 1000, epoch: 5 | loss: 0.1799397
	speed: 0.0384s/iter; left time: 207.2647s
Epoch: 5 cost time: 40.994218826293945
Epoch: 5, Steps: 1067 | Train Loss: 0.1888327 Vali Loss: 0.4422371
EarlyStopping counter: 3 out of 3
Early stopping
VALIDATION_RESULT {"best_epoch": 2, "best_mae": 0.43464283319814906, "best_mse": 0.41466929761869303, "epochs_ran": 5, "metric_version": "element_weighted_v1"}
>>>>>>>testing : long_term_forecast_patchtst_ettm1_sl336_pl96_s2023_PatchTST_ETTm1_ftM_sl336_ll48_pl96_dm512_nh8_el3_dl1_df2048_expand2_dc4_fc3_ebtimeF_dtTrue_patchtst_ettm1_sl336_pl96_s2023_0<<<<<<<<<<<<<<<<<<<<<<<<<<<<<<<<<
test 11425
test shape: (11425, 96, 7) (11425, 96, 7)
test shape: (11425, 96, 7) (11425, 96, 7)
mse:0.33040156960487366, mae:0.37423551082611084, dtw:Not calculated
