Using GPU
Args in experiment:
[1mBasic Config[0m
  Task Name:          long_term_forecast  Is Training:        1                   
  Model ID:           smamba_ettm2_sl336_pl720_s2023Model:              SMamba              

[1mData Loader[0m
  Data:               ETTm2               Root Path:          /home/cwh/Time-Series-Library/dataset/ETT-small
  Data Path:          ETTm2.csv           Features:           M                   
  Target:             OT                  Freq:               t                   
  Checkpoints:        /home/cwh/Time-Series-Library/logs/q2_main_baselines_multiseed/checkpoints

[1mForecasting Task[0m
  Seq Len:            336                 Label Len:          48                  
  Pred Len:           720                 Seasonal Patterns:  Monthly             
  Inverse:            0                   

[1mModel Parameters[0m
  Top k:              5                   Num Kernels:        6                   
  Enc In:             7                   Dec In:             7                   
  C Out:              7                   d model:            128                 
  n heads:            4                   e layers:           2                   
  d layers:           1                   d FF:               128                 
  Moving Avg:         25                  Factor:             3                   
  Distil:             1                   Dropout:            0.1                 
  Embed:              timeF               Activation:         gelu                

[1mRun Parameters[0m
  Num Workers:        0                   Itr:                1                   
  Train Epochs:       10                  Batch Size:         32                  
  Patience:           3                   Learning Rate:      5e-05               
  Des:                smamba_ettm2_sl336_pl720_s2023Loss:               MSE                 
  Lradj:              type1               Use Amp:            0                   

[1mGPU[0m
  Use GPU:            1                   GPU:                0                   
  Use Multi GPU:      0                   Devices:            0,1,2,3             

[1mDe-stationary Projector Params[0m
  P Hidden Dims:      128, 128            P Hidden Layers:    2                   

Use GPU: cuda:0
🚀 Lazy Loading: SMamba ...
>>>>>>>start training : long_term_forecast_smamba_ettm2_sl336_pl720_s2023_SMamba_ETTm2_ftM_sl336_ll48_pl720_dm128_nh4_el2_dl1_df128_expand2_dc4_fc3_ebtimeF_dtTrue_smamba_ettm2_sl336_pl720_s2023_0>>>>>>>>>>>>>>>>>>>>>>>>>>
train 33505
val 10801
	iters: 100, epoch: 1 | loss: 1.0758350
	speed: 0.0112s/iter; left time: 116.5835s
	iters: 200, epoch: 1 | loss: 0.3884493
	speed: 0.0088s/iter; left time: 90.4142s
	iters: 300, epoch: 1 | loss: 0.5806035
	speed: 0.0088s/iter; left time: 89.2653s
	iters: 400, epoch: 1 | loss: 0.2826199
	speed: 0.0089s/iter; left time: 90.0557s
	iters: 500, epoch: 1 | loss: 0.5862498
	speed: 0.0090s/iter; left time: 89.7107s
	iters: 600, epoch: 1 | loss: 0.6629551
	speed: 0.0087s/iter; left time: 86.1757s
	iters: 700, epoch: 1 | loss: 0.3536619
	speed: 0.0091s/iter; left time: 89.3675s
	iters: 800, epoch: 1 | loss: 0.3970542
	speed: 0.0088s/iter; left time: 85.3212s
	iters: 900, epoch: 1 | loss: 0.4564518
	speed: 0.0087s/iter; left time: 83.6846s
	iters: 1000, epoch: 1 | loss: 0.5228513
	speed: 0.0092s/iter; left time: 86.7604s
Epoch: 1 cost time: 9.57699990272522
Epoch: 1, Steps: 1048 | Train Loss: 0.5549344 Vali Loss: 0.2812917
Validation loss decreased (inf --> 0.281292).  Saving model ...
Updating learning rate to 5e-05
	iters: 100, epoch: 2 | loss: 0.5084323
	speed: 0.0269s/iter; left time: 250.6248s
	iters: 200, epoch: 2 | loss: 0.2480435
	speed: 0.0093s/iter; left time: 85.4796s
	iters: 300, epoch: 2 | loss: 0.6680176
	speed: 0.0091s/iter; left time: 83.1364s
	iters: 400, epoch: 2 | loss: 0.3170224
	speed: 0.0086s/iter; left time: 77.9378s
	iters: 500, epoch: 2 | loss: 0.3476078
	speed: 0.0089s/iter; left time: 79.3778s
	iters: 600, epoch: 2 | loss: 0.3935122
	speed: 0.0091s/iter; left time: 80.1521s
	iters: 700, epoch: 2 | loss: 0.5707996
	speed: 0.0092s/iter; left time: 80.0187s
	iters: 800, epoch: 2 | loss: 0.5375507
	speed: 0.0090s/iter; left time: 77.9969s
	iters: 900, epoch: 2 | loss: 0.4585190
	speed: 0.0089s/iter; left time: 75.7143s
	iters: 1000, epoch: 2 | loss: 0.3795825
	speed: 0.0089s/iter; left time: 75.4481s
Epoch: 2 cost time: 9.438854455947876
Epoch: 2, Steps: 1048 | Train Loss: 0.4764889 Vali Loss: 0.2904532
EarlyStopping counter: 1 out of 3
Updating learning rate to 2.5e-05
	iters: 100, epoch: 3 | loss: 0.4239214
	speed: 0.0262s/iter; left time: 217.4150s
	iters: 200, epoch: 3 | loss: 0.6738314
	speed: 0.0089s/iter; left time: 72.5291s
	iters: 300, epoch: 3 | loss: 0.3183562
	speed: 0.0089s/iter; left time: 71.9565s
	iters: 400, epoch: 3 | loss: 0.6729050
	speed: 0.0090s/iter; left time: 71.6047s
	iters: 500, epoch: 3 | loss: 0.3396074
	speed: 0.0091s/iter; left time: 71.8186s
	iters: 600, epoch: 3 | loss: 0.4642352
	speed: 0.0090s/iter; left time: 69.8740s
	iters: 700, epoch: 3 | loss: 0.4075293
	speed: 0.0092s/iter; left time: 70.5133s
	iters: 800, epoch: 3 | loss: 0.6688666
	speed: 0.0088s/iter; left time: 66.4936s
	iters: 900, epoch: 3 | loss: 0.4507122
	speed: 0.0089s/iter; left time: 66.5811s
	iters: 1000, epoch: 3 | loss: 0.3295202
	speed: 0.0091s/iter; left time: 67.2357s
Epoch: 3 cost time: 9.386395454406738
Epoch: 3, Steps: 1048 | Train Loss: 0.4414571 Vali Loss: 0.2926775
EarlyStopping counter: 2 out of 3
Updating learning rate to 1.25e-05
	iters: 100, epoch: 4 | loss: 0.4446587
	speed: 0.0256s/iter; left time: 185.5665s
	iters: 200, epoch: 4 | loss: 0.3824391
	speed: 0.0093s/iter; left time: 66.3915s
	iters: 300, epoch: 4 | loss: 0.4873329
	speed: 0.0092s/iter; left time: 64.6943s
	iters: 400, epoch: 4 | loss: 0.4265759
	speed: 0.0094s/iter; left time: 65.5246s
	iters: 500, epoch: 4 | loss: 0.6698614
	speed: 0.0094s/iter; left time: 64.1941s
	iters: 600, epoch: 4 | loss: 0.4468875
	speed: 0.0087s/iter; left time: 58.9323s
	iters: 700, epoch: 4 | loss: 0.2868699
	speed: 0.0090s/iter; left time: 59.9829s
	iters: 800, epoch: 4 | loss: 0.4595862
	speed: 0.0087s/iter; left time: 56.9100s
	iters: 900, epoch: 4 | loss: 0.4436903
	speed: 0.0089s/iter; left time: 57.2640s
	iters: 1000, epoch: 4 | loss: 0.2595570
	speed: 0.0091s/iter; left time: 57.5300s
Epoch: 4 cost time: 9.47616171836853
Epoch: 4, Steps: 1048 | Train Loss: 0.4280200 Vali Loss: 0.2921223
EarlyStopping counter: 3 out of 3
Early stopping
VALIDATION_RESULT {"best_epoch": 1, "best_mae": 0.3619156976673764, "best_mse": 0.28129166610983075, "epochs_ran": 4, "metric_version": "element_weighted_v1"}
>>>>>>>testing : long_term_forecast_smamba_ettm2_sl336_pl720_s2023_SMamba_ETTm2_ftM_sl336_ll48_pl720_dm128_nh4_el2_dl1_df128_expand2_dc4_fc3_ebtimeF_dtTrue_smamba_ettm2_sl336_pl720_s2023_0<<<<<<<<<<<<<<<<<<<<<<<<<<<<<<<<<
test 10801
test shape: (10801, 720, 7) (10801, 720, 7)
test shape: (10801, 720, 7) (10801, 720, 7)
mse:0.37334057688713074, mae:0.3940134048461914, dtw:Not calculated
