Using GPU
Args in experiment:
[1mBasic Config[0m
  Task Name:          long_term_forecast  Is Training:        1                   
  Model ID:           smamba_ettm1_sl336_pl192_s2022Model:              SMamba              

[1mData Loader[0m
  Data:               ETTm1               Root Path:          /home/cwh/Time-Series-Library/dataset/ETT-small
  Data Path:          ETTm1.csv           Features:           M                   
  Target:             OT                  Freq:               t                   
  Checkpoints:        /home/cwh/Time-Series-Library/logs/q2_main_baselines_multiseed/checkpoints

[1mForecasting Task[0m
  Seq Len:            336                 Label Len:          48                  
  Pred Len:           192                 Seasonal Patterns:  Monthly             
  Inverse:            0                   

[1mModel Parameters[0m
  Top k:              5                   Num Kernels:        6                   
  Enc In:             7                   Dec In:             7                   
  C Out:              7                   d model:            128                 
  n heads:            4                   e layers:           2                   
  d layers:           1                   d FF:               128                 
  Moving Avg:         25                  Factor:             3                   
  Distil:             1                   Dropout:            0.1                 
  Embed:              timeF               Activation:         gelu                

[1mRun Parameters[0m
  Num Workers:        0                   Itr:                1                   
  Train Epochs:       10                  Batch Size:         32                  
  Patience:           3                   Learning Rate:      5e-05               
  Des:                smamba_ettm1_sl336_pl192_s2022Loss:               MSE                 
  Lradj:              type1               Use Amp:            0                   

[1mGPU[0m
  Use GPU:            1                   GPU:                0                   
  Use Multi GPU:      0                   Devices:            0,1,2,3             

[1mDe-stationary Projector Params[0m
  P Hidden Dims:      128, 128            P Hidden Layers:    2                   

Use GPU: cuda:0
🚀 Lazy Loading: SMamba ...
>>>>>>>start training : long_term_forecast_smamba_ettm1_sl336_pl192_s2022_SMamba_ETTm1_ftM_sl336_ll48_pl192_dm128_nh4_el2_dl1_df128_expand2_dc4_fc3_ebtimeF_dtTrue_smamba_ettm1_sl336_pl192_s2022_0>>>>>>>>>>>>>>>>>>>>>>>>>>
train 34033
val 11329
	iters: 100, epoch: 1 | loss: 0.4194990
	speed: 0.0107s/iter; left time: 112.3396s
	iters: 200, epoch: 1 | loss: 0.4297611
	speed: 0.0085s/iter; left time: 88.8837s
	iters: 300, epoch: 1 | loss: 0.3521555
	speed: 0.0085s/iter; left time: 88.4037s
	iters: 400, epoch: 1 | loss: 0.3777238
	speed: 0.0086s/iter; left time: 88.4969s
	iters: 500, epoch: 1 | loss: 0.3402720
	speed: 0.0081s/iter; left time: 82.3863s
	iters: 600, epoch: 1 | loss: 0.3352140
	speed: 0.0084s/iter; left time: 84.3419s
	iters: 700, epoch: 1 | loss: 0.3541171
	speed: 0.0084s/iter; left time: 83.6549s
	iters: 800, epoch: 1 | loss: 0.3090318
	speed: 0.0087s/iter; left time: 86.0098s
	iters: 900, epoch: 1 | loss: 0.2779077
	speed: 0.0086s/iter; left time: 84.1988s
	iters: 1000, epoch: 1 | loss: 0.3038022
	speed: 0.0082s/iter; left time: 79.1867s
Epoch: 1 cost time: 9.24598741531372
Epoch: 1, Steps: 1064 | Train Loss: 0.3717124 Vali Loss: 0.5146847
Validation loss decreased (inf --> 0.514685).  Saving model ...
Updating learning rate to 5e-05
	iters: 100, epoch: 2 | loss: 0.3569316
	speed: 0.0270s/iter; left time: 255.4940s
	iters: 200, epoch: 2 | loss: 0.2517182
	speed: 0.0084s/iter; left time: 78.3069s
	iters: 300, epoch: 2 | loss: 0.2874871
	speed: 0.0081s/iter; left time: 75.2506s
	iters: 400, epoch: 2 | loss: 0.4103588
	speed: 0.0081s/iter; left time: 74.7082s
	iters: 500, epoch: 2 | loss: 0.2630896
	speed: 0.0086s/iter; left time: 77.8862s
	iters: 600, epoch: 2 | loss: 0.2533512
	speed: 0.0081s/iter; left time: 72.5422s
	iters: 700, epoch: 2 | loss: 0.2630799
	speed: 0.0084s/iter; left time: 74.2391s
	iters: 800, epoch: 2 | loss: 0.2801778
	speed: 0.0083s/iter; left time: 72.4241s
	iters: 900, epoch: 2 | loss: 0.2692635
	speed: 0.0085s/iter; left time: 73.6897s
	iters: 1000, epoch: 2 | loss: 0.3126280
	speed: 0.0084s/iter; left time: 72.3488s
Epoch: 2 cost time: 8.905569076538086
Epoch: 2, Steps: 1064 | Train Loss: 0.3059307 Vali Loss: 0.4940277
Validation loss decreased (0.514685 --> 0.494028).  Saving model ...
Updating learning rate to 2.5e-05
	iters: 100, epoch: 3 | loss: 0.2949682
	speed: 0.0257s/iter; left time: 216.2154s
	iters: 200, epoch: 3 | loss: 0.2575068
	speed: 0.0084s/iter; left time: 69.6049s
	iters: 300, epoch: 3 | loss: 0.2456372
	speed: 0.0086s/iter; left time: 70.4908s
	iters: 400, epoch: 3 | loss: 0.3386190
	speed: 0.0084s/iter; left time: 68.4593s
	iters: 500, epoch: 3 | loss: 0.2844131
	speed: 0.0084s/iter; left time: 67.6036s
	iters: 600, epoch: 3 | loss: 0.2927840
	speed: 0.0083s/iter; left time: 65.7445s
	iters: 700, epoch: 3 | loss: 0.2566020
	speed: 0.0084s/iter; left time: 65.7013s
	iters: 800, epoch: 3 | loss: 0.2933062
	speed: 0.0086s/iter; left time: 66.5701s
	iters: 900, epoch: 3 | loss: 0.2679491
	speed: 0.0085s/iter; left time: 64.6613s
	iters: 1000, epoch: 3 | loss: 0.3449916
	speed: 0.0083s/iter; left time: 62.5248s
Epoch: 3 cost time: 8.996219635009766
Epoch: 3, Steps: 1064 | Train Loss: 0.2904196 Vali Loss: 0.4935849
Validation loss decreased (0.494028 --> 0.493585).  Saving model ...
Updating learning rate to 1.25e-05
	iters: 100, epoch: 4 | loss: 0.3258584
	speed: 0.0270s/iter; left time: 198.1057s
	iters: 200, epoch: 4 | loss: 0.2488240
	speed: 0.0087s/iter; left time: 62.7799s
	iters: 300, epoch: 4 | loss: 0.2941787
	speed: 0.0084s/iter; left time: 60.3032s
	iters: 400, epoch: 4 | loss: 0.2937631
	speed: 0.0083s/iter; left time: 58.5668s
	iters: 500, epoch: 4 | loss: 0.2645703
	speed: 0.0085s/iter; left time: 59.0986s
	iters: 600, epoch: 4 | loss: 0.2636143
	speed: 0.0086s/iter; left time: 59.1646s
	iters: 700, epoch: 4 | loss: 0.3179783
	speed: 0.0081s/iter; left time: 54.4994s
	iters: 800, epoch: 4 | loss: 0.3019172
	speed: 0.0085s/iter; left time: 56.6200s
	iters: 900, epoch: 4 | loss: 0.3462783
	speed: 0.0084s/iter; left time: 54.9925s
	iters: 1000, epoch: 4 | loss: 0.2720828
	speed: 0.0084s/iter; left time: 54.3660s
Epoch: 4 cost time: 8.977420091629028
Epoch: 4, Steps: 1064 | Train Loss: 0.2846888 Vali Loss: 0.4908231
Validation loss decreased (0.493585 --> 0.490823).  Saving model ...
Updating learning rate to 6.25e-06
	iters: 100, epoch: 5 | loss: 0.4024136
	speed: 0.0262s/iter; left time: 164.6678s
	iters: 200, epoch: 5 | loss: 0.2572856
	speed: 0.0084s/iter; left time: 51.7867s
	iters: 300, epoch: 5 | loss: 0.2883067
	speed: 0.0084s/iter; left time: 51.3829s
	iters: 400, epoch: 5 | loss: 0.2649034
	speed: 0.0083s/iter; left time: 49.8930s
	iters: 500, epoch: 5 | loss: 0.2575456
	speed: 0.0084s/iter; left time: 49.2240s
	iters: 600, epoch: 5 | loss: 0.3018155
	speed: 0.0085s/iter; left time: 48.9076s
	iters: 700, epoch: 5 | loss: 0.3738808
	speed: 0.0084s/iter; left time: 47.6575s
	iters: 800, epoch: 5 | loss: 0.2352786
	speed: 0.0084s/iter; left time: 46.7593s
	iters: 900, epoch: 5 | loss: 0.2670037
	speed: 0.0086s/iter; left time: 47.0385s
	iters: 1000, epoch: 5 | loss: 0.2224844
	speed: 0.0085s/iter; left time: 45.9947s
Epoch: 5 cost time: 8.985722780227661
Epoch: 5, Steps: 1064 | Train Loss: 0.2820998 Vali Loss: 0.4912714
EarlyStopping counter: 1 out of 3
Updating learning rate to 3.125e-06
	iters: 100, epoch: 6 | loss: 0.2237815
	speed: 0.0271s/iter; left time: 141.2785s
	iters: 200, epoch: 6 | loss: 0.2753263
	speed: 0.0086s/iter; left time: 43.9018s
	iters: 300, epoch: 6 | loss: 0.2810512
	speed: 0.0083s/iter; left time: 41.5364s
	iters: 400, epoch: 6 | loss: 0.3036025
	speed: 0.0083s/iter; left time: 40.8739s
	iters: 500, epoch: 6 | loss: 0.2598741
	speed: 0.0083s/iter; left time: 39.8889s
	iters: 600, epoch: 6 | loss: 0.2592588
	speed: 0.0083s/iter; left time: 39.1048s
	iters: 700, epoch: 6 | loss: 0.2798443
	speed: 0.0085s/iter; left time: 39.3306s
	iters: 800, epoch: 6 | loss: 0.2541218
	speed: 0.0084s/iter; left time: 37.7857s
	iters: 900, epoch: 6 | loss: 0.2954288
	speed: 0.0084s/iter; left time: 36.9267s
	iters: 1000, epoch: 6 | loss: 0.2842351
	speed: 0.0082s/iter; left time: 35.5048s
Epoch: 6 cost time: 8.905479669570923
Epoch: 6, Steps: 1064 | Train Loss: 0.2809255 Vali Loss: 0.4901894
Validation loss decreased (0.490823 --> 0.490189).  Saving model ...
Updating learning rate to 1.5625e-06
	iters: 100, epoch: 7 | loss: 0.3262739
	speed: 0.0270s/iter; left time: 112.1700s
	iters: 200, epoch: 7 | loss: 0.2906650
	speed: 0.0084s/iter; left time: 34.0540s
	iters: 300, epoch: 7 | loss: 0.2782547
	speed: 0.0084s/iter; left time: 33.3926s
	iters: 400, epoch: 7 | loss: 0.2409481
	speed: 0.0084s/iter; left time: 32.3495s
	iters: 500, epoch: 7 | loss: 0.2332483
	speed: 0.0087s/iter; left time: 32.8267s
	iters: 600, epoch: 7 | loss: 0.3633462
	speed: 0.0083s/iter; left time: 30.3939s
	iters: 700, epoch: 7 | loss: 0.2976171
	speed: 0.0087s/iter; left time: 30.9483s
	iters: 800, epoch: 7 | loss: 0.2879456
	speed: 0.0085s/iter; left time: 29.3543s
	iters: 900, epoch: 7 | loss: 0.2725447
	speed: 0.0085s/iter; left time: 28.4458s
	iters: 1000, epoch: 7 | loss: 0.3733815
	speed: 0.0087s/iter; left time: 28.2609s
Epoch: 7 cost time: 9.034499883651733
Epoch: 7, Steps: 1064 | Train Loss: 0.2802924 Vali Loss: 0.4908407
EarlyStopping counter: 1 out of 3
Updating learning rate to 7.8125e-07
	iters: 100, epoch: 8 | loss: 0.3457675
	speed: 0.0266s/iter; left time: 82.1663s
	iters: 200, epoch: 8 | loss: 0.3134965
	speed: 0.0085s/iter; left time: 25.3034s
	iters: 300, epoch: 8 | loss: 0.3088073
	speed: 0.0086s/iter; left time: 24.9917s
	iters: 400, epoch: 8 | loss: 0.2656439
	speed: 0.0084s/iter; left time: 23.4923s
	iters: 500, epoch: 8 | loss: 0.3286686
	speed: 0.0087s/iter; left time: 23.3501s
	iters: 600, epoch: 8 | loss: 0.2357673
	speed: 0.0084s/iter; left time: 21.7467s
	iters: 700, epoch: 8 | loss: 0.3679387
	speed: 0.0084s/iter; left time: 20.8409s
	iters: 800, epoch: 8 | loss: 0.2604522
	speed: 0.0086s/iter; left time: 20.4765s
	iters: 900, epoch: 8 | loss: 0.2628202
	speed: 0.0087s/iter; left time: 19.8568s
	iters: 1000, epoch: 8 | loss: 0.2395872
	speed: 0.0085s/iter; left time: 18.5710s
Epoch: 8 cost time: 9.020605325698853
Epoch: 8, Steps: 1064 | Train Loss: 0.2800130 Vali Loss: 0.4905929
EarlyStopping counter: 2 out of 3
Updating learning rate to 3.90625e-07
	iters: 100, epoch: 9 | loss: 0.2584022
	speed: 0.0264s/iter; left time: 53.5528s
	iters: 200, epoch: 9 | loss: 0.2492218
	speed: 0.0085s/iter; left time: 16.3960s
	iters: 300, epoch: 9 | loss: 0.3381601
	speed: 0.0085s/iter; left time: 15.4572s
	iters: 400, epoch: 9 | loss: 0.2363446
	speed: 0.0084s/iter; left time: 14.4982s
	iters: 500, epoch: 9 | loss: 0.2720477
	speed: 0.0082s/iter; left time: 13.3157s
	iters: 600, epoch: 9 | loss: 0.2706251
	speed: 0.0085s/iter; left time: 12.9690s
	iters: 700, epoch: 9 | loss: 0.2723133
	speed: 0.0084s/iter; left time: 12.0202s
	iters: 800, epoch: 9 | loss: 0.3089000
	speed: 0.0085s/iter; left time: 11.3484s
	iters: 900, epoch: 9 | loss: 0.2565147
	speed: 0.0084s/iter; left time: 10.3333s
	iters: 1000, epoch: 9 | loss: 0.2315444
	speed: 0.0084s/iter; left time: 9.5268s
Epoch: 9 cost time: 8.968215465545654
Epoch: 9, Steps: 1064 | Train Loss: 0.2797915 Vali Loss: 0.4906080
EarlyStopping counter: 3 out of 3
Early stopping
VALIDATION_RESULT {"best_epoch": 6, "best_mae": 0.4661626664632813, "best_mse": 0.4901894465250377, "epochs_ran": 9, "metric_version": "element_weighted_v1"}
>>>>>>>testing : long_term_forecast_smamba_ettm1_sl336_pl192_s2022_SMamba_ETTm1_ftM_sl336_ll48_pl192_dm128_nh4_el2_dl1_df128_expand2_dc4_fc3_ebtimeF_dtTrue_smamba_ettm1_sl336_pl192_s2022_0<<<<<<<<<<<<<<<<<<<<<<<<<<<<<<<<<
test 11329
test shape: (11329, 192, 7) (11329, 192, 7)
test shape: (11329, 192, 7) (11329, 192, 7)
mse:0.3439669609069824, mae:0.38285642862319946, dtw:Not calculated
