Using GPU
Args in experiment:
[1mBasic Config[0m
  Task Name:          long_term_forecast  Is Training:        1                   
  Model ID:           smamba_etth1_sl336_pl720_s2023Model:              SMamba              

[1mData Loader[0m
  Data:               ETTh1               Root Path:          /home/cwh/Time-Series-Library/dataset/ETT-small
  Data Path:          ETTh1.csv           Features:           M                   
  Target:             OT                  Freq:               h                   
  Checkpoints:        /home/cwh/Time-Series-Library/logs/q2_main_baselines_multiseed/checkpoints

[1mForecasting Task[0m
  Seq Len:            336                 Label Len:          48                  
  Pred Len:           720                 Seasonal Patterns:  Monthly             
  Inverse:            0                   

[1mModel Parameters[0m
  Top k:              5                   Num Kernels:        6                   
  Enc In:             7                   Dec In:             7                   
  C Out:              7                   d model:            256                 
  n heads:            4                   e layers:           2                   
  d layers:           1                   d FF:               256                 
  Moving Avg:         25                  Factor:             3                   
  Distil:             1                   Dropout:            0.1                 
  Embed:              timeF               Activation:         gelu                

[1mRun Parameters[0m
  Num Workers:        0                   Itr:                1                   
  Train Epochs:       10                  Batch Size:         32                  
  Patience:           3                   Learning Rate:      5e-05               
  Des:                smamba_etth1_sl336_pl720_s2023Loss:               MSE                 
  Lradj:              type1               Use Amp:            0                   

[1mGPU[0m
  Use GPU:            1                   GPU:                0                   
  Use Multi GPU:      0                   Devices:            0,1,2,3             

[1mDe-stationary Projector Params[0m
  P Hidden Dims:      128, 128            P Hidden Layers:    2                   

Use GPU: cuda:0
🚀 Lazy Loading: SMamba ...
>>>>>>>start training : long_term_forecast_smamba_etth1_sl336_pl720_s2023_SMamba_ETTh1_ftM_sl336_ll48_pl720_dm256_nh4_el2_dl1_df256_expand2_dc4_fc3_ebtimeF_dtTrue_smamba_etth1_sl336_pl720_s2023_0>>>>>>>>>>>>>>>>>>>>>>>>>>
train 7585
val 2161
	iters: 100, epoch: 1 | loss: 0.6630514
	speed: 0.0110s/iter; left time: 25.1813s
	iters: 200, epoch: 1 | loss: 0.6781274
	speed: 0.0092s/iter; left time: 20.1587s
Epoch: 1 cost time: 2.3900468349456787
Epoch: 1, Steps: 238 | Train Loss: 0.7081588 Vali Loss: 1.5143724
Validation loss decreased (inf --> 1.514372).  Saving model ...
Updating learning rate to 5e-05
	iters: 100, epoch: 2 | loss: 0.6627918
	speed: 0.0153s/iter; left time: 31.2446s
	iters: 200, epoch: 2 | loss: 0.5423849
	speed: 0.0091s/iter; left time: 17.6078s
Epoch: 2 cost time: 2.136735439300537
Epoch: 2, Steps: 238 | Train Loss: 0.6073405 Vali Loss: 1.5536674
EarlyStopping counter: 1 out of 3
Updating learning rate to 2.5e-05
	iters: 100, epoch: 3 | loss: 0.5990819
	speed: 0.0152s/iter; left time: 27.4869s
	iters: 200, epoch: 3 | loss: 0.6161479
	speed: 0.0088s/iter; left time: 15.0361s
Epoch: 3 cost time: 2.132385015487671
Epoch: 3, Steps: 238 | Train Loss: 0.5652418 Vali Loss: 1.6395932
EarlyStopping counter: 2 out of 3
Updating learning rate to 1.25e-05
	iters: 100, epoch: 4 | loss: 0.4863431
	speed: 0.0151s/iter; left time: 23.5863s
	iters: 200, epoch: 4 | loss: 0.6105489
	speed: 0.0090s/iter; left time: 13.2581s
Epoch: 4 cost time: 2.153456449508667
Epoch: 4, Steps: 238 | Train Loss: 0.5460507 Vali Loss: 1.6423605
EarlyStopping counter: 3 out of 3
Early stopping
VALIDATION_RESULT {"best_epoch": 1, "best_mae": 0.8621653550288116, "best_mse": 1.514372368489612, "epochs_ran": 4, "metric_version": "element_weighted_v1"}
>>>>>>>testing : long_term_forecast_smamba_etth1_sl336_pl720_s2023_SMamba_ETTh1_ftM_sl336_ll48_pl720_dm256_nh4_el2_dl1_df256_expand2_dc4_fc3_ebtimeF_dtTrue_smamba_etth1_sl336_pl720_s2023_0<<<<<<<<<<<<<<<<<<<<<<<<<<<<<<<<<
test 2161
test shape: (2161, 720, 7) (2161, 720, 7)
test shape: (2161, 720, 7) (2161, 720, 7)
mse:0.5121325850486755, mae:0.5088046193122864, dtw:Not calculated
