Using GPU
Args in experiment:
[1mBasic Config[0m
  Task Name:          long_term_forecast  Is Training:        1                   
  Model ID:           smamba_etth1_sl336_pl192_s2022Model:              SMamba              

[1mData Loader[0m
  Data:               ETTh1               Root Path:          /home/cwh/Time-Series-Library/dataset/ETT-small
  Data Path:          ETTh1.csv           Features:           M                   
  Target:             OT                  Freq:               h                   
  Checkpoints:        /home/cwh/Time-Series-Library/logs/q2_main_baselines_multiseed/checkpoints

[1mForecasting Task[0m
  Seq Len:            336                 Label Len:          48                  
  Pred Len:           192                 Seasonal Patterns:  Monthly             
  Inverse:            0                   

[1mModel Parameters[0m
  Top k:              5                   Num Kernels:        6                   
  Enc In:             7                   Dec In:             7                   
  C Out:              7                   d model:            256                 
  n heads:            4                   e layers:           2                   
  d layers:           1                   d FF:               256                 
  Moving Avg:         25                  Factor:             3                   
  Distil:             1                   Dropout:            0.1                 
  Embed:              timeF               Activation:         gelu                

[1mRun Parameters[0m
  Num Workers:        0                   Itr:                1                   
  Train Epochs:       10                  Batch Size:         32                  
  Patience:           3                   Learning Rate:      7e-05               
  Des:                smamba_etth1_sl336_pl192_s2022Loss:               MSE                 
  Lradj:              type1               Use Amp:            0                   

[1mGPU[0m
  Use GPU:            1                   GPU:                0                   
  Use Multi GPU:      0                   Devices:            0,1,2,3             

[1mDe-stationary Projector Params[0m
  P Hidden Dims:      128, 128            P Hidden Layers:    2                   

Use GPU: cuda:0
🚀 Lazy Loading: SMamba ...
>>>>>>>start training : long_term_forecast_smamba_etth1_sl336_pl192_s2022_SMamba_ETTh1_ftM_sl336_ll48_pl192_dm256_nh4_el2_dl1_df256_expand2_dc4_fc3_ebtimeF_dtTrue_smamba_etth1_sl336_pl192_s2022_0>>>>>>>>>>>>>>>>>>>>>>>>>>
train 8113
val 2689
	iters: 100, epoch: 1 | loss: 0.4812772
	speed: 0.0107s/iter; left time: 26.1948s
	iters: 200, epoch: 1 | loss: 0.4037987
	speed: 0.0082s/iter; left time: 19.2483s
Epoch: 1 cost time: 2.3238155841827393
Epoch: 1, Steps: 254 | Train Loss: 0.4982652 Vali Loss: 0.9604593
Validation loss decreased (inf --> 0.960459).  Saving model ...
Updating learning rate to 7e-05
	iters: 100, epoch: 2 | loss: 0.3426509
	speed: 0.0154s/iter; left time: 33.5796s
	iters: 200, epoch: 2 | loss: 0.4013295
	speed: 0.0081s/iter; left time: 16.9281s
Epoch: 2 cost time: 2.06831431388855
Epoch: 2, Steps: 254 | Train Loss: 0.4184985 Vali Loss: 0.9565826
Validation loss decreased (0.960459 --> 0.956583).  Saving model ...
Updating learning rate to 3.5e-05
	iters: 100, epoch: 3 | loss: 0.4655688
	speed: 0.0155s/iter; left time: 29.9864s
	iters: 200, epoch: 3 | loss: 0.4150847
	speed: 0.0082s/iter; left time: 15.0112s
Epoch: 3 cost time: 2.0848066806793213
Epoch: 3, Steps: 254 | Train Loss: 0.3924685 Vali Loss: 0.9942908
EarlyStopping counter: 1 out of 3
Updating learning rate to 1.75e-05
	iters: 100, epoch: 4 | loss: 0.3713284
	speed: 0.0160s/iter; left time: 26.8559s
	iters: 200, epoch: 4 | loss: 0.3937384
	speed: 0.0088s/iter; left time: 13.8703s
Epoch: 4 cost time: 2.207657814025879
Epoch: 4, Steps: 254 | Train Loss: 0.3792848 Vali Loss: 0.9962492
EarlyStopping counter: 2 out of 3
Updating learning rate to 8.75e-06
	iters: 100, epoch: 5 | loss: 0.4599459
	speed: 0.0157s/iter; left time: 22.4142s
	iters: 200, epoch: 5 | loss: 0.3949225
	speed: 0.0083s/iter; left time: 10.9968s
Epoch: 5 cost time: 2.134219169616699
Epoch: 5, Steps: 254 | Train Loss: 0.3728620 Vali Loss: 0.9959812
EarlyStopping counter: 3 out of 3
Early stopping
VALIDATION_RESULT {"best_epoch": 2, "best_mae": 0.661885685875032, "best_mse": 0.9565826158230207, "epochs_ran": 5, "metric_version": "element_weighted_v1"}
>>>>>>>testing : long_term_forecast_smamba_etth1_sl336_pl192_s2022_SMamba_ETTh1_ftM_sl336_ll48_pl192_dm256_nh4_el2_dl1_df256_expand2_dc4_fc3_ebtimeF_dtTrue_smamba_etth1_sl336_pl192_s2022_0<<<<<<<<<<<<<<<<<<<<<<<<<<<<<<<<<
test 2689
test shape: (2689, 192, 7) (2689, 192, 7)
test shape: (2689, 192, 7) (2689, 192, 7)
mse:0.4342562258243561, mae:0.4415368437767029, dtw:Not calculated
