Using GPU
Args in experiment:
[1mBasic Config[0m
  Task Name:          long_term_forecast  Is Training:        1                   
  Model ID:           smamba_etth1_sl336_pl96_s2022Model:              SMamba              

[1mData Loader[0m
  Data:               ETTh1               Root Path:          /home/cwh/Time-Series-Library/dataset/ETT-small
  Data Path:          ETTh1.csv           Features:           M                   
  Target:             OT                  Freq:               h                   
  Checkpoints:        /home/cwh/Time-Series-Library/logs/q2_main_baselines_multiseed/checkpoints

[1mForecasting Task[0m
  Seq Len:            336                 Label Len:          48                  
  Pred Len:           96                  Seasonal Patterns:  Monthly             
  Inverse:            0                   

[1mModel Parameters[0m
  Top k:              5                   Num Kernels:        6                   
  Enc In:             7                   Dec In:             7                   
  C Out:              7                   d model:            256                 
  n heads:            4                   e layers:           2                   
  d layers:           1                   d FF:               256                 
  Moving Avg:         25                  Factor:             3                   
  Distil:             1                   Dropout:            0.1                 
  Embed:              timeF               Activation:         gelu                

[1mRun Parameters[0m
  Num Workers:        0                   Itr:                1                   
  Train Epochs:       10                  Batch Size:         32                  
  Patience:           3                   Learning Rate:      7e-05               
  Des:                smamba_etth1_sl336_pl96_s2022Loss:               MSE                 
  Lradj:              type1               Use Amp:            0                   

[1mGPU[0m
  Use GPU:            1                   GPU:                0                   
  Use Multi GPU:      0                   Devices:            0,1,2,3             

[1mDe-stationary Projector Params[0m
  P Hidden Dims:      128, 128            P Hidden Layers:    2                   

Use GPU: cuda:0
🚀 Lazy Loading: SMamba ...
>>>>>>>start training : long_term_forecast_smamba_etth1_sl336_pl96_s2022_SMamba_ETTh1_ftM_sl336_ll48_pl96_dm256_nh4_el2_dl1_df256_expand2_dc4_fc3_ebtimeF_dtTrue_smamba_etth1_sl336_pl96_s2022_0>>>>>>>>>>>>>>>>>>>>>>>>>>
train 8209
val 2785
	iters: 100, epoch: 1 | loss: 0.4668375
	speed: 0.0114s/iter; left time: 28.1975s
	iters: 200, epoch: 1 | loss: 0.3284812
	speed: 0.0089s/iter; left time: 21.1578s
Epoch: 1 cost time: 2.556286334991455
Epoch: 1, Steps: 257 | Train Loss: 0.4361044 Vali Loss: 0.7234357
Validation loss decreased (inf --> 0.723436).  Saving model ...
Updating learning rate to 7e-05
	iters: 100, epoch: 2 | loss: 0.3944320
	speed: 0.0164s/iter; left time: 36.2824s
	iters: 200, epoch: 2 | loss: 0.3226539
	speed: 0.0088s/iter; left time: 18.6470s
Epoch: 2 cost time: 2.1743240356445312
Epoch: 2, Steps: 257 | Train Loss: 0.3615851 Vali Loss: 0.7123266
Validation loss decreased (0.723436 --> 0.712327).  Saving model ...
Updating learning rate to 3.5e-05
	iters: 100, epoch: 3 | loss: 0.3671361
	speed: 0.0162s/iter; left time: 31.6533s
	iters: 200, epoch: 3 | loss: 0.3773280
	speed: 0.0079s/iter; left time: 14.6705s
Epoch: 3 cost time: 2.0881879329681396
Epoch: 3, Steps: 257 | Train Loss: 0.3354688 Vali Loss: 0.7191638
EarlyStopping counter: 1 out of 3
Updating learning rate to 1.75e-05
	iters: 100, epoch: 4 | loss: 0.3153140
	speed: 0.0168s/iter; left time: 28.5017s
	iters: 200, epoch: 4 | loss: 0.3139132
	speed: 0.0085s/iter; left time: 13.5645s
Epoch: 4 cost time: 2.24393892288208
Epoch: 4, Steps: 257 | Train Loss: 0.3239366 Vali Loss: 0.7279096
EarlyStopping counter: 2 out of 3
Updating learning rate to 8.75e-06
	iters: 100, epoch: 5 | loss: 0.2943734
	speed: 0.0160s/iter; left time: 23.1486s
	iters: 200, epoch: 5 | loss: 0.3600110
	speed: 0.0084s/iter; left time: 11.3104s
Epoch: 5 cost time: 2.147461414337158
Epoch: 5, Steps: 257 | Train Loss: 0.3187988 Vali Loss: 0.7318792
EarlyStopping counter: 3 out of 3
Early stopping
VALIDATION_RESULT {"best_epoch": 2, "best_mae": 0.5742893801781523, "best_mse": 0.712326595413692, "epochs_ran": 5, "metric_version": "element_weighted_v1"}
>>>>>>>testing : long_term_forecast_smamba_etth1_sl336_pl96_s2022_SMamba_ETTh1_ftM_sl336_ll48_pl96_dm256_nh4_el2_dl1_df256_expand2_dc4_fc3_ebtimeF_dtTrue_smamba_etth1_sl336_pl96_s2022_0<<<<<<<<<<<<<<<<<<<<<<<<<<<<<<<<<
test 2785
test shape: (2785, 96, 7) (2785, 96, 7)
test shape: (2785, 96, 7) (2785, 96, 7)
mse:0.3978860080242157, mae:0.4174461364746094, dtw:Not calculated
