Using GPU
Args in experiment:
[1mBasic Config[0m
  Task Name:          long_term_forecast  Is Training:        1                   
  Model ID:           smamba_weather_sl336_pl96_s2022Model:              SMamba              

[1mData Loader[0m
  Data:               custom              Root Path:          /home/cwh/Time-Series-Library/dataset/weather
  Data Path:          weather.csv         Features:           M                   
  Target:             CO2 (ppm)           Freq:               t                   
  Checkpoints:        /home/cwh/Time-Series-Library/logs/q2_main_baselines_multiseed/checkpoints

[1mForecasting Task[0m
  Seq Len:            336                 Label Len:          48                  
  Pred Len:           96                  Seasonal Patterns:  Monthly             
  Inverse:            0                   

[1mModel Parameters[0m
  Top k:              5                   Num Kernels:        6                   
  Enc In:             21                  Dec In:             21                  
  C Out:              21                  d model:            512                 
  n heads:            4                   e layers:           3                   
  d layers:           1                   d FF:               512                 
  Moving Avg:         25                  Factor:             3                   
  Distil:             1                   Dropout:            0.1                 
  Embed:              timeF               Activation:         gelu                

[1mRun Parameters[0m
  Num Workers:        0                   Itr:                1                   
  Train Epochs:       5                   Batch Size:         32                  
  Patience:           3                   Learning Rate:      5e-05               
  Des:                smamba_weather_sl336_pl96_s2022Loss:               MSE                 
  Lradj:              type1               Use Amp:            0                   

[1mGPU[0m
  Use GPU:            1                   GPU:                0                   
  Use Multi GPU:      0                   Devices:            0,1,2,3             

[1mDe-stationary Projector Params[0m
  P Hidden Dims:      128, 128            P Hidden Layers:    2                   

Use GPU: cuda:0
🚀 Lazy Loading: SMamba ...
>>>>>>>start training : long_term_forecast_smamba_weather_sl336_pl96_s2022_SMamba_custom_ftM_sl336_ll48_pl96_dm512_nh4_el3_dl1_df512_expand2_dc4_fc3_ebtimeF_dtTrue_smamba_weather_sl336_pl96_s2022_0>>>>>>>>>>>>>>>>>>>>>>>>>>
train 36456
val 5175
	iters: 100, epoch: 1 | loss: 0.4004622
	speed: 0.0137s/iter; left time: 76.8423s
	iters: 200, epoch: 1 | loss: 0.4185270
	speed: 0.0120s/iter; left time: 66.0481s
	iters: 300, epoch: 1 | loss: 0.3554261
	speed: 0.0121s/iter; left time: 65.5208s
	iters: 400, epoch: 1 | loss: 0.3801896
	speed: 0.0118s/iter; left time: 62.4792s
	iters: 500, epoch: 1 | loss: 0.3372968
	speed: 0.0122s/iter; left time: 63.4232s
	iters: 600, epoch: 1 | loss: 0.2934842
	speed: 0.0114s/iter; left time: 58.3509s
	iters: 700, epoch: 1 | loss: 0.4405473
	speed: 0.0117s/iter; left time: 58.5239s
	iters: 800, epoch: 1 | loss: 0.4369069
	speed: 0.0116s/iter; left time: 57.0162s
	iters: 900, epoch: 1 | loss: 0.3516567
	speed: 0.0119s/iter; left time: 57.3089s
	iters: 1000, epoch: 1 | loss: 0.2351977
	speed: 0.0113s/iter; left time: 52.9733s
	iters: 1100, epoch: 1 | loss: 0.2829601
	speed: 0.0119s/iter; left time: 54.6729s
Epoch: 1 cost time: 13.655410766601562
Epoch: 1, Steps: 1140 | Train Loss: 0.4509269 Vali Loss: 0.3901542
Validation loss decreased (inf --> 0.390154).  Saving model ...
Updating learning rate to 5e-05
	iters: 100, epoch: 2 | loss: 0.3283244
	speed: 0.0247s/iter; left time: 110.2769s
	iters: 200, epoch: 2 | loss: 2.1578796
	speed: 0.0113s/iter; left time: 49.2039s
	iters: 300, epoch: 2 | loss: 0.3042867
	speed: 0.0118s/iter; left time: 50.1128s
	iters: 400, epoch: 2 | loss: 0.5282155
	speed: 0.0119s/iter; left time: 49.3885s
	iters: 500, epoch: 2 | loss: 0.2997227
	speed: 0.0118s/iter; left time: 47.8918s
	iters: 600, epoch: 2 | loss: 0.2597071
	speed: 0.0116s/iter; left time: 45.8542s
	iters: 700, epoch: 2 | loss: 0.3270005
	speed: 0.0114s/iter; left time: 43.9218s
	iters: 800, epoch: 2 | loss: 0.2866054
	speed: 0.0122s/iter; left time: 46.0356s
	iters: 900, epoch: 2 | loss: 0.2017211
	speed: 0.0118s/iter; left time: 43.3421s
	iters: 1000, epoch: 2 | loss: 1.1643423
	speed: 0.0115s/iter; left time: 41.0440s
	iters: 1100, epoch: 2 | loss: 0.2648382
	speed: 0.0120s/iter; left time: 41.5082s
Epoch: 2 cost time: 13.362843990325928
Epoch: 2, Steps: 1140 | Train Loss: 0.3643774 Vali Loss: 0.3996542
EarlyStopping counter: 1 out of 3
Updating learning rate to 2.5e-05
	iters: 100, epoch: 3 | loss: 0.4382733
	speed: 0.0239s/iter; left time: 79.4268s
	iters: 200, epoch: 3 | loss: 0.1716889
	speed: 0.0119s/iter; left time: 38.1853s
	iters: 300, epoch: 3 | loss: 0.1902180
	speed: 0.0116s/iter; left time: 36.3088s
	iters: 400, epoch: 3 | loss: 0.1580423
	speed: 0.0116s/iter; left time: 34.9527s
	iters: 500, epoch: 3 | loss: 0.2270194
	speed: 0.0113s/iter; left time: 32.9751s
	iters: 600, epoch: 3 | loss: 0.2656070
	speed: 0.0117s/iter; left time: 33.1363s
	iters: 700, epoch: 3 | loss: 0.3229425
	speed: 0.0120s/iter; left time: 32.7249s
	iters: 800, epoch: 3 | loss: 0.1763316
	speed: 0.0114s/iter; left time: 29.9894s
	iters: 900, epoch: 3 | loss: 0.2589809
	speed: 0.0116s/iter; left time: 29.1766s
	iters: 1000, epoch: 3 | loss: 0.1922256
	speed: 0.0119s/iter; left time: 28.7391s
	iters: 1100, epoch: 3 | loss: 0.1958963
	speed: 0.0113s/iter; left time: 26.2175s
Epoch: 3 cost time: 13.231146097183228
Epoch: 3, Steps: 1140 | Train Loss: 0.3229689 Vali Loss: 0.4129997
EarlyStopping counter: 2 out of 3
Updating learning rate to 1.25e-05
	iters: 100, epoch: 4 | loss: 0.4004815
	speed: 0.0238s/iter; left time: 51.8363s
	iters: 200, epoch: 4 | loss: 0.1785586
	speed: 0.0118s/iter; left time: 24.5929s
	iters: 300, epoch: 4 | loss: 0.3176633
	speed: 0.0116s/iter; left time: 23.0526s
	iters: 400, epoch: 4 | loss: 0.1667276
	speed: 0.0113s/iter; left time: 21.2514s
	iters: 500, epoch: 4 | loss: 0.1560787
	speed: 0.0125s/iter; left time: 22.2217s
	iters: 600, epoch: 4 | loss: 0.1405076
	speed: 0.0120s/iter; left time: 20.2106s
	iters: 700, epoch: 4 | loss: 0.2072672
	speed: 0.0116s/iter; left time: 18.3841s
	iters: 800, epoch: 4 | loss: 0.1902611
	speed: 0.0115s/iter; left time: 16.9833s
	iters: 900, epoch: 4 | loss: 0.2099400
	speed: 0.0119s/iter; left time: 16.4130s
	iters: 1000, epoch: 4 | loss: 0.2592047
	speed: 0.0113s/iter; left time: 14.5277s
	iters: 1100, epoch: 4 | loss: 0.2494369
	speed: 0.0115s/iter; left time: 13.6361s
Epoch: 4 cost time: 13.337037324905396
Epoch: 4, Steps: 1140 | Train Loss: 0.3025399 Vali Loss: 0.4119266
EarlyStopping counter: 3 out of 3
Early stopping
VALIDATION_RESULT {"best_epoch": 1, "best_mae": 0.2788174480364811, "best_mse": 0.39015423608789707, "epochs_ran": 4, "metric_version": "element_weighted_v1"}
>>>>>>>testing : long_term_forecast_smamba_weather_sl336_pl96_s2022_SMamba_custom_ftM_sl336_ll48_pl96_dm512_nh4_el3_dl1_df512_expand2_dc4_fc3_ebtimeF_dtTrue_smamba_weather_sl336_pl96_s2022_0<<<<<<<<<<<<<<<<<<<<<<<<<<<<<<<<<
test 10444
test shape: (10444, 96, 21) (10444, 96, 21)
test shape: (10444, 96, 21) (10444, 96, 21)
mse:0.15761198103427887, mae:0.20676299929618835, dtw:Not calculated
