Using GPU
Args in experiment:
[1mBasic Config[0m
  Task Name:          long_term_forecast  Is Training:        1                   
  Model ID:           timemixer_ettm1_sl336_pl192_s2023Model:              TimeMixer           

[1mData Loader[0m
  Data:               ETTm1               Root Path:          /home/cwh/Time-Series-Library/dataset/ETT-small
  Data Path:          ETTm1.csv           Features:           M                   
  Target:             OT                  Freq:               t                   
  Checkpoints:        /home/cwh/Time-Series-Library/logs/q2_main_baselines_multiseed/checkpoints

[1mForecasting Task[0m
  Seq Len:            336                 Label Len:          0                   
  Pred Len:           192                 Seasonal Patterns:  Monthly             
  Inverse:            0                   

[1mModel Parameters[0m
  Top k:              5                   Num Kernels:        6                   
  Enc In:             7                   Dec In:             7                   
  C Out:              7                   d model:            16                  
  n heads:            4                   e layers:           2                   
  d layers:           1                   d FF:               32                  
  Moving Avg:         25                  Factor:             3                   
  Distil:             1                   Dropout:            0.1                 
  Embed:              timeF               Activation:         gelu                

[1mRun Parameters[0m
  Num Workers:        0                   Itr:                1                   
  Train Epochs:       10                  Batch Size:         32                  
  Patience:           10                  Learning Rate:      0.01                
  Des:                timemixer_ettm1_sl336_pl192_s2023Loss:               MSE                 
  Lradj:              type1               Use Amp:            0                   

[1mGPU[0m
  Use GPU:            1                   GPU:                0                   
  Use Multi GPU:      0                   Devices:            0,1,2,3             

[1mDe-stationary Projector Params[0m
  P Hidden Dims:      128, 128            P Hidden Layers:    2                   

Use GPU: cuda:0
🚀 Lazy Loading: TimeMixer ...
>>>>>>>start training : long_term_forecast_timemixer_ettm1_sl336_pl192_s2023_TimeMixer_ETTm1_ftM_sl336_ll0_pl192_dm16_nh4_el2_dl1_df32_expand2_dc4_fc3_ebtimeF_dtTrue_timemixer_ettm1_sl336_pl192_s2023_0>>>>>>>>>>>>>>>>>>>>>>>>>>
train 34033
val 11329
	iters: 100, epoch: 1 | loss: 0.3104570
	speed: 0.0246s/iter; left time: 259.8144s
	iters: 200, epoch: 1 | loss: 0.3471292
	speed: 0.0173s/iter; left time: 180.3507s
	iters: 300, epoch: 1 | loss: 0.2786658
	speed: 0.0169s/iter; left time: 174.5481s
	iters: 400, epoch: 1 | loss: 0.2878628
	speed: 0.0169s/iter; left time: 173.0069s
	iters: 500, epoch: 1 | loss: 0.2433412
	speed: 0.0167s/iter; left time: 168.9463s
	iters: 600, epoch: 1 | loss: 0.3416174
	speed: 0.0167s/iter; left time: 167.7606s
	iters: 700, epoch: 1 | loss: 0.3395049
	speed: 0.0174s/iter; left time: 172.6062s
	iters: 800, epoch: 1 | loss: 0.3206784
	speed: 0.0167s/iter; left time: 164.0348s
	iters: 900, epoch: 1 | loss: 0.3051997
	speed: 0.0167s/iter; left time: 162.9565s
	iters: 1000, epoch: 1 | loss: 0.2747437
	speed: 0.0170s/iter; left time: 163.9458s
Epoch: 1 cost time: 18.257389068603516
Epoch: 1, Steps: 1064 | Train Loss: 0.3067431 Vali Loss: 0.5077312
Validation loss decreased (inf --> 0.507731).  Saving model ...
Updating learning rate to 0.01
	iters: 100, epoch: 2 | loss: 0.2831407
	speed: 0.0490s/iter; left time: 464.0338s
	iters: 200, epoch: 2 | loss: 0.3059661
	speed: 0.0164s/iter; left time: 153.9317s
	iters: 300, epoch: 2 | loss: 217485296.0000000
	speed: 0.0167s/iter; left time: 155.2140s
	iters: 400, epoch: 2 | loss: 5473531.0000000
	speed: 0.0162s/iter; left time: 149.1206s
	iters: 500, epoch: 2 | loss: 3016478.0000000
	speed: 0.0168s/iter; left time: 152.3242s
	iters: 600, epoch: 2 | loss: 957787.6250000
	speed: 0.0165s/iter; left time: 148.3420s
	iters: 700, epoch: 2 | loss: 660817.0625000
	speed: 0.0171s/iter; left time: 151.5595s
	iters: 800, epoch: 2 | loss: 447086.6250000
	speed: 0.0170s/iter; left time: 149.4501s
	iters: 900, epoch: 2 | loss: 577340.1875000
	speed: 0.0174s/iter; left time: 151.2452s
	iters: 1000, epoch: 2 | loss: 468348.8750000
	speed: 0.0171s/iter; left time: 146.6164s
Epoch: 2 cost time: 17.924450159072876
Epoch: 2, Steps: 1064 | Train Loss: 680200939.2296175 Vali Loss: 43614175.7858341
EarlyStopping counter: 1 out of 10
Updating learning rate to 0.005
	iters: 100, epoch: 3 | loss: 449485.4375000
	speed: 0.0493s/iter; left time: 414.8703s
	iters: 200, epoch: 3 | loss: 403079.5937500
	speed: 0.0178s/iter; left time: 147.5869s
	iters: 300, epoch: 3 | loss: 349644.4062500
	speed: 0.0167s/iter; left time: 137.4992s
	iters: 400, epoch: 3 | loss: 278821.8125000
	speed: 0.0177s/iter; left time: 143.3732s
	iters: 500, epoch: 3 | loss: 318759.0937500
	speed: 0.0170s/iter; left time: 135.9592s
	iters: 600, epoch: 3 | loss: 248205.6250000
	speed: 0.0166s/iter; left time: 131.6810s
	iters: 700, epoch: 3 | loss: 202408.7968750
	speed: 0.0167s/iter; left time: 130.1244s
	iters: 800, epoch: 3 | loss: 275948.8437500
	speed: 0.0168s/iter; left time: 129.4023s
	iters: 900, epoch: 3 | loss: 235473.6875000
	speed: 0.0164s/iter; left time: 125.1780s
	iters: 1000, epoch: 3 | loss: 220670.2968750
	speed: 0.0165s/iter; left time: 123.6325s
Epoch: 3 cost time: 17.92477011680603
Epoch: 3, Steps: 1064 | Train Loss: 370559.0378583 Vali Loss: 40950756.0623363
EarlyStopping counter: 2 out of 10
Updating learning rate to 0.0025
	iters: 100, epoch: 4 | loss: 204018.8906250
	speed: 0.0482s/iter; left time: 354.1029s
	iters: 200, epoch: 4 | loss: 171947.7187500
	speed: 0.0162s/iter; left time: 117.7940s
	iters: 300, epoch: 4 | loss: 226969.5781250
	speed: 0.0165s/iter; left time: 117.8853s
	iters: 400, epoch: 4 | loss: 8279860.5000000
	speed: 0.0163s/iter; left time: 114.8339s
	iters: 500, epoch: 4 | loss: 228323.6718750
	speed: 0.0172s/iter; left time: 119.5324s
	iters: 600, epoch: 4 | loss: 272373.5625000
	speed: 0.0173s/iter; left time: 118.2288s
	iters: 700, epoch: 4 | loss: 142603.6250000
	speed: 0.0173s/iter; left time: 116.9604s
	iters: 800, epoch: 4 | loss: 158869.6250000
	speed: 0.0168s/iter; left time: 111.7488s
	iters: 900, epoch: 4 | loss: 265564.2812500
	speed: 0.0170s/iter; left time: 111.1716s
	iters: 1000, epoch: 4 | loss: 182993.9531250
	speed: 0.0169s/iter; left time: 108.6832s
Epoch: 4 cost time: 17.92776918411255
Epoch: 4, Steps: 1064 | Train Loss: 246983.1907528 Vali Loss: 9336522.2875049
EarlyStopping counter: 3 out of 10
Updating learning rate to 0.00125
	iters: 100, epoch: 5 | loss: 167102.9687500
	speed: 0.0500s/iter; left time: 314.2436s
	iters: 200, epoch: 5 | loss: 194006.7343750
	speed: 0.0171s/iter; left time: 105.6442s
	iters: 300, epoch: 5 | loss: 175840.4062500
	speed: 0.0178s/iter; left time: 108.1308s
	iters: 400, epoch: 5 | loss: 178116.2500000
	speed: 0.0165s/iter; left time: 98.7567s
	iters: 500, epoch: 5 | loss: 152345.4531250
	speed: 0.0168s/iter; left time: 99.1277s
	iters: 600, epoch: 5 | loss: 154602.2187500
	speed: 0.0170s/iter; left time: 98.4076s
	iters: 700, epoch: 5 | loss: 142261.6250000
	speed: 0.0167s/iter; left time: 95.1992s
	iters: 800, epoch: 5 | loss: 225446.1406250
	speed: 0.0173s/iter; left time: 96.3457s
	iters: 900, epoch: 5 | loss: 147783.6406250
	speed: 0.0169s/iter; left time: 92.5771s
	iters: 1000, epoch: 5 | loss: 122233.2656250
	speed: 0.0169s/iter; left time: 91.0548s
Epoch: 5 cost time: 18.104766607284546
Epoch: 5, Steps: 1064 | Train Loss: 180892.8090490 Vali Loss: 9204253.4724170
EarlyStopping counter: 4 out of 10
Updating learning rate to 0.000625
	iters: 100, epoch: 6 | loss: 136605.0468750
	speed: 0.0479s/iter; left time: 250.0294s
	iters: 200, epoch: 6 | loss: 204051.3906250
	speed: 0.0164s/iter; left time: 84.2187s
	iters: 300, epoch: 6 | loss: 126447.9765625
	speed: 0.0164s/iter; left time: 82.3063s
	iters: 400, epoch: 6 | loss: 180274.9375000
	speed: 0.0171s/iter; left time: 84.0259s
	iters: 500, epoch: 6 | loss: 448247.6250000
	speed: 0.0166s/iter; left time: 80.1738s
	iters: 600, epoch: 6 | loss: 140648.0312500
	speed: 0.0170s/iter; left time: 80.1320s
	iters: 700, epoch: 6 | loss: 121637.1484375
	speed: 0.0169s/iter; left time: 77.9159s
	iters: 800, epoch: 6 | loss: 151868.6406250
	speed: 0.0169s/iter; left time: 76.5309s
	iters: 900, epoch: 6 | loss: 108066.5703125
	speed: 0.0171s/iter; left time: 75.7964s
	iters: 1000, epoch: 6 | loss: 98432.3984375
	speed: 0.0167s/iter; left time: 72.3650s
Epoch: 6 cost time: 17.82548952102661
Epoch: 6, Steps: 1064 | Train Loss: 150387.9998531 Vali Loss: 7601928.1192357
EarlyStopping counter: 5 out of 10
Updating learning rate to 0.0003125
	iters: 100, epoch: 7 | loss: 142403.6406250
	speed: 0.0484s/iter; left time: 201.1965s
	iters: 200, epoch: 7 | loss: 198302.2187500
	speed: 0.0167s/iter; left time: 67.6261s
	iters: 300, epoch: 7 | loss: 185612.8281250
	speed: 0.0166s/iter; left time: 65.7646s
	iters: 400, epoch: 7 | loss: 179216.3281250
	speed: 0.0169s/iter; left time: 65.2233s
	iters: 500, epoch: 7 | loss: 92674.9843750
	speed: 0.0168s/iter; left time: 63.0362s
	iters: 600, epoch: 7 | loss: 2754707.0000000
	speed: 0.0170s/iter; left time: 62.2505s
	iters: 700, epoch: 7 | loss: 120077.8437500
	speed: 0.0168s/iter; left time: 59.8192s
	iters: 800, epoch: 7 | loss: 112594.2656250
	speed: 0.0174s/iter; left time: 60.1794s
	iters: 900, epoch: 7 | loss: 146840.8437500
	speed: 0.0171s/iter; left time: 57.3959s
	iters: 1000, epoch: 7 | loss: 96703.4921875
	speed: 0.0170s/iter; left time: 55.3747s
Epoch: 7 cost time: 17.928494453430176
Epoch: 7, Steps: 1064 | Train Loss: 147051.9066906 Vali Loss: 13676517.4792200
EarlyStopping counter: 6 out of 10
Updating learning rate to 0.00015625
	iters: 100, epoch: 8 | loss: 137502.7812500
	speed: 0.0484s/iter; left time: 149.7651s
	iters: 200, epoch: 8 | loss: 81193.5234375
	speed: 0.0165s/iter; left time: 49.3737s
	iters: 300, epoch: 8 | loss: 101507.9765625
	speed: 0.0169s/iter; left time: 48.9059s
	iters: 400, epoch: 8 | loss: 91139.0234375
	speed: 0.0167s/iter; left time: 46.7786s
	iters: 500, epoch: 8 | loss: 111117.8125000
	speed: 0.0168s/iter; left time: 45.1255s
	iters: 600, epoch: 8 | loss: 106285.0156250
	speed: 0.0168s/iter; left time: 43.6682s
	iters: 700, epoch: 8 | loss: 132922.8593750
	speed: 0.0167s/iter; left time: 41.5809s
	iters: 800, epoch: 8 | loss: 162335.3593750
	speed: 0.0169s/iter; left time: 40.4073s
	iters: 900, epoch: 8 | loss: 123821.7734375
	speed: 0.0169s/iter; left time: 38.7086s
	iters: 1000, epoch: 8 | loss: 149442.5468750
	speed: 0.0170s/iter; left time: 37.2333s
Epoch: 8 cost time: 17.90821623802185
Epoch: 8, Steps: 1064 | Train Loss: 127298.7435422 Vali Loss: 2862490.1469002
EarlyStopping counter: 7 out of 10
Updating learning rate to 7.8125e-05
	iters: 100, epoch: 9 | loss: 251878.4375000
	speed: 0.0497s/iter; left time: 100.9198s
	iters: 200, epoch: 9 | loss: 130927.7890625
	speed: 0.0169s/iter; left time: 32.6545s
	iters: 300, epoch: 9 | loss: 111989.6562500
	speed: 0.0168s/iter; left time: 30.7067s
	iters: 400, epoch: 9 | loss: 112628.1093750
	speed: 0.0171s/iter; left time: 29.6370s
	iters: 500, epoch: 9 | loss: 113753.4296875
	speed: 0.0171s/iter; left time: 27.7779s
	iters: 600, epoch: 9 | loss: 95703.1875000
	speed: 0.0169s/iter; left time: 25.8238s
	iters: 700, epoch: 9 | loss: 98403.5234375
	speed: 0.0165s/iter; left time: 23.6039s
	iters: 800, epoch: 9 | loss: 107747.5859375
	speed: 0.0168s/iter; left time: 22.3595s
	iters: 900, epoch: 9 | loss: 138046.0312500
	speed: 0.0167s/iter; left time: 20.5713s
	iters: 1000, epoch: 9 | loss: 110810.0937500
	speed: 0.0168s/iter; left time: 18.9376s
Epoch: 9 cost time: 17.967177391052246
Epoch: 9, Steps: 1064 | Train Loss: 155779.0998994 Vali Loss: 10285391.9074142
EarlyStopping counter: 8 out of 10
Updating learning rate to 3.90625e-05
	iters: 100, epoch: 10 | loss: 121733.3984375
	speed: 0.0492s/iter; left time: 47.5196s
	iters: 200, epoch: 10 | loss: 129870.9296875
	speed: 0.0166s/iter; left time: 14.3536s
	iters: 300, epoch: 10 | loss: 84137.4687500
	speed: 0.0169s/iter; left time: 12.9425s
	iters: 400, epoch: 10 | loss: 100971.9296875
	speed: 0.0167s/iter; left time: 11.1128s
	iters: 500, epoch: 10 | loss: 117857.9453125
	speed: 0.0174s/iter; left time: 9.8150s
	iters: 600, epoch: 10 | loss: 63510.4179688
	speed: 0.0170s/iter; left time: 7.9213s
	iters: 700, epoch: 10 | loss: 126326.5703125
	speed: 0.0171s/iter; left time: 6.2278s
	iters: 800, epoch: 10 | loss: 92569.0703125
	speed: 0.0177s/iter; left time: 4.6973s
	iters: 900, epoch: 10 | loss: 66692.8750000
	speed: 0.0168s/iter; left time: 2.7783s
	iters: 1000, epoch: 10 | loss: 103920.3593750
	speed: 0.0177s/iter; left time: 1.1485s
Epoch: 10 cost time: 18.13332200050354
Epoch: 10, Steps: 1064 | Train Loss: 338416.8756425 Vali Loss: 6222771.7983291
EarlyStopping counter: 9 out of 10
Updating learning rate to 1.953125e-05
VALIDATION_RESULT {"best_epoch": 1, "best_mae": 0.47503767936362157, "best_mse": 0.5077311637656535, "epochs_ran": 10, "metric_version": "element_weighted_v1"}
>>>>>>>testing : long_term_forecast_timemixer_ettm1_sl336_pl192_s2023_TimeMixer_ETTm1_ftM_sl336_ll0_pl192_dm16_nh4_el2_dl1_df32_expand2_dc4_fc3_ebtimeF_dtTrue_timemixer_ettm1_sl336_pl192_s2023_0<<<<<<<<<<<<<<<<<<<<<<<<<<<<<<<<<
test 11329
test shape: (11329, 192, 7) (11329, 192, 7)
test shape: (11329, 192, 7) (11329, 192, 7)
mse:0.3343443274497986, mae:0.37147805094718933, dtw:Not calculated
