Using GPU
Args in experiment:
[1mBasic Config[0m
  Task Name:          long_term_forecast  Is Training:        1                   
  Model ID:           timesnet_etth2_sl336_pl96_s2023Model:              TimesNet            

[1mData Loader[0m
  Data:               ETTh2               Root Path:          /home/cwh/Time-Series-Library/dataset/ETT-small
  Data Path:          ETTh2.csv           Features:           M                   
  Target:             OT                  Freq:               h                   
  Checkpoints:        /home/cwh/Time-Series-Library/logs/q2_main_baselines_multiseed/checkpoints

[1mForecasting Task[0m
  Seq Len:            336                 Label Len:          48                  
  Pred Len:           96                  Seasonal Patterns:  Monthly             
  Inverse:            0                   

[1mModel Parameters[0m
  Top k:              5                   Num Kernels:        6                   
  Enc In:             7                   Dec In:             7                   
  C Out:              7                   d model:            32                  
  n heads:            4                   e layers:           2                   
  d layers:           1                   d FF:               32                  
  Moving Avg:         25                  Factor:             3                   
  Distil:             1                   Dropout:            0.1                 
  Embed:              timeF               Activation:         gelu                

[1mRun Parameters[0m
  Num Workers:        0                   Itr:                1                   
  Train Epochs:       10                  Batch Size:         32                  
  Patience:           3                   Learning Rate:      0.0001              
  Des:                timesnet_etth2_sl336_pl96_s2023Loss:               MSE                 
  Lradj:              type1               Use Amp:            0                   

[1mGPU[0m
  Use GPU:            1                   GPU:                0                   
  Use Multi GPU:      0                   Devices:            0,1,2,3             

[1mDe-stationary Projector Params[0m
  P Hidden Dims:      128, 128            P Hidden Layers:    2                   

Use GPU: cuda:0
🚀 Lazy Loading: TimesNet ...
>>>>>>>start training : long_term_forecast_timesnet_etth2_sl336_pl96_s2023_TimesNet_ETTh2_ftM_sl336_ll48_pl96_dm32_nh4_el2_dl1_df32_expand2_dc4_fc3_ebtimeF_dtTrue_timesnet_etth2_sl336_pl96_s2023_0>>>>>>>>>>>>>>>>>>>>>>>>>>
train 8209
val 2785
	iters: 100, epoch: 1 | loss: 0.5052544
	speed: 0.0649s/iter; left time: 160.4523s
	iters: 200, epoch: 1 | loss: 0.2733790
	speed: 0.0628s/iter; left time: 148.8377s
Epoch: 1 cost time: 15.262340784072876
Epoch: 1, Steps: 257 | Train Loss: 0.4669302 Vali Loss: 0.2951685
Validation loss decreased (inf --> 0.295168).  Saving model ...
Updating learning rate to 0.0001
	iters: 100, epoch: 2 | loss: 0.3145979
	speed: 0.0930s/iter; left time: 205.9914s
	iters: 200, epoch: 2 | loss: 0.3738044
	speed: 0.0462s/iter; left time: 97.5827s
Epoch: 2 cost time: 12.212250232696533
Epoch: 2, Steps: 257 | Train Loss: 0.3103565 Vali Loss: 0.2990947
EarlyStopping counter: 1 out of 3
Updating learning rate to 5e-05
	iters: 100, epoch: 3 | loss: 0.1863852
	speed: 0.0865s/iter; left time: 169.2765s
	iters: 200, epoch: 3 | loss: 0.2940720
	speed: 0.0488s/iter; left time: 90.5429s
Epoch: 3 cost time: 12.385190725326538
Epoch: 3, Steps: 257 | Train Loss: 0.2798689 Vali Loss: 0.3528130
EarlyStopping counter: 2 out of 3
Updating learning rate to 2.5e-05
	iters: 100, epoch: 4 | loss: 0.2385453
	speed: 0.0911s/iter; left time: 154.8128s
	iters: 200, epoch: 4 | loss: 0.1923063
	speed: 0.0511s/iter; left time: 81.7253s
Epoch: 4 cost time: 13.183337211608887
Epoch: 4, Steps: 257 | Train Loss: 0.2652236 Vali Loss: 0.3522940
EarlyStopping counter: 3 out of 3
Early stopping
VALIDATION_RESULT {"best_epoch": 1, "best_mae": 0.3828696944911918, "best_mse": 0.29516848642173626, "epochs_ran": 4, "metric_version": "element_weighted_v1"}
>>>>>>>testing : long_term_forecast_timesnet_etth2_sl336_pl96_s2023_TimesNet_ETTh2_ftM_sl336_ll48_pl96_dm32_nh4_el2_dl1_df32_expand2_dc4_fc3_ebtimeF_dtTrue_timesnet_etth2_sl336_pl96_s2023_0<<<<<<<<<<<<<<<<<<<<<<<<<<<<<<<<<
test 2785
test shape: (2785, 96, 7) (2785, 96, 7)
test shape: (2785, 96, 7) (2785, 96, 7)
mse:0.37401607632637024, mae:0.4207305312156677, dtw:Not calculated
