Using GPU
Args in experiment:
[1mBasic Config[0m
  Task Name:          long_term_forecast  Is Training:        1                   
  Model ID:           timemixer_ettm2_sl336_pl96_s2022Model:              TimeMixer           

[1mData Loader[0m
  Data:               ETTm2               Root Path:          /home/cwh/Time-Series-Library/dataset/ETT-small
  Data Path:          ETTm2.csv           Features:           M                   
  Target:             OT                  Freq:               t                   
  Checkpoints:        /home/cwh/Time-Series-Library/logs/q2_main_baselines_multiseed/checkpoints

[1mForecasting Task[0m
  Seq Len:            336                 Label Len:          0                   
  Pred Len:           96                  Seasonal Patterns:  Monthly             
  Inverse:            0                   

[1mModel Parameters[0m
  Top k:              5                   Num Kernels:        6                   
  Enc In:             7                   Dec In:             7                   
  C Out:              7                   d model:            16                  
  n heads:            4                   e layers:           2                   
  d layers:           1                   d FF:               32                  
  Moving Avg:         25                  Factor:             3                   
  Distil:             1                   Dropout:            0.1                 
  Embed:              timeF               Activation:         gelu                

[1mRun Parameters[0m
  Num Workers:        0                   Itr:                1                   
  Train Epochs:       10                  Batch Size:         32                  
  Patience:           3                   Learning Rate:      0.0001              
  Des:                timemixer_ettm2_sl336_pl96_s2022Loss:               MSE                 
  Lradj:              type1               Use Amp:            0                   

[1mGPU[0m
  Use GPU:            1                   GPU:                0                   
  Use Multi GPU:      0                   Devices:            0,1,2,3             

[1mDe-stationary Projector Params[0m
  P Hidden Dims:      128, 128            P Hidden Layers:    2                   

Use GPU: cuda:0
🚀 Lazy Loading: TimeMixer ...
>>>>>>>start training : long_term_forecast_timemixer_ettm2_sl336_pl96_s2022_TimeMixer_ETTm2_ftM_sl336_ll0_pl96_dm16_nh4_el2_dl1_df32_expand2_dc4_fc3_ebtimeF_dtTrue_timemixer_ettm2_sl336_pl96_s2022_0>>>>>>>>>>>>>>>>>>>>>>>>>>
train 34129
val 11425
	iters: 100, epoch: 1 | loss: 0.1862607
	speed: 0.0247s/iter; left time: 261.0449s
	iters: 200, epoch: 1 | loss: 0.4286110
	speed: 0.0170s/iter; left time: 177.8972s
	iters: 300, epoch: 1 | loss: 0.1523762
	speed: 0.0164s/iter; left time: 170.0643s
	iters: 400, epoch: 1 | loss: 0.2516995
	speed: 0.0169s/iter; left time: 173.7243s
	iters: 500, epoch: 1 | loss: 0.1743620
	speed: 0.0170s/iter; left time: 172.6650s
	iters: 600, epoch: 1 | loss: 0.4127016
	speed: 0.0170s/iter; left time: 171.5289s
	iters: 700, epoch: 1 | loss: 0.2081076
	speed: 0.0170s/iter; left time: 169.1722s
	iters: 800, epoch: 1 | loss: 0.1434507
	speed: 0.0170s/iter; left time: 167.8103s
	iters: 900, epoch: 1 | loss: 0.1590451
	speed: 0.0173s/iter; left time: 169.0012s
	iters: 1000, epoch: 1 | loss: 0.1114425
	speed: 0.0175s/iter; left time: 168.8844s
Epoch: 1 cost time: 18.368833780288696
Epoch: 1, Steps: 1067 | Train Loss: 0.2778481 Vali Loss: 0.1240972
Validation loss decreased (inf --> 0.124097).  Saving model ...
Updating learning rate to 0.0001
	iters: 100, epoch: 2 | loss: 0.1609454
	speed: 0.0499s/iter; left time: 474.0033s
	iters: 200, epoch: 2 | loss: 0.3336513
	speed: 0.0168s/iter; left time: 157.8468s
	iters: 300, epoch: 2 | loss: 0.1485040
	speed: 0.0177s/iter; left time: 164.5759s
	iters: 400, epoch: 2 | loss: 0.2082967
	speed: 0.0172s/iter; left time: 158.1223s
	iters: 500, epoch: 2 | loss: 0.1584084
	speed: 0.0171s/iter; left time: 155.9839s
	iters: 600, epoch: 2 | loss: 0.1367121
	speed: 0.0170s/iter; left time: 153.3179s
	iters: 700, epoch: 2 | loss: 0.2674294
	speed: 0.0174s/iter; left time: 154.6073s
	iters: 800, epoch: 2 | loss: 0.2136928
	speed: 0.0174s/iter; left time: 153.4240s
	iters: 900, epoch: 2 | loss: 0.1185776
	speed: 0.0175s/iter; left time: 152.5591s
	iters: 1000, epoch: 2 | loss: 0.3014935
	speed: 0.0175s/iter; left time: 150.3416s
Epoch: 2 cost time: 18.38825225830078
Epoch: 2, Steps: 1067 | Train Loss: 0.2047943 Vali Loss: 0.1234809
Validation loss decreased (0.124097 --> 0.123481).  Saving model ...
Updating learning rate to 5e-05
	iters: 100, epoch: 3 | loss: 0.1414364
	speed: 0.0492s/iter; left time: 414.7356s
	iters: 200, epoch: 3 | loss: 0.2135585
	speed: 0.0163s/iter; left time: 136.2978s
	iters: 300, epoch: 3 | loss: 0.1705175
	speed: 0.0169s/iter; left time: 139.0784s
	iters: 400, epoch: 3 | loss: 0.1018713
	speed: 0.0163s/iter; left time: 132.7170s
	iters: 500, epoch: 3 | loss: 0.2323388
	speed: 0.0170s/iter; left time: 136.7428s
	iters: 600, epoch: 3 | loss: 0.1351234
	speed: 0.0166s/iter; left time: 132.0318s
	iters: 700, epoch: 3 | loss: 0.1885022
	speed: 0.0167s/iter; left time: 130.5421s
	iters: 800, epoch: 3 | loss: 0.1007923
	speed: 0.0163s/iter; left time: 126.2133s
	iters: 900, epoch: 3 | loss: 0.1815427
	speed: 0.0161s/iter; left time: 123.1598s
	iters: 1000, epoch: 3 | loss: 0.1137140
	speed: 0.0159s/iter; left time: 119.6972s
Epoch: 3 cost time: 17.608732223510742
Epoch: 3, Steps: 1067 | Train Loss: 0.1882982 Vali Loss: 0.1237788
EarlyStopping counter: 1 out of 3
Updating learning rate to 2.5e-05
	iters: 100, epoch: 4 | loss: 0.1710954
	speed: 0.0495s/iter; left time: 364.7313s
	iters: 200, epoch: 4 | loss: 0.1837706
	speed: 0.0170s/iter; left time: 123.7109s
	iters: 300, epoch: 4 | loss: 0.2012827
	speed: 0.0166s/iter; left time: 118.9040s
	iters: 400, epoch: 4 | loss: 0.2381171
	speed: 0.0171s/iter; left time: 120.7074s
	iters: 500, epoch: 4 | loss: 0.2088452
	speed: 0.0174s/iter; left time: 121.6044s
	iters: 600, epoch: 4 | loss: 0.1686796
	speed: 0.0171s/iter; left time: 117.5186s
	iters: 700, epoch: 4 | loss: 0.1102131
	speed: 0.0172s/iter; left time: 116.2075s
	iters: 800, epoch: 4 | loss: 0.2333339
	speed: 0.0173s/iter; left time: 115.6468s
	iters: 900, epoch: 4 | loss: 0.2662030
	speed: 0.0172s/iter; left time: 112.8821s
	iters: 1000, epoch: 4 | loss: 0.2020212
	speed: 0.0413s/iter; left time: 266.9968s
Epoch: 4 cost time: 20.67199182510376
Epoch: 4, Steps: 1067 | Train Loss: 0.1814282 Vali Loss: 0.1236784
EarlyStopping counter: 2 out of 3
Updating learning rate to 1.25e-05
	iters: 100, epoch: 5 | loss: 0.0978963
	speed: 0.0495s/iter; left time: 312.1775s
	iters: 200, epoch: 5 | loss: 0.1404112
	speed: 0.0173s/iter; left time: 107.1025s
	iters: 300, epoch: 5 | loss: 0.2229026
	speed: 0.0173s/iter; left time: 105.6914s
	iters: 400, epoch: 5 | loss: 0.1385009
	speed: 0.0171s/iter; left time: 102.3540s
	iters: 500, epoch: 5 | loss: 0.1503682
	speed: 0.0180s/iter; left time: 106.4419s
	iters: 600, epoch: 5 | loss: 0.2049962
	speed: 0.0178s/iter; left time: 103.3157s
	iters: 700, epoch: 5 | loss: 0.1491249
	speed: 0.0169s/iter; left time: 96.3378s
	iters: 800, epoch: 5 | loss: 0.2381890
	speed: 0.0178s/iter; left time: 99.8971s
	iters: 900, epoch: 5 | loss: 0.2000126
	speed: 0.0172s/iter; left time: 94.6410s
	iters: 1000, epoch: 5 | loss: 0.1148179
	speed: 0.0175s/iter; left time: 94.7708s
Epoch: 5 cost time: 18.61170530319214
Epoch: 5, Steps: 1067 | Train Loss: 0.1786407 Vali Loss: 0.1244348
EarlyStopping counter: 3 out of 3
Early stopping
VALIDATION_RESULT {"best_epoch": 2, "best_mae": 0.24252725126793748, "best_mse": 0.12348093619728705, "epochs_ran": 5, "metric_version": "element_weighted_v1"}
>>>>>>>testing : long_term_forecast_timemixer_ettm2_sl336_pl96_s2022_TimeMixer_ETTm2_ftM_sl336_ll0_pl96_dm16_nh4_el2_dl1_df32_expand2_dc4_fc3_ebtimeF_dtTrue_timemixer_ettm2_sl336_pl96_s2022_0<<<<<<<<<<<<<<<<<<<<<<<<<<<<<<<<<
test 11425
test shape: (11425, 96, 7) (11425, 96, 7)
test shape: (11425, 96, 7) (11425, 96, 7)
mse:0.17433343827724457, mae:0.26434579491615295, dtw:Not calculated
