Using GPU
Args in experiment:
[1mBasic Config[0m
  Task Name:          long_term_forecast  Is Training:        1                   
  Model ID:           timemixer_ettm1_sl336_pl192_s2022Model:              TimeMixer           

[1mData Loader[0m
  Data:               ETTm1               Root Path:          /home/cwh/Time-Series-Library/dataset/ETT-small
  Data Path:          ETTm1.csv           Features:           M                   
  Target:             OT                  Freq:               t                   
  Checkpoints:        /home/cwh/Time-Series-Library/logs/q2_main_baselines_multiseed/checkpoints

[1mForecasting Task[0m
  Seq Len:            336                 Label Len:          0                   
  Pred Len:           192                 Seasonal Patterns:  Monthly             
  Inverse:            0                   

[1mModel Parameters[0m
  Top k:              5                   Num Kernels:        6                   
  Enc In:             7                   Dec In:             7                   
  C Out:              7                   d model:            16                  
  n heads:            4                   e layers:           2                   
  d layers:           1                   d FF:               32                  
  Moving Avg:         25                  Factor:             3                   
  Distil:             1                   Dropout:            0.1                 
  Embed:              timeF               Activation:         gelu                

[1mRun Parameters[0m
  Num Workers:        0                   Itr:                1                   
  Train Epochs:       10                  Batch Size:         32                  
  Patience:           10                  Learning Rate:      0.01                
  Des:                timemixer_ettm1_sl336_pl192_s2022Loss:               MSE                 
  Lradj:              type1               Use Amp:            0                   

[1mGPU[0m
  Use GPU:            1                   GPU:                0                   
  Use Multi GPU:      0                   Devices:            0,1,2,3             

[1mDe-stationary Projector Params[0m
  P Hidden Dims:      128, 128            P Hidden Layers:    2                   

Use GPU: cuda:0
🚀 Lazy Loading: TimeMixer ...
>>>>>>>start training : long_term_forecast_timemixer_ettm1_sl336_pl192_s2022_TimeMixer_ETTm1_ftM_sl336_ll0_pl192_dm16_nh4_el2_dl1_df32_expand2_dc4_fc3_ebtimeF_dtTrue_timemixer_ettm1_sl336_pl192_s2022_0>>>>>>>>>>>>>>>>>>>>>>>>>>
train 34033
val 11329
	iters: 100, epoch: 1 | loss: 0.2852657
	speed: 0.0240s/iter; left time: 252.6383s
	iters: 200, epoch: 1 | loss: 0.3647079
	speed: 0.0164s/iter; left time: 171.6562s
	iters: 300, epoch: 1 | loss: 0.3522034
	speed: 0.0160s/iter; left time: 165.5506s
	iters: 400, epoch: 1 | loss: 0.3289227
	speed: 0.0167s/iter; left time: 170.8902s
	iters: 500, epoch: 1 | loss: 0.2771469
	speed: 0.0170s/iter; left time: 172.5824s
	iters: 600, epoch: 1 | loss: 0.2974119
	speed: 0.0168s/iter; left time: 168.4269s
	iters: 700, epoch: 1 | loss: 0.2645369
	speed: 0.0172s/iter; left time: 171.2492s
	iters: 800, epoch: 1 | loss: 0.3265994
	speed: 0.0169s/iter; left time: 166.6326s
	iters: 900, epoch: 1 | loss: 0.2750598
	speed: 0.0173s/iter; left time: 168.8997s
	iters: 1000, epoch: 1 | loss: 0.3343843
	speed: 0.0175s/iter; left time: 168.3338s
Epoch: 1 cost time: 18.160643339157104
Epoch: 1, Steps: 1064 | Train Loss: 0.3044692 Vali Loss: 0.5051954
Validation loss decreased (inf --> 0.505195).  Saving model ...
Updating learning rate to 0.01
	iters: 100, epoch: 2 | loss: 0.2629815
	speed: 0.0488s/iter; left time: 462.0722s
	iters: 200, epoch: 2 | loss: 0.2818240
	speed: 0.0171s/iter; left time: 160.2919s
	iters: 300, epoch: 2 | loss: 3183304448.0000000
	speed: 0.0174s/iter; left time: 161.0804s
	iters: 400, epoch: 2 | loss: 2514057472.0000000
	speed: 0.0172s/iter; left time: 158.2318s
	iters: 500, epoch: 2 | loss: 578793408.0000000
	speed: 0.0169s/iter; left time: 153.6856s
	iters: 600, epoch: 2 | loss: 664320384.0000000
	speed: 0.0179s/iter; left time: 160.3952s
	iters: 700, epoch: 2 | loss: 499381984.0000000
	speed: 0.0169s/iter; left time: 150.1963s
	iters: 800, epoch: 2 | loss: 188607984.0000000
	speed: 0.0170s/iter; left time: 149.0830s
	iters: 900, epoch: 2 | loss: 273458592.0000000
	speed: 0.0167s/iter; left time: 144.7632s
	iters: 1000, epoch: 2 | loss: 146451696.0000000
	speed: 0.0172s/iter; left time: 147.6090s
Epoch: 2 cost time: 18.22195792198181
Epoch: 2, Steps: 1064 | Train Loss: 256906115765.4911194 Vali Loss: 281561733.8789537
EarlyStopping counter: 1 out of 10
Updating learning rate to 0.005
	iters: 100, epoch: 3 | loss: 159752736.0000000
	speed: 0.0487s/iter; left time: 409.5820s
	iters: 200, epoch: 3 | loss: 122174872.0000000
	speed: 0.0170s/iter; left time: 141.2837s
	iters: 300, epoch: 3 | loss: 109305496.0000000
	speed: 0.0168s/iter; left time: 137.6026s
	iters: 400, epoch: 3 | loss: 92558376.0000000
	speed: 0.0168s/iter; left time: 136.4124s
	iters: 500, epoch: 3 | loss: 90267640.0000000
	speed: 0.0165s/iter; left time: 132.4452s
	iters: 600, epoch: 3 | loss: 122999104.0000000
	speed: 0.0168s/iter; left time: 133.2311s
	iters: 700, epoch: 3 | loss: 75397104.0000000
	speed: 0.0165s/iter; left time: 129.2774s
	iters: 800, epoch: 3 | loss: 67146768.0000000
	speed: 0.0170s/iter; left time: 131.3637s
	iters: 900, epoch: 3 | loss: 62706712.0000000
	speed: 0.0175s/iter; left time: 132.9094s
	iters: 1000, epoch: 3 | loss: 65301712.0000000
	speed: 0.0171s/iter; left time: 128.4079s
Epoch: 3 cost time: 18.002413034439087
Epoch: 3, Steps: 1064 | Train Loss: 100146253.4285714 Vali Loss: 122129603.4842902
EarlyStopping counter: 2 out of 10
Updating learning rate to 0.0025
	iters: 100, epoch: 4 | loss: 60045192.0000000
	speed: 0.0488s/iter; left time: 358.3518s
	iters: 200, epoch: 4 | loss: 63406348.0000000
	speed: 0.0167s/iter; left time: 121.3680s
	iters: 300, epoch: 4 | loss: 43098136.0000000
	speed: 0.0171s/iter; left time: 121.9911s
	iters: 400, epoch: 4 | loss: 48658480.0000000
	speed: 0.0165s/iter; left time: 116.3904s
	iters: 500, epoch: 4 | loss: 77857200.0000000
	speed: 0.0168s/iter; left time: 116.8424s
	iters: 600, epoch: 4 | loss: 67503840.0000000
	speed: 0.0163s/iter; left time: 111.4324s
	iters: 700, epoch: 4 | loss: 33887788.0000000
	speed: 0.0164s/iter; left time: 110.8568s
	iters: 800, epoch: 4 | loss: 42867956.0000000
	speed: 0.0162s/iter; left time: 107.9143s
	iters: 900, epoch: 4 | loss: 69121592.0000000
	speed: 0.0166s/iter; left time: 108.7407s
	iters: 1000, epoch: 4 | loss: 53286456.0000000
	speed: 0.0166s/iter; left time: 106.9966s
Epoch: 4 cost time: 17.62520146369934
Epoch: 4, Steps: 1064 | Train Loss: 57947665.9962406 Vali Loss: 85454153.8218394
EarlyStopping counter: 3 out of 10
Updating learning rate to 0.00125
	iters: 100, epoch: 5 | loss: 49852644.0000000
	speed: 0.0475s/iter; left time: 298.4978s
	iters: 200, epoch: 5 | loss: 50455760.0000000
	speed: 0.0167s/iter; left time: 103.3929s
	iters: 300, epoch: 5 | loss: 38270568.0000000
	speed: 0.0167s/iter; left time: 101.5529s
	iters: 400, epoch: 5 | loss: 46152688.0000000
	speed: 0.0170s/iter; left time: 101.7447s
	iters: 500, epoch: 5 | loss: 45757052.0000000
	speed: 0.0169s/iter; left time: 99.5749s
	iters: 600, epoch: 5 | loss: 53442952.0000000
	speed: 0.0164s/iter; left time: 94.7943s
	iters: 700, epoch: 5 | loss: 35820416.0000000
	speed: 0.0172s/iter; left time: 97.7090s
	iters: 800, epoch: 5 | loss: 41161112.0000000
	speed: 0.0168s/iter; left time: 93.9665s
	iters: 900, epoch: 5 | loss: 41646552.0000000
	speed: 0.0176s/iter; left time: 96.3982s
	iters: 1000, epoch: 5 | loss: 34078844.0000000
	speed: 0.0173s/iter; left time: 93.3298s
Epoch: 5 cost time: 18.049657821655273
Epoch: 5, Steps: 1064 | Train Loss: 44695228.2875940 Vali Loss: 57716072.3755049
EarlyStopping counter: 4 out of 10
Updating learning rate to 0.000625
	iters: 100, epoch: 6 | loss: 31594612.0000000
	speed: 0.0486s/iter; left time: 253.9162s
	iters: 200, epoch: 6 | loss: 41038096.0000000
	speed: 0.0166s/iter; left time: 84.7678s
	iters: 300, epoch: 6 | loss: 39046292.0000000
	speed: 0.0163s/iter; left time: 82.0130s
	iters: 400, epoch: 6 | loss: 30632342.0000000
	speed: 0.0167s/iter; left time: 82.2335s
	iters: 500, epoch: 6 | loss: 42566212.0000000
	speed: 0.0173s/iter; left time: 83.2700s
	iters: 600, epoch: 6 | loss: 29611892.0000000
	speed: 0.0172s/iter; left time: 81.1122s
	iters: 700, epoch: 6 | loss: 35462852.0000000
	speed: 0.0170s/iter; left time: 78.5053s
	iters: 800, epoch: 6 | loss: 35454472.0000000
	speed: 0.0170s/iter; left time: 76.9818s
	iters: 900, epoch: 6 | loss: 28618898.0000000
	speed: 0.0171s/iter; left time: 75.5095s
	iters: 1000, epoch: 6 | loss: 33676592.0000000
	speed: 0.0169s/iter; left time: 73.2279s
Epoch: 6 cost time: 18.025241136550903
Epoch: 6, Steps: 1064 | Train Loss: 39973833.4285714 Vali Loss: 106097962.9393087
EarlyStopping counter: 5 out of 10
Updating learning rate to 0.0003125
	iters: 100, epoch: 7 | loss: 35970016.0000000
	speed: 0.0514s/iter; left time: 213.6994s
	iters: 200, epoch: 7 | loss: 38598856.0000000
	speed: 0.0172s/iter; left time: 69.7407s
	iters: 300, epoch: 7 | loss: 34676784.0000000
	speed: 0.0171s/iter; left time: 67.6676s
	iters: 400, epoch: 7 | loss: 29324576.0000000
	speed: 0.0173s/iter; left time: 66.6172s
	iters: 500, epoch: 7 | loss: 35140632.0000000
	speed: 0.0175s/iter; left time: 65.9350s
	iters: 600, epoch: 7 | loss: 37008220.0000000
	speed: 0.0171s/iter; left time: 62.6844s
	iters: 700, epoch: 7 | loss: 38913500.0000000
	speed: 0.0175s/iter; left time: 62.3501s
	iters: 800, epoch: 7 | loss: 39499192.0000000
	speed: 0.0165s/iter; left time: 57.1980s
	iters: 900, epoch: 7 | loss: 28724468.0000000
	speed: 0.0175s/iter; left time: 58.6371s
	iters: 1000, epoch: 7 | loss: 33963840.0000000
	speed: 0.0170s/iter; left time: 55.3825s
Epoch: 7 cost time: 18.299309253692627
Epoch: 7, Steps: 1064 | Train Loss: 35025784.5845865 Vali Loss: 44180419.9036102
EarlyStopping counter: 6 out of 10
Updating learning rate to 0.00015625
	iters: 100, epoch: 8 | loss: 32166370.0000000
	speed: 0.0494s/iter; left time: 152.8821s
	iters: 200, epoch: 8 | loss: 29926724.0000000
	speed: 0.0167s/iter; left time: 50.0306s
	iters: 300, epoch: 8 | loss: 34955348.0000000
	speed: 0.0162s/iter; left time: 46.8815s
	iters: 400, epoch: 8 | loss: 30005938.0000000
	speed: 0.0170s/iter; left time: 47.4827s
	iters: 500, epoch: 8 | loss: 31421886.0000000
	speed: 0.0167s/iter; left time: 44.8766s
	iters: 600, epoch: 8 | loss: 36311988.0000000
	speed: 0.0167s/iter; left time: 43.3684s
	iters: 700, epoch: 8 | loss: 24344826.0000000
	speed: 0.0173s/iter; left time: 43.2206s
	iters: 800, epoch: 8 | loss: 28353948.0000000
	speed: 0.0175s/iter; left time: 41.9595s
	iters: 900, epoch: 8 | loss: 37456184.0000000
	speed: 0.0172s/iter; left time: 39.4266s
	iters: 1000, epoch: 8 | loss: 24016692.0000000
	speed: 0.0173s/iter; left time: 37.9441s
Epoch: 8 cost time: 18.03075075149536
Epoch: 8, Steps: 1064 | Train Loss: 33746626.2199248 Vali Loss: 56377171.2288648
EarlyStopping counter: 7 out of 10
Updating learning rate to 7.8125e-05
	iters: 100, epoch: 9 | loss: 39739940.0000000
	speed: 0.0495s/iter; left time: 100.3376s
	iters: 200, epoch: 9 | loss: 27981130.0000000
	speed: 0.0169s/iter; left time: 32.6088s
	iters: 300, epoch: 9 | loss: 30336614.0000000
	speed: 0.0172s/iter; left time: 31.4153s
	iters: 400, epoch: 9 | loss: 44138936.0000000
	speed: 0.0172s/iter; left time: 29.6877s
	iters: 500, epoch: 9 | loss: 32641106.0000000
	speed: 0.0171s/iter; left time: 27.9365s
	iters: 600, epoch: 9 | loss: 29910168.0000000
	speed: 0.0171s/iter; left time: 26.1595s
	iters: 700, epoch: 9 | loss: 77397512.0000000
	speed: 0.0168s/iter; left time: 23.9647s
	iters: 800, epoch: 9 | loss: 33351254.0000000
	speed: 0.0168s/iter; left time: 22.2618s
	iters: 900, epoch: 9 | loss: 20684528.0000000
	speed: 0.0175s/iter; left time: 21.5263s
	iters: 1000, epoch: 9 | loss: 27164136.0000000
	speed: 0.0171s/iter; left time: 19.3199s
Epoch: 9 cost time: 18.180970907211304
Epoch: 9, Steps: 1064 | Train Loss: 31573855.1691729 Vali Loss: 38725469.4219386
EarlyStopping counter: 8 out of 10
Updating learning rate to 3.90625e-05
	iters: 100, epoch: 10 | loss: 29985932.0000000
	speed: 0.0508s/iter; left time: 48.9933s
	iters: 200, epoch: 10 | loss: 22367540.0000000
	speed: 0.0171s/iter; left time: 14.7743s
	iters: 300, epoch: 10 | loss: 27810024.0000000
	speed: 0.0168s/iter; left time: 12.8295s
	iters: 400, epoch: 10 | loss: 28930792.0000000
	speed: 0.0174s/iter; left time: 11.5837s
	iters: 500, epoch: 10 | loss: 23679338.0000000
	speed: 0.0177s/iter; left time: 9.9870s
	iters: 600, epoch: 10 | loss: 35237180.0000000
	speed: 0.0172s/iter; left time: 7.9961s
	iters: 700, epoch: 10 | loss: 30497042.0000000
	speed: 0.0173s/iter; left time: 6.3182s
	iters: 800, epoch: 10 | loss: 26266228.0000000
	speed: 0.0172s/iter; left time: 4.5574s
	iters: 900, epoch: 10 | loss: 25058054.0000000
	speed: 0.0170s/iter; left time: 2.8128s
	iters: 1000, epoch: 10 | loss: 32963980.0000000
	speed: 0.0171s/iter; left time: 1.1089s
Epoch: 10 cost time: 18.34537672996521
Epoch: 10, Steps: 1064 | Train Loss: 30835929.8383459 Vali Loss: 166479648.4082233
EarlyStopping counter: 9 out of 10
Updating learning rate to 1.953125e-05
VALIDATION_RESULT {"best_epoch": 1, "best_mae": 0.469893968108974, "best_mse": 0.5051953632379638, "epochs_ran": 10, "metric_version": "element_weighted_v1"}
>>>>>>>testing : long_term_forecast_timemixer_ettm1_sl336_pl192_s2022_TimeMixer_ETTm1_ftM_sl336_ll0_pl192_dm16_nh4_el2_dl1_df32_expand2_dc4_fc3_ebtimeF_dtTrue_timemixer_ettm1_sl336_pl192_s2022_0<<<<<<<<<<<<<<<<<<<<<<<<<<<<<<<<<
test 11329
test shape: (11329, 192, 7) (11329, 192, 7)
test shape: (11329, 192, 7) (11329, 192, 7)
mse:0.3401736915111542, mae:0.37574759125709534, dtw:Not calculated
