Using GPU
Args in experiment:
[1mBasic Config[0m
  Task Name:          long_term_forecast  Is Training:        1                   
  Model ID:           timemixer_etth1_sl336_pl336_s2023Model:              TimeMixer           

[1mData Loader[0m
  Data:               ETTh1               Root Path:          /home/cwh/Time-Series-Library/dataset/ETT-small
  Data Path:          ETTh1.csv           Features:           M                   
  Target:             OT                  Freq:               h                   
  Checkpoints:        /home/cwh/Time-Series-Library/logs/q2_main_baselines_multiseed/checkpoints

[1mForecasting Task[0m
  Seq Len:            336                 Label Len:          0                   
  Pred Len:           336                 Seasonal Patterns:  Monthly             
  Inverse:            0                   

[1mModel Parameters[0m
  Top k:              5                   Num Kernels:        6                   
  Enc In:             7                   Dec In:             7                   
  C Out:              7                   d model:            16                  
  n heads:            4                   e layers:           2                   
  d layers:           1                   d FF:               32                  
  Moving Avg:         25                  Factor:             3                   
  Distil:             1                   Dropout:            0.1                 
  Embed:              timeF               Activation:         gelu                

[1mRun Parameters[0m
  Num Workers:        0                   Itr:                1                   
  Train Epochs:       10                  Batch Size:         32                  
  Patience:           10                  Learning Rate:      0.01                
  Des:                timemixer_etth1_sl336_pl336_s2023Loss:               MSE                 
  Lradj:              type1               Use Amp:            0                   

[1mGPU[0m
  Use GPU:            1                   GPU:                0                   
  Use Multi GPU:      0                   Devices:            0,1,2,3             

[1mDe-stationary Projector Params[0m
  P Hidden Dims:      128, 128            P Hidden Layers:    2                   

Use GPU: cuda:0
🚀 Lazy Loading: TimeMixer ...
>>>>>>>start training : long_term_forecast_timemixer_etth1_sl336_pl336_s2023_TimeMixer_ETTh1_ftM_sl336_ll0_pl336_dm16_nh4_el2_dl1_df32_expand2_dc4_fc3_ebtimeF_dtTrue_timemixer_etth1_sl336_pl336_s2023_0>>>>>>>>>>>>>>>>>>>>>>>>>>
train 7969
val 2545
	iters: 100, epoch: 1 | loss: 0.4668001
	speed: 0.0238s/iter; left time: 57.1369s
	iters: 200, epoch: 1 | loss: 0.4416656
	speed: 0.0165s/iter; left time: 37.9639s
Epoch: 1 cost time: 4.350707054138184
Epoch: 1, Steps: 250 | Train Loss: 0.4631545 Vali Loss: 1.2967255
Validation loss decreased (inf --> 1.296726).  Saving model ...
Updating learning rate to 0.01
	iters: 100, epoch: 2 | loss: 0.4522278
	speed: 0.0307s/iter; left time: 65.9409s
	iters: 200, epoch: 2 | loss: 0.4213034
	speed: 0.0167s/iter; left time: 34.1832s
Epoch: 2 cost time: 4.246291875839233
Epoch: 2, Steps: 250 | Train Loss: 0.4192982 Vali Loss: 1.3593655
EarlyStopping counter: 1 out of 10
Updating learning rate to 0.005
	iters: 100, epoch: 3 | loss: 0.4072151
	speed: 0.0296s/iter; left time: 56.2172s
	iters: 200, epoch: 3 | loss: 0.3643370
	speed: 0.0175s/iter; left time: 31.4434s
Epoch: 3 cost time: 4.233118057250977
Epoch: 3, Steps: 250 | Train Loss: 0.3708231 Vali Loss: 1.4942823
EarlyStopping counter: 2 out of 10
Updating learning rate to 0.0025
	iters: 100, epoch: 4 | loss: 0.3006954
	speed: 0.0305s/iter; left time: 50.4286s
	iters: 200, epoch: 4 | loss: 0.3063987
	speed: 0.0172s/iter; left time: 26.6028s
Epoch: 4 cost time: 4.417442798614502
Epoch: 4, Steps: 250 | Train Loss: 0.3298110 Vali Loss: 1.6565135
EarlyStopping counter: 3 out of 10
Updating learning rate to 0.00125
	iters: 100, epoch: 5 | loss: 0.2808098
	speed: 0.0309s/iter; left time: 43.2951s
	iters: 200, epoch: 5 | loss: 0.2828929
	speed: 0.0170s/iter; left time: 22.0758s
Epoch: 5 cost time: 4.256579160690308
Epoch: 5, Steps: 250 | Train Loss: 0.2934102 Vali Loss: 1.7371161
EarlyStopping counter: 4 out of 10
Updating learning rate to 0.000625
	iters: 100, epoch: 6 | loss: 0.2857180
	speed: 0.0300s/iter; left time: 34.5409s
	iters: 200, epoch: 6 | loss: 0.2640974
	speed: 0.0165s/iter; left time: 17.3485s
Epoch: 6 cost time: 4.141556978225708
Epoch: 6, Steps: 250 | Train Loss: 0.2747815 Vali Loss: 1.7871457
EarlyStopping counter: 5 out of 10
Updating learning rate to 0.0003125
	iters: 100, epoch: 7 | loss: 0.2749379
	speed: 0.0298s/iter; left time: 26.8199s
	iters: 200, epoch: 7 | loss: 0.2727000
	speed: 0.0175s/iter; left time: 13.9799s
Epoch: 7 cost time: 4.299228191375732
Epoch: 7, Steps: 250 | Train Loss: 0.2653111 Vali Loss: 1.7659078
EarlyStopping counter: 6 out of 10
Updating learning rate to 0.00015625
	iters: 100, epoch: 8 | loss: 0.2660598
	speed: 0.0300s/iter; left time: 19.5214s
	iters: 200, epoch: 8 | loss: 0.2376382
	speed: 0.0175s/iter; left time: 9.6341s
Epoch: 8 cost time: 4.3258326053619385
Epoch: 8, Steps: 250 | Train Loss: 0.2611337 Vali Loss: 1.7692612
EarlyStopping counter: 7 out of 10
Updating learning rate to 7.8125e-05
	iters: 100, epoch: 9 | loss: 0.2612185
	speed: 0.0308s/iter; left time: 12.3523s
	iters: 200, epoch: 9 | loss: 0.2567843
	speed: 0.0167s/iter; left time: 5.0129s
Epoch: 9 cost time: 4.1842944622039795
Epoch: 9, Steps: 250 | Train Loss: 0.2586475 Vali Loss: 1.7551716
EarlyStopping counter: 8 out of 10
Updating learning rate to 3.90625e-05
	iters: 100, epoch: 10 | loss: 0.2327669
	speed: 0.0303s/iter; left time: 4.5770s
	iters: 200, epoch: 10 | loss: 0.2731125
	speed: 0.0172s/iter; left time: 0.8792s
Epoch: 10 cost time: 4.2709386348724365
Epoch: 10, Steps: 250 | Train Loss: 0.2577312 Vali Loss: 1.7660777
EarlyStopping counter: 9 out of 10
Updating learning rate to 1.953125e-05
VALIDATION_RESULT {"best_epoch": 1, "best_mae": 0.7719084161015831, "best_mse": 1.2967255444202483, "epochs_ran": 10, "metric_version": "element_weighted_v1"}
>>>>>>>testing : long_term_forecast_timemixer_etth1_sl336_pl336_s2023_TimeMixer_ETTh1_ftM_sl336_ll0_pl336_dm16_nh4_el2_dl1_df32_expand2_dc4_fc3_ebtimeF_dtTrue_timemixer_etth1_sl336_pl336_s2023_0<<<<<<<<<<<<<<<<<<<<<<<<<<<<<<<<<
test 2545
test shape: (2545, 336, 7) (2545, 336, 7)
test shape: (2545, 336, 7) (2545, 336, 7)
mse:0.5350635647773743, mae:0.4987131655216217, dtw:Not calculated
