Using GPU
Args in experiment:
[1mBasic Config[0m
  Task Name:          long_term_forecast  Is Training:        1                   
  Model ID:           timesnet_ettm2_sl336_pl96_s2023Model:              TimesNet            

[1mData Loader[0m
  Data:               ETTm2               Root Path:          /home/cwh/Time-Series-Library/dataset/ETT-small
  Data Path:          ETTm2.csv           Features:           M                   
  Target:             OT                  Freq:               t                   
  Checkpoints:        /home/cwh/Time-Series-Library/logs/q2_main_baselines_multiseed/checkpoints

[1mForecasting Task[0m
  Seq Len:            336                 Label Len:          48                  
  Pred Len:           96                  Seasonal Patterns:  Monthly             
  Inverse:            0                   

[1mModel Parameters[0m
  Top k:              5                   Num Kernels:        6                   
  Enc In:             7                   Dec In:             7                   
  C Out:              7                   d model:            32                  
  n heads:            4                   e layers:           2                   
  d layers:           1                   d FF:               32                  
  Moving Avg:         25                  Factor:             3                   
  Distil:             1                   Dropout:            0.1                 
  Embed:              timeF               Activation:         gelu                

[1mRun Parameters[0m
  Num Workers:        0                   Itr:                1                   
  Train Epochs:       10                  Batch Size:         32                  
  Patience:           3                   Learning Rate:      0.0001              
  Des:                timesnet_ettm2_sl336_pl96_s2023Loss:               MSE                 
  Lradj:              type1               Use Amp:            0                   

[1mGPU[0m
  Use GPU:            1                   GPU:                0                   
  Use Multi GPU:      0                   Devices:            0,1,2,3             

[1mDe-stationary Projector Params[0m
  P Hidden Dims:      128, 128            P Hidden Layers:    2                   

Use GPU: cuda:0
🚀 Lazy Loading: TimesNet ...
>>>>>>>start training : long_term_forecast_timesnet_ettm2_sl336_pl96_s2023_TimesNet_ETTm2_ftM_sl336_ll48_pl96_dm32_nh4_el2_dl1_df32_expand2_dc4_fc3_ebtimeF_dtTrue_timesnet_ettm2_sl336_pl96_s2023_0>>>>>>>>>>>>>>>>>>>>>>>>>>
train 34129
val 11425
	iters: 100, epoch: 1 | loss: 0.2254486
	speed: 0.0812s/iter; left time: 858.8341s
	iters: 200, epoch: 1 | loss: 0.2708955
	speed: 0.0856s/iter; left time: 896.7117s
	iters: 300, epoch: 1 | loss: 0.1270241
	speed: 0.0904s/iter; left time: 937.9296s
	iters: 400, epoch: 1 | loss: 0.1612568
	speed: 0.0960s/iter; left time: 986.5105s
	iters: 500, epoch: 1 | loss: 0.2407496
	speed: 0.0949s/iter; left time: 964.9681s
	iters: 600, epoch: 1 | loss: 0.1705488
	speed: 0.0994s/iter; left time: 1000.6593s
	iters: 700, epoch: 1 | loss: 0.1417580
	speed: 0.0972s/iter; left time: 968.8408s
	iters: 800, epoch: 1 | loss: 0.1452945
	speed: 0.0944s/iter; left time: 931.7178s
	iters: 900, epoch: 1 | loss: 0.1981639
	speed: 0.1009s/iter; left time: 985.6529s
	iters: 1000, epoch: 1 | loss: 0.2370394
	speed: 0.1004s/iter; left time: 970.6561s
Epoch: 1 cost time: 99.44331955909729
Epoch: 1, Steps: 1067 | Train Loss: 0.2393586 Vali Loss: 0.1350472
Validation loss decreased (inf --> 0.135047).  Saving model ...
Updating learning rate to 0.0001
	iters: 100, epoch: 2 | loss: 0.1378316
	speed: 0.1931s/iter; left time: 1835.3108s
	iters: 200, epoch: 2 | loss: 0.1456228
	speed: 0.0816s/iter; left time: 767.0235s
	iters: 300, epoch: 2 | loss: 0.2238173
	speed: 0.0811s/iter; left time: 754.6559s
	iters: 400, epoch: 2 | loss: 0.1182673
	speed: 0.0852s/iter; left time: 783.9743s
	iters: 500, epoch: 2 | loss: 0.1203861
	speed: 0.0855s/iter; left time: 778.0874s
	iters: 600, epoch: 2 | loss: 0.2966408
	speed: 0.0885s/iter; left time: 797.1229s
	iters: 700, epoch: 2 | loss: 0.1225101
	speed: 0.0890s/iter; left time: 792.2751s
	iters: 800, epoch: 2 | loss: 0.1611119
	speed: 0.0899s/iter; left time: 791.2086s
	iters: 900, epoch: 2 | loss: 0.1707003
	speed: 0.0890s/iter; left time: 774.3287s
	iters: 1000, epoch: 2 | loss: 0.2345644
	speed: 0.0886s/iter; left time: 762.3070s
Epoch: 2 cost time: 91.87185406684875
Epoch: 2, Steps: 1067 | Train Loss: 0.1674734 Vali Loss: 0.1336078
Validation loss decreased (0.135047 --> 0.133608).  Saving model ...
Updating learning rate to 5e-05
	iters: 100, epoch: 3 | loss: 0.1291316
	speed: 0.2030s/iter; left time: 1713.0014s
	iters: 200, epoch: 3 | loss: 0.3067733
	speed: 0.0884s/iter; left time: 736.6591s
	iters: 300, epoch: 3 | loss: 0.1472640
	speed: 0.0922s/iter; left time: 759.4560s
	iters: 400, epoch: 3 | loss: 0.1177315
	speed: 0.0932s/iter; left time: 758.1304s
	iters: 500, epoch: 3 | loss: 0.1445880
	speed: 0.0900s/iter; left time: 723.0526s
	iters: 600, epoch: 3 | loss: 0.1288616
	speed: 0.0871s/iter; left time: 691.0974s
	iters: 700, epoch: 3 | loss: 0.1242928
	speed: 0.0876s/iter; left time: 686.3432s
	iters: 800, epoch: 3 | loss: 0.1305433
	speed: 0.0870s/iter; left time: 672.9758s
	iters: 900, epoch: 3 | loss: 0.1839474
	speed: 0.0856s/iter; left time: 653.8640s
	iters: 1000, epoch: 3 | loss: 0.0988142
	speed: 0.0954s/iter; left time: 719.0998s
Epoch: 3 cost time: 95.90899610519409
Epoch: 3, Steps: 1067 | Train Loss: 0.1422739 Vali Loss: 0.1354696
EarlyStopping counter: 1 out of 3
Updating learning rate to 2.5e-05
	iters: 100, epoch: 4 | loss: 0.1477377
	speed: 0.2060s/iter; left time: 1518.1323s
	iters: 200, epoch: 4 | loss: 0.1736438
	speed: 0.0961s/iter; left time: 698.2922s
	iters: 300, epoch: 4 | loss: 0.1177303
	speed: 0.0950s/iter; left time: 680.8044s
	iters: 400, epoch: 4 | loss: 0.1455649
	speed: 0.0950s/iter; left time: 671.8097s
	iters: 500, epoch: 4 | loss: 0.1216409
	speed: 0.0950s/iter; left time: 662.0185s
	iters: 600, epoch: 4 | loss: 0.1117537
	speed: 0.0933s/iter; left time: 640.7110s
	iters: 700, epoch: 4 | loss: 0.1094494
	speed: 0.0945s/iter; left time: 640.0029s
	iters: 800, epoch: 4 | loss: 0.1476319
	speed: 0.0940s/iter; left time: 627.2267s
	iters: 900, epoch: 4 | loss: 0.0952961
	speed: 0.0944s/iter; left time: 619.9232s
	iters: 1000, epoch: 4 | loss: 0.1194229
	speed: 0.0936s/iter; left time: 605.7608s
Epoch: 4 cost time: 100.75102400779724
Epoch: 4, Steps: 1067 | Train Loss: 0.1329063 Vali Loss: 0.1376373
EarlyStopping counter: 2 out of 3
Updating learning rate to 1.25e-05
	iters: 100, epoch: 5 | loss: 0.0978997
	speed: 0.2047s/iter; left time: 1290.3152s
	iters: 200, epoch: 5 | loss: 0.2053230
	speed: 0.1003s/iter; left time: 622.4385s
	iters: 300, epoch: 5 | loss: 0.1015864
	speed: 0.0948s/iter; left time: 578.4881s
	iters: 400, epoch: 5 | loss: 0.0945678
	speed: 0.0955s/iter; left time: 573.5303s
	iters: 500, epoch: 5 | loss: 0.1106690
	speed: 0.0947s/iter; left time: 558.8359s
	iters: 600, epoch: 5 | loss: 0.0915397
	speed: 0.0940s/iter; left time: 545.3560s
	iters: 700, epoch: 5 | loss: 0.1527251
	speed: 0.0942s/iter; left time: 537.1861s
	iters: 800, epoch: 5 | loss: 0.1261089
	speed: 0.0949s/iter; left time: 531.8817s
	iters: 900, epoch: 5 | loss: 0.1651392
	speed: 0.0938s/iter; left time: 515.9130s
	iters: 1000, epoch: 5 | loss: 0.1412307
	speed: 0.0946s/iter; left time: 510.8650s
Epoch: 5 cost time: 101.25784993171692
Epoch: 5, Steps: 1067 | Train Loss: 0.1280093 Vali Loss: 0.1394377
EarlyStopping counter: 3 out of 3
Early stopping
VALIDATION_RESULT {"best_epoch": 2, "best_mae": 0.25151283875696234, "best_mse": 0.13360782175122715, "epochs_ran": 5, "metric_version": "element_weighted_v1"}
>>>>>>>testing : long_term_forecast_timesnet_ettm2_sl336_pl96_s2023_TimesNet_ETTm2_ftM_sl336_ll48_pl96_dm32_nh4_el2_dl1_df32_expand2_dc4_fc3_ebtimeF_dtTrue_timesnet_ettm2_sl336_pl96_s2023_0<<<<<<<<<<<<<<<<<<<<<<<<<<<<<<<<<
test 11425
test shape: (11425, 96, 7) (11425, 96, 7)
test shape: (11425, 96, 7) (11425, 96, 7)
mse:0.1981913298368454, mae:0.28011709451675415, dtw:Not calculated
