Using GPU
Args in experiment:
[1mBasic Config[0m
  Task Name:          long_term_forecast  Is Training:        1                   
  Model ID:           timemixer_ettm1_sl336_pl336_s2023Model:              TimeMixer           

[1mData Loader[0m
  Data:               ETTm1               Root Path:          /home/cwh/Time-Series-Library/dataset/ETT-small
  Data Path:          ETTm1.csv           Features:           M                   
  Target:             OT                  Freq:               t                   
  Checkpoints:        /home/cwh/Time-Series-Library/logs/q2_main_baselines_multiseed/checkpoints

[1mForecasting Task[0m
  Seq Len:            336                 Label Len:          0                   
  Pred Len:           336                 Seasonal Patterns:  Monthly             
  Inverse:            0                   

[1mModel Parameters[0m
  Top k:              5                   Num Kernels:        6                   
  Enc In:             7                   Dec In:             7                   
  C Out:              7                   d model:            16                  
  n heads:            4                   e layers:           2                   
  d layers:           1                   d FF:               32                  
  Moving Avg:         25                  Factor:             3                   
  Distil:             1                   Dropout:            0.1                 
  Embed:              timeF               Activation:         gelu                

[1mRun Parameters[0m
  Num Workers:        0                   Itr:                1                   
  Train Epochs:       10                  Batch Size:         32                  
  Patience:           10                  Learning Rate:      0.01                
  Des:                timemixer_ettm1_sl336_pl336_s2023Loss:               MSE                 
  Lradj:              type1               Use Amp:            0                   

[1mGPU[0m
  Use GPU:            1                   GPU:                0                   
  Use Multi GPU:      0                   Devices:            0,1,2,3             

[1mDe-stationary Projector Params[0m
  P Hidden Dims:      128, 128            P Hidden Layers:    2                   

Use GPU: cuda:0
🚀 Lazy Loading: TimeMixer ...
>>>>>>>start training : long_term_forecast_timemixer_ettm1_sl336_pl336_s2023_TimeMixer_ETTm1_ftM_sl336_ll0_pl336_dm16_nh4_el2_dl1_df32_expand2_dc4_fc3_ebtimeF_dtTrue_timemixer_ettm1_sl336_pl336_s2023_0>>>>>>>>>>>>>>>>>>>>>>>>>>
train 33889
val 11185
	iters: 100, epoch: 1 | loss: 0.4427095
	speed: 0.0248s/iter; left time: 260.1841s
	iters: 200, epoch: 1 | loss: 0.3284601
	speed: 0.0186s/iter; left time: 193.0126s
	iters: 300, epoch: 1 | loss: 0.3226961
	speed: 0.0178s/iter; left time: 183.5664s
	iters: 400, epoch: 1 | loss: 0.3176132
	speed: 0.0173s/iter; left time: 176.6592s
	iters: 500, epoch: 1 | loss: 0.3315743
	speed: 0.0176s/iter; left time: 177.9148s
	iters: 600, epoch: 1 | loss: 0.3208595
	speed: 0.0178s/iter; left time: 177.7062s
	iters: 700, epoch: 1 | loss: 0.4212570
	speed: 0.0173s/iter; left time: 171.6383s
	iters: 800, epoch: 1 | loss: 0.3187158
	speed: 0.0173s/iter; left time: 169.2497s
	iters: 900, epoch: 1 | loss: 0.2790235
	speed: 0.0177s/iter; left time: 171.5468s
	iters: 1000, epoch: 1 | loss: 0.2640726
	speed: 0.0180s/iter; left time: 173.2679s
Epoch: 1 cost time: 18.952871322631836
Epoch: 1, Steps: 1060 | Train Loss: 0.3492106 Vali Loss: 0.6947216
Validation loss decreased (inf --> 0.694722).  Saving model ...
Updating learning rate to 0.01
	iters: 100, epoch: 2 | loss: 0.2729290
	speed: 0.0492s/iter; left time: 464.4105s
	iters: 200, epoch: 2 | loss: 0.2779973
	speed: 0.0178s/iter; left time: 166.4289s
	iters: 300, epoch: 2 | loss: 0.3471816
	speed: 0.0178s/iter; left time: 164.8193s
	iters: 400, epoch: 2 | loss: 0.3218892
	speed: 0.0177s/iter; left time: 161.6770s
	iters: 500, epoch: 2 | loss: 0.3152589
	speed: 0.0176s/iter; left time: 158.9230s
	iters: 600, epoch: 2 | loss: 0.2871659
	speed: 0.0176s/iter; left time: 157.4504s
	iters: 700, epoch: 2 | loss: 1.5630808
	speed: 0.0173s/iter; left time: 152.7395s
	iters: 800, epoch: 2 | loss: 13029207965696.0000000
	speed: 0.0175s/iter; left time: 152.7965s
	iters: 900, epoch: 2 | loss: 4142743420928.0000000
	speed: 0.0176s/iter; left time: 152.2820s
	iters: 1000, epoch: 2 | loss: 1218429714432.0000000
	speed: 0.0172s/iter; left time: 147.2601s
Epoch: 2 cost time: 18.59672236442566
Epoch: 2, Steps: 1060 | Train Loss: 673025897564525.8750000 Vali Loss: 887941218976.3718262
EarlyStopping counter: 1 out of 10
Updating learning rate to 0.005
	iters: 100, epoch: 3 | loss: 629690990592.0000000
	speed: 0.0488s/iter; left time: 409.1111s
	iters: 200, epoch: 3 | loss: 548186914816.0000000
	speed: 0.0167s/iter; left time: 138.6221s
	iters: 300, epoch: 3 | loss: 381413294080.0000000
	speed: 0.0169s/iter; left time: 138.3298s
	iters: 400, epoch: 3 | loss: 329189359616.0000000
	speed: 0.0168s/iter; left time: 135.5715s
	iters: 500, epoch: 3 | loss: 362114514944.0000000
	speed: 0.0169s/iter; left time: 135.0445s
	iters: 600, epoch: 3 | loss: 269610991616.0000000
	speed: 0.0165s/iter; left time: 130.3227s
	iters: 700, epoch: 3 | loss: 197737742336.0000000
	speed: 0.0168s/iter; left time: 130.6959s
	iters: 800, epoch: 3 | loss: 206028537856.0000000
	speed: 0.0168s/iter; left time: 128.9320s
	iters: 900, epoch: 3 | loss: 178673385472.0000000
	speed: 0.0170s/iter; left time: 128.8342s
	iters: 1000, epoch: 3 | loss: 218833862656.0000000
	speed: 0.0172s/iter; left time: 128.3317s
Epoch: 3 cost time: 17.90259623527527
Epoch: 3, Steps: 1060 | Train Loss: 374662702253.8867798 Vali Loss: 177154258406.9632568
EarlyStopping counter: 2 out of 10
Updating learning rate to 0.0025
	iters: 100, epoch: 4 | loss: 207827763200.0000000
	speed: 0.0488s/iter; left time: 357.1982s
	iters: 200, epoch: 4 | loss: 160496189440.0000000
	speed: 0.0167s/iter; left time: 120.3922s
	iters: 300, epoch: 4 | loss: 150716399616.0000000
	speed: 0.0172s/iter; left time: 122.2953s
	iters: 400, epoch: 4 | loss: 147337134080.0000000
	speed: 0.0176s/iter; left time: 123.6312s
	iters: 500, epoch: 4 | loss: 123298308096.0000000
	speed: 0.0175s/iter; left time: 120.8250s
	iters: 600, epoch: 4 | loss: 118421766144.0000000
	speed: 0.0177s/iter; left time: 120.9537s
	iters: 700, epoch: 4 | loss: 104978161664.0000000
	speed: 0.0171s/iter; left time: 115.1774s
	iters: 800, epoch: 4 | loss: 139082153984.0000000
	speed: 0.0172s/iter; left time: 113.8427s
	iters: 900, epoch: 4 | loss: 87795294208.0000000
	speed: 0.0177s/iter; left time: 115.4772s
	iters: 1000, epoch: 4 | loss: 96292675584.0000000
	speed: 0.0182s/iter; left time: 116.7924s
Epoch: 4 cost time: 18.56569266319275
Epoch: 4, Steps: 1060 | Train Loss: 135549984219.2905731 Vali Loss: 96128790299.6551514
EarlyStopping counter: 3 out of 10
Updating learning rate to 0.00125
	iters: 100, epoch: 5 | loss: 89550979072.0000000
	speed: 0.0514s/iter; left time: 322.0187s
	iters: 200, epoch: 5 | loss: 94273060864.0000000
	speed: 0.0181s/iter; left time: 111.5651s
	iters: 300, epoch: 5 | loss: 131750674432.0000000
	speed: 0.0180s/iter; left time: 109.1882s
	iters: 400, epoch: 5 | loss: 102584983552.0000000
	speed: 0.0181s/iter; left time: 107.8421s
	iters: 500, epoch: 5 | loss: 86035988480.0000000
	speed: 0.0175s/iter; left time: 102.6460s
	iters: 600, epoch: 5 | loss: 99846815744.0000000
	speed: 0.0183s/iter; left time: 105.5133s
	iters: 700, epoch: 5 | loss: 96215040000.0000000
	speed: 0.0179s/iter; left time: 101.1157s
	iters: 800, epoch: 5 | loss: 81910620160.0000000
	speed: 0.0180s/iter; left time: 100.2195s
	iters: 900, epoch: 5 | loss: 72374386688.0000000
	speed: 0.0178s/iter; left time: 97.0527s
	iters: 1000, epoch: 5 | loss: 79031263232.0000000
	speed: 0.0179s/iter; left time: 95.9088s
Epoch: 5 cost time: 19.01280665397644
Epoch: 5, Steps: 1060 | Train Loss: 89323647439.6981201 Vali Loss: 64900680338.6964493
EarlyStopping counter: 4 out of 10
Updating learning rate to 0.000625
	iters: 100, epoch: 6 | loss: 71674560512.0000000
	speed: 0.0482s/iter; left time: 250.6044s
	iters: 200, epoch: 6 | loss: 81077510144.0000000
	speed: 0.0166s/iter; left time: 84.6113s
	iters: 300, epoch: 6 | loss: 76104785920.0000000
	speed: 0.0170s/iter; left time: 85.2487s
	iters: 400, epoch: 6 | loss: 71390658560.0000000
	speed: 0.0167s/iter; left time: 82.0284s
	iters: 500, epoch: 6 | loss: 93906354176.0000000
	speed: 0.0167s/iter; left time: 80.0546s
	iters: 600, epoch: 6 | loss: 63264227328.0000000
	speed: 0.0165s/iter; left time: 77.3521s
	iters: 700, epoch: 6 | loss: 59970805760.0000000
	speed: 0.0165s/iter; left time: 75.8470s
	iters: 800, epoch: 6 | loss: 61232885760.0000000
	speed: 0.0164s/iter; left time: 73.7656s
	iters: 900, epoch: 6 | loss: 53359783936.0000000
	speed: 0.0167s/iter; left time: 73.3310s
	iters: 1000, epoch: 6 | loss: 63983005696.0000000
	speed: 0.0165s/iter; left time: 71.1323s
Epoch: 6 cost time: 17.642524242401123
Epoch: 6, Steps: 1060 | Train Loss: 69494494625.3283081 Vali Loss: 53380014245.0512161
EarlyStopping counter: 5 out of 10
Updating learning rate to 0.0003125
	iters: 100, epoch: 7 | loss: 61935546368.0000000
	speed: 0.0490s/iter; left time: 202.7621s
	iters: 200, epoch: 7 | loss: 66519982080.0000000
	speed: 0.0169s/iter; left time: 68.4491s
	iters: 300, epoch: 7 | loss: 64218730496.0000000
	speed: 0.0166s/iter; left time: 65.4399s
	iters: 400, epoch: 7 | loss: 65473011712.0000000
	speed: 0.0168s/iter; left time: 64.3667s
	iters: 500, epoch: 7 | loss: 57146040320.0000000
	speed: 0.0171s/iter; left time: 63.9911s
	iters: 600, epoch: 7 | loss: 60155035648.0000000
	speed: 0.0162s/iter; left time: 58.8507s
	iters: 700, epoch: 7 | loss: 59053760512.0000000
	speed: 0.0170s/iter; left time: 60.2835s
	iters: 800, epoch: 7 | loss: 38479941632.0000000
	speed: 0.0169s/iter; left time: 58.1997s
	iters: 900, epoch: 7 | loss: 43604766720.0000000
	speed: 0.0173s/iter; left time: 57.9078s
	iters: 1000, epoch: 7 | loss: 57333047296.0000000
	speed: 0.0174s/iter; left time: 56.3813s
Epoch: 7 cost time: 17.91063165664673
Epoch: 7, Steps: 1060 | Train Loss: 58505034873.7207565 Vali Loss: 44771943352.9145508
EarlyStopping counter: 6 out of 10
Updating learning rate to 0.00015625
	iters: 100, epoch: 8 | loss: 52387831808.0000000
	speed: 0.0483s/iter; left time: 148.7818s
	iters: 200, epoch: 8 | loss: 67195809792.0000000
	speed: 0.0165s/iter; left time: 49.2832s
	iters: 300, epoch: 8 | loss: 57057996800.0000000
	speed: 0.0169s/iter; left time: 48.7466s
	iters: 400, epoch: 8 | loss: 45142233088.0000000
	speed: 0.0166s/iter; left time: 46.1167s
	iters: 500, epoch: 8 | loss: 55146729472.0000000
	speed: 0.0168s/iter; left time: 44.9090s
	iters: 600, epoch: 8 | loss: 56879325184.0000000
	speed: 0.0167s/iter; left time: 43.1603s
	iters: 700, epoch: 8 | loss: 59392720896.0000000
	speed: 0.0167s/iter; left time: 41.5085s
	iters: 800, epoch: 8 | loss: 54614228992.0000000
	speed: 0.0170s/iter; left time: 40.4407s
	iters: 900, epoch: 8 | loss: 34198769664.0000000
	speed: 0.0170s/iter; left time: 38.8554s
	iters: 1000, epoch: 8 | loss: 52916908032.0000000
	speed: 0.0168s/iter; left time: 36.5443s
Epoch: 8 cost time: 17.734304189682007
Epoch: 8, Steps: 1060 | Train Loss: 52118168365.4037704 Vali Loss: 40379962938.9212799
EarlyStopping counter: 7 out of 10
Updating learning rate to 7.8125e-05
	iters: 100, epoch: 9 | loss: 54640115712.0000000
	speed: 0.0478s/iter; left time: 96.6185s
	iters: 200, epoch: 9 | loss: 45129056256.0000000
	speed: 0.0169s/iter; left time: 32.5255s
	iters: 300, epoch: 9 | loss: 72017321984.0000000
	speed: 0.0164s/iter; left time: 29.8280s
	iters: 400, epoch: 9 | loss: 60481921024.0000000
	speed: 0.0172s/iter; left time: 29.5370s
	iters: 500, epoch: 9 | loss: 43839287296.0000000
	speed: 0.0169s/iter; left time: 27.4650s
	iters: 600, epoch: 9 | loss: 49141850112.0000000
	speed: 0.0169s/iter; left time: 25.7755s
	iters: 700, epoch: 9 | loss: 58227073024.0000000
	speed: 0.0170s/iter; left time: 24.1958s
	iters: 800, epoch: 9 | loss: 43181441024.0000000
	speed: 0.0172s/iter; left time: 22.6562s
	iters: 900, epoch: 9 | loss: 45132570624.0000000
	speed: 0.0170s/iter; left time: 20.7605s
	iters: 1000, epoch: 9 | loss: 34211756032.0000000
	speed: 0.0170s/iter; left time: 19.0233s
Epoch: 9 cost time: 17.956387519836426
Epoch: 9, Steps: 1060 | Train Loss: 47454933956.1056595 Vali Loss: 36810069542.5433578
EarlyStopping counter: 8 out of 10
Updating learning rate to 3.90625e-05
	iters: 100, epoch: 10 | loss: 50234187776.0000000
	speed: 0.0498s/iter; left time: 47.8148s
	iters: 200, epoch: 10 | loss: 43996483584.0000000
	speed: 0.0172s/iter; left time: 14.7823s
	iters: 300, epoch: 10 | loss: 43660410880.0000000
	speed: 0.0169s/iter; left time: 12.8424s
	iters: 400, epoch: 10 | loss: 41425854464.0000000
	speed: 0.0172s/iter; left time: 11.3533s
	iters: 500, epoch: 10 | loss: 34126661632.0000000
	speed: 0.0167s/iter; left time: 9.3841s
	iters: 600, epoch: 10 | loss: 47617126400.0000000
	speed: 0.0171s/iter; left time: 7.8877s
	iters: 700, epoch: 10 | loss: 41963192320.0000000
	speed: 0.0169s/iter; left time: 6.1174s
	iters: 800, epoch: 10 | loss: 42180583424.0000000
	speed: 0.0171s/iter; left time: 4.4532s
	iters: 900, epoch: 10 | loss: 49761837056.0000000
	speed: 0.0170s/iter; left time: 2.7411s
	iters: 1000, epoch: 10 | loss: 34826473472.0000000
	speed: 0.0167s/iter; left time: 1.0178s
Epoch: 10 cost time: 17.989073276519775
Epoch: 10, Steps: 1060 | Train Loss: 43960693166.8528290 Vali Loss: 34099680612.0213814
EarlyStopping counter: 9 out of 10
Updating learning rate to 1.953125e-05
VALIDATION_RESULT {"best_epoch": 1, "best_mae": 0.5535843256561817, "best_mse": 0.694721558210762, "epochs_ran": 10, "metric_version": "element_weighted_v1"}
>>>>>>>testing : long_term_forecast_timemixer_ettm1_sl336_pl336_s2023_TimeMixer_ETTm1_ftM_sl336_ll0_pl336_dm16_nh4_el2_dl1_df32_expand2_dc4_fc3_ebtimeF_dtTrue_timemixer_ettm1_sl336_pl336_s2023_0<<<<<<<<<<<<<<<<<<<<<<<<<<<<<<<<<
test 11185
test shape: (11185, 336, 7) (11185, 336, 7)
test shape: (11185, 336, 7) (11185, 336, 7)
mse:0.3925017714500427, mae:0.41117215156555176, dtw:Not calculated
