Using GPU
Args in experiment:
[1mBasic Config[0m
  Task Name:          long_term_forecast  Is Training:        1                   
  Model ID:           timemixer_weather_sl336_pl720_s2023Model:              TimeMixer           

[1mData Loader[0m
  Data:               custom              Root Path:          /home/cwh/Time-Series-Library/dataset/weather
  Data Path:          weather.csv         Features:           M                   
  Target:             CO2 (ppm)           Freq:               t                   
  Checkpoints:        /home/cwh/Time-Series-Library/logs/q2_main_baselines_multiseed/checkpoints

[1mForecasting Task[0m
  Seq Len:            336                 Label Len:          0                   
  Pred Len:           720                 Seasonal Patterns:  Monthly             
  Inverse:            0                   

[1mModel Parameters[0m
  Top k:              5                   Num Kernels:        6                   
  Enc In:             21                  Dec In:             21                  
  C Out:              21                  d model:            16                  
  n heads:            4                   e layers:           3                   
  d layers:           1                   d FF:               32                  
  Moving Avg:         25                  Factor:             3                   
  Distil:             1                   Dropout:            0.1                 
  Embed:              timeF               Activation:         gelu                

[1mRun Parameters[0m
  Num Workers:        0                   Itr:                1                   
  Train Epochs:       20                  Batch Size:         32                  
  Patience:           3                   Learning Rate:      0.0001              
  Des:                timemixer_weather_sl336_pl720_s2023Loss:               MSE                 
  Lradj:              type1               Use Amp:            0                   

[1mGPU[0m
  Use GPU:            1                   GPU:                0                   
  Use Multi GPU:      0                   Devices:            0,1,2,3             

[1mDe-stationary Projector Params[0m
  P Hidden Dims:      128, 128            P Hidden Layers:    2                   

Use GPU: cuda:0
🚀 Lazy Loading: TimeMixer ...
>>>>>>>start training : long_term_forecast_timemixer_weather_sl336_pl720_s2023_TimeMixer_custom_ftM_sl336_ll0_pl720_dm16_nh4_el3_dl1_df32_expand2_dc4_fc3_ebtimeF_dtTrue_timemixer_weather_sl336_pl720_s2023_0>>>>>>>>>>>>>>>>>>>>>>>>>>
train 35832
val 4551
	iters: 100, epoch: 1 | loss: 1.2294338
	speed: 0.0316s/iter; left time: 704.5400s
	iters: 200, epoch: 1 | loss: 0.6388867
	speed: 0.0229s/iter; left time: 508.8771s
	iters: 300, epoch: 1 | loss: 0.6270540
	speed: 0.0227s/iter; left time: 500.6172s
	iters: 400, epoch: 1 | loss: 0.6794525
	speed: 0.0227s/iter; left time: 500.0800s
	iters: 500, epoch: 1 | loss: 0.7500232
	speed: 0.0225s/iter; left time: 492.4364s
	iters: 600, epoch: 1 | loss: 0.6245115
	speed: 0.0228s/iter; left time: 496.6071s
	iters: 700, epoch: 1 | loss: 0.5272340
	speed: 0.0230s/iter; left time: 499.8034s
	iters: 800, epoch: 1 | loss: 0.5403367
	speed: 0.0229s/iter; left time: 495.6824s
	iters: 900, epoch: 1 | loss: 0.4878786
	speed: 0.0237s/iter; left time: 510.2820s
	iters: 1000, epoch: 1 | loss: 0.5097275
	speed: 0.0236s/iter; left time: 504.1639s
	iters: 1100, epoch: 1 | loss: 0.8524720
	speed: 0.0234s/iter; left time: 497.4526s
Epoch: 1 cost time: 26.120452642440796
Epoch: 1, Steps: 1120 | Train Loss: 0.6817692 Vali Loss: 0.6654376
Validation loss decreased (inf --> 0.665438).  Saving model ...
Updating learning rate to 0.0001
	iters: 100, epoch: 2 | loss: 0.7810367
	speed: 0.0430s/iter; left time: 910.1868s
	iters: 200, epoch: 2 | loss: 0.7778310
	speed: 0.0231s/iter; left time: 486.4709s
	iters: 300, epoch: 2 | loss: 0.6104111
	speed: 0.0234s/iter; left time: 490.9707s
	iters: 400, epoch: 2 | loss: 0.6209071
	speed: 0.0239s/iter; left time: 499.3130s
	iters: 500, epoch: 2 | loss: 0.6550424
	speed: 0.0238s/iter; left time: 494.2321s
	iters: 600, epoch: 2 | loss: 0.4703591
	speed: 0.0225s/iter; left time: 464.4254s
	iters: 700, epoch: 2 | loss: 0.6447365
	speed: 0.0229s/iter; left time: 471.0387s
	iters: 800, epoch: 2 | loss: 0.5654706
	speed: 0.0228s/iter; left time: 466.5887s
	iters: 900, epoch: 2 | loss: 0.6255909
	speed: 0.0225s/iter; left time: 458.9044s
	iters: 1000, epoch: 2 | loss: 0.5440580
	speed: 0.0231s/iter; left time: 468.0961s
	iters: 1100, epoch: 2 | loss: 0.7151083
	speed: 0.0236s/iter; left time: 475.8558s
Epoch: 2 cost time: 26.06371307373047
Epoch: 2, Steps: 1120 | Train Loss: 0.6078690 Vali Loss: 0.6420355
Validation loss decreased (0.665438 --> 0.642035).  Saving model ...
Updating learning rate to 5e-05
	iters: 100, epoch: 3 | loss: 0.5717573
	speed: 0.0416s/iter; left time: 834.4016s
	iters: 200, epoch: 3 | loss: 0.5264435
	speed: 0.0235s/iter; left time: 469.3665s
	iters: 300, epoch: 3 | loss: 0.4599803
	speed: 0.0225s/iter; left time: 446.0952s
	iters: 400, epoch: 3 | loss: 0.5517414
	speed: 0.0227s/iter; left time: 448.4280s
	iters: 500, epoch: 3 | loss: 0.5688933
	speed: 0.0231s/iter; left time: 455.0331s
	iters: 600, epoch: 3 | loss: 0.6196685
	speed: 0.0227s/iter; left time: 444.7102s
	iters: 700, epoch: 3 | loss: 0.4913585
	speed: 0.0227s/iter; left time: 441.8821s
	iters: 800, epoch: 3 | loss: 0.6028570
	speed: 0.0238s/iter; left time: 459.9854s
	iters: 900, epoch: 3 | loss: 0.5828896
	speed: 0.0239s/iter; left time: 460.4360s
	iters: 1000, epoch: 3 | loss: 0.6322801
	speed: 0.0240s/iter; left time: 460.2496s
	iters: 1100, epoch: 3 | loss: 0.6288199
	speed: 0.0243s/iter; left time: 463.3708s
Epoch: 3 cost time: 26.105788230895996
Epoch: 3, Steps: 1120 | Train Loss: 0.5919145 Vali Loss: 0.6341287
Validation loss decreased (0.642035 --> 0.634129).  Saving model ...
Updating learning rate to 2.5e-05
	iters: 100, epoch: 4 | loss: 0.6890217
	speed: 0.0412s/iter; left time: 779.5304s
	iters: 200, epoch: 4 | loss: 0.5252543
	speed: 0.0236s/iter; left time: 445.4977s
	iters: 300, epoch: 4 | loss: 0.6209456
	speed: 0.0234s/iter; left time: 437.9779s
	iters: 400, epoch: 4 | loss: 0.4618485
	speed: 0.0232s/iter; left time: 432.5902s
	iters: 500, epoch: 4 | loss: 0.5646712
	speed: 0.0228s/iter; left time: 422.1131s
	iters: 600, epoch: 4 | loss: 0.4645869
	speed: 0.0230s/iter; left time: 424.6950s
	iters: 700, epoch: 4 | loss: 0.7621464
	speed: 0.0232s/iter; left time: 425.7084s
	iters: 800, epoch: 4 | loss: 0.5799490
	speed: 0.0243s/iter; left time: 442.3770s
	iters: 900, epoch: 4 | loss: 0.5063400
	speed: 0.0248s/iter; left time: 449.6222s
	iters: 1000, epoch: 4 | loss: 0.5404810
	speed: 0.0248s/iter; left time: 448.2812s
	iters: 1100, epoch: 4 | loss: 0.5493336
	speed: 0.0230s/iter; left time: 413.0305s
Epoch: 4 cost time: 26.40564775466919
Epoch: 4, Steps: 1120 | Train Loss: 0.5857006 Vali Loss: 0.6309542
Validation loss decreased (0.634129 --> 0.630954).  Saving model ...
Updating learning rate to 1.25e-05
	iters: 100, epoch: 5 | loss: 0.5649060
	speed: 0.0419s/iter; left time: 746.3190s
	iters: 200, epoch: 5 | loss: 0.5386433
	speed: 0.0228s/iter; left time: 403.2409s
	iters: 300, epoch: 5 | loss: 0.6385008
	speed: 0.0225s/iter; left time: 396.3603s
	iters: 400, epoch: 5 | loss: 0.5870686
	speed: 0.0228s/iter; left time: 399.6709s
	iters: 500, epoch: 5 | loss: 0.8243533
	speed: 0.0225s/iter; left time: 392.4476s
	iters: 600, epoch: 5 | loss: 0.8058544
	speed: 0.0227s/iter; left time: 393.6121s
	iters: 700, epoch: 5 | loss: 0.5406447
	speed: 0.0234s/iter; left time: 402.9530s
	iters: 800, epoch: 5 | loss: 0.4616194
	speed: 0.0235s/iter; left time: 402.0108s
	iters: 900, epoch: 5 | loss: 0.5543551
	speed: 0.0233s/iter; left time: 396.7048s
	iters: 1000, epoch: 5 | loss: 0.8208448
	speed: 0.0231s/iter; left time: 391.3454s
	iters: 1100, epoch: 5 | loss: 0.5608406
	speed: 0.0243s/iter; left time: 408.2681s
Epoch: 5 cost time: 25.94642162322998
Epoch: 5, Steps: 1120 | Train Loss: 0.5830180 Vali Loss: 0.6302526
Validation loss decreased (0.630954 --> 0.630253).  Saving model ...
Updating learning rate to 6.25e-06
	iters: 100, epoch: 6 | loss: 0.5888758
	speed: 0.0421s/iter; left time: 703.2593s
	iters: 200, epoch: 6 | loss: 0.5379324
	speed: 0.0237s/iter; left time: 393.6488s
	iters: 300, epoch: 6 | loss: 0.5022168
	speed: 0.0231s/iter; left time: 381.9606s
	iters: 400, epoch: 6 | loss: 0.4323488
	speed: 0.0231s/iter; left time: 378.2009s
	iters: 500, epoch: 6 | loss: 0.4727100
	speed: 0.0228s/iter; left time: 372.2586s
	iters: 600, epoch: 6 | loss: 0.7742623
	speed: 0.0230s/iter; left time: 372.5720s
	iters: 700, epoch: 6 | loss: 0.5454332
	speed: 0.0234s/iter; left time: 377.2125s
	iters: 800, epoch: 6 | loss: 0.6668512
	speed: 0.0231s/iter; left time: 369.8683s
	iters: 900, epoch: 6 | loss: 0.6741770
	speed: 0.0228s/iter; left time: 362.5956s
	iters: 1000, epoch: 6 | loss: 0.6568925
	speed: 0.0226s/iter; left time: 357.3875s
	iters: 1100, epoch: 6 | loss: 0.4752456
	speed: 0.0226s/iter; left time: 355.4229s
Epoch: 6 cost time: 25.838722944259644
Epoch: 6, Steps: 1120 | Train Loss: 0.5816551 Vali Loss: 0.6299574
Validation loss decreased (0.630253 --> 0.629957).  Saving model ...
Updating learning rate to 3.125e-06
	iters: 100, epoch: 7 | loss: 0.7726861
	speed: 0.0407s/iter; left time: 634.8425s
	iters: 200, epoch: 7 | loss: 0.7301351
	speed: 0.0233s/iter; left time: 360.5816s
	iters: 300, epoch: 7 | loss: 0.4414174
	speed: 0.0244s/iter; left time: 375.8369s
	iters: 400, epoch: 7 | loss: 0.6032740
	speed: 0.0238s/iter; left time: 363.4004s
	iters: 500, epoch: 7 | loss: 0.7018985
	speed: 0.0235s/iter; left time: 357.1109s
	iters: 600, epoch: 7 | loss: 0.8101977
	speed: 0.0233s/iter; left time: 351.0161s
	iters: 700, epoch: 7 | loss: 0.7331698
	speed: 0.0234s/iter; left time: 350.2816s
	iters: 800, epoch: 7 | loss: 0.6386291
	speed: 0.0236s/iter; left time: 351.5698s
	iters: 900, epoch: 7 | loss: 0.4939548
	speed: 0.0234s/iter; left time: 345.5603s
	iters: 1000, epoch: 7 | loss: 0.6183884
	speed: 0.0235s/iter; left time: 345.0461s
	iters: 1100, epoch: 7 | loss: 0.5301233
	speed: 0.0235s/iter; left time: 341.9373s
Epoch: 7 cost time: 26.32135581970215
Epoch: 7, Steps: 1120 | Train Loss: 0.5808238 Vali Loss: 0.6296937
Validation loss decreased (0.629957 --> 0.629694).  Saving model ...
Updating learning rate to 1.5625e-06
	iters: 100, epoch: 8 | loss: 0.4916846
	speed: 0.0411s/iter; left time: 594.5616s
	iters: 200, epoch: 8 | loss: 0.4457693
	speed: 0.0228s/iter; left time: 327.5675s
	iters: 300, epoch: 8 | loss: 0.4907576
	speed: 0.0225s/iter; left time: 321.3278s
	iters: 400, epoch: 8 | loss: 0.5161313
	speed: 0.0231s/iter; left time: 327.2662s
	iters: 500, epoch: 8 | loss: 0.5059167
	speed: 0.0231s/iter; left time: 324.9554s
	iters: 600, epoch: 8 | loss: 0.4329118
	speed: 0.0229s/iter; left time: 320.2039s
	iters: 700, epoch: 8 | loss: 0.5470504
	speed: 0.0237s/iter; left time: 328.1991s
	iters: 800, epoch: 8 | loss: 0.6076667
	speed: 0.0231s/iter; left time: 317.5050s
	iters: 900, epoch: 8 | loss: 0.4567459
	speed: 0.0241s/iter; left time: 329.0056s
	iters: 1000, epoch: 8 | loss: 0.6767638
	speed: 0.0242s/iter; left time: 328.3869s
	iters: 1100, epoch: 8 | loss: 0.6589687
	speed: 0.0236s/iter; left time: 317.3264s
Epoch: 8 cost time: 26.04180407524109
Epoch: 8, Steps: 1120 | Train Loss: 0.5805077 Vali Loss: 0.6295961
Validation loss decreased (0.629694 --> 0.629596).  Saving model ...
Updating learning rate to 7.8125e-07
	iters: 100, epoch: 9 | loss: 0.4967569
	speed: 0.0426s/iter; left time: 568.5526s
	iters: 200, epoch: 9 | loss: 0.5953574
	speed: 0.0234s/iter; left time: 309.8625s
	iters: 300, epoch: 9 | loss: 0.7506939
	speed: 0.0237s/iter; left time: 310.9679s
	iters: 400, epoch: 9 | loss: 0.5694430
	speed: 0.0233s/iter; left time: 303.3769s
	iters: 500, epoch: 9 | loss: 0.5024411
	speed: 0.0229s/iter; left time: 296.9831s
	iters: 600, epoch: 9 | loss: 0.6121682
	speed: 0.0225s/iter; left time: 289.0304s
	iters: 700, epoch: 9 | loss: 0.5977396
	speed: 0.0229s/iter; left time: 292.1797s
	iters: 800, epoch: 9 | loss: 0.5502994
	speed: 0.0232s/iter; left time: 293.2499s
	iters: 900, epoch: 9 | loss: 0.6665685
	speed: 0.0229s/iter; left time: 286.7962s
	iters: 1000, epoch: 9 | loss: 0.5190229
	speed: 0.0230s/iter; left time: 286.5825s
	iters: 1100, epoch: 9 | loss: 0.5921607
	speed: 0.0229s/iter; left time: 282.0544s
Epoch: 9 cost time: 25.948869705200195
Epoch: 9, Steps: 1120 | Train Loss: 0.5804018 Vali Loss: 0.6296311
EarlyStopping counter: 1 out of 3
Updating learning rate to 3.90625e-07
	iters: 100, epoch: 10 | loss: 0.5626734
	speed: 0.0416s/iter; left time: 507.9296s
	iters: 200, epoch: 10 | loss: 0.5471152
	speed: 0.0238s/iter; left time: 288.4043s
	iters: 300, epoch: 10 | loss: 0.4701896
	speed: 0.0238s/iter; left time: 285.8343s
	iters: 400, epoch: 10 | loss: 0.4155531
	speed: 0.0242s/iter; left time: 288.7242s
	iters: 500, epoch: 10 | loss: 0.5607646
	speed: 0.0239s/iter; left time: 282.5325s
	iters: 600, epoch: 10 | loss: 0.4740290
	speed: 0.0244s/iter; left time: 285.6419s
	iters: 700, epoch: 10 | loss: 0.5896743
	speed: 0.0239s/iter; left time: 277.4506s
	iters: 800, epoch: 10 | loss: 0.5368312
	speed: 0.0233s/iter; left time: 267.9325s
	iters: 900, epoch: 10 | loss: 0.6018084
	speed: 0.0228s/iter; left time: 260.4948s
	iters: 1000, epoch: 10 | loss: 0.8338729
	speed: 0.0227s/iter; left time: 257.0013s
	iters: 1100, epoch: 10 | loss: 0.7717727
	speed: 0.0225s/iter; left time: 252.4983s
Epoch: 10 cost time: 26.306843042373657
Epoch: 10, Steps: 1120 | Train Loss: 0.5802712 Vali Loss: 0.6296291
EarlyStopping counter: 2 out of 3
Updating learning rate to 1.953125e-07
	iters: 100, epoch: 11 | loss: 0.5556670
	speed: 0.0418s/iter; left time: 463.9356s
	iters: 200, epoch: 11 | loss: 0.4517500
	speed: 0.0229s/iter; left time: 251.8974s
	iters: 300, epoch: 11 | loss: 0.5581893
	speed: 0.0233s/iter; left time: 253.5581s
	iters: 400, epoch: 11 | loss: 0.5208766
	speed: 0.0234s/iter; left time: 252.3700s
	iters: 500, epoch: 11 | loss: 0.6157509
	speed: 0.0234s/iter; left time: 249.9545s
	iters: 600, epoch: 11 | loss: 0.4054573
	speed: 0.0238s/iter; left time: 252.4536s
	iters: 700, epoch: 11 | loss: 0.6717684
	speed: 0.0229s/iter; left time: 240.2164s
	iters: 800, epoch: 11 | loss: 0.4423172
	speed: 0.0232s/iter; left time: 241.7559s
	iters: 900, epoch: 11 | loss: 0.7225922
	speed: 0.0231s/iter; left time: 238.2398s
	iters: 1000, epoch: 11 | loss: 0.5051578
	speed: 0.0236s/iter; left time: 241.1690s
	iters: 1100, epoch: 11 | loss: 0.7497764
	speed: 0.0233s/iter; left time: 234.9702s
Epoch: 11 cost time: 26.101383447647095
Epoch: 11, Steps: 1120 | Train Loss: 0.5802611 Vali Loss: 0.6295286
Validation loss decreased (0.629596 --> 0.629529).  Saving model ...
Updating learning rate to 9.765625e-08
	iters: 100, epoch: 12 | loss: 0.7151656
	speed: 0.0427s/iter; left time: 425.7438s
	iters: 200, epoch: 12 | loss: 0.4927410
	speed: 0.0237s/iter; left time: 234.3537s
	iters: 300, epoch: 12 | loss: 0.6074545
	speed: 0.0240s/iter; left time: 234.5827s
	iters: 400, epoch: 12 | loss: 0.6119055
	speed: 0.0236s/iter; left time: 228.8398s
	iters: 500, epoch: 12 | loss: 0.5242188
	speed: 0.0235s/iter; left time: 225.2889s
	iters: 600, epoch: 12 | loss: 0.4681526
	speed: 0.0237s/iter; left time: 224.2411s
	iters: 700, epoch: 12 | loss: 0.6856664
	speed: 0.0241s/iter; left time: 225.9400s
	iters: 800, epoch: 12 | loss: 0.6309889
	speed: 0.0235s/iter; left time: 218.2066s
	iters: 900, epoch: 12 | loss: 0.5985472
	speed: 0.0232s/iter; left time: 212.6123s
	iters: 1000, epoch: 12 | loss: 0.7654953
	speed: 0.0232s/iter; left time: 211.1047s
	iters: 1100, epoch: 12 | loss: 0.5681049
	speed: 0.0230s/iter; left time: 206.6408s
Epoch: 12 cost time: 26.43223524093628
Epoch: 12, Steps: 1120 | Train Loss: 0.5802299 Vali Loss: 0.6295386
EarlyStopping counter: 1 out of 3
Updating learning rate to 4.8828125e-08
	iters: 100, epoch: 13 | loss: 0.4825214
	speed: 0.0410s/iter; left time: 362.9941s
	iters: 200, epoch: 13 | loss: 0.5156671
	speed: 0.0231s/iter; left time: 202.1495s
	iters: 300, epoch: 13 | loss: 0.5942022
	speed: 0.0231s/iter; left time: 199.7783s
	iters: 400, epoch: 13 | loss: 0.4477179
	speed: 0.0229s/iter; left time: 196.4544s
	iters: 500, epoch: 13 | loss: 0.5372934
	speed: 0.0224s/iter; left time: 189.6237s
	iters: 600, epoch: 13 | loss: 0.5008766
	speed: 0.0227s/iter; left time: 189.5067s
	iters: 700, epoch: 13 | loss: 0.6426932
	speed: 0.0233s/iter; left time: 192.3778s
	iters: 800, epoch: 13 | loss: 0.4995725
	speed: 0.0231s/iter; left time: 188.5750s
	iters: 900, epoch: 13 | loss: 0.5928063
	speed: 0.0234s/iter; left time: 188.8653s
	iters: 1000, epoch: 13 | loss: 0.6266137
	speed: 0.0234s/iter; left time: 186.2939s
	iters: 1100, epoch: 13 | loss: 0.6526476
	speed: 0.0240s/iter; left time: 188.3483s
Epoch: 13 cost time: 25.923713445663452
Epoch: 13, Steps: 1120 | Train Loss: 0.5801604 Vali Loss: 0.6296200
EarlyStopping counter: 2 out of 3
Updating learning rate to 2.44140625e-08
	iters: 100, epoch: 14 | loss: 0.6012806
	speed: 0.0424s/iter; left time: 328.3926s
	iters: 200, epoch: 14 | loss: 0.5212424
	speed: 0.0234s/iter; left time: 179.0547s
	iters: 300, epoch: 14 | loss: 0.6023465
	speed: 0.0236s/iter; left time: 177.6529s
	iters: 400, epoch: 14 | loss: 0.4353493
	speed: 0.0234s/iter; left time: 173.8573s
	iters: 500, epoch: 14 | loss: 0.5753103
	speed: 0.0235s/iter; left time: 172.8132s
	iters: 600, epoch: 14 | loss: 0.6195905
	speed: 0.0233s/iter; left time: 168.5334s
	iters: 700, epoch: 14 | loss: 0.4822012
	speed: 0.0235s/iter; left time: 167.6925s
	iters: 800, epoch: 14 | loss: 0.6102232
	speed: 0.0234s/iter; left time: 164.5609s
	iters: 900, epoch: 14 | loss: 0.4718097
	speed: 0.0228s/iter; left time: 158.2084s
	iters: 1000, epoch: 14 | loss: 0.5032694
	speed: 0.0232s/iter; left time: 158.6892s
	iters: 1100, epoch: 14 | loss: 0.5988709
	speed: 0.0229s/iter; left time: 154.0803s
Epoch: 14 cost time: 26.162348985671997
Epoch: 14, Steps: 1120 | Train Loss: 0.5801978 Vali Loss: 0.6295854
EarlyStopping counter: 3 out of 3
Early stopping
VALIDATION_RESULT {"best_epoch": 11, "best_mae": 0.43328310077508186, "best_mse": 0.6295285901373935, "epochs_ran": 14, "metric_version": "element_weighted_v1"}
>>>>>>>testing : long_term_forecast_timemixer_weather_sl336_pl720_s2023_TimeMixer_custom_ftM_sl336_ll0_pl720_dm16_nh4_el3_dl1_df32_expand2_dc4_fc3_ebtimeF_dtTrue_timemixer_weather_sl336_pl720_s2023_0<<<<<<<<<<<<<<<<<<<<<<<<<<<<<<<<<
test 9820
test shape: (9820, 720, 21) (9820, 720, 21)
test shape: (9820, 720, 21) (9820, 720, 21)
mse:0.31711143255233765, mae:0.333220899105072, dtw:Not calculated
