Using GPU
Args in experiment:
[1mBasic Config[0m
  Task Name:          long_term_forecast  Is Training:        1                   
  Model ID:           timesnet_ettm1_sl336_pl96_s2022Model:              TimesNet            

[1mData Loader[0m
  Data:               ETTm1               Root Path:          /home/cwh/Time-Series-Library/dataset/ETT-small
  Data Path:          ETTm1.csv           Features:           M                   
  Target:             OT                  Freq:               t                   
  Checkpoints:        /home/cwh/Time-Series-Library/logs/q2_main_baselines_multiseed/checkpoints

[1mForecasting Task[0m
  Seq Len:            336                 Label Len:          48                  
  Pred Len:           96                  Seasonal Patterns:  Monthly             
  Inverse:            0                   

[1mModel Parameters[0m
  Top k:              5                   Num Kernels:        6                   
  Enc In:             7                   Dec In:             7                   
  C Out:              7                   d model:            32                  
  n heads:            4                   e layers:           2                   
  d layers:           1                   d FF:               32                  
  Moving Avg:         25                  Factor:             3                   
  Distil:             1                   Dropout:            0.1                 
  Embed:              timeF               Activation:         gelu                

[1mRun Parameters[0m
  Num Workers:        0                   Itr:                1                   
  Train Epochs:       10                  Batch Size:         32                  
  Patience:           3                   Learning Rate:      0.0001              
  Des:                timesnet_ettm1_sl336_pl96_s2022Loss:               MSE                 
  Lradj:              type1               Use Amp:            0                   

[1mGPU[0m
  Use GPU:            1                   GPU:                0                   
  Use Multi GPU:      0                   Devices:            0,1,2,3             

[1mDe-stationary Projector Params[0m
  P Hidden Dims:      128, 128            P Hidden Layers:    2                   

Use GPU: cuda:0
🚀 Lazy Loading: TimesNet ...
>>>>>>>start training : long_term_forecast_timesnet_ettm1_sl336_pl96_s2022_TimesNet_ETTm1_ftM_sl336_ll48_pl96_dm32_nh4_el2_dl1_df32_expand2_dc4_fc3_ebtimeF_dtTrue_timesnet_ettm1_sl336_pl96_s2022_0>>>>>>>>>>>>>>>>>>>>>>>>>>
train 34129
val 11425
	iters: 100, epoch: 1 | loss: 0.3271054
	speed: 0.0896s/iter; left time: 947.0798s
	iters: 200, epoch: 1 | loss: 0.4085875
	speed: 0.0884s/iter; left time: 925.3579s
	iters: 300, epoch: 1 | loss: 0.3054956
	speed: 0.0884s/iter; left time: 916.9737s
	iters: 400, epoch: 1 | loss: 0.2471140
	speed: 0.0855s/iter; left time: 878.3484s
	iters: 500, epoch: 1 | loss: 0.2777413
	speed: 0.0780s/iter; left time: 793.4570s
	iters: 600, epoch: 1 | loss: 0.2571008
	speed: 0.0767s/iter; left time: 772.2921s
	iters: 700, epoch: 1 | loss: 0.1859797
	speed: 0.0760s/iter; left time: 758.2869s
	iters: 800, epoch: 1 | loss: 0.2068393
	speed: 0.0728s/iter; left time: 718.2250s
	iters: 900, epoch: 1 | loss: 0.1820385
	speed: 0.0731s/iter; left time: 714.0641s
	iters: 1000, epoch: 1 | loss: 0.2463028
	speed: 0.0723s/iter; left time: 699.1955s
Epoch: 1 cost time: 84.44673371315002
Epoch: 1, Steps: 1067 | Train Loss: 0.2726799 Vali Loss: 0.4280308
Validation loss decreased (inf --> 0.428031).  Saving model ...
Updating learning rate to 0.0001
	iters: 100, epoch: 2 | loss: 0.2033993
	speed: 0.1677s/iter; left time: 1593.5697s
	iters: 200, epoch: 2 | loss: 0.2474868
	speed: 0.0741s/iter; left time: 697.0432s
	iters: 300, epoch: 2 | loss: 0.1725700
	speed: 0.0746s/iter; left time: 693.9367s
	iters: 400, epoch: 2 | loss: 0.1761123
	speed: 0.0714s/iter; left time: 656.9344s
	iters: 500, epoch: 2 | loss: 0.1777682
	speed: 0.0681s/iter; left time: 619.6210s
	iters: 600, epoch: 2 | loss: 0.1891401
	speed: 0.0704s/iter; left time: 633.5165s
	iters: 700, epoch: 2 | loss: 0.1573779
	speed: 0.0703s/iter; left time: 625.6054s
	iters: 800, epoch: 2 | loss: 0.1982583
	speed: 0.0708s/iter; left time: 623.0260s
	iters: 900, epoch: 2 | loss: 0.1724271
	speed: 0.0625s/iter; left time: 543.8967s
	iters: 1000, epoch: 2 | loss: 0.1749198
	speed: 0.0591s/iter; left time: 508.6206s
Epoch: 2 cost time: 73.190505027771
Epoch: 2, Steps: 1067 | Train Loss: 0.1918819 Vali Loss: 0.4721840
EarlyStopping counter: 1 out of 3
Updating learning rate to 5e-05
	iters: 100, epoch: 3 | loss: 0.1833516
	speed: 0.1492s/iter; left time: 1258.4194s
	iters: 200, epoch: 3 | loss: 0.1681837
	speed: 0.0607s/iter; left time: 505.8207s
	iters: 300, epoch: 3 | loss: 0.1698193
	speed: 0.0597s/iter; left time: 491.7070s
	iters: 400, epoch: 3 | loss: 0.1474553
	speed: 0.0621s/iter; left time: 505.6191s
	iters: 500, epoch: 3 | loss: 0.1426719
	speed: 0.0643s/iter; left time: 516.4707s
	iters: 600, epoch: 3 | loss: 0.1587844
	speed: 0.0630s/iter; left time: 499.8875s
	iters: 700, epoch: 3 | loss: 0.1558951
	speed: 0.0631s/iter; left time: 494.2990s
	iters: 800, epoch: 3 | loss: 0.1497167
	speed: 0.0630s/iter; left time: 487.0777s
	iters: 900, epoch: 3 | loss: 0.1514491
	speed: 0.0652s/iter; left time: 497.6748s
	iters: 1000, epoch: 3 | loss: 0.1474012
	speed: 0.0678s/iter; left time: 510.8306s
Epoch: 3 cost time: 67.59423303604126
Epoch: 3, Steps: 1067 | Train Loss: 0.1567105 Vali Loss: 0.4958731
EarlyStopping counter: 2 out of 3
Updating learning rate to 2.5e-05
	iters: 100, epoch: 4 | loss: 0.1326163
	speed: 0.1611s/iter; left time: 1187.3853s
	iters: 200, epoch: 4 | loss: 0.1438010
	speed: 0.0662s/iter; left time: 481.0572s
	iters: 300, epoch: 4 | loss: 0.1324389
	speed: 0.0665s/iter; left time: 476.8456s
	iters: 400, epoch: 4 | loss: 0.1489208
	speed: 0.0676s/iter; left time: 477.7716s
	iters: 500, epoch: 4 | loss: 0.1792487
	speed: 0.0666s/iter; left time: 464.4657s
	iters: 600, epoch: 4 | loss: 0.1349131
	speed: 0.0652s/iter; left time: 448.2087s
	iters: 700, epoch: 4 | loss: 0.1750219
	speed: 0.0653s/iter; left time: 442.1297s
	iters: 800, epoch: 4 | loss: 0.1347722
	speed: 0.0658s/iter; left time: 438.7274s
	iters: 900, epoch: 4 | loss: 0.1379268
	speed: 0.0667s/iter; left time: 438.2303s
	iters: 1000, epoch: 4 | loss: 0.1497641
	speed: 0.0645s/iter; left time: 417.3677s
Epoch: 4 cost time: 70.3824234008789
Epoch: 4, Steps: 1067 | Train Loss: 0.1408956 Vali Loss: 0.5249078
EarlyStopping counter: 3 out of 3
Early stopping
VALIDATION_RESULT {"best_epoch": 1, "best_mae": 0.4359888052893167, "best_mse": 0.4280308197632027, "epochs_ran": 4, "metric_version": "element_weighted_v1"}
>>>>>>>testing : long_term_forecast_timesnet_ettm1_sl336_pl96_s2022_TimesNet_ETTm1_ftM_sl336_ll48_pl96_dm32_nh4_el2_dl1_df32_expand2_dc4_fc3_ebtimeF_dtTrue_timesnet_ettm1_sl336_pl96_s2022_0<<<<<<<<<<<<<<<<<<<<<<<<<<<<<<<<<
test 11425
test shape: (11425, 96, 7) (11425, 96, 7)
test shape: (11425, 96, 7) (11425, 96, 7)
mse:0.32356199622154236, mae:0.37038514018058777, dtw:Not calculated
