Using GPU
Args in experiment:
[1mBasic Config[0m
  Task Name:          long_term_forecast  Is Training:        1                   
  Model ID:           timemixer_etth2_sl336_pl192_s2022Model:              TimeMixer           

[1mData Loader[0m
  Data:               ETTh2               Root Path:          /home/cwh/Time-Series-Library/dataset/ETT-small
  Data Path:          ETTh2.csv           Features:           M                   
  Target:             OT                  Freq:               h                   
  Checkpoints:        /home/cwh/Time-Series-Library/logs/q2_main_baselines_multiseed/checkpoints

[1mForecasting Task[0m
  Seq Len:            336                 Label Len:          0                   
  Pred Len:           192                 Seasonal Patterns:  Monthly             
  Inverse:            0                   

[1mModel Parameters[0m
  Top k:              5                   Num Kernels:        6                   
  Enc In:             7                   Dec In:             7                   
  C Out:              7                   d model:            16                  
  n heads:            4                   e layers:           2                   
  d layers:           1                   d FF:               32                  
  Moving Avg:         25                  Factor:             3                   
  Distil:             1                   Dropout:            0.1                 
  Embed:              timeF               Activation:         gelu                

[1mRun Parameters[0m
  Num Workers:        0                   Itr:                1                   
  Train Epochs:       10                  Batch Size:         32                  
  Patience:           10                  Learning Rate:      0.01                
  Des:                timemixer_etth2_sl336_pl192_s2022Loss:               MSE                 
  Lradj:              type1               Use Amp:            0                   

[1mGPU[0m
  Use GPU:            1                   GPU:                0                   
  Use Multi GPU:      0                   Devices:            0,1,2,3             

[1mDe-stationary Projector Params[0m
  P Hidden Dims:      128, 128            P Hidden Layers:    2                   

Use GPU: cuda:0
🚀 Lazy Loading: TimeMixer ...
>>>>>>>start training : long_term_forecast_timemixer_etth2_sl336_pl192_s2022_TimeMixer_ETTh2_ftM_sl336_ll0_pl192_dm16_nh4_el2_dl1_df32_expand2_dc4_fc3_ebtimeF_dtTrue_timemixer_etth2_sl336_pl192_s2022_0>>>>>>>>>>>>>>>>>>>>>>>>>>
train 8113
val 2689
	iters: 100, epoch: 1 | loss: 0.3645666
	speed: 0.0247s/iter; left time: 60.3031s
	iters: 200, epoch: 1 | loss: 0.2698644
	speed: 0.0169s/iter; left time: 39.6276s
Epoch: 1 cost time: 4.5583107471466064
Epoch: 1, Steps: 254 | Train Loss: 0.5253392 Vali Loss: 0.3121287
Validation loss decreased (inf --> 0.312129).  Saving model ...
Updating learning rate to 0.01
	iters: 100, epoch: 2 | loss: 0.4552588
	speed: 0.0310s/iter; left time: 67.8688s
	iters: 200, epoch: 2 | loss: 0.2838252
	speed: 0.0169s/iter; left time: 35.2434s
Epoch: 2 cost time: 4.261837959289551
Epoch: 2, Steps: 254 | Train Loss: 0.4288140 Vali Loss: 0.4097530
EarlyStopping counter: 1 out of 10
Updating learning rate to 0.005
	iters: 100, epoch: 3 | loss: 0.4547240
	speed: 0.0308s/iter; left time: 59.5232s
	iters: 200, epoch: 3 | loss: 0.3089663
	speed: 0.0167s/iter; left time: 30.5583s
Epoch: 3 cost time: 4.200458765029907
Epoch: 3, Steps: 254 | Train Loss: 0.3337981 Vali Loss: 0.3165907
EarlyStopping counter: 2 out of 10
Updating learning rate to 0.0025
	iters: 100, epoch: 4 | loss: 0.3003393
	speed: 0.0307s/iter; left time: 51.5902s
	iters: 200, epoch: 4 | loss: 0.2300114
	speed: 0.0173s/iter; left time: 27.2784s
Epoch: 4 cost time: 4.293752908706665
Epoch: 4, Steps: 254 | Train Loss: 0.2729343 Vali Loss: 0.3514561
EarlyStopping counter: 3 out of 10
Updating learning rate to 0.00125
	iters: 100, epoch: 5 | loss: 0.1983401
	speed: 0.0297s/iter; left time: 42.3468s
	iters: 200, epoch: 5 | loss: 0.3327050
	speed: 0.0173s/iter; left time: 22.8727s
Epoch: 5 cost time: 4.243656873703003
Epoch: 5, Steps: 254 | Train Loss: 0.2374815 Vali Loss: 0.3651481
EarlyStopping counter: 4 out of 10
Updating learning rate to 0.000625
	iters: 100, epoch: 6 | loss: 0.2305599
	speed: 0.0306s/iter; left time: 35.8545s
	iters: 200, epoch: 6 | loss: 0.1910960
	speed: 0.0171s/iter; left time: 18.3343s
Epoch: 6 cost time: 4.280817985534668
Epoch: 6, Steps: 254 | Train Loss: 0.2206608 Vali Loss: 0.3592342
EarlyStopping counter: 5 out of 10
Updating learning rate to 0.0003125
	iters: 100, epoch: 7 | loss: 0.1794955
	speed: 0.0312s/iter; left time: 28.6382s
	iters: 200, epoch: 7 | loss: 0.2261727
	speed: 0.0165s/iter; left time: 13.4506s
Epoch: 7 cost time: 4.281249046325684
Epoch: 7, Steps: 254 | Train Loss: 0.2115682 Vali Loss: 0.3629914
EarlyStopping counter: 6 out of 10
Updating learning rate to 0.00015625
	iters: 100, epoch: 8 | loss: 0.2621373
	speed: 0.0313s/iter; left time: 20.7836s
	iters: 200, epoch: 8 | loss: 0.1770597
	speed: 0.0173s/iter; left time: 9.7156s
Epoch: 8 cost time: 4.427033185958862
Epoch: 8, Steps: 254 | Train Loss: 0.2067997 Vali Loss: 0.3609142
EarlyStopping counter: 7 out of 10
Updating learning rate to 7.8125e-05
	iters: 100, epoch: 9 | loss: 0.2136063
	speed: 0.0324s/iter; left time: 13.2341s
	iters: 200, epoch: 9 | loss: 0.2567246
	speed: 0.0176s/iter; left time: 5.4461s
Epoch: 9 cost time: 4.459360837936401
Epoch: 9, Steps: 254 | Train Loss: 0.2042678 Vali Loss: 0.3598708
EarlyStopping counter: 8 out of 10
Updating learning rate to 3.90625e-05
	iters: 100, epoch: 10 | loss: 0.1404231
	speed: 0.0308s/iter; left time: 4.7755s
	iters: 200, epoch: 10 | loss: 0.1932056
	speed: 0.0166s/iter; left time: 0.9121s
Epoch: 10 cost time: 4.2142579555511475
Epoch: 10, Steps: 254 | Train Loss: 0.2028248 Vali Loss: 0.3600231
EarlyStopping counter: 9 out of 10
Updating learning rate to 1.953125e-05
VALIDATION_RESULT {"best_epoch": 1, "best_mae": 0.3858388950898667, "best_mse": 0.31212865627177827, "epochs_ran": 10, "metric_version": "element_weighted_v1"}
>>>>>>>testing : long_term_forecast_timemixer_etth2_sl336_pl192_s2022_TimeMixer_ETTh2_ftM_sl336_ll0_pl192_dm16_nh4_el2_dl1_df32_expand2_dc4_fc3_ebtimeF_dtTrue_timemixer_etth2_sl336_pl192_s2022_0<<<<<<<<<<<<<<<<<<<<<<<<<<<<<<<<<
test 2689
test shape: (2689, 192, 7) (2689, 192, 7)
test shape: (2689, 192, 7) (2689, 192, 7)
mse:0.3635333478450775, mae:0.40258949995040894, dtw:Not calculated
