Using GPU
Args in experiment:
[1mBasic Config[0m
  Task Name:          long_term_forecast  Is Training:        1                   
  Model ID:           timemixer_ettm1_sl336_pl96_s2022Model:              TimeMixer           

[1mData Loader[0m
  Data:               ETTm1               Root Path:          /home/cwh/Time-Series-Library/dataset/ETT-small
  Data Path:          ETTm1.csv           Features:           M                   
  Target:             OT                  Freq:               t                   
  Checkpoints:        /home/cwh/Time-Series-Library/logs/q2_main_baselines_multiseed/checkpoints

[1mForecasting Task[0m
  Seq Len:            336                 Label Len:          0                   
  Pred Len:           96                  Seasonal Patterns:  Monthly             
  Inverse:            0                   

[1mModel Parameters[0m
  Top k:              5                   Num Kernels:        6                   
  Enc In:             7                   Dec In:             7                   
  C Out:              7                   d model:            16                  
  n heads:            4                   e layers:           2                   
  d layers:           1                   d FF:               32                  
  Moving Avg:         25                  Factor:             3                   
  Distil:             1                   Dropout:            0.1                 
  Embed:              timeF               Activation:         gelu                

[1mRun Parameters[0m
  Num Workers:        0                   Itr:                1                   
  Train Epochs:       10                  Batch Size:         32                  
  Patience:           10                  Learning Rate:      0.01                
  Des:                timemixer_ettm1_sl336_pl96_s2022Loss:               MSE                 
  Lradj:              type1               Use Amp:            0                   

[1mGPU[0m
  Use GPU:            1                   GPU:                0                   
  Use Multi GPU:      0                   Devices:            0,1,2,3             

[1mDe-stationary Projector Params[0m
  P Hidden Dims:      128, 128            P Hidden Layers:    2                   

Use GPU: cuda:0
🚀 Lazy Loading: TimeMixer ...
>>>>>>>start training : long_term_forecast_timemixer_ettm1_sl336_pl96_s2022_TimeMixer_ETTm1_ftM_sl336_ll0_pl96_dm16_nh4_el2_dl1_df32_expand2_dc4_fc3_ebtimeF_dtTrue_timemixer_ettm1_sl336_pl96_s2022_0>>>>>>>>>>>>>>>>>>>>>>>>>>
train 34129
val 11425
	iters: 100, epoch: 1 | loss: 0.2746792
	speed: 0.0238s/iter; left time: 251.1681s
	iters: 200, epoch: 1 | loss: 0.2506405
	speed: 0.0163s/iter; left time: 170.6669s
	iters: 300, epoch: 1 | loss: 0.2829388
	speed: 0.0160s/iter; left time: 166.2152s
	iters: 400, epoch: 1 | loss: 0.2749722
	speed: 0.0165s/iter; left time: 169.7320s
	iters: 500, epoch: 1 | loss: 0.2365277
	speed: 0.0168s/iter; left time: 170.8501s
	iters: 600, epoch: 1 | loss: 0.2299965
	speed: 0.0162s/iter; left time: 162.8538s
	iters: 700, epoch: 1 | loss: 0.2529017
	speed: 0.0164s/iter; left time: 163.2330s
	iters: 800, epoch: 1 | loss: 0.2376234
	speed: 0.0162s/iter; left time: 160.1589s
	iters: 900, epoch: 1 | loss: 0.2122299
	speed: 0.0165s/iter; left time: 161.5492s
	iters: 1000, epoch: 1 | loss: 0.2099655
	speed: 0.0162s/iter; left time: 156.6097s
Epoch: 1 cost time: 17.67040252685547
Epoch: 1, Steps: 1067 | Train Loss: 0.2605880 Vali Loss: 0.3835214
Validation loss decreased (inf --> 0.383521).  Saving model ...
Updating learning rate to 0.01
	iters: 100, epoch: 2 | loss: 0.1763701
	speed: 0.0478s/iter; left time: 453.9681s
	iters: 200, epoch: 2 | loss: 0.2449769
	speed: 0.0166s/iter; left time: 156.1266s
	iters: 300, epoch: 2 | loss: 0.2092631
	speed: 0.0165s/iter; left time: 153.6671s
	iters: 400, epoch: 2 | loss: 0.2088818
	speed: 0.0163s/iter; left time: 149.9039s
	iters: 500, epoch: 2 | loss: 0.1756618
	speed: 0.0167s/iter; left time: 151.8056s
	iters: 600, epoch: 2 | loss: 0.1937278
	speed: 0.0164s/iter; left time: 147.8187s
	iters: 700, epoch: 2 | loss: 0.2320299
	speed: 0.0165s/iter; left time: 146.7339s
	iters: 800, epoch: 2 | loss: 0.1831255
	speed: 0.0168s/iter; left time: 148.1263s
	iters: 900, epoch: 2 | loss: 0.2517635
	speed: 0.0163s/iter; left time: 141.4974s
	iters: 1000, epoch: 2 | loss: 22401114896859136.0000000
	speed: 0.0167s/iter; left time: 143.9623s
Epoch: 2 cost time: 17.650073528289795
Epoch: 2, Steps: 1067 | Train Loss: 18910971601493696.0000000 Vali Loss: 27234852507462.5820312
EarlyStopping counter: 1 out of 10
Updating learning rate to 0.005
	iters: 100, epoch: 3 | loss: 7720689729536.0000000
	speed: 0.0484s/iter; left time: 408.1175s
	iters: 200, epoch: 3 | loss: 4129869266944.0000000
	speed: 0.0165s/iter; left time: 137.6733s
	iters: 300, epoch: 3 | loss: 5231609380864.0000000
	speed: 0.0164s/iter; left time: 135.4243s
	iters: 400, epoch: 3 | loss: 2982748880896.0000000
	speed: 0.0166s/iter; left time: 135.2154s
	iters: 500, epoch: 3 | loss: 3033271369728.0000000
	speed: 0.0164s/iter; left time: 131.5285s
	iters: 600, epoch: 3 | loss: 2969794510848.0000000
	speed: 0.0168s/iter; left time: 133.2395s
	iters: 700, epoch: 3 | loss: 2587222605824.0000000
	speed: 0.0163s/iter; left time: 127.4391s
	iters: 800, epoch: 3 | loss: 3391902449664.0000000
	speed: 0.0161s/iter; left time: 124.5016s
	iters: 900, epoch: 3 | loss: 2009865781248.0000000
	speed: 0.0161s/iter; left time: 123.3202s
	iters: 1000, epoch: 3 | loss: 824305582080.0000000
	speed: 0.0165s/iter; left time: 123.9934s
Epoch: 3 cost time: 17.55137872695923
Epoch: 3, Steps: 1067 | Train Loss: 3853869913833.6870117 Vali Loss: 4066266983637.3017578
EarlyStopping counter: 2 out of 10
Updating learning rate to 0.0025
	iters: 100, epoch: 4 | loss: 2488111202304.0000000
	speed: 0.0495s/iter; left time: 365.0739s
	iters: 200, epoch: 4 | loss: 2056832024576.0000000
	speed: 0.0165s/iter; left time: 120.2879s
	iters: 300, epoch: 4 | loss: 1756531654656.0000000
	speed: 0.0166s/iter; left time: 119.2083s
	iters: 400, epoch: 4 | loss: 1375953879040.0000000
	speed: 0.0167s/iter; left time: 118.1788s
	iters: 500, epoch: 4 | loss: 1162737221632.0000000
	speed: 0.0163s/iter; left time: 113.3213s
	iters: 600, epoch: 4 | loss: 1022436900864.0000000
	speed: 0.0166s/iter; left time: 113.9851s
	iters: 700, epoch: 4 | loss: 924998565888.0000000
	speed: 0.0164s/iter; left time: 110.7369s
	iters: 800, epoch: 4 | loss: 1074089099264.0000000
	speed: 0.0162s/iter; left time: 108.2381s
	iters: 900, epoch: 4 | loss: 1248195117056.0000000
	speed: 0.0161s/iter; left time: 105.9929s
	iters: 1000, epoch: 4 | loss: 921199968256.0000000
	speed: 0.0166s/iter; left time: 107.4332s
Epoch: 4 cost time: 17.59643864631653
Epoch: 4, Steps: 1067 | Train Loss: 2818758413526.0131836 Vali Loss: 898229851763.4600830
EarlyStopping counter: 3 out of 10
Updating learning rate to 0.00125
	iters: 100, epoch: 5 | loss: 673608630272.0000000
	speed: 0.0494s/iter; left time: 311.3252s
	iters: 200, epoch: 5 | loss: 1076618526720.0000000
	speed: 0.0165s/iter; left time: 102.0833s
	iters: 300, epoch: 5 | loss: 851941457920.0000000
	speed: 0.0167s/iter; left time: 101.8519s
	iters: 400, epoch: 5 | loss: 846806450176.0000000
	speed: 0.0167s/iter; left time: 100.4174s
	iters: 500, epoch: 5 | loss: 783094185984.0000000
	speed: 0.0169s/iter; left time: 100.0493s
	iters: 600, epoch: 5 | loss: 793246367744.0000000
	speed: 0.0163s/iter; left time: 94.3152s
	iters: 700, epoch: 5 | loss: 692350877696.0000000
	speed: 0.0167s/iter; left time: 94.9928s
	iters: 800, epoch: 5 | loss: 734139383808.0000000
	speed: 0.0169s/iter; left time: 94.5006s
	iters: 900, epoch: 5 | loss: 704438337536.0000000
	speed: 0.0166s/iter; left time: 91.2656s
	iters: 1000, epoch: 5 | loss: 759579082752.0000000
	speed: 0.0163s/iter; left time: 88.3106s
Epoch: 5 cost time: 17.751221418380737
Epoch: 5, Steps: 1067 | Train Loss: 778166332376.6523438 Vali Loss: 568692436656.9278564
EarlyStopping counter: 4 out of 10
Updating learning rate to 0.000625
	iters: 100, epoch: 6 | loss: 631080550400.0000000
	speed: 0.0491s/iter; left time: 257.2497s
	iters: 200, epoch: 6 | loss: 574691475456.0000000
	speed: 0.0163s/iter; left time: 83.6840s
	iters: 300, epoch: 6 | loss: 557183926272.0000000
	speed: 0.0168s/iter; left time: 84.7655s
	iters: 400, epoch: 6 | loss: 564479721472.0000000
	speed: 0.0166s/iter; left time: 81.7994s
	iters: 500, epoch: 6 | loss: 643998875648.0000000
	speed: 0.0167s/iter; left time: 80.6177s
	iters: 600, epoch: 6 | loss: 592676978688.0000000
	speed: 0.0163s/iter; left time: 77.2237s
	iters: 700, epoch: 6 | loss: 575598821376.0000000
	speed: 0.0168s/iter; left time: 77.7081s
	iters: 800, epoch: 6 | loss: 610936815616.0000000
	speed: 0.0168s/iter; left time: 76.1107s
	iters: 900, epoch: 6 | loss: 561085743104.0000000
	speed: 0.0169s/iter; left time: 75.0958s
	iters: 1000, epoch: 6 | loss: 460317687808.0000000
	speed: 0.0166s/iter; left time: 71.8281s
Epoch: 6 cost time: 17.783450841903687
Epoch: 6, Steps: 1067 | Train Loss: 584276265722.0018311 Vali Loss: 461306014907.8987427
EarlyStopping counter: 5 out of 10
Updating learning rate to 0.0003125
	iters: 100, epoch: 7 | loss: 666571505664.0000000
	speed: 0.0484s/iter; left time: 201.6013s
	iters: 200, epoch: 7 | loss: 451337584640.0000000
	speed: 0.0170s/iter; left time: 69.0958s
	iters: 300, epoch: 7 | loss: 583523500032.0000000
	speed: 0.0161s/iter; left time: 63.9926s
	iters: 400, epoch: 7 | loss: 493840302080.0000000
	speed: 0.0172s/iter; left time: 66.3843s
	iters: 500, epoch: 7 | loss: 514397044736.0000000
	speed: 0.0168s/iter; left time: 63.4835s
	iters: 600, epoch: 7 | loss: 571153186816.0000000
	speed: 0.0164s/iter; left time: 60.2535s
	iters: 700, epoch: 7 | loss: 518064472064.0000000
	speed: 0.0165s/iter; left time: 58.7655s
	iters: 800, epoch: 7 | loss: 427925405696.0000000
	speed: 0.0166s/iter; left time: 57.7159s
	iters: 900, epoch: 7 | loss: 463275753472.0000000
	speed: 0.0167s/iter; left time: 56.3936s
	iters: 1000, epoch: 7 | loss: 425894576128.0000000
	speed: 0.0164s/iter; left time: 53.7130s
Epoch: 7 cost time: 17.76058864593506
Epoch: 7, Steps: 1067 | Train Loss: 522972834208.5098267 Vali Loss: 416250718626.1871948
EarlyStopping counter: 6 out of 10
Updating learning rate to 0.00015625
	iters: 100, epoch: 8 | loss: 457492856832.0000000
	speed: 0.0484s/iter; left time: 150.0825s
	iters: 200, epoch: 8 | loss: 537681854464.0000000
	speed: 0.0167s/iter; left time: 50.0041s
	iters: 300, epoch: 8 | loss: 480029605888.0000000
	speed: 0.0166s/iter; left time: 48.2499s
	iters: 400, epoch: 8 | loss: 406046965760.0000000
	speed: 0.0164s/iter; left time: 45.9661s
	iters: 500, epoch: 8 | loss: 450936635392.0000000
	speed: 0.0161s/iter; left time: 43.6279s
	iters: 600, epoch: 8 | loss: 513536196608.0000000
	speed: 0.0167s/iter; left time: 43.3252s
	iters: 700, epoch: 8 | loss: 517163646976.0000000
	speed: 0.0163s/iter; left time: 40.8209s
	iters: 800, epoch: 8 | loss: 477638754304.0000000
	speed: 0.0165s/iter; left time: 39.6930s
	iters: 900, epoch: 8 | loss: 578598338560.0000000
	speed: 0.0163s/iter; left time: 37.4393s
	iters: 1000, epoch: 8 | loss: 659002753024.0000000
	speed: 0.0164s/iter; left time: 36.2203s
Epoch: 8 cost time: 17.56735110282898
Epoch: 8, Steps: 1067 | Train Loss: 484904294167.7525635 Vali Loss: 375031023460.3289795
EarlyStopping counter: 7 out of 10
Updating learning rate to 7.8125e-05
	iters: 100, epoch: 9 | loss: 532860076032.0000000
	speed: 0.0494s/iter; left time: 100.4824s
	iters: 200, epoch: 9 | loss: 436069269504.0000000
	speed: 0.0164s/iter; left time: 31.8293s
	iters: 300, epoch: 9 | loss: 539382022144.0000000
	speed: 0.0164s/iter; left time: 30.1462s
	iters: 400, epoch: 9 | loss: 550011600896.0000000
	speed: 0.0164s/iter; left time: 28.4638s
	iters: 500, epoch: 9 | loss: 484964204544.0000000
	speed: 0.0164s/iter; left time: 26.8239s
	iters: 600, epoch: 9 | loss: 447990923264.0000000
	speed: 0.0164s/iter; left time: 25.1986s
	iters: 700, epoch: 9 | loss: 453399478272.0000000
	speed: 0.0162s/iter; left time: 23.2936s
	iters: 800, epoch: 9 | loss: 499617955840.0000000
	speed: 0.0168s/iter; left time: 22.4030s
	iters: 900, epoch: 9 | loss: 407024631808.0000000
	speed: 0.0165s/iter; left time: 20.4165s
	iters: 1000, epoch: 9 | loss: 304920166400.0000000
	speed: 0.0170s/iter; left time: 19.2746s
Epoch: 9 cost time: 17.651809215545654
Epoch: 9, Steps: 1067 | Train Loss: 458805203009.2595825 Vali Loss: 354067260537.5654297
EarlyStopping counter: 8 out of 10
Updating learning rate to 3.90625e-05
	iters: 100, epoch: 10 | loss: 375574953984.0000000
	speed: 0.0484s/iter; left time: 46.8624s
	iters: 200, epoch: 10 | loss: 392133214208.0000000
	speed: 0.0164s/iter; left time: 14.2455s
	iters: 300, epoch: 10 | loss: 490549411840.0000000
	speed: 0.0168s/iter; left time: 12.8681s
	iters: 400, epoch: 10 | loss: 410738622464.0000000
	speed: 0.0171s/iter; left time: 11.4332s
	iters: 500, epoch: 10 | loss: 405077753856.0000000
	speed: 0.0169s/iter; left time: 9.5744s
	iters: 600, epoch: 10 | loss: 454051889152.0000000
	speed: 0.0172s/iter; left time: 8.0486s
	iters: 700, epoch: 10 | loss: 386087387136.0000000
	speed: 0.0174s/iter; left time: 6.3900s
	iters: 800, epoch: 10 | loss: 424580513792.0000000
	speed: 0.0168s/iter; left time: 4.4952s
	iters: 900, epoch: 10 | loss: 488697757696.0000000
	speed: 0.0175s/iter; left time: 2.9450s
	iters: 1000, epoch: 10 | loss: 402801328128.0000000
	speed: 0.0164s/iter; left time: 1.1138s
Epoch: 10 cost time: 17.960395574569702
Epoch: 10, Steps: 1067 | Train Loss: 444010639448.2924194 Vali Loss: 341810430752.2671509
EarlyStopping counter: 9 out of 10
Updating learning rate to 1.953125e-05
VALIDATION_RESULT {"best_epoch": 1, "best_mae": 0.40988810147023813, "best_mse": 0.38352140467378315, "epochs_ran": 10, "metric_version": "element_weighted_v1"}
>>>>>>>testing : long_term_forecast_timemixer_ettm1_sl336_pl96_s2022_TimeMixer_ETTm1_ftM_sl336_ll0_pl96_dm16_nh4_el2_dl1_df32_expand2_dc4_fc3_ebtimeF_dtTrue_timemixer_ettm1_sl336_pl96_s2022_0<<<<<<<<<<<<<<<<<<<<<<<<<<<<<<<<<
test 11425
test shape: (11425, 96, 7) (11425, 96, 7)
test shape: (11425, 96, 7) (11425, 96, 7)
mse:0.31516602635383606, mae:0.3569222688674927, dtw:Not calculated
