Using GPU
Args in experiment:
[1mBasic Config[0m
  Task Name:          long_term_forecast  Is Training:        1                   
  Model ID:           timesnet_etth1_sl336_pl336_s2022Model:              TimesNet            

[1mData Loader[0m
  Data:               ETTh1               Root Path:          /home/cwh/Time-Series-Library/dataset/ETT-small
  Data Path:          ETTh1.csv           Features:           M                   
  Target:             OT                  Freq:               h                   
  Checkpoints:        /home/cwh/Time-Series-Library/logs/q2_main_baselines_multiseed/checkpoints

[1mForecasting Task[0m
  Seq Len:            336                 Label Len:          48                  
  Pred Len:           336                 Seasonal Patterns:  Monthly             
  Inverse:            0                   

[1mModel Parameters[0m
  Top k:              5                   Num Kernels:        6                   
  Enc In:             7                   Dec In:             7                   
  C Out:              7                   d model:            32                  
  n heads:            4                   e layers:           2                   
  d layers:           1                   d FF:               32                  
  Moving Avg:         25                  Factor:             3                   
  Distil:             1                   Dropout:            0.1                 
  Embed:              timeF               Activation:         gelu                

[1mRun Parameters[0m
  Num Workers:        0                   Itr:                1                   
  Train Epochs:       10                  Batch Size:         32                  
  Patience:           3                   Learning Rate:      0.0001              
  Des:                timesnet_etth1_sl336_pl336_s2022Loss:               MSE                 
  Lradj:              type1               Use Amp:            0                   

[1mGPU[0m
  Use GPU:            1                   GPU:                0                   
  Use Multi GPU:      0                   Devices:            0,1,2,3             

[1mDe-stationary Projector Params[0m
  P Hidden Dims:      128, 128            P Hidden Layers:    2                   

Use GPU: cuda:0
🚀 Lazy Loading: TimesNet ...
>>>>>>>start training : long_term_forecast_timesnet_etth1_sl336_pl336_s2022_TimesNet_ETTh1_ftM_sl336_ll48_pl336_dm32_nh4_el2_dl1_df32_expand2_dc4_fc3_ebtimeF_dtTrue_timesnet_etth1_sl336_pl336_s2022_0>>>>>>>>>>>>>>>>>>>>>>>>>>
train 7969
val 2545
	iters: 100, epoch: 1 | loss: 0.5256233
	speed: 0.1072s/iter; left time: 257.3570s
	iters: 200, epoch: 1 | loss: 0.5032893
	speed: 0.0622s/iter; left time: 143.1619s
Epoch: 1 cost time: 19.504191875457764
Epoch: 1, Steps: 250 | Train Loss: 0.5489691 Vali Loss: 1.3727553
Validation loss decreased (inf --> 1.372755).  Saving model ...
Updating learning rate to 0.0001
	iters: 100, epoch: 2 | loss: 0.3789624
	speed: 0.1036s/iter; left time: 222.8565s
	iters: 200, epoch: 2 | loss: 0.4112383
	speed: 0.0608s/iter; left time: 124.7163s
Epoch: 2 cost time: 15.11939549446106
Epoch: 2, Steps: 250 | Train Loss: 0.4094807 Vali Loss: 1.3546207
Validation loss decreased (1.372755 --> 1.354621).  Saving model ...
Updating learning rate to 5e-05
	iters: 100, epoch: 3 | loss: 0.3213181
	speed: 0.1023s/iter; left time: 194.5261s
	iters: 200, epoch: 3 | loss: 0.3677615
	speed: 0.0602s/iter; left time: 108.4801s
Epoch: 3 cost time: 14.998586177825928
Epoch: 3, Steps: 250 | Train Loss: 0.3658277 Vali Loss: 1.4081661
EarlyStopping counter: 1 out of 3
Updating learning rate to 2.5e-05
	iters: 100, epoch: 4 | loss: 0.3260666
	speed: 0.1019s/iter; left time: 168.2626s
	iters: 200, epoch: 4 | loss: 0.3655895
	speed: 0.0599s/iter; left time: 92.8282s
Epoch: 4 cost time: 14.981597900390625
Epoch: 4, Steps: 250 | Train Loss: 0.3432130 Vali Loss: 1.4676824
EarlyStopping counter: 2 out of 3
Updating learning rate to 1.25e-05
	iters: 100, epoch: 5 | loss: 0.2982438
	speed: 0.1016s/iter; left time: 142.3720s
	iters: 200, epoch: 5 | loss: 0.3490041
	speed: 0.0602s/iter; left time: 78.3397s
Epoch: 5 cost time: 15.019822359085083
Epoch: 5, Steps: 250 | Train Loss: 0.3335765 Vali Loss: 1.5111177
EarlyStopping counter: 3 out of 3
Early stopping
VALIDATION_RESULT {"best_epoch": 2, "best_mae": 0.8020151835675945, "best_mse": 1.354620708256903, "epochs_ran": 5, "metric_version": "element_weighted_v1"}
>>>>>>>testing : long_term_forecast_timesnet_etth1_sl336_pl336_s2022_TimesNet_ETTh1_ftM_sl336_ll48_pl336_dm32_nh4_el2_dl1_df32_expand2_dc4_fc3_ebtimeF_dtTrue_timesnet_etth1_sl336_pl336_s2022_0<<<<<<<<<<<<<<<<<<<<<<<<<<<<<<<<<
test 2545
test shape: (2545, 336, 7) (2545, 336, 7)
test shape: (2545, 336, 7) (2545, 336, 7)
mse:0.514613926410675, mae:0.5012546181678772, dtw:Not calculated
