Using GPU
Args in experiment:
[1mBasic Config[0m
  Task Name:          long_term_forecast  Is Training:        1                   
  Model ID:           timemixer_weather_sl336_pl192_s2023Model:              TimeMixer           

[1mData Loader[0m
  Data:               custom              Root Path:          /home/cwh/Time-Series-Library/dataset/weather
  Data Path:          weather.csv         Features:           M                   
  Target:             CO2 (ppm)           Freq:               t                   
  Checkpoints:        /home/cwh/Time-Series-Library/logs/q2_main_baselines_multiseed/checkpoints

[1mForecasting Task[0m
  Seq Len:            336                 Label Len:          0                   
  Pred Len:           192                 Seasonal Patterns:  Monthly             
  Inverse:            0                   

[1mModel Parameters[0m
  Top k:              5                   Num Kernels:        6                   
  Enc In:             21                  Dec In:             21                  
  C Out:              21                  d model:            16                  
  n heads:            4                   e layers:           3                   
  d layers:           1                   d FF:               32                  
  Moving Avg:         25                  Factor:             3                   
  Distil:             1                   Dropout:            0.1                 
  Embed:              timeF               Activation:         gelu                

[1mRun Parameters[0m
  Num Workers:        0                   Itr:                1                   
  Train Epochs:       20                  Batch Size:         32                  
  Patience:           3                   Learning Rate:      0.0001              
  Des:                timemixer_weather_sl336_pl192_s2023Loss:               MSE                 
  Lradj:              type1               Use Amp:            0                   

[1mGPU[0m
  Use GPU:            1                   GPU:                0                   
  Use Multi GPU:      0                   Devices:            0,1,2,3             

[1mDe-stationary Projector Params[0m
  P Hidden Dims:      128, 128            P Hidden Layers:    2                   

Use GPU: cuda:0
🚀 Lazy Loading: TimeMixer ...
>>>>>>>start training : long_term_forecast_timemixer_weather_sl336_pl192_s2023_TimeMixer_custom_ftM_sl336_ll0_pl192_dm16_nh4_el3_dl1_df32_expand2_dc4_fc3_ebtimeF_dtTrue_timemixer_weather_sl336_pl192_s2023_0>>>>>>>>>>>>>>>>>>>>>>>>>>
train 36360
val 5079
	iters: 100, epoch: 1 | loss: 0.5351294
	speed: 0.0292s/iter; left time: 661.5043s
	iters: 200, epoch: 1 | loss: 0.5399701
	speed: 0.0221s/iter; left time: 498.1347s
	iters: 300, epoch: 1 | loss: 0.6029439
	speed: 0.0225s/iter; left time: 504.4640s
	iters: 400, epoch: 1 | loss: 1.1068386
	speed: 0.0224s/iter; left time: 501.0612s
	iters: 500, epoch: 1 | loss: 0.5558047
	speed: 0.0224s/iter; left time: 497.3438s
	iters: 600, epoch: 1 | loss: 0.4340945
	speed: 0.0224s/iter; left time: 496.0847s
	iters: 700, epoch: 1 | loss: 0.9219509
	speed: 0.0220s/iter; left time: 484.6790s
	iters: 800, epoch: 1 | loss: 0.4491449
	speed: 0.0224s/iter; left time: 491.5958s
	iters: 900, epoch: 1 | loss: 0.6368097
	speed: 0.0222s/iter; left time: 485.1742s
	iters: 1000, epoch: 1 | loss: 0.7921625
	speed: 0.0228s/iter; left time: 494.6766s
	iters: 1100, epoch: 1 | loss: 0.3012861
	speed: 0.0222s/iter; left time: 480.8013s
Epoch: 1 cost time: 25.62489676475525
Epoch: 1, Steps: 1137 | Train Loss: 0.5583949 Vali Loss: 0.4720439
Validation loss decreased (inf --> 0.472044).  Saving model ...
Updating learning rate to 0.0001
	iters: 100, epoch: 2 | loss: 0.3792781
	speed: 0.0444s/iter; left time: 955.8151s
	iters: 200, epoch: 2 | loss: 0.3274294
	speed: 0.0235s/iter; left time: 502.6440s
	iters: 300, epoch: 2 | loss: 0.3916309
	speed: 0.0229s/iter; left time: 488.0293s
	iters: 400, epoch: 2 | loss: 0.4751633
	speed: 0.0232s/iter; left time: 492.8491s
	iters: 500, epoch: 2 | loss: 0.5958136
	speed: 0.0234s/iter; left time: 493.3359s
	iters: 600, epoch: 2 | loss: 0.8794553
	speed: 0.0225s/iter; left time: 472.2783s
	iters: 700, epoch: 2 | loss: 0.3107234
	speed: 0.0240s/iter; left time: 501.6470s
	iters: 800, epoch: 2 | loss: 0.7880784
	speed: 0.0231s/iter; left time: 479.7660s
	iters: 900, epoch: 2 | loss: 0.4528148
	speed: 0.0227s/iter; left time: 469.3744s
	iters: 1000, epoch: 2 | loss: 0.8644485
	speed: 0.0232s/iter; left time: 478.2780s
	iters: 1100, epoch: 2 | loss: 0.5477586
	speed: 0.0234s/iter; left time: 479.0033s
Epoch: 2 cost time: 26.23648476600647
Epoch: 2, Steps: 1137 | Train Loss: 0.4775889 Vali Loss: 0.4532307
Validation loss decreased (0.472044 --> 0.453231).  Saving model ...
Updating learning rate to 5e-05
	iters: 100, epoch: 3 | loss: 0.3598976
	speed: 0.0440s/iter; left time: 895.6633s
	iters: 200, epoch: 3 | loss: 0.3313213
	speed: 0.0229s/iter; left time: 463.5417s
	iters: 300, epoch: 3 | loss: 0.2959515
	speed: 0.0219s/iter; left time: 442.4492s
	iters: 400, epoch: 3 | loss: 0.4545602
	speed: 0.0224s/iter; left time: 450.3421s
	iters: 500, epoch: 3 | loss: 0.4744115
	speed: 0.0219s/iter; left time: 437.3499s
	iters: 600, epoch: 3 | loss: 0.3712157
	speed: 0.0233s/iter; left time: 462.0622s
	iters: 700, epoch: 3 | loss: 0.8024289
	speed: 0.0226s/iter; left time: 447.6811s
	iters: 800, epoch: 3 | loss: 0.3160492
	speed: 0.0227s/iter; left time: 446.5074s
	iters: 900, epoch: 3 | loss: 0.7863759
	speed: 0.0226s/iter; left time: 442.5894s
	iters: 1000, epoch: 3 | loss: 0.3741532
	speed: 0.0225s/iter; left time: 438.4689s
	iters: 1100, epoch: 3 | loss: 0.3292349
	speed: 0.0227s/iter; left time: 439.6821s
Epoch: 3 cost time: 25.674953937530518
Epoch: 3, Steps: 1137 | Train Loss: 0.4632655 Vali Loss: 0.4449355
Validation loss decreased (0.453231 --> 0.444935).  Saving model ...
Updating learning rate to 2.5e-05
	iters: 100, epoch: 4 | loss: 0.8460452
	speed: 0.0447s/iter; left time: 858.7878s
	iters: 200, epoch: 4 | loss: 0.4079426
	speed: 0.0222s/iter; left time: 424.8215s
	iters: 300, epoch: 4 | loss: 0.5038266
	speed: 0.0221s/iter; left time: 421.0910s
	iters: 400, epoch: 4 | loss: 0.3722249
	speed: 0.0220s/iter; left time: 416.8178s
	iters: 500, epoch: 4 | loss: 0.4070735
	speed: 0.0224s/iter; left time: 422.5550s
	iters: 600, epoch: 4 | loss: 0.5256768
	speed: 0.0221s/iter; left time: 414.2204s
	iters: 700, epoch: 4 | loss: 0.3456258
	speed: 0.0219s/iter; left time: 407.0734s
	iters: 800, epoch: 4 | loss: 0.3129682
	speed: 0.0223s/iter; left time: 413.5936s
	iters: 900, epoch: 4 | loss: 0.3292778
	speed: 0.0223s/iter; left time: 410.6329s
	iters: 1000, epoch: 4 | loss: 0.3323330
	speed: 0.0230s/iter; left time: 420.9553s
	iters: 1100, epoch: 4 | loss: 0.3886321
	speed: 0.0223s/iter; left time: 406.7106s
Epoch: 4 cost time: 25.302277326583862
Epoch: 4, Steps: 1137 | Train Loss: 0.4573411 Vali Loss: 0.4452443
EarlyStopping counter: 1 out of 3
Updating learning rate to 1.25e-05
	iters: 100, epoch: 5 | loss: 0.2918330
	speed: 0.0444s/iter; left time: 802.4983s
	iters: 200, epoch: 5 | loss: 0.3572292
	speed: 0.0223s/iter; left time: 400.8696s
	iters: 300, epoch: 5 | loss: 0.3598897
	speed: 0.0221s/iter; left time: 394.9411s
	iters: 400, epoch: 5 | loss: 0.2889973
	speed: 0.0218s/iter; left time: 388.4489s
	iters: 500, epoch: 5 | loss: 0.3074698
	speed: 0.0219s/iter; left time: 387.1577s
	iters: 600, epoch: 5 | loss: 1.3550863
	speed: 0.0228s/iter; left time: 401.7767s
	iters: 700, epoch: 5 | loss: 0.3839559
	speed: 0.0231s/iter; left time: 403.9103s
	iters: 800, epoch: 5 | loss: 0.2186599
	speed: 0.0226s/iter; left time: 393.2026s
	iters: 900, epoch: 5 | loss: 0.3609090
	speed: 0.0221s/iter; left time: 382.9958s
	iters: 1000, epoch: 5 | loss: 0.4451549
	speed: 0.0222s/iter; left time: 381.5671s
	iters: 1100, epoch: 5 | loss: 0.4166038
	speed: 0.0226s/iter; left time: 386.1782s
Epoch: 5 cost time: 25.417380809783936
Epoch: 5, Steps: 1137 | Train Loss: 0.4550521 Vali Loss: 0.4435481
Validation loss decreased (0.444935 --> 0.443548).  Saving model ...
Updating learning rate to 6.25e-06
	iters: 100, epoch: 6 | loss: 0.3634001
	speed: 0.0443s/iter; left time: 750.6423s
	iters: 200, epoch: 6 | loss: 0.3496085
	speed: 0.0224s/iter; left time: 377.1917s
	iters: 300, epoch: 6 | loss: 0.8525593
	speed: 0.0221s/iter; left time: 370.3897s
	iters: 400, epoch: 6 | loss: 0.4643002
	speed: 0.0478s/iter; left time: 796.3874s
	iters: 500, epoch: 6 | loss: 0.3251465
	speed: 0.0224s/iter; left time: 371.5524s
	iters: 600, epoch: 6 | loss: 0.5002779
	speed: 0.0227s/iter; left time: 374.1880s
	iters: 700, epoch: 6 | loss: 0.5084450
	speed: 0.0223s/iter; left time: 365.1496s
	iters: 800, epoch: 6 | loss: 0.6592500
	speed: 0.0220s/iter; left time: 358.1152s
	iters: 900, epoch: 6 | loss: 0.3997189
	speed: 0.0220s/iter; left time: 356.0084s
	iters: 1000, epoch: 6 | loss: 0.3241587
	speed: 0.0223s/iter; left time: 357.9172s
	iters: 1100, epoch: 6 | loss: 0.3709147
	speed: 0.0232s/iter; left time: 370.8843s
Epoch: 6 cost time: 27.982940196990967
Epoch: 6, Steps: 1137 | Train Loss: 0.4536293 Vali Loss: 0.4431781
Validation loss decreased (0.443548 --> 0.443178).  Saving model ...
Updating learning rate to 3.125e-06
	iters: 100, epoch: 7 | loss: 0.8298659
	speed: 0.0440s/iter; left time: 695.7748s
	iters: 200, epoch: 7 | loss: 0.3465173
	speed: 0.0222s/iter; left time: 349.2012s
	iters: 300, epoch: 7 | loss: 0.2561898
	speed: 0.0225s/iter; left time: 351.6229s
	iters: 400, epoch: 7 | loss: 0.7457026
	speed: 0.0222s/iter; left time: 343.7507s
	iters: 500, epoch: 7 | loss: 0.7633217
	speed: 0.0226s/iter; left time: 347.9120s
	iters: 600, epoch: 7 | loss: 0.2732386
	speed: 0.0228s/iter; left time: 349.2557s
	iters: 700, epoch: 7 | loss: 0.3620924
	speed: 0.0222s/iter; left time: 338.5228s
	iters: 800, epoch: 7 | loss: 0.4347648
	speed: 0.0222s/iter; left time: 334.9106s
	iters: 900, epoch: 7 | loss: 0.4836986
	speed: 0.0227s/iter; left time: 341.4463s
	iters: 1000, epoch: 7 | loss: 0.7477673
	speed: 0.0223s/iter; left time: 332.4495s
	iters: 1100, epoch: 7 | loss: 0.8126672
	speed: 0.0225s/iter; left time: 333.1473s
Epoch: 7 cost time: 25.449691772460938
Epoch: 7, Steps: 1137 | Train Loss: 0.4530772 Vali Loss: 0.4431867
EarlyStopping counter: 1 out of 3
Updating learning rate to 1.5625e-06
	iters: 100, epoch: 8 | loss: 0.3823892
	speed: 0.0442s/iter; left time: 648.5688s
	iters: 200, epoch: 8 | loss: 0.3049449
	speed: 0.0227s/iter; left time: 330.8829s
	iters: 300, epoch: 8 | loss: 0.3057224
	speed: 0.0225s/iter; left time: 326.0178s
	iters: 400, epoch: 8 | loss: 0.3138274
	speed: 0.0223s/iter; left time: 320.9098s
	iters: 500, epoch: 8 | loss: 0.3634200
	speed: 0.0220s/iter; left time: 314.3799s
	iters: 600, epoch: 8 | loss: 0.3153553
	speed: 0.0221s/iter; left time: 313.1744s
	iters: 700, epoch: 8 | loss: 0.4021123
	speed: 0.0218s/iter; left time: 306.3727s
	iters: 800, epoch: 8 | loss: 0.3400909
	speed: 0.0226s/iter; left time: 316.0935s
	iters: 900, epoch: 8 | loss: 0.3127432
	speed: 0.0221s/iter; left time: 307.4628s
	iters: 1000, epoch: 8 | loss: 0.4637247
	speed: 0.0230s/iter; left time: 317.6431s
	iters: 1100, epoch: 8 | loss: 0.7565872
	speed: 0.0223s/iter; left time: 305.3298s
Epoch: 8 cost time: 25.429686784744263
Epoch: 8, Steps: 1137 | Train Loss: 0.4525443 Vali Loss: 0.4430310
Validation loss decreased (0.443178 --> 0.443031).  Saving model ...
Updating learning rate to 7.8125e-07
	iters: 100, epoch: 9 | loss: 0.3574400
	speed: 0.0434s/iter; left time: 587.2378s
	iters: 200, epoch: 9 | loss: 0.3303081
	speed: 0.0218s/iter; left time: 292.4882s
	iters: 300, epoch: 9 | loss: 0.4472196
	speed: 0.0217s/iter; left time: 289.5707s
	iters: 400, epoch: 9 | loss: 0.4790677
	speed: 0.0221s/iter; left time: 292.3393s
	iters: 500, epoch: 9 | loss: 0.2835349
	speed: 0.0215s/iter; left time: 282.4291s
	iters: 600, epoch: 9 | loss: 0.9295774
	speed: 0.0219s/iter; left time: 285.9905s
	iters: 700, epoch: 9 | loss: 0.4154444
	speed: 0.0216s/iter; left time: 279.5502s
	iters: 800, epoch: 9 | loss: 0.5189083
	speed: 0.0213s/iter; left time: 274.1015s
	iters: 900, epoch: 9 | loss: 0.3415825
	speed: 0.0215s/iter; left time: 273.8355s
	iters: 1000, epoch: 9 | loss: 0.4291060
	speed: 0.0222s/iter; left time: 280.8581s
	iters: 1100, epoch: 9 | loss: 0.3064570
	speed: 0.0219s/iter; left time: 275.0575s
Epoch: 9 cost time: 24.76871156692505
Epoch: 9, Steps: 1137 | Train Loss: 0.4525982 Vali Loss: 0.4429549
Validation loss decreased (0.443031 --> 0.442955).  Saving model ...
Updating learning rate to 3.90625e-07
	iters: 100, epoch: 10 | loss: 0.3256447
	speed: 0.0435s/iter; left time: 539.7447s
	iters: 200, epoch: 10 | loss: 0.9500017
	speed: 0.0221s/iter; left time: 272.1419s
	iters: 300, epoch: 10 | loss: 0.3621045
	speed: 0.0221s/iter; left time: 269.8977s
	iters: 400, epoch: 10 | loss: 0.4564032
	speed: 0.0216s/iter; left time: 262.0143s
	iters: 500, epoch: 10 | loss: 0.4416847
	speed: 0.0217s/iter; left time: 260.1514s
	iters: 600, epoch: 10 | loss: 0.8870913
	speed: 0.0214s/iter; left time: 255.3353s
	iters: 700, epoch: 10 | loss: 0.3243509
	speed: 0.0219s/iter; left time: 258.5805s
	iters: 800, epoch: 10 | loss: 0.3575819
	speed: 0.0215s/iter; left time: 251.9088s
	iters: 900, epoch: 10 | loss: 0.3675429
	speed: 0.0216s/iter; left time: 251.1047s
	iters: 1000, epoch: 10 | loss: 0.3917840
	speed: 0.0215s/iter; left time: 247.0609s
	iters: 1100, epoch: 10 | loss: 0.4242636
	speed: 0.0220s/iter; left time: 251.3119s
Epoch: 10 cost time: 24.745906114578247
Epoch: 10, Steps: 1137 | Train Loss: 0.4523699 Vali Loss: 0.4431661
EarlyStopping counter: 1 out of 3
Updating learning rate to 1.953125e-07
	iters: 100, epoch: 11 | loss: 0.3243985
	speed: 0.0436s/iter; left time: 491.3804s
	iters: 200, epoch: 11 | loss: 0.4280692
	speed: 0.0217s/iter; left time: 242.8851s
	iters: 300, epoch: 11 | loss: 0.4337807
	speed: 0.0218s/iter; left time: 240.9284s
	iters: 400, epoch: 11 | loss: 0.3186001
	speed: 0.0214s/iter; left time: 235.1601s
	iters: 500, epoch: 11 | loss: 0.3921592
	speed: 0.0216s/iter; left time: 235.0577s
	iters: 600, epoch: 11 | loss: 0.5141660
	speed: 0.0218s/iter; left time: 235.1547s
	iters: 700, epoch: 11 | loss: 0.7824852
	speed: 0.0222s/iter; left time: 237.0384s
	iters: 800, epoch: 11 | loss: 0.4396637
	speed: 0.0220s/iter; left time: 232.0565s
	iters: 900, epoch: 11 | loss: 0.3968076
	speed: 0.0221s/iter; left time: 231.7146s
	iters: 1000, epoch: 11 | loss: 0.3528323
	speed: 0.0216s/iter; left time: 224.3287s
	iters: 1100, epoch: 11 | loss: 0.3323655
	speed: 0.0217s/iter; left time: 223.0365s
Epoch: 11 cost time: 24.822340965270996
Epoch: 11, Steps: 1137 | Train Loss: 0.4523254 Vali Loss: 0.4429737
EarlyStopping counter: 2 out of 3
Updating learning rate to 9.765625e-08
	iters: 100, epoch: 12 | loss: 0.3112172
	speed: 0.0435s/iter; left time: 440.6617s
	iters: 200, epoch: 12 | loss: 0.3621019
	speed: 0.0213s/iter; left time: 214.0080s
	iters: 300, epoch: 12 | loss: 0.4589185
	speed: 0.0213s/iter; left time: 211.1326s
	iters: 400, epoch: 12 | loss: 0.4038592
	speed: 0.0215s/iter; left time: 211.3319s
	iters: 500, epoch: 12 | loss: 0.4395748
	speed: 0.0216s/iter; left time: 210.5798s
	iters: 600, epoch: 12 | loss: 0.2632954
	speed: 0.0213s/iter; left time: 205.2300s
	iters: 700, epoch: 12 | loss: 0.5037886
	speed: 0.0219s/iter; left time: 208.7384s
	iters: 800, epoch: 12 | loss: 0.3984705
	speed: 0.0213s/iter; left time: 200.9257s
	iters: 900, epoch: 12 | loss: 0.3542310
	speed: 0.0214s/iter; left time: 199.7861s
	iters: 1000, epoch: 12 | loss: 0.3352903
	speed: 0.0213s/iter; left time: 196.9946s
	iters: 1100, epoch: 12 | loss: 0.4183367
	speed: 0.0218s/iter; left time: 199.4640s
Epoch: 12 cost time: 24.478948831558228
Epoch: 12, Steps: 1137 | Train Loss: 0.4523137 Vali Loss: 0.4430364
EarlyStopping counter: 3 out of 3
Early stopping
VALIDATION_RESULT {"best_epoch": 9, "best_mae": 0.3120243567967263, "best_mse": 0.4429548513531771, "epochs_ran": 12, "metric_version": "element_weighted_v1"}
>>>>>>>testing : long_term_forecast_timemixer_weather_sl336_pl192_s2023_TimeMixer_custom_ftM_sl336_ll0_pl192_dm16_nh4_el3_dl1_df32_expand2_dc4_fc3_ebtimeF_dtTrue_timemixer_weather_sl336_pl192_s2023_0<<<<<<<<<<<<<<<<<<<<<<<<<<<<<<<<<
test 10348
test shape: (10348, 192, 21) (10348, 192, 21)
test shape: (10348, 192, 21) (10348, 192, 21)
mse:0.1891203671693802, mae:0.23745904862880707, dtw:Not calculated
