Using GPU
Args in experiment:
[1mBasic Config[0m
  Task Name:          long_term_forecast  Is Training:        1                   
  Model ID:           timemixer_weather_sl336_pl720_s2022Model:              TimeMixer           

[1mData Loader[0m
  Data:               custom              Root Path:          /home/cwh/Time-Series-Library/dataset/weather
  Data Path:          weather.csv         Features:           M                   
  Target:             CO2 (ppm)           Freq:               t                   
  Checkpoints:        /home/cwh/Time-Series-Library/logs/q2_main_baselines_multiseed/checkpoints

[1mForecasting Task[0m
  Seq Len:            336                 Label Len:          0                   
  Pred Len:           720                 Seasonal Patterns:  Monthly             
  Inverse:            0                   

[1mModel Parameters[0m
  Top k:              5                   Num Kernels:        6                   
  Enc In:             21                  Dec In:             21                  
  C Out:              21                  d model:            16                  
  n heads:            4                   e layers:           3                   
  d layers:           1                   d FF:               32                  
  Moving Avg:         25                  Factor:             3                   
  Distil:             1                   Dropout:            0.1                 
  Embed:              timeF               Activation:         gelu                

[1mRun Parameters[0m
  Num Workers:        0                   Itr:                1                   
  Train Epochs:       20                  Batch Size:         32                  
  Patience:           3                   Learning Rate:      0.0001              
  Des:                timemixer_weather_sl336_pl720_s2022Loss:               MSE                 
  Lradj:              type1               Use Amp:            0                   

[1mGPU[0m
  Use GPU:            1                   GPU:                0                   
  Use Multi GPU:      0                   Devices:            0,1,2,3             

[1mDe-stationary Projector Params[0m
  P Hidden Dims:      128, 128            P Hidden Layers:    2                   

Use GPU: cuda:0
🚀 Lazy Loading: TimeMixer ...
>>>>>>>start training : long_term_forecast_timemixer_weather_sl336_pl720_s2022_TimeMixer_custom_ftM_sl336_ll0_pl720_dm16_nh4_el3_dl1_df32_expand2_dc4_fc3_ebtimeF_dtTrue_timemixer_weather_sl336_pl720_s2022_0>>>>>>>>>>>>>>>>>>>>>>>>>>
train 35832
val 4551
	iters: 100, epoch: 1 | loss: 0.8628931
	speed: 0.0346s/iter; left time: 772.4490s
	iters: 200, epoch: 1 | loss: 0.5614145
	speed: 0.0239s/iter; left time: 530.4371s
	iters: 300, epoch: 1 | loss: 0.5541356
	speed: 0.0239s/iter; left time: 529.1232s
	iters: 400, epoch: 1 | loss: 0.5428571
	speed: 0.0233s/iter; left time: 512.1383s
	iters: 500, epoch: 1 | loss: 0.7053325
	speed: 0.0233s/iter; left time: 511.0022s
	iters: 600, epoch: 1 | loss: 0.5912832
	speed: 0.0238s/iter; left time: 519.5435s
	iters: 700, epoch: 1 | loss: 0.5518357
	speed: 0.0227s/iter; left time: 493.5336s
	iters: 800, epoch: 1 | loss: 0.5113532
	speed: 0.0231s/iter; left time: 499.8547s
	iters: 900, epoch: 1 | loss: 0.6879625
	speed: 0.0227s/iter; left time: 487.4009s
	iters: 1000, epoch: 1 | loss: 0.5071722
	speed: 0.0227s/iter; left time: 485.0935s
	iters: 1100, epoch: 1 | loss: 0.6346247
	speed: 0.0223s/iter; left time: 475.9194s
Epoch: 1 cost time: 26.53597664833069
Epoch: 1, Steps: 1120 | Train Loss: 0.6760239 Vali Loss: 0.6553367
Validation loss decreased (inf --> 0.655337).  Saving model ...
Updating learning rate to 0.0001
	iters: 100, epoch: 2 | loss: 0.7106224
	speed: 0.0420s/iter; left time: 888.8955s
	iters: 200, epoch: 2 | loss: 0.7471626
	speed: 0.0229s/iter; left time: 481.7919s
	iters: 300, epoch: 2 | loss: 0.6803305
	speed: 0.0230s/iter; left time: 481.7052s
	iters: 400, epoch: 2 | loss: 0.9138994
	speed: 0.0233s/iter; left time: 485.9031s
	iters: 500, epoch: 2 | loss: 0.5058957
	speed: 0.0232s/iter; left time: 482.3519s
	iters: 600, epoch: 2 | loss: 0.5094078
	speed: 0.0237s/iter; left time: 489.8855s
	iters: 700, epoch: 2 | loss: 0.7062607
	speed: 0.0231s/iter; left time: 476.4139s
	iters: 800, epoch: 2 | loss: 0.7343612
	speed: 0.0239s/iter; left time: 488.6265s
	iters: 900, epoch: 2 | loss: 0.6621906
	speed: 0.0234s/iter; left time: 476.5661s
	iters: 1000, epoch: 2 | loss: 0.6458438
	speed: 0.0235s/iter; left time: 476.5019s
	iters: 1100, epoch: 2 | loss: 0.5985514
	speed: 0.0232s/iter; left time: 467.4709s
Epoch: 2 cost time: 26.108506679534912
Epoch: 2, Steps: 1120 | Train Loss: 0.6056592 Vali Loss: 0.6441163
Validation loss decreased (0.655337 --> 0.644116).  Saving model ...
Updating learning rate to 5e-05
	iters: 100, epoch: 3 | loss: 0.5019022
	speed: 0.0411s/iter; left time: 825.1797s
	iters: 200, epoch: 3 | loss: 0.6020405
	speed: 0.0240s/iter; left time: 479.5501s
	iters: 300, epoch: 3 | loss: 0.6336449
	speed: 0.0243s/iter; left time: 483.6013s
	iters: 400, epoch: 3 | loss: 0.5452197
	speed: 0.0239s/iter; left time: 472.5568s
	iters: 500, epoch: 3 | loss: 0.7137212
	speed: 0.0231s/iter; left time: 454.5808s
	iters: 600, epoch: 3 | loss: 0.5578662
	speed: 0.0227s/iter; left time: 444.0600s
	iters: 700, epoch: 3 | loss: 0.4917844
	speed: 0.0232s/iter; left time: 451.6677s
	iters: 800, epoch: 3 | loss: 0.6112816
	speed: 0.0230s/iter; left time: 445.3929s
	iters: 900, epoch: 3 | loss: 0.5047604
	speed: 0.0227s/iter; left time: 436.4846s
	iters: 1000, epoch: 3 | loss: 0.4829205
	speed: 0.0223s/iter; left time: 427.8888s
	iters: 1100, epoch: 3 | loss: 0.6510860
	speed: 0.0229s/iter; left time: 437.0809s
Epoch: 3 cost time: 25.99747657775879
Epoch: 3, Steps: 1120 | Train Loss: 0.5947811 Vali Loss: 0.6376159
Validation loss decreased (0.644116 --> 0.637616).  Saving model ...
Updating learning rate to 2.5e-05
	iters: 100, epoch: 4 | loss: 0.6269722
	speed: 0.0413s/iter; left time: 782.4612s
	iters: 200, epoch: 4 | loss: 0.5903555
	speed: 0.0235s/iter; left time: 442.6646s
	iters: 300, epoch: 4 | loss: 0.5994431
	speed: 0.0231s/iter; left time: 433.8040s
	iters: 400, epoch: 4 | loss: 0.6144600
	speed: 0.0232s/iter; left time: 433.3790s
	iters: 500, epoch: 4 | loss: 0.7555609
	speed: 0.0233s/iter; left time: 431.5710s
	iters: 600, epoch: 4 | loss: 0.6060380
	speed: 0.0232s/iter; left time: 428.1152s
	iters: 700, epoch: 4 | loss: 0.5846556
	speed: 0.0233s/iter; left time: 428.1188s
	iters: 800, epoch: 4 | loss: 0.6343576
	speed: 0.0235s/iter; left time: 429.0218s
	iters: 900, epoch: 4 | loss: 0.5558348
	speed: 0.0231s/iter; left time: 418.6495s
	iters: 1000, epoch: 4 | loss: 0.6122348
	speed: 0.0233s/iter; left time: 420.6222s
	iters: 1100, epoch: 4 | loss: 0.6876630
	speed: 0.0236s/iter; left time: 422.7452s
Epoch: 4 cost time: 26.090562343597412
Epoch: 4, Steps: 1120 | Train Loss: 0.5904661 Vali Loss: 0.6339948
Validation loss decreased (0.637616 --> 0.633995).  Saving model ...
Updating learning rate to 1.25e-05
	iters: 100, epoch: 5 | loss: 0.4872971
	speed: 0.0416s/iter; left time: 741.1767s
	iters: 200, epoch: 5 | loss: 0.6117831
	speed: 0.0235s/iter; left time: 416.6165s
	iters: 300, epoch: 5 | loss: 0.5396236
	speed: 0.0227s/iter; left time: 400.5169s
	iters: 400, epoch: 5 | loss: 0.5043564
	speed: 0.0231s/iter; left time: 404.0167s
	iters: 500, epoch: 5 | loss: 0.4585370
	speed: 0.0235s/iter; left time: 408.8901s
	iters: 600, epoch: 5 | loss: 0.5880342
	speed: 0.0233s/iter; left time: 403.6985s
	iters: 700, epoch: 5 | loss: 0.4799816
	speed: 0.0230s/iter; left time: 395.7560s
	iters: 800, epoch: 5 | loss: 0.5769482
	speed: 0.0231s/iter; left time: 394.7188s
	iters: 900, epoch: 5 | loss: 0.8927475
	speed: 0.0232s/iter; left time: 395.0465s
	iters: 1000, epoch: 5 | loss: 0.3944390
	speed: 0.0234s/iter; left time: 395.6913s
	iters: 1100, epoch: 5 | loss: 0.4583747
	speed: 0.0241s/iter; left time: 404.7106s
Epoch: 5 cost time: 26.079630851745605
Epoch: 5, Steps: 1120 | Train Loss: 0.5882390 Vali Loss: 0.6336581
Validation loss decreased (0.633995 --> 0.633658).  Saving model ...
Updating learning rate to 6.25e-06
	iters: 100, epoch: 6 | loss: 0.4971553
	speed: 0.0417s/iter; left time: 697.2509s
	iters: 200, epoch: 6 | loss: 0.4811398
	speed: 0.0229s/iter; left time: 380.3250s
	iters: 300, epoch: 6 | loss: 0.5336821
	speed: 0.0229s/iter; left time: 378.3976s
	iters: 400, epoch: 6 | loss: 0.5882264
	speed: 0.0232s/iter; left time: 380.0956s
	iters: 500, epoch: 6 | loss: 0.5042205
	speed: 0.0229s/iter; left time: 373.7251s
	iters: 600, epoch: 6 | loss: 0.7435010
	speed: 0.0227s/iter; left time: 367.4291s
	iters: 700, epoch: 6 | loss: 0.4424818
	speed: 0.0226s/iter; left time: 363.5422s
	iters: 800, epoch: 6 | loss: 0.7228349
	speed: 0.0233s/iter; left time: 373.6159s
	iters: 900, epoch: 6 | loss: 0.4400748
	speed: 0.0224s/iter; left time: 356.8187s
	iters: 1000, epoch: 6 | loss: 0.6386580
	speed: 0.0229s/iter; left time: 361.8532s
	iters: 1100, epoch: 6 | loss: 0.5321703
	speed: 0.0232s/iter; left time: 364.9811s
Epoch: 6 cost time: 25.733707189559937
Epoch: 6, Steps: 1120 | Train Loss: 0.5871693 Vali Loss: 0.6323779
Validation loss decreased (0.633658 --> 0.632378).  Saving model ...
Updating learning rate to 3.125e-06
	iters: 100, epoch: 7 | loss: 0.7797732
	speed: 0.0408s/iter; left time: 634.9349s
	iters: 200, epoch: 7 | loss: 0.5547475
	speed: 0.0237s/iter; left time: 367.2579s
	iters: 300, epoch: 7 | loss: 0.4903232
	speed: 0.0238s/iter; left time: 366.5713s
	iters: 400, epoch: 7 | loss: 0.6033507
	speed: 0.0237s/iter; left time: 361.7277s
	iters: 500, epoch: 7 | loss: 0.6661618
	speed: 0.0232s/iter; left time: 351.6286s
	iters: 600, epoch: 7 | loss: 0.7592139
	speed: 0.0226s/iter; left time: 340.2504s
	iters: 700, epoch: 7 | loss: 0.5815372
	speed: 0.0235s/iter; left time: 351.6625s
	iters: 800, epoch: 7 | loss: 0.6734462
	speed: 0.0231s/iter; left time: 344.2472s
	iters: 900, epoch: 7 | loss: 0.5542112
	speed: 0.0236s/iter; left time: 348.7232s
	iters: 1000, epoch: 7 | loss: 0.5038486
	speed: 0.0232s/iter; left time: 340.5882s
	iters: 1100, epoch: 7 | loss: 0.5106971
	speed: 0.0234s/iter; left time: 340.9534s
Epoch: 7 cost time: 26.160280466079712
Epoch: 7, Steps: 1120 | Train Loss: 0.5867921 Vali Loss: 0.6321697
Validation loss decreased (0.632378 --> 0.632170).  Saving model ...
Updating learning rate to 1.5625e-06
	iters: 100, epoch: 8 | loss: 0.5899255
	speed: 0.0416s/iter; left time: 602.0376s
	iters: 200, epoch: 8 | loss: 0.6265731
	speed: 0.0240s/iter; left time: 344.6695s
	iters: 300, epoch: 8 | loss: 0.6723372
	speed: 0.0233s/iter; left time: 332.7193s
	iters: 400, epoch: 8 | loss: 0.4612984
	speed: 0.0237s/iter; left time: 335.3576s
	iters: 500, epoch: 8 | loss: 0.6896539
	speed: 0.0236s/iter; left time: 331.3963s
	iters: 600, epoch: 8 | loss: 0.5829465
	speed: 0.0231s/iter; left time: 322.2415s
	iters: 700, epoch: 8 | loss: 0.5040311
	speed: 0.0230s/iter; left time: 319.1809s
	iters: 800, epoch: 8 | loss: 0.4780180
	speed: 0.0233s/iter; left time: 320.4040s
	iters: 900, epoch: 8 | loss: 0.5202913
	speed: 0.0229s/iter; left time: 313.0481s
	iters: 1000, epoch: 8 | loss: 0.4129472
	speed: 0.0225s/iter; left time: 305.5569s
	iters: 1100, epoch: 8 | loss: 0.4966348
	speed: 0.0226s/iter; left time: 304.8770s
Epoch: 8 cost time: 25.979712963104248
Epoch: 8, Steps: 1120 | Train Loss: 0.5864555 Vali Loss: 0.6319123
Validation loss decreased (0.632170 --> 0.631912).  Saving model ...
Updating learning rate to 7.8125e-07
	iters: 100, epoch: 9 | loss: 0.4457551
	speed: 0.0419s/iter; left time: 558.6945s
	iters: 200, epoch: 9 | loss: 0.6453643
	speed: 0.0243s/iter; left time: 322.1182s
	iters: 300, epoch: 9 | loss: 0.6029534
	speed: 0.0230s/iter; left time: 301.9552s
	iters: 400, epoch: 9 | loss: 0.6070974
	speed: 0.0230s/iter; left time: 299.8917s
	iters: 500, epoch: 9 | loss: 0.5865586
	speed: 0.0226s/iter; left time: 292.9140s
	iters: 600, epoch: 9 | loss: 0.6606493
	speed: 0.0230s/iter; left time: 294.7421s
	iters: 700, epoch: 9 | loss: 0.5616248
	speed: 0.0230s/iter; left time: 293.5864s
	iters: 800, epoch: 9 | loss: 0.5941046
	speed: 0.0243s/iter; left time: 307.0244s
	iters: 900, epoch: 9 | loss: 0.5696289
	speed: 0.0241s/iter; left time: 302.2765s
	iters: 1000, epoch: 9 | loss: 0.7654659
	speed: 0.0236s/iter; left time: 293.4163s
	iters: 1100, epoch: 9 | loss: 0.6813778
	speed: 0.0230s/iter; left time: 283.6782s
Epoch: 9 cost time: 26.22947382926941
Epoch: 9, Steps: 1120 | Train Loss: 0.5863635 Vali Loss: 0.6319523
EarlyStopping counter: 1 out of 3
Updating learning rate to 3.90625e-07
	iters: 100, epoch: 10 | loss: 0.4768022
	speed: 0.0408s/iter; left time: 499.0799s
	iters: 200, epoch: 10 | loss: 0.6618722
	speed: 0.0225s/iter; left time: 272.1928s
	iters: 300, epoch: 10 | loss: 0.6438002
	speed: 0.0231s/iter; left time: 277.1484s
	iters: 400, epoch: 10 | loss: 0.5175774
	speed: 0.0227s/iter; left time: 270.3298s
	iters: 500, epoch: 10 | loss: 0.5269311
	speed: 0.0232s/iter; left time: 274.1504s
	iters: 600, epoch: 10 | loss: 0.4845848
	speed: 0.0228s/iter; left time: 267.4921s
	iters: 700, epoch: 10 | loss: 0.4873196
	speed: 0.0227s/iter; left time: 264.1421s
	iters: 800, epoch: 10 | loss: 0.7768390
	speed: 0.0226s/iter; left time: 260.3659s
	iters: 900, epoch: 10 | loss: 0.6348143
	speed: 0.0226s/iter; left time: 257.8885s
	iters: 1000, epoch: 10 | loss: 0.6300626
	speed: 0.0226s/iter; left time: 256.1163s
	iters: 1100, epoch: 10 | loss: 0.4829099
	speed: 0.0227s/iter; left time: 254.8108s
Epoch: 10 cost time: 25.485297679901123
Epoch: 10, Steps: 1120 | Train Loss: 0.5862220 Vali Loss: 0.6320305
EarlyStopping counter: 2 out of 3
Updating learning rate to 1.953125e-07
	iters: 100, epoch: 11 | loss: 0.8505611
	speed: 0.0418s/iter; left time: 463.6398s
	iters: 200, epoch: 11 | loss: 0.5574234
	speed: 0.0230s/iter; left time: 253.5560s
	iters: 300, epoch: 11 | loss: 0.5473590
	speed: 0.0227s/iter; left time: 247.0487s
	iters: 400, epoch: 11 | loss: 0.5646884
	speed: 0.0240s/iter; left time: 258.9163s
	iters: 500, epoch: 11 | loss: 0.6569126
	speed: 0.0235s/iter; left time: 251.4145s
	iters: 600, epoch: 11 | loss: 0.5333175
	speed: 0.0235s/iter; left time: 249.0899s
	iters: 700, epoch: 11 | loss: 0.5525521
	speed: 0.0231s/iter; left time: 242.0505s
	iters: 800, epoch: 11 | loss: 0.5884598
	speed: 0.0236s/iter; left time: 245.5424s
	iters: 900, epoch: 11 | loss: 0.5584098
	speed: 0.0231s/iter; left time: 238.1362s
	iters: 1000, epoch: 11 | loss: 0.8670141
	speed: 0.0236s/iter; left time: 240.3644s
	iters: 1100, epoch: 11 | loss: 0.5671367
	speed: 0.0237s/iter; left time: 239.6984s
Epoch: 11 cost time: 26.184242010116577
Epoch: 11, Steps: 1120 | Train Loss: 0.5863025 Vali Loss: 0.6318870
Validation loss decreased (0.631912 --> 0.631887).  Saving model ...
Updating learning rate to 9.765625e-08
	iters: 100, epoch: 12 | loss: 0.5548813
	speed: 0.0402s/iter; left time: 401.5351s
	iters: 200, epoch: 12 | loss: 0.4338228
	speed: 0.0222s/iter; left time: 219.4142s
	iters: 300, epoch: 12 | loss: 0.4384804
	speed: 0.0220s/iter; left time: 215.4763s
	iters: 400, epoch: 12 | loss: 0.4855489
	speed: 0.0225s/iter; left time: 218.0193s
	iters: 500, epoch: 12 | loss: 0.4730895
	speed: 0.0231s/iter; left time: 221.7541s
	iters: 600, epoch: 12 | loss: 0.6120187
	speed: 0.0229s/iter; left time: 217.4352s
	iters: 700, epoch: 12 | loss: 0.7000437
	speed: 0.0233s/iter; left time: 218.9670s
	iters: 800, epoch: 12 | loss: 0.5779679
	speed: 0.0228s/iter; left time: 211.4070s
	iters: 900, epoch: 12 | loss: 0.6878618
	speed: 0.0230s/iter; left time: 211.4599s
	iters: 1000, epoch: 12 | loss: 0.6253356
	speed: 0.0230s/iter; left time: 209.2449s
	iters: 1100, epoch: 12 | loss: 0.9098355
	speed: 0.0226s/iter; left time: 202.7590s
Epoch: 12 cost time: 25.457459926605225
Epoch: 12, Steps: 1120 | Train Loss: 0.5861890 Vali Loss: 0.6320179
EarlyStopping counter: 1 out of 3
Updating learning rate to 4.8828125e-08
	iters: 100, epoch: 13 | loss: 0.5414447
	speed: 0.0413s/iter; left time: 365.7288s
	iters: 200, epoch: 13 | loss: 0.6260064
	speed: 0.0229s/iter; left time: 200.4175s
	iters: 300, epoch: 13 | loss: 0.6318824
	speed: 0.0231s/iter; left time: 199.7376s
	iters: 400, epoch: 13 | loss: 0.5715207
	speed: 0.0230s/iter; left time: 197.2440s
	iters: 500, epoch: 13 | loss: 0.6545338
	speed: 0.0228s/iter; left time: 192.7338s
	iters: 600, epoch: 13 | loss: 0.5094693
	speed: 0.0226s/iter; left time: 189.1834s
	iters: 700, epoch: 13 | loss: 0.7447609
	speed: 0.0228s/iter; left time: 188.3148s
	iters: 800, epoch: 13 | loss: 0.5076375
	speed: 0.0227s/iter; left time: 185.4966s
	iters: 900, epoch: 13 | loss: 0.5425671
	speed: 0.0230s/iter; left time: 185.0095s
	iters: 1000, epoch: 13 | loss: 0.5037141
	speed: 0.0229s/iter; left time: 181.9877s
	iters: 1100, epoch: 13 | loss: 0.7544205
	speed: 0.0227s/iter; left time: 178.7751s
Epoch: 13 cost time: 25.638486862182617
Epoch: 13, Steps: 1120 | Train Loss: 0.5862044 Vali Loss: 0.6319191
EarlyStopping counter: 2 out of 3
Updating learning rate to 2.44140625e-08
	iters: 100, epoch: 14 | loss: 0.4911486
	speed: 0.0411s/iter; left time: 318.4815s
	iters: 200, epoch: 14 | loss: 0.7314140
	speed: 0.0232s/iter; left time: 177.5928s
	iters: 300, epoch: 14 | loss: 0.6637122
	speed: 0.0228s/iter; left time: 171.5994s
	iters: 400, epoch: 14 | loss: 0.5891217
	speed: 0.0224s/iter; left time: 166.8639s
	iters: 500, epoch: 14 | loss: 0.5176871
	speed: 0.0228s/iter; left time: 167.3132s
	iters: 600, epoch: 14 | loss: 0.6081650
	speed: 0.0235s/iter; left time: 170.2862s
	iters: 700, epoch: 14 | loss: 0.4739015
	speed: 0.0238s/iter; left time: 169.8132s
	iters: 800, epoch: 14 | loss: 0.5121558
	speed: 0.0229s/iter; left time: 161.2010s
	iters: 900, epoch: 14 | loss: 0.5811015
	speed: 0.0234s/iter; left time: 162.1182s
	iters: 1000, epoch: 14 | loss: 0.4535268
	speed: 0.0235s/iter; left time: 160.5584s
	iters: 1100, epoch: 14 | loss: 0.6157598
	speed: 0.0240s/iter; left time: 162.0816s
Epoch: 14 cost time: 26.05561089515686
Epoch: 14, Steps: 1120 | Train Loss: 0.5863048 Vali Loss: 0.6320185
EarlyStopping counter: 3 out of 3
Early stopping
VALIDATION_RESULT {"best_epoch": 11, "best_mae": 0.4351170281076118, "best_mse": 0.6318870120937575, "epochs_ran": 14, "metric_version": "element_weighted_v1"}
>>>>>>>testing : long_term_forecast_timemixer_weather_sl336_pl720_s2022_TimeMixer_custom_ftM_sl336_ll0_pl720_dm16_nh4_el3_dl1_df32_expand2_dc4_fc3_ebtimeF_dtTrue_timemixer_weather_sl336_pl720_s2022_0<<<<<<<<<<<<<<<<<<<<<<<<<<<<<<<<<
test 9820
test shape: (9820, 720, 21) (9820, 720, 21)
test shape: (9820, 720, 21) (9820, 720, 21)
mse:0.32022908329963684, mae:0.3350537121295929, dtw:Not calculated
