Using GPU
Args in experiment:
[1mBasic Config[0m
  Task Name:          long_term_forecast  Is Training:        1                   
  Model ID:           timesnet_etth2_sl336_pl96_s2022Model:              TimesNet            

[1mData Loader[0m
  Data:               ETTh2               Root Path:          /home/cwh/Time-Series-Library/dataset/ETT-small
  Data Path:          ETTh2.csv           Features:           M                   
  Target:             OT                  Freq:               h                   
  Checkpoints:        /home/cwh/Time-Series-Library/logs/q2_main_baselines_multiseed/checkpoints

[1mForecasting Task[0m
  Seq Len:            336                 Label Len:          48                  
  Pred Len:           96                  Seasonal Patterns:  Monthly             
  Inverse:            0                   

[1mModel Parameters[0m
  Top k:              5                   Num Kernels:        6                   
  Enc In:             7                   Dec In:             7                   
  C Out:              7                   d model:            32                  
  n heads:            4                   e layers:           2                   
  d layers:           1                   d FF:               32                  
  Moving Avg:         25                  Factor:             3                   
  Distil:             1                   Dropout:            0.1                 
  Embed:              timeF               Activation:         gelu                

[1mRun Parameters[0m
  Num Workers:        0                   Itr:                1                   
  Train Epochs:       10                  Batch Size:         32                  
  Patience:           3                   Learning Rate:      0.0001              
  Des:                timesnet_etth2_sl336_pl96_s2022Loss:               MSE                 
  Lradj:              type1               Use Amp:            0                   

[1mGPU[0m
  Use GPU:            1                   GPU:                0                   
  Use Multi GPU:      0                   Devices:            0,1,2,3             

[1mDe-stationary Projector Params[0m
  P Hidden Dims:      128, 128            P Hidden Layers:    2                   

Use GPU: cuda:0
🚀 Lazy Loading: TimesNet ...
>>>>>>>start training : long_term_forecast_timesnet_etth2_sl336_pl96_s2022_TimesNet_ETTh2_ftM_sl336_ll48_pl96_dm32_nh4_el2_dl1_df32_expand2_dc4_fc3_ebtimeF_dtTrue_timesnet_etth2_sl336_pl96_s2022_0>>>>>>>>>>>>>>>>>>>>>>>>>>
train 8209
val 2785
	iters: 100, epoch: 1 | loss: 0.2932628
	speed: 0.0888s/iter; left time: 219.4351s
	iters: 200, epoch: 1 | loss: 0.4432243
	speed: 0.0752s/iter; left time: 178.2055s
Epoch: 1 cost time: 19.96193265914917
Epoch: 1, Steps: 257 | Train Loss: 0.4792189 Vali Loss: 0.2824473
Validation loss decreased (inf --> 0.282447).  Saving model ...
Updating learning rate to 0.0001
	iters: 100, epoch: 2 | loss: 0.4406200
	speed: 0.1225s/iter; left time: 271.2027s
	iters: 200, epoch: 2 | loss: 0.2419876
	speed: 0.0699s/iter; left time: 147.7555s
Epoch: 2 cost time: 17.939788341522217
Epoch: 2, Steps: 257 | Train Loss: 0.3105143 Vali Loss: 0.2931583
EarlyStopping counter: 1 out of 3
Updating learning rate to 5e-05
	iters: 100, epoch: 3 | loss: 0.4386837
	speed: 0.1218s/iter; left time: 238.3788s
	iters: 200, epoch: 3 | loss: 0.3000469
	speed: 0.0690s/iter; left time: 128.1049s
Epoch: 3 cost time: 17.858562231063843
Epoch: 3, Steps: 257 | Train Loss: 0.2729908 Vali Loss: 0.3098635
EarlyStopping counter: 2 out of 3
Updating learning rate to 2.5e-05
	iters: 100, epoch: 4 | loss: 0.2373916
	speed: 0.1234s/iter; left time: 209.8172s
	iters: 200, epoch: 4 | loss: 0.3989364
	speed: 0.0700s/iter; left time: 111.9363s
Epoch: 4 cost time: 18.14468550682068
Epoch: 4, Steps: 257 | Train Loss: 0.2567614 Vali Loss: 0.3167572
EarlyStopping counter: 3 out of 3
Early stopping
VALIDATION_RESULT {"best_epoch": 1, "best_mae": 0.37617816541850635, "best_mse": 0.28244725169713164, "epochs_ran": 4, "metric_version": "element_weighted_v1"}
>>>>>>>testing : long_term_forecast_timesnet_etth2_sl336_pl96_s2022_TimesNet_ETTh2_ftM_sl336_ll48_pl96_dm32_nh4_el2_dl1_df32_expand2_dc4_fc3_ebtimeF_dtTrue_timesnet_etth2_sl336_pl96_s2022_0<<<<<<<<<<<<<<<<<<<<<<<<<<<<<<<<<
test 2785
test shape: (2785, 96, 7) (2785, 96, 7)
test shape: (2785, 96, 7) (2785, 96, 7)
mse:0.3564439117908478, mae:0.40623000264167786, dtw:Not calculated
