Using GPU
Args in experiment:
[1mBasic Config[0m
  Task Name:          long_term_forecast  Is Training:        1                   
  Model ID:           timemixer_etth1_sl336_pl96_s2022Model:              TimeMixer           

[1mData Loader[0m
  Data:               ETTh1               Root Path:          /home/cwh/Time-Series-Library/dataset/ETT-small
  Data Path:          ETTh1.csv           Features:           M                   
  Target:             OT                  Freq:               h                   
  Checkpoints:        /home/cwh/Time-Series-Library/logs/q2_main_baselines_multiseed/checkpoints

[1mForecasting Task[0m
  Seq Len:            336                 Label Len:          0                   
  Pred Len:           96                  Seasonal Patterns:  Monthly             
  Inverse:            0                   

[1mModel Parameters[0m
  Top k:              5                   Num Kernels:        6                   
  Enc In:             7                   Dec In:             7                   
  C Out:              7                   d model:            16                  
  n heads:            4                   e layers:           2                   
  d layers:           1                   d FF:               32                  
  Moving Avg:         25                  Factor:             3                   
  Distil:             1                   Dropout:            0.1                 
  Embed:              timeF               Activation:         gelu                

[1mRun Parameters[0m
  Num Workers:        0                   Itr:                1                   
  Train Epochs:       10                  Batch Size:         32                  
  Patience:           10                  Learning Rate:      0.01                
  Des:                timemixer_etth1_sl336_pl96_s2022Loss:               MSE                 
  Lradj:              type1               Use Amp:            0                   

[1mGPU[0m
  Use GPU:            1                   GPU:                0                   
  Use Multi GPU:      0                   Devices:            0,1,2,3             

[1mDe-stationary Projector Params[0m
  P Hidden Dims:      128, 128            P Hidden Layers:    2                   

Use GPU: cuda:0
🚀 Lazy Loading: TimeMixer ...
>>>>>>>start training : long_term_forecast_timemixer_etth1_sl336_pl96_s2022_TimeMixer_ETTh1_ftM_sl336_ll0_pl96_dm16_nh4_el2_dl1_df32_expand2_dc4_fc3_ebtimeF_dtTrue_timemixer_etth1_sl336_pl96_s2022_0>>>>>>>>>>>>>>>>>>>>>>>>>>
train 8209
val 2785
	iters: 100, epoch: 1 | loss: 0.3775430
	speed: 0.0240s/iter; left time: 59.3809s
	iters: 200, epoch: 1 | loss: 0.3491801
	speed: 0.0189s/iter; left time: 44.9094s
Epoch: 1 cost time: 4.959352493286133
Epoch: 1, Steps: 257 | Train Loss: 0.3701526 Vali Loss: 0.7297621
Validation loss decreased (inf --> 0.729762).  Saving model ...
Updating learning rate to 0.01
	iters: 100, epoch: 2 | loss: 0.3992480
	speed: 0.0349s/iter; left time: 77.2966s
	iters: 200, epoch: 2 | loss: 0.4002383
	speed: 0.0163s/iter; left time: 34.3860s
Epoch: 2 cost time: 4.250821352005005
Epoch: 2, Steps: 257 | Train Loss: 202405.0053811 Vali Loss: 1305524.3739933
EarlyStopping counter: 1 out of 10
Updating learning rate to 0.005
	iters: 100, epoch: 3 | loss: 284.5274963
	speed: 0.0312s/iter; left time: 60.9752s
	iters: 200, epoch: 3 | loss: 102.6688080
	speed: 0.0178s/iter; left time: 32.9765s
Epoch: 3 cost time: 4.5100507736206055
Epoch: 3, Steps: 257 | Train Loss: 13306.1010362 Vali Loss: 198.4385182
EarlyStopping counter: 2 out of 10
Updating learning rate to 0.0025
	iters: 100, epoch: 4 | loss: 47.3871193
	speed: 0.0334s/iter; left time: 56.7237s
	iters: 200, epoch: 4 | loss: 36.5916862
	speed: 0.0170s/iter; left time: 27.2174s
Epoch: 4 cost time: 4.467716693878174
Epoch: 4, Steps: 257 | Train Loss: 50.2807646 Vali Loss: 135.9087363
EarlyStopping counter: 3 out of 10
Updating learning rate to 0.00125
	iters: 100, epoch: 5 | loss: 39.9745941
	speed: 0.0329s/iter; left time: 47.4575s
	iters: 200, epoch: 5 | loss: 38.6414909
	speed: 0.0173s/iter; left time: 23.1909s
Epoch: 5 cost time: 4.416815757751465
Epoch: 5, Steps: 257 | Train Loss: 38.1643460 Vali Loss: 120.4370517
EarlyStopping counter: 4 out of 10
Updating learning rate to 0.000625
	iters: 100, epoch: 6 | loss: 26.2963581
	speed: 0.0318s/iter; left time: 37.7464s
	iters: 200, epoch: 6 | loss: 30.8710480
	speed: 0.0166s/iter; left time: 17.9848s
Epoch: 6 cost time: 4.350554943084717
Epoch: 6, Steps: 257 | Train Loss: 34.5408825 Vali Loss: 114.7831670
EarlyStopping counter: 5 out of 10
Updating learning rate to 0.0003125
	iters: 100, epoch: 7 | loss: 59.3780861
	speed: 0.0317s/iter; left time: 29.4879s
	iters: 200, epoch: 7 | loss: 39.6232643
	speed: 0.0164s/iter; left time: 13.6354s
Epoch: 7 cost time: 4.249840974807739
Epoch: 7, Steps: 257 | Train Loss: 32.5092924 Vali Loss: 110.1276058
EarlyStopping counter: 6 out of 10
Updating learning rate to 0.00015625
	iters: 100, epoch: 8 | loss: 45.2913780
	speed: 0.0309s/iter; left time: 20.7601s
	iters: 200, epoch: 8 | loss: 26.6764507
	speed: 0.0170s/iter; left time: 9.7421s
Epoch: 8 cost time: 4.290083885192871
Epoch: 8, Steps: 257 | Train Loss: 31.9461022 Vali Loss: 104.3804241
EarlyStopping counter: 7 out of 10
Updating learning rate to 7.8125e-05
	iters: 100, epoch: 9 | loss: 30.4669075
	speed: 0.0315s/iter; left time: 13.0924s
	iters: 200, epoch: 9 | loss: 23.3784542
	speed: 0.0169s/iter; left time: 5.3320s
Epoch: 9 cost time: 4.331506729125977
Epoch: 9, Steps: 257 | Train Loss: 30.2077849 Vali Loss: 103.8076344
EarlyStopping counter: 8 out of 10
Updating learning rate to 3.90625e-05
	iters: 100, epoch: 10 | loss: 35.8107147
	speed: 0.0315s/iter; left time: 4.9784s
	iters: 200, epoch: 10 | loss: 38.3607216
	speed: 0.0170s/iter; left time: 0.9883s
Epoch: 10 cost time: 4.308185577392578
Epoch: 10, Steps: 257 | Train Loss: 30.5604347 Vali Loss: 105.8330767
EarlyStopping counter: 9 out of 10
Updating learning rate to 1.953125e-05
VALIDATION_RESULT {"best_epoch": 1, "best_mae": 0.5749054103139385, "best_mse": 0.7297620889497861, "epochs_ran": 10, "metric_version": "element_weighted_v1"}
>>>>>>>testing : long_term_forecast_timemixer_etth1_sl336_pl96_s2022_TimeMixer_ETTh1_ftM_sl336_ll0_pl96_dm16_nh4_el2_dl1_df32_expand2_dc4_fc3_ebtimeF_dtTrue_timemixer_etth1_sl336_pl96_s2022_0<<<<<<<<<<<<<<<<<<<<<<<<<<<<<<<<<
test 2785
test shape: (2785, 96, 7) (2785, 96, 7)
test shape: (2785, 96, 7) (2785, 96, 7)
mse:0.38679197430610657, mae:0.4057546555995941, dtw:Not calculated
