Using GPU
Args in experiment:
[1mBasic Config[0m
  Task Name:          long_term_forecast  Is Training:        1                   
  Model ID:           timemixer_etth1_sl336_pl336_s2022Model:              TimeMixer           

[1mData Loader[0m
  Data:               ETTh1               Root Path:          /home/cwh/Time-Series-Library/dataset/ETT-small
  Data Path:          ETTh1.csv           Features:           M                   
  Target:             OT                  Freq:               h                   
  Checkpoints:        /home/cwh/Time-Series-Library/logs/q2_main_baselines_multiseed/checkpoints

[1mForecasting Task[0m
  Seq Len:            336                 Label Len:          0                   
  Pred Len:           336                 Seasonal Patterns:  Monthly             
  Inverse:            0                   

[1mModel Parameters[0m
  Top k:              5                   Num Kernels:        6                   
  Enc In:             7                   Dec In:             7                   
  C Out:              7                   d model:            16                  
  n heads:            4                   e layers:           2                   
  d layers:           1                   d FF:               32                  
  Moving Avg:         25                  Factor:             3                   
  Distil:             1                   Dropout:            0.1                 
  Embed:              timeF               Activation:         gelu                

[1mRun Parameters[0m
  Num Workers:        0                   Itr:                1                   
  Train Epochs:       10                  Batch Size:         32                  
  Patience:           10                  Learning Rate:      0.01                
  Des:                timemixer_etth1_sl336_pl336_s2022Loss:               MSE                 
  Lradj:              type1               Use Amp:            0                   

[1mGPU[0m
  Use GPU:            1                   GPU:                0                   
  Use Multi GPU:      0                   Devices:            0,1,2,3             

[1mDe-stationary Projector Params[0m
  P Hidden Dims:      128, 128            P Hidden Layers:    2                   

Use GPU: cuda:0
🚀 Lazy Loading: TimeMixer ...
>>>>>>>start training : long_term_forecast_timemixer_etth1_sl336_pl336_s2022_TimeMixer_ETTh1_ftM_sl336_ll0_pl336_dm16_nh4_el2_dl1_df32_expand2_dc4_fc3_ebtimeF_dtTrue_timemixer_etth1_sl336_pl336_s2022_0>>>>>>>>>>>>>>>>>>>>>>>>>>
train 7969
val 2545
	iters: 100, epoch: 1 | loss: 0.4281406
	speed: 0.0240s/iter; left time: 57.6870s
	iters: 200, epoch: 1 | loss: 0.3773360
	speed: 0.0165s/iter; left time: 37.8779s
Epoch: 1 cost time: 4.366363286972046
Epoch: 1, Steps: 250 | Train Loss: 0.4695043 Vali Loss: 1.3734824
Validation loss decreased (inf --> 1.373482).  Saving model ...
Updating learning rate to 0.01
	iters: 100, epoch: 2 | loss: 0.4321647
	speed: 0.0299s/iter; left time: 64.2454s
	iters: 200, epoch: 2 | loss: 0.4057894
	speed: 0.0166s/iter; left time: 34.0717s
Epoch: 2 cost time: 4.134849309921265
Epoch: 2, Steps: 250 | Train Loss: 0.4118042 Vali Loss: 1.4211073
EarlyStopping counter: 1 out of 10
Updating learning rate to 0.005
	iters: 100, epoch: 3 | loss: 0.3442698
	speed: 0.0295s/iter; left time: 56.1460s
	iters: 200, epoch: 3 | loss: 0.3371215
	speed: 0.0172s/iter; left time: 31.0651s
Epoch: 3 cost time: 4.260565519332886
Epoch: 3, Steps: 250 | Train Loss: 0.3503603 Vali Loss: 1.6257404
EarlyStopping counter: 2 out of 10
Updating learning rate to 0.0025
	iters: 100, epoch: 4 | loss: 0.3010878
	speed: 0.0298s/iter; left time: 49.1447s
	iters: 200, epoch: 4 | loss: 0.2925906
	speed: 0.0168s/iter; left time: 26.0891s
Epoch: 4 cost time: 4.199069499969482
Epoch: 4, Steps: 250 | Train Loss: 0.2962086 Vali Loss: 1.6804136
EarlyStopping counter: 3 out of 10
Updating learning rate to 0.00125
	iters: 100, epoch: 5 | loss: 0.2716364
	speed: 0.0301s/iter; left time: 42.2097s
	iters: 200, epoch: 5 | loss: 0.2698226
	speed: 0.0168s/iter; left time: 21.8822s
Epoch: 5 cost time: 4.260694980621338
Epoch: 5, Steps: 250 | Train Loss: 0.2649862 Vali Loss: 1.6246633
EarlyStopping counter: 4 out of 10
Updating learning rate to 0.000625
	iters: 100, epoch: 6 | loss: 0.2351851
	speed: 0.0309s/iter; left time: 35.5721s
	iters: 200, epoch: 6 | loss: 0.2461199
	speed: 0.0167s/iter; left time: 17.5287s
Epoch: 6 cost time: 4.2222254276275635
Epoch: 6, Steps: 250 | Train Loss: 0.2478732 Vali Loss: 1.6518901
EarlyStopping counter: 5 out of 10
Updating learning rate to 0.0003125
	iters: 100, epoch: 7 | loss: 0.2263675
	speed: 0.0297s/iter; left time: 26.7888s
	iters: 200, epoch: 7 | loss: 0.2565571
	speed: 0.0174s/iter; left time: 13.9009s
Epoch: 7 cost time: 4.243561029434204
Epoch: 7, Steps: 250 | Train Loss: 0.2394327 Vali Loss: 1.6306875
EarlyStopping counter: 6 out of 10
Updating learning rate to 0.00015625
	iters: 100, epoch: 8 | loss: 0.2239439
	speed: 0.0298s/iter; left time: 19.3673s
	iters: 200, epoch: 8 | loss: 0.2346648
	speed: 0.0169s/iter; left time: 9.3111s
Epoch: 8 cost time: 4.205106496810913
Epoch: 8, Steps: 250 | Train Loss: 0.2347753 Vali Loss: 1.6401140
EarlyStopping counter: 7 out of 10
Updating learning rate to 7.8125e-05
	iters: 100, epoch: 9 | loss: 0.2260014
	speed: 0.0297s/iter; left time: 11.8909s
	iters: 200, epoch: 9 | loss: 0.2320500
	speed: 0.0176s/iter; left time: 5.3050s
Epoch: 9 cost time: 4.301965951919556
Epoch: 9, Steps: 250 | Train Loss: 0.2323804 Vali Loss: 1.6437807
EarlyStopping counter: 8 out of 10
Updating learning rate to 3.90625e-05
	iters: 100, epoch: 10 | loss: 0.2326328
	speed: 0.0309s/iter; left time: 4.6603s
	iters: 200, epoch: 10 | loss: 0.2226730
	speed: 0.0165s/iter; left time: 0.8405s
Epoch: 10 cost time: 4.216954708099365
Epoch: 10, Steps: 250 | Train Loss: 0.2318495 Vali Loss: 1.6429349
EarlyStopping counter: 9 out of 10
Updating learning rate to 1.953125e-05
VALIDATION_RESULT {"best_epoch": 1, "best_mae": 0.7929156334339666, "best_mse": 1.3734824328644768, "epochs_ran": 10, "metric_version": "element_weighted_v1"}
>>>>>>>testing : long_term_forecast_timemixer_etth1_sl336_pl336_s2022_TimeMixer_ETTh1_ftM_sl336_ll0_pl336_dm16_nh4_el2_dl1_df32_expand2_dc4_fc3_ebtimeF_dtTrue_timemixer_etth1_sl336_pl336_s2022_0<<<<<<<<<<<<<<<<<<<<<<<<<<<<<<<<<
test 2545
test shape: (2545, 336, 7) (2545, 336, 7)
test shape: (2545, 336, 7) (2545, 336, 7)
mse:0.4484330415725708, mae:0.45383191108703613, dtw:Not calculated
