Using GPU
Args in experiment:
[1mBasic Config[0m
  Task Name:          long_term_forecast  Is Training:        1                   
  Model ID:           ETTm2_96_720_cmrhm_agf_ettm2_p720_full_s2021Model:              GraphMambaCMRHMAGF  

[1mData Loader[0m
  Data:               ETTm2               Root Path:          /home/cwh/Time-Series-Library/dataset/ETT-small
  Data Path:          ETTm2.csv           Features:           M                   
  Target:             OT                  Freq:               h                   
  Checkpoints:        /home/cwh/Time-Series-Library/logs/cmrhm_adaptive_fusion/checkpoints

[1mForecasting Task[0m
  Seq Len:            336                 Label Len:          48                  
  Pred Len:           720                 Seasonal Patterns:  Monthly             
  Inverse:            0                   

[1mModel Parameters[0m
  Top k:              5                   Num Kernels:        6                   
  Enc In:             7                   Dec In:             7                   
  C Out:              7                   d model:            64                  
  n heads:            8                   e layers:           1                   
  d layers:           1                   d FF:               128                 
  Moving Avg:         25                  Factor:             1                   
  Distil:             1                   Dropout:            0.1                 
  Embed:              timeF               Activation:         gelu                

[1mRun Parameters[0m
  Num Workers:        0                   Itr:                1                   
  Train Epochs:       100                 Batch Size:         32                  
  Patience:           6                   Learning Rate:      0.0005              
  Des:                cmrhm_agf_ettm2_p720_full_s2021Loss:               MSE                 
  Lradj:              type1               Use Amp:            0                   

[1mGPU[0m
  Use GPU:            1                   GPU:                0                   
  Use Multi GPU:      0                   Devices:            0,1,2,3             

[1mDe-stationary Projector Params[0m
  P Hidden Dims:      128, 128            P Hidden Layers:    2                   

Use GPU: cuda:0
🚀 Lazy Loading: GraphMambaCMRHMAGF ...
[GraphMamba] Building 7x7 static graph from 2000 training samples
>>>>>>>start training : long_term_forecast_ETTm2_96_720_cmrhm_agf_ettm2_p720_full_s2021_GraphMambaCMRHMAGF_ETTm2_ftM_sl336_ll48_pl720_dm64_nh8_el1_dl1_df128_expand2_dc2_fc1_ebtimeF_dtTrue_cmrhm_agf_ettm2_p720_full_s2021_0>>>>>>>>>>>>>>>>>>>>>>>>>>
train 33505
val 10801
	iters: 100, epoch: 1 | loss: 0.4279742
	speed: 0.0152s/iter; left time: 1589.6262s
	iters: 200, epoch: 1 | loss: 0.8046218
	speed: 0.0130s/iter; left time: 1356.2617s
	iters: 300, epoch: 1 | loss: 0.9103904
	speed: 0.0124s/iter; left time: 1298.8999s
	iters: 400, epoch: 1 | loss: 0.2800814
	speed: 0.0126s/iter; left time: 1314.1652s
	iters: 500, epoch: 1 | loss: 0.5170792
	speed: 0.0124s/iter; left time: 1291.4602s
	iters: 600, epoch: 1 | loss: 0.5473081
	speed: 0.0127s/iter; left time: 1327.9902s
	iters: 700, epoch: 1 | loss: 0.2735453
	speed: 0.0126s/iter; left time: 1313.2556s
	iters: 800, epoch: 1 | loss: 0.3646940
	speed: 0.0124s/iter; left time: 1286.6801s
	iters: 900, epoch: 1 | loss: 0.3522635
	speed: 0.0125s/iter; left time: 1299.1807s
	iters: 1000, epoch: 1 | loss: 0.2738450
	speed: 0.0128s/iter; left time: 1330.8420s
Epoch: 1 cost time: 13.480260848999023
Epoch: 1, Steps: 1048 | Train Loss: 0.5335000 Vali Loss: 0.2746778
Validation loss decreased (inf --> 0.274678).  Saving model ...
Updating learning rate to 0.0005
	iters: 100, epoch: 2 | loss: 0.5863551
	speed: 0.0361s/iter; left time: 3739.2593s
	iters: 200, epoch: 2 | loss: 0.4420877
	speed: 0.0124s/iter; left time: 1287.7689s
	iters: 300, epoch: 2 | loss: 0.4242153
	speed: 0.0124s/iter; left time: 1281.1040s
	iters: 400, epoch: 2 | loss: 0.7105172
	speed: 0.0126s/iter; left time: 1303.4823s
	iters: 500, epoch: 2 | loss: 0.5874355
	speed: 0.0123s/iter; left time: 1273.2097s
	iters: 600, epoch: 2 | loss: 0.6275443
	speed: 0.0124s/iter; left time: 1278.0323s
	iters: 700, epoch: 2 | loss: 0.8067455
	speed: 0.0125s/iter; left time: 1285.8832s
	iters: 800, epoch: 2 | loss: 0.5751874
	speed: 0.0126s/iter; left time: 1293.4601s
	iters: 900, epoch: 2 | loss: 0.4222819
	speed: 0.0125s/iter; left time: 1288.0757s
	iters: 1000, epoch: 2 | loss: 0.8612251
	speed: 0.0124s/iter; left time: 1279.1304s
Epoch: 2 cost time: 13.061392784118652
Epoch: 2, Steps: 1048 | Train Loss: 0.4944701 Vali Loss: 0.2853553
EarlyStopping counter: 1 out of 6
Updating learning rate to 0.00025
	iters: 100, epoch: 3 | loss: 0.5229717
	speed: 0.0363s/iter; left time: 3724.0905s
	iters: 200, epoch: 3 | loss: 0.4395598
	speed: 0.0124s/iter; left time: 1272.7410s
	iters: 300, epoch: 3 | loss: 0.3952640
	speed: 0.0124s/iter; left time: 1265.5059s
	iters: 400, epoch: 3 | loss: 0.5917122
	speed: 0.0126s/iter; left time: 1284.4333s
	iters: 500, epoch: 3 | loss: 0.3655812
	speed: 0.0124s/iter; left time: 1270.4905s
	iters: 600, epoch: 3 | loss: 0.4400879
	speed: 0.0125s/iter; left time: 1278.9618s
	iters: 700, epoch: 3 | loss: 0.6466387
	speed: 0.0123s/iter; left time: 1255.7199s
	iters: 800, epoch: 3 | loss: 0.3425032
	speed: 0.0124s/iter; left time: 1264.0963s
	iters: 900, epoch: 3 | loss: 0.6157458
	speed: 0.0127s/iter; left time: 1294.8072s
	iters: 1000, epoch: 3 | loss: 0.3763403
	speed: 0.0128s/iter; left time: 1296.9808s
Epoch: 3 cost time: 13.118289232254028
Epoch: 3, Steps: 1048 | Train Loss: 0.4712196 Vali Loss: 0.2844892
EarlyStopping counter: 2 out of 6
Updating learning rate to 0.000125
	iters: 100, epoch: 4 | loss: 0.2435421
	speed: 0.0366s/iter; left time: 3721.6701s
	iters: 200, epoch: 4 | loss: 0.4251219
	speed: 0.0126s/iter; left time: 1275.4540s
	iters: 300, epoch: 4 | loss: 0.4214577
	speed: 0.0123s/iter; left time: 1247.0137s
	iters: 400, epoch: 4 | loss: 0.3325301
	speed: 0.0125s/iter; left time: 1269.0329s
	iters: 500, epoch: 4 | loss: 0.6094370
	speed: 0.0124s/iter; left time: 1259.3404s
	iters: 600, epoch: 4 | loss: 0.4461347
	speed: 0.0127s/iter; left time: 1283.7096s
	iters: 700, epoch: 4 | loss: 0.3651142
	speed: 0.0123s/iter; left time: 1246.2000s
	iters: 800, epoch: 4 | loss: 0.3021653
	speed: 0.0123s/iter; left time: 1241.7117s
	iters: 900, epoch: 4 | loss: 0.5868964
	speed: 0.0125s/iter; left time: 1261.7756s
	iters: 1000, epoch: 4 | loss: 0.7855004
	speed: 0.0122s/iter; left time: 1232.7571s
Epoch: 4 cost time: 13.076862335205078
Epoch: 4, Steps: 1048 | Train Loss: 0.4595671 Vali Loss: 0.2831030
EarlyStopping counter: 3 out of 6
Updating learning rate to 6.25e-05
	iters: 100, epoch: 5 | loss: 0.3470432
	speed: 0.0362s/iter; left time: 3634.8060s
	iters: 200, epoch: 5 | loss: 0.9710346
	speed: 0.0126s/iter; left time: 1266.1509s
	iters: 300, epoch: 5 | loss: 0.7466317
	speed: 0.0125s/iter; left time: 1256.1393s
	iters: 400, epoch: 5 | loss: 0.5604759
	speed: 0.0124s/iter; left time: 1245.8019s
	iters: 500, epoch: 5 | loss: 0.3560268
	speed: 0.0127s/iter; left time: 1270.5083s
	iters: 600, epoch: 5 | loss: 0.3617682
	speed: 0.0127s/iter; left time: 1266.8593s
	iters: 700, epoch: 5 | loss: 0.4349331
	speed: 0.0122s/iter; left time: 1219.1766s
	iters: 800, epoch: 5 | loss: 0.4966218
	speed: 0.0124s/iter; left time: 1237.6145s
	iters: 900, epoch: 5 | loss: 0.8619279
	speed: 0.0125s/iter; left time: 1243.8158s
	iters: 1000, epoch: 5 | loss: 0.5459896
	speed: 0.0124s/iter; left time: 1233.9117s
Epoch: 5 cost time: 13.099132776260376
Epoch: 5, Steps: 1048 | Train Loss: 0.4510425 Vali Loss: 0.2817765
EarlyStopping counter: 4 out of 6
Updating learning rate to 3.125e-05
	iters: 100, epoch: 6 | loss: 0.3782793
	speed: 0.0365s/iter; left time: 3628.1355s
	iters: 200, epoch: 6 | loss: 0.5361009
	speed: 0.0125s/iter; left time: 1238.2845s
	iters: 300, epoch: 6 | loss: 0.6123672
	speed: 0.0127s/iter; left time: 1265.5641s
	iters: 400, epoch: 6 | loss: 0.4530300
	speed: 0.0127s/iter; left time: 1257.0852s
	iters: 500, epoch: 6 | loss: 0.3234454
	speed: 0.0124s/iter; left time: 1230.7435s
	iters: 600, epoch: 6 | loss: 0.4407124
	speed: 0.0125s/iter; left time: 1232.6103s
	iters: 700, epoch: 6 | loss: 0.4206671
	speed: 0.0124s/iter; left time: 1228.6789s
	iters: 800, epoch: 6 | loss: 0.4720512
	speed: 0.0125s/iter; left time: 1237.7928s
	iters: 900, epoch: 6 | loss: 0.5531595
	speed: 0.0127s/iter; left time: 1255.2529s
	iters: 1000, epoch: 6 | loss: 0.3823365
	speed: 0.0124s/iter; left time: 1221.8371s
Epoch: 6 cost time: 13.131662607192993
Epoch: 6, Steps: 1048 | Train Loss: 0.4471046 Vali Loss: 0.2820298
EarlyStopping counter: 5 out of 6
Updating learning rate to 1.5625e-05
	iters: 100, epoch: 7 | loss: 0.3195640
	speed: 0.0363s/iter; left time: 3574.8512s
	iters: 200, epoch: 7 | loss: 0.2922595
	speed: 0.0126s/iter; left time: 1237.2197s
	iters: 300, epoch: 7 | loss: 0.4768553
	speed: 0.0126s/iter; left time: 1234.9305s
	iters: 400, epoch: 7 | loss: 0.3892544
	speed: 0.0125s/iter; left time: 1230.8020s
	iters: 500, epoch: 7 | loss: 0.4539017
	speed: 0.0128s/iter; left time: 1253.2692s
	iters: 600, epoch: 7 | loss: 0.4041326
	speed: 0.0126s/iter; left time: 1235.9474s
	iters: 700, epoch: 7 | loss: 0.3207625
	speed: 0.0128s/iter; left time: 1248.0340s
	iters: 800, epoch: 7 | loss: 0.3435183
	speed: 0.0124s/iter; left time: 1216.3112s
	iters: 900, epoch: 7 | loss: 0.5115409
	speed: 0.0127s/iter; left time: 1239.9534s
	iters: 1000, epoch: 7 | loss: 0.2684206
	speed: 0.0124s/iter; left time: 1213.9881s
Epoch: 7 cost time: 13.21285605430603
Epoch: 7, Steps: 1048 | Train Loss: 0.4456609 Vali Loss: 0.2832042
EarlyStopping counter: 6 out of 6
Early stopping
VALIDATION_RESULT {"best_epoch": 1, "best_mae": 0.3597495222519906, "best_mse": 0.27467776690254236, "epochs_ran": 7, "metric_version": "element_weighted_v1"}
>>>>>>>test skipped (validation-only run)<<<<<<<<<<<<<<<<<<<<<<<<
