Using GPU
Args in experiment:
[1mBasic Config[0m
  Task Name:          long_term_forecast  Is Training:        1                   
  Model ID:           p0_itransformer_electricity_l336_h336_s2023Model:              iTransformer        

[1mData Loader[0m
  Data:               custom              Root Path:          /home/cwh/Time-Series-Library/dataset/electricity
  Data Path:          electricity.csv     Features:           M                   
  Target:             0                   Freq:               h                   
  Checkpoints:        /home/cwh/Time-Series-Library/logs/timerole_table3_ecl_solar/baselines/formal/checkpoints

[1mForecasting Task[0m
  Seq Len:            336                 Label Len:          48                  
  Pred Len:           336                 Seasonal Patterns:  Monthly             
  Inverse:            0                   

[1mModel Parameters[0m
  Top k:              5                   Num Kernels:        6                   
  Enc In:             321                 Dec In:             321                 
  C Out:              321                 d model:            512                 
  n heads:            8                   e layers:           3                   
  d layers:           1                   d FF:               512                 
  Moving Avg:         25                  Factor:             3                   
  Distil:             1                   Dropout:            0.1                 
  Embed:              timeF               Activation:         gelu                

[1mRun Parameters[0m
  Num Workers:        0                   Itr:                1                   
  Train Epochs:       10                  Batch Size:         16                  
  Patience:           3                   Learning Rate:      0.0005              
  Des:                p0_itransformer_electricity_l336_h336_s2023Loss:               MSE                 
  Lradj:              type1               Use Amp:            0                   

[1mGPU[0m
  Use GPU:            1                   GPU:                0                   
  Use Multi GPU:      0                   Devices:            0,1,2,3             

[1mDe-stationary Projector Params[0m
  P Hidden Dims:      128, 128            P Hidden Layers:    2                   

Use GPU: cuda:0
🚀 Lazy Loading: iTransformer ...
>>>>>>>start training : long_term_forecast_p0_itransformer_electricity_l336_h336_s2023_iTransformer_custom_ftM_sl336_ll48_pl336_dm512_nh8_el3_dl1_df512_expand2_dc4_fc3_ebtimeF_dtTrue_p0_itransformer_electricity_l336_h336_s2023_0>>>>>>>>>>>>>>>>>>>>>>>>>>
train 17741
val 2297
	iters: 100, epoch: 1 | loss: 0.2483377
	speed: 0.0178s/iter; left time: 196.1578s
	iters: 200, epoch: 1 | loss: 0.2015127
	speed: 0.0155s/iter; left time: 169.0844s
	iters: 300, epoch: 1 | loss: 0.2061755
	speed: 0.0155s/iter; left time: 166.8932s
	iters: 400, epoch: 1 | loss: 0.1708221
	speed: 0.0156s/iter; left time: 166.7612s
	iters: 500, epoch: 1 | loss: 0.1790358
	speed: 0.0155s/iter; left time: 164.2316s
	iters: 600, epoch: 1 | loss: 0.1790807
	speed: 0.0154s/iter; left time: 161.9284s
	iters: 700, epoch: 1 | loss: 0.1583600
	speed: 0.0154s/iter; left time: 160.5157s
	iters: 800, epoch: 1 | loss: 0.1702603
	speed: 0.0154s/iter; left time: 158.7058s
	iters: 900, epoch: 1 | loss: 0.2044209
	speed: 0.0153s/iter; left time: 156.0188s
	iters: 1000, epoch: 1 | loss: 0.2003610
	speed: 0.0153s/iter; left time: 154.0727s
	iters: 1100, epoch: 1 | loss: 0.1890317
	speed: 0.0155s/iter; left time: 155.2269s
Epoch: 1 cost time: 17.384562969207764
Epoch: 1, Steps: 1109 | Train Loss: 0.2018313 Vali Loss: 0.1515008
Validation loss decreased (inf --> 0.151501).  Saving model ...
Updating learning rate to 0.0005
	iters: 100, epoch: 2 | loss: 0.1752908
	speed: 0.0307s/iter; left time: 303.0400s
	iters: 200, epoch: 2 | loss: 0.1744870
	speed: 0.0155s/iter; left time: 151.4962s
	iters: 300, epoch: 2 | loss: 0.1829308
	speed: 0.0157s/iter; left time: 152.0023s
	iters: 400, epoch: 2 | loss: 0.2352269
	speed: 0.0155s/iter; left time: 148.1889s
	iters: 500, epoch: 2 | loss: 0.1905287
	speed: 0.0157s/iter; left time: 148.9403s
	iters: 600, epoch: 2 | loss: 0.1664339
	speed: 0.0159s/iter; left time: 148.9804s
	iters: 700, epoch: 2 | loss: 0.1733772
	speed: 0.0159s/iter; left time: 147.2273s
	iters: 800, epoch: 2 | loss: 0.1685638
	speed: 0.0160s/iter; left time: 146.9647s
	iters: 900, epoch: 2 | loss: 0.1908259
	speed: 0.0160s/iter; left time: 144.8773s
	iters: 1000, epoch: 2 | loss: 0.1466084
	speed: 0.0158s/iter; left time: 141.8887s
	iters: 1100, epoch: 2 | loss: 0.1726278
	speed: 0.0163s/iter; left time: 145.0494s
Epoch: 2 cost time: 17.538872957229614
Epoch: 2, Steps: 1109 | Train Loss: 0.1774196 Vali Loss: 0.1554822
EarlyStopping counter: 1 out of 3
Updating learning rate to 0.00025
	iters: 100, epoch: 3 | loss: 0.1375421
	speed: 0.0309s/iter; left time: 270.6872s
	iters: 200, epoch: 3 | loss: 0.1951718
	speed: 0.0163s/iter; left time: 141.6386s
	iters: 300, epoch: 3 | loss: 0.1547311
	speed: 0.0160s/iter; left time: 137.2518s
	iters: 400, epoch: 3 | loss: 0.1800631
	speed: 0.0159s/iter; left time: 134.6348s
	iters: 500, epoch: 3 | loss: 0.1655063
	speed: 0.0160s/iter; left time: 134.2024s
	iters: 600, epoch: 3 | loss: 0.1571611
	speed: 0.0162s/iter; left time: 134.1706s
	iters: 700, epoch: 3 | loss: 0.1643808
	speed: 0.0161s/iter; left time: 131.7782s
	iters: 800, epoch: 3 | loss: 0.1573815
	speed: 0.0160s/iter; left time: 129.3139s
	iters: 900, epoch: 3 | loss: 0.1447391
	speed: 0.0159s/iter; left time: 126.9722s
	iters: 1000, epoch: 3 | loss: 0.1612419
	speed: 0.0159s/iter; left time: 125.2440s
	iters: 1100, epoch: 3 | loss: 0.1363498
	speed: 0.0161s/iter; left time: 124.8188s
Epoch: 3 cost time: 17.794094800949097
Epoch: 3, Steps: 1109 | Train Loss: 0.1637452 Vali Loss: 0.1485092
Validation loss decreased (0.151501 --> 0.148509).  Saving model ...
Updating learning rate to 0.000125
	iters: 100, epoch: 4 | loss: 0.1349362
	speed: 0.0307s/iter; left time: 235.3676s
	iters: 200, epoch: 4 | loss: 0.1395772
	speed: 0.0161s/iter; left time: 121.5717s
	iters: 300, epoch: 4 | loss: 0.1590681
	speed: 0.0163s/iter; left time: 121.5530s
	iters: 400, epoch: 4 | loss: 0.1597246
	speed: 0.0160s/iter; left time: 117.5745s
	iters: 500, epoch: 4 | loss: 0.1483988
	speed: 0.0162s/iter; left time: 117.4556s
	iters: 600, epoch: 4 | loss: 0.1483579
	speed: 0.0165s/iter; left time: 117.8750s
	iters: 700, epoch: 4 | loss: 0.1458025
	speed: 0.0161s/iter; left time: 114.0427s
	iters: 800, epoch: 4 | loss: 0.1399058
	speed: 0.0159s/iter; left time: 110.9856s
	iters: 900, epoch: 4 | loss: 0.1510799
	speed: 0.0162s/iter; left time: 111.3553s
	iters: 1000, epoch: 4 | loss: 0.1790613
	speed: 0.0164s/iter; left time: 110.6189s
	iters: 1100, epoch: 4 | loss: 0.1490292
	speed: 0.0163s/iter; left time: 108.3734s
Epoch: 4 cost time: 17.922144889831543
Epoch: 4, Steps: 1109 | Train Loss: 0.1532097 Vali Loss: 0.1447741
Validation loss decreased (0.148509 --> 0.144774).  Saving model ...
Updating learning rate to 6.25e-05
	iters: 100, epoch: 5 | loss: 0.1318284
	speed: 0.0310s/iter; left time: 202.8818s
	iters: 200, epoch: 5 | loss: 0.1474245
	speed: 0.0160s/iter; left time: 103.0875s
	iters: 300, epoch: 5 | loss: 0.1501215
	speed: 0.0160s/iter; left time: 101.7503s
	iters: 400, epoch: 5 | loss: 0.1433993
	speed: 0.0160s/iter; left time: 100.1356s
	iters: 500, epoch: 5 | loss: 0.1362185
	speed: 0.0163s/iter; left time: 100.5787s
	iters: 600, epoch: 5 | loss: 0.1432245
	speed: 0.0162s/iter; left time: 98.1820s
	iters: 700, epoch: 5 | loss: 0.1411969
	speed: 0.0160s/iter; left time: 95.0382s
	iters: 800, epoch: 5 | loss: 0.1351102
	speed: 0.0159s/iter; left time: 93.1289s
	iters: 900, epoch: 5 | loss: 0.1423206
	speed: 0.0161s/iter; left time: 92.8106s
	iters: 1000, epoch: 5 | loss: 0.1518082
	speed: 0.0162s/iter; left time: 91.4503s
	iters: 1100, epoch: 5 | loss: 0.1387313
	speed: 0.0160s/iter; left time: 88.8978s
Epoch: 5 cost time: 17.81574320793152
Epoch: 5, Steps: 1109 | Train Loss: 0.1474577 Vali Loss: 0.1433680
Validation loss decreased (0.144774 --> 0.143368).  Saving model ...
Updating learning rate to 3.125e-05
	iters: 100, epoch: 6 | loss: 0.1359615
	speed: 0.0312s/iter; left time: 170.0953s
	iters: 200, epoch: 6 | loss: 0.1363309
	speed: 0.0158s/iter; left time: 84.4678s
	iters: 300, epoch: 6 | loss: 0.1407234
	speed: 0.0160s/iter; left time: 83.8473s
	iters: 400, epoch: 6 | loss: 0.1469263
	speed: 0.0159s/iter; left time: 81.8315s
	iters: 500, epoch: 6 | loss: 0.1509189
	speed: 0.0158s/iter; left time: 79.7054s
	iters: 600, epoch: 6 | loss: 0.1305732
	speed: 0.0159s/iter; left time: 78.8747s
	iters: 700, epoch: 6 | loss: 0.1495104
	speed: 0.0158s/iter; left time: 76.4571s
	iters: 800, epoch: 6 | loss: 0.1453083
	speed: 0.0156s/iter; left time: 74.1480s
	iters: 900, epoch: 6 | loss: 0.1432349
	speed: 0.0160s/iter; left time: 74.3646s
	iters: 1000, epoch: 6 | loss: 0.1365178
	speed: 0.0157s/iter; left time: 71.4767s
	iters: 1100, epoch: 6 | loss: 0.1439514
	speed: 0.0161s/iter; left time: 71.3714s
Epoch: 6 cost time: 17.592710733413696
Epoch: 6, Steps: 1109 | Train Loss: 0.1444957 Vali Loss: 0.1430641
Validation loss decreased (0.143368 --> 0.143064).  Saving model ...
Updating learning rate to 1.5625e-05
	iters: 100, epoch: 7 | loss: 0.1471117
	speed: 0.0311s/iter; left time: 134.8871s
	iters: 200, epoch: 7 | loss: 0.1370115
	speed: 0.0163s/iter; left time: 68.8742s
	iters: 300, epoch: 7 | loss: 0.1922390
	speed: 0.0161s/iter; left time: 66.7663s
	iters: 400, epoch: 7 | loss: 0.1526853
	speed: 0.0163s/iter; left time: 65.7104s
	iters: 500, epoch: 7 | loss: 0.1386727
	speed: 0.0162s/iter; left time: 63.9453s
	iters: 600, epoch: 7 | loss: 0.1446064
	speed: 0.0157s/iter; left time: 60.1417s
	iters: 700, epoch: 7 | loss: 0.1414987
	speed: 0.0159s/iter; left time: 59.3265s
	iters: 800, epoch: 7 | loss: 0.1222745
	speed: 0.0158s/iter; left time: 57.3470s
	iters: 900, epoch: 7 | loss: 0.1362551
	speed: 0.0159s/iter; left time: 56.3736s
	iters: 1000, epoch: 7 | loss: 0.1394564
	speed: 0.0165s/iter; left time: 56.5618s
	iters: 1100, epoch: 7 | loss: 0.1415145
	speed: 0.0159s/iter; left time: 53.0876s
Epoch: 7 cost time: 17.809964895248413
Epoch: 7, Steps: 1109 | Train Loss: 0.1430172 Vali Loss: 0.1426029
Validation loss decreased (0.143064 --> 0.142603).  Saving model ...
Updating learning rate to 7.8125e-06
	iters: 100, epoch: 8 | loss: 0.1506441
	speed: 0.0314s/iter; left time: 101.4220s
	iters: 200, epoch: 8 | loss: 0.1274632
	speed: 0.0157s/iter; left time: 49.1263s
	iters: 300, epoch: 8 | loss: 0.1463417
	speed: 0.0159s/iter; left time: 48.0453s
	iters: 400, epoch: 8 | loss: 0.1470791
	speed: 0.0159s/iter; left time: 46.5103s
	iters: 500, epoch: 8 | loss: 0.1327359
	speed: 0.0157s/iter; left time: 44.4443s
	iters: 600, epoch: 8 | loss: 0.1365497
	speed: 0.0158s/iter; left time: 42.9864s
	iters: 700, epoch: 8 | loss: 0.1327037
	speed: 0.0160s/iter; left time: 41.9402s
	iters: 800, epoch: 8 | loss: 0.1507917
	speed: 0.0160s/iter; left time: 40.5420s
	iters: 900, epoch: 8 | loss: 0.1284971
	speed: 0.0158s/iter; left time: 38.4242s
	iters: 1000, epoch: 8 | loss: 0.1545117
	speed: 0.0159s/iter; left time: 37.0849s
	iters: 1100, epoch: 8 | loss: 0.1339488
	speed: 0.0159s/iter; left time: 35.4425s
Epoch: 8 cost time: 17.607690811157227
Epoch: 8, Steps: 1109 | Train Loss: 0.1422253 Vali Loss: 0.1428097
EarlyStopping counter: 1 out of 3
Updating learning rate to 3.90625e-06
	iters: 100, epoch: 9 | loss: 0.1340001
	speed: 0.0305s/iter; left time: 64.5941s
	iters: 200, epoch: 9 | loss: 0.1189812
	speed: 0.0160s/iter; left time: 32.2567s
	iters: 300, epoch: 9 | loss: 0.1457840
	speed: 0.0156s/iter; left time: 29.8951s
	iters: 400, epoch: 9 | loss: 0.1322365
	speed: 0.0156s/iter; left time: 28.3760s
	iters: 500, epoch: 9 | loss: 0.1645879
	speed: 0.0158s/iter; left time: 27.1030s
	iters: 600, epoch: 9 | loss: 0.1423121
	speed: 0.0156s/iter; left time: 25.2290s
	iters: 700, epoch: 9 | loss: 0.1360397
	speed: 0.0159s/iter; left time: 24.1603s
	iters: 800, epoch: 9 | loss: 0.1438762
	speed: 0.0159s/iter; left time: 22.5643s
	iters: 900, epoch: 9 | loss: 0.1647232
	speed: 0.0158s/iter; left time: 20.8157s
	iters: 1000, epoch: 9 | loss: 0.1453633
	speed: 0.0157s/iter; left time: 19.1218s
	iters: 1100, epoch: 9 | loss: 0.1436639
	speed: 0.0156s/iter; left time: 17.4016s
Epoch: 9 cost time: 17.428809881210327
Epoch: 9, Steps: 1109 | Train Loss: 0.1418319 Vali Loss: 0.1423700
Validation loss decreased (0.142603 --> 0.142370).  Saving model ...
Updating learning rate to 1.953125e-06
	iters: 100, epoch: 10 | loss: 0.1269254
	speed: 0.0311s/iter; left time: 31.4139s
	iters: 200, epoch: 10 | loss: 0.1248956
	speed: 0.0159s/iter; left time: 14.4496s
	iters: 300, epoch: 10 | loss: 0.1367507
	speed: 0.0161s/iter; left time: 13.0230s
	iters: 400, epoch: 10 | loss: 0.1332474
	speed: 0.0160s/iter; left time: 11.3945s
	iters: 500, epoch: 10 | loss: 0.1326146
	speed: 0.0160s/iter; left time: 9.7648s
	iters: 600, epoch: 10 | loss: 0.1272399
	speed: 0.0162s/iter; left time: 8.2806s
	iters: 700, epoch: 10 | loss: 0.1638430
	speed: 0.0160s/iter; left time: 6.5687s
	iters: 800, epoch: 10 | loss: 0.1302107
	speed: 0.0161s/iter; left time: 4.9900s
	iters: 900, epoch: 10 | loss: 0.1352665
	speed: 0.0163s/iter; left time: 3.4243s
	iters: 1000, epoch: 10 | loss: 0.1324154
	speed: 0.0161s/iter; left time: 1.7712s
	iters: 1100, epoch: 10 | loss: 0.1449706
	speed: 0.0160s/iter; left time: 0.1604s
Epoch: 10 cost time: 17.805007457733154
Epoch: 10, Steps: 1109 | Train Loss: 0.1416374 Vali Loss: 0.1425350
EarlyStopping counter: 1 out of 3
Updating learning rate to 9.765625e-07
VALIDATION_RESULT {"best_epoch": 9, "best_mae": 0.2347031663812202, "best_mse": 0.14236999195810962, "epochs_ran": 10, "metric_version": "element_weighted_v1", "train_duration_seconds": 192.8413614402525, "train_peak_cuda_memory_bytes": 894519296}
>>>>>>>testing : long_term_forecast_p0_itransformer_electricity_l336_h336_s2023_iTransformer_custom_ftM_sl336_ll48_pl336_dm512_nh8_el3_dl1_df512_expand2_dc4_fc3_ebtimeF_dtTrue_p0_itransformer_electricity_l336_h336_s2023_0<<<<<<<<<<<<<<<<<<<<<<<<<<<<<<<<<
test 4925
EVALUATION_RESULT {"batches": 308, "elapsed_seconds": 2.7613694830797613, "elements": 531190800, "mae": 0.2662259032559487, "metric_version": "element_weighted_v1", "milliseconds_per_batch": 8.96548533467455, "mse": 0.17022146670861957, "origin_count": 4925, "origin_metric_version": "per_forecast_origin_mean_v1", "origin_metrics_path": "/home/cwh/Time-Series-Library/logs/timerole_table3_ecl_solar/baselines/formal/checkpoints/long_term_forecast_p0_itransformer_electricity_l336_h336_s2023_iTransformer_custom_ftM_sl336_ll48_pl336_dm512_nh8_el3_dl1_df512_expand2_dc4_fc3_ebtimeF_dtTrue_p0_itransformer_electricity_l336_h336_s2023_0/test_origin_metrics.npz", "parameter_count": 5079888, "peak_cuda_memory_bytes": 326545920, "split": "test", "test_accessed": true, "timerole_intervention": "intact"}
mse:0.17022146670861957, mae:0.2662259032559487, dtw:Not calculated
