Using GPU
Args in experiment:
[1mBasic Config[0m
  Task Name:          long_term_forecast  Is Training:        1                   
  Model ID:           p0_itransformer_electricity_l336_h720_s2023Model:              iTransformer        

[1mData Loader[0m
  Data:               custom              Root Path:          /home/cwh/Time-Series-Library/dataset/electricity
  Data Path:          electricity.csv     Features:           M                   
  Target:             0                   Freq:               h                   
  Checkpoints:        /home/cwh/Time-Series-Library/logs/timerole_table3_ecl_solar/baselines/formal/checkpoints

[1mForecasting Task[0m
  Seq Len:            336                 Label Len:          48                  
  Pred Len:           720                 Seasonal Patterns:  Monthly             
  Inverse:            0                   

[1mModel Parameters[0m
  Top k:              5                   Num Kernels:        6                   
  Enc In:             321                 Dec In:             321                 
  C Out:              321                 d model:            512                 
  n heads:            8                   e layers:           3                   
  d layers:           1                   d FF:               512                 
  Moving Avg:         25                  Factor:             3                   
  Distil:             1                   Dropout:            0.1                 
  Embed:              timeF               Activation:         gelu                

[1mRun Parameters[0m
  Num Workers:        0                   Itr:                1                   
  Train Epochs:       10                  Batch Size:         16                  
  Patience:           3                   Learning Rate:      0.0005              
  Des:                p0_itransformer_electricity_l336_h720_s2023Loss:               MSE                 
  Lradj:              type1               Use Amp:            0                   

[1mGPU[0m
  Use GPU:            1                   GPU:                0                   
  Use Multi GPU:      0                   Devices:            0,1,2,3             

[1mDe-stationary Projector Params[0m
  P Hidden Dims:      128, 128            P Hidden Layers:    2                   

Use GPU: cuda:0
🚀 Lazy Loading: iTransformer ...
>>>>>>>start training : long_term_forecast_p0_itransformer_electricity_l336_h720_s2023_iTransformer_custom_ftM_sl336_ll48_pl720_dm512_nh8_el3_dl1_df512_expand2_dc4_fc3_ebtimeF_dtTrue_p0_itransformer_electricity_l336_h720_s2023_0>>>>>>>>>>>>>>>>>>>>>>>>>>
train 17357
val 1913
	iters: 100, epoch: 1 | loss: 0.2513963
	speed: 0.0215s/iter; left time: 230.6637s
	iters: 200, epoch: 1 | loss: 0.2294609
	speed: 0.0181s/iter; left time: 192.5241s
	iters: 300, epoch: 1 | loss: 0.2613088
	speed: 0.0180s/iter; left time: 190.2698s
	iters: 400, epoch: 1 | loss: 0.2676217
	speed: 0.0185s/iter; left time: 193.2557s
	iters: 500, epoch: 1 | loss: 0.2113219
	speed: 0.0179s/iter; left time: 185.2493s
	iters: 600, epoch: 1 | loss: 0.2224678
	speed: 0.0181s/iter; left time: 185.9499s
	iters: 700, epoch: 1 | loss: 0.2657531
	speed: 0.0181s/iter; left time: 183.4873s
	iters: 800, epoch: 1 | loss: 0.2321798
	speed: 0.0184s/iter; left time: 185.2631s
	iters: 900, epoch: 1 | loss: 0.2135395
	speed: 0.0176s/iter; left time: 175.4164s
	iters: 1000, epoch: 1 | loss: 0.2321065
	speed: 0.0181s/iter; left time: 178.7279s
Epoch: 1 cost time: 19.975327014923096
Epoch: 1, Steps: 1085 | Train Loss: 0.2484740 Vali Loss: 0.1856443
Validation loss decreased (inf --> 0.185644).  Saving model ...
Updating learning rate to 0.0005
	iters: 100, epoch: 2 | loss: 0.2415128
	speed: 0.0477s/iter; left time: 461.3680s
	iters: 200, epoch: 2 | loss: 0.2475156
	speed: 0.0173s/iter; left time: 165.1687s
	iters: 300, epoch: 2 | loss: 0.2063543
	speed: 0.0171s/iter; left time: 161.5814s
	iters: 400, epoch: 2 | loss: 0.2063675
	speed: 0.0171s/iter; left time: 160.0743s
	iters: 500, epoch: 2 | loss: 0.1944980
	speed: 0.0171s/iter; left time: 158.7532s
	iters: 600, epoch: 2 | loss: 0.2501635
	speed: 0.0172s/iter; left time: 157.8627s
	iters: 700, epoch: 2 | loss: 0.2186249
	speed: 0.0172s/iter; left time: 155.5631s
	iters: 800, epoch: 2 | loss: 0.1949069
	speed: 0.0170s/iter; left time: 151.9823s
	iters: 900, epoch: 2 | loss: 0.2119965
	speed: 0.0174s/iter; left time: 154.3394s
	iters: 1000, epoch: 2 | loss: 0.2094337
	speed: 0.0173s/iter; left time: 151.6858s
Epoch: 2 cost time: 18.623687982559204
Epoch: 2, Steps: 1085 | Train Loss: 0.2171251 Vali Loss: 0.1798544
Validation loss decreased (0.185644 --> 0.179854).  Saving model ...
Updating learning rate to 0.00025
	iters: 100, epoch: 3 | loss: 0.1975948
	speed: 0.0469s/iter; left time: 402.0808s
	iters: 200, epoch: 3 | loss: 0.1818988
	speed: 0.0175s/iter; left time: 148.3626s
	iters: 300, epoch: 3 | loss: 0.1802144
	speed: 0.0177s/iter; left time: 148.1855s
	iters: 400, epoch: 3 | loss: 0.1983947
	speed: 0.0174s/iter; left time: 143.7453s
	iters: 500, epoch: 3 | loss: 0.1931847
	speed: 0.0176s/iter; left time: 144.0499s
	iters: 600, epoch: 3 | loss: 0.1939029
	speed: 0.0175s/iter; left time: 141.7935s
	iters: 700, epoch: 3 | loss: 0.2052076
	speed: 0.0178s/iter; left time: 141.8933s
	iters: 800, epoch: 3 | loss: 0.2069856
	speed: 0.0175s/iter; left time: 138.2796s
	iters: 900, epoch: 3 | loss: 0.2048207
	speed: 0.0173s/iter; left time: 134.8040s
	iters: 1000, epoch: 3 | loss: 0.2130983
	speed: 0.0176s/iter; left time: 134.9387s
Epoch: 3 cost time: 19.061474084854126
Epoch: 3, Steps: 1085 | Train Loss: 0.1990231 Vali Loss: 0.1817843
EarlyStopping counter: 1 out of 3
Updating learning rate to 0.000125
	iters: 100, epoch: 4 | loss: 0.1924251
	speed: 0.0479s/iter; left time: 359.0467s
	iters: 200, epoch: 4 | loss: 0.1694284
	speed: 0.0182s/iter; left time: 134.9477s
	iters: 300, epoch: 4 | loss: 0.1814398
	speed: 0.0181s/iter; left time: 131.9965s
	iters: 400, epoch: 4 | loss: 0.1788940
	speed: 0.0181s/iter; left time: 130.3583s
	iters: 500, epoch: 4 | loss: 0.2068379
	speed: 0.0186s/iter; left time: 132.1096s
	iters: 600, epoch: 4 | loss: 0.1827380
	speed: 0.0182s/iter; left time: 127.4437s
	iters: 700, epoch: 4 | loss: 0.1791775
	speed: 0.0180s/iter; left time: 124.3576s
	iters: 800, epoch: 4 | loss: 0.2081992
	speed: 0.0181s/iter; left time: 122.7337s
	iters: 900, epoch: 4 | loss: 0.1813623
	speed: 0.0182s/iter; left time: 121.9652s
	iters: 1000, epoch: 4 | loss: 0.1723894
	speed: 0.0181s/iter; left time: 119.5041s
Epoch: 4 cost time: 19.658345222473145
Epoch: 4, Steps: 1085 | Train Loss: 0.1867363 Vali Loss: 0.1821918
EarlyStopping counter: 2 out of 3
Updating learning rate to 6.25e-05
	iters: 100, epoch: 5 | loss: 0.1845839
	speed: 0.0474s/iter; left time: 304.0652s
	iters: 200, epoch: 5 | loss: 0.1684374
	speed: 0.0175s/iter; left time: 110.7228s
	iters: 300, epoch: 5 | loss: 0.1609770
	speed: 0.0179s/iter; left time: 111.1746s
	iters: 400, epoch: 5 | loss: 0.1552513
	speed: 0.0177s/iter; left time: 108.1336s
	iters: 500, epoch: 5 | loss: 0.1983302
	speed: 0.0177s/iter; left time: 106.0989s
	iters: 600, epoch: 5 | loss: 0.1846070
	speed: 0.0175s/iter; left time: 103.3534s
	iters: 700, epoch: 5 | loss: 0.1785847
	speed: 0.0176s/iter; left time: 102.3774s
	iters: 800, epoch: 5 | loss: 0.1661429
	speed: 0.0174s/iter; left time: 99.6035s
	iters: 900, epoch: 5 | loss: 0.1659652
	speed: 0.0176s/iter; left time: 98.6439s
	iters: 1000, epoch: 5 | loss: 0.1853987
	speed: 0.0177s/iter; left time: 97.6651s
Epoch: 5 cost time: 19.13252854347229
Epoch: 5, Steps: 1085 | Train Loss: 0.1804876 Vali Loss: 0.1841311
EarlyStopping counter: 3 out of 3
Early stopping
VALIDATION_RESULT {"best_epoch": 2, "best_mae": 0.2695633187193904, "best_mse": 0.17985440052469784, "epochs_ran": 5, "metric_version": "element_weighted_v1", "train_duration_seconds": 106.54508808301762, "train_peak_cuda_memory_bytes": 963886080}
>>>>>>>testing : long_term_forecast_p0_itransformer_electricity_l336_h720_s2023_iTransformer_custom_ftM_sl336_ll48_pl720_dm512_nh8_el3_dl1_df512_expand2_dc4_fc3_ebtimeF_dtTrue_p0_itransformer_electricity_l336_h720_s2023_0<<<<<<<<<<<<<<<<<<<<<<<<<<<<<<<<<
test 4541
EVALUATION_RESULT {"batches": 284, "elapsed_seconds": 2.879618644248694, "elements": 1049515920, "mae": 0.29370059817672894, "metric_version": "element_weighted_v1", "milliseconds_per_batch": 10.139502268481317, "mse": 0.20023846997123207, "origin_count": 4541, "origin_metric_version": "per_forecast_origin_mean_v1", "origin_metrics_path": "/home/cwh/Time-Series-Library/logs/timerole_table3_ecl_solar/baselines/formal/checkpoints/long_term_forecast_p0_itransformer_electricity_l336_h720_s2023_iTransformer_custom_ftM_sl336_ll48_pl720_dm512_nh8_el3_dl1_df512_expand2_dc4_fc3_ebtimeF_dtTrue_p0_itransformer_electricity_l336_h720_s2023_0/test_origin_metrics.npz", "parameter_count": 5276880, "peak_cuda_memory_bytes": 370334720, "split": "test", "test_accessed": true, "timerole_intervention": "intact"}
mse:0.20023846997123207, mae:0.29370059817672894, dtw:Not calculated
