Using GPU
Args in experiment:
[1mBasic Config[0m
  Task Name:          long_term_forecast  Is Training:        1                   
  Model ID:           p0_itransformer_electricity_l336_h192_s2022Model:              iTransformer        

[1mData Loader[0m
  Data:               custom              Root Path:          /home/cwh/Time-Series-Library/dataset/electricity
  Data Path:          electricity.csv     Features:           M                   
  Target:             0                   Freq:               h                   
  Checkpoints:        /home/cwh/Time-Series-Library/logs/timerole_table3_ecl_solar/baselines/formal/checkpoints

[1mForecasting Task[0m
  Seq Len:            336                 Label Len:          48                  
  Pred Len:           192                 Seasonal Patterns:  Monthly             
  Inverse:            0                   

[1mModel Parameters[0m
  Top k:              5                   Num Kernels:        6                   
  Enc In:             321                 Dec In:             321                 
  C Out:              321                 d model:            512                 
  n heads:            8                   e layers:           3                   
  d layers:           1                   d FF:               512                 
  Moving Avg:         25                  Factor:             3                   
  Distil:             1                   Dropout:            0.1                 
  Embed:              timeF               Activation:         gelu                

[1mRun Parameters[0m
  Num Workers:        0                   Itr:                1                   
  Train Epochs:       10                  Batch Size:         16                  
  Patience:           3                   Learning Rate:      0.0005              
  Des:                p0_itransformer_electricity_l336_h192_s2022Loss:               MSE                 
  Lradj:              type1               Use Amp:            0                   

[1mGPU[0m
  Use GPU:            1                   GPU:                0                   
  Use Multi GPU:      0                   Devices:            0,1,2,3             

[1mDe-stationary Projector Params[0m
  P Hidden Dims:      128, 128            P Hidden Layers:    2                   

Use GPU: cuda:0
🚀 Lazy Loading: iTransformer ...
>>>>>>>start training : long_term_forecast_p0_itransformer_electricity_l336_h192_s2022_iTransformer_custom_ftM_sl336_ll48_pl192_dm512_nh8_el3_dl1_df512_expand2_dc4_fc3_ebtimeF_dtTrue_p0_itransformer_electricity_l336_h192_s2022_0>>>>>>>>>>>>>>>>>>>>>>>>>>
train 17885
val 2441
	iters: 100, epoch: 1 | loss: 0.1687175
	speed: 0.0167s/iter; left time: 184.7964s
	iters: 200, epoch: 1 | loss: 0.1644646
	speed: 0.0148s/iter; left time: 162.0234s
	iters: 300, epoch: 1 | loss: 0.1680675
	speed: 0.0147s/iter; left time: 159.7111s
	iters: 400, epoch: 1 | loss: 0.1643650
	speed: 0.0145s/iter; left time: 156.5552s
	iters: 500, epoch: 1 | loss: 0.1855091
	speed: 0.0144s/iter; left time: 154.3170s
	iters: 600, epoch: 1 | loss: 0.1954266
	speed: 0.0146s/iter; left time: 154.3170s
	iters: 700, epoch: 1 | loss: 0.1775188
	speed: 0.0146s/iter; left time: 152.5948s
	iters: 800, epoch: 1 | loss: 0.1690279
	speed: 0.0145s/iter; left time: 150.8801s
	iters: 900, epoch: 1 | loss: 0.1589500
	speed: 0.0147s/iter; left time: 150.8847s
	iters: 1000, epoch: 1 | loss: 0.1768339
	speed: 0.0145s/iter; left time: 147.3769s
	iters: 1100, epoch: 1 | loss: 0.1918295
	speed: 0.0148s/iter; left time: 149.3986s
Epoch: 1 cost time: 16.541717767715454
Epoch: 1, Steps: 1118 | Train Loss: 0.1762919 Vali Loss: 0.1346388
Validation loss decreased (inf --> 0.134639).  Saving model ...
Updating learning rate to 0.0005
	iters: 100, epoch: 2 | loss: 0.1374114
	speed: 0.0305s/iter; left time: 304.1796s
	iters: 200, epoch: 2 | loss: 0.1520680
	speed: 0.0149s/iter; left time: 146.8274s
	iters: 300, epoch: 2 | loss: 0.1513544
	speed: 0.0148s/iter; left time: 144.1957s
	iters: 400, epoch: 2 | loss: 0.1574410
	speed: 0.0146s/iter; left time: 141.1097s
	iters: 500, epoch: 2 | loss: 0.1483968
	speed: 0.0145s/iter; left time: 138.7682s
	iters: 600, epoch: 2 | loss: 0.1562288
	speed: 0.0147s/iter; left time: 139.5527s
	iters: 700, epoch: 2 | loss: 0.1469581
	speed: 0.0146s/iter; left time: 136.7737s
	iters: 800, epoch: 2 | loss: 0.1457408
	speed: 0.0146s/iter; left time: 135.2146s
	iters: 900, epoch: 2 | loss: 0.1466712
	speed: 0.0146s/iter; left time: 133.7656s
	iters: 1000, epoch: 2 | loss: 0.1673995
	speed: 0.0148s/iter; left time: 134.5289s
	iters: 1100, epoch: 2 | loss: 0.1966908
	speed: 0.0147s/iter; left time: 131.4650s
Epoch: 2 cost time: 16.450517654418945
Epoch: 2, Steps: 1118 | Train Loss: 0.1533749 Vali Loss: 0.1325792
Validation loss decreased (0.134639 --> 0.132579).  Saving model ...
Updating learning rate to 0.00025
	iters: 100, epoch: 3 | loss: 0.1607863
	speed: 0.0315s/iter; left time: 278.4181s
	iters: 200, epoch: 3 | loss: 0.1239398
	speed: 0.0148s/iter; left time: 129.1655s
	iters: 300, epoch: 3 | loss: 0.1263986
	speed: 0.0147s/iter; left time: 127.3939s
	iters: 400, epoch: 3 | loss: 0.1539810
	speed: 0.0148s/iter; left time: 126.6243s
	iters: 500, epoch: 3 | loss: 0.1274316
	speed: 0.0148s/iter; left time: 125.3576s
	iters: 600, epoch: 3 | loss: 0.1534263
	speed: 0.0148s/iter; left time: 123.8794s
	iters: 700, epoch: 3 | loss: 0.1256240
	speed: 0.0147s/iter; left time: 120.8511s
	iters: 800, epoch: 3 | loss: 0.1260343
	speed: 0.0150s/iter; left time: 122.4063s
	iters: 900, epoch: 3 | loss: 0.1477862
	speed: 0.0148s/iter; left time: 119.3576s
	iters: 1000, epoch: 3 | loss: 0.1401476
	speed: 0.0149s/iter; left time: 118.1598s
	iters: 1100, epoch: 3 | loss: 0.1469014
	speed: 0.0147s/iter; left time: 115.2311s
Epoch: 3 cost time: 16.552966356277466
Epoch: 3, Steps: 1118 | Train Loss: 0.1402551 Vali Loss: 0.1315553
Validation loss decreased (0.132579 --> 0.131555).  Saving model ...
Updating learning rate to 0.000125
	iters: 100, epoch: 4 | loss: 0.1249477
	speed: 0.0311s/iter; left time: 240.3776s
	iters: 200, epoch: 4 | loss: 0.1430921
	speed: 0.0150s/iter; left time: 114.3342s
	iters: 300, epoch: 4 | loss: 0.1241037
	speed: 0.0147s/iter; left time: 110.5178s
	iters: 400, epoch: 4 | loss: 0.1278537
	speed: 0.0145s/iter; left time: 108.0226s
	iters: 500, epoch: 4 | loss: 0.1287542
	speed: 0.0147s/iter; left time: 107.4357s
	iters: 600, epoch: 4 | loss: 0.1250290
	speed: 0.0147s/iter; left time: 105.9031s
	iters: 700, epoch: 4 | loss: 0.1297913
	speed: 0.0147s/iter; left time: 104.4857s
	iters: 800, epoch: 4 | loss: 0.1329140
	speed: 0.0147s/iter; left time: 103.1629s
	iters: 900, epoch: 4 | loss: 0.1461801
	speed: 0.0146s/iter; left time: 101.3206s
	iters: 1000, epoch: 4 | loss: 0.1281392
	speed: 0.0146s/iter; left time: 99.6602s
	iters: 1100, epoch: 4 | loss: 0.1431837
	speed: 0.0147s/iter; left time: 98.9564s
Epoch: 4 cost time: 16.44179344177246
Epoch: 4, Steps: 1118 | Train Loss: 0.1313704 Vali Loss: 0.1301853
Validation loss decreased (0.131555 --> 0.130185).  Saving model ...
Updating learning rate to 6.25e-05
	iters: 100, epoch: 5 | loss: 0.1375595
	speed: 0.0300s/iter; left time: 197.9940s
	iters: 200, epoch: 5 | loss: 0.1400201
	speed: 0.0144s/iter; left time: 93.9501s
	iters: 300, epoch: 5 | loss: 0.1291440
	speed: 0.0147s/iter; left time: 93.9327s
	iters: 400, epoch: 5 | loss: 0.1251012
	speed: 0.0149s/iter; left time: 93.9495s
	iters: 500, epoch: 5 | loss: 0.1394155
	speed: 0.0145s/iter; left time: 90.0359s
	iters: 600, epoch: 5 | loss: 0.1129185
	speed: 0.0147s/iter; left time: 89.8626s
	iters: 700, epoch: 5 | loss: 0.1339468
	speed: 0.0147s/iter; left time: 88.2065s
	iters: 800, epoch: 5 | loss: 0.1196004
	speed: 0.0146s/iter; left time: 86.3759s
	iters: 900, epoch: 5 | loss: 0.1259419
	speed: 0.0148s/iter; left time: 86.2186s
	iters: 1000, epoch: 5 | loss: 0.1041053
	speed: 0.0148s/iter; left time: 84.5738s
	iters: 1100, epoch: 5 | loss: 0.1340045
	speed: 0.0148s/iter; left time: 82.7551s
Epoch: 5 cost time: 16.410626888275146
Epoch: 5, Steps: 1118 | Train Loss: 0.1264096 Vali Loss: 0.1294768
Validation loss decreased (0.130185 --> 0.129477).  Saving model ...
Updating learning rate to 3.125e-05
	iters: 100, epoch: 6 | loss: 0.1415159
	speed: 0.0299s/iter; left time: 164.4381s
	iters: 200, epoch: 6 | loss: 0.1110600
	speed: 0.0145s/iter; left time: 78.3960s
	iters: 300, epoch: 6 | loss: 0.1220258
	speed: 0.0148s/iter; left time: 78.1148s
	iters: 400, epoch: 6 | loss: 0.1409152
	speed: 0.0148s/iter; left time: 77.0398s
	iters: 500, epoch: 6 | loss: 0.1259349
	speed: 0.0148s/iter; left time: 75.5374s
	iters: 600, epoch: 6 | loss: 0.1251804
	speed: 0.0146s/iter; left time: 72.9131s
	iters: 700, epoch: 6 | loss: 0.1196620
	speed: 0.0148s/iter; left time: 72.2661s
	iters: 800, epoch: 6 | loss: 0.1192555
	speed: 0.0147s/iter; left time: 70.4531s
	iters: 900, epoch: 6 | loss: 0.1278487
	speed: 0.0146s/iter; left time: 68.7059s
	iters: 1000, epoch: 6 | loss: 0.1124606
	speed: 0.0146s/iter; left time: 67.0863s
	iters: 1100, epoch: 6 | loss: 0.1261374
	speed: 0.0146s/iter; left time: 65.7661s
Epoch: 6 cost time: 16.41765594482422
Epoch: 6, Steps: 1118 | Train Loss: 0.1239600 Vali Loss: 0.1295462
EarlyStopping counter: 1 out of 3
Updating learning rate to 1.5625e-05
	iters: 100, epoch: 7 | loss: 0.1239145
	speed: 0.0305s/iter; left time: 133.5327s
	iters: 200, epoch: 7 | loss: 0.1163342
	speed: 0.0147s/iter; left time: 62.7710s
	iters: 300, epoch: 7 | loss: 0.1135712
	speed: 0.0146s/iter; left time: 61.1263s
	iters: 400, epoch: 7 | loss: 0.1192301
	speed: 0.0146s/iter; left time: 59.5871s
	iters: 500, epoch: 7 | loss: 0.1250660
	speed: 0.0146s/iter; left time: 57.8942s
	iters: 600, epoch: 7 | loss: 0.1118453
	speed: 0.0146s/iter; left time: 56.3967s
	iters: 700, epoch: 7 | loss: 0.1147242
	speed: 0.0147s/iter; left time: 55.3928s
	iters: 800, epoch: 7 | loss: 0.1348979
	speed: 0.0148s/iter; left time: 54.2737s
	iters: 900, epoch: 7 | loss: 0.1409934
	speed: 0.0147s/iter; left time: 52.6401s
	iters: 1000, epoch: 7 | loss: 0.1134593
	speed: 0.0146s/iter; left time: 50.8523s
	iters: 1100, epoch: 7 | loss: 0.1171095
	speed: 0.0146s/iter; left time: 49.2225s
Epoch: 7 cost time: 16.393152952194214
Epoch: 7, Steps: 1118 | Train Loss: 0.1226804 Vali Loss: 0.1294630
Validation loss decreased (0.129477 --> 0.129463).  Saving model ...
Updating learning rate to 7.8125e-06
	iters: 100, epoch: 8 | loss: 0.1183329
	speed: 0.0298s/iter; left time: 97.0068s
	iters: 200, epoch: 8 | loss: 0.1233711
	speed: 0.0148s/iter; left time: 46.6784s
	iters: 300, epoch: 8 | loss: 0.1210635
	speed: 0.0149s/iter; left time: 45.4126s
	iters: 400, epoch: 8 | loss: 0.1281684
	speed: 0.0150s/iter; left time: 44.3378s
	iters: 500, epoch: 8 | loss: 0.1267009
	speed: 0.0147s/iter; left time: 41.9975s
	iters: 600, epoch: 8 | loss: 0.1072070
	speed: 0.0148s/iter; left time: 40.6538s
	iters: 700, epoch: 8 | loss: 0.1160531
	speed: 0.0147s/iter; left time: 39.1569s
	iters: 800, epoch: 8 | loss: 0.1291864
	speed: 0.0148s/iter; left time: 37.7918s
	iters: 900, epoch: 8 | loss: 0.1237504
	speed: 0.0149s/iter; left time: 36.5280s
	iters: 1000, epoch: 8 | loss: 0.1163218
	speed: 0.0148s/iter; left time: 34.9625s
	iters: 1100, epoch: 8 | loss: 0.1199978
	speed: 0.0147s/iter; left time: 33.0590s
Epoch: 8 cost time: 16.532552242279053
Epoch: 8, Steps: 1118 | Train Loss: 0.1220638 Vali Loss: 0.1295903
EarlyStopping counter: 1 out of 3
Updating learning rate to 3.90625e-06
	iters: 100, epoch: 9 | loss: 0.1335867
	speed: 0.0313s/iter; left time: 66.9105s
	iters: 200, epoch: 9 | loss: 0.1212598
	speed: 0.0147s/iter; left time: 29.8497s
	iters: 300, epoch: 9 | loss: 0.1182091
	speed: 0.0147s/iter; left time: 28.4306s
	iters: 400, epoch: 9 | loss: 0.1164315
	speed: 0.0149s/iter; left time: 27.4120s
	iters: 500, epoch: 9 | loss: 0.1109251
	speed: 0.0148s/iter; left time: 25.7869s
	iters: 600, epoch: 9 | loss: 0.1256415
	speed: 0.0147s/iter; left time: 24.0588s
	iters: 700, epoch: 9 | loss: 0.1316863
	speed: 0.0147s/iter; left time: 22.6021s
	iters: 800, epoch: 9 | loss: 0.1374259
	speed: 0.0150s/iter; left time: 21.4944s
	iters: 900, epoch: 9 | loss: 0.1262433
	speed: 0.0145s/iter; left time: 19.4321s
	iters: 1000, epoch: 9 | loss: 0.1093474
	speed: 0.0149s/iter; left time: 18.3969s
	iters: 1100, epoch: 9 | loss: 0.1109606
	speed: 0.0146s/iter; left time: 16.6097s
Epoch: 9 cost time: 16.50499200820923
Epoch: 9, Steps: 1118 | Train Loss: 0.1217351 Vali Loss: 0.1295040
EarlyStopping counter: 2 out of 3
Updating learning rate to 1.953125e-06
	iters: 100, epoch: 10 | loss: 0.1182692
	speed: 0.0298s/iter; left time: 30.3993s
	iters: 200, epoch: 10 | loss: 0.1176462
	speed: 0.0145s/iter; left time: 13.3063s
	iters: 300, epoch: 10 | loss: 0.1166939
	speed: 0.0145s/iter; left time: 11.8964s
	iters: 400, epoch: 10 | loss: 0.1242253
	speed: 0.0145s/iter; left time: 10.4032s
	iters: 500, epoch: 10 | loss: 0.1235433
	speed: 0.0147s/iter; left time: 9.0926s
	iters: 600, epoch: 10 | loss: 0.1321111
	speed: 0.0145s/iter; left time: 7.5364s
	iters: 700, epoch: 10 | loss: 0.1329568
	speed: 0.0145s/iter; left time: 6.0869s
	iters: 800, epoch: 10 | loss: 0.1172507
	speed: 0.0145s/iter; left time: 4.6354s
	iters: 900, epoch: 10 | loss: 0.1275108
	speed: 0.0147s/iter; left time: 3.2143s
	iters: 1000, epoch: 10 | loss: 0.1193689
	speed: 0.0147s/iter; left time: 1.7506s
	iters: 1100, epoch: 10 | loss: 0.1214654
	speed: 0.0146s/iter; left time: 0.2768s
Epoch: 10 cost time: 16.308288097381592
Epoch: 10, Steps: 1118 | Train Loss: 0.1215549 Vali Loss: 0.1295937
EarlyStopping counter: 3 out of 3
Early stopping
VALIDATION_RESULT {"best_epoch": 7, "best_mae": 0.2221317795505471, "best_mse": 0.12946302779839677, "epochs_ran": 10, "metric_version": "element_weighted_v1", "train_duration_seconds": 180.07064658682793, "train_peak_cuda_memory_bytes": 873357824}
>>>>>>>testing : long_term_forecast_p0_itransformer_electricity_l336_h192_s2022_iTransformer_custom_ftM_sl336_ll48_pl192_dm512_nh8_el3_dl1_df512_expand2_dc4_fc3_ebtimeF_dtTrue_p0_itransformer_electricity_l336_h192_s2022_0<<<<<<<<<<<<<<<<<<<<<<<<<<<<<<<<<
test 5069
EVALUATION_RESULT {"batches": 317, "elapsed_seconds": 2.371357287745923, "elements": 312412608, "mae": 0.2501010757162688, "metric_version": "element_weighted_v1", "milliseconds_per_batch": 7.480622358819946, "mse": 0.15574650884648356, "origin_count": 5069, "origin_metric_version": "per_forecast_origin_mean_v1", "origin_metrics_path": "/home/cwh/Time-Series-Library/logs/timerole_table3_ecl_solar/baselines/formal/checkpoints/long_term_forecast_p0_itransformer_electricity_l336_h192_s2022_iTransformer_custom_ftM_sl336_ll48_pl192_dm512_nh8_el3_dl1_df512_expand2_dc4_fc3_ebtimeF_dtTrue_p0_itransformer_electricity_l336_h192_s2022_0/test_origin_metrics.npz", "parameter_count": 5006016, "peak_cuda_memory_bytes": 313824256, "split": "test", "test_accessed": true, "timerole_intervention": "intact"}
mse:0.15574650884648356, mae:0.2501010757162688, dtw:Not calculated
