Using GPU
Args in experiment:
[1mBasic Config[0m
  Task Name:          long_term_forecast  Is Training:        1                   
  Model ID:           p0_smamba_electricity_l336_h96_s2022Model:              SMamba              

[1mData Loader[0m
  Data:               custom              Root Path:          /home/cwh/Time-Series-Library/dataset/electricity
  Data Path:          electricity.csv     Features:           M                   
  Target:             0                   Freq:               h                   
  Checkpoints:        /home/cwh/Time-Series-Library/logs/timerole_table3_ecl_solar/baselines/formal/checkpoints

[1mForecasting Task[0m
  Seq Len:            336                 Label Len:          48                  
  Pred Len:           96                  Seasonal Patterns:  Monthly             
  Inverse:            0                   

[1mModel Parameters[0m
  Top k:              5                   Num Kernels:        6                   
  Enc In:             321                 Dec In:             321                 
  C Out:              321                 d model:            512                 
  n heads:            4                   e layers:           3                   
  d layers:           1                   d FF:               512                 
  Moving Avg:         25                  Factor:             3                   
  Distil:             1                   Dropout:            0.1                 
  Embed:              timeF               Activation:         gelu                

[1mRun Parameters[0m
  Num Workers:        0                   Itr:                1                   
  Train Epochs:       5                   Batch Size:         16                  
  Patience:           3                   Learning Rate:      0.001               
  Des:                p0_smamba_electricity_l336_h96_s2022Loss:               MSE                 
  Lradj:              type1               Use Amp:            0                   

[1mGPU[0m
  Use GPU:            1                   GPU:                0                   
  Use Multi GPU:      0                   Devices:            0,1,2,3             

[1mDe-stationary Projector Params[0m
  P Hidden Dims:      128, 128            P Hidden Layers:    2                   

Use GPU: cuda:0
🚀 Lazy Loading: SMamba ...
>>>>>>>start training : long_term_forecast_p0_smamba_electricity_l336_h96_s2022_SMamba_custom_ftM_sl336_ll48_pl96_dm512_nh4_el3_dl1_df512_expand2_dc4_fc3_ebtimeF_dtTrue_p0_smamba_electricity_l336_h96_s2022_0>>>>>>>>>>>>>>>>>>>>>>>>>>
train 17981
val 2537
	iters: 100, epoch: 1 | loss: 0.1567340
	speed: 0.0205s/iter; left time: 113.2468s
	iters: 200, epoch: 1 | loss: 0.1317143
	speed: 0.0179s/iter; left time: 96.8212s
	iters: 300, epoch: 1 | loss: 0.1523446
	speed: 0.0178s/iter; left time: 94.8432s
	iters: 400, epoch: 1 | loss: 0.1362687
	speed: 0.0179s/iter; left time: 93.5103s
	iters: 500, epoch: 1 | loss: 0.1366320
	speed: 0.0178s/iter; left time: 90.9984s
	iters: 600, epoch: 1 | loss: 0.1404091
	speed: 0.0178s/iter; left time: 89.4080s
	iters: 700, epoch: 1 | loss: 0.1667323
	speed: 0.0180s/iter; left time: 88.5839s
	iters: 800, epoch: 1 | loss: 0.1210167
	speed: 0.0180s/iter; left time: 86.7970s
	iters: 900, epoch: 1 | loss: 0.1118589
	speed: 0.0177s/iter; left time: 83.5759s
	iters: 1000, epoch: 1 | loss: 0.1696939
	speed: 0.0181s/iter; left time: 83.6628s
	iters: 1100, epoch: 1 | loss: 0.1299252
	speed: 0.0181s/iter; left time: 81.8925s
Epoch: 1 cost time: 20.39401149749756
Epoch: 1, Steps: 1124 | Train Loss: 0.1498987 Vali Loss: 0.1188379
Validation loss decreased (inf --> 0.118838).  Saving model ...
Updating learning rate to 0.001
	iters: 100, epoch: 2 | loss: 0.1332913
	speed: 0.0359s/iter; left time: 157.8330s
	iters: 200, epoch: 2 | loss: 0.1236046
	speed: 0.0172s/iter; left time: 73.9563s
	iters: 300, epoch: 2 | loss: 0.1202229
	speed: 0.0169s/iter; left time: 70.8688s
	iters: 400, epoch: 2 | loss: 0.1290200
	speed: 0.0167s/iter; left time: 68.2996s
	iters: 500, epoch: 2 | loss: 0.1136306
	speed: 0.0167s/iter; left time: 66.6895s
	iters: 600, epoch: 2 | loss: 0.1261011
	speed: 0.0167s/iter; left time: 65.2174s
	iters: 700, epoch: 2 | loss: 0.1302424
	speed: 0.0168s/iter; left time: 63.9523s
	iters: 800, epoch: 2 | loss: 0.1110083
	speed: 0.0168s/iter; left time: 62.2774s
	iters: 900, epoch: 2 | loss: 0.1239479
	speed: 0.0172s/iter; left time: 61.9885s
	iters: 1000, epoch: 2 | loss: 0.1203655
	speed: 0.0170s/iter; left time: 59.3619s
	iters: 1100, epoch: 2 | loss: 0.1497534
	speed: 0.0169s/iter; left time: 57.3994s
Epoch: 2 cost time: 19.044865369796753
Epoch: 2, Steps: 1124 | Train Loss: 0.1275946 Vali Loss: 0.1182583
Validation loss decreased (0.118838 --> 0.118258).  Saving model ...
Updating learning rate to 0.0005
	iters: 100, epoch: 3 | loss: 0.1122859
	speed: 0.0361s/iter; left time: 118.3135s
	iters: 200, epoch: 3 | loss: 0.1061815
	speed: 0.0170s/iter; left time: 54.0277s
	iters: 300, epoch: 3 | loss: 0.0974010
	speed: 0.0172s/iter; left time: 52.8389s
	iters: 400, epoch: 3 | loss: 0.1050946
	speed: 0.0169s/iter; left time: 50.1775s
	iters: 500, epoch: 3 | loss: 0.1049962
	speed: 0.0169s/iter; left time: 48.6702s
	iters: 600, epoch: 3 | loss: 0.1130166
	speed: 0.0168s/iter; left time: 46.6837s
	iters: 700, epoch: 3 | loss: 0.1026535
	speed: 0.0167s/iter; left time: 44.7456s
	iters: 800, epoch: 3 | loss: 0.1138522
	speed: 0.0168s/iter; left time: 43.3107s
	iters: 900, epoch: 3 | loss: 0.0998750
	speed: 0.0167s/iter; left time: 41.1926s
	iters: 1000, epoch: 3 | loss: 0.1099206
	speed: 0.0167s/iter; left time: 39.5328s
	iters: 1100, epoch: 3 | loss: 0.1031995
	speed: 0.0171s/iter; left time: 38.7687s
Epoch: 3 cost time: 19.000242948532104
Epoch: 3, Steps: 1124 | Train Loss: 0.1098539 Vali Loss: 0.1153379
Validation loss decreased (0.118258 --> 0.115338).  Saving model ...
Updating learning rate to 0.00025
	iters: 100, epoch: 4 | loss: 0.1186430
	speed: 0.0346s/iter; left time: 74.3493s
	iters: 200, epoch: 4 | loss: 0.0971534
	speed: 0.0167s/iter; left time: 34.2014s
	iters: 300, epoch: 4 | loss: 0.1012861
	speed: 0.0168s/iter; left time: 32.7585s
	iters: 400, epoch: 4 | loss: 0.0854351
	speed: 0.0166s/iter; left time: 30.7137s
	iters: 500, epoch: 4 | loss: 0.0893437
	speed: 0.0166s/iter; left time: 29.1126s
	iters: 600, epoch: 4 | loss: 0.0881034
	speed: 0.0171s/iter; left time: 28.2284s
	iters: 700, epoch: 4 | loss: 0.0883297
	speed: 0.0167s/iter; left time: 25.8197s
	iters: 800, epoch: 4 | loss: 0.0973412
	speed: 0.0167s/iter; left time: 24.1792s
	iters: 900, epoch: 4 | loss: 0.0885807
	speed: 0.0167s/iter; left time: 22.5683s
	iters: 1000, epoch: 4 | loss: 0.0836379
	speed: 0.0168s/iter; left time: 20.9270s
	iters: 1100, epoch: 4 | loss: 0.0966174
	speed: 0.0168s/iter; left time: 19.3558s
Epoch: 4 cost time: 18.85443639755249
Epoch: 4, Steps: 1124 | Train Loss: 0.0973431 Vali Loss: 0.1134970
Validation loss decreased (0.115338 --> 0.113497).  Saving model ...
Updating learning rate to 0.000125
	iters: 100, epoch: 5 | loss: 0.0876967
	speed: 0.0359s/iter; left time: 36.7684s
	iters: 200, epoch: 5 | loss: 0.0862361
	speed: 0.0167s/iter; left time: 15.4875s
	iters: 300, epoch: 5 | loss: 0.0908081
	speed: 0.0170s/iter; left time: 14.0232s
	iters: 400, epoch: 5 | loss: 0.0947587
	speed: 0.0170s/iter; left time: 12.3111s
	iters: 500, epoch: 5 | loss: 0.0927855
	speed: 0.0168s/iter; left time: 10.5274s
	iters: 600, epoch: 5 | loss: 0.0965855
	speed: 0.0168s/iter; left time: 8.8002s
	iters: 700, epoch: 5 | loss: 0.0920240
	speed: 0.0170s/iter; left time: 7.2119s
	iters: 800, epoch: 5 | loss: 0.0899492
	speed: 0.0167s/iter; left time: 5.4257s
	iters: 900, epoch: 5 | loss: 0.0870874
	speed: 0.0168s/iter; left time: 3.7806s
	iters: 1000, epoch: 5 | loss: 0.0904159
	speed: 0.0167s/iter; left time: 2.0919s
	iters: 1100, epoch: 5 | loss: 0.0981986
	speed: 0.0168s/iter; left time: 0.4193s
Epoch: 5 cost time: 18.919009923934937
Epoch: 5, Steps: 1124 | Train Loss: 0.0909538 Vali Loss: 0.1136993
EarlyStopping counter: 1 out of 3
Updating learning rate to 6.25e-05
VALIDATION_RESULT {"best_epoch": 4, "best_mae": 0.20615643082265647, "best_mse": 0.1134969825191223, "epochs_ran": 5, "metric_version": "element_weighted_v1", "train_duration_seconds": 105.94079656898975, "train_peak_cuda_memory_bytes": 958266880}
>>>>>>>testing : long_term_forecast_p0_smamba_electricity_l336_h96_s2022_SMamba_custom_ftM_sl336_ll48_pl96_dm512_nh4_el3_dl1_df512_expand2_dc4_fc3_ebtimeF_dtTrue_p0_smamba_electricity_l336_h96_s2022_0<<<<<<<<<<<<<<<<<<<<<<<<<<<<<<<<<
test 5165
EVALUATION_RESULT {"batches": 323, "elapsed_seconds": 2.863373000174761, "elements": 159164640, "mae": 0.22913883763103726, "metric_version": "element_weighted_v1", "milliseconds_per_batch": 8.864931889085947, "mse": 0.13270004171270391, "origin_count": 5165, "origin_metric_version": "per_forecast_origin_mean_v1", "origin_metrics_path": "/home/cwh/Time-Series-Library/logs/timerole_table3_ecl_solar/baselines/formal/checkpoints/long_term_forecast_p0_smamba_electricity_l336_h96_s2022_SMamba_custom_ftM_sl336_ll48_pl96_dm512_nh4_el3_dl1_df512_expand2_dc4_fc3_ebtimeF_dtTrue_p0_smamba_electricity_l336_h96_s2022_0/test_origin_metrics.npz", "parameter_count": 6882912, "peak_cuda_memory_bytes": 206529024, "split": "test", "test_accessed": true, "timerole_intervention": "intact"}
mse:0.13270004171270391, mae:0.22913883763103726, dtw:Not calculated
