Using GPU
Args in experiment:
[1mBasic Config[0m
  Task Name:          long_term_forecast  Is Training:        1                   
  Model ID:           p0_smamba_electricity_l336_h720_s2022Model:              SMamba              

[1mData Loader[0m
  Data:               custom              Root Path:          /home/cwh/Time-Series-Library/dataset/electricity
  Data Path:          electricity.csv     Features:           M                   
  Target:             0                   Freq:               h                   
  Checkpoints:        /home/cwh/Time-Series-Library/logs/timerole_table3_ecl_solar/baselines/formal/checkpoints

[1mForecasting Task[0m
  Seq Len:            336                 Label Len:          48                  
  Pred Len:           720                 Seasonal Patterns:  Monthly             
  Inverse:            0                   

[1mModel Parameters[0m
  Top k:              5                   Num Kernels:        6                   
  Enc In:             321                 Dec In:             321                 
  C Out:              321                 d model:            512                 
  n heads:            4                   e layers:           3                   
  d layers:           1                   d FF:               512                 
  Moving Avg:         25                  Factor:             3                   
  Distil:             1                   Dropout:            0.1                 
  Embed:              timeF               Activation:         gelu                

[1mRun Parameters[0m
  Num Workers:        0                   Itr:                1                   
  Train Epochs:       5                   Batch Size:         16                  
  Patience:           3                   Learning Rate:      0.0005              
  Des:                p0_smamba_electricity_l336_h720_s2022Loss:               MSE                 
  Lradj:              type1               Use Amp:            0                   

[1mGPU[0m
  Use GPU:            1                   GPU:                0                   
  Use Multi GPU:      0                   Devices:            0,1,2,3             

[1mDe-stationary Projector Params[0m
  P Hidden Dims:      128, 128            P Hidden Layers:    2                   

Use GPU: cuda:0
🚀 Lazy Loading: SMamba ...
>>>>>>>start training : long_term_forecast_p0_smamba_electricity_l336_h720_s2022_SMamba_custom_ftM_sl336_ll48_pl720_dm512_nh4_el3_dl1_df512_expand2_dc4_fc3_ebtimeF_dtTrue_p0_smamba_electricity_l336_h720_s2022_0>>>>>>>>>>>>>>>>>>>>>>>>>>
train 17357
val 1913
	iters: 100, epoch: 1 | loss: 0.2618819
	speed: 0.0246s/iter; left time: 131.1389s
	iters: 200, epoch: 1 | loss: 0.2537255
	speed: 0.0219s/iter; left time: 114.2203s
	iters: 300, epoch: 1 | loss: 0.2483802
	speed: 0.0218s/iter; left time: 111.8399s
	iters: 400, epoch: 1 | loss: 0.2388781
	speed: 0.0217s/iter; left time: 109.2825s
	iters: 500, epoch: 1 | loss: 0.2661175
	speed: 0.0216s/iter; left time: 106.2327s
	iters: 600, epoch: 1 | loss: 0.2201834
	speed: 0.0219s/iter; left time: 105.4701s
	iters: 700, epoch: 1 | loss: 0.2560143
	speed: 0.0218s/iter; left time: 103.1825s
	iters: 800, epoch: 1 | loss: 0.2512763
	speed: 0.0216s/iter; left time: 99.9891s
	iters: 900, epoch: 1 | loss: 0.2420524
	speed: 0.0219s/iter; left time: 99.2008s
	iters: 1000, epoch: 1 | loss: 0.2317802
	speed: 0.0220s/iter; left time: 97.1624s
Epoch: 1 cost time: 23.94818377494812
Epoch: 1, Steps: 1085 | Train Loss: 0.2422337 Vali Loss: 0.1844966
Validation loss decreased (inf --> 0.184497).  Saving model ...
Updating learning rate to 0.0005
	iters: 100, epoch: 2 | loss: 0.2059194
	speed: 0.0580s/iter; left time: 245.8150s
	iters: 200, epoch: 2 | loss: 0.2092204
	speed: 0.0216s/iter; left time: 89.5427s
	iters: 300, epoch: 2 | loss: 0.2050700
	speed: 0.0218s/iter; left time: 88.1718s
	iters: 400, epoch: 2 | loss: 0.2371183
	speed: 0.0219s/iter; left time: 86.1387s
	iters: 500, epoch: 2 | loss: 0.1896425
	speed: 0.0218s/iter; left time: 83.9141s
	iters: 600, epoch: 2 | loss: 0.1907601
	speed: 0.0219s/iter; left time: 81.7728s
	iters: 700, epoch: 2 | loss: 0.1935327
	speed: 0.0218s/iter; left time: 79.2058s
	iters: 800, epoch: 2 | loss: 0.2103691
	speed: 0.0217s/iter; left time: 76.8704s
	iters: 900, epoch: 2 | loss: 0.1881998
	speed: 0.0216s/iter; left time: 74.1768s
	iters: 1000, epoch: 2 | loss: 0.1628002
	speed: 0.0215s/iter; left time: 71.8984s
Epoch: 2 cost time: 23.559853315353394
Epoch: 2, Steps: 1085 | Train Loss: 0.2015253 Vali Loss: 0.1854800
EarlyStopping counter: 1 out of 3
Updating learning rate to 0.00025
	iters: 100, epoch: 3 | loss: 0.1762049
	speed: 0.0573s/iter; left time: 180.7281s
	iters: 200, epoch: 3 | loss: 0.1631290
	speed: 0.0221s/iter; left time: 67.4790s
	iters: 300, epoch: 3 | loss: 0.1648965
	speed: 0.0218s/iter; left time: 64.4004s
	iters: 400, epoch: 3 | loss: 0.1750248
	speed: 0.0219s/iter; left time: 62.6454s
	iters: 500, epoch: 3 | loss: 0.1703079
	speed: 0.0217s/iter; left time: 59.8304s
	iters: 600, epoch: 3 | loss: 0.1852078
	speed: 0.0218s/iter; left time: 57.9906s
	iters: 700, epoch: 3 | loss: 0.1531007
	speed: 0.0220s/iter; left time: 56.1077s
	iters: 800, epoch: 3 | loss: 0.1646138
	speed: 0.0218s/iter; left time: 53.5328s
	iters: 900, epoch: 3 | loss: 0.1723587
	speed: 0.0219s/iter; left time: 51.6980s
	iters: 1000, epoch: 3 | loss: 0.1650528
	speed: 0.0216s/iter; left time: 48.7321s
Epoch: 3 cost time: 23.731244325637817
Epoch: 3, Steps: 1085 | Train Loss: 0.1684619 Vali Loss: 0.1847376
EarlyStopping counter: 2 out of 3
Updating learning rate to 0.000125
	iters: 100, epoch: 4 | loss: 0.1508106
	speed: 0.0578s/iter; left time: 119.7332s
	iters: 200, epoch: 4 | loss: 0.1510001
	speed: 0.0220s/iter; left time: 43.3315s
	iters: 300, epoch: 4 | loss: 0.1575896
	speed: 0.0219s/iter; left time: 40.9071s
	iters: 400, epoch: 4 | loss: 0.1607166
	speed: 0.0222s/iter; left time: 39.3294s
	iters: 500, epoch: 4 | loss: 0.1624964
	speed: 0.0226s/iter; left time: 37.7392s
	iters: 600, epoch: 4 | loss: 0.1551273
	speed: 0.0226s/iter; left time: 35.5169s
	iters: 700, epoch: 4 | loss: 0.1476588
	speed: 0.0222s/iter; left time: 32.6118s
	iters: 800, epoch: 4 | loss: 0.1449691
	speed: 0.0222s/iter; left time: 30.4093s
	iters: 900, epoch: 4 | loss: 0.1516279
	speed: 0.0222s/iter; left time: 28.2181s
	iters: 1000, epoch: 4 | loss: 0.1474101
	speed: 0.0224s/iter; left time: 26.2115s
Epoch: 4 cost time: 24.113719701766968
Epoch: 4, Steps: 1085 | Train Loss: 0.1540794 Vali Loss: 0.1778932
Validation loss decreased (0.184497 --> 0.177893).  Saving model ...
Updating learning rate to 6.25e-05
	iters: 100, epoch: 5 | loss: 0.1464897
	speed: 0.0579s/iter; left time: 57.0540s
	iters: 200, epoch: 5 | loss: 0.1496642
	speed: 0.0219s/iter; left time: 19.4209s
	iters: 300, epoch: 5 | loss: 0.1375474
	speed: 0.0218s/iter; left time: 17.1438s
	iters: 400, epoch: 5 | loss: 0.1443034
	speed: 0.0220s/iter; left time: 15.1023s
	iters: 500, epoch: 5 | loss: 0.1393718
	speed: 0.0221s/iter; left time: 12.9546s
	iters: 600, epoch: 5 | loss: 0.1334567
	speed: 0.0220s/iter; left time: 10.7077s
	iters: 700, epoch: 5 | loss: 0.1523887
	speed: 0.0220s/iter; left time: 8.4836s
	iters: 800, epoch: 5 | loss: 0.1383279
	speed: 0.0217s/iter; left time: 6.2122s
	iters: 900, epoch: 5 | loss: 0.1408585
	speed: 0.0220s/iter; left time: 4.1002s
	iters: 1000, epoch: 5 | loss: 0.1509275
	speed: 0.0219s/iter; left time: 1.8828s
Epoch: 5 cost time: 23.80377221107483
Epoch: 5, Steps: 1085 | Train Loss: 0.1465653 Vali Loss: 0.1780594
EarlyStopping counter: 1 out of 3
Updating learning rate to 3.125e-05
VALIDATION_RESULT {"best_epoch": 4, "best_mae": 0.26596485325012026, "best_mse": 0.1778931646936385, "epochs_ran": 5, "metric_version": "element_weighted_v1", "train_duration_seconds": 130.7127623721026, "train_peak_cuda_memory_bytes": 1053545472}
>>>>>>>testing : long_term_forecast_p0_smamba_electricity_l336_h720_s2022_SMamba_custom_ftM_sl336_ll48_pl720_dm512_nh4_el3_dl1_df512_expand2_dc4_fc3_ebtimeF_dtTrue_p0_smamba_electricity_l336_h720_s2022_0<<<<<<<<<<<<<<<<<<<<<<<<<<<<<<<<<
test 4541
EVALUATION_RESULT {"batches": 284, "elapsed_seconds": 3.209953629411757, "elements": 1049515920, "mae": 0.2908380909195737, "metric_version": "element_weighted_v1", "milliseconds_per_batch": 11.302653624689285, "mse": 0.19603248303394005, "origin_count": 4541, "origin_metric_version": "per_forecast_origin_mean_v1", "origin_metrics_path": "/home/cwh/Time-Series-Library/logs/timerole_table3_ecl_solar/baselines/formal/checkpoints/long_term_forecast_p0_smamba_electricity_l336_h720_s2022_SMamba_custom_ftM_sl336_ll48_pl720_dm512_nh4_el3_dl1_df512_expand2_dc4_fc3_ebtimeF_dtTrue_p0_smamba_electricity_l336_h720_s2022_0/test_origin_metrics.npz", "parameter_count": 7350480, "peak_cuda_memory_bytes": 279727104, "split": "test", "test_accessed": true, "timerole_intervention": "intact"}
mse:0.19603248303394005, mae:0.2908380909195737, dtw:Not calculated
