Using GPU
Args in experiment:
[1mBasic Config[0m
  Task Name:          long_term_forecast  Is Training:        1                   
  Model ID:           p0_smamba_electricity_l336_h336_s2022Model:              SMamba              

[1mData Loader[0m
  Data:               custom              Root Path:          /home/cwh/Time-Series-Library/dataset/electricity
  Data Path:          electricity.csv     Features:           M                   
  Target:             0                   Freq:               h                   
  Checkpoints:        /home/cwh/Time-Series-Library/logs/timerole_table3_ecl_solar/baselines/formal/checkpoints

[1mForecasting Task[0m
  Seq Len:            336                 Label Len:          48                  
  Pred Len:           336                 Seasonal Patterns:  Monthly             
  Inverse:            0                   

[1mModel Parameters[0m
  Top k:              5                   Num Kernels:        6                   
  Enc In:             321                 Dec In:             321                 
  C Out:              321                 d model:            512                 
  n heads:            4                   e layers:           3                   
  d layers:           1                   d FF:               512                 
  Moving Avg:         25                  Factor:             3                   
  Distil:             1                   Dropout:            0.1                 
  Embed:              timeF               Activation:         gelu                

[1mRun Parameters[0m
  Num Workers:        0                   Itr:                1                   
  Train Epochs:       5                   Batch Size:         16                  
  Patience:           3                   Learning Rate:      0.0005              
  Des:                p0_smamba_electricity_l336_h336_s2022Loss:               MSE                 
  Lradj:              type1               Use Amp:            0                   

[1mGPU[0m
  Use GPU:            1                   GPU:                0                   
  Use Multi GPU:      0                   Devices:            0,1,2,3             

[1mDe-stationary Projector Params[0m
  P Hidden Dims:      128, 128            P Hidden Layers:    2                   

Use GPU: cuda:0
🚀 Lazy Loading: SMamba ...
>>>>>>>start training : long_term_forecast_p0_smamba_electricity_l336_h336_s2022_SMamba_custom_ftM_sl336_ll48_pl336_dm512_nh4_el3_dl1_df512_expand2_dc4_fc3_ebtimeF_dtTrue_p0_smamba_electricity_l336_h336_s2022_0>>>>>>>>>>>>>>>>>>>>>>>>>>
train 17741
val 2297
	iters: 100, epoch: 1 | loss: 0.2155022
	speed: 0.0231s/iter; left time: 125.9549s
	iters: 200, epoch: 1 | loss: 0.2527275
	speed: 0.0206s/iter; left time: 110.3938s
	iters: 300, epoch: 1 | loss: 0.1996850
	speed: 0.0210s/iter; left time: 110.0609s
	iters: 400, epoch: 1 | loss: 0.2171467
	speed: 0.0204s/iter; left time: 104.9851s
	iters: 500, epoch: 1 | loss: 0.2192446
	speed: 0.0206s/iter; left time: 103.8139s
	iters: 600, epoch: 1 | loss: 0.2050609
	speed: 0.0203s/iter; left time: 100.6144s
	iters: 700, epoch: 1 | loss: 0.1576028
	speed: 0.0208s/iter; left time: 100.5589s
	iters: 800, epoch: 1 | loss: 0.1808531
	speed: 0.0206s/iter; left time: 97.5585s
	iters: 900, epoch: 1 | loss: 0.1819052
	speed: 0.0202s/iter; left time: 93.7673s
	iters: 1000, epoch: 1 | loss: 0.1652737
	speed: 0.0202s/iter; left time: 92.0172s
	iters: 1100, epoch: 1 | loss: 0.1803132
	speed: 0.0205s/iter; left time: 90.9538s
Epoch: 1 cost time: 23.021403789520264
Epoch: 1, Steps: 1109 | Train Loss: 0.1946051 Vali Loss: 0.1495858
Validation loss decreased (inf --> 0.149586).  Saving model ...
Updating learning rate to 0.0005
	iters: 100, epoch: 2 | loss: 0.2035322
	speed: 0.0377s/iter; left time: 163.3998s
	iters: 200, epoch: 2 | loss: 0.1470729
	speed: 0.0198s/iter; left time: 83.8146s
	iters: 300, epoch: 2 | loss: 0.1648797
	speed: 0.0201s/iter; left time: 83.2910s
	iters: 400, epoch: 2 | loss: 0.1682671
	speed: 0.0200s/iter; left time: 80.7374s
	iters: 500, epoch: 2 | loss: 0.1438275
	speed: 0.0199s/iter; left time: 78.4254s
	iters: 600, epoch: 2 | loss: 0.1736674
	speed: 0.0201s/iter; left time: 77.1065s
	iters: 700, epoch: 2 | loss: 0.1622509
	speed: 0.0202s/iter; left time: 75.5078s
	iters: 800, epoch: 2 | loss: 0.1558218
	speed: 0.0200s/iter; left time: 72.7239s
	iters: 900, epoch: 2 | loss: 0.1475963
	speed: 0.0202s/iter; left time: 71.4154s
	iters: 1000, epoch: 2 | loss: 0.1571913
	speed: 0.0205s/iter; left time: 70.5581s
	iters: 1100, epoch: 2 | loss: 0.1741447
	speed: 0.0204s/iter; left time: 68.0021s
Epoch: 2 cost time: 22.326088905334473
Epoch: 2, Steps: 1109 | Train Loss: 0.1679698 Vali Loss: 0.1505992
EarlyStopping counter: 1 out of 3
Updating learning rate to 0.00025
	iters: 100, epoch: 3 | loss: 0.1504415
	speed: 0.0383s/iter; left time: 123.5917s
	iters: 200, epoch: 3 | loss: 0.1470553
	speed: 0.0200s/iter; left time: 62.7019s
	iters: 300, epoch: 3 | loss: 0.1471576
	speed: 0.0202s/iter; left time: 61.1159s
	iters: 400, epoch: 3 | loss: 0.1425723
	speed: 0.0203s/iter; left time: 59.5033s
	iters: 500, epoch: 3 | loss: 0.1759475
	speed: 0.0203s/iter; left time: 57.4923s
	iters: 600, epoch: 3 | loss: 0.1623590
	speed: 0.0202s/iter; left time: 55.1022s
	iters: 700, epoch: 3 | loss: 0.1321014
	speed: 0.0201s/iter; left time: 52.7066s
	iters: 800, epoch: 3 | loss: 0.1532218
	speed: 0.0203s/iter; left time: 51.1974s
	iters: 900, epoch: 3 | loss: 0.1235745
	speed: 0.0202s/iter; left time: 49.1421s
	iters: 1000, epoch: 3 | loss: 0.1554740
	speed: 0.0198s/iter; left time: 46.0514s
	iters: 1100, epoch: 3 | loss: 0.1282838
	speed: 0.0200s/iter; left time: 44.5098s
Epoch: 3 cost time: 22.35023283958435
Epoch: 3, Steps: 1109 | Train Loss: 0.1437410 Vali Loss: 0.1469705
Validation loss decreased (0.149586 --> 0.146971).  Saving model ...
Updating learning rate to 0.000125
	iters: 100, epoch: 4 | loss: 0.1378105
	speed: 0.0386s/iter; left time: 81.7894s
	iters: 200, epoch: 4 | loss: 0.1519504
	speed: 0.0202s/iter; left time: 40.7522s
	iters: 300, epoch: 4 | loss: 0.1440350
	speed: 0.0198s/iter; left time: 38.0847s
	iters: 400, epoch: 4 | loss: 0.1400900
	speed: 0.0198s/iter; left time: 36.0757s
	iters: 500, epoch: 4 | loss: 0.1204406
	speed: 0.0200s/iter; left time: 34.3567s
	iters: 600, epoch: 4 | loss: 0.1236319
	speed: 0.0198s/iter; left time: 32.1267s
	iters: 700, epoch: 4 | loss: 0.1181603
	speed: 0.0200s/iter; left time: 30.4100s
	iters: 800, epoch: 4 | loss: 0.1325681
	speed: 0.0200s/iter; left time: 28.4198s
	iters: 900, epoch: 4 | loss: 0.1178838
	speed: 0.0204s/iter; left time: 26.8842s
	iters: 1000, epoch: 4 | loss: 0.1445340
	speed: 0.0199s/iter; left time: 24.2972s
	iters: 1100, epoch: 4 | loss: 0.1308653
	speed: 0.0201s/iter; left time: 22.5438s
Epoch: 4 cost time: 22.2088406085968
Epoch: 4, Steps: 1109 | Train Loss: 0.1311821 Vali Loss: 0.1465016
Validation loss decreased (0.146971 --> 0.146502).  Saving model ...
Updating learning rate to 6.25e-05
	iters: 100, epoch: 5 | loss: 0.1197866
	speed: 0.0384s/iter; left time: 38.7769s
	iters: 200, epoch: 5 | loss: 0.1293365
	speed: 0.0201s/iter; left time: 18.2692s
	iters: 300, epoch: 5 | loss: 0.1300402
	speed: 0.0201s/iter; left time: 16.2914s
	iters: 400, epoch: 5 | loss: 0.1286065
	speed: 0.0201s/iter; left time: 14.2622s
	iters: 500, epoch: 5 | loss: 0.1198962
	speed: 0.0199s/iter; left time: 12.1175s
	iters: 600, epoch: 5 | loss: 0.1233575
	speed: 0.0202s/iter; left time: 10.2967s
	iters: 700, epoch: 5 | loss: 0.1262022
	speed: 0.0201s/iter; left time: 8.2209s
	iters: 800, epoch: 5 | loss: 0.1276742
	speed: 0.0200s/iter; left time: 6.2117s
	iters: 900, epoch: 5 | loss: 0.1220681
	speed: 0.0200s/iter; left time: 4.2100s
	iters: 1000, epoch: 5 | loss: 0.1323458
	speed: 0.0200s/iter; left time: 2.1995s
	iters: 1100, epoch: 5 | loss: 0.1243220
	speed: 0.0201s/iter; left time: 0.2015s
Epoch: 5 cost time: 22.228017807006836
Epoch: 5, Steps: 1109 | Train Loss: 0.1251657 Vali Loss: 0.1465936
EarlyStopping counter: 1 out of 3
Updating learning rate to 3.125e-05
VALIDATION_RESULT {"best_epoch": 4, "best_mae": 0.2398198093778047, "best_mse": 0.14650156081258103, "epochs_ran": 5, "metric_version": "element_weighted_v1", "train_duration_seconds": 123.10673039918765, "train_peak_cuda_memory_bytes": 994921984}
>>>>>>>testing : long_term_forecast_p0_smamba_electricity_l336_h336_s2022_SMamba_custom_ftM_sl336_ll48_pl336_dm512_nh4_el3_dl1_df512_expand2_dc4_fc3_ebtimeF_dtTrue_p0_smamba_electricity_l336_h336_s2022_0<<<<<<<<<<<<<<<<<<<<<<<<<<<<<<<<<
test 4925
EVALUATION_RESULT {"batches": 308, "elapsed_seconds": 2.9467820078134537, "elements": 531190800, "mae": 0.2693966297044301, "metric_version": "element_weighted_v1", "milliseconds_per_batch": 9.567474051342382, "mse": 0.17401365985160133, "origin_count": 4925, "origin_metric_version": "per_forecast_origin_mean_v1", "origin_metrics_path": "/home/cwh/Time-Series-Library/logs/timerole_table3_ecl_solar/baselines/formal/checkpoints/long_term_forecast_p0_smamba_electricity_l336_h336_s2022_SMamba_custom_ftM_sl336_ll48_pl336_dm512_nh4_el3_dl1_df512_expand2_dc4_fc3_ebtimeF_dtTrue_p0_smamba_electricity_l336_h336_s2022_0/test_origin_metrics.npz", "parameter_count": 7153488, "peak_cuda_memory_bytes": 236125184, "split": "test", "test_accessed": true, "timerole_intervention": "intact"}
mse:0.17401365985160133, mae:0.2693966297044301, dtw:Not calculated
