Using GPU
Args in experiment:
[1mBasic Config[0m
  Task Name:          long_term_forecast  Is Training:        1                   
  Model ID:           p0_timemixer_electricity_l336_h192_s2021Model:              TimeMixer           

[1mData Loader[0m
  Data:               custom              Root Path:          /home/cwh/Time-Series-Library/dataset/electricity
  Data Path:          electricity.csv     Features:           M                   
  Target:             0                   Freq:               h                   
  Checkpoints:        /home/cwh/Time-Series-Library/logs/timerole_table3_ecl_solar/baselines/formal/checkpoints

[1mForecasting Task[0m
  Seq Len:            336                 Label Len:          0                   
  Pred Len:           192                 Seasonal Patterns:  Monthly             
  Inverse:            0                   

[1mModel Parameters[0m
  Top k:              5                   Num Kernels:        6                   
  Enc In:             321                 Dec In:             321                 
  C Out:              321                 d model:            16                  
  n heads:            4                   e layers:           3                   
  d layers:           1                   d FF:               32                  
  Moving Avg:         25                  Factor:             3                   
  Distil:             1                   Dropout:            0.1                 
  Embed:              timeF               Activation:         gelu                

[1mRun Parameters[0m
  Num Workers:        0                   Itr:                1                   
  Train Epochs:       20                  Batch Size:         32                  
  Patience:           10                  Learning Rate:      0.01                
  Des:                p0_timemixer_electricity_l336_h192_s2021Loss:               MSE                 
  Lradj:              type1               Use Amp:            0                   

[1mGPU[0m
  Use GPU:            1                   GPU:                0                   
  Use Multi GPU:      0                   Devices:            0,1,2,3             

[1mDe-stationary Projector Params[0m
  P Hidden Dims:      128, 128            P Hidden Layers:    2                   

Use GPU: cuda:0
🚀 Lazy Loading: TimeMixer ...
>>>>>>>start training : long_term_forecast_p0_timemixer_electricity_l336_h192_s2021_TimeMixer_custom_ftM_sl336_ll0_pl192_dm16_nh4_el3_dl1_df32_expand2_dc4_fc3_ebtimeF_dtTrue_p0_timemixer_electricity_l336_h192_s2021_0>>>>>>>>>>>>>>>>>>>>>>>>>>
train 17885
val 2441
	iters: 100, epoch: 1 | loss: 0.1874231
	speed: 0.2542s/iter; left time: 2816.8206s
	iters: 200, epoch: 1 | loss: 0.1775942
	speed: 0.2466s/iter; left time: 2707.7506s
	iters: 300, epoch: 1 | loss: 0.1578154
	speed: 0.2452s/iter; left time: 2667.6777s
	iters: 400, epoch: 1 | loss: 0.1477718
	speed: 0.2459s/iter; left time: 2651.1101s
	iters: 500, epoch: 1 | loss: 0.1528288
	speed: 0.2467s/iter; left time: 2635.2576s
Epoch: 1 cost time: 137.95744228363037
Epoch: 1, Steps: 559 | Train Loss: 0.1946447 Vali Loss: 0.1308604
Validation loss decreased (inf --> 0.130860).  Saving model ...
Updating learning rate to 0.01
	iters: 100, epoch: 2 | loss: 0.1846696
	speed: 0.4688s/iter; left time: 4932.2118s
	iters: 200, epoch: 2 | loss: 0.1435111
	speed: 0.2461s/iter; left time: 2564.7304s
	iters: 300, epoch: 2 | loss: 0.1534466
	speed: 0.2463s/iter; left time: 2542.2824s
	iters: 400, epoch: 2 | loss: 0.1406177
	speed: 0.2455s/iter; left time: 2509.3162s
	iters: 500, epoch: 2 | loss: 0.1485970
	speed: 0.2462s/iter; left time: 2492.0072s
Epoch: 2 cost time: 137.40268683433533
Epoch: 2, Steps: 559 | Train Loss: 0.1504755 Vali Loss: 0.1271063
Validation loss decreased (0.130860 --> 0.127106).  Saving model ...
Updating learning rate to 0.005
	iters: 100, epoch: 3 | loss: 0.1550765
	speed: 0.4680s/iter; left time: 4662.8187s
	iters: 200, epoch: 3 | loss: 0.1583656
	speed: 0.2464s/iter; left time: 2430.1170s
	iters: 300, epoch: 3 | loss: 0.1565793
	speed: 0.2461s/iter; left time: 2403.0423s
	iters: 400, epoch: 3 | loss: 0.1874683
	speed: 0.2466s/iter; left time: 2383.1484s
	iters: 500, epoch: 3 | loss: 0.1395257
	speed: 0.2468s/iter; left time: 2360.1549s
Epoch: 3 cost time: 137.49359440803528
Epoch: 3, Steps: 559 | Train Loss: 0.1441308 Vali Loss: 0.1308081
EarlyStopping counter: 1 out of 10
Updating learning rate to 0.0025
	iters: 100, epoch: 4 | loss: 0.1468361
	speed: 0.4672s/iter; left time: 4393.3606s
	iters: 200, epoch: 4 | loss: 0.1368753
	speed: 0.2463s/iter; left time: 2291.2467s
	iters: 300, epoch: 4 | loss: 0.1294619
	speed: 0.2454s/iter; left time: 2258.6186s
	iters: 400, epoch: 4 | loss: 0.1298981
	speed: 0.2458s/iter; left time: 2237.3291s
	iters: 500, epoch: 4 | loss: 0.1501986
	speed: 0.2461s/iter; left time: 2215.8416s
Epoch: 4 cost time: 137.27378845214844
Epoch: 4, Steps: 559 | Train Loss: 0.1403360 Vali Loss: 0.1267164
Validation loss decreased (0.127106 --> 0.126716).  Saving model ...
Updating learning rate to 0.00125
	iters: 100, epoch: 5 | loss: 0.1366590
	speed: 0.4686s/iter; left time: 4144.5897s
	iters: 200, epoch: 5 | loss: 0.1316733
	speed: 0.2454s/iter; left time: 2146.4342s
	iters: 300, epoch: 5 | loss: 0.1443812
	speed: 0.2460s/iter; left time: 2126.6201s
	iters: 400, epoch: 5 | loss: 0.1190323
	speed: 0.2456s/iter; left time: 2098.9947s
	iters: 500, epoch: 5 | loss: 0.1428951
	speed: 0.2457s/iter; left time: 2074.5622s
Epoch: 5 cost time: 137.31490349769592
Epoch: 5, Steps: 559 | Train Loss: 0.1377320 Vali Loss: 0.1256138
Validation loss decreased (0.126716 --> 0.125614).  Saving model ...
Updating learning rate to 0.000625
	iters: 100, epoch: 6 | loss: 0.1178936
	speed: 0.4698s/iter; left time: 3893.0627s
	iters: 200, epoch: 6 | loss: 0.1525138
	speed: 0.2464s/iter; left time: 2016.8698s
	iters: 300, epoch: 6 | loss: 0.1396572
	speed: 0.2453s/iter; left time: 1983.3327s
	iters: 400, epoch: 6 | loss: 0.1426020
	speed: 0.2460s/iter; left time: 1964.8679s
	iters: 500, epoch: 6 | loss: 0.1365533
	speed: 0.2458s/iter; left time: 1938.3203s
Epoch: 6 cost time: 137.34027075767517
Epoch: 6, Steps: 559 | Train Loss: 0.1360547 Vali Loss: 0.1246323
Validation loss decreased (0.125614 --> 0.124632).  Saving model ...
Updating learning rate to 0.0003125
	iters: 100, epoch: 7 | loss: 0.1266099
	speed: 0.4680s/iter; left time: 3616.4073s
	iters: 200, epoch: 7 | loss: 0.1388780
	speed: 0.2459s/iter; left time: 1875.6861s
	iters: 300, epoch: 7 | loss: 0.1567327
	speed: 0.2460s/iter; left time: 1851.4133s
	iters: 400, epoch: 7 | loss: 0.1279024
	speed: 0.2453s/iter; left time: 1821.9417s
	iters: 500, epoch: 7 | loss: 0.1441547
	speed: 0.2452s/iter; left time: 1796.2416s
Epoch: 7 cost time: 137.16411519050598
Epoch: 7, Steps: 559 | Train Loss: 0.1348544 Vali Loss: 0.1248217
EarlyStopping counter: 1 out of 10
Updating learning rate to 0.00015625
	iters: 100, epoch: 8 | loss: 0.1401110
	speed: 0.4673s/iter; left time: 3349.8916s
	iters: 200, epoch: 8 | loss: 0.1353314
	speed: 0.2460s/iter; left time: 1738.5384s
	iters: 300, epoch: 8 | loss: 0.1332069
	speed: 0.2462s/iter; left time: 1715.8025s
	iters: 400, epoch: 8 | loss: 0.1567038
	speed: 0.2464s/iter; left time: 1692.4328s
	iters: 500, epoch: 8 | loss: 0.1372289
	speed: 0.2467s/iter; left time: 1669.5533s
Epoch: 8 cost time: 137.4127275943756
Epoch: 8, Steps: 559 | Train Loss: 0.1341900 Vali Loss: 0.1248220
EarlyStopping counter: 2 out of 10
Updating learning rate to 7.8125e-05
	iters: 100, epoch: 9 | loss: 0.1258987
	speed: 0.4684s/iter; left time: 3095.3710s
	iters: 200, epoch: 9 | loss: 0.1380602
	speed: 0.2454s/iter; left time: 1597.0538s
	iters: 300, epoch: 9 | loss: 0.1245398
	speed: 0.2452s/iter; left time: 1571.3578s
	iters: 400, epoch: 9 | loss: 0.1423251
	speed: 0.2459s/iter; left time: 1551.6444s
	iters: 500, epoch: 9 | loss: 0.1305286
	speed: 0.2455s/iter; left time: 1524.0258s
Epoch: 9 cost time: 137.09392476081848
Epoch: 9, Steps: 559 | Train Loss: 0.1337974 Vali Loss: 0.1246468
EarlyStopping counter: 3 out of 10
Updating learning rate to 3.90625e-05
	iters: 100, epoch: 10 | loss: 0.1399476
	speed: 0.4665s/iter; left time: 2822.2108s
	iters: 200, epoch: 10 | loss: 0.1274542
	speed: 0.2451s/iter; left time: 1458.3788s
	iters: 300, epoch: 10 | loss: 0.1324820
	speed: 0.2460s/iter; left time: 1439.0629s
	iters: 400, epoch: 10 | loss: 0.1544809
	speed: 0.2455s/iter; left time: 1411.6505s
	iters: 500, epoch: 10 | loss: 0.1239330
	speed: 0.2458s/iter; left time: 1388.6339s
Epoch: 10 cost time: 137.10810351371765
Epoch: 10, Steps: 559 | Train Loss: 0.1335515 Vali Loss: 0.1248121
EarlyStopping counter: 4 out of 10
Updating learning rate to 1.953125e-05
	iters: 100, epoch: 11 | loss: 0.1174371
	speed: 0.4677s/iter; left time: 2568.1801s
	iters: 200, epoch: 11 | loss: 0.1392464
	speed: 0.2459s/iter; left time: 1325.5781s
	iters: 300, epoch: 11 | loss: 0.1223214
	speed: 0.2451s/iter; left time: 1296.9018s
	iters: 400, epoch: 11 | loss: 0.1265828
	speed: 0.2453s/iter; left time: 1273.3321s
	iters: 500, epoch: 11 | loss: 0.1163274
	speed: 0.2449s/iter; left time: 1246.7285s
Epoch: 11 cost time: 136.9878146648407
Epoch: 11, Steps: 559 | Train Loss: 0.1334425 Vali Loss: 0.1247547
EarlyStopping counter: 5 out of 10
Updating learning rate to 9.765625e-06
	iters: 100, epoch: 12 | loss: 0.1481010
	speed: 0.4668s/iter; left time: 2302.3420s
	iters: 200, epoch: 12 | loss: 0.1769021
	speed: 0.2452s/iter; left time: 1184.8835s
	iters: 300, epoch: 12 | loss: 0.1384492
	speed: 0.2453s/iter; left time: 1160.9494s
	iters: 400, epoch: 12 | loss: 0.1292984
	speed: 0.2450s/iter; left time: 1134.9072s
	iters: 500, epoch: 12 | loss: 0.1399732
	speed: 0.2456s/iter; left time: 1113.0355s
Epoch: 12 cost time: 136.99400305747986
Epoch: 12, Steps: 559 | Train Loss: 0.1333648 Vali Loss: 0.1246112
Validation loss decreased (0.124632 --> 0.124611).  Saving model ...
Updating learning rate to 4.8828125e-06
	iters: 100, epoch: 13 | loss: 0.1472158
	speed: 0.4671s/iter; left time: 2042.6455s
	iters: 200, epoch: 13 | loss: 0.1286251
	speed: 0.2454s/iter; left time: 1048.3935s
	iters: 300, epoch: 13 | loss: 0.1194780
	speed: 0.2458s/iter; left time: 1025.8506s
	iters: 400, epoch: 13 | loss: 0.1298519
	speed: 0.2453s/iter; left time: 999.2422s
	iters: 500, epoch: 13 | loss: 0.1288468
	speed: 0.2456s/iter; left time: 975.8631s
Epoch: 13 cost time: 136.9824094772339
Epoch: 13, Steps: 559 | Train Loss: 0.1333360 Vali Loss: 0.1246200
EarlyStopping counter: 1 out of 10
Updating learning rate to 2.44140625e-06
	iters: 100, epoch: 14 | loss: 0.1541179
	speed: 0.4665s/iter; left time: 1779.1089s
	iters: 200, epoch: 14 | loss: 0.1249128
	speed: 0.2449s/iter; left time: 909.5025s
	iters: 300, epoch: 14 | loss: 0.1260188
	speed: 0.2454s/iter; left time: 886.8549s
	iters: 400, epoch: 14 | loss: 0.1400814
	speed: 0.2451s/iter; left time: 861.2165s
	iters: 500, epoch: 14 | loss: 0.1372632
	speed: 0.2451s/iter; left time: 836.9039s
Epoch: 14 cost time: 136.8612995147705
Epoch: 14, Steps: 559 | Train Loss: 0.1333091 Vali Loss: 0.1246856
EarlyStopping counter: 2 out of 10
Updating learning rate to 1.220703125e-06
	iters: 100, epoch: 15 | loss: 0.1494307
	speed: 0.4666s/iter; left time: 1518.7327s
	iters: 200, epoch: 15 | loss: 0.1253456
	speed: 0.2452s/iter; left time: 773.6330s
	iters: 300, epoch: 15 | loss: 0.1412632
	speed: 0.2454s/iter; left time: 749.8085s
	iters: 400, epoch: 15 | loss: 0.1357582
	speed: 0.2449s/iter; left time: 723.6807s
	iters: 500, epoch: 15 | loss: 0.1229314
	speed: 0.2451s/iter; left time: 699.6660s
Epoch: 15 cost time: 136.94501662254333
Epoch: 15, Steps: 559 | Train Loss: 0.1332939 Vali Loss: 0.1246713
EarlyStopping counter: 3 out of 10
Updating learning rate to 6.103515625e-07
	iters: 100, epoch: 16 | loss: 0.1427365
	speed: 0.4671s/iter; left time: 1259.2433s
	iters: 200, epoch: 16 | loss: 0.1217824
	speed: 0.2450s/iter; left time: 635.9441s
	iters: 300, epoch: 16 | loss: 0.1147981
	speed: 0.2442s/iter; left time: 609.4148s
	iters: 400, epoch: 16 | loss: 0.1543783
	speed: 0.2448s/iter; left time: 586.5763s
	iters: 500, epoch: 16 | loss: 0.1409101
	speed: 0.2450s/iter; left time: 562.4284s
Epoch: 16 cost time: 136.78250646591187
Epoch: 16, Steps: 559 | Train Loss: 0.1332963 Vali Loss: 0.1246866
EarlyStopping counter: 4 out of 10
Updating learning rate to 3.0517578125e-07
	iters: 100, epoch: 17 | loss: 0.1311291
	speed: 0.4664s/iter; left time: 996.6892s
	iters: 200, epoch: 17 | loss: 0.1286386
	speed: 0.2457s/iter; left time: 500.4443s
	iters: 300, epoch: 17 | loss: 0.1359303
	speed: 0.2451s/iter; left time: 474.8521s
	iters: 400, epoch: 17 | loss: 0.1393855
	speed: 0.2447s/iter; left time: 449.4602s
	iters: 500, epoch: 17 | loss: 0.1302503
	speed: 0.2454s/iter; left time: 426.2096s
Epoch: 17 cost time: 136.8604278564453
Epoch: 17, Steps: 559 | Train Loss: 0.1332944 Vali Loss: 0.1246834
EarlyStopping counter: 5 out of 10
Updating learning rate to 1.52587890625e-07
	iters: 100, epoch: 18 | loss: 0.1313738
	speed: 0.4666s/iter; left time: 736.3336s
	iters: 200, epoch: 18 | loss: 0.1302739
	speed: 0.2451s/iter; left time: 362.2281s
	iters: 300, epoch: 18 | loss: 0.1396626
	speed: 0.2448s/iter; left time: 337.3284s
	iters: 400, epoch: 18 | loss: 0.1301995
	speed: 0.2454s/iter; left time: 313.6698s
	iters: 500, epoch: 18 | loss: 0.1420099
	speed: 0.2446s/iter; left time: 288.1092s
Epoch: 18 cost time: 136.76118898391724
Epoch: 18, Steps: 559 | Train Loss: 0.1332847 Vali Loss: 0.1246823
EarlyStopping counter: 6 out of 10
Updating learning rate to 7.62939453125e-08
	iters: 100, epoch: 19 | loss: 0.1229153
	speed: 0.4662s/iter; left time: 475.0141s
	iters: 200, epoch: 19 | loss: 0.1498435
	speed: 0.2448s/iter; left time: 224.9516s
	iters: 300, epoch: 19 | loss: 0.1532253
	speed: 0.2449s/iter; left time: 200.5771s
	iters: 400, epoch: 19 | loss: 0.1330582
	speed: 0.2450s/iter; left time: 176.1390s
	iters: 500, epoch: 19 | loss: 0.1238056
	speed: 0.2447s/iter; left time: 151.4826s
Epoch: 19 cost time: 136.6994867324829
Epoch: 19, Steps: 559 | Train Loss: 0.1332949 Vali Loss: 0.1246828
EarlyStopping counter: 7 out of 10
Updating learning rate to 3.814697265625e-08
	iters: 100, epoch: 20 | loss: 0.1333399
	speed: 0.4721s/iter; left time: 217.1604s
	iters: 200, epoch: 20 | loss: 0.1406378
	speed: 0.2458s/iter; left time: 88.4896s
	iters: 300, epoch: 20 | loss: 0.1381817
	speed: 0.2450s/iter; left time: 63.6982s
	iters: 400, epoch: 20 | loss: 0.1229206
	speed: 0.2446s/iter; left time: 39.1392s
	iters: 500, epoch: 20 | loss: 0.1377750
	speed: 0.2452s/iter; left time: 14.7093s
Epoch: 20 cost time: 137.5294885635376
Epoch: 20, Steps: 559 | Train Loss: 0.1332843 Vali Loss: 0.1246828
EarlyStopping counter: 8 out of 10
Updating learning rate to 1.9073486328125e-08
VALIDATION_RESULT {"best_epoch": 12, "best_mae": 0.21778086615045766, "best_mse": 0.12461115720725503, "epochs_ran": 20, "metric_version": "element_weighted_v1", "train_duration_seconds": 2909.365197741892, "train_peak_cuda_memory_bytes": 15204393984}
>>>>>>>testing : long_term_forecast_p0_timemixer_electricity_l336_h192_s2021_TimeMixer_custom_ftM_sl336_ll0_pl192_dm16_nh4_el3_dl1_df32_expand2_dc4_fc3_ebtimeF_dtTrue_p0_timemixer_electricity_l336_h192_s2021_0<<<<<<<<<<<<<<<<<<<<<<<<<<<<<<<<<
test 5069
EVALUATION_RESULT {"batches": 159, "elapsed_seconds": 16.255272469017655, "elements": 312412608, "mae": 0.2425727713428262, "metric_version": "element_weighted_v1", "milliseconds_per_batch": 102.23441804413619, "mse": 0.15262040686831052, "origin_count": 5069, "origin_metric_version": "per_forecast_origin_mean_v1", "origin_metrics_path": "/home/cwh/Time-Series-Library/logs/timerole_table3_ecl_solar/baselines/formal/checkpoints/long_term_forecast_p0_timemixer_electricity_l336_h192_s2021_TimeMixer_custom_ftM_sl336_ll0_pl192_dm16_nh4_el3_dl1_df32_expand2_dc4_fc3_ebtimeF_dtTrue_p0_timemixer_electricity_l336_h192_s2021_0/test_origin_metrics.npz", "parameter_count": 1133217, "peak_cuda_memory_bytes": 3183794688, "split": "test", "test_accessed": true, "timerole_intervention": "intact"}
mse:0.15262040686831052, mae:0.2425727713428262, dtw:Not calculated
