Using GPU
Args in experiment:
[1mBasic Config[0m
  Task Name:          long_term_forecast  Is Training:        1                   
  Model ID:           p0_timemixer_electricity_l336_h96_s2021Model:              TimeMixer           

[1mData Loader[0m
  Data:               custom              Root Path:          /home/cwh/Time-Series-Library/dataset/electricity
  Data Path:          electricity.csv     Features:           M                   
  Target:             0                   Freq:               h                   
  Checkpoints:        /home/cwh/Time-Series-Library/logs/timerole_table3_ecl_solar/baselines/formal/checkpoints

[1mForecasting Task[0m
  Seq Len:            336                 Label Len:          0                   
  Pred Len:           96                  Seasonal Patterns:  Monthly             
  Inverse:            0                   

[1mModel Parameters[0m
  Top k:              5                   Num Kernels:        6                   
  Enc In:             321                 Dec In:             321                 
  C Out:              321                 d model:            16                  
  n heads:            4                   e layers:           3                   
  d layers:           1                   d FF:               32                  
  Moving Avg:         25                  Factor:             3                   
  Distil:             1                   Dropout:            0.1                 
  Embed:              timeF               Activation:         gelu                

[1mRun Parameters[0m
  Num Workers:        0                   Itr:                1                   
  Train Epochs:       20                  Batch Size:         32                  
  Patience:           10                  Learning Rate:      0.01                
  Des:                p0_timemixer_electricity_l336_h96_s2021Loss:               MSE                 
  Lradj:              type1               Use Amp:            0                   

[1mGPU[0m
  Use GPU:            1                   GPU:                0                   
  Use Multi GPU:      0                   Devices:            0,1,2,3             

[1mDe-stationary Projector Params[0m
  P Hidden Dims:      128, 128            P Hidden Layers:    2                   

Use GPU: cuda:0
🚀 Lazy Loading: TimeMixer ...
>>>>>>>start training : long_term_forecast_p0_timemixer_electricity_l336_h96_s2021_TimeMixer_custom_ftM_sl336_ll0_pl96_dm16_nh4_el3_dl1_df32_expand2_dc4_fc3_ebtimeF_dtTrue_p0_timemixer_electricity_l336_h96_s2021_0>>>>>>>>>>>>>>>>>>>>>>>>>>
train 17981
val 2537
	iters: 100, epoch: 1 | loss: 0.1996557
	speed: 0.2480s/iter; left time: 2762.8890s
	iters: 200, epoch: 1 | loss: 0.1488652
	speed: 0.2401s/iter; left time: 2650.7642s
	iters: 300, epoch: 1 | loss: 0.1641020
	speed: 0.2389s/iter; left time: 2614.1984s
	iters: 400, epoch: 1 | loss: 0.1579029
	speed: 0.2395s/iter; left time: 2596.2407s
	iters: 500, epoch: 1 | loss: 0.1511810
	speed: 0.2398s/iter; left time: 2575.2365s
Epoch: 1 cost time: 135.09352159500122
Epoch: 1, Steps: 562 | Train Loss: 0.2328895 Vali Loss: 0.1239504
Validation loss decreased (inf --> 0.123950).  Saving model ...
Updating learning rate to 0.01
	iters: 100, epoch: 2 | loss: 0.1687908
	speed: 0.4664s/iter; left time: 4933.5780s
	iters: 200, epoch: 2 | loss: 0.1251458
	speed: 0.2401s/iter; left time: 2515.6195s
	iters: 300, epoch: 2 | loss: 0.1750146
	speed: 0.2392s/iter; left time: 2483.0728s
	iters: 400, epoch: 2 | loss: 0.1472462
	speed: 0.2396s/iter; left time: 2463.3315s
	iters: 500, epoch: 2 | loss: 0.1426610
	speed: 0.2393s/iter; left time: 2436.2537s
Epoch: 2 cost time: 134.5736539363861
Epoch: 2, Steps: 562 | Train Loss: 0.1386472 Vali Loss: 0.1167240
Validation loss decreased (0.123950 --> 0.116724).  Saving model ...
Updating learning rate to 0.005
	iters: 100, epoch: 3 | loss: 0.1366610
	speed: 0.4652s/iter; left time: 4659.7783s
	iters: 200, epoch: 3 | loss: 0.1237841
	speed: 0.2398s/iter; left time: 2378.1558s
	iters: 300, epoch: 3 | loss: 0.1357312
	speed: 0.2402s/iter; left time: 2358.1663s
	iters: 400, epoch: 3 | loss: 0.1351777
	speed: 0.2403s/iter; left time: 2334.9909s
	iters: 500, epoch: 3 | loss: 0.1309099
	speed: 0.2403s/iter; left time: 2311.1431s
Epoch: 3 cost time: 134.76012754440308
Epoch: 3, Steps: 562 | Train Loss: 0.1319271 Vali Loss: 0.1148188
Validation loss decreased (0.116724 --> 0.114819).  Saving model ...
Updating learning rate to 0.0025
	iters: 100, epoch: 4 | loss: 0.1229310
	speed: 0.4660s/iter; left time: 4406.3825s
	iters: 200, epoch: 4 | loss: 0.1324218
	speed: 0.2399s/iter; left time: 2244.0006s
	iters: 300, epoch: 4 | loss: 0.1328439
	speed: 0.2395s/iter; left time: 2216.9412s
	iters: 400, epoch: 4 | loss: 0.1419243
	speed: 0.2399s/iter; left time: 2195.9345s
	iters: 500, epoch: 4 | loss: 0.1236212
	speed: 0.2399s/iter; left time: 2172.0381s
Epoch: 4 cost time: 134.60943603515625
Epoch: 4, Steps: 562 | Train Loss: 0.1290087 Vali Loss: 0.1138640
Validation loss decreased (0.114819 --> 0.113864).  Saving model ...
Updating learning rate to 0.00125
	iters: 100, epoch: 5 | loss: 0.1224695
	speed: 0.4663s/iter; left time: 4146.9281s
	iters: 200, epoch: 5 | loss: 0.1157279
	speed: 0.2393s/iter; left time: 2104.0412s
	iters: 300, epoch: 5 | loss: 0.1205031
	speed: 0.2400s/iter; left time: 2086.3072s
	iters: 400, epoch: 5 | loss: 0.1126891
	speed: 0.2399s/iter; left time: 2061.4363s
	iters: 500, epoch: 5 | loss: 0.1134189
	speed: 0.2395s/iter; left time: 2034.2053s
Epoch: 5 cost time: 134.60903978347778
Epoch: 5, Steps: 562 | Train Loss: 0.1272134 Vali Loss: 0.1132969
Validation loss decreased (0.113864 --> 0.113297).  Saving model ...
Updating learning rate to 0.000625
	iters: 100, epoch: 6 | loss: 0.1095444
	speed: 0.4660s/iter; left time: 3882.6419s
	iters: 200, epoch: 6 | loss: 0.1285742
	speed: 0.2402s/iter; left time: 1976.8402s
	iters: 300, epoch: 6 | loss: 0.1209447
	speed: 0.2398s/iter; left time: 1949.6949s
	iters: 400, epoch: 6 | loss: 0.1199229
	speed: 0.2390s/iter; left time: 1919.0932s
	iters: 500, epoch: 6 | loss: 0.1437165
	speed: 0.2399s/iter; left time: 1902.6776s
Epoch: 6 cost time: 134.60492730140686
Epoch: 6, Steps: 562 | Train Loss: 0.1259559 Vali Loss: 0.1123633
Validation loss decreased (0.113297 --> 0.112363).  Saving model ...
Updating learning rate to 0.0003125
	iters: 100, epoch: 7 | loss: 0.1205943
	speed: 0.4665s/iter; left time: 3624.4571s
	iters: 200, epoch: 7 | loss: 0.1460713
	speed: 0.2394s/iter; left time: 1836.1157s
	iters: 300, epoch: 7 | loss: 0.1268884
	speed: 0.2394s/iter; left time: 1811.8721s
	iters: 400, epoch: 7 | loss: 0.1098625
	speed: 0.2397s/iter; left time: 1790.0277s
	iters: 500, epoch: 7 | loss: 0.1149864
	speed: 0.2399s/iter; left time: 1768.1157s
Epoch: 7 cost time: 134.59254622459412
Epoch: 7, Steps: 562 | Train Loss: 0.1252506 Vali Loss: 0.1124668
EarlyStopping counter: 1 out of 10
Updating learning rate to 0.00015625
	iters: 100, epoch: 8 | loss: 0.1416642
	speed: 0.4664s/iter; left time: 3361.1202s
	iters: 200, epoch: 8 | loss: 0.1155884
	speed: 0.2392s/iter; left time: 1699.6581s
	iters: 300, epoch: 8 | loss: 0.1213340
	speed: 0.2399s/iter; left time: 1681.0410s
	iters: 400, epoch: 8 | loss: 0.1167872
	speed: 0.2400s/iter; left time: 1657.5848s
	iters: 500, epoch: 8 | loss: 0.1465502
	speed: 0.2403s/iter; left time: 1635.4457s
Epoch: 8 cost time: 134.67506861686707
Epoch: 8, Steps: 562 | Train Loss: 0.1247907 Vali Loss: 0.1120705
Validation loss decreased (0.112363 --> 0.112071).  Saving model ...
Updating learning rate to 7.8125e-05
	iters: 100, epoch: 9 | loss: 0.1395875
	speed: 0.4651s/iter; left time: 3090.5100s
	iters: 200, epoch: 9 | loss: 0.1269116
	speed: 0.2398s/iter; left time: 1569.4227s
	iters: 300, epoch: 9 | loss: 0.1049216
	speed: 0.2397s/iter; left time: 1544.9717s
	iters: 400, epoch: 9 | loss: 0.1145319
	speed: 0.2400s/iter; left time: 1523.0977s
	iters: 500, epoch: 9 | loss: 0.1145086
	speed: 0.2398s/iter; left time: 1497.6546s
Epoch: 9 cost time: 134.55920433998108
Epoch: 9, Steps: 562 | Train Loss: 0.1244863 Vali Loss: 0.1119184
Validation loss decreased (0.112071 --> 0.111918).  Saving model ...
Updating learning rate to 3.90625e-05
	iters: 100, epoch: 10 | loss: 0.1330907
	speed: 0.4662s/iter; left time: 2835.8372s
	iters: 200, epoch: 10 | loss: 0.1268680
	speed: 0.2397s/iter; left time: 1434.2579s
	iters: 300, epoch: 10 | loss: 0.1243013
	speed: 0.2396s/iter; left time: 1409.4108s
	iters: 400, epoch: 10 | loss: 0.1361976
	speed: 0.2401s/iter; left time: 1388.5150s
	iters: 500, epoch: 10 | loss: 0.1363675
	speed: 0.2393s/iter; left time: 1359.9158s
Epoch: 10 cost time: 134.59213137626648
Epoch: 10, Steps: 562 | Train Loss: 0.1243324 Vali Loss: 0.1118379
Validation loss decreased (0.111918 --> 0.111838).  Saving model ...
Updating learning rate to 1.953125e-05
	iters: 100, epoch: 11 | loss: 0.1199649
	speed: 0.4664s/iter; left time: 2574.7500s
	iters: 200, epoch: 11 | loss: 0.1743141
	speed: 0.2399s/iter; left time: 1300.5132s
	iters: 300, epoch: 11 | loss: 0.1418897
	speed: 0.2400s/iter; left time: 1277.1823s
	iters: 400, epoch: 11 | loss: 0.1164739
	speed: 0.2390s/iter; left time: 1247.8501s
	iters: 500, epoch: 11 | loss: 0.1121513
	speed: 0.2402s/iter; left time: 1229.9144s
Epoch: 11 cost time: 134.65050959587097
Epoch: 11, Steps: 562 | Train Loss: 0.1242268 Vali Loss: 0.1118880
EarlyStopping counter: 1 out of 10
Updating learning rate to 9.765625e-06
	iters: 100, epoch: 12 | loss: 0.1269626
	speed: 0.4652s/iter; left time: 2306.8921s
	iters: 200, epoch: 12 | loss: 0.1079771
	speed: 0.2399s/iter; left time: 1165.5122s
	iters: 300, epoch: 12 | loss: 0.1285653
	speed: 0.2393s/iter; left time: 1138.7959s
	iters: 400, epoch: 12 | loss: 0.1392568
	speed: 0.2397s/iter; left time: 1116.8331s
	iters: 500, epoch: 12 | loss: 0.1171536
	speed: 0.2395s/iter; left time: 1091.9594s
Epoch: 12 cost time: 134.43402290344238
Epoch: 12, Steps: 562 | Train Loss: 0.1241710 Vali Loss: 0.1117718
Validation loss decreased (0.111838 --> 0.111772).  Saving model ...
Updating learning rate to 4.8828125e-06
	iters: 100, epoch: 13 | loss: 0.1220603
	speed: 0.4660s/iter; left time: 2049.1865s
	iters: 200, epoch: 13 | loss: 0.1327002
	speed: 0.2387s/iter; left time: 1025.8170s
	iters: 300, epoch: 13 | loss: 0.1480546
	speed: 0.2398s/iter; left time: 1006.3906s
	iters: 400, epoch: 13 | loss: 0.1206858
	speed: 0.2397s/iter; left time: 981.8787s
	iters: 500, epoch: 13 | loss: 0.1184960
	speed: 0.2397s/iter; left time: 957.9034s
Epoch: 13 cost time: 134.46713185310364
Epoch: 13, Steps: 562 | Train Loss: 0.1241421 Vali Loss: 0.1117614
Validation loss decreased (0.111772 --> 0.111761).  Saving model ...
Updating learning rate to 2.44140625e-06
	iters: 100, epoch: 14 | loss: 0.1167179
	speed: 0.4650s/iter; left time: 1783.3502s
	iters: 200, epoch: 14 | loss: 0.1182940
	speed: 0.2394s/iter; left time: 894.0630s
	iters: 300, epoch: 14 | loss: 0.1263910
	speed: 0.2396s/iter; left time: 870.8126s
	iters: 400, epoch: 14 | loss: 0.1389553
	speed: 0.2388s/iter; left time: 844.0017s
	iters: 500, epoch: 14 | loss: 0.1234396
	speed: 0.2395s/iter; left time: 822.5914s
Epoch: 14 cost time: 134.35508513450623
Epoch: 14, Steps: 562 | Train Loss: 0.1241233 Vali Loss: 0.1117629
EarlyStopping counter: 1 out of 10
Updating learning rate to 1.220703125e-06
	iters: 100, epoch: 15 | loss: 0.1269290
	speed: 0.4655s/iter; left time: 1523.7028s
	iters: 200, epoch: 15 | loss: 0.1344041
	speed: 0.2383s/iter; left time: 756.2071s
	iters: 300, epoch: 15 | loss: 0.1268212
	speed: 0.2447s/iter; left time: 752.0951s
	iters: 400, epoch: 15 | loss: 0.1333362
	speed: 0.2399s/iter; left time: 713.1776s
	iters: 500, epoch: 15 | loss: 0.1391016
	speed: 0.2389s/iter; left time: 686.4674s
Epoch: 15 cost time: 134.74840331077576
Epoch: 15, Steps: 562 | Train Loss: 0.1241036 Vali Loss: 0.1117482
Validation loss decreased (0.111761 --> 0.111748).  Saving model ...
Updating learning rate to 6.103515625e-07
	iters: 100, epoch: 16 | loss: 0.1318373
	speed: 0.4649s/iter; left time: 1260.2915s
	iters: 200, epoch: 16 | loss: 0.1262042
	speed: 0.2398s/iter; left time: 626.0060s
	iters: 300, epoch: 16 | loss: 0.1216341
	speed: 0.2391s/iter; left time: 600.3740s
	iters: 400, epoch: 16 | loss: 0.1434221
	speed: 0.2391s/iter; left time: 576.4207s
	iters: 500, epoch: 16 | loss: 0.1416209
	speed: 0.2395s/iter; left time: 553.5615s
Epoch: 16 cost time: 134.40446591377258
Epoch: 16, Steps: 562 | Train Loss: 0.1240988 Vali Loss: 0.1117588
EarlyStopping counter: 1 out of 10
Updating learning rate to 3.0517578125e-07
	iters: 100, epoch: 17 | loss: 0.1494207
	speed: 0.4646s/iter; left time: 998.4062s
	iters: 200, epoch: 17 | loss: 0.1177788
	speed: 0.2397s/iter; left time: 491.0823s
	iters: 300, epoch: 17 | loss: 0.1584275
	speed: 0.2397s/iter; left time: 467.1715s
	iters: 400, epoch: 17 | loss: 0.1187744
	speed: 0.2392s/iter; left time: 442.3512s
	iters: 500, epoch: 17 | loss: 0.1397331
	speed: 0.2392s/iter; left time: 418.2851s
Epoch: 17 cost time: 134.2983317375183
Epoch: 17, Steps: 562 | Train Loss: 0.1240983 Vali Loss: 0.1117603
EarlyStopping counter: 2 out of 10
Updating learning rate to 1.52587890625e-07
	iters: 100, epoch: 18 | loss: 0.1188228
	speed: 0.4646s/iter; left time: 737.3639s
	iters: 200, epoch: 18 | loss: 0.1134004
	speed: 0.2394s/iter; left time: 355.9273s
	iters: 300, epoch: 18 | loss: 0.1255100
	speed: 0.2394s/iter; left time: 332.0869s
	iters: 400, epoch: 18 | loss: 0.1559680
	speed: 0.2399s/iter; left time: 308.7516s
	iters: 500, epoch: 18 | loss: 0.1131776
	speed: 0.2395s/iter; left time: 284.2710s
Epoch: 18 cost time: 134.51124954223633
Epoch: 18, Steps: 562 | Train Loss: 0.1240958 Vali Loss: 0.1117571
EarlyStopping counter: 3 out of 10
Updating learning rate to 7.62939453125e-08
	iters: 100, epoch: 19 | loss: 0.1446403
	speed: 0.4643s/iter; left time: 475.9587s
	iters: 200, epoch: 19 | loss: 0.1109717
	speed: 0.2386s/iter; left time: 220.7297s
	iters: 300, epoch: 19 | loss: 0.1638725
	speed: 0.2397s/iter; left time: 197.7718s
	iters: 400, epoch: 19 | loss: 0.1298535
	speed: 0.2389s/iter; left time: 173.1731s
	iters: 500, epoch: 19 | loss: 0.1414325
	speed: 0.2393s/iter; left time: 149.5534s
Epoch: 19 cost time: 134.25867819786072
Epoch: 19, Steps: 562 | Train Loss: 0.1240977 Vali Loss: 0.1117570
EarlyStopping counter: 4 out of 10
Updating learning rate to 3.814697265625e-08
	iters: 100, epoch: 20 | loss: 0.1236791
	speed: 0.4658s/iter; left time: 215.6650s
	iters: 200, epoch: 20 | loss: 0.1394825
	speed: 0.2392s/iter; left time: 86.8285s
	iters: 300, epoch: 20 | loss: 0.1164521
	speed: 0.2396s/iter; left time: 63.0037s
	iters: 400, epoch: 20 | loss: 0.1390474
	speed: 0.2394s/iter; left time: 39.0282s
	iters: 500, epoch: 20 | loss: 0.1139250
	speed: 0.2395s/iter; left time: 15.0893s
Epoch: 20 cost time: 134.35818791389465
Epoch: 20, Steps: 562 | Train Loss: 0.1240913 Vali Loss: 0.1117565
EarlyStopping counter: 5 out of 10
Updating learning rate to 1.9073486328125e-08
VALIDATION_RESULT {"best_epoch": 15, "best_mae": 0.20425089585231831, "best_mse": 0.11174816281109606, "epochs_ran": 20, "metric_version": "element_weighted_v1", "train_duration_seconds": 2858.2813887591474, "train_peak_cuda_memory_bytes": 15186620928}
>>>>>>>testing : long_term_forecast_p0_timemixer_electricity_l336_h96_s2021_TimeMixer_custom_ftM_sl336_ll0_pl96_dm16_nh4_el3_dl1_df32_expand2_dc4_fc3_ebtimeF_dtTrue_p0_timemixer_electricity_l336_h96_s2021_0<<<<<<<<<<<<<<<<<<<<<<<<<<<<<<<<<
test 5165
EVALUATION_RESULT {"batches": 162, "elapsed_seconds": 15.630806532222778, "elements": 159164640, "mae": 0.225287457357834, "metric_version": "element_weighted_v1", "milliseconds_per_batch": 96.48646007544924, "mse": 0.13117372515772033, "origin_count": 5165, "origin_metric_version": "per_forecast_origin_mean_v1", "origin_metrics_path": "/home/cwh/Time-Series-Library/logs/timerole_table3_ecl_solar/baselines/formal/checkpoints/long_term_forecast_p0_timemixer_electricity_l336_h96_s2021_TimeMixer_custom_ftM_sl336_ll0_pl96_dm16_nh4_el3_dl1_df32_expand2_dc4_fc3_ebtimeF_dtTrue_p0_timemixer_electricity_l336_h96_s2021_0/test_origin_metrics.npz", "parameter_count": 1072353, "peak_cuda_memory_bytes": 3166568960, "split": "test", "test_accessed": true, "timerole_intervention": "intact"}
mse:0.13117372515772033, mae:0.225287457357834, dtw:Not calculated
