Using GPU
Args in experiment:
[1mBasic Config[0m
  Task Name:          long_term_forecast  Is Training:        1                   
  Model ID:           p0_timemixer_electricity_l336_h336_s2021Model:              TimeMixer           

[1mData Loader[0m
  Data:               custom              Root Path:          /home/cwh/Time-Series-Library/dataset/electricity
  Data Path:          electricity.csv     Features:           M                   
  Target:             0                   Freq:               h                   
  Checkpoints:        /home/cwh/Time-Series-Library/logs/timerole_table3_ecl_solar/baselines/formal/checkpoints

[1mForecasting Task[0m
  Seq Len:            336                 Label Len:          0                   
  Pred Len:           336                 Seasonal Patterns:  Monthly             
  Inverse:            0                   

[1mModel Parameters[0m
  Top k:              5                   Num Kernels:        6                   
  Enc In:             321                 Dec In:             321                 
  C Out:              321                 d model:            16                  
  n heads:            4                   e layers:           3                   
  d layers:           1                   d FF:               32                  
  Moving Avg:         25                  Factor:             3                   
  Distil:             1                   Dropout:            0.1                 
  Embed:              timeF               Activation:         gelu                

[1mRun Parameters[0m
  Num Workers:        0                   Itr:                1                   
  Train Epochs:       20                  Batch Size:         32                  
  Patience:           10                  Learning Rate:      0.01                
  Des:                p0_timemixer_electricity_l336_h336_s2021Loss:               MSE                 
  Lradj:              type1               Use Amp:            0                   

[1mGPU[0m
  Use GPU:            1                   GPU:                0                   
  Use Multi GPU:      0                   Devices:            0,1,2,3             

[1mDe-stationary Projector Params[0m
  P Hidden Dims:      128, 128            P Hidden Layers:    2                   

Use GPU: cuda:0
🚀 Lazy Loading: TimeMixer ...
>>>>>>>start training : long_term_forecast_p0_timemixer_electricity_l336_h336_s2021_TimeMixer_custom_ftM_sl336_ll0_pl336_dm16_nh4_el3_dl1_df32_expand2_dc4_fc3_ebtimeF_dtTrue_p0_timemixer_electricity_l336_h336_s2021_0>>>>>>>>>>>>>>>>>>>>>>>>>>
train 17741
val 2297
	iters: 100, epoch: 1 | loss: 0.2454761
	speed: 0.2621s/iter; left time: 2883.5441s
	iters: 200, epoch: 1 | loss: 0.1957908
	speed: 0.2538s/iter; left time: 2766.9350s
	iters: 300, epoch: 1 | loss: 0.1791436
	speed: 0.2540s/iter; left time: 2743.1173s
	iters: 400, epoch: 1 | loss: 0.1975432
	speed: 0.2537s/iter; left time: 2714.3554s
	iters: 500, epoch: 1 | loss: 0.1771884
	speed: 0.2537s/iter; left time: 2689.8651s
Epoch: 1 cost time: 141.18350458145142
Epoch: 1, Steps: 555 | Train Loss: 0.2648611 Vali Loss: 0.1490256
Validation loss decreased (inf --> 0.149026).  Saving model ...
Updating learning rate to 0.01
	iters: 100, epoch: 2 | loss: 0.1643785
	speed: 0.4728s/iter; left time: 4939.0216s
	iters: 200, epoch: 2 | loss: 0.1786623
	speed: 0.2542s/iter; left time: 2629.7091s
	iters: 300, epoch: 2 | loss: 0.1660633
	speed: 0.2539s/iter; left time: 2601.4125s
	iters: 400, epoch: 2 | loss: 0.1762078
	speed: 0.2544s/iter; left time: 2581.0505s
	iters: 500, epoch: 2 | loss: 0.1600538
	speed: 0.2543s/iter; left time: 2555.0462s
Epoch: 2 cost time: 141.24593544006348
Epoch: 2, Steps: 555 | Train Loss: 0.1758868 Vali Loss: 0.1450049
Validation loss decreased (0.149026 --> 0.145005).  Saving model ...
Updating learning rate to 0.005
	iters: 100, epoch: 3 | loss: 0.1658757
	speed: 0.4702s/iter; left time: 4650.7807s
	iters: 200, epoch: 3 | loss: 0.1610158
	speed: 0.2541s/iter; left time: 2488.1846s
	iters: 300, epoch: 3 | loss: 0.1515756
	speed: 0.2545s/iter; left time: 2465.9750s
	iters: 400, epoch: 3 | loss: 0.1523932
	speed: 0.2536s/iter; left time: 2432.2751s
	iters: 500, epoch: 3 | loss: 0.1536184
	speed: 0.2543s/iter; left time: 2413.6865s
Epoch: 3 cost time: 140.81899499893188
Epoch: 3, Steps: 555 | Train Loss: 0.1698383 Vali Loss: 0.1440454
Validation loss decreased (0.145005 --> 0.144045).  Saving model ...
Updating learning rate to 0.0025
	iters: 100, epoch: 4 | loss: 0.1523481
	speed: 0.4687s/iter; left time: 4375.8324s
	iters: 200, epoch: 4 | loss: 0.1449593
	speed: 0.2543s/iter; left time: 2348.8978s
	iters: 300, epoch: 4 | loss: 0.1801472
	speed: 0.2539s/iter; left time: 2319.9768s
	iters: 400, epoch: 4 | loss: 0.1550211
	speed: 0.2540s/iter; left time: 2294.8003s
	iters: 500, epoch: 4 | loss: 0.1995893
	speed: 0.2540s/iter; left time: 2269.4887s
Epoch: 4 cost time: 140.81520748138428
Epoch: 4, Steps: 555 | Train Loss: 0.1666914 Vali Loss: 0.1435953
Validation loss decreased (0.144045 --> 0.143595).  Saving model ...
Updating learning rate to 0.00125
	iters: 100, epoch: 5 | loss: 0.1588220
	speed: 0.4700s/iter; left time: 4126.7141s
	iters: 200, epoch: 5 | loss: 0.1486779
	speed: 0.2543s/iter; left time: 2207.8750s
	iters: 300, epoch: 5 | loss: 0.1693044
	speed: 0.2544s/iter; left time: 2182.6489s
	iters: 400, epoch: 5 | loss: 0.1803555
	speed: 0.2544s/iter; left time: 2157.1568s
	iters: 500, epoch: 5 | loss: 0.1919696
	speed: 0.2540s/iter; left time: 2128.6044s
Epoch: 5 cost time: 140.88996720314026
Epoch: 5, Steps: 555 | Train Loss: 0.1646036 Vali Loss: 0.1432349
Validation loss decreased (0.143595 --> 0.143235).  Saving model ...
Updating learning rate to 0.000625
	iters: 100, epoch: 6 | loss: 0.1538820
	speed: 0.4695s/iter; left time: 3861.8711s
	iters: 200, epoch: 6 | loss: 0.1770688
	speed: 0.2542s/iter; left time: 2065.3577s
	iters: 300, epoch: 6 | loss: 0.1545541
	speed: 0.2538s/iter; left time: 2037.1888s
	iters: 400, epoch: 6 | loss: 0.1719274
	speed: 0.2544s/iter; left time: 2016.3184s
	iters: 500, epoch: 6 | loss: 0.1541343
	speed: 0.2538s/iter; left time: 1986.5927s
Epoch: 6 cost time: 140.77264666557312
Epoch: 6, Steps: 555 | Train Loss: 0.1632032 Vali Loss: 0.1437946
EarlyStopping counter: 1 out of 10
Updating learning rate to 0.0003125
	iters: 100, epoch: 7 | loss: 0.1529117
	speed: 0.4694s/iter; left time: 3600.9073s
	iters: 200, epoch: 7 | loss: 0.1431244
	speed: 0.2542s/iter; left time: 1924.7133s
	iters: 300, epoch: 7 | loss: 0.1551759
	speed: 0.2540s/iter; left time: 1897.6354s
	iters: 400, epoch: 7 | loss: 0.1575805
	speed: 0.2530s/iter; left time: 1865.0171s
	iters: 500, epoch: 7 | loss: 0.1829122
	speed: 0.2534s/iter; left time: 1842.6398s
Epoch: 7 cost time: 140.62868928909302
Epoch: 7, Steps: 555 | Train Loss: 0.1623079 Vali Loss: 0.1428216
Validation loss decreased (0.143235 --> 0.142822).  Saving model ...
Updating learning rate to 0.00015625
	iters: 100, epoch: 8 | loss: 0.1484060
	speed: 0.4685s/iter; left time: 3333.5450s
	iters: 200, epoch: 8 | loss: 0.1515209
	speed: 0.2541s/iter; left time: 1782.7812s
	iters: 300, epoch: 8 | loss: 0.1840723
	speed: 0.2542s/iter; left time: 1758.2143s
	iters: 400, epoch: 8 | loss: 0.1586175
	speed: 0.2540s/iter; left time: 1731.1326s
	iters: 500, epoch: 8 | loss: 0.1532822
	speed: 0.2538s/iter; left time: 1704.5496s
Epoch: 8 cost time: 140.7774395942688
Epoch: 8, Steps: 555 | Train Loss: 0.1618046 Vali Loss: 0.1423873
Validation loss decreased (0.142822 --> 0.142387).  Saving model ...
Updating learning rate to 7.8125e-05
	iters: 100, epoch: 9 | loss: 0.1467082
	speed: 0.4692s/iter; left time: 3078.6003s
	iters: 200, epoch: 9 | loss: 0.1771211
	speed: 0.2539s/iter; left time: 1640.5640s
	iters: 300, epoch: 9 | loss: 0.1637744
	speed: 0.2543s/iter; left time: 1617.4067s
	iters: 400, epoch: 9 | loss: 0.1732903
	speed: 0.2539s/iter; left time: 1589.8638s
	iters: 500, epoch: 9 | loss: 0.1543099
	speed: 0.2542s/iter; left time: 1565.9695s
Epoch: 9 cost time: 140.82620930671692
Epoch: 9, Steps: 555 | Train Loss: 0.1614715 Vali Loss: 0.1428181
EarlyStopping counter: 1 out of 10
Updating learning rate to 3.90625e-05
	iters: 100, epoch: 10 | loss: 0.1564756
	speed: 0.4686s/iter; left time: 2814.1557s
	iters: 200, epoch: 10 | loss: 0.1841539
	speed: 0.2543s/iter; left time: 1501.7248s
	iters: 300, epoch: 10 | loss: 0.1806354
	speed: 0.2544s/iter; left time: 1476.9040s
	iters: 400, epoch: 10 | loss: 0.1638101
	speed: 0.2537s/iter; left time: 1447.4367s
	iters: 500, epoch: 10 | loss: 0.1799770
	speed: 0.2538s/iter; left time: 1423.0783s
Epoch: 10 cost time: 140.74427103996277
Epoch: 10, Steps: 555 | Train Loss: 0.1612566 Vali Loss: 0.1426604
EarlyStopping counter: 2 out of 10
Updating learning rate to 1.953125e-05
	iters: 100, epoch: 11 | loss: 0.1488076
	speed: 0.4696s/iter; left time: 2559.9222s
	iters: 200, epoch: 11 | loss: 0.1562229
	speed: 0.2538s/iter; left time: 1357.9800s
	iters: 300, epoch: 11 | loss: 0.1922598
	speed: 0.2539s/iter; left time: 1333.2060s
	iters: 400, epoch: 11 | loss: 0.1466947
	speed: 0.2543s/iter; left time: 1310.1294s
	iters: 500, epoch: 11 | loss: 0.1700851
	speed: 0.2540s/iter; left time: 1282.9333s
Epoch: 11 cost time: 140.74617862701416
Epoch: 11, Steps: 555 | Train Loss: 0.1611559 Vali Loss: 0.1425648
EarlyStopping counter: 3 out of 10
Updating learning rate to 9.765625e-06
	iters: 100, epoch: 12 | loss: 0.1670406
	speed: 0.4690s/iter; left time: 2296.1684s
	iters: 200, epoch: 12 | loss: 0.1547798
	speed: 0.2543s/iter; left time: 1219.7033s
	iters: 300, epoch: 12 | loss: 0.1639009
	speed: 0.2533s/iter; left time: 1189.3812s
	iters: 400, epoch: 12 | loss: 0.1794007
	speed: 0.2540s/iter; left time: 1167.4491s
	iters: 500, epoch: 12 | loss: 0.1764677
	speed: 0.2539s/iter; left time: 1141.7076s
Epoch: 12 cost time: 140.73072504997253
Epoch: 12, Steps: 555 | Train Loss: 0.1610560 Vali Loss: 0.1427589
EarlyStopping counter: 4 out of 10
Updating learning rate to 4.8828125e-06
	iters: 100, epoch: 13 | loss: 0.1444297
	speed: 0.4689s/iter; left time: 2035.6093s
	iters: 200, epoch: 13 | loss: 0.1612092
	speed: 0.2537s/iter; left time: 1075.7382s
	iters: 300, epoch: 13 | loss: 0.1392993
	speed: 0.2529s/iter; left time: 1047.3998s
	iters: 400, epoch: 13 | loss: 0.1742340
	speed: 0.2527s/iter; left time: 1021.3528s
	iters: 500, epoch: 13 | loss: 0.1587424
	speed: 0.2595s/iter; left time: 1022.5239s
Epoch: 13 cost time: 141.01810240745544
Epoch: 13, Steps: 555 | Train Loss: 0.1610609 Vali Loss: 0.1426079
EarlyStopping counter: 5 out of 10
Updating learning rate to 2.44140625e-06
	iters: 100, epoch: 14 | loss: 0.1690032
	speed: 0.4703s/iter; left time: 1780.4513s
	iters: 200, epoch: 14 | loss: 0.1592702
	speed: 0.2539s/iter; left time: 936.0470s
	iters: 300, epoch: 14 | loss: 0.1567829
	speed: 0.2541s/iter; left time: 911.1258s
	iters: 400, epoch: 14 | loss: 0.1506418
	speed: 0.2541s/iter; left time: 885.8108s
	iters: 500, epoch: 14 | loss: 0.1635746
	speed: 0.2564s/iter; left time: 868.2657s
Epoch: 14 cost time: 141.01571488380432
Epoch: 14, Steps: 555 | Train Loss: 0.1609887 Vali Loss: 0.1425648
EarlyStopping counter: 6 out of 10
Updating learning rate to 1.220703125e-06
	iters: 100, epoch: 15 | loss: 0.1675038
	speed: 0.4692s/iter; left time: 1515.8794s
	iters: 200, epoch: 15 | loss: 0.1420295
	speed: 0.2537s/iter; left time: 794.2148s
	iters: 300, epoch: 15 | loss: 0.1676576
	speed: 0.2537s/iter; left time: 768.9252s
	iters: 400, epoch: 15 | loss: 0.1621762
	speed: 0.2537s/iter; left time: 743.4711s
	iters: 500, epoch: 15 | loss: 0.1577336
	speed: 0.2536s/iter; left time: 717.8304s
Epoch: 15 cost time: 140.64849591255188
Epoch: 15, Steps: 555 | Train Loss: 0.1610348 Vali Loss: 0.1425870
EarlyStopping counter: 7 out of 10
Updating learning rate to 6.103515625e-07
	iters: 100, epoch: 16 | loss: 0.1547482
	speed: 0.4693s/iter; left time: 1255.7563s
	iters: 200, epoch: 16 | loss: 0.1591367
	speed: 0.2535s/iter; left time: 652.9500s
	iters: 300, epoch: 16 | loss: 0.1607270
	speed: 0.2539s/iter; left time: 628.5487s
	iters: 400, epoch: 16 | loss: 0.1484343
	speed: 0.2540s/iter; left time: 603.5075s
	iters: 500, epoch: 16 | loss: 0.1574762
	speed: 0.2542s/iter; left time: 578.4745s
Epoch: 16 cost time: 140.68475437164307
Epoch: 16, Steps: 555 | Train Loss: 0.1609688 Vali Loss: 0.1425645
EarlyStopping counter: 8 out of 10
Updating learning rate to 3.0517578125e-07
	iters: 100, epoch: 17 | loss: 0.1500711
	speed: 0.4692s/iter; left time: 995.0994s
	iters: 200, epoch: 17 | loss: 0.1762702
	speed: 0.2533s/iter; left time: 511.9311s
	iters: 300, epoch: 17 | loss: 0.1454938
	speed: 0.2536s/iter; left time: 487.1214s
	iters: 400, epoch: 17 | loss: 0.1585844
	speed: 0.2541s/iter; left time: 462.7524s
	iters: 500, epoch: 17 | loss: 0.1584651
	speed: 0.2548s/iter; left time: 438.5816s
Epoch: 17 cost time: 140.82104516029358
Epoch: 17, Steps: 555 | Train Loss: 0.1609958 Vali Loss: 0.1425598
EarlyStopping counter: 9 out of 10
Updating learning rate to 1.52587890625e-07
	iters: 100, epoch: 18 | loss: 0.1562929
	speed: 0.4695s/iter; left time: 735.2955s
	iters: 200, epoch: 18 | loss: 0.1663089
	speed: 0.2543s/iter; left time: 372.8292s
	iters: 300, epoch: 18 | loss: 0.1717575
	speed: 0.2540s/iter; left time: 346.9854s
	iters: 400, epoch: 18 | loss: 0.1471797
	speed: 0.2537s/iter; left time: 321.2027s
	iters: 500, epoch: 18 | loss: 0.1525126
	speed: 0.2539s/iter; left time: 295.9929s
Epoch: 18 cost time: 140.75971603393555
Epoch: 18, Steps: 555 | Train Loss: 0.1610362 Vali Loss: 0.1425591
EarlyStopping counter: 10 out of 10
Early stopping
VALIDATION_RESULT {"best_epoch": 8, "best_mae": 0.23404102409728716, "best_mse": 0.14238731784654488, "epochs_ran": 18, "metric_version": "element_weighted_v1", "train_duration_seconds": 2684.0873052258976, "train_peak_cuda_memory_bytes": 15229731328}
>>>>>>>testing : long_term_forecast_p0_timemixer_electricity_l336_h336_s2021_TimeMixer_custom_ftM_sl336_ll0_pl336_dm16_nh4_el3_dl1_df32_expand2_dc4_fc3_ebtimeF_dtTrue_p0_timemixer_electricity_l336_h336_s2021_0<<<<<<<<<<<<<<<<<<<<<<<<<<<<<<<<<
test 4925
EVALUATION_RESULT {"batches": 154, "elapsed_seconds": 15.95894692512229, "elements": 531190800, "mae": 0.26038235778462276, "metric_version": "element_weighted_v1", "milliseconds_per_batch": 103.62952548780709, "mse": 0.17088613780585055, "origin_count": 4925, "origin_metric_version": "per_forecast_origin_mean_v1", "origin_metrics_path": "/home/cwh/Time-Series-Library/logs/timerole_table3_ecl_solar/baselines/formal/checkpoints/long_term_forecast_p0_timemixer_electricity_l336_h336_s2021_TimeMixer_custom_ftM_sl336_ll0_pl336_dm16_nh4_el3_dl1_df32_expand2_dc4_fc3_ebtimeF_dtTrue_p0_timemixer_electricity_l336_h336_s2021_0/test_origin_metrics.npz", "parameter_count": 1224513, "peak_cuda_memory_bytes": 3217485824, "split": "test", "test_accessed": true, "timerole_intervention": "intact"}
mse:0.17088613780585055, mae:0.26038235778462276, dtw:Not calculated
