Using GPU
Args in experiment:
[1mBasic Config[0m
  Task Name:          long_term_forecast  Is Training:        1                   
  Model ID:           p0_timemixer_electricity_l336_h192_s2023Model:              TimeMixer           

[1mData Loader[0m
  Data:               custom              Root Path:          /home/cwh/Time-Series-Library/dataset/electricity
  Data Path:          electricity.csv     Features:           M                   
  Target:             0                   Freq:               h                   
  Checkpoints:        /home/cwh/Time-Series-Library/logs/timerole_table3_ecl_solar/baselines/formal/checkpoints

[1mForecasting Task[0m
  Seq Len:            336                 Label Len:          0                   
  Pred Len:           192                 Seasonal Patterns:  Monthly             
  Inverse:            0                   

[1mModel Parameters[0m
  Top k:              5                   Num Kernels:        6                   
  Enc In:             321                 Dec In:             321                 
  C Out:              321                 d model:            16                  
  n heads:            4                   e layers:           3                   
  d layers:           1                   d FF:               32                  
  Moving Avg:         25                  Factor:             3                   
  Distil:             1                   Dropout:            0.1                 
  Embed:              timeF               Activation:         gelu                

[1mRun Parameters[0m
  Num Workers:        0                   Itr:                1                   
  Train Epochs:       20                  Batch Size:         32                  
  Patience:           10                  Learning Rate:      0.01                
  Des:                p0_timemixer_electricity_l336_h192_s2023Loss:               MSE                 
  Lradj:              type1               Use Amp:            0                   

[1mGPU[0m
  Use GPU:            1                   GPU:                0                   
  Use Multi GPU:      0                   Devices:            0,1,2,3             

[1mDe-stationary Projector Params[0m
  P Hidden Dims:      128, 128            P Hidden Layers:    2                   

Use GPU: cuda:0
🚀 Lazy Loading: TimeMixer ...
>>>>>>>start training : long_term_forecast_p0_timemixer_electricity_l336_h192_s2023_TimeMixer_custom_ftM_sl336_ll0_pl192_dm16_nh4_el3_dl1_df32_expand2_dc4_fc3_ebtimeF_dtTrue_p0_timemixer_electricity_l336_h192_s2023_0>>>>>>>>>>>>>>>>>>>>>>>>>>
train 17885
val 2441
	iters: 100, epoch: 1 | loss: 0.2239424
	speed: 0.2532s/iter; left time: 2805.5405s
	iters: 200, epoch: 1 | loss: 0.1858478
	speed: 0.2460s/iter; left time: 2701.4827s
	iters: 300, epoch: 1 | loss: 0.1657784
	speed: 0.2457s/iter; left time: 2673.2136s
	iters: 400, epoch: 1 | loss: 0.1835074
	speed: 0.2458s/iter; left time: 2650.2064s
	iters: 500, epoch: 1 | loss: 0.1468273
	speed: 0.2460s/iter; left time: 2628.0224s
Epoch: 1 cost time: 137.76393508911133
Epoch: 1, Steps: 559 | Train Loss: 0.2374128 Vali Loss: 0.1358809
Validation loss decreased (inf --> 0.135881).  Saving model ...
Updating learning rate to 0.01
	iters: 100, epoch: 2 | loss: 0.1381914
	speed: 0.4684s/iter; left time: 4928.6044s
	iters: 200, epoch: 2 | loss: 0.1677222
	speed: 0.2460s/iter; left time: 2563.3904s
	iters: 300, epoch: 2 | loss: 0.1706409
	speed: 0.2456s/iter; left time: 2534.7985s
	iters: 400, epoch: 2 | loss: 0.1289311
	speed: 0.2458s/iter; left time: 2512.0907s
	iters: 500, epoch: 2 | loss: 0.1548544
	speed: 0.2457s/iter; left time: 2486.6900s
Epoch: 2 cost time: 137.26733088493347
Epoch: 2, Steps: 559 | Train Loss: 0.1549755 Vali Loss: 0.1294985
Validation loss decreased (0.135881 --> 0.129498).  Saving model ...
Updating learning rate to 0.005
	iters: 100, epoch: 3 | loss: 0.1674116
	speed: 0.4688s/iter; left time: 4670.9767s
	iters: 200, epoch: 3 | loss: 0.1427312
	speed: 0.2462s/iter; left time: 2428.2709s
	iters: 300, epoch: 3 | loss: 0.1398680
	speed: 0.2460s/iter; left time: 2401.9309s
	iters: 400, epoch: 3 | loss: 0.1612626
	speed: 0.2460s/iter; left time: 2376.7507s
	iters: 500, epoch: 3 | loss: 0.1513544
	speed: 0.2456s/iter; left time: 2348.8388s
Epoch: 3 cost time: 137.32291769981384
Epoch: 3, Steps: 559 | Train Loss: 0.1493454 Vali Loss: 0.1284000
Validation loss decreased (0.129498 --> 0.128400).  Saving model ...
Updating learning rate to 0.0025
	iters: 100, epoch: 4 | loss: 0.1586453
	speed: 0.4696s/iter; left time: 4415.6494s
	iters: 200, epoch: 4 | loss: 0.1666921
	speed: 0.2457s/iter; left time: 2286.2826s
	iters: 300, epoch: 4 | loss: 0.1364416
	speed: 0.2462s/iter; left time: 2265.8315s
	iters: 400, epoch: 4 | loss: 0.1374414
	speed: 0.2461s/iter; left time: 2240.6841s
	iters: 500, epoch: 4 | loss: 0.1377956
	speed: 0.2456s/iter; left time: 2210.9501s
Epoch: 4 cost time: 137.31546211242676
Epoch: 4, Steps: 559 | Train Loss: 0.1462943 Vali Loss: 0.1272859
Validation loss decreased (0.128400 --> 0.127286).  Saving model ...
Updating learning rate to 0.00125
	iters: 100, epoch: 5 | loss: 0.1310983
	speed: 0.4680s/iter; left time: 4139.7309s
	iters: 200, epoch: 5 | loss: 0.1467910
	speed: 0.2462s/iter; left time: 2152.5945s
	iters: 300, epoch: 5 | loss: 0.1466121
	speed: 0.2460s/iter; left time: 2126.3136s
	iters: 400, epoch: 5 | loss: 0.1391676
	speed: 0.2453s/iter; left time: 2096.1085s
	iters: 500, epoch: 5 | loss: 0.1546991
	speed: 0.2459s/iter; left time: 2077.0116s
Epoch: 5 cost time: 137.28054237365723
Epoch: 5, Steps: 559 | Train Loss: 0.1443581 Vali Loss: 0.1269041
Validation loss decreased (0.127286 --> 0.126904).  Saving model ...
Updating learning rate to 0.000625
	iters: 100, epoch: 6 | loss: 0.1577265
	speed: 0.4686s/iter; left time: 3882.6393s
	iters: 200, epoch: 6 | loss: 0.1348997
	speed: 0.2467s/iter; left time: 2019.2397s
	iters: 300, epoch: 6 | loss: 0.1453016
	speed: 0.2465s/iter; left time: 1993.2832s
	iters: 400, epoch: 6 | loss: 0.1312864
	speed: 0.2463s/iter; left time: 1966.7536s
	iters: 500, epoch: 6 | loss: 0.1371737
	speed: 0.2467s/iter; left time: 1945.3234s
Epoch: 6 cost time: 137.5379180908203
Epoch: 6, Steps: 559 | Train Loss: 0.1430147 Vali Loss: 0.1265691
Validation loss decreased (0.126904 --> 0.126569).  Saving model ...
Updating learning rate to 0.0003125
	iters: 100, epoch: 7 | loss: 0.1302676
	speed: 0.4694s/iter; left time: 3626.6716s
	iters: 200, epoch: 7 | loss: 0.1405331
	speed: 0.2460s/iter; left time: 1876.4281s
	iters: 300, epoch: 7 | loss: 0.1386599
	speed: 0.2461s/iter; left time: 1852.6370s
	iters: 400, epoch: 7 | loss: 0.1487359
	speed: 0.2461s/iter; left time: 1827.8859s
	iters: 500, epoch: 7 | loss: 0.1475658
	speed: 0.2455s/iter; left time: 1799.1104s
Epoch: 7 cost time: 137.34316754341125
Epoch: 7, Steps: 559 | Train Loss: 0.1421549 Vali Loss: 0.1261201
Validation loss decreased (0.126569 --> 0.126120).  Saving model ...
Updating learning rate to 0.00015625
	iters: 100, epoch: 8 | loss: 0.1317436
	speed: 0.4688s/iter; left time: 3360.4973s
	iters: 200, epoch: 8 | loss: 0.1326324
	speed: 0.2460s/iter; left time: 1739.0794s
	iters: 300, epoch: 8 | loss: 0.1417132
	speed: 0.2462s/iter; left time: 1715.2173s
	iters: 400, epoch: 8 | loss: 0.1457591
	speed: 0.2456s/iter; left time: 1686.9115s
	iters: 500, epoch: 8 | loss: 0.1506262
	speed: 0.2458s/iter; left time: 1663.5820s
Epoch: 8 cost time: 137.32997727394104
Epoch: 8, Steps: 559 | Train Loss: 0.1415995 Vali Loss: 0.1258960
Validation loss decreased (0.126120 --> 0.125896).  Saving model ...
Updating learning rate to 7.8125e-05
	iters: 100, epoch: 9 | loss: 0.1562964
	speed: 0.4688s/iter; left time: 3098.0344s
	iters: 200, epoch: 9 | loss: 0.1563041
	speed: 0.2459s/iter; left time: 1600.2992s
	iters: 300, epoch: 9 | loss: 0.1357552
	speed: 0.2463s/iter; left time: 1578.5493s
	iters: 400, epoch: 9 | loss: 0.1541609
	speed: 0.2465s/iter; left time: 1555.3931s
	iters: 500, epoch: 9 | loss: 0.1292236
	speed: 0.2458s/iter; left time: 1526.4671s
Epoch: 9 cost time: 137.4448070526123
Epoch: 9, Steps: 559 | Train Loss: 0.1412626 Vali Loss: 0.1258037
Validation loss decreased (0.125896 --> 0.125804).  Saving model ...
Updating learning rate to 3.90625e-05
	iters: 100, epoch: 10 | loss: 0.1313335
	speed: 0.4690s/iter; left time: 2837.3473s
	iters: 200, epoch: 10 | loss: 0.1518831
	speed: 0.2461s/iter; left time: 1464.2732s
	iters: 300, epoch: 10 | loss: 0.1459533
	speed: 0.2455s/iter; left time: 1436.2545s
	iters: 400, epoch: 10 | loss: 0.1531678
	speed: 0.2457s/iter; left time: 1413.0450s
	iters: 500, epoch: 10 | loss: 0.1410751
	speed: 0.2459s/iter; left time: 1389.3807s
Epoch: 10 cost time: 137.36024165153503
Epoch: 10, Steps: 559 | Train Loss: 0.1410731 Vali Loss: 0.1255678
Validation loss decreased (0.125804 --> 0.125568).  Saving model ...
Updating learning rate to 1.953125e-05
	iters: 100, epoch: 11 | loss: 0.1370428
	speed: 0.4684s/iter; left time: 2571.9991s
	iters: 200, epoch: 11 | loss: 0.1235913
	speed: 0.2456s/iter; left time: 1324.2507s
	iters: 300, epoch: 11 | loss: 0.1418266
	speed: 0.2459s/iter; left time: 1301.3175s
	iters: 400, epoch: 11 | loss: 0.1303763
	speed: 0.2464s/iter; left time: 1278.8198s
	iters: 500, epoch: 11 | loss: 0.1420200
	speed: 0.2457s/iter; left time: 1250.9840s
Epoch: 11 cost time: 137.3179280757904
Epoch: 11, Steps: 559 | Train Loss: 0.1409218 Vali Loss: 0.1258560
EarlyStopping counter: 1 out of 10
Updating learning rate to 9.765625e-06
	iters: 100, epoch: 12 | loss: 0.1346885
	speed: 0.4686s/iter; left time: 2311.0604s
	iters: 200, epoch: 12 | loss: 0.1372617
	speed: 0.2458s/iter; left time: 1187.8928s
	iters: 300, epoch: 12 | loss: 0.1471830
	speed: 0.2456s/iter; left time: 1162.0375s
	iters: 400, epoch: 12 | loss: 0.1566763
	speed: 0.2459s/iter; left time: 1138.9949s
	iters: 500, epoch: 12 | loss: 0.1589773
	speed: 0.2457s/iter; left time: 1113.4160s
Epoch: 12 cost time: 137.24344944953918
Epoch: 12, Steps: 559 | Train Loss: 0.1408645 Vali Loss: 0.1258552
EarlyStopping counter: 2 out of 10
Updating learning rate to 4.8828125e-06
	iters: 100, epoch: 13 | loss: 0.1319612
	speed: 0.4686s/iter; left time: 2049.2718s
	iters: 200, epoch: 13 | loss: 0.1530160
	speed: 0.2458s/iter; left time: 1050.3609s
	iters: 300, epoch: 13 | loss: 0.1186848
	speed: 0.2457s/iter; left time: 1025.4727s
	iters: 400, epoch: 13 | loss: 0.1320550
	speed: 0.2455s/iter; left time: 1000.0506s
	iters: 500, epoch: 13 | loss: 0.1258053
	speed: 0.2455s/iter; left time: 975.3564s
Epoch: 13 cost time: 137.1661741733551
Epoch: 13, Steps: 559 | Train Loss: 0.1408210 Vali Loss: 0.1257662
EarlyStopping counter: 3 out of 10
Updating learning rate to 2.44140625e-06
	iters: 100, epoch: 14 | loss: 0.1465856
	speed: 0.4689s/iter; left time: 1788.4813s
	iters: 200, epoch: 14 | loss: 0.1337404
	speed: 0.2460s/iter; left time: 913.7630s
	iters: 300, epoch: 14 | loss: 0.1375759
	speed: 0.2458s/iter; left time: 888.3870s
	iters: 400, epoch: 14 | loss: 0.1428728
	speed: 0.2458s/iter; left time: 863.5879s
	iters: 500, epoch: 14 | loss: 0.1310125
	speed: 0.2464s/iter; left time: 841.1843s
Epoch: 14 cost time: 137.43641591072083
Epoch: 14, Steps: 559 | Train Loss: 0.1407969 Vali Loss: 0.1257529
EarlyStopping counter: 4 out of 10
Updating learning rate to 1.220703125e-06
	iters: 100, epoch: 15 | loss: 0.1292914
	speed: 0.4694s/iter; left time: 1528.0431s
	iters: 200, epoch: 15 | loss: 0.1306549
	speed: 0.2458s/iter; left time: 775.4550s
	iters: 300, epoch: 15 | loss: 0.1340232
	speed: 0.2458s/iter; left time: 751.0035s
	iters: 400, epoch: 15 | loss: 0.1265270
	speed: 0.2463s/iter; left time: 727.7974s
	iters: 500, epoch: 15 | loss: 0.1510804
	speed: 0.2459s/iter; left time: 701.9265s
Epoch: 15 cost time: 137.3796763420105
Epoch: 15, Steps: 559 | Train Loss: 0.1407856 Vali Loss: 0.1257495
EarlyStopping counter: 5 out of 10
Updating learning rate to 6.103515625e-07
	iters: 100, epoch: 16 | loss: 0.1445443
	speed: 0.4687s/iter; left time: 1263.5793s
	iters: 200, epoch: 16 | loss: 0.1531092
	speed: 0.2460s/iter; left time: 638.5217s
	iters: 300, epoch: 16 | loss: 0.1347570
	speed: 0.2455s/iter; left time: 612.7357s
	iters: 400, epoch: 16 | loss: 0.1542194
	speed: 0.2457s/iter; left time: 588.6136s
	iters: 500, epoch: 16 | loss: 0.1291822
	speed: 0.2460s/iter; left time: 564.8946s
Epoch: 16 cost time: 137.2697503566742
Epoch: 16, Steps: 559 | Train Loss: 0.1407757 Vali Loss: 0.1257578
EarlyStopping counter: 6 out of 10
Updating learning rate to 3.0517578125e-07
	iters: 100, epoch: 17 | loss: 0.1553037
	speed: 0.4685s/iter; left time: 1001.2162s
	iters: 200, epoch: 17 | loss: 0.1492670
	speed: 0.2457s/iter; left time: 500.4846s
	iters: 300, epoch: 17 | loss: 0.1493412
	speed: 0.2460s/iter; left time: 476.4587s
	iters: 400, epoch: 17 | loss: 0.1618640
	speed: 0.2461s/iter; left time: 452.0502s
	iters: 500, epoch: 17 | loss: 0.1585794
	speed: 0.2459s/iter; left time: 427.1172s
Epoch: 17 cost time: 137.31836605072021
Epoch: 17, Steps: 559 | Train Loss: 0.1407758 Vali Loss: 0.1257557
EarlyStopping counter: 7 out of 10
Updating learning rate to 1.52587890625e-07
	iters: 100, epoch: 18 | loss: 0.1278530
	speed: 0.4680s/iter; left time: 738.5762s
	iters: 200, epoch: 18 | loss: 0.1378737
	speed: 0.2455s/iter; left time: 362.8129s
	iters: 300, epoch: 18 | loss: 0.1505965
	speed: 0.2459s/iter; left time: 338.8164s
	iters: 400, epoch: 18 | loss: 0.1376354
	speed: 0.2525s/iter; left time: 322.7237s
	iters: 500, epoch: 18 | loss: 0.1223498
	speed: 0.2460s/iter; left time: 289.7830s
Epoch: 18 cost time: 137.93239831924438
Epoch: 18, Steps: 559 | Train Loss: 0.1407875 Vali Loss: 0.1257553
EarlyStopping counter: 8 out of 10
Updating learning rate to 7.62939453125e-08
	iters: 100, epoch: 19 | loss: 0.1350178
	speed: 0.4685s/iter; left time: 477.4146s
	iters: 200, epoch: 19 | loss: 0.1365867
	speed: 0.2455s/iter; left time: 225.6122s
	iters: 300, epoch: 19 | loss: 0.1370163
	speed: 0.2460s/iter; left time: 201.4813s
	iters: 400, epoch: 19 | loss: 0.1433193
	speed: 0.2461s/iter; left time: 176.9745s
	iters: 500, epoch: 19 | loss: 0.1231139
	speed: 0.2463s/iter; left time: 152.4697s
Epoch: 19 cost time: 137.34637022018433
Epoch: 19, Steps: 559 | Train Loss: 0.1407765 Vali Loss: 0.1257543
EarlyStopping counter: 9 out of 10
Updating learning rate to 3.814697265625e-08
	iters: 100, epoch: 20 | loss: 0.1423388
	speed: 0.4681s/iter; left time: 215.3098s
	iters: 200, epoch: 20 | loss: 0.1334810
	speed: 0.2457s/iter; left time: 88.4373s
	iters: 300, epoch: 20 | loss: 0.1534788
	speed: 0.2462s/iter; left time: 64.0036s
	iters: 400, epoch: 20 | loss: 0.1217271
	speed: 0.2461s/iter; left time: 39.3688s
	iters: 500, epoch: 20 | loss: 0.1527895
	speed: 0.2457s/iter; left time: 14.7428s
Epoch: 20 cost time: 137.3221893310547
Epoch: 20, Steps: 559 | Train Loss: 0.1407688 Vali Loss: 0.1257544
EarlyStopping counter: 10 out of 10
Early stopping
VALIDATION_RESULT {"best_epoch": 10, "best_mae": 0.21870797940444994, "best_mse": 0.12556775257371675, "epochs_ran": 20, "metric_version": "element_weighted_v1", "train_duration_seconds": 2915.2160832858644, "train_peak_cuda_memory_bytes": 15204393984}
>>>>>>>testing : long_term_forecast_p0_timemixer_electricity_l336_h192_s2023_TimeMixer_custom_ftM_sl336_ll0_pl192_dm16_nh4_el3_dl1_df32_expand2_dc4_fc3_ebtimeF_dtTrue_p0_timemixer_electricity_l336_h192_s2023_0<<<<<<<<<<<<<<<<<<<<<<<<<<<<<<<<<
test 5069
EVALUATION_RESULT {"batches": 159, "elapsed_seconds": 15.872248537372798, "elements": 312412608, "mae": 0.24285552431593926, "metric_version": "element_weighted_v1", "milliseconds_per_batch": 99.82546249919999, "mse": 0.15131649602390568, "origin_count": 5069, "origin_metric_version": "per_forecast_origin_mean_v1", "origin_metrics_path": "/home/cwh/Time-Series-Library/logs/timerole_table3_ecl_solar/baselines/formal/checkpoints/long_term_forecast_p0_timemixer_electricity_l336_h192_s2023_TimeMixer_custom_ftM_sl336_ll0_pl192_dm16_nh4_el3_dl1_df32_expand2_dc4_fc3_ebtimeF_dtTrue_p0_timemixer_electricity_l336_h192_s2023_0/test_origin_metrics.npz", "parameter_count": 1133217, "peak_cuda_memory_bytes": 3183794688, "split": "test", "test_accessed": true, "timerole_intervention": "intact"}
mse:0.15131649602390568, mae:0.24285552431593926, dtw:Not calculated
