Using GPU
Args in experiment:
[1mBasic Config[0m
  Task Name:          long_term_forecast  Is Training:        1                   
  Model ID:           sensitivity_history_ettm2_h720_l960_r96_p16_s2023Model:              TimeRole            

[1mData Loader[0m
  Data:               ETTm2               Root Path:          /home/cwh/Time-Series-Library/dataset/ETT-small
  Data Path:          ETTm2.csv           Features:           M                   
  Target:             OT                  Freq:               h                   
  Checkpoints:        /home/cwh/Time-Series-Library/logs/timerole_p0/sensitivity/checkpoints

[1mForecasting Task[0m
  Seq Len:            960                 Label Len:          48                  
  Pred Len:           720                 Seasonal Patterns:  Monthly             
  Inverse:            0                   

[1mModel Parameters[0m
  Top k:              5                   Num Kernels:        6                   
  Enc In:             7                   Dec In:             7                   
  C Out:              7                   d model:            64                  
  n heads:            8                   e layers:           1                   
  d layers:           1                   d FF:               128                 
  Moving Avg:         25                  Factor:             1                   
  Distil:             1                   Dropout:            0.1                 
  Embed:              timeF               Activation:         gelu                

[1mRun Parameters[0m
  Num Workers:        0                   Itr:                1                   
  Train Epochs:       100                 Batch Size:         32                  
  Patience:           6                   Learning Rate:      0.0005              
  Des:                sensitivity_history_ettm2_h720_l960_r96_p16_s2023Loss:               MSE                 
  Lradj:              type1               Use Amp:            0                   

[1mGPU[0m
  Use GPU:            1                   GPU:                0                   
  Use Multi GPU:      0                   Devices:            0,1,2,3             

[1mDe-stationary Projector Params[0m
  P Hidden Dims:      128, 128            P Hidden Layers:    2                   

Use GPU: cuda:0
🚀 Lazy Loading: TimeRole ...
[GraphMamba] Loaded static graph: /home/cwh/Time-Series-Library/dataset/ETT-small/ETTm2_adj_train_ETTm2_M_uniform_2000_seed2023.npy
>>>>>>>start training : long_term_forecast_sensitivity_history_ettm2_h720_l960_r96_p16_s2023_TimeRole_ETTm2_ftM_sl960_ll48_pl720_dm64_nh8_el1_dl1_df128_expand2_dc2_fc1_ebtimeF_dtTrue_sensitivity_history_ettm2_h720_l960_r96_p16_s2023_0>>>>>>>>>>>>>>>>>>>>>>>>>>
train 32881
val 10801
	iters: 100, epoch: 1 | loss: 0.7130328
	speed: 0.0149s/iter; left time: 1525.2956s
	iters: 200, epoch: 1 | loss: 0.7181545
	speed: 0.0126s/iter; left time: 1288.8956s
	iters: 300, epoch: 1 | loss: 0.7959645
	speed: 0.0125s/iter; left time: 1278.8524s
	iters: 400, epoch: 1 | loss: 0.5047725
	speed: 0.0123s/iter; left time: 1262.6058s
	iters: 500, epoch: 1 | loss: 0.3557013
	speed: 0.0124s/iter; left time: 1269.7953s
	iters: 600, epoch: 1 | loss: 0.3305564
	speed: 0.0129s/iter; left time: 1318.6455s
	iters: 700, epoch: 1 | loss: 0.4386532
	speed: 0.0127s/iter; left time: 1291.9760s
	iters: 800, epoch: 1 | loss: 0.6392824
	speed: 0.0128s/iter; left time: 1308.7990s
	iters: 900, epoch: 1 | loss: 0.4757130
	speed: 0.0125s/iter; left time: 1271.3872s
	iters: 1000, epoch: 1 | loss: 0.6235706
	speed: 0.0124s/iter; left time: 1262.2839s
Epoch: 1 cost time: 13.141727685928345
Epoch: 1, Steps: 1028 | Train Loss: 0.5188177 Vali Loss: 0.2860126
Validation loss decreased (inf --> 0.286013).  Saving model ...
Updating learning rate to 0.0005
	iters: 100, epoch: 2 | loss: 0.3252212
	speed: 0.0357s/iter; left time: 3629.9886s
	iters: 200, epoch: 2 | loss: 0.3476803
	speed: 0.0126s/iter; left time: 1280.4918s
	iters: 300, epoch: 2 | loss: 0.3863598
	speed: 0.0123s/iter; left time: 1244.5432s
	iters: 400, epoch: 2 | loss: 0.3341175
	speed: 0.0129s/iter; left time: 1305.7083s
	iters: 500, epoch: 2 | loss: 0.6742616
	speed: 0.0122s/iter; left time: 1233.8564s
	iters: 600, epoch: 2 | loss: 0.5143621
	speed: 0.0125s/iter; left time: 1269.6282s
	iters: 700, epoch: 2 | loss: 0.3433903
	speed: 0.0123s/iter; left time: 1240.8682s
	iters: 800, epoch: 2 | loss: 0.3710938
	speed: 0.0119s/iter; left time: 1205.7158s
	iters: 900, epoch: 2 | loss: 0.5261449
	speed: 0.0118s/iter; left time: 1187.5129s
	iters: 1000, epoch: 2 | loss: 0.5148076
	speed: 0.0121s/iter; left time: 1220.6032s
Epoch: 2 cost time: 12.668560981750488
Epoch: 2, Steps: 1028 | Train Loss: 0.4828982 Vali Loss: 0.2865963
EarlyStopping counter: 1 out of 6
Updating learning rate to 0.00025
	iters: 100, epoch: 3 | loss: 0.2863542
	speed: 0.0343s/iter; left time: 3452.2579s
	iters: 200, epoch: 3 | loss: 0.3536165
	speed: 0.0122s/iter; left time: 1230.8065s
	iters: 300, epoch: 3 | loss: 0.4316435
	speed: 0.0126s/iter; left time: 1267.0518s
	iters: 400, epoch: 3 | loss: 0.2787121
	speed: 0.0126s/iter; left time: 1262.9800s
	iters: 500, epoch: 3 | loss: 0.4049811
	speed: 0.0120s/iter; left time: 1205.2273s
	iters: 600, epoch: 3 | loss: 0.4055991
	speed: 0.0125s/iter; left time: 1248.0787s
	iters: 700, epoch: 3 | loss: 0.4722559
	speed: 0.0126s/iter; left time: 1260.0868s
	iters: 800, epoch: 3 | loss: 0.2402174
	speed: 0.0125s/iter; left time: 1245.6669s
	iters: 900, epoch: 3 | loss: 0.5909071
	speed: 0.0125s/iter; left time: 1251.5456s
	iters: 1000, epoch: 3 | loss: 0.5284688
	speed: 0.0123s/iter; left time: 1231.1910s
Epoch: 3 cost time: 12.72014570236206
Epoch: 3, Steps: 1028 | Train Loss: 0.4665718 Vali Loss: 0.2998990
EarlyStopping counter: 2 out of 6
Updating learning rate to 0.000125
	iters: 100, epoch: 4 | loss: 0.5592282
	speed: 0.0341s/iter; left time: 3398.5686s
	iters: 200, epoch: 4 | loss: 0.4136398
	speed: 0.0119s/iter; left time: 1182.1450s
	iters: 300, epoch: 4 | loss: 0.4348544
	speed: 0.0120s/iter; left time: 1197.5934s
	iters: 400, epoch: 4 | loss: 0.2811089
	speed: 0.0120s/iter; left time: 1194.2875s
	iters: 500, epoch: 4 | loss: 0.5718224
	speed: 0.0119s/iter; left time: 1178.1494s
	iters: 600, epoch: 4 | loss: 0.6485277
	speed: 0.0118s/iter; left time: 1170.0306s
	iters: 700, epoch: 4 | loss: 0.2944062
	speed: 0.0121s/iter; left time: 1195.5552s
	iters: 800, epoch: 4 | loss: 0.4641786
	speed: 0.0119s/iter; left time: 1175.1662s
	iters: 900, epoch: 4 | loss: 0.5882650
	speed: 0.0121s/iter; left time: 1194.6324s
	iters: 1000, epoch: 4 | loss: 0.4019616
	speed: 0.0121s/iter; left time: 1191.0454s
Epoch: 4 cost time: 12.296616315841675
Epoch: 4, Steps: 1028 | Train Loss: 0.4579138 Vali Loss: 0.3057546
EarlyStopping counter: 3 out of 6
Updating learning rate to 6.25e-05
	iters: 100, epoch: 5 | loss: 0.4852166
	speed: 0.0335s/iter; left time: 3306.6881s
	iters: 200, epoch: 5 | loss: 0.4965273
	speed: 0.0120s/iter; left time: 1183.5594s
	iters: 300, epoch: 5 | loss: 0.4160015
	speed: 0.0121s/iter; left time: 1194.0765s
	iters: 400, epoch: 5 | loss: 0.2291629
	speed: 0.0121s/iter; left time: 1190.9080s
	iters: 500, epoch: 5 | loss: 0.6912609
	speed: 0.0123s/iter; left time: 1210.1446s
	iters: 600, epoch: 5 | loss: 0.3411593
	speed: 0.0121s/iter; left time: 1188.0077s
	iters: 700, epoch: 5 | loss: 0.2402627
	speed: 0.0121s/iter; left time: 1184.4899s
	iters: 800, epoch: 5 | loss: 0.4035370
	speed: 0.0119s/iter; left time: 1160.5790s
	iters: 900, epoch: 5 | loss: 0.4578653
	speed: 0.0121s/iter; left time: 1181.7849s
	iters: 1000, epoch: 5 | loss: 0.4339483
	speed: 0.0125s/iter; left time: 1217.8371s
Epoch: 5 cost time: 12.439997911453247
Epoch: 5, Steps: 1028 | Train Loss: 0.4523322 Vali Loss: 0.2981348
EarlyStopping counter: 4 out of 6
Updating learning rate to 3.125e-05
	iters: 100, epoch: 6 | loss: 0.3746714
	speed: 0.0344s/iter; left time: 3358.5668s
	iters: 200, epoch: 6 | loss: 0.3736607
	speed: 0.0121s/iter; left time: 1178.1962s
	iters: 300, epoch: 6 | loss: 0.3638984
	speed: 0.0118s/iter; left time: 1149.7895s
	iters: 400, epoch: 6 | loss: 0.4103460
	speed: 0.0120s/iter; left time: 1169.9393s
	iters: 500, epoch: 6 | loss: 0.3822992
	speed: 0.0121s/iter; left time: 1177.9371s
	iters: 600, epoch: 6 | loss: 0.2837712
	speed: 0.0119s/iter; left time: 1154.3419s
	iters: 700, epoch: 6 | loss: 0.4462910
	speed: 0.0117s/iter; left time: 1138.4666s
	iters: 800, epoch: 6 | loss: 0.5228544
	speed: 0.0118s/iter; left time: 1142.7691s
	iters: 900, epoch: 6 | loss: 0.5892382
	speed: 0.0125s/iter; left time: 1207.5417s
	iters: 1000, epoch: 6 | loss: 0.5191632
	speed: 0.0120s/iter; left time: 1162.4019s
Epoch: 6 cost time: 12.383198261260986
Epoch: 6, Steps: 1028 | Train Loss: 0.4494390 Vali Loss: 0.3049110
EarlyStopping counter: 5 out of 6
Updating learning rate to 1.5625e-05
	iters: 100, epoch: 7 | loss: 0.3779652
	speed: 0.0335s/iter; left time: 3236.7800s
	iters: 200, epoch: 7 | loss: 0.3425600
	speed: 0.0121s/iter; left time: 1162.1792s
	iters: 300, epoch: 7 | loss: 0.4191872
	speed: 0.0120s/iter; left time: 1151.6272s
	iters: 400, epoch: 7 | loss: 0.3491673
	speed: 0.0117s/iter; left time: 1129.5823s
	iters: 500, epoch: 7 | loss: 0.6486213
	speed: 0.0119s/iter; left time: 1147.9461s
	iters: 600, epoch: 7 | loss: 0.5729350
	speed: 0.0119s/iter; left time: 1144.2874s
	iters: 700, epoch: 7 | loss: 0.5222304
	speed: 0.0121s/iter; left time: 1163.0466s
	iters: 800, epoch: 7 | loss: 0.3644861
	speed: 0.0121s/iter; left time: 1157.2634s
	iters: 900, epoch: 7 | loss: 0.3299395
	speed: 0.0116s/iter; left time: 1110.5161s
	iters: 1000, epoch: 7 | loss: 0.6726192
	speed: 0.0117s/iter; left time: 1122.1473s
Epoch: 7 cost time: 12.261459827423096
Epoch: 7, Steps: 1028 | Train Loss: 0.4477388 Vali Loss: 0.3028454
EarlyStopping counter: 6 out of 6
Early stopping
VALIDATION_RESULT {"best_epoch": 1, "best_mae": 0.3705314684117193, "best_mse": 0.2860126233385853, "epochs_ran": 7, "metric_version": "element_weighted_v1"}
>>>>>>>test skipped (validation-only run)<<<<<<<<<<<<<<<<<<<<<<<<
