Using GPU
Args in experiment:
[1mBasic Config[0m
  Task Name:          long_term_forecast  Is Training:        1                   
  Model ID:           sensitivity_history_ettm1_h720_l720_r96_p16_s2023Model:              TimeRole            

[1mData Loader[0m
  Data:               ETTm1               Root Path:          /home/cwh/Time-Series-Library/dataset/ETT-small
  Data Path:          ETTm1.csv           Features:           M                   
  Target:             OT                  Freq:               h                   
  Checkpoints:        /home/cwh/Time-Series-Library/logs/timerole_p0/sensitivity/checkpoints

[1mForecasting Task[0m
  Seq Len:            720                 Label Len:          48                  
  Pred Len:           720                 Seasonal Patterns:  Monthly             
  Inverse:            0                   

[1mModel Parameters[0m
  Top k:              5                   Num Kernels:        6                   
  Enc In:             7                   Dec In:             7                   
  C Out:              7                   d model:            64                  
  n heads:            8                   e layers:           1                   
  d layers:           1                   d FF:               128                 
  Moving Avg:         25                  Factor:             1                   
  Distil:             1                   Dropout:            0.1                 
  Embed:              timeF               Activation:         gelu                

[1mRun Parameters[0m
  Num Workers:        0                   Itr:                1                   
  Train Epochs:       100                 Batch Size:         32                  
  Patience:           6                   Learning Rate:      0.0005              
  Des:                sensitivity_history_ettm1_h720_l720_r96_p16_s2023Loss:               MSE                 
  Lradj:              type1               Use Amp:            0                   

[1mGPU[0m
  Use GPU:            1                   GPU:                0                   
  Use Multi GPU:      0                   Devices:            0,1,2,3             

[1mDe-stationary Projector Params[0m
  P Hidden Dims:      128, 128            P Hidden Layers:    2                   

Use GPU: cuda:0
🚀 Lazy Loading: TimeRole ...
[GraphMamba] Loaded static graph: /home/cwh/Time-Series-Library/dataset/ETT-small/ETTm1_adj_train_ETTm1_M_uniform_2000_seed2023.npy
>>>>>>>start training : long_term_forecast_sensitivity_history_ettm1_h720_l720_r96_p16_s2023_TimeRole_ETTm1_ftM_sl720_ll48_pl720_dm64_nh8_el1_dl1_df128_expand2_dc2_fc1_ebtimeF_dtTrue_sensitivity_history_ettm1_h720_l720_r96_p16_s2023_0>>>>>>>>>>>>>>>>>>>>>>>>>>
train 33121
val 10801
	iters: 100, epoch: 1 | loss: 0.5004091
	speed: 0.0144s/iter; left time: 1492.3429s
	iters: 200, epoch: 1 | loss: 0.4913181
	speed: 0.0124s/iter; left time: 1281.1646s
	iters: 300, epoch: 1 | loss: 0.4070118
	speed: 0.0119s/iter; left time: 1230.7634s
	iters: 400, epoch: 1 | loss: 0.4142683
	speed: 0.0118s/iter; left time: 1219.8611s
	iters: 500, epoch: 1 | loss: 0.5645798
	speed: 0.0121s/iter; left time: 1251.7167s
	iters: 600, epoch: 1 | loss: 0.4395322
	speed: 0.0122s/iter; left time: 1254.7282s
	iters: 700, epoch: 1 | loss: 0.3213792
	speed: 0.0121s/iter; left time: 1240.2847s
	iters: 800, epoch: 1 | loss: 0.4103566
	speed: 0.0123s/iter; left time: 1266.5575s
	iters: 900, epoch: 1 | loss: 0.3703283
	speed: 0.0122s/iter; left time: 1256.6131s
	iters: 1000, epoch: 1 | loss: 0.3661895
	speed: 0.0121s/iter; left time: 1243.6162s
Epoch: 1 cost time: 12.801696062088013
Epoch: 1, Steps: 1036 | Train Loss: 0.4519896 Vali Loss: 0.9426416
Validation loss decreased (inf --> 0.942642).  Saving model ...
Updating learning rate to 0.0005
	iters: 100, epoch: 2 | loss: 0.3989160
	speed: 0.0348s/iter; left time: 3565.3513s
	iters: 200, epoch: 2 | loss: 0.3959862
	speed: 0.0118s/iter; left time: 1211.8293s
	iters: 300, epoch: 2 | loss: 0.3984659
	speed: 0.0118s/iter; left time: 1211.8112s
	iters: 400, epoch: 2 | loss: 0.3674254
	speed: 0.0117s/iter; left time: 1195.9797s
	iters: 500, epoch: 2 | loss: 0.4268480
	speed: 0.0120s/iter; left time: 1224.3637s
	iters: 600, epoch: 2 | loss: 0.4442016
	speed: 0.0116s/iter; left time: 1184.6405s
	iters: 700, epoch: 2 | loss: 0.3340955
	speed: 0.0119s/iter; left time: 1214.1299s
	iters: 800, epoch: 2 | loss: 0.4124709
	speed: 0.0123s/iter; left time: 1249.5077s
	iters: 900, epoch: 2 | loss: 0.3936056
	speed: 0.0116s/iter; left time: 1177.7119s
	iters: 1000, epoch: 2 | loss: 0.4470474
	speed: 0.0120s/iter; left time: 1222.0733s
Epoch: 2 cost time: 12.31446361541748
Epoch: 2, Steps: 1036 | Train Loss: 0.4030863 Vali Loss: 0.9195955
Validation loss decreased (0.942642 --> 0.919595).  Saving model ...
Updating learning rate to 0.00025
	iters: 100, epoch: 3 | loss: 0.3633409
	speed: 0.0343s/iter; left time: 3479.0552s
	iters: 200, epoch: 3 | loss: 0.4237446
	speed: 0.0120s/iter; left time: 1215.8234s
	iters: 300, epoch: 3 | loss: 0.3765055
	speed: 0.0121s/iter; left time: 1220.6116s
	iters: 400, epoch: 3 | loss: 0.3502145
	speed: 0.0116s/iter; left time: 1170.8448s
	iters: 500, epoch: 3 | loss: 0.3194022
	speed: 0.0121s/iter; left time: 1219.8726s
	iters: 600, epoch: 3 | loss: 0.3983791
	speed: 0.0119s/iter; left time: 1204.7587s
	iters: 700, epoch: 3 | loss: 0.4194935
	speed: 0.0119s/iter; left time: 1200.2661s
	iters: 800, epoch: 3 | loss: 0.3890316
	speed: 0.0119s/iter; left time: 1196.6194s
	iters: 900, epoch: 3 | loss: 0.4010932
	speed: 0.0122s/iter; left time: 1229.5176s
	iters: 1000, epoch: 3 | loss: 0.4025005
	speed: 0.0120s/iter; left time: 1207.9934s
Epoch: 3 cost time: 12.366345643997192
Epoch: 3, Steps: 1036 | Train Loss: 0.3939392 Vali Loss: 0.9199804
EarlyStopping counter: 1 out of 6
Updating learning rate to 0.000125
	iters: 100, epoch: 4 | loss: 0.4511234
	speed: 0.0341s/iter; left time: 3424.4878s
	iters: 200, epoch: 4 | loss: 0.4080703
	speed: 0.0120s/iter; left time: 1206.2358s
	iters: 300, epoch: 4 | loss: 0.3873407
	speed: 0.0119s/iter; left time: 1191.5632s
	iters: 400, epoch: 4 | loss: 0.3558227
	speed: 0.0119s/iter; left time: 1196.0557s
	iters: 500, epoch: 4 | loss: 0.3967432
	speed: 0.0117s/iter; left time: 1167.2850s
	iters: 600, epoch: 4 | loss: 0.4397985
	speed: 0.0122s/iter; left time: 1215.3563s
	iters: 700, epoch: 4 | loss: 0.4258550
	speed: 0.0119s/iter; left time: 1189.1868s
	iters: 800, epoch: 4 | loss: 0.3642277
	speed: 0.0119s/iter; left time: 1182.6077s
	iters: 900, epoch: 4 | loss: 0.3375244
	speed: 0.0117s/iter; left time: 1168.2106s
	iters: 1000, epoch: 4 | loss: 0.3421992
	speed: 0.0115s/iter; left time: 1144.5762s
Epoch: 4 cost time: 12.341092824935913
Epoch: 4, Steps: 1036 | Train Loss: 0.3890327 Vali Loss: 0.9159599
Validation loss decreased (0.919595 --> 0.915960).  Saving model ...
Updating learning rate to 6.25e-05
	iters: 100, epoch: 5 | loss: 0.3587532
	speed: 0.0360s/iter; left time: 3579.6351s
	iters: 200, epoch: 5 | loss: 0.3714460
	speed: 0.0123s/iter; left time: 1217.7412s
	iters: 300, epoch: 5 | loss: 0.3252498
	speed: 0.0120s/iter; left time: 1185.0989s
	iters: 400, epoch: 5 | loss: 0.4115476
	speed: 0.0120s/iter; left time: 1186.1532s
	iters: 500, epoch: 5 | loss: 0.3783101
	speed: 0.0118s/iter; left time: 1169.1151s
	iters: 600, epoch: 5 | loss: 0.3898242
	speed: 0.0120s/iter; left time: 1184.1197s
	iters: 700, epoch: 5 | loss: 0.3621945
	speed: 0.0125s/iter; left time: 1239.3510s
	iters: 800, epoch: 5 | loss: 0.3733180
	speed: 0.0119s/iter; left time: 1175.0164s
	iters: 900, epoch: 5 | loss: 0.3780184
	speed: 0.0118s/iter; left time: 1162.1620s
	iters: 1000, epoch: 5 | loss: 0.3216013
	speed: 0.0124s/iter; left time: 1218.7567s
Epoch: 5 cost time: 12.555631399154663
Epoch: 5, Steps: 1036 | Train Loss: 0.3859976 Vali Loss: 0.9166100
EarlyStopping counter: 1 out of 6
Updating learning rate to 3.125e-05
	iters: 100, epoch: 6 | loss: 0.4070187
	speed: 0.0344s/iter; left time: 3386.7892s
	iters: 200, epoch: 6 | loss: 0.3643969
	speed: 0.0126s/iter; left time: 1238.0408s
	iters: 300, epoch: 6 | loss: 0.3953436
	speed: 0.0125s/iter; left time: 1227.2513s
	iters: 400, epoch: 6 | loss: 0.3258887
	speed: 0.0120s/iter; left time: 1172.5306s
	iters: 500, epoch: 6 | loss: 0.3468639
	speed: 0.0119s/iter; left time: 1165.0550s
	iters: 600, epoch: 6 | loss: 0.4350209
	speed: 0.0120s/iter; left time: 1169.2044s
	iters: 700, epoch: 6 | loss: 0.4040037
	speed: 0.0119s/iter; left time: 1166.3361s
	iters: 800, epoch: 6 | loss: 0.3403957
	speed: 0.0120s/iter; left time: 1173.4304s
	iters: 900, epoch: 6 | loss: 0.4133174
	speed: 0.0119s/iter; left time: 1160.6002s
	iters: 1000, epoch: 6 | loss: 0.3811418
	speed: 0.0118s/iter; left time: 1147.9413s
Epoch: 6 cost time: 12.539597749710083
Epoch: 6, Steps: 1036 | Train Loss: 0.3842436 Vali Loss: 0.9143124
Validation loss decreased (0.915960 --> 0.914312).  Saving model ...
Updating learning rate to 1.5625e-05
	iters: 100, epoch: 7 | loss: 0.3212475
	speed: 0.0357s/iter; left time: 3473.5527s
	iters: 200, epoch: 7 | loss: 0.4193845
	speed: 0.0123s/iter; left time: 1197.9623s
	iters: 300, epoch: 7 | loss: 0.3199942
	speed: 0.0119s/iter; left time: 1158.7172s
	iters: 400, epoch: 7 | loss: 0.3630183
	speed: 0.0120s/iter; left time: 1160.5849s
	iters: 500, epoch: 7 | loss: 0.3931023
	speed: 0.0120s/iter; left time: 1159.2545s
	iters: 600, epoch: 7 | loss: 0.3386745
	speed: 0.0121s/iter; left time: 1168.8383s
	iters: 700, epoch: 7 | loss: 0.4192837
	speed: 0.0120s/iter; left time: 1162.4590s
	iters: 800, epoch: 7 | loss: 0.4373475
	speed: 0.0117s/iter; left time: 1133.2328s
	iters: 900, epoch: 7 | loss: 0.3917227
	speed: 0.0121s/iter; left time: 1167.9723s
	iters: 1000, epoch: 7 | loss: 0.3605716
	speed: 0.0118s/iter; left time: 1137.2346s
Epoch: 7 cost time: 12.441681146621704
Epoch: 7, Steps: 1036 | Train Loss: 0.3831982 Vali Loss: 0.9148806
EarlyStopping counter: 1 out of 6
Updating learning rate to 7.8125e-06
	iters: 100, epoch: 8 | loss: 0.3833451
	speed: 0.0342s/iter; left time: 3287.3634s
	iters: 200, epoch: 8 | loss: 0.3586606
	speed: 0.0121s/iter; left time: 1163.3715s
	iters: 300, epoch: 8 | loss: 0.4141303
	speed: 0.0119s/iter; left time: 1142.3550s
	iters: 400, epoch: 8 | loss: 0.4183505
	speed: 0.0120s/iter; left time: 1150.4424s
	iters: 500, epoch: 8 | loss: 0.4172087
	speed: 0.0118s/iter; left time: 1131.1318s
	iters: 600, epoch: 8 | loss: 0.4401353
	speed: 0.0120s/iter; left time: 1147.9952s
	iters: 700, epoch: 8 | loss: 0.3419668
	speed: 0.0120s/iter; left time: 1146.5206s
	iters: 800, epoch: 8 | loss: 0.3489426
	speed: 0.0119s/iter; left time: 1135.4968s
	iters: 900, epoch: 8 | loss: 0.3681329
	speed: 0.0120s/iter; left time: 1140.7293s
	iters: 1000, epoch: 8 | loss: 0.3168027
	speed: 0.0124s/iter; left time: 1180.5151s
Epoch: 8 cost time: 12.448639154434204
Epoch: 8, Steps: 1036 | Train Loss: 0.3828513 Vali Loss: 0.9144394
EarlyStopping counter: 2 out of 6
Updating learning rate to 3.90625e-06
	iters: 100, epoch: 9 | loss: 0.4193768
	speed: 0.0340s/iter; left time: 3238.5117s
	iters: 200, epoch: 9 | loss: 0.3811211
	speed: 0.0118s/iter; left time: 1119.7012s
	iters: 300, epoch: 9 | loss: 0.3804382
	speed: 0.0119s/iter; left time: 1129.4276s
	iters: 400, epoch: 9 | loss: 0.3432218
	speed: 0.0119s/iter; left time: 1129.5616s
	iters: 500, epoch: 9 | loss: 0.3706906
	speed: 0.0117s/iter; left time: 1110.0609s
	iters: 600, epoch: 9 | loss: 0.4186896
	speed: 0.0120s/iter; left time: 1133.3886s
	iters: 700, epoch: 9 | loss: 0.3639614
	speed: 0.0118s/iter; left time: 1114.6747s
	iters: 800, epoch: 9 | loss: 0.4170274
	speed: 0.0120s/iter; left time: 1133.6734s
	iters: 900, epoch: 9 | loss: 0.4688585
	speed: 0.0121s/iter; left time: 1146.4727s
	iters: 1000, epoch: 9 | loss: 0.3968453
	speed: 0.0118s/iter; left time: 1114.2451s
Epoch: 9 cost time: 12.353153228759766
Epoch: 9, Steps: 1036 | Train Loss: 0.3821906 Vali Loss: 0.9143806
EarlyStopping counter: 3 out of 6
Updating learning rate to 1.953125e-06
	iters: 100, epoch: 10 | loss: 0.3943563
	speed: 0.0340s/iter; left time: 3199.3302s
	iters: 200, epoch: 10 | loss: 0.3613242
	speed: 0.0119s/iter; left time: 1117.3970s
	iters: 300, epoch: 10 | loss: 0.3685330
	speed: 0.0124s/iter; left time: 1164.7744s
	iters: 400, epoch: 10 | loss: 0.4003573
	speed: 0.0122s/iter; left time: 1142.9898s
	iters: 500, epoch: 10 | loss: 0.3074404
	speed: 0.0118s/iter; left time: 1106.8940s
	iters: 600, epoch: 10 | loss: 0.4396161
	speed: 0.0121s/iter; left time: 1132.0726s
	iters: 700, epoch: 10 | loss: 0.4179827
	speed: 0.0127s/iter; left time: 1185.0956s
	iters: 800, epoch: 10 | loss: 0.3999968
	speed: 0.0120s/iter; left time: 1122.2326s
	iters: 900, epoch: 10 | loss: 0.3507290
	speed: 0.0120s/iter; left time: 1117.2496s
	iters: 1000, epoch: 10 | loss: 0.3147393
	speed: 0.0121s/iter; left time: 1129.2746s
Epoch: 10 cost time: 12.523174285888672
Epoch: 10, Steps: 1036 | Train Loss: 0.3822105 Vali Loss: 0.9146280
EarlyStopping counter: 4 out of 6
Updating learning rate to 9.765625e-07
	iters: 100, epoch: 11 | loss: 0.3939389
	speed: 0.0345s/iter; left time: 3214.9565s
	iters: 200, epoch: 11 | loss: 0.3488492
	speed: 0.0121s/iter; left time: 1127.1397s
	iters: 300, epoch: 11 | loss: 0.4048268
	speed: 0.0119s/iter; left time: 1103.1840s
	iters: 400, epoch: 11 | loss: 0.3529480
	speed: 0.0119s/iter; left time: 1108.5211s
	iters: 500, epoch: 11 | loss: 0.3543250
	speed: 0.0123s/iter; left time: 1140.3207s
	iters: 600, epoch: 11 | loss: 0.4663277
	speed: 0.0124s/iter; left time: 1152.8156s
	iters: 700, epoch: 11 | loss: 0.3745796
	speed: 0.0117s/iter; left time: 1083.9591s
	iters: 800, epoch: 11 | loss: 0.4138359
	speed: 0.0119s/iter; left time: 1103.2003s
	iters: 900, epoch: 11 | loss: 0.4022156
	speed: 0.0120s/iter; left time: 1105.1789s
	iters: 1000, epoch: 11 | loss: 0.3440864
	speed: 0.0117s/iter; left time: 1082.7055s
Epoch: 11 cost time: 12.426457166671753
Epoch: 11, Steps: 1036 | Train Loss: 0.3821591 Vali Loss: 0.9146465
EarlyStopping counter: 5 out of 6
Updating learning rate to 4.8828125e-07
	iters: 100, epoch: 12 | loss: 0.3735296
	speed: 0.0341s/iter; left time: 3140.1721s
	iters: 200, epoch: 12 | loss: 0.4020357
	speed: 0.0123s/iter; left time: 1131.0151s
	iters: 300, epoch: 12 | loss: 0.3540849
	speed: 0.0122s/iter; left time: 1124.5002s
	iters: 400, epoch: 12 | loss: 0.3610640
	speed: 0.0122s/iter; left time: 1117.3621s
	iters: 500, epoch: 12 | loss: 0.4263302
	speed: 0.0120s/iter; left time: 1097.3048s
	iters: 600, epoch: 12 | loss: 0.3615287
	speed: 0.0120s/iter; left time: 1103.5294s
	iters: 700, epoch: 12 | loss: 0.4197928
	speed: 0.0121s/iter; left time: 1108.6544s
	iters: 800, epoch: 12 | loss: 0.3647628
	speed: 0.0123s/iter; left time: 1119.8543s
	iters: 900, epoch: 12 | loss: 0.3783118
	speed: 0.0121s/iter; left time: 1109.2566s
	iters: 1000, epoch: 12 | loss: 0.3594519
	speed: 0.0123s/iter; left time: 1118.7466s
Epoch: 12 cost time: 12.595486879348755
Epoch: 12, Steps: 1036 | Train Loss: 0.3820855 Vali Loss: 0.9145432
EarlyStopping counter: 6 out of 6
Early stopping
VALIDATION_RESULT {"best_epoch": 6, "best_mae": 0.6342188847313337, "best_mse": 0.9143123527140252, "epochs_ran": 12, "metric_version": "element_weighted_v1"}
>>>>>>>test skipped (validation-only run)<<<<<<<<<<<<<<<<<<<<<<<<
