Using GPU
Args in experiment:
[1mBasic Config[0m
  Task Name:          long_term_forecast  Is Training:        1                   
  Model ID:           sensitivity_history_ettm1_h720_l960_r96_p16_s2023Model:              TimeRole            

[1mData Loader[0m
  Data:               ETTm1               Root Path:          /home/cwh/Time-Series-Library/dataset/ETT-small
  Data Path:          ETTm1.csv           Features:           M                   
  Target:             OT                  Freq:               h                   
  Checkpoints:        /home/cwh/Time-Series-Library/logs/timerole_p0/sensitivity/checkpoints

[1mForecasting Task[0m
  Seq Len:            960                 Label Len:          48                  
  Pred Len:           720                 Seasonal Patterns:  Monthly             
  Inverse:            0                   

[1mModel Parameters[0m
  Top k:              5                   Num Kernels:        6                   
  Enc In:             7                   Dec In:             7                   
  C Out:              7                   d model:            64                  
  n heads:            8                   e layers:           1                   
  d layers:           1                   d FF:               128                 
  Moving Avg:         25                  Factor:             1                   
  Distil:             1                   Dropout:            0.1                 
  Embed:              timeF               Activation:         gelu                

[1mRun Parameters[0m
  Num Workers:        0                   Itr:                1                   
  Train Epochs:       100                 Batch Size:         32                  
  Patience:           6                   Learning Rate:      0.0005              
  Des:                sensitivity_history_ettm1_h720_l960_r96_p16_s2023Loss:               MSE                 
  Lradj:              type1               Use Amp:            0                   

[1mGPU[0m
  Use GPU:            1                   GPU:                0                   
  Use Multi GPU:      0                   Devices:            0,1,2,3             

[1mDe-stationary Projector Params[0m
  P Hidden Dims:      128, 128            P Hidden Layers:    2                   

Use GPU: cuda:0
🚀 Lazy Loading: TimeRole ...
[GraphMamba] Loaded static graph: /home/cwh/Time-Series-Library/dataset/ETT-small/ETTm1_adj_train_ETTm1_M_uniform_2000_seed2023.npy
>>>>>>>start training : long_term_forecast_sensitivity_history_ettm1_h720_l960_r96_p16_s2023_TimeRole_ETTm1_ftM_sl960_ll48_pl720_dm64_nh8_el1_dl1_df128_expand2_dc2_fc1_ebtimeF_dtTrue_sensitivity_history_ettm1_h720_l960_r96_p16_s2023_0>>>>>>>>>>>>>>>>>>>>>>>>>>
train 32881
val 10801
	iters: 100, epoch: 1 | loss: 0.6029817
	speed: 0.0143s/iter; left time: 1467.4770s
	iters: 200, epoch: 1 | loss: 0.4220835
	speed: 0.0123s/iter; left time: 1261.1132s
	iters: 300, epoch: 1 | loss: 0.4466366
	speed: 0.0126s/iter; left time: 1289.2252s
	iters: 400, epoch: 1 | loss: 0.4812400
	speed: 0.0121s/iter; left time: 1241.6354s
	iters: 500, epoch: 1 | loss: 0.3517868
	speed: 0.0121s/iter; left time: 1237.7843s
	iters: 600, epoch: 1 | loss: 0.5551496
	speed: 0.0121s/iter; left time: 1239.8702s
	iters: 700, epoch: 1 | loss: 0.3307871
	speed: 0.0118s/iter; left time: 1207.5803s
	iters: 800, epoch: 1 | loss: 0.3712079
	speed: 0.0120s/iter; left time: 1223.2017s
	iters: 900, epoch: 1 | loss: 0.4036349
	speed: 0.0120s/iter; left time: 1220.0815s
	iters: 1000, epoch: 1 | loss: 0.3710604
	speed: 0.0122s/iter; left time: 1245.2049s
Epoch: 1 cost time: 12.683485269546509
Epoch: 1, Steps: 1028 | Train Loss: 0.4489841 Vali Loss: 0.9205253
Validation loss decreased (inf --> 0.920525).  Saving model ...
Updating learning rate to 0.0005
	iters: 100, epoch: 2 | loss: 0.4472725
	speed: 0.0335s/iter; left time: 3403.4216s
	iters: 200, epoch: 2 | loss: 0.3970895
	speed: 0.0121s/iter; left time: 1225.9692s
	iters: 300, epoch: 2 | loss: 0.3461909
	speed: 0.0120s/iter; left time: 1215.1605s
	iters: 400, epoch: 2 | loss: 0.4187470
	speed: 0.0118s/iter; left time: 1193.8875s
	iters: 500, epoch: 2 | loss: 0.4437199
	speed: 0.0119s/iter; left time: 1206.4087s
	iters: 600, epoch: 2 | loss: 0.3427861
	speed: 0.0118s/iter; left time: 1195.6588s
	iters: 700, epoch: 2 | loss: 0.3519238
	speed: 0.0119s/iter; left time: 1207.6100s
	iters: 800, epoch: 2 | loss: 0.4599355
	speed: 0.0119s/iter; left time: 1199.0902s
	iters: 900, epoch: 2 | loss: 0.4643132
	speed: 0.0121s/iter; left time: 1218.3887s
	iters: 1000, epoch: 2 | loss: 0.4255746
	speed: 0.0120s/iter; left time: 1206.2855s
Epoch: 2 cost time: 12.263048648834229
Epoch: 2, Steps: 1028 | Train Loss: 0.3982865 Vali Loss: 0.8979722
Validation loss decreased (0.920525 --> 0.897972).  Saving model ...
Updating learning rate to 0.00025
	iters: 100, epoch: 3 | loss: 0.3911220
	speed: 0.0326s/iter; left time: 3285.8660s
	iters: 200, epoch: 3 | loss: 0.3226944
	speed: 0.0119s/iter; left time: 1201.4458s
	iters: 300, epoch: 3 | loss: 0.3942234
	speed: 0.0121s/iter; left time: 1216.9917s
	iters: 400, epoch: 3 | loss: 0.4427035
	speed: 0.0118s/iter; left time: 1182.7019s
	iters: 500, epoch: 3 | loss: 0.4036210
	speed: 0.0119s/iter; left time: 1191.0516s
	iters: 600, epoch: 3 | loss: 0.3721863
	speed: 0.0119s/iter; left time: 1190.3632s
	iters: 700, epoch: 3 | loss: 0.3802721
	speed: 0.0119s/iter; left time: 1190.1212s
	iters: 800, epoch: 3 | loss: 0.4453610
	speed: 0.0118s/iter; left time: 1180.6135s
	iters: 900, epoch: 3 | loss: 0.4095849
	speed: 0.0119s/iter; left time: 1190.1145s
	iters: 1000, epoch: 3 | loss: 0.4401659
	speed: 0.0120s/iter; left time: 1198.0066s
Epoch: 3 cost time: 12.257568359375
Epoch: 3, Steps: 1028 | Train Loss: 0.3871404 Vali Loss: 0.8975074
Validation loss decreased (0.897972 --> 0.897507).  Saving model ...
Updating learning rate to 0.000125
	iters: 100, epoch: 4 | loss: 0.3136042
	speed: 0.0341s/iter; left time: 3395.3932s
	iters: 200, epoch: 4 | loss: 0.4508823
	speed: 0.0121s/iter; left time: 1203.7707s
	iters: 300, epoch: 4 | loss: 0.3745575
	speed: 0.0120s/iter; left time: 1194.7903s
	iters: 400, epoch: 4 | loss: 0.3427706
	speed: 0.0117s/iter; left time: 1164.0934s
	iters: 500, epoch: 4 | loss: 0.4011990
	speed: 0.0120s/iter; left time: 1187.0243s
	iters: 600, epoch: 4 | loss: 0.3561293
	speed: 0.0118s/iter; left time: 1169.6305s
	iters: 700, epoch: 4 | loss: 0.4026597
	speed: 0.0118s/iter; left time: 1168.3988s
	iters: 800, epoch: 4 | loss: 0.3933488
	speed: 0.0119s/iter; left time: 1181.4506s
	iters: 900, epoch: 4 | loss: 0.3692071
	speed: 0.0118s/iter; left time: 1170.8436s
	iters: 1000, epoch: 4 | loss: 0.3279783
	speed: 0.0118s/iter; left time: 1162.2397s
Epoch: 4 cost time: 12.27128291130066
Epoch: 4, Steps: 1028 | Train Loss: 0.3819056 Vali Loss: 0.8918158
Validation loss decreased (0.897507 --> 0.891816).  Saving model ...
Updating learning rate to 6.25e-05
	iters: 100, epoch: 5 | loss: 0.4576613
	speed: 0.0343s/iter; left time: 3376.7649s
	iters: 200, epoch: 5 | loss: 0.4316047
	speed: 0.0121s/iter; left time: 1196.4151s
	iters: 300, epoch: 5 | loss: 0.3952297
	speed: 0.0123s/iter; left time: 1205.7634s
	iters: 400, epoch: 5 | loss: 0.3479274
	speed: 0.0120s/iter; left time: 1174.8178s
	iters: 500, epoch: 5 | loss: 0.3648135
	speed: 0.0120s/iter; left time: 1174.0435s
	iters: 600, epoch: 5 | loss: 0.3633719
	speed: 0.0119s/iter; left time: 1171.1616s
	iters: 700, epoch: 5 | loss: 0.3850434
	speed: 0.0120s/iter; left time: 1176.9672s
	iters: 800, epoch: 5 | loss: 0.4076585
	speed: 0.0119s/iter; left time: 1160.7163s
	iters: 900, epoch: 5 | loss: 0.4329550
	speed: 0.0118s/iter; left time: 1149.3797s
	iters: 1000, epoch: 5 | loss: 0.4117830
	speed: 0.0119s/iter; left time: 1162.1018s
Epoch: 5 cost time: 12.338754892349243
Epoch: 5, Steps: 1028 | Train Loss: 0.3787453 Vali Loss: 0.8964540
EarlyStopping counter: 1 out of 6
Updating learning rate to 3.125e-05
	iters: 100, epoch: 6 | loss: 0.3896488
	speed: 0.0331s/iter; left time: 3225.6297s
	iters: 200, epoch: 6 | loss: 0.3104159
	speed: 0.0120s/iter; left time: 1169.6027s
	iters: 300, epoch: 6 | loss: 0.3445964
	speed: 0.0119s/iter; left time: 1159.4455s
	iters: 400, epoch: 6 | loss: 0.3617506
	speed: 0.0118s/iter; left time: 1151.4981s
	iters: 500, epoch: 6 | loss: 0.3406216
	speed: 0.0120s/iter; left time: 1162.3368s
	iters: 600, epoch: 6 | loss: 0.4437884
	speed: 0.0122s/iter; left time: 1185.1904s
	iters: 700, epoch: 6 | loss: 0.3957597
	speed: 0.0120s/iter; left time: 1164.2739s
	iters: 800, epoch: 6 | loss: 0.4108033
	speed: 0.0119s/iter; left time: 1155.9569s
	iters: 900, epoch: 6 | loss: 0.3684840
	speed: 0.0120s/iter; left time: 1159.9345s
	iters: 1000, epoch: 6 | loss: 0.4081226
	speed: 0.0122s/iter; left time: 1174.7350s
Epoch: 6 cost time: 12.348225831985474
Epoch: 6, Steps: 1028 | Train Loss: 0.3767329 Vali Loss: 0.8942387
EarlyStopping counter: 2 out of 6
Updating learning rate to 1.5625e-05
	iters: 100, epoch: 7 | loss: 0.3664058
	speed: 0.0334s/iter; left time: 3220.6559s
	iters: 200, epoch: 7 | loss: 0.3478724
	speed: 0.0118s/iter; left time: 1135.3326s
	iters: 300, epoch: 7 | loss: 0.3780841
	speed: 0.0118s/iter; left time: 1134.2547s
	iters: 400, epoch: 7 | loss: 0.4048682
	speed: 0.0118s/iter; left time: 1132.8696s
	iters: 500, epoch: 7 | loss: 0.4201623
	speed: 0.0122s/iter; left time: 1173.4697s
	iters: 600, epoch: 7 | loss: 0.3955422
	speed: 0.0118s/iter; left time: 1136.3450s
	iters: 700, epoch: 7 | loss: 0.3456801
	speed: 0.0120s/iter; left time: 1147.8178s
	iters: 800, epoch: 7 | loss: 0.4042531
	speed: 0.0121s/iter; left time: 1156.3657s
	iters: 900, epoch: 7 | loss: 0.3743348
	speed: 0.0117s/iter; left time: 1118.4145s
	iters: 1000, epoch: 7 | loss: 0.4055504
	speed: 0.0120s/iter; left time: 1149.1360s
Epoch: 7 cost time: 12.262158393859863
Epoch: 7, Steps: 1028 | Train Loss: 0.3757052 Vali Loss: 0.8940467
EarlyStopping counter: 3 out of 6
Updating learning rate to 7.8125e-06
	iters: 100, epoch: 8 | loss: 0.3471108
	speed: 0.0338s/iter; left time: 3230.0895s
	iters: 200, epoch: 8 | loss: 0.3763916
	speed: 0.0119s/iter; left time: 1132.6692s
	iters: 300, epoch: 8 | loss: 0.3513296
	speed: 0.0121s/iter; left time: 1154.9274s
	iters: 400, epoch: 8 | loss: 0.3604214
	speed: 0.0120s/iter; left time: 1139.3229s
	iters: 500, epoch: 8 | loss: 0.4014379
	speed: 0.0118s/iter; left time: 1125.2061s
	iters: 600, epoch: 8 | loss: 0.4243948
	speed: 0.0120s/iter; left time: 1137.5438s
	iters: 700, epoch: 8 | loss: 0.3027418
	speed: 0.0121s/iter; left time: 1144.5492s
	iters: 800, epoch: 8 | loss: 0.3263378
	speed: 0.0118s/iter; left time: 1114.9008s
	iters: 900, epoch: 8 | loss: 0.3522061
	speed: 0.0121s/iter; left time: 1144.1980s
	iters: 1000, epoch: 8 | loss: 0.3669878
	speed: 0.0120s/iter; left time: 1132.0350s
Epoch: 8 cost time: 12.303917169570923
Epoch: 8, Steps: 1028 | Train Loss: 0.3750986 Vali Loss: 0.8938361
EarlyStopping counter: 4 out of 6
Updating learning rate to 3.90625e-06
	iters: 100, epoch: 9 | loss: 0.3195300
	speed: 0.0330s/iter; left time: 3122.0331s
	iters: 200, epoch: 9 | loss: 0.3089961
	speed: 0.0120s/iter; left time: 1131.9692s
	iters: 300, epoch: 9 | loss: 0.4015413
	speed: 0.0120s/iter; left time: 1130.4616s
	iters: 400, epoch: 9 | loss: 0.3565888
	speed: 0.0120s/iter; left time: 1127.9505s
	iters: 500, epoch: 9 | loss: 0.3973859
	speed: 0.0118s/iter; left time: 1107.1861s
	iters: 600, epoch: 9 | loss: 0.3405407
	speed: 0.0120s/iter; left time: 1128.0447s
	iters: 700, epoch: 9 | loss: 0.2977235
	speed: 0.0119s/iter; left time: 1121.7144s
	iters: 800, epoch: 9 | loss: 0.3377888
	speed: 0.0122s/iter; left time: 1139.6603s
	iters: 900, epoch: 9 | loss: 0.4557579
	speed: 0.0121s/iter; left time: 1137.6817s
	iters: 1000, epoch: 9 | loss: 0.3964905
	speed: 0.0120s/iter; left time: 1119.0150s
Epoch: 9 cost time: 12.312739610671997
Epoch: 9, Steps: 1028 | Train Loss: 0.3747268 Vali Loss: 0.8940421
EarlyStopping counter: 5 out of 6
Updating learning rate to 1.953125e-06
	iters: 100, epoch: 10 | loss: 0.3749175
	speed: 0.0333s/iter; left time: 3111.2084s
	iters: 200, epoch: 10 | loss: 0.4033796
	speed: 0.0118s/iter; left time: 1103.0404s
	iters: 300, epoch: 10 | loss: 0.3683477
	speed: 0.0122s/iter; left time: 1141.0205s
	iters: 400, epoch: 10 | loss: 0.4218028
	speed: 0.0122s/iter; left time: 1134.8155s
	iters: 500, epoch: 10 | loss: 0.3615736
	speed: 0.0124s/iter; left time: 1152.0481s
	iters: 600, epoch: 10 | loss: 0.3393149
	speed: 0.0122s/iter; left time: 1131.5743s
	iters: 700, epoch: 10 | loss: 0.3726665
	speed: 0.0121s/iter; left time: 1120.0036s
	iters: 800, epoch: 10 | loss: 0.3815945
	speed: 0.0119s/iter; left time: 1103.7048s
	iters: 900, epoch: 10 | loss: 0.3676259
	speed: 0.0119s/iter; left time: 1106.0331s
	iters: 1000, epoch: 10 | loss: 0.3939672
	speed: 0.0118s/iter; left time: 1092.1917s
Epoch: 10 cost time: 12.366528034210205
Epoch: 10, Steps: 1028 | Train Loss: 0.3745857 Vali Loss: 0.8940375
EarlyStopping counter: 6 out of 6
Early stopping
VALIDATION_RESULT {"best_epoch": 4, "best_mae": 0.6320493261429856, "best_mse": 0.8918157663766252, "epochs_ran": 10, "metric_version": "element_weighted_v1"}
>>>>>>>test skipped (validation-only run)<<<<<<<<<<<<<<<<<<<<<<<<
