Using GPU
Args in experiment:
[1mBasic Config[0m
  Task Name:          long_term_forecast  Is Training:        1                   
  Model ID:           sensitivity_history_weather_h720_l720_r96_p16_s2021Model:              TimeRole            

[1mData Loader[0m
  Data:               custom              Root Path:          /home/cwh/Time-Series-Library/dataset/weather
  Data Path:          weather.csv         Features:           M                   
  Target:             CO2 (ppm)           Freq:               h                   
  Checkpoints:        /home/cwh/Time-Series-Library/logs/timerole_p0/sensitivity/checkpoints

[1mForecasting Task[0m
  Seq Len:            720                 Label Len:          48                  
  Pred Len:           720                 Seasonal Patterns:  Monthly             
  Inverse:            0                   

[1mModel Parameters[0m
  Top k:              5                   Num Kernels:        6                   
  Enc In:             21                  Dec In:             21                  
  C Out:              21                  d model:            64                  
  n heads:            8                   e layers:           1                   
  d layers:           1                   d FF:               128                 
  Moving Avg:         25                  Factor:             1                   
  Distil:             1                   Dropout:            0.1                 
  Embed:              timeF               Activation:         gelu                

[1mRun Parameters[0m
  Num Workers:        0                   Itr:                1                   
  Train Epochs:       100                 Batch Size:         32                  
  Patience:           6                   Learning Rate:      0.0005              
  Des:                sensitivity_history_weather_h720_l720_r96_p16_s2021Loss:               MSE                 
  Lradj:              type1               Use Amp:            0                   

[1mGPU[0m
  Use GPU:            1                   GPU:                0                   
  Use Multi GPU:      0                   Devices:            0,1,2,3             

[1mDe-stationary Projector Params[0m
  P Hidden Dims:      128, 128            P Hidden Layers:    2                   

Use GPU: cuda:0
🚀 Lazy Loading: TimeRole ...
[GraphMamba] Loaded static graph: /home/cwh/Time-Series-Library/dataset/weather/weather_adj_train_custom_M_uniform_2000_seed2021.npy
>>>>>>>start training : long_term_forecast_sensitivity_history_weather_h720_l720_r96_p16_s2021_TimeRole_custom_ftM_sl720_ll48_pl720_dm64_nh8_el1_dl1_df128_expand2_dc2_fc1_ebtimeF_dtTrue_sensitivity_history_weather_h720_l720_r96_p16_s2021_0>>>>>>>>>>>>>>>>>>>>>>>>>>
train 35448
val 4551
	iters: 100, epoch: 1 | loss: 0.8356608
	speed: 0.0299s/iter; left time: 3306.1097s
	iters: 200, epoch: 1 | loss: 0.6856261
	speed: 0.0267s/iter; left time: 2953.3962s
	iters: 300, epoch: 1 | loss: 0.5895985
	speed: 0.0267s/iter; left time: 2951.3582s
	iters: 400, epoch: 1 | loss: 0.5577610
	speed: 0.0265s/iter; left time: 2924.9688s
	iters: 500, epoch: 1 | loss: 0.6065778
	speed: 0.0265s/iter; left time: 2918.8655s
	iters: 600, epoch: 1 | loss: 0.6943781
	speed: 0.0265s/iter; left time: 2924.5654s
	iters: 700, epoch: 1 | loss: 0.6778383
	speed: 0.0265s/iter; left time: 2916.7227s
	iters: 800, epoch: 1 | loss: 0.6457803
	speed: 0.0264s/iter; left time: 2905.4357s
	iters: 900, epoch: 1 | loss: 0.4080139
	speed: 0.0266s/iter; left time: 2926.2162s
	iters: 1000, epoch: 1 | loss: 0.5484146
	speed: 0.0264s/iter; left time: 2898.9808s
	iters: 1100, epoch: 1 | loss: 0.6265209
	speed: 0.0265s/iter; left time: 2909.2883s
Epoch: 1 cost time: 29.74037528038025
Epoch: 1, Steps: 1108 | Train Loss: 0.6823061 Vali Loss: 0.6156355
Validation loss decreased (inf --> 0.615636).  Saving model ...
Updating learning rate to 0.0005
	iters: 100, epoch: 2 | loss: 0.4888443
	speed: 0.0440s/iter; left time: 4820.4917s
	iters: 200, epoch: 2 | loss: 0.4238802
	speed: 0.0266s/iter; left time: 2909.3369s
	iters: 300, epoch: 2 | loss: 0.5596895
	speed: 0.0265s/iter; left time: 2901.2588s
	iters: 400, epoch: 2 | loss: 0.4234062
	speed: 0.0266s/iter; left time: 2908.3714s
	iters: 500, epoch: 2 | loss: 0.6109941
	speed: 0.0265s/iter; left time: 2893.0489s
	iters: 600, epoch: 2 | loss: 0.4875894
	speed: 0.0267s/iter; left time: 2907.7534s
	iters: 700, epoch: 2 | loss: 0.5813172
	speed: 0.0265s/iter; left time: 2890.8755s
	iters: 800, epoch: 2 | loss: 0.6689608
	speed: 0.0267s/iter; left time: 2909.6071s
	iters: 900, epoch: 2 | loss: 0.4216764
	speed: 0.0266s/iter; left time: 2889.6971s
	iters: 1000, epoch: 2 | loss: 0.7662630
	speed: 0.0266s/iter; left time: 2892.3762s
	iters: 1100, epoch: 2 | loss: 0.4377420
	speed: 0.0267s/iter; left time: 2900.0657s
Epoch: 2 cost time: 29.460350036621094
Epoch: 2, Steps: 1108 | Train Loss: 0.5851023 Vali Loss: 0.6126982
Validation loss decreased (0.615636 --> 0.612698).  Saving model ...
Updating learning rate to 0.00025
	iters: 100, epoch: 3 | loss: 0.6947638
	speed: 0.0440s/iter; left time: 4771.3270s
	iters: 200, epoch: 3 | loss: 0.6059914
	speed: 0.0268s/iter; left time: 2906.1210s
	iters: 300, epoch: 3 | loss: 0.5076733
	speed: 0.0267s/iter; left time: 2895.4369s
	iters: 400, epoch: 3 | loss: 0.6543835
	speed: 0.0265s/iter; left time: 2868.9300s
	iters: 500, epoch: 3 | loss: 0.6430376
	speed: 0.0266s/iter; left time: 2873.2614s
	iters: 600, epoch: 3 | loss: 0.7308369
	speed: 0.0265s/iter; left time: 2865.7224s
	iters: 700, epoch: 3 | loss: 0.5779246
	speed: 0.0267s/iter; left time: 2877.5361s
	iters: 800, epoch: 3 | loss: 0.7511554
	speed: 0.0265s/iter; left time: 2853.8831s
	iters: 900, epoch: 3 | loss: 0.5896232
	speed: 0.0265s/iter; left time: 2854.0511s
	iters: 1000, epoch: 3 | loss: 0.5817928
	speed: 0.0264s/iter; left time: 2844.7073s
	iters: 1100, epoch: 3 | loss: 0.5655201
	speed: 0.0266s/iter; left time: 2861.5049s
Epoch: 3 cost time: 29.46065092086792
Epoch: 3, Steps: 1108 | Train Loss: 0.5753405 Vali Loss: 0.6002551
Validation loss decreased (0.612698 --> 0.600255).  Saving model ...
Updating learning rate to 0.000125
	iters: 100, epoch: 4 | loss: 0.7846414
	speed: 0.0442s/iter; left time: 4743.6967s
	iters: 200, epoch: 4 | loss: 0.4449180
	speed: 0.0267s/iter; left time: 2868.6666s
	iters: 300, epoch: 4 | loss: 0.6488715
	speed: 0.0266s/iter; left time: 2855.8142s
	iters: 400, epoch: 4 | loss: 0.4586230
	speed: 0.0267s/iter; left time: 2854.9270s
	iters: 500, epoch: 4 | loss: 0.8101447
	speed: 0.0267s/iter; left time: 2858.2287s
	iters: 600, epoch: 4 | loss: 0.5719771
	speed: 0.0267s/iter; left time: 2856.3670s
	iters: 700, epoch: 4 | loss: 0.5158743
	speed: 0.0266s/iter; left time: 2842.8102s
	iters: 800, epoch: 4 | loss: 0.4586455
	speed: 0.0267s/iter; left time: 2850.2870s
	iters: 900, epoch: 4 | loss: 0.4522764
	speed: 0.0267s/iter; left time: 2847.8652s
	iters: 1000, epoch: 4 | loss: 0.4937427
	speed: 0.0267s/iter; left time: 2847.1529s
	iters: 1100, epoch: 4 | loss: 0.5276641
	speed: 0.0267s/iter; left time: 2837.0310s
Epoch: 4 cost time: 29.56579089164734
Epoch: 4, Steps: 1108 | Train Loss: 0.5702271 Vali Loss: 0.6002792
EarlyStopping counter: 1 out of 6
Updating learning rate to 6.25e-05
	iters: 100, epoch: 5 | loss: 0.5650954
	speed: 0.0439s/iter; left time: 4668.9329s
	iters: 200, epoch: 5 | loss: 0.4833526
	speed: 0.0267s/iter; left time: 2834.6635s
	iters: 300, epoch: 5 | loss: 0.5155086
	speed: 0.0267s/iter; left time: 2830.9034s
	iters: 400, epoch: 5 | loss: 0.7064192
	speed: 0.0266s/iter; left time: 2814.2505s
	iters: 500, epoch: 5 | loss: 0.4379220
	speed: 0.0266s/iter; left time: 2816.9737s
	iters: 600, epoch: 5 | loss: 0.6029630
	speed: 0.0266s/iter; left time: 2818.6689s
	iters: 700, epoch: 5 | loss: 0.5967023
	speed: 0.0266s/iter; left time: 2811.7594s
	iters: 800, epoch: 5 | loss: 0.6127763
	speed: 0.0265s/iter; left time: 2792.7561s
	iters: 900, epoch: 5 | loss: 0.4899310
	speed: 0.0268s/iter; left time: 2822.9025s
	iters: 1000, epoch: 5 | loss: 0.5283781
	speed: 0.0267s/iter; left time: 2817.5425s
	iters: 1100, epoch: 5 | loss: 0.4986354
	speed: 0.0267s/iter; left time: 2811.9069s
Epoch: 5 cost time: 29.51574468612671
Epoch: 5, Steps: 1108 | Train Loss: 0.5677323 Vali Loss: 0.6014264
EarlyStopping counter: 2 out of 6
Updating learning rate to 3.125e-05
	iters: 100, epoch: 6 | loss: 0.7231007
	speed: 0.0439s/iter; left time: 4611.5375s
	iters: 200, epoch: 6 | loss: 0.4406836
	speed: 0.0268s/iter; left time: 2814.0222s
	iters: 300, epoch: 6 | loss: 0.4234637
	speed: 0.0267s/iter; left time: 2799.1778s
	iters: 400, epoch: 6 | loss: 0.7094066
	speed: 0.0267s/iter; left time: 2801.0708s
	iters: 500, epoch: 6 | loss: 0.8539290
	speed: 0.0267s/iter; left time: 2798.6469s
	iters: 600, epoch: 6 | loss: 0.5627739
	speed: 0.0265s/iter; left time: 2778.7408s
	iters: 700, epoch: 6 | loss: 0.5162826
	speed: 0.0266s/iter; left time: 2781.6530s
	iters: 800, epoch: 6 | loss: 0.5731954
	speed: 0.0265s/iter; left time: 2771.5427s
	iters: 900, epoch: 6 | loss: 0.6397933
	speed: 0.0264s/iter; left time: 2759.9349s
	iters: 1000, epoch: 6 | loss: 0.6088601
	speed: 0.0265s/iter; left time: 2767.8988s
	iters: 1100, epoch: 6 | loss: 0.5936829
	speed: 0.0265s/iter; left time: 2765.0558s
Epoch: 6 cost time: 29.48030138015747
Epoch: 6, Steps: 1108 | Train Loss: 0.5664049 Vali Loss: 0.5987498
Validation loss decreased (0.600255 --> 0.598750).  Saving model ...
Updating learning rate to 1.5625e-05
	iters: 100, epoch: 7 | loss: 0.5327297
	speed: 0.0441s/iter; left time: 4585.1764s
	iters: 200, epoch: 7 | loss: 0.6272651
	speed: 0.0268s/iter; left time: 2783.3636s
	iters: 300, epoch: 7 | loss: 0.9012796
	speed: 0.0267s/iter; left time: 2768.5364s
	iters: 400, epoch: 7 | loss: 0.7282267
	speed: 0.0267s/iter; left time: 2769.9395s
	iters: 500, epoch: 7 | loss: 0.4015384
	speed: 0.0267s/iter; left time: 2766.3653s
	iters: 600, epoch: 7 | loss: 0.6085132
	speed: 0.0267s/iter; left time: 2761.8405s
	iters: 700, epoch: 7 | loss: 0.6270707
	speed: 0.0267s/iter; left time: 2763.7047s
	iters: 800, epoch: 7 | loss: 0.5862975
	speed: 0.0265s/iter; left time: 2741.4239s
	iters: 900, epoch: 7 | loss: 0.4678627
	speed: 0.0266s/iter; left time: 2747.3610s
	iters: 1000, epoch: 7 | loss: 0.4765246
	speed: 0.0266s/iter; left time: 2744.0848s
	iters: 1100, epoch: 7 | loss: 0.5643923
	speed: 0.0265s/iter; left time: 2733.5788s
Epoch: 7 cost time: 29.50592589378357
Epoch: 7, Steps: 1108 | Train Loss: 0.5658015 Vali Loss: 0.5968195
Validation loss decreased (0.598750 --> 0.596820).  Saving model ...
Updating learning rate to 7.8125e-06
	iters: 100, epoch: 8 | loss: 0.4009446
	speed: 0.0441s/iter; left time: 4538.5642s
	iters: 200, epoch: 8 | loss: 0.6957847
	speed: 0.0266s/iter; left time: 2730.9756s
	iters: 300, epoch: 8 | loss: 0.5614245
	speed: 0.0267s/iter; left time: 2739.1821s
	iters: 400, epoch: 8 | loss: 0.5252270
	speed: 0.0266s/iter; left time: 2728.9881s
	iters: 500, epoch: 8 | loss: 0.4422606
	speed: 0.0265s/iter; left time: 2717.1231s
	iters: 600, epoch: 8 | loss: 0.6789176
	speed: 0.0266s/iter; left time: 2724.3481s
	iters: 700, epoch: 8 | loss: 0.6500125
	speed: 0.0265s/iter; left time: 2709.6754s
	iters: 800, epoch: 8 | loss: 0.6413903
	speed: 0.0264s/iter; left time: 2704.1257s
	iters: 900, epoch: 8 | loss: 0.5606041
	speed: 0.0265s/iter; left time: 2705.9459s
	iters: 1000, epoch: 8 | loss: 0.6809906
	speed: 0.0266s/iter; left time: 2714.5253s
	iters: 1100, epoch: 8 | loss: 0.4891323
	speed: 0.0267s/iter; left time: 2717.0165s
Epoch: 8 cost time: 29.41999864578247
Epoch: 8, Steps: 1108 | Train Loss: 0.5653471 Vali Loss: 0.5980336
EarlyStopping counter: 1 out of 6
Updating learning rate to 3.90625e-06
	iters: 100, epoch: 9 | loss: 0.6208339
	speed: 0.0439s/iter; left time: 4471.8856s
	iters: 200, epoch: 9 | loss: 0.5982535
	speed: 0.0268s/iter; left time: 2722.9416s
	iters: 300, epoch: 9 | loss: 0.4908285
	speed: 0.0267s/iter; left time: 2711.2235s
	iters: 400, epoch: 9 | loss: 0.5658988
	speed: 0.0266s/iter; left time: 2696.3893s
	iters: 500, epoch: 9 | loss: 0.5308038
	speed: 0.0266s/iter; left time: 2698.1566s
	iters: 600, epoch: 9 | loss: 0.5617535
	speed: 0.0265s/iter; left time: 2690.2828s
	iters: 700, epoch: 9 | loss: 0.4458532
	speed: 0.0266s/iter; left time: 2689.5925s
	iters: 800, epoch: 9 | loss: 0.5202839
	speed: 0.0266s/iter; left time: 2694.0385s
	iters: 900, epoch: 9 | loss: 0.5423953
	speed: 0.0266s/iter; left time: 2687.8967s
	iters: 1000, epoch: 9 | loss: 0.6305521
	speed: 0.0266s/iter; left time: 2684.2623s
	iters: 1100, epoch: 9 | loss: 0.4337381
	speed: 0.0266s/iter; left time: 2685.8674s
Epoch: 9 cost time: 29.487102270126343
Epoch: 9, Steps: 1108 | Train Loss: 0.5651519 Vali Loss: 0.5979601
EarlyStopping counter: 2 out of 6
Updating learning rate to 1.953125e-06
	iters: 100, epoch: 10 | loss: 0.4583578
	speed: 0.0440s/iter; left time: 4433.5631s
	iters: 200, epoch: 10 | loss: 0.4769585
	speed: 0.0266s/iter; left time: 2675.6303s
	iters: 300, epoch: 10 | loss: 0.5811410
	speed: 0.0265s/iter; left time: 2663.9400s
	iters: 400, epoch: 10 | loss: 0.4284232
	speed: 0.0266s/iter; left time: 2674.6511s
	iters: 500, epoch: 10 | loss: 0.6359915
	speed: 0.0266s/iter; left time: 2671.3892s
	iters: 600, epoch: 10 | loss: 0.4601711
	speed: 0.0267s/iter; left time: 2675.2732s
	iters: 700, epoch: 10 | loss: 0.7006788
	speed: 0.0266s/iter; left time: 2662.9237s
	iters: 800, epoch: 10 | loss: 0.6566763
	speed: 0.0266s/iter; left time: 2658.6544s
	iters: 900, epoch: 10 | loss: 0.4860346
	speed: 0.0267s/iter; left time: 2666.1486s
	iters: 1000, epoch: 10 | loss: 0.4691076
	speed: 0.0266s/iter; left time: 2651.9354s
	iters: 1100, epoch: 10 | loss: 0.7090685
	speed: 0.0266s/iter; left time: 2656.1774s
Epoch: 10 cost time: 29.47376561164856
Epoch: 10, Steps: 1108 | Train Loss: 0.5650556 Vali Loss: 0.5980741
EarlyStopping counter: 3 out of 6
Updating learning rate to 9.765625e-07
	iters: 100, epoch: 11 | loss: 0.5692595
	speed: 0.0437s/iter; left time: 4356.9856s
	iters: 200, epoch: 11 | loss: 0.4502781
	speed: 0.0266s/iter; left time: 2647.7669s
	iters: 300, epoch: 11 | loss: 0.5752127
	speed: 0.0265s/iter; left time: 2635.2378s
	iters: 400, epoch: 11 | loss: 0.5123915
	speed: 0.0266s/iter; left time: 2642.2785s
	iters: 500, epoch: 11 | loss: 0.4559423
	speed: 0.0266s/iter; left time: 2642.9631s
	iters: 600, epoch: 11 | loss: 0.8782868
	speed: 0.0266s/iter; left time: 2632.3228s
	iters: 700, epoch: 11 | loss: 0.4196929
	speed: 0.0266s/iter; left time: 2632.6359s
	iters: 800, epoch: 11 | loss: 0.3995242
	speed: 0.0267s/iter; left time: 2639.4427s
	iters: 900, epoch: 11 | loss: 0.6210187
	speed: 0.0266s/iter; left time: 2625.6307s
	iters: 1000, epoch: 11 | loss: 0.5883200
	speed: 0.0265s/iter; left time: 2616.6345s
	iters: 1100, epoch: 11 | loss: 0.5952810
	speed: 0.0266s/iter; left time: 2620.5185s
Epoch: 11 cost time: 29.447920560836792
Epoch: 11, Steps: 1108 | Train Loss: 0.5649409 Vali Loss: 0.5979174
EarlyStopping counter: 4 out of 6
Updating learning rate to 4.8828125e-07
	iters: 100, epoch: 12 | loss: 0.5486715
	speed: 0.0435s/iter; left time: 4280.5996s
	iters: 200, epoch: 12 | loss: 0.5732570
	speed: 0.0265s/iter; left time: 2611.7698s
	iters: 300, epoch: 12 | loss: 0.4638763
	speed: 0.0265s/iter; left time: 2602.6290s
	iters: 400, epoch: 12 | loss: 0.5231478
	speed: 0.0265s/iter; left time: 2603.1907s
	iters: 500, epoch: 12 | loss: 0.7521374
	speed: 0.0266s/iter; left time: 2606.3371s
	iters: 600, epoch: 12 | loss: 0.4892489
	speed: 0.0267s/iter; left time: 2612.2549s
	iters: 700, epoch: 12 | loss: 0.4811054
	speed: 0.0268s/iter; left time: 2619.2126s
	iters: 800, epoch: 12 | loss: 0.6018617
	speed: 0.0266s/iter; left time: 2600.7594s
	iters: 900, epoch: 12 | loss: 0.4937038
	speed: 0.0265s/iter; left time: 2586.6838s
	iters: 1000, epoch: 12 | loss: 0.6044332
	speed: 0.0266s/iter; left time: 2596.1212s
	iters: 1100, epoch: 12 | loss: 0.5380434
	speed: 0.0266s/iter; left time: 2594.6294s
Epoch: 12 cost time: 29.41597628593445
Epoch: 12, Steps: 1108 | Train Loss: 0.5648606 Vali Loss: 0.5979805
EarlyStopping counter: 5 out of 6
Updating learning rate to 2.44140625e-07
	iters: 100, epoch: 13 | loss: 0.4431548
	speed: 0.0435s/iter; left time: 4232.8801s
	iters: 200, epoch: 13 | loss: 0.5000104
	speed: 0.0265s/iter; left time: 2582.6439s
	iters: 300, epoch: 13 | loss: 0.5835619
	speed: 0.0264s/iter; left time: 2569.9364s
	iters: 400, epoch: 13 | loss: 0.6036050
	speed: 0.0266s/iter; left time: 2583.9655s
	iters: 500, epoch: 13 | loss: 0.6201658
	speed: 0.0266s/iter; left time: 2582.8792s
	iters: 600, epoch: 13 | loss: 0.6497649
	speed: 0.0267s/iter; left time: 2589.5457s
	iters: 700, epoch: 13 | loss: 0.4998460
	speed: 0.0266s/iter; left time: 2571.3043s
	iters: 800, epoch: 13 | loss: 0.6973513
	speed: 0.0265s/iter; left time: 2559.9177s
	iters: 900, epoch: 13 | loss: 0.4286171
	speed: 0.0265s/iter; left time: 2556.3053s
	iters: 1000, epoch: 13 | loss: 0.4416339
	speed: 0.0266s/iter; left time: 2567.9928s
	iters: 1100, epoch: 13 | loss: 0.4680031
	speed: 0.0265s/iter; left time: 2554.1860s
Epoch: 13 cost time: 29.39998769760132
Epoch: 13, Steps: 1108 | Train Loss: 0.5649172 Vali Loss: 0.5979799
EarlyStopping counter: 6 out of 6
Early stopping
VALIDATION_RESULT {"best_epoch": 7, "best_mae": 0.4127976211480245, "best_mse": 0.5968195469124394, "epochs_ran": 13, "metric_version": "element_weighted_v1"}
>>>>>>>test skipped (validation-only run)<<<<<<<<<<<<<<<<<<<<<<<<
