Using GPU
Args in experiment:
[1mBasic Config[0m
  Task Name:          long_term_forecast  Is Training:        1                   
  Model ID:           sensitivity_recent_ettm1_h96_l336_r48_p16_s2022Model:              TimeRole            

[1mData Loader[0m
  Data:               ETTm1               Root Path:          /home/cwh/Time-Series-Library/dataset/ETT-small
  Data Path:          ETTm1.csv           Features:           M                   
  Target:             OT                  Freq:               h                   
  Checkpoints:        /home/cwh/Time-Series-Library/logs/timerole_p0/sensitivity/checkpoints

[1mForecasting Task[0m
  Seq Len:            336                 Label Len:          48                  
  Pred Len:           96                  Seasonal Patterns:  Monthly             
  Inverse:            0                   

[1mModel Parameters[0m
  Top k:              5                   Num Kernels:        6                   
  Enc In:             7                   Dec In:             7                   
  C Out:              7                   d model:            64                  
  n heads:            8                   e layers:           1                   
  d layers:           1                   d FF:               128                 
  Moving Avg:         25                  Factor:             1                   
  Distil:             1                   Dropout:            0.1                 
  Embed:              timeF               Activation:         gelu                

[1mRun Parameters[0m
  Num Workers:        0                   Itr:                1                   
  Train Epochs:       100                 Batch Size:         32                  
  Patience:           6                   Learning Rate:      0.0005              
  Des:                sensitivity_recent_ettm1_h96_l336_r48_p16_s2022Loss:               MSE                 
  Lradj:              type1               Use Amp:            0                   

[1mGPU[0m
  Use GPU:            1                   GPU:                0                   
  Use Multi GPU:      0                   Devices:            0,1,2,3             

[1mDe-stationary Projector Params[0m
  P Hidden Dims:      128, 128            P Hidden Layers:    2                   

Use GPU: cuda:0
🚀 Lazy Loading: TimeRole ...
[GraphMamba] Loaded static graph: /home/cwh/Time-Series-Library/dataset/ETT-small/ETTm1_adj_train_ETTm1_M_uniform_2000_seed2022.npy
>>>>>>>start training : long_term_forecast_sensitivity_recent_ettm1_h96_l336_r48_p16_s2022_TimeRole_ETTm1_ftM_sl336_ll48_pl96_dm64_nh8_el1_dl1_df128_expand2_dc2_fc1_ebtimeF_dtTrue_sensitivity_recent_ettm1_h96_l336_r48_p16_s2022_0>>>>>>>>>>>>>>>>>>>>>>>>>>
train 34129
val 11425
	iters: 100, epoch: 1 | loss: 0.3480924
	speed: 0.0132s/iter; left time: 1410.3604s
	iters: 200, epoch: 1 | loss: 0.3916764
	speed: 0.0112s/iter; left time: 1191.6905s
	iters: 300, epoch: 1 | loss: 0.3612908
	speed: 0.0109s/iter; left time: 1162.2328s
	iters: 400, epoch: 1 | loss: 0.3325509
	speed: 0.0113s/iter; left time: 1198.2585s
	iters: 500, epoch: 1 | loss: 0.2825263
	speed: 0.0114s/iter; left time: 1205.7609s
	iters: 600, epoch: 1 | loss: 0.2576299
	speed: 0.0111s/iter; left time: 1175.5298s
	iters: 700, epoch: 1 | loss: 0.3077908
	speed: 0.0113s/iter; left time: 1198.0295s
	iters: 800, epoch: 1 | loss: 0.2460888
	speed: 0.0109s/iter; left time: 1152.2577s
	iters: 900, epoch: 1 | loss: 0.2516130
	speed: 0.0112s/iter; left time: 1189.6306s
	iters: 1000, epoch: 1 | loss: 0.3097607
	speed: 0.0114s/iter; left time: 1204.9668s
Epoch: 1 cost time: 12.179112434387207
Epoch: 1, Steps: 1067 | Train Loss: 0.3351780 Vali Loss: 0.3898047
Validation loss decreased (inf --> 0.389805).  Saving model ...
Updating learning rate to 0.0005
	iters: 100, epoch: 2 | loss: 0.2837835
	speed: 0.0349s/iter; left time: 3680.2652s
	iters: 200, epoch: 2 | loss: 0.1951212
	speed: 0.0109s/iter; left time: 1151.0052s
	iters: 300, epoch: 2 | loss: 0.2801841
	speed: 0.0113s/iter; left time: 1193.0599s
	iters: 400, epoch: 2 | loss: 0.2637063
	speed: 0.0108s/iter; left time: 1137.6672s
	iters: 500, epoch: 2 | loss: 0.2922631
	speed: 0.0108s/iter; left time: 1135.3494s
	iters: 600, epoch: 2 | loss: 0.2347091
	speed: 0.0108s/iter; left time: 1136.0782s
	iters: 700, epoch: 2 | loss: 0.2376274
	speed: 0.0112s/iter; left time: 1179.1222s
	iters: 800, epoch: 2 | loss: 0.2454283
	speed: 0.0110s/iter; left time: 1150.7819s
	iters: 900, epoch: 2 | loss: 0.2753385
	speed: 0.0105s/iter; left time: 1102.1688s
	iters: 1000, epoch: 2 | loss: 0.2412109
	speed: 0.0108s/iter; left time: 1133.8260s
Epoch: 2 cost time: 11.64840292930603
Epoch: 2, Steps: 1067 | Train Loss: 0.2660770 Vali Loss: 0.3780611
Validation loss decreased (0.389805 --> 0.378061).  Saving model ...
Updating learning rate to 0.00025
	iters: 100, epoch: 3 | loss: 0.2656334
	speed: 0.0346s/iter; left time: 3615.8726s
	iters: 200, epoch: 3 | loss: 0.2847605
	speed: 0.0108s/iter; left time: 1126.0545s
	iters: 300, epoch: 3 | loss: 0.2316290
	speed: 0.0104s/iter; left time: 1086.8207s
	iters: 400, epoch: 3 | loss: 0.2717952
	speed: 0.0108s/iter; left time: 1122.0841s
	iters: 500, epoch: 3 | loss: 0.2166258
	speed: 0.0108s/iter; left time: 1120.6491s
	iters: 600, epoch: 3 | loss: 0.2639615
	speed: 0.0113s/iter; left time: 1175.5837s
	iters: 700, epoch: 3 | loss: 0.2720477
	speed: 0.0115s/iter; left time: 1199.5378s
	iters: 800, epoch: 3 | loss: 0.3215093
	speed: 0.0110s/iter; left time: 1136.9575s
	iters: 900, epoch: 3 | loss: 0.2463056
	speed: 0.0112s/iter; left time: 1157.1738s
	iters: 1000, epoch: 3 | loss: 0.2692915
	speed: 0.0106s/iter; left time: 1102.7227s
Epoch: 3 cost time: 11.635932207107544
Epoch: 3, Steps: 1067 | Train Loss: 0.2554421 Vali Loss: 0.3742573
Validation loss decreased (0.378061 --> 0.374257).  Saving model ...
Updating learning rate to 0.000125
	iters: 100, epoch: 4 | loss: 0.2267931
	speed: 0.0338s/iter; left time: 3491.9579s
	iters: 200, epoch: 4 | loss: 0.2196596
	speed: 0.0109s/iter; left time: 1122.6145s
	iters: 300, epoch: 4 | loss: 0.2445337
	speed: 0.0109s/iter; left time: 1123.8647s
	iters: 400, epoch: 4 | loss: 0.2907204
	speed: 0.0105s/iter; left time: 1086.2054s
	iters: 500, epoch: 4 | loss: 0.2478907
	speed: 0.0106s/iter; left time: 1093.8711s
	iters: 600, epoch: 4 | loss: 0.2309314
	speed: 0.0108s/iter; left time: 1110.4326s
	iters: 700, epoch: 4 | loss: 0.2728301
	speed: 0.0108s/iter; left time: 1113.2656s
	iters: 800, epoch: 4 | loss: 0.2729307
	speed: 0.0106s/iter; left time: 1087.7791s
	iters: 900, epoch: 4 | loss: 0.2535889
	speed: 0.0111s/iter; left time: 1135.4592s
	iters: 1000, epoch: 4 | loss: 0.2160136
	speed: 0.0108s/iter; left time: 1105.1382s
Epoch: 4 cost time: 11.461471319198608
Epoch: 4, Steps: 1067 | Train Loss: 0.2515135 Vali Loss: 0.3746349
EarlyStopping counter: 1 out of 6
Updating learning rate to 6.25e-05
	iters: 100, epoch: 5 | loss: 0.2028415
	speed: 0.0348s/iter; left time: 3557.0983s
	iters: 200, epoch: 5 | loss: 0.2354983
	speed: 0.0107s/iter; left time: 1097.2559s
	iters: 300, epoch: 5 | loss: 0.2146332
	speed: 0.0103s/iter; left time: 1054.9638s
	iters: 400, epoch: 5 | loss: 0.2116430
	speed: 0.0105s/iter; left time: 1072.6560s
	iters: 500, epoch: 5 | loss: 0.2040522
	speed: 0.0110s/iter; left time: 1116.1880s
	iters: 600, epoch: 5 | loss: 0.2204081
	speed: 0.0109s/iter; left time: 1107.5605s
	iters: 700, epoch: 5 | loss: 0.2885339
	speed: 0.0104s/iter; left time: 1053.6662s
	iters: 800, epoch: 5 | loss: 0.2636638
	speed: 0.0106s/iter; left time: 1077.9628s
	iters: 900, epoch: 5 | loss: 0.2057157
	speed: 0.0110s/iter; left time: 1115.4516s
	iters: 1000, epoch: 5 | loss: 0.2554259
	speed: 0.0109s/iter; left time: 1104.5328s
Epoch: 5 cost time: 11.475745677947998
Epoch: 5, Steps: 1067 | Train Loss: 0.2492440 Vali Loss: 0.3726174
Validation loss decreased (0.374257 --> 0.372617).  Saving model ...
Updating learning rate to 3.125e-05
	iters: 100, epoch: 6 | loss: 0.2338716
	speed: 0.0351s/iter; left time: 3557.5511s
	iters: 200, epoch: 6 | loss: 0.2643336
	speed: 0.0107s/iter; left time: 1086.4255s
	iters: 300, epoch: 6 | loss: 0.3168699
	speed: 0.0104s/iter; left time: 1051.2654s
	iters: 400, epoch: 6 | loss: 0.2249122
	speed: 0.0105s/iter; left time: 1061.6932s
	iters: 500, epoch: 6 | loss: 0.2706628
	speed: 0.0107s/iter; left time: 1084.1876s
	iters: 600, epoch: 6 | loss: 0.2417300
	speed: 0.0105s/iter; left time: 1060.0468s
	iters: 700, epoch: 6 | loss: 0.2466359
	speed: 0.0106s/iter; left time: 1070.7736s
	iters: 800, epoch: 6 | loss: 0.2666337
	speed: 0.0108s/iter; left time: 1083.9814s
	iters: 900, epoch: 6 | loss: 0.2282479
	speed: 0.0109s/iter; left time: 1099.4984s
	iters: 1000, epoch: 6 | loss: 0.1885299
	speed: 0.0107s/iter; left time: 1071.0159s
Epoch: 6 cost time: 11.44722604751587
Epoch: 6, Steps: 1067 | Train Loss: 0.2481117 Vali Loss: 0.3737733
EarlyStopping counter: 1 out of 6
Updating learning rate to 1.5625e-05
	iters: 100, epoch: 7 | loss: 0.2383894
	speed: 0.0350s/iter; left time: 3503.4886s
	iters: 200, epoch: 7 | loss: 0.2462417
	speed: 0.0106s/iter; left time: 1057.2423s
	iters: 300, epoch: 7 | loss: 0.3130436
	speed: 0.0108s/iter; left time: 1075.1142s
	iters: 400, epoch: 7 | loss: 0.2000299
	speed: 0.0106s/iter; left time: 1061.9649s
	iters: 500, epoch: 7 | loss: 0.2510133
	speed: 0.0109s/iter; left time: 1087.3234s
	iters: 600, epoch: 7 | loss: 0.2186705
	speed: 0.0106s/iter; left time: 1057.1699s
	iters: 700, epoch: 7 | loss: 0.2484656
	speed: 0.0109s/iter; left time: 1082.7241s
	iters: 800, epoch: 7 | loss: 0.2475924
	speed: 0.0107s/iter; left time: 1067.3991s
	iters: 900, epoch: 7 | loss: 0.2653326
	speed: 0.0107s/iter; left time: 1066.1083s
	iters: 1000, epoch: 7 | loss: 0.2168485
	speed: 0.0106s/iter; left time: 1051.6823s
Epoch: 7 cost time: 11.488343954086304
Epoch: 7, Steps: 1067 | Train Loss: 0.2474706 Vali Loss: 0.3741776
EarlyStopping counter: 2 out of 6
Updating learning rate to 7.8125e-06
	iters: 100, epoch: 8 | loss: 0.2471218
	speed: 0.0357s/iter; left time: 3536.9008s
	iters: 200, epoch: 8 | loss: 0.2116337
	speed: 0.0104s/iter; left time: 1034.5799s
	iters: 300, epoch: 8 | loss: 0.2494185
	speed: 0.0105s/iter; left time: 1039.7101s
	iters: 400, epoch: 8 | loss: 0.2825388
	speed: 0.0108s/iter; left time: 1064.7672s
	iters: 500, epoch: 8 | loss: 0.2134512
	speed: 0.0106s/iter; left time: 1049.1586s
	iters: 600, epoch: 8 | loss: 0.2425442
	speed: 0.0108s/iter; left time: 1062.7503s
	iters: 700, epoch: 8 | loss: 0.2865030
	speed: 0.0105s/iter; left time: 1031.4197s
	iters: 800, epoch: 8 | loss: 0.1874255
	speed: 0.0107s/iter; left time: 1050.1598s
	iters: 900, epoch: 8 | loss: 0.2692831
	speed: 0.0105s/iter; left time: 1036.1939s
	iters: 1000, epoch: 8 | loss: 0.2141027
	speed: 0.0107s/iter; left time: 1050.7903s
Epoch: 8 cost time: 11.353018522262573
Epoch: 8, Steps: 1067 | Train Loss: 0.2470813 Vali Loss: 0.3741260
EarlyStopping counter: 3 out of 6
Updating learning rate to 3.90625e-06
	iters: 100, epoch: 9 | loss: 0.2112301
	speed: 0.0346s/iter; left time: 3388.4471s
	iters: 200, epoch: 9 | loss: 0.2566142
	speed: 0.0107s/iter; left time: 1045.4654s
	iters: 300, epoch: 9 | loss: 0.2527091
	speed: 0.0108s/iter; left time: 1060.2631s
	iters: 400, epoch: 9 | loss: 0.2459274
	speed: 0.0111s/iter; left time: 1084.3849s
	iters: 500, epoch: 9 | loss: 0.2733533
	speed: 0.0108s/iter; left time: 1057.3545s
	iters: 600, epoch: 9 | loss: 0.2523477
	speed: 0.0108s/iter; left time: 1058.0392s
	iters: 700, epoch: 9 | loss: 0.2389313
	speed: 0.0108s/iter; left time: 1051.2249s
	iters: 800, epoch: 9 | loss: 0.2032212
	speed: 0.0108s/iter; left time: 1052.6722s
	iters: 900, epoch: 9 | loss: 0.2218290
	speed: 0.0108s/iter; left time: 1052.1835s
	iters: 1000, epoch: 9 | loss: 0.2424821
	speed: 0.0107s/iter; left time: 1040.8536s
Epoch: 9 cost time: 11.546637535095215
Epoch: 9, Steps: 1067 | Train Loss: 0.2469875 Vali Loss: 0.3739853
EarlyStopping counter: 4 out of 6
Updating learning rate to 1.953125e-06
	iters: 100, epoch: 10 | loss: 0.2351927
	speed: 0.0334s/iter; left time: 3239.3802s
	iters: 200, epoch: 10 | loss: 0.3112334
	speed: 0.0103s/iter; left time: 997.2731s
	iters: 300, epoch: 10 | loss: 0.2804926
	speed: 0.0112s/iter; left time: 1082.3528s
	iters: 400, epoch: 10 | loss: 0.2039642
	speed: 0.0110s/iter; left time: 1064.6856s
	iters: 500, epoch: 10 | loss: 0.2726753
	speed: 0.0108s/iter; left time: 1042.6630s
	iters: 600, epoch: 10 | loss: 0.2887867
	speed: 0.0107s/iter; left time: 1028.7117s
	iters: 700, epoch: 10 | loss: 0.2333415
	speed: 0.0111s/iter; left time: 1066.6387s
	iters: 800, epoch: 10 | loss: 0.2465634
	speed: 0.0108s/iter; left time: 1036.4973s
	iters: 900, epoch: 10 | loss: 0.2052754
	speed: 0.0105s/iter; left time: 1005.3742s
	iters: 1000, epoch: 10 | loss: 0.2550684
	speed: 0.0104s/iter; left time: 998.4076s
Epoch: 10 cost time: 11.421282768249512
Epoch: 10, Steps: 1067 | Train Loss: 0.2467894 Vali Loss: 0.3738556
EarlyStopping counter: 5 out of 6
Updating learning rate to 9.765625e-07
	iters: 100, epoch: 11 | loss: 0.2657094
	speed: 0.0343s/iter; left time: 3289.6489s
	iters: 200, epoch: 11 | loss: 0.2451526
	speed: 0.0106s/iter; left time: 1014.2035s
	iters: 300, epoch: 11 | loss: 0.2632503
	speed: 0.0108s/iter; left time: 1036.0443s
	iters: 400, epoch: 11 | loss: 0.2517979
	speed: 0.0106s/iter; left time: 1017.4025s
	iters: 500, epoch: 11 | loss: 0.2660606
	speed: 0.0105s/iter; left time: 1002.9579s
	iters: 600, epoch: 11 | loss: 0.2690372
	speed: 0.0107s/iter; left time: 1022.6499s
	iters: 700, epoch: 11 | loss: 0.1905508
	speed: 0.0108s/iter; left time: 1025.9284s
	iters: 800, epoch: 11 | loss: 0.2507728
	speed: 0.0106s/iter; left time: 1008.9005s
	iters: 900, epoch: 11 | loss: 0.2291660
	speed: 0.0108s/iter; left time: 1023.5057s
	iters: 1000, epoch: 11 | loss: 0.3573810
	speed: 0.0113s/iter; left time: 1078.5826s
Epoch: 11 cost time: 11.492154121398926
Epoch: 11, Steps: 1067 | Train Loss: 0.2467749 Vali Loss: 0.3737692
EarlyStopping counter: 6 out of 6
Early stopping
VALIDATION_RESULT {"best_epoch": 5, "best_mae": 0.40410246984305526, "best_mse": 0.3726173755756651, "epochs_ran": 11, "metric_version": "element_weighted_v1"}
>>>>>>>test skipped (validation-only run)<<<<<<<<<<<<<<<<<<<<<<<<
