Using GPU
Args in experiment:
[1mBasic Config[0m
  Task Name:          long_term_forecast  Is Training:        1                   
  Model ID:           p0_timerole_solar_l336_h336_s2023Model:              TimeRole            

[1mData Loader[0m
  Data:               custom              Root Path:          /home/cwh/Time-Series-Library/dataset/solar
  Data Path:          solar.csv           Features:           M                   
  Target:             channel_99          Freq:               t                   
  Checkpoints:        /home/cwh/Time-Series-Library/logs/timerole_table3_ecl_solar/timerole/formal/checkpoints

[1mForecasting Task[0m
  Seq Len:            336                 Label Len:          48                  
  Pred Len:           336                 Seasonal Patterns:  Monthly             
  Inverse:            0                   

[1mModel Parameters[0m
  Top k:              5                   Num Kernels:        6                   
  Enc In:             137                 Dec In:             137                 
  C Out:              137                 d model:            64                  
  n heads:            8                   e layers:           1                   
  d layers:           1                   d FF:               128                 
  Moving Avg:         25                  Factor:             3                   
  Distil:             1                   Dropout:            0.1                 
  Embed:              timeF               Activation:         gelu                

[1mRun Parameters[0m
  Num Workers:        0                   Itr:                1                   
  Train Epochs:       100                 Batch Size:         16                  
  Patience:           6                   Learning Rate:      0.0005              
  Des:                p0_timerole_solar_l336_h336_s2023Loss:               MSE                 
  Lradj:              type1               Use Amp:            0                   

[1mGPU[0m
  Use GPU:            1                   GPU:                0                   
  Use Multi GPU:      0                   Devices:            0,1,2,3             

[1mDe-stationary Projector Params[0m
  P Hidden Dims:      128, 128            P Hidden Layers:    2                   

Use GPU: cuda:0
🚀 Lazy Loading: TimeRole ...
[GraphMamba] Loaded static graph: /home/cwh/Time-Series-Library/dataset/solar/solar_adj_train_custom_M_uniform_2000_seed2023.npy
>>>>>>>start training : long_term_forecast_p0_timerole_solar_l336_h336_s2023_TimeRole_custom_ftM_sl336_ll48_pl336_dm64_nh8_el1_dl1_df128_expand2_dc2_fc3_ebtimeF_dtTrue_p0_timerole_solar_l336_h336_s2023_0>>>>>>>>>>>>>>>>>>>>>>>>>>
train 36121
val 4921
	iters: 100, epoch: 1 | loss: 0.3715493
	speed: 0.1240s/iter; left time: 27981.1223s
	iters: 200, epoch: 1 | loss: 0.3527015
	speed: 0.1224s/iter; left time: 27622.8144s
	iters: 300, epoch: 1 | loss: 0.3664131
	speed: 0.1223s/iter; left time: 27587.7907s
	iters: 400, epoch: 1 | loss: 0.2932866
	speed: 0.1219s/iter; left time: 27477.7669s
	iters: 500, epoch: 1 | loss: 0.1833120
	speed: 0.1223s/iter; left time: 27562.8661s
	iters: 600, epoch: 1 | loss: 0.2845693
	speed: 0.1220s/iter; left time: 27465.4589s
	iters: 700, epoch: 1 | loss: 0.1944409
	speed: 0.1217s/iter; left time: 27392.3773s
	iters: 800, epoch: 1 | loss: 0.2300926
	speed: 0.1223s/iter; left time: 27524.5806s
	iters: 900, epoch: 1 | loss: 0.2051697
	speed: 0.1226s/iter; left time: 27582.7234s
	iters: 1000, epoch: 1 | loss: 0.2285854
	speed: 0.1226s/iter; left time: 27551.1765s
	iters: 1100, epoch: 1 | loss: 0.1660354
	speed: 0.1225s/iter; left time: 27524.5701s
	iters: 1200, epoch: 1 | loss: 0.2603334
	speed: 0.1229s/iter; left time: 27598.0110s
	iters: 1300, epoch: 1 | loss: 0.3181517
	speed: 0.1226s/iter; left time: 27515.4368s
	iters: 1400, epoch: 1 | loss: 0.2755677
	speed: 0.1223s/iter; left time: 27454.2995s
	iters: 1500, epoch: 1 | loss: 0.2988758
	speed: 0.1225s/iter; left time: 27472.6323s
	iters: 1600, epoch: 1 | loss: 0.1874331
	speed: 0.1224s/iter; left time: 27446.4541s
	iters: 1700, epoch: 1 | loss: 0.2367349
	speed: 0.1228s/iter; left time: 27513.7051s
	iters: 1800, epoch: 1 | loss: 0.2366777
	speed: 0.1224s/iter; left time: 27425.9101s
	iters: 1900, epoch: 1 | loss: 0.2091762
	speed: 0.1219s/iter; left time: 27290.5960s
	iters: 2000, epoch: 1 | loss: 0.2074655
	speed: 0.1229s/iter; left time: 27501.2418s
	iters: 2100, epoch: 1 | loss: 0.1977211
	speed: 0.1224s/iter; left time: 27382.8803s
	iters: 2200, epoch: 1 | loss: 0.1733907
	speed: 0.1230s/iter; left time: 27500.9440s
Epoch: 1 cost time: 276.57152700424194
Epoch: 1, Steps: 2258 | Train Loss: 0.2705242 Vali Loss: 0.1947888
Validation loss decreased (inf --> 0.194789).  Saving model ...
Updating learning rate to 0.0005
	iters: 100, epoch: 2 | loss: 0.1883232
	speed: 0.2821s/iter; left time: 63024.5949s
	iters: 200, epoch: 2 | loss: 0.1591490
	speed: 0.1221s/iter; left time: 27274.9680s
	iters: 300, epoch: 2 | loss: 0.2121951
	speed: 0.1225s/iter; left time: 27346.1141s
	iters: 400, epoch: 2 | loss: 0.2056278
	speed: 0.1227s/iter; left time: 27373.3023s
	iters: 500, epoch: 2 | loss: 0.2391081
	speed: 0.1219s/iter; left time: 27199.8432s
	iters: 600, epoch: 2 | loss: 0.1351030
	speed: 0.1222s/iter; left time: 27252.1563s
	iters: 700, epoch: 2 | loss: 0.2353420
	speed: 0.1227s/iter; left time: 27339.5909s
	iters: 800, epoch: 2 | loss: 0.1913688
	speed: 0.1225s/iter; left time: 27284.0212s
	iters: 900, epoch: 2 | loss: 0.2570662
	speed: 0.1223s/iter; left time: 27228.5006s
	iters: 1000, epoch: 2 | loss: 0.2228373
	speed: 0.1219s/iter; left time: 27131.1217s
	iters: 1100, epoch: 2 | loss: 0.1721497
	speed: 0.1219s/iter; left time: 27113.3787s
	iters: 1200, epoch: 2 | loss: 0.2200321
	speed: 0.1224s/iter; left time: 27214.8797s
	iters: 1300, epoch: 2 | loss: 0.2106477
	speed: 0.1223s/iter; left time: 27191.0959s
	iters: 1400, epoch: 2 | loss: 0.1872593
	speed: 0.1227s/iter; left time: 27260.1005s
	iters: 1500, epoch: 2 | loss: 0.2475348
	speed: 0.1229s/iter; left time: 27289.4721s
	iters: 1600, epoch: 2 | loss: 0.2106285
	speed: 0.1225s/iter; left time: 27193.2053s
	iters: 1700, epoch: 2 | loss: 0.2237654
	speed: 0.1222s/iter; left time: 27103.2781s
	iters: 1800, epoch: 2 | loss: 0.1861328
	speed: 0.1223s/iter; left time: 27126.4314s
	iters: 1900, epoch: 2 | loss: 0.1717689
	speed: 0.1226s/iter; left time: 27165.1020s
	iters: 2000, epoch: 2 | loss: 0.1692710
	speed: 0.1230s/iter; left time: 27258.4572s
	iters: 2100, epoch: 2 | loss: 0.1728032
	speed: 0.1226s/iter; left time: 27139.3958s
	iters: 2200, epoch: 2 | loss: 0.2947112
	speed: 0.1227s/iter; left time: 27148.6506s
Epoch: 2 cost time: 276.3646945953369
Epoch: 2, Steps: 2258 | Train Loss: 0.2052770 Vali Loss: 0.1890139
Validation loss decreased (0.194789 --> 0.189014).  Saving model ...
Updating learning rate to 0.00025
	iters: 100, epoch: 3 | loss: 0.1952354
	speed: 0.2820s/iter; left time: 62363.9333s
	iters: 200, epoch: 3 | loss: 0.1684833
	speed: 0.1220s/iter; left time: 26975.0151s
	iters: 300, epoch: 3 | loss: 0.2157477
	speed: 0.1224s/iter; left time: 27053.1225s
	iters: 400, epoch: 3 | loss: 0.1626599
	speed: 0.1229s/iter; left time: 27152.3650s
	iters: 500, epoch: 3 | loss: 0.2144377
	speed: 0.1228s/iter; left time: 27107.3825s
	iters: 600, epoch: 3 | loss: 0.1652290
	speed: 0.1226s/iter; left time: 27056.1867s
	iters: 700, epoch: 3 | loss: 0.1903791
	speed: 0.1224s/iter; left time: 26995.5203s
	iters: 800, epoch: 3 | loss: 0.2699977
	speed: 0.1225s/iter; left time: 26998.8905s
	iters: 900, epoch: 3 | loss: 0.1676452
	speed: 0.1219s/iter; left time: 26872.6514s
	iters: 1000, epoch: 3 | loss: 0.1694412
	speed: 0.1226s/iter; left time: 27009.5013s
	iters: 1100, epoch: 3 | loss: 0.1451870
	speed: 0.1225s/iter; left time: 26971.3417s
	iters: 1200, epoch: 3 | loss: 0.1785213
	speed: 0.1223s/iter; left time: 26912.3258s
	iters: 1300, epoch: 3 | loss: 0.1607304
	speed: 0.1226s/iter; left time: 26960.5965s
	iters: 1400, epoch: 3 | loss: 0.2537118
	speed: 0.1225s/iter; left time: 26925.7280s
	iters: 1500, epoch: 3 | loss: 0.2310800
	speed: 0.1220s/iter; left time: 26821.3184s
	iters: 1600, epoch: 3 | loss: 0.1545760
	speed: 0.1225s/iter; left time: 26900.4348s
	iters: 1700, epoch: 3 | loss: 0.2234415
	speed: 0.1226s/iter; left time: 26921.5414s
	iters: 1800, epoch: 3 | loss: 0.2275391
	speed: 0.1223s/iter; left time: 26843.0501s
	iters: 1900, epoch: 3 | loss: 0.2365730
	speed: 0.1227s/iter; left time: 26928.0721s
	iters: 2000, epoch: 3 | loss: 0.2014667
	speed: 0.1227s/iter; left time: 26896.0081s
	iters: 2100, epoch: 3 | loss: 0.1955495
	speed: 0.1224s/iter; left time: 26837.0359s
	iters: 2200, epoch: 3 | loss: 0.1733761
	speed: 0.1223s/iter; left time: 26799.3346s
Epoch: 3 cost time: 276.40435004234314
Epoch: 3, Steps: 2258 | Train Loss: 0.1982377 Vali Loss: 0.1837539
Validation loss decreased (0.189014 --> 0.183754).  Saving model ...
Updating learning rate to 0.000125
	iters: 100, epoch: 4 | loss: 0.2238658
	speed: 0.2817s/iter; left time: 61672.8150s
	iters: 200, epoch: 4 | loss: 0.1530195
	speed: 0.1225s/iter; left time: 26801.6370s
	iters: 300, epoch: 4 | loss: 0.1469527
	speed: 0.1226s/iter; left time: 26823.7791s
	iters: 400, epoch: 4 | loss: 0.2482934
	speed: 0.1221s/iter; left time: 26685.7234s
	iters: 500, epoch: 4 | loss: 0.1748977
	speed: 0.1223s/iter; left time: 26735.8055s
	iters: 600, epoch: 4 | loss: 0.2012880
	speed: 0.1225s/iter; left time: 26747.7456s
	iters: 700, epoch: 4 | loss: 0.1786319
	speed: 0.1217s/iter; left time: 26569.0161s
	iters: 800, epoch: 4 | loss: 0.2010967
	speed: 0.1224s/iter; left time: 26708.0368s
	iters: 900, epoch: 4 | loss: 0.1876130
	speed: 0.1224s/iter; left time: 26689.2533s
	iters: 1000, epoch: 4 | loss: 0.2895091
	speed: 0.1226s/iter; left time: 26720.2768s
	iters: 1100, epoch: 4 | loss: 0.2123195
	speed: 0.1227s/iter; left time: 26739.7260s
	iters: 1200, epoch: 4 | loss: 0.2098010
	speed: 0.1228s/iter; left time: 26738.2691s
	iters: 1300, epoch: 4 | loss: 0.2685968
	speed: 0.1228s/iter; left time: 26727.8920s
	iters: 1400, epoch: 4 | loss: 0.2340178
	speed: 0.1225s/iter; left time: 26666.2629s
	iters: 1500, epoch: 4 | loss: 0.1713589
	speed: 0.1222s/iter; left time: 26588.3372s
	iters: 1600, epoch: 4 | loss: 0.1871145
	speed: 0.1222s/iter; left time: 26567.1332s
	iters: 1700, epoch: 4 | loss: 0.1987989
	speed: 0.1220s/iter; left time: 26514.6547s
	iters: 1800, epoch: 4 | loss: 0.1856534
	speed: 0.1220s/iter; left time: 26503.8445s
	iters: 1900, epoch: 4 | loss: 0.2324884
	speed: 0.1226s/iter; left time: 26616.5663s
	iters: 2000, epoch: 4 | loss: 0.1452469
	speed: 0.1224s/iter; left time: 26572.1850s
	iters: 2100, epoch: 4 | loss: 0.1746561
	speed: 0.1225s/iter; left time: 26574.0938s
	iters: 2200, epoch: 4 | loss: 0.2214506
	speed: 0.1222s/iter; left time: 26495.1635s
Epoch: 4 cost time: 276.1837115287781
Epoch: 4, Steps: 2258 | Train Loss: 0.1954059 Vali Loss: 0.1815183
Validation loss decreased (0.183754 --> 0.181518).  Saving model ...
Updating learning rate to 6.25e-05
	iters: 100, epoch: 5 | loss: 0.1900591
	speed: 0.2814s/iter; left time: 60980.6464s
	iters: 200, epoch: 5 | loss: 0.1734355
	speed: 0.1223s/iter; left time: 26494.4886s
	iters: 300, epoch: 5 | loss: 0.1905878
	speed: 0.1222s/iter; left time: 26456.0709s
	iters: 400, epoch: 5 | loss: 0.2134779
	speed: 0.1221s/iter; left time: 26415.5438s
	iters: 500, epoch: 5 | loss: 0.2662090
	speed: 0.1225s/iter; left time: 26493.2712s
	iters: 600, epoch: 5 | loss: 0.2092127
	speed: 0.1221s/iter; left time: 26388.5740s
	iters: 700, epoch: 5 | loss: 0.2596775
	speed: 0.1227s/iter; left time: 26515.9059s
	iters: 800, epoch: 5 | loss: 0.1948254
	speed: 0.1225s/iter; left time: 26464.5811s
	iters: 900, epoch: 5 | loss: 0.1939013
	speed: 0.1221s/iter; left time: 26361.9601s
	iters: 1000, epoch: 5 | loss: 0.1613865
	speed: 0.1225s/iter; left time: 26433.9038s
	iters: 1100, epoch: 5 | loss: 0.2060813
	speed: 0.1218s/iter; left time: 26271.6358s
	iters: 1200, epoch: 5 | loss: 0.1382447
	speed: 0.1218s/iter; left time: 26263.6678s
	iters: 1300, epoch: 5 | loss: 0.1585212
	speed: 0.1218s/iter; left time: 26244.8194s
	iters: 1400, epoch: 5 | loss: 0.2176447
	speed: 0.1218s/iter; left time: 26229.8036s
	iters: 1500, epoch: 5 | loss: 0.1987539
	speed: 0.1227s/iter; left time: 26414.5497s
	iters: 1600, epoch: 5 | loss: 0.1657086
	speed: 0.1230s/iter; left time: 26460.8333s
	iters: 1700, epoch: 5 | loss: 0.2077893
	speed: 0.1228s/iter; left time: 26403.6713s
	iters: 1800, epoch: 5 | loss: 0.2253478
	speed: 0.1225s/iter; left time: 26327.5891s
	iters: 1900, epoch: 5 | loss: 0.1918067
	speed: 0.1226s/iter; left time: 26339.8165s
	iters: 2000, epoch: 5 | loss: 0.1712120
	speed: 0.1223s/iter; left time: 26268.4219s
	iters: 2100, epoch: 5 | loss: 0.1605166
	speed: 0.1222s/iter; left time: 26223.8193s
	iters: 2200, epoch: 5 | loss: 0.1793285
	speed: 0.1224s/iter; left time: 26269.1267s
Epoch: 5 cost time: 276.12369990348816
Epoch: 5, Steps: 2258 | Train Loss: 0.1939956 Vali Loss: 0.1804887
Validation loss decreased (0.181518 --> 0.180489).  Saving model ...
Updating learning rate to 3.125e-05
	iters: 100, epoch: 6 | loss: 0.1922346
	speed: 0.2812s/iter; left time: 60298.6407s
	iters: 200, epoch: 6 | loss: 0.1851821
	speed: 0.1225s/iter; left time: 26255.8439s
	iters: 300, epoch: 6 | loss: 0.1331148
	speed: 0.1222s/iter; left time: 26177.9193s
	iters: 400, epoch: 6 | loss: 0.1636554
	speed: 0.1224s/iter; left time: 26199.2924s
	iters: 500, epoch: 6 | loss: 0.2303910
	speed: 0.1218s/iter; left time: 26074.2961s
	iters: 600, epoch: 6 | loss: 0.2222363
	speed: 0.1220s/iter; left time: 26099.3402s
	iters: 700, epoch: 6 | loss: 0.2191071
	speed: 0.1226s/iter; left time: 26217.6472s
	iters: 800, epoch: 6 | loss: 0.2053688
	speed: 0.1223s/iter; left time: 26134.7342s
	iters: 900, epoch: 6 | loss: 0.1963082
	speed: 0.1227s/iter; left time: 26207.0903s
	iters: 1000, epoch: 6 | loss: 0.1939067
	speed: 0.1224s/iter; left time: 26135.7424s
	iters: 1100, epoch: 6 | loss: 0.1791761
	speed: 0.1225s/iter; left time: 26149.0993s
	iters: 1200, epoch: 6 | loss: 0.1225320
	speed: 0.1228s/iter; left time: 26204.0950s
	iters: 1300, epoch: 6 | loss: 0.2160648
	speed: 0.1224s/iter; left time: 26107.5337s
	iters: 1400, epoch: 6 | loss: 0.2019778
	speed: 0.1226s/iter; left time: 26130.7498s
	iters: 1500, epoch: 6 | loss: 0.1295562
	speed: 0.1224s/iter; left time: 26073.2102s
	iters: 1600, epoch: 6 | loss: 0.1890962
	speed: 0.1223s/iter; left time: 26033.4437s
	iters: 1700, epoch: 6 | loss: 0.2272393
	speed: 0.1227s/iter; left time: 26109.0308s
	iters: 1800, epoch: 6 | loss: 0.1818591
	speed: 0.1227s/iter; left time: 26092.6609s
	iters: 1900, epoch: 6 | loss: 0.2037308
	speed: 0.1222s/iter; left time: 25991.5693s
	iters: 2000, epoch: 6 | loss: 0.2089583
	speed: 0.1223s/iter; left time: 25998.6666s
	iters: 2100, epoch: 6 | loss: 0.1582554
	speed: 0.1224s/iter; left time: 25989.1399s
	iters: 2200, epoch: 6 | loss: 0.1953572
	speed: 0.1222s/iter; left time: 25950.2847s
Epoch: 6 cost time: 276.29594135284424
Epoch: 6, Steps: 2258 | Train Loss: 0.1931333 Vali Loss: 0.1803818
Validation loss decreased (0.180489 --> 0.180382).  Saving model ...
Updating learning rate to 1.5625e-05
	iters: 100, epoch: 7 | loss: 0.2183956
	speed: 0.2818s/iter; left time: 59774.3858s
	iters: 200, epoch: 7 | loss: 0.1572003
	speed: 0.1226s/iter; left time: 26006.6864s
	iters: 300, epoch: 7 | loss: 0.1872627
	speed: 0.1225s/iter; left time: 25956.4103s
	iters: 400, epoch: 7 | loss: 0.1979067
	speed: 0.1226s/iter; left time: 25983.3535s
	iters: 500, epoch: 7 | loss: 0.2250540
	speed: 0.1223s/iter; left time: 25887.4992s
	iters: 600, epoch: 7 | loss: 0.1617384
	speed: 0.1224s/iter; left time: 25909.3448s
	iters: 700, epoch: 7 | loss: 0.1875013
	speed: 0.1229s/iter; left time: 25998.5926s
	iters: 800, epoch: 7 | loss: 0.2138208
	speed: 0.1224s/iter; left time: 25879.9058s
	iters: 900, epoch: 7 | loss: 0.1914519
	speed: 0.1225s/iter; left time: 25889.3255s
	iters: 1000, epoch: 7 | loss: 0.1549199
	speed: 0.1225s/iter; left time: 25875.2272s
	iters: 1100, epoch: 7 | loss: 0.1719144
	speed: 0.1218s/iter; left time: 25709.7423s
	iters: 1200, epoch: 7 | loss: 0.1396060
	speed: 0.1217s/iter; left time: 25675.3396s
	iters: 1300, epoch: 7 | loss: 0.1357498
	speed: 0.1221s/iter; left time: 25759.5633s
	iters: 1400, epoch: 7 | loss: 0.1792054
	speed: 0.1222s/iter; left time: 25763.1254s
	iters: 1500, epoch: 7 | loss: 0.2851835
	speed: 0.1223s/iter; left time: 25776.6777s
	iters: 1600, epoch: 7 | loss: 0.1885502
	speed: 0.1222s/iter; left time: 25745.5695s
	iters: 1700, epoch: 7 | loss: 0.2032984
	speed: 0.1224s/iter; left time: 25772.3770s
	iters: 1800, epoch: 7 | loss: 0.1908910
	speed: 0.1221s/iter; left time: 25703.4665s
	iters: 1900, epoch: 7 | loss: 0.1522155
	speed: 0.1224s/iter; left time: 25752.6582s
	iters: 2000, epoch: 7 | loss: 0.2490221
	speed: 0.1227s/iter; left time: 25801.3280s
	iters: 2100, epoch: 7 | loss: 0.1723703
	speed: 0.1222s/iter; left time: 25679.7296s
	iters: 2200, epoch: 7 | loss: 0.2503544
	speed: 0.1227s/iter; left time: 25763.8921s
Epoch: 7 cost time: 276.176460981369
Epoch: 7, Steps: 2258 | Train Loss: 0.1927043 Vali Loss: 0.1799387
Validation loss decreased (0.180382 --> 0.179939).  Saving model ...
Updating learning rate to 7.8125e-06
	iters: 100, epoch: 8 | loss: 0.1739639
	speed: 0.2820s/iter; left time: 59189.0860s
	iters: 200, epoch: 8 | loss: 0.1938475
	speed: 0.1221s/iter; left time: 25624.5999s
	iters: 300, epoch: 8 | loss: 0.2347387
	speed: 0.1221s/iter; left time: 25601.2098s
	iters: 400, epoch: 8 | loss: 0.1877464
	speed: 0.1225s/iter; left time: 25666.6875s
	iters: 500, epoch: 8 | loss: 0.1533369
	speed: 0.1223s/iter; left time: 25614.5366s
	iters: 600, epoch: 8 | loss: 0.2416484
	speed: 0.1223s/iter; left time: 25616.5445s
	iters: 700, epoch: 8 | loss: 0.2530929
	speed: 0.1221s/iter; left time: 25550.4800s
	iters: 800, epoch: 8 | loss: 0.2336871
	speed: 0.1225s/iter; left time: 25617.9161s
	iters: 900, epoch: 8 | loss: 0.1351855
	speed: 0.1220s/iter; left time: 25511.3264s
	iters: 1000, epoch: 8 | loss: 0.1924837
	speed: 0.1222s/iter; left time: 25536.1834s
	iters: 1100, epoch: 8 | loss: 0.1593114
	speed: 0.1225s/iter; left time: 25580.6498s
	iters: 1200, epoch: 8 | loss: 0.1832475
	speed: 0.1222s/iter; left time: 25513.8699s
	iters: 1300, epoch: 8 | loss: 0.2046606
	speed: 0.1224s/iter; left time: 25542.3877s
	iters: 1400, epoch: 8 | loss: 0.2145455
	speed: 0.1223s/iter; left time: 25501.9590s
	iters: 1500, epoch: 8 | loss: 0.1745090
	speed: 0.1223s/iter; left time: 25505.6662s
	iters: 1600, epoch: 8 | loss: 0.1625191
	speed: 0.1224s/iter; left time: 25510.9510s
	iters: 1700, epoch: 8 | loss: 0.2363907
	speed: 0.1218s/iter; left time: 25364.7979s
	iters: 1800, epoch: 8 | loss: 0.2293913
	speed: 0.1221s/iter; left time: 25429.8585s
	iters: 1900, epoch: 8 | loss: 0.1807050
	speed: 0.1223s/iter; left time: 25440.3583s
	iters: 2000, epoch: 8 | loss: 0.1961256
	speed: 0.1219s/iter; left time: 25347.9838s
	iters: 2100, epoch: 8 | loss: 0.2110495
	speed: 0.1225s/iter; left time: 25464.8302s
	iters: 2200, epoch: 8 | loss: 0.2078281
	speed: 0.1224s/iter; left time: 25424.3913s
Epoch: 8 cost time: 275.9476909637451
Epoch: 8, Steps: 2258 | Train Loss: 0.1924615 Vali Loss: 0.1799830
EarlyStopping counter: 1 out of 6
Updating learning rate to 3.90625e-06
	iters: 100, epoch: 9 | loss: 0.2044791
	speed: 0.2811s/iter; left time: 58361.1328s
	iters: 200, epoch: 9 | loss: 0.2064341
	speed: 0.1224s/iter; left time: 25395.0835s
	iters: 300, epoch: 9 | loss: 0.2277964
	speed: 0.1227s/iter; left time: 25452.0658s
	iters: 400, epoch: 9 | loss: 0.1618793
	speed: 0.1225s/iter; left time: 25407.3591s
	iters: 500, epoch: 9 | loss: 0.1771462
	speed: 0.1222s/iter; left time: 25329.4550s
	iters: 600, epoch: 9 | loss: 0.1833967
	speed: 0.1223s/iter; left time: 25326.0093s
	iters: 700, epoch: 9 | loss: 0.2763149
	speed: 0.1229s/iter; left time: 25450.9192s
	iters: 800, epoch: 9 | loss: 0.1552916
	speed: 0.1223s/iter; left time: 25303.6227s
	iters: 900, epoch: 9 | loss: 0.1839806
	speed: 0.1225s/iter; left time: 25337.9477s
	iters: 1000, epoch: 9 | loss: 0.1533075
	speed: 0.1223s/iter; left time: 25293.1662s
	iters: 1100, epoch: 9 | loss: 0.1676955
	speed: 0.1227s/iter; left time: 25355.5708s
	iters: 1200, epoch: 9 | loss: 0.1964530
	speed: 0.1225s/iter; left time: 25300.3915s
	iters: 1300, epoch: 9 | loss: 0.1769998
	speed: 0.1224s/iter; left time: 25270.8498s
	iters: 1400, epoch: 9 | loss: 0.2325071
	speed: 0.1227s/iter; left time: 25323.1512s
	iters: 1500, epoch: 9 | loss: 0.1782676
	speed: 0.1225s/iter; left time: 25254.2170s
	iters: 1600, epoch: 9 | loss: 0.2205497
	speed: 0.1227s/iter; left time: 25299.4289s
	iters: 1700, epoch: 9 | loss: 0.1950445
	speed: 0.1224s/iter; left time: 25225.1856s
	iters: 1800, epoch: 9 | loss: 0.2085151
	speed: 0.1224s/iter; left time: 25199.3171s
	iters: 1900, epoch: 9 | loss: 0.1859329
	speed: 0.1223s/iter; left time: 25177.3137s
	iters: 2000, epoch: 9 | loss: 0.2077009
	speed: 0.1226s/iter; left time: 25232.8947s
	iters: 2100, epoch: 9 | loss: 0.1977674
	speed: 0.1225s/iter; left time: 25182.7028s
	iters: 2200, epoch: 9 | loss: 0.1715453
	speed: 0.1223s/iter; left time: 25140.0066s
Epoch: 9 cost time: 276.4597759246826
Epoch: 9, Steps: 2258 | Train Loss: 0.1923478 Vali Loss: 0.1800935
EarlyStopping counter: 2 out of 6
Updating learning rate to 1.953125e-06
	iters: 100, epoch: 10 | loss: 0.1550404
	speed: 0.2816s/iter; left time: 57829.0974s
	iters: 200, epoch: 10 | loss: 0.1735220
	speed: 0.1224s/iter; left time: 25120.0181s
	iters: 300, epoch: 10 | loss: 0.1486041
	speed: 0.1227s/iter; left time: 25183.2320s
	iters: 400, epoch: 10 | loss: 0.2157866
	speed: 0.1226s/iter; left time: 25151.9690s
	iters: 500, epoch: 10 | loss: 0.2068677
	speed: 0.1225s/iter; left time: 25106.1693s
	iters: 600, epoch: 10 | loss: 0.1806465
	speed: 0.1225s/iter; left time: 25091.6830s
	iters: 700, epoch: 10 | loss: 0.2007004
	speed: 0.1225s/iter; left time: 25082.8365s
	iters: 800, epoch: 10 | loss: 0.1879337
	speed: 0.1225s/iter; left time: 25082.0702s
	iters: 900, epoch: 10 | loss: 0.1864615
	speed: 0.1220s/iter; left time: 24962.4606s
	iters: 1000, epoch: 10 | loss: 0.1989211
	speed: 0.1223s/iter; left time: 25009.4890s
	iters: 1100, epoch: 10 | loss: 0.1897748
	speed: 0.1223s/iter; left time: 24993.8604s
	iters: 1200, epoch: 10 | loss: 0.1727427
	speed: 0.1223s/iter; left time: 24992.1191s
	iters: 1300, epoch: 10 | loss: 0.2699934
	speed: 0.1226s/iter; left time: 25022.6371s
	iters: 1400, epoch: 10 | loss: 0.1969609
	speed: 0.1225s/iter; left time: 25000.0872s
	iters: 1500, epoch: 10 | loss: 0.1674982
	speed: 0.1229s/iter; left time: 25077.9927s
	iters: 1600, epoch: 10 | loss: 0.2306126
	speed: 0.1225s/iter; left time: 24981.6463s
	iters: 1700, epoch: 10 | loss: 0.1827028
	speed: 0.1224s/iter; left time: 24933.4585s
	iters: 1800, epoch: 10 | loss: 0.1770359
	speed: 0.1225s/iter; left time: 24942.6062s
	iters: 1900, epoch: 10 | loss: 0.1361797
	speed: 0.1222s/iter; left time: 24882.1585s
	iters: 2000, epoch: 10 | loss: 0.2224834
	speed: 0.1220s/iter; left time: 24823.2733s
	iters: 2100, epoch: 10 | loss: 0.1596943
	speed: 0.1222s/iter; left time: 24848.0072s
	iters: 2200, epoch: 10 | loss: 0.1099050
	speed: 0.1223s/iter; left time: 24859.1122s
Epoch: 10 cost time: 276.2941572666168
Epoch: 10, Steps: 2258 | Train Loss: 0.1922798 Vali Loss: 0.1799327
Validation loss decreased (0.179939 --> 0.179933).  Saving model ...
Updating learning rate to 9.765625e-07
	iters: 100, epoch: 11 | loss: 0.1924834
	speed: 0.2809s/iter; left time: 57057.3900s
	iters: 200, epoch: 11 | loss: 0.2219884
	speed: 0.1223s/iter; left time: 24833.1780s
	iters: 300, epoch: 11 | loss: 0.2710103
	speed: 0.1220s/iter; left time: 24759.1551s
	iters: 400, epoch: 11 | loss: 0.2121199
	speed: 0.1224s/iter; left time: 24832.9945s
	iters: 500, epoch: 11 | loss: 0.1541668
	speed: 0.1222s/iter; left time: 24769.8103s
	iters: 600, epoch: 11 | loss: 0.2494526
	speed: 0.1221s/iter; left time: 24745.1333s
	iters: 700, epoch: 11 | loss: 0.1618621
	speed: 0.1218s/iter; left time: 24671.6817s
	iters: 800, epoch: 11 | loss: 0.2089167
	speed: 0.1222s/iter; left time: 24731.1220s
	iters: 900, epoch: 11 | loss: 0.1418169
	speed: 0.1224s/iter; left time: 24765.0614s
	iters: 1000, epoch: 11 | loss: 0.2195217
	speed: 0.1223s/iter; left time: 24729.3927s
	iters: 1100, epoch: 11 | loss: 0.1491852
	speed: 0.1219s/iter; left time: 24630.3959s
	iters: 1200, epoch: 11 | loss: 0.1576335
	speed: 0.1217s/iter; left time: 24577.4421s
	iters: 1300, epoch: 11 | loss: 0.1554348
	speed: 0.1223s/iter; left time: 24690.9777s
	iters: 1400, epoch: 11 | loss: 0.2070273
	speed: 0.1226s/iter; left time: 24739.0962s
	iters: 1500, epoch: 11 | loss: 0.1546988
	speed: 0.1219s/iter; left time: 24597.3326s
	iters: 1600, epoch: 11 | loss: 0.1548149
	speed: 0.1222s/iter; left time: 24637.6666s
	iters: 1700, epoch: 11 | loss: 0.2488411
	speed: 0.1220s/iter; left time: 24587.5743s
	iters: 1800, epoch: 11 | loss: 0.2010910
	speed: 0.1221s/iter; left time: 24592.7349s
	iters: 1900, epoch: 11 | loss: 0.1611923
	speed: 0.1226s/iter; left time: 24684.8820s
	iters: 2000, epoch: 11 | loss: 0.1516113
	speed: 0.1224s/iter; left time: 24637.6364s
	iters: 2100, epoch: 11 | loss: 0.1969717
	speed: 0.1220s/iter; left time: 24531.4223s
	iters: 2200, epoch: 11 | loss: 0.1573704
	speed: 0.1222s/iter; left time: 24567.8911s
Epoch: 11 cost time: 275.78543996810913
Epoch: 11, Steps: 2258 | Train Loss: 0.1922438 Vali Loss: 0.1798274
Validation loss decreased (0.179933 --> 0.179827).  Saving model ...
Updating learning rate to 4.8828125e-07
	iters: 100, epoch: 12 | loss: 0.1453571
	speed: 0.2819s/iter; left time: 56624.4929s
	iters: 200, epoch: 12 | loss: 0.1743927
	speed: 0.1224s/iter; left time: 24580.0316s
	iters: 300, epoch: 12 | loss: 0.2263989
	speed: 0.1225s/iter; left time: 24585.4845s
	iters: 400, epoch: 12 | loss: 0.1756125
	speed: 0.1223s/iter; left time: 24524.7531s
	iters: 500, epoch: 12 | loss: 0.1730996
	speed: 0.1225s/iter; left time: 24556.0775s
	iters: 600, epoch: 12 | loss: 0.1845376
	speed: 0.1221s/iter; left time: 24470.3916s
	iters: 700, epoch: 12 | loss: 0.1755722
	speed: 0.1221s/iter; left time: 24452.9398s
	iters: 800, epoch: 12 | loss: 0.2209393
	speed: 0.1224s/iter; left time: 24508.7112s
	iters: 900, epoch: 12 | loss: 0.1815220
	speed: 0.1222s/iter; left time: 24442.2577s
	iters: 1000, epoch: 12 | loss: 0.1849876
	speed: 0.1222s/iter; left time: 24435.8534s
	iters: 1100, epoch: 12 | loss: 0.1844820
	speed: 0.1220s/iter; left time: 24374.8233s
	iters: 1200, epoch: 12 | loss: 0.1846323
	speed: 0.1226s/iter; left time: 24486.9269s
	iters: 1300, epoch: 12 | loss: 0.2841540
	speed: 0.1224s/iter; left time: 24447.8739s
	iters: 1400, epoch: 12 | loss: 0.1989397
	speed: 0.1218s/iter; left time: 24310.0304s
	iters: 1500, epoch: 12 | loss: 0.1555721
	speed: 0.1220s/iter; left time: 24343.8122s
	iters: 1600, epoch: 12 | loss: 0.1731633
	speed: 0.1224s/iter; left time: 24400.2668s
	iters: 1700, epoch: 12 | loss: 0.1597126
	speed: 0.1219s/iter; left time: 24292.5490s
	iters: 1800, epoch: 12 | loss: 0.2242669
	speed: 0.1220s/iter; left time: 24294.8067s
	iters: 1900, epoch: 12 | loss: 0.1340590
	speed: 0.1225s/iter; left time: 24376.6889s
	iters: 2000, epoch: 12 | loss: 0.1687910
	speed: 0.1220s/iter; left time: 24276.4551s
	iters: 2100, epoch: 12 | loss: 0.2476633
	speed: 0.1221s/iter; left time: 24275.6270s
	iters: 2200, epoch: 12 | loss: 0.2217589
	speed: 0.1224s/iter; left time: 24330.7223s
Epoch: 12 cost time: 276.2407133579254
Epoch: 12, Steps: 2258 | Train Loss: 0.1922430 Vali Loss: 0.1798467
EarlyStopping counter: 1 out of 6
Updating learning rate to 2.44140625e-07
	iters: 100, epoch: 13 | loss: 0.1959277
	speed: 0.2840s/iter; left time: 56394.6781s
	iters: 200, epoch: 13 | loss: 0.1457417
	speed: 0.1224s/iter; left time: 24306.2517s
	iters: 300, epoch: 13 | loss: 0.2448618
	speed: 0.1222s/iter; left time: 24247.2353s
	iters: 400, epoch: 13 | loss: 0.2242003
	speed: 0.1223s/iter; left time: 24245.6706s
	iters: 500, epoch: 13 | loss: 0.1839124
	speed: 0.1222s/iter; left time: 24225.1016s
	iters: 600, epoch: 13 | loss: 0.2800516
	speed: 0.1224s/iter; left time: 24241.1689s
	iters: 700, epoch: 13 | loss: 0.1568171
	speed: 0.1226s/iter; left time: 24277.8744s
	iters: 800, epoch: 13 | loss: 0.2289666
	speed: 0.1222s/iter; left time: 24181.2761s
	iters: 900, epoch: 13 | loss: 0.1846862
	speed: 0.1224s/iter; left time: 24220.8905s
	iters: 1000, epoch: 13 | loss: 0.1930290
	speed: 0.1225s/iter; left time: 24214.7908s
	iters: 1100, epoch: 13 | loss: 0.1702526
	speed: 0.1227s/iter; left time: 24238.3358s
	iters: 1200, epoch: 13 | loss: 0.1610028
	speed: 0.1220s/iter; left time: 24088.9272s
	iters: 1300, epoch: 13 | loss: 0.1645798
	speed: 0.1220s/iter; left time: 24081.2889s
	iters: 1400, epoch: 13 | loss: 0.2081555
	speed: 0.1222s/iter; left time: 24119.7952s
	iters: 1500, epoch: 13 | loss: 0.1804627
	speed: 0.1226s/iter; left time: 24177.8140s
	iters: 1600, epoch: 13 | loss: 0.2358283
	speed: 0.1223s/iter; left time: 24107.8363s
	iters: 1700, epoch: 13 | loss: 0.1752876
	speed: 0.1219s/iter; left time: 24016.6296s
	iters: 1800, epoch: 13 | loss: 0.1963267
	speed: 0.1219s/iter; left time: 23993.8548s
	iters: 1900, epoch: 13 | loss: 0.2117524
	speed: 0.1221s/iter; left time: 24022.7458s
	iters: 2000, epoch: 13 | loss: 0.1850155
	speed: 0.1222s/iter; left time: 24039.3513s
	iters: 2100, epoch: 13 | loss: 0.2036571
	speed: 0.1216s/iter; left time: 23912.8756s
	iters: 2200, epoch: 13 | loss: 0.2334803
	speed: 0.1219s/iter; left time: 23955.5591s
Epoch: 13 cost time: 275.88007164001465
Epoch: 13, Steps: 2258 | Train Loss: 0.1922161 Vali Loss: 0.1798623
EarlyStopping counter: 2 out of 6
Updating learning rate to 1.220703125e-07
	iters: 100, epoch: 14 | loss: 0.1763393
	speed: 0.2802s/iter; left time: 55024.9638s
	iters: 200, epoch: 14 | loss: 0.2095504
	speed: 0.1222s/iter; left time: 23980.7836s
	iters: 300, epoch: 14 | loss: 0.1676495
	speed: 0.1219s/iter; left time: 23908.2234s
	iters: 400, epoch: 14 | loss: 0.2377861
	speed: 0.1227s/iter; left time: 24062.5810s
	iters: 500, epoch: 14 | loss: 0.2120814
	speed: 0.1220s/iter; left time: 23914.2534s
	iters: 600, epoch: 14 | loss: 0.2449408
	speed: 0.1221s/iter; left time: 23918.3604s
	iters: 700, epoch: 14 | loss: 0.1406757
	speed: 0.1223s/iter; left time: 23940.8886s
	iters: 800, epoch: 14 | loss: 0.2580263
	speed: 0.1227s/iter; left time: 23996.7415s
	iters: 900, epoch: 14 | loss: 0.1558528
	speed: 0.1226s/iter; left time: 23967.0190s
	iters: 1000, epoch: 14 | loss: 0.2067634
	speed: 0.1225s/iter; left time: 23947.4756s
	iters: 1100, epoch: 14 | loss: 0.1896226
	speed: 0.1221s/iter; left time: 23852.4579s
	iters: 1200, epoch: 14 | loss: 0.2115863
	speed: 0.1224s/iter; left time: 23906.9508s
	iters: 1300, epoch: 14 | loss: 0.2525608
	speed: 0.1225s/iter; left time: 23913.9595s
	iters: 1400, epoch: 14 | loss: 0.1784361
	speed: 0.1223s/iter; left time: 23854.2653s
	iters: 1500, epoch: 14 | loss: 0.2035446
	speed: 0.1219s/iter; left time: 23770.9448s
	iters: 1600, epoch: 14 | loss: 0.2370431
	speed: 0.1223s/iter; left time: 23831.3825s
	iters: 1700, epoch: 14 | loss: 0.1801103
	speed: 0.1223s/iter; left time: 23813.7443s
	iters: 1800, epoch: 14 | loss: 0.2104207
	speed: 0.1226s/iter; left time: 23870.6480s
	iters: 1900, epoch: 14 | loss: 0.1565679
	speed: 0.1221s/iter; left time: 23749.5523s
	iters: 2000, epoch: 14 | loss: 0.2413419
	speed: 0.1217s/iter; left time: 23665.7128s
	iters: 2100, epoch: 14 | loss: 0.1593810
	speed: 0.1223s/iter; left time: 23762.2957s
	iters: 2200, epoch: 14 | loss: 0.1693325
	speed: 0.1224s/iter; left time: 23768.4567s
Epoch: 14 cost time: 275.97278022766113
Epoch: 14, Steps: 2258 | Train Loss: 0.1922078 Vali Loss: 0.1798649
EarlyStopping counter: 3 out of 6
Updating learning rate to 6.103515625e-08
	iters: 100, epoch: 15 | loss: 0.1726626
	speed: 0.2812s/iter; left time: 54585.8149s
	iters: 200, epoch: 15 | loss: 0.1920806
	speed: 0.1221s/iter; left time: 23695.6466s
	iters: 300, epoch: 15 | loss: 0.1784989
	speed: 0.1222s/iter; left time: 23699.7478s
	iters: 400, epoch: 15 | loss: 0.2092941
	speed: 0.1224s/iter; left time: 23714.6294s
	iters: 500, epoch: 15 | loss: 0.1458587
	speed: 0.1218s/iter; left time: 23600.2255s
	iters: 600, epoch: 15 | loss: 0.2271558
	speed: 0.1219s/iter; left time: 23604.0452s
	iters: 700, epoch: 15 | loss: 0.1692975
	speed: 0.1218s/iter; left time: 23576.2461s
	iters: 800, epoch: 15 | loss: 0.1660802
	speed: 0.1223s/iter; left time: 23643.6844s
	iters: 900, epoch: 15 | loss: 0.2421977
	speed: 0.1221s/iter; left time: 23607.7428s
	iters: 1000, epoch: 15 | loss: 0.1527313
	speed: 0.1219s/iter; left time: 23547.5983s
	iters: 1100, epoch: 15 | loss: 0.1602190
	speed: 0.1224s/iter; left time: 23643.0375s
	iters: 1200, epoch: 15 | loss: 0.1925165
	speed: 0.1223s/iter; left time: 23610.9073s
	iters: 1300, epoch: 15 | loss: 0.1524096
	speed: 0.1225s/iter; left time: 23625.0749s
	iters: 1400, epoch: 15 | loss: 0.1518332
	speed: 0.1222s/iter; left time: 23554.7301s
	iters: 1500, epoch: 15 | loss: 0.1791666
	speed: 0.1223s/iter; left time: 23573.2483s
	iters: 1600, epoch: 15 | loss: 0.1754452
	speed: 0.1223s/iter; left time: 23562.8342s
	iters: 1700, epoch: 15 | loss: 0.1683007
	speed: 0.1226s/iter; left time: 23599.5741s
	iters: 1800, epoch: 15 | loss: 0.2124469
	speed: 0.1224s/iter; left time: 23546.4743s
	iters: 1900, epoch: 15 | loss: 0.1780123
	speed: 0.1227s/iter; left time: 23590.5832s
	iters: 2000, epoch: 15 | loss: 0.2049889
	speed: 0.1223s/iter; left time: 23497.5386s
	iters: 2100, epoch: 15 | loss: 0.1758937
	speed: 0.1217s/iter; left time: 23380.3521s
	iters: 2200, epoch: 15 | loss: 0.2332264
	speed: 0.1219s/iter; left time: 23401.7706s
Epoch: 15 cost time: 275.83192586898804
Epoch: 15, Steps: 2258 | Train Loss: 0.1921998 Vali Loss: 0.1798655
EarlyStopping counter: 4 out of 6
Updating learning rate to 3.0517578125e-08
	iters: 100, epoch: 16 | loss: 0.1854960
	speed: 0.2802s/iter; left time: 53750.1388s
	iters: 200, epoch: 16 | loss: 0.2224749
	speed: 0.1221s/iter; left time: 23409.8747s
	iters: 300, epoch: 16 | loss: 0.1632296
	speed: 0.1223s/iter; left time: 23442.0554s
	iters: 400, epoch: 16 | loss: 0.1817819
	speed: 0.1225s/iter; left time: 23454.5841s
	iters: 500, epoch: 16 | loss: 0.1928063
	speed: 0.1221s/iter; left time: 23381.6552s
	iters: 600, epoch: 16 | loss: 0.2452535
	speed: 0.1221s/iter; left time: 23369.8503s
	iters: 700, epoch: 16 | loss: 0.2045135
	speed: 0.1222s/iter; left time: 23373.0610s
	iters: 800, epoch: 16 | loss: 0.1511940
	speed: 0.1222s/iter; left time: 23355.4094s
	iters: 900, epoch: 16 | loss: 0.1994344
	speed: 0.1221s/iter; left time: 23327.8725s
	iters: 1000, epoch: 16 | loss: 0.1687635
	speed: 0.1222s/iter; left time: 23332.1251s
	iters: 1100, epoch: 16 | loss: 0.1535937
	speed: 0.1220s/iter; left time: 23272.1920s
	iters: 1200, epoch: 16 | loss: 0.1940189
	speed: 0.1222s/iter; left time: 23309.9607s
	iters: 1300, epoch: 16 | loss: 0.1735961
	speed: 0.1223s/iter; left time: 23315.9212s
	iters: 1400, epoch: 16 | loss: 0.2429675
	speed: 0.1224s/iter; left time: 23319.0456s
	iters: 1500, epoch: 16 | loss: 0.1587244
	speed: 0.1221s/iter; left time: 23245.6198s
	iters: 1600, epoch: 16 | loss: 0.2282951
	speed: 0.1223s/iter; left time: 23278.7079s
	iters: 1700, epoch: 16 | loss: 0.2631391
	speed: 0.1223s/iter; left time: 23267.4415s
	iters: 1800, epoch: 16 | loss: 0.1975632
	speed: 0.1221s/iter; left time: 23221.5038s
	iters: 1900, epoch: 16 | loss: 0.2308501
	speed: 0.1223s/iter; left time: 23244.7145s
	iters: 2000, epoch: 16 | loss: 0.1819978
	speed: 0.1221s/iter; left time: 23195.9729s
	iters: 2100, epoch: 16 | loss: 0.1609694
	speed: 0.1219s/iter; left time: 23144.3189s
	iters: 2200, epoch: 16 | loss: 0.2517954
	speed: 0.1222s/iter; left time: 23180.7753s
Epoch: 16 cost time: 275.781005859375
Epoch: 16, Steps: 2258 | Train Loss: 0.1922064 Vali Loss: 0.1798665
EarlyStopping counter: 5 out of 6
Updating learning rate to 1.52587890625e-08
	iters: 100, epoch: 17 | loss: 0.1621380
	speed: 0.2810s/iter; left time: 53266.7523s
	iters: 200, epoch: 17 | loss: 0.1815087
	speed: 0.1226s/iter; left time: 23235.3627s
	iters: 300, epoch: 17 | loss: 0.1829242
	speed: 0.1221s/iter; left time: 23129.6859s
	iters: 400, epoch: 17 | loss: 0.2002987
	speed: 0.1220s/iter; left time: 23093.9749s
	iters: 500, epoch: 17 | loss: 0.2109322
	speed: 0.1224s/iter; left time: 23148.9850s
	iters: 600, epoch: 17 | loss: 0.2158356
	speed: 0.1223s/iter; left time: 23125.0141s
	iters: 700, epoch: 17 | loss: 0.2119795
	speed: 0.1224s/iter; left time: 23125.3424s
	iters: 800, epoch: 17 | loss: 0.2252372
	speed: 0.1219s/iter; left time: 23024.9895s
	iters: 900, epoch: 17 | loss: 0.1900478
	speed: 0.1220s/iter; left time: 23031.9574s
	iters: 1000, epoch: 17 | loss: 0.1592214
	speed: 0.1223s/iter; left time: 23070.5393s
	iters: 1100, epoch: 17 | loss: 0.2248129
	speed: 0.1220s/iter; left time: 23015.0171s
	iters: 1200, epoch: 17 | loss: 0.1566120
	speed: 0.1223s/iter; left time: 23042.9262s
	iters: 1300, epoch: 17 | loss: 0.1401265
	speed: 0.1223s/iter; left time: 23037.1219s
	iters: 1400, epoch: 17 | loss: 0.1920055
	speed: 0.1222s/iter; left time: 23003.1349s
	iters: 1500, epoch: 17 | loss: 0.2588068
	speed: 0.1223s/iter; left time: 23021.3006s
	iters: 1600, epoch: 17 | loss: 0.1706907
	speed: 0.1225s/iter; left time: 23032.1752s
	iters: 1700, epoch: 17 | loss: 0.2121476
	speed: 0.1222s/iter; left time: 22974.5640s
	iters: 1800, epoch: 17 | loss: 0.1958071
	speed: 0.1222s/iter; left time: 22956.3109s
	iters: 1900, epoch: 17 | loss: 0.2123291
	speed: 0.1218s/iter; left time: 22874.1365s
	iters: 2000, epoch: 17 | loss: 0.2326475
	speed: 0.1222s/iter; left time: 22932.3874s
	iters: 2100, epoch: 17 | loss: 0.2514137
	speed: 0.1224s/iter; left time: 22950.1449s
	iters: 2200, epoch: 17 | loss: 0.1975464
	speed: 0.1223s/iter; left time: 22930.1041s
Epoch: 17 cost time: 275.8648657798767
Epoch: 17, Steps: 2258 | Train Loss: 0.1921988 Vali Loss: 0.1798667
EarlyStopping counter: 6 out of 6
Early stopping
VALIDATION_RESULT {"best_epoch": 11, "best_mae": 0.2425497109467314, "best_mse": 0.17982743232047108, "epochs_ran": 17, "metric_version": "element_weighted_v1", "train_duration_seconds": 4855.05293777911, "train_peak_cuda_memory_bytes": 5093122560}
>>>>>>>testing : long_term_forecast_p0_timerole_solar_l336_h336_s2023_TimeRole_custom_ftM_sl336_ll48_pl336_dm64_nh8_el1_dl1_df128_expand2_dc2_fc3_ebtimeF_dtTrue_p0_timerole_solar_l336_h336_s2023_0<<<<<<<<<<<<<<<<<<<<<<<<<<<<<<<<<
test 10177
EVALUATION_RESULT {"batches": 637, "elapsed_seconds": 18.459597097709775, "elements": 468467664, "gate_abs_mean": 0.28181684017181396, "gate_max": 0.2928544580936432, "gate_mean": 0.28181684017181396, "gate_min": 0.24471569061279297, "gate_values": [0.2552490234375, 0.28117722272872925, 0.28865846991539, 0.28320619463920593, 0.2847212553024292, 0.28157222270965576, 0.2777978777885437, 0.2808968126773834, 0.28790974617004395, 0.28180184960365295, 0.2874923646450043, 0.28524744510650635, 0.28345349431037903, 0.28713423013687134, 0.2802295386791229, 0.2872852683067322, 0.28594115376472473, 0.2812095582485199, 0.2894720137119293, 0.2795946002006531, 0.2870236337184906, 0.2870769202709198, 0.2854712903499603, 0.2863921523094177, 0.28679051995277405, 0.28760579228401184, 0.24481280148029327, 0.286665678024292, 0.28312769532203674, 0.28416475653648376, 0.2834557890892029, 0.27906954288482666, 0.2886661887168884, 0.28663167357444763, 0.28597554564476013, 0.28396767377853394, 0.2832169234752655, 0.28017890453338623, 0.28113672137260437, 0.29051822423934937, 0.2880508005619049, 0.25102499127388, 0.2824048697948456, 0.28072062134742737, 0.2779386341571808, 0.260090172290802, 0.28498777747154236, 0.28634411096572876, 0.27842339873313904, 0.29008668661117554, 0.28197768330574036, 0.2878977358341217, 0.28609129786491394, 0.24708573520183563, 0.28265634179115295, 0.2869327962398529, 0.2836414873600006, 0.28156578540802, 0.2889705002307892, 0.2866615056991577, 0.2752324342727661, 0.28042247891426086, 0.25246569514274597, 0.2855209410190582, 0.28899669647216797, 0.2869004011154175, 0.2812391221523285, 0.2883584499359131, 0.2837828993797302, 0.2861359715461731, 0.2862270176410675, 0.28506842255592346, 0.28012433648109436, 0.28277191519737244, 0.28116336464881897, 0.2881568372249603, 0.2815246284008026, 0.25249549746513367, 0.25227072834968567, 0.2840780019760132, 0.28303366899490356, 0.28774768114089966, 0.25571221113204956, 0.2860029935836792, 0.2846938669681549, 0.28101539611816406, 0.288604736328125, 0.2878751754760742, 0.29169169068336487, 0.2854965031147003, 0.2858382761478424, 0.28456661105155945, 0.28351742029190063, 0.2835506200790405, 0.28662070631980896, 0.2831699550151825, 0.2897033095359802, 0.27964264154434204, 0.28794899582862854, 0.2877635657787323, 0.2825480103492737, 0.28973624110221863, 0.2885203957557678, 0.24471569061279297, 0.2928544580936432, 0.28348758816719055, 0.28489816188812256, 0.2839958965778351, 0.28625503182411194, 0.25631311535835266, 0.28424835205078125, 0.2852194607257843, 0.28133895993232727, 0.28197309374809265, 0.2882433235645294, 0.2813730239868164, 0.29138144850730896, 0.2821098864078522, 0.2780003249645233, 0.2919524610042572, 0.2823260724544525, 0.27973347902297974, 0.28667914867401123, 0.28628799319267273, 0.28704220056533813, 0.28311392664909363, 0.28414013981819153, 0.2849102318286896, 0.2858860194683075, 0.28148797154426575, 0.28529641032218933, 0.2845679819583893, 0.2791261076927185, 0.2882368862628937, 0.25312328338623047, 0.28432807326316833, 0.28076907992362976], "mae": 0.28269109211065524, "memory_correction_mae": 0.3687881527833957, "memory_correction_rms": 0.4947085107503084, "metric_version": "element_weighted_v1", "milliseconds_per_batch": 28.978959337064012, "mse": 0.24106841169181129, "origin_count": 10177, "origin_metric_version": "per_forecast_origin_mean_v1", "origin_metrics_path": "/home/cwh/Time-Series-Library/logs/timerole_table3_ecl_solar/timerole/formal/checkpoints/long_term_forecast_p0_timerole_solar_l336_h336_s2023_TimeRole_custom_ftM_sl336_ll48_pl336_dm64_nh8_el1_dl1_df128_expand2_dc2_fc3_ebtimeF_dtTrue_p0_timerole_solar_l336_h336_s2023_0/test_origin_metrics.npz", "parameter_count": 3256803, "peak_cuda_memory_bytes": 1261219328, "split": "test", "test_accessed": true, "timerole_intervention": "intact"}
mse:0.24106841169181129, mae:0.28269109211065524, dtw:Not calculated
