Using GPU
Args in experiment:
[1mBasic Config[0m
  Task Name:          long_term_forecast  Is Training:        1                   
  Model ID:           p0_timerole_electricity_l336_h336_s2023Model:              TimeRole            

[1mData Loader[0m
  Data:               custom              Root Path:          /home/cwh/Time-Series-Library/dataset/electricity
  Data Path:          electricity.csv     Features:           M                   
  Target:             0                   Freq:               h                   
  Checkpoints:        /home/cwh/Time-Series-Library/logs/timerole_table3_ecl_solar/timerole/formal/checkpoints

[1mForecasting Task[0m
  Seq Len:            336                 Label Len:          48                  
  Pred Len:           336                 Seasonal Patterns:  Monthly             
  Inverse:            0                   

[1mModel Parameters[0m
  Top k:              5                   Num Kernels:        6                   
  Enc In:             321                 Dec In:             321                 
  C Out:              321                 d model:            64                  
  n heads:            8                   e layers:           1                   
  d layers:           1                   d FF:               128                 
  Moving Avg:         25                  Factor:             3                   
  Distil:             1                   Dropout:            0.1                 
  Embed:              timeF               Activation:         gelu                

[1mRun Parameters[0m
  Num Workers:        0                   Itr:                1                   
  Train Epochs:       100                 Batch Size:         8                   
  Patience:           6                   Learning Rate:      0.0005              
  Des:                p0_timerole_electricity_l336_h336_s2023Loss:               MSE                 
  Lradj:              type1               Use Amp:            0                   

[1mGPU[0m
  Use GPU:            1                   GPU:                0                   
  Use Multi GPU:      0                   Devices:            0,1,2,3             

[1mDe-stationary Projector Params[0m
  P Hidden Dims:      128, 128            P Hidden Layers:    2                   

Use GPU: cuda:0
🚀 Lazy Loading: TimeRole ...
[GraphMamba] Loaded static graph: /home/cwh/Time-Series-Library/dataset/electricity/electricity_adj_train_custom_M_uniform_2000_seed2023.npy
>>>>>>>start training : long_term_forecast_p0_timerole_electricity_l336_h336_s2023_TimeRole_custom_ftM_sl336_ll48_pl336_dm64_nh8_el1_dl1_df128_expand2_dc2_fc3_ebtimeF_dtTrue_p0_timerole_electricity_l336_h336_s2023_0>>>>>>>>>>>>>>>>>>>>>>>>>>
train 17741
val 2297
	iters: 100, epoch: 1 | loss: 0.3075804
	speed: 0.1458s/iter; left time: 32320.3632s
	iters: 200, epoch: 1 | loss: 0.2569186
	speed: 0.1446s/iter; left time: 32051.5840s
	iters: 300, epoch: 1 | loss: 0.2571302
	speed: 0.1449s/iter; left time: 32089.3082s
	iters: 400, epoch: 1 | loss: 0.2304384
	speed: 0.1451s/iter; left time: 32136.3374s
	iters: 500, epoch: 1 | loss: 0.2897493
	speed: 0.1447s/iter; left time: 32017.2555s
	iters: 600, epoch: 1 | loss: 0.2085730
	speed: 0.1451s/iter; left time: 32086.1166s
	iters: 700, epoch: 1 | loss: 0.1875776
	speed: 0.1449s/iter; left time: 32045.4816s
	iters: 800, epoch: 1 | loss: 0.1726740
	speed: 0.1448s/iter; left time: 32000.9106s
	iters: 900, epoch: 1 | loss: 0.2233713
	speed: 0.1450s/iter; left time: 32039.2581s
	iters: 1000, epoch: 1 | loss: 0.1836241
	speed: 0.1451s/iter; left time: 32045.6256s
	iters: 1100, epoch: 1 | loss: 0.2311700
	speed: 0.1451s/iter; left time: 32014.5614s
	iters: 1200, epoch: 1 | loss: 0.1700464
	speed: 0.1446s/iter; left time: 31903.7766s
	iters: 1300, epoch: 1 | loss: 0.1671822
	speed: 0.1447s/iter; left time: 31902.8605s
	iters: 1400, epoch: 1 | loss: 0.1762418
	speed: 0.1450s/iter; left time: 31957.2590s
	iters: 1500, epoch: 1 | loss: 0.1842072
	speed: 0.1444s/iter; left time: 31806.1869s
	iters: 1600, epoch: 1 | loss: 0.1820968
	speed: 0.1449s/iter; left time: 31899.4137s
	iters: 1700, epoch: 1 | loss: 0.1728311
	speed: 0.1446s/iter; left time: 31833.6779s
	iters: 1800, epoch: 1 | loss: 0.1972080
	speed: 0.1453s/iter; left time: 31955.4534s
	iters: 1900, epoch: 1 | loss: 0.2350085
	speed: 0.1449s/iter; left time: 31853.8912s
	iters: 2000, epoch: 1 | loss: 0.2072548
	speed: 0.1449s/iter; left time: 31838.3895s
	iters: 2100, epoch: 1 | loss: 0.2037541
	speed: 0.1450s/iter; left time: 31848.4128s
	iters: 2200, epoch: 1 | loss: 0.2241290
	speed: 0.1456s/iter; left time: 31972.6144s
Epoch: 1 cost time: 321.4899926185608
Epoch: 1, Steps: 2218 | Train Loss: 0.2197826 Vali Loss: 0.1601211
Validation loss decreased (inf --> 0.160121).  Saving model ...
Updating learning rate to 0.0005
	iters: 100, epoch: 2 | loss: 0.1982306
	speed: 0.2664s/iter; left time: 58477.6273s
	iters: 200, epoch: 2 | loss: 0.1942825
	speed: 0.1448s/iter; left time: 31765.4152s
	iters: 300, epoch: 2 | loss: 0.1672374
	speed: 0.1448s/iter; left time: 31749.0693s
	iters: 400, epoch: 2 | loss: 0.1968747
	speed: 0.1446s/iter; left time: 31694.3646s
	iters: 500, epoch: 2 | loss: 0.2103346
	speed: 0.1446s/iter; left time: 31669.8531s
	iters: 600, epoch: 2 | loss: 0.1952245
	speed: 0.1448s/iter; left time: 31716.2504s
	iters: 700, epoch: 2 | loss: 0.1890840
	speed: 0.1449s/iter; left time: 31717.0156s
	iters: 800, epoch: 2 | loss: 0.2779995
	speed: 0.1443s/iter; left time: 31581.2951s
	iters: 900, epoch: 2 | loss: 0.1992092
	speed: 0.1451s/iter; left time: 31740.4440s
	iters: 1000, epoch: 2 | loss: 0.1894841
	speed: 0.1448s/iter; left time: 31645.8483s
	iters: 1100, epoch: 2 | loss: 0.1661171
	speed: 0.1450s/iter; left time: 31685.1534s
	iters: 1200, epoch: 2 | loss: 0.1517610
	speed: 0.1444s/iter; left time: 31543.0953s
	iters: 1300, epoch: 2 | loss: 0.1640987
	speed: 0.1448s/iter; left time: 31614.9142s
	iters: 1400, epoch: 2 | loss: 0.1887839
	speed: 0.1452s/iter; left time: 31676.9641s
	iters: 1500, epoch: 2 | loss: 0.2081130
	speed: 0.1447s/iter; left time: 31549.7104s
	iters: 1600, epoch: 2 | loss: 0.2024856
	speed: 0.1449s/iter; left time: 31580.3354s
	iters: 1700, epoch: 2 | loss: 0.1492288
	speed: 0.1447s/iter; left time: 31535.3890s
	iters: 1800, epoch: 2 | loss: 0.2249701
	speed: 0.1448s/iter; left time: 31541.4003s
	iters: 1900, epoch: 2 | loss: 0.1755664
	speed: 0.1445s/iter; left time: 31457.6106s
	iters: 2000, epoch: 2 | loss: 0.1409498
	speed: 0.1447s/iter; left time: 31486.1879s
	iters: 2100, epoch: 2 | loss: 0.2256300
	speed: 0.1446s/iter; left time: 31445.0070s
	iters: 2200, epoch: 2 | loss: 0.1844188
	speed: 0.1443s/iter; left time: 31360.3560s
Epoch: 2 cost time: 320.9059283733368
Epoch: 2, Steps: 2218 | Train Loss: 0.1887053 Vali Loss: 0.1579360
Validation loss decreased (0.160121 --> 0.157936).  Saving model ...
Updating learning rate to 0.00025
	iters: 100, epoch: 3 | loss: 0.1843951
	speed: 0.2673s/iter; left time: 58072.0985s
	iters: 200, epoch: 3 | loss: 0.1438401
	speed: 0.1451s/iter; left time: 31518.4343s
	iters: 300, epoch: 3 | loss: 0.1900892
	speed: 0.1447s/iter; left time: 31400.9610s
	iters: 400, epoch: 3 | loss: 0.1995693
	speed: 0.1444s/iter; left time: 31337.2592s
	iters: 500, epoch: 3 | loss: 0.1529224
	speed: 0.1450s/iter; left time: 31439.4412s
	iters: 600, epoch: 3 | loss: 0.1474036
	speed: 0.1446s/iter; left time: 31352.2136s
	iters: 700, epoch: 3 | loss: 0.1672977
	speed: 0.1447s/iter; left time: 31355.8872s
	iters: 800, epoch: 3 | loss: 0.1730641
	speed: 0.1448s/iter; left time: 31356.8100s
	iters: 900, epoch: 3 | loss: 0.1875615
	speed: 0.1445s/iter; left time: 31280.1587s
	iters: 1000, epoch: 3 | loss: 0.1866184
	speed: 0.1446s/iter; left time: 31293.0429s
	iters: 1100, epoch: 3 | loss: 0.1727027
	speed: 0.1444s/iter; left time: 31227.8205s
	iters: 1200, epoch: 3 | loss: 0.1891486
	speed: 0.1445s/iter; left time: 31236.3131s
	iters: 1300, epoch: 3 | loss: 0.1682550
	speed: 0.1441s/iter; left time: 31141.9808s
	iters: 1400, epoch: 3 | loss: 0.1537233
	speed: 0.1447s/iter; left time: 31254.6940s
	iters: 1500, epoch: 3 | loss: 0.1674180
	speed: 0.1446s/iter; left time: 31223.3584s
	iters: 1600, epoch: 3 | loss: 0.1541511
	speed: 0.1449s/iter; left time: 31256.0920s
	iters: 1700, epoch: 3 | loss: 0.1682053
	speed: 0.1448s/iter; left time: 31225.8198s
	iters: 1800, epoch: 3 | loss: 0.1782168
	speed: 0.1444s/iter; left time: 31122.9025s
	iters: 1900, epoch: 3 | loss: 0.1758299
	speed: 0.1446s/iter; left time: 31153.8154s
	iters: 2000, epoch: 3 | loss: 0.2442925
	speed: 0.1450s/iter; left time: 31231.8382s
	iters: 2100, epoch: 3 | loss: 0.1598093
	speed: 0.1446s/iter; left time: 31135.3825s
	iters: 2200, epoch: 3 | loss: 0.1570570
	speed: 0.1448s/iter; left time: 31166.3202s
Epoch: 3 cost time: 320.77348041534424
Epoch: 3, Steps: 2218 | Train Loss: 0.1838978 Vali Loss: 0.1567274
Validation loss decreased (0.157936 --> 0.156727).  Saving model ...
Updating learning rate to 0.000125
	iters: 100, epoch: 4 | loss: 0.2118923
	speed: 0.2665s/iter; left time: 57306.2896s
	iters: 200, epoch: 4 | loss: 0.1668412
	speed: 0.1442s/iter; left time: 31004.8547s
	iters: 300, epoch: 4 | loss: 0.1895267
	speed: 0.1446s/iter; left time: 31069.5691s
	iters: 400, epoch: 4 | loss: 0.1792400
	speed: 0.1449s/iter; left time: 31111.8709s
	iters: 500, epoch: 4 | loss: 0.1637110
	speed: 0.1448s/iter; left time: 31072.4846s
	iters: 600, epoch: 4 | loss: 0.2161499
	speed: 0.1446s/iter; left time: 31030.5670s
	iters: 700, epoch: 4 | loss: 0.1639369
	speed: 0.1451s/iter; left time: 31115.1824s
	iters: 800, epoch: 4 | loss: 0.1692913
	speed: 0.1442s/iter; left time: 30911.8885s
	iters: 900, epoch: 4 | loss: 0.1702629
	speed: 0.1446s/iter; left time: 30989.7480s
	iters: 1000, epoch: 4 | loss: 0.1534820
	speed: 0.1449s/iter; left time: 31019.9570s
	iters: 1100, epoch: 4 | loss: 0.1704210
	speed: 0.1447s/iter; left time: 30982.4304s
	iters: 1200, epoch: 4 | loss: 0.1705169
	speed: 0.1448s/iter; left time: 30979.7343s
	iters: 1300, epoch: 4 | loss: 0.1823936
	speed: 0.1442s/iter; left time: 30840.4432s
	iters: 1400, epoch: 4 | loss: 0.1369455
	speed: 0.1444s/iter; left time: 30865.4216s
	iters: 1500, epoch: 4 | loss: 0.1620584
	speed: 0.1445s/iter; left time: 30872.3889s
	iters: 1600, epoch: 4 | loss: 0.1654510
	speed: 0.1445s/iter; left time: 30864.4862s
	iters: 1700, epoch: 4 | loss: 0.2273631
	speed: 0.1449s/iter; left time: 30931.2469s
	iters: 1800, epoch: 4 | loss: 0.1987409
	speed: 0.1449s/iter; left time: 30918.8894s
	iters: 1900, epoch: 4 | loss: 0.1768921
	speed: 0.1447s/iter; left time: 30851.9098s
	iters: 2000, epoch: 4 | loss: 0.2290626
	speed: 0.1447s/iter; left time: 30834.5307s
	iters: 2100, epoch: 4 | loss: 0.1920503
	speed: 0.1444s/iter; left time: 30770.7832s
	iters: 2200, epoch: 4 | loss: 0.1747343
	speed: 0.1450s/iter; left time: 30880.5100s
Epoch: 4 cost time: 320.7548520565033
Epoch: 4, Steps: 2218 | Train Loss: 0.1817672 Vali Loss: 0.1535924
Validation loss decreased (0.156727 --> 0.153592).  Saving model ...
Updating learning rate to 6.25e-05
	iters: 100, epoch: 5 | loss: 0.1567525
	speed: 0.2666s/iter; left time: 56741.4193s
	iters: 200, epoch: 5 | loss: 0.1487288
	speed: 0.1452s/iter; left time: 30883.2829s
	iters: 300, epoch: 5 | loss: 0.1559722
	speed: 0.1447s/iter; left time: 30760.9655s
	iters: 400, epoch: 5 | loss: 0.2266733
	speed: 0.1447s/iter; left time: 30753.3583s
	iters: 500, epoch: 5 | loss: 0.1638401
	speed: 0.1450s/iter; left time: 30807.8876s
	iters: 600, epoch: 5 | loss: 0.1978909
	speed: 0.1452s/iter; left time: 30829.2935s
	iters: 700, epoch: 5 | loss: 0.2271551
	speed: 0.1448s/iter; left time: 30740.7061s
	iters: 800, epoch: 5 | loss: 0.2112571
	speed: 0.1450s/iter; left time: 30752.2683s
	iters: 900, epoch: 5 | loss: 0.1516075
	speed: 0.1446s/iter; left time: 30662.7445s
	iters: 1000, epoch: 5 | loss: 0.1804348
	speed: 0.1445s/iter; left time: 30622.3354s
	iters: 1100, epoch: 5 | loss: 0.1722894
	speed: 0.1449s/iter; left time: 30694.1827s
	iters: 1200, epoch: 5 | loss: 0.1495933
	speed: 0.1449s/iter; left time: 30674.8486s
	iters: 1300, epoch: 5 | loss: 0.2281979
	speed: 0.1443s/iter; left time: 30535.8316s
	iters: 1400, epoch: 5 | loss: 0.1737757
	speed: 0.1448s/iter; left time: 30632.9335s
	iters: 1500, epoch: 5 | loss: 0.2079724
	speed: 0.1444s/iter; left time: 30528.2563s
	iters: 1600, epoch: 5 | loss: 0.1587053
	speed: 0.1450s/iter; left time: 30632.4522s
	iters: 1700, epoch: 5 | loss: 0.1513663
	speed: 0.1441s/iter; left time: 30448.5777s
	iters: 1800, epoch: 5 | loss: 0.1539621
	speed: 0.1445s/iter; left time: 30504.1710s
	iters: 1900, epoch: 5 | loss: 0.2291688
	speed: 0.1447s/iter; left time: 30527.1484s
	iters: 2000, epoch: 5 | loss: 0.1878017
	speed: 0.1449s/iter; left time: 30556.1195s
	iters: 2100, epoch: 5 | loss: 0.1786569
	speed: 0.1442s/iter; left time: 30410.1972s
	iters: 2200, epoch: 5 | loss: 0.2015492
	speed: 0.1449s/iter; left time: 30527.1109s
Epoch: 5 cost time: 320.93050479888916
Epoch: 5, Steps: 2218 | Train Loss: 0.1805467 Vali Loss: 0.1528102
Validation loss decreased (0.153592 --> 0.152810).  Saving model ...
Updating learning rate to 3.125e-05
	iters: 100, epoch: 6 | loss: 0.2095484
	speed: 0.2664s/iter; left time: 56110.0606s
	iters: 200, epoch: 6 | loss: 0.1641108
	speed: 0.1446s/iter; left time: 30432.8922s
	iters: 300, epoch: 6 | loss: 0.1557664
	speed: 0.1443s/iter; left time: 30356.7937s
	iters: 400, epoch: 6 | loss: 0.2029375
	speed: 0.1445s/iter; left time: 30388.4484s
	iters: 500, epoch: 6 | loss: 0.1866598
	speed: 0.1445s/iter; left time: 30365.2314s
	iters: 600, epoch: 6 | loss: 0.1748960
	speed: 0.1448s/iter; left time: 30425.9008s
	iters: 700, epoch: 6 | loss: 0.1897561
	speed: 0.1446s/iter; left time: 30367.2772s
	iters: 800, epoch: 6 | loss: 0.1778817
	speed: 0.1451s/iter; left time: 30464.9980s
	iters: 900, epoch: 6 | loss: 0.1751772
	speed: 0.1451s/iter; left time: 30453.0119s
	iters: 1000, epoch: 6 | loss: 0.2041041
	speed: 0.1447s/iter; left time: 30342.5418s
	iters: 1100, epoch: 6 | loss: 0.1801509
	speed: 0.1451s/iter; left time: 30415.2647s
	iters: 1200, epoch: 6 | loss: 0.1486782
	speed: 0.1451s/iter; left time: 30390.5728s
	iters: 1300, epoch: 6 | loss: 0.1861386
	speed: 0.1445s/iter; left time: 30264.2992s
	iters: 1400, epoch: 6 | loss: 0.1630544
	speed: 0.1449s/iter; left time: 30325.6757s
	iters: 1500, epoch: 6 | loss: 0.1868753
	speed: 0.1449s/iter; left time: 30309.5523s
	iters: 1600, epoch: 6 | loss: 0.2122727
	speed: 0.1449s/iter; left time: 30296.8221s
	iters: 1700, epoch: 6 | loss: 0.2006680
	speed: 0.1447s/iter; left time: 30248.8217s
	iters: 1800, epoch: 6 | loss: 0.1561722
	speed: 0.1449s/iter; left time: 30277.4633s
	iters: 1900, epoch: 6 | loss: 0.1861370
	speed: 0.1445s/iter; left time: 30177.9744s
	iters: 2000, epoch: 6 | loss: 0.1630222
	speed: 0.1444s/iter; left time: 30142.6620s
	iters: 2100, epoch: 6 | loss: 0.1333047
	speed: 0.1442s/iter; left time: 30079.7736s
	iters: 2200, epoch: 6 | loss: 0.1834709
	speed: 0.1442s/iter; left time: 30077.0629s
Epoch: 6 cost time: 320.79255628585815
Epoch: 6, Steps: 2218 | Train Loss: 0.1797811 Vali Loss: 0.1527176
Validation loss decreased (0.152810 --> 0.152718).  Saving model ...
Updating learning rate to 1.5625e-05
	iters: 100, epoch: 7 | loss: 0.1604299
	speed: 0.2666s/iter; left time: 55558.1309s
	iters: 200, epoch: 7 | loss: 0.2169217
	speed: 0.1445s/iter; left time: 30095.0118s
	iters: 300, epoch: 7 | loss: 0.1518401
	speed: 0.1444s/iter; left time: 30053.4462s
	iters: 400, epoch: 7 | loss: 0.1472322
	speed: 0.1447s/iter; left time: 30119.2925s
	iters: 500, epoch: 7 | loss: 0.1484445
	speed: 0.1445s/iter; left time: 30054.0315s
	iters: 600, epoch: 7 | loss: 0.2764010
	speed: 0.1446s/iter; left time: 30062.3792s
	iters: 700, epoch: 7 | loss: 0.1556316
	speed: 0.1448s/iter; left time: 30093.9816s
	iters: 800, epoch: 7 | loss: 0.1816640
	speed: 0.1477s/iter; left time: 30683.0861s
	iters: 900, epoch: 7 | loss: 0.1992860
	speed: 0.1455s/iter; left time: 30202.1963s
	iters: 1000, epoch: 7 | loss: 0.1866396
	speed: 0.1450s/iter; left time: 30079.9267s
	iters: 1100, epoch: 7 | loss: 0.2477917
	speed: 0.1447s/iter; left time: 29999.9797s
	iters: 1200, epoch: 7 | loss: 0.1683026
	speed: 0.1451s/iter; left time: 30088.2090s
	iters: 1300, epoch: 7 | loss: 0.1444632
	speed: 0.1448s/iter; left time: 29998.5593s
	iters: 1400, epoch: 7 | loss: 0.1786612
	speed: 0.1449s/iter; left time: 30005.2428s
	iters: 1500, epoch: 7 | loss: 0.1679467
	speed: 0.1447s/iter; left time: 29959.0598s
	iters: 1600, epoch: 7 | loss: 0.1341362
	speed: 0.1445s/iter; left time: 29895.1265s
	iters: 1700, epoch: 7 | loss: 0.1474548
	speed: 0.1448s/iter; left time: 29947.8498s
	iters: 1800, epoch: 7 | loss: 0.1550697
	speed: 0.1448s/iter; left time: 29927.5424s
	iters: 1900, epoch: 7 | loss: 0.1685177
	speed: 0.1446s/iter; left time: 29876.3323s
	iters: 2000, epoch: 7 | loss: 0.1693182
	speed: 0.1446s/iter; left time: 29861.0940s
	iters: 2100, epoch: 7 | loss: 0.1658888
	speed: 0.1448s/iter; left time: 29884.1864s
	iters: 2200, epoch: 7 | loss: 0.1852561
	speed: 0.1448s/iter; left time: 29873.4225s
Epoch: 7 cost time: 321.2632772922516
Epoch: 7, Steps: 2218 | Train Loss: 0.1793701 Vali Loss: 0.1526621
Validation loss decreased (0.152718 --> 0.152662).  Saving model ...
Updating learning rate to 7.8125e-06
	iters: 100, epoch: 8 | loss: 0.1599311
	speed: 0.2662s/iter; left time: 54885.0314s
	iters: 200, epoch: 8 | loss: 0.1977443
	speed: 0.1449s/iter; left time: 29854.4105s
	iters: 300, epoch: 8 | loss: 0.1908363
	speed: 0.1448s/iter; left time: 29826.2329s
	iters: 400, epoch: 8 | loss: 0.1485751
	speed: 0.1449s/iter; left time: 29825.9864s
	iters: 500, epoch: 8 | loss: 0.1775126
	speed: 0.1446s/iter; left time: 29761.5004s
	iters: 600, epoch: 8 | loss: 0.1821480
	speed: 0.1448s/iter; left time: 29772.5981s
	iters: 700, epoch: 8 | loss: 0.1760573
	speed: 0.1447s/iter; left time: 29744.8175s
	iters: 800, epoch: 8 | loss: 0.1795319
	speed: 0.1447s/iter; left time: 29733.9447s
	iters: 900, epoch: 8 | loss: 0.1586691
	speed: 0.1447s/iter; left time: 29712.1007s
	iters: 1000, epoch: 8 | loss: 0.1798398
	speed: 0.1446s/iter; left time: 29672.5143s
	iters: 1100, epoch: 8 | loss: 0.2008478
	speed: 0.1450s/iter; left time: 29741.3106s
	iters: 1200, epoch: 8 | loss: 0.1639414
	speed: 0.1455s/iter; left time: 29835.8347s
	iters: 1300, epoch: 8 | loss: 0.1785369
	speed: 0.1444s/iter; left time: 29588.7632s
	iters: 1400, epoch: 8 | loss: 0.1599240
	speed: 0.1449s/iter; left time: 29694.9346s
	iters: 1500, epoch: 8 | loss: 0.1643640
	speed: 0.1447s/iter; left time: 29637.2948s
	iters: 1600, epoch: 8 | loss: 0.1544973
	speed: 0.1447s/iter; left time: 29606.4011s
	iters: 1700, epoch: 8 | loss: 0.1710649
	speed: 0.1449s/iter; left time: 29640.0281s
	iters: 1800, epoch: 8 | loss: 0.1476834
	speed: 0.1444s/iter; left time: 29524.0846s
	iters: 1900, epoch: 8 | loss: 0.1821506
	speed: 0.1446s/iter; left time: 29555.1637s
	iters: 2000, epoch: 8 | loss: 0.2972886
	speed: 0.1451s/iter; left time: 29630.2926s
	iters: 2100, epoch: 8 | loss: 0.2064934
	speed: 0.1444s/iter; left time: 29476.2926s
	iters: 2200, epoch: 8 | loss: 0.1433738
	speed: 0.1447s/iter; left time: 29527.7209s
Epoch: 8 cost time: 320.92775654792786
Epoch: 8, Steps: 2218 | Train Loss: 0.1791704 Vali Loss: 0.1524576
Validation loss decreased (0.152662 --> 0.152458).  Saving model ...
Updating learning rate to 3.90625e-06
	iters: 100, epoch: 9 | loss: 0.1653083
	speed: 0.2662s/iter; left time: 54298.6209s
	iters: 200, epoch: 9 | loss: 0.1777379
	speed: 0.1445s/iter; left time: 29454.2338s
	iters: 300, epoch: 9 | loss: 0.1642058
	speed: 0.1445s/iter; left time: 29448.9702s
	iters: 400, epoch: 9 | loss: 0.1386999
	speed: 0.1448s/iter; left time: 29490.2168s
	iters: 500, epoch: 9 | loss: 0.1797986
	speed: 0.1453s/iter; left time: 29574.9238s
	iters: 600, epoch: 9 | loss: 0.2115733
	speed: 0.1448s/iter; left time: 29469.7106s
	iters: 700, epoch: 9 | loss: 0.2151150
	speed: 0.1448s/iter; left time: 29437.2720s
	iters: 800, epoch: 9 | loss: 0.1670181
	speed: 0.1450s/iter; left time: 29465.9787s
	iters: 900, epoch: 9 | loss: 0.1594973
	speed: 0.1449s/iter; left time: 29441.4269s
	iters: 1000, epoch: 9 | loss: 0.1720330
	speed: 0.1448s/iter; left time: 29400.7767s
	iters: 1100, epoch: 9 | loss: 0.1926682
	speed: 0.1445s/iter; left time: 29330.5127s
	iters: 1200, epoch: 9 | loss: 0.1585856
	speed: 0.1442s/iter; left time: 29251.0848s
	iters: 1300, epoch: 9 | loss: 0.1642206
	speed: 0.1448s/iter; left time: 29365.9243s
	iters: 1400, epoch: 9 | loss: 0.1668722
	speed: 0.1451s/iter; left time: 29398.8059s
	iters: 1500, epoch: 9 | loss: 0.1737383
	speed: 0.1445s/iter; left time: 29275.6957s
	iters: 1600, epoch: 9 | loss: 0.1843173
	speed: 0.1446s/iter; left time: 29281.2175s
	iters: 1700, epoch: 9 | loss: 0.2056559
	speed: 0.1445s/iter; left time: 29235.9063s
	iters: 1800, epoch: 9 | loss: 0.2608407
	speed: 0.1447s/iter; left time: 29275.7583s
	iters: 1900, epoch: 9 | loss: 0.1856928
	speed: 0.1448s/iter; left time: 29266.3127s
	iters: 2000, epoch: 9 | loss: 0.2251809
	speed: 0.1444s/iter; left time: 29179.3139s
	iters: 2100, epoch: 9 | loss: 0.2280785
	speed: 0.1450s/iter; left time: 29275.6599s
	iters: 2200, epoch: 9 | loss: 0.2144721
	speed: 0.1442s/iter; left time: 29104.1258s
Epoch: 9 cost time: 320.8407897949219
Epoch: 9, Steps: 2218 | Train Loss: 0.1790551 Vali Loss: 0.1524251
Validation loss decreased (0.152458 --> 0.152425).  Saving model ...
Updating learning rate to 1.953125e-06
	iters: 100, epoch: 10 | loss: 0.1438867
	speed: 0.2660s/iter; left time: 53659.1151s
	iters: 200, epoch: 10 | loss: 0.1781495
	speed: 0.1448s/iter; left time: 29204.0447s
	iters: 300, epoch: 10 | loss: 0.1601722
	speed: 0.1450s/iter; left time: 29231.1256s
	iters: 400, epoch: 10 | loss: 0.1556508
	speed: 0.1451s/iter; left time: 29224.1672s
	iters: 500, epoch: 10 | loss: 0.1982300
	speed: 0.1450s/iter; left time: 29202.5066s
	iters: 600, epoch: 10 | loss: 0.1820562
	speed: 0.1449s/iter; left time: 29162.1959s
	iters: 700, epoch: 10 | loss: 0.1615833
	speed: 0.1447s/iter; left time: 29102.5456s
	iters: 800, epoch: 10 | loss: 0.1556589
	speed: 0.1446s/iter; left time: 29071.8203s
	iters: 900, epoch: 10 | loss: 0.1688095
	speed: 0.1450s/iter; left time: 29136.6068s
	iters: 1000, epoch: 10 | loss: 0.1590049
	speed: 0.1449s/iter; left time: 29108.9826s
	iters: 1100, epoch: 10 | loss: 0.1580326
	speed: 0.1452s/iter; left time: 29139.8720s
	iters: 1200, epoch: 10 | loss: 0.1645640
	speed: 0.1453s/iter; left time: 29147.2460s
	iters: 1300, epoch: 10 | loss: 0.2059304
	speed: 0.1444s/iter; left time: 28962.5078s
	iters: 1400, epoch: 10 | loss: 0.2239528
	speed: 0.1449s/iter; left time: 29044.1473s
	iters: 1500, epoch: 10 | loss: 0.1869597
	speed: 0.1452s/iter; left time: 29082.0390s
	iters: 1600, epoch: 10 | loss: 0.1799866
	speed: 0.1450s/iter; left time: 29030.2590s
	iters: 1700, epoch: 10 | loss: 0.1912944
	speed: 0.1450s/iter; left time: 29015.3642s
	iters: 1800, epoch: 10 | loss: 0.1431285
	speed: 0.1445s/iter; left time: 28904.4042s
	iters: 1900, epoch: 10 | loss: 0.1905824
	speed: 0.1448s/iter; left time: 28960.2978s
	iters: 2000, epoch: 10 | loss: 0.2066991
	speed: 0.1440s/iter; left time: 28768.7565s
	iters: 2100, epoch: 10 | loss: 0.1696101
	speed: 0.1443s/iter; left time: 28813.1426s
	iters: 2200, epoch: 10 | loss: 0.1972071
	speed: 0.1440s/iter; left time: 28746.1056s
Epoch: 10 cost time: 320.9842109680176
Epoch: 10, Steps: 2218 | Train Loss: 0.1789937 Vali Loss: 0.1523913
Validation loss decreased (0.152425 --> 0.152391).  Saving model ...
Updating learning rate to 9.765625e-07
	iters: 100, epoch: 11 | loss: 0.1925722
	speed: 0.2664s/iter; left time: 53153.2480s
	iters: 200, epoch: 11 | loss: 0.1829665
	speed: 0.1449s/iter; left time: 28896.3901s
	iters: 300, epoch: 11 | loss: 0.1720745
	speed: 0.1451s/iter; left time: 28922.0901s
	iters: 400, epoch: 11 | loss: 0.1649116
	speed: 0.1444s/iter; left time: 28770.0480s
	iters: 500, epoch: 11 | loss: 0.1904996
	speed: 0.1449s/iter; left time: 28854.3629s
	iters: 600, epoch: 11 | loss: 0.2114176
	speed: 0.1448s/iter; left time: 28825.4106s
	iters: 700, epoch: 11 | loss: 0.2193657
	speed: 0.1446s/iter; left time: 28758.6483s
	iters: 800, epoch: 11 | loss: 0.1528118
	speed: 0.1442s/iter; left time: 28667.2764s
	iters: 900, epoch: 11 | loss: 0.1747518
	speed: 0.1452s/iter; left time: 28861.3931s
	iters: 1000, epoch: 11 | loss: 0.1742001
	speed: 0.1448s/iter; left time: 28769.5446s
	iters: 1100, epoch: 11 | loss: 0.2007539
	speed: 0.1444s/iter; left time: 28660.4896s
	iters: 1200, epoch: 11 | loss: 0.1977424
	speed: 0.1447s/iter; left time: 28712.8973s
	iters: 1300, epoch: 11 | loss: 0.1650951
	speed: 0.1446s/iter; left time: 28677.5056s
	iters: 1400, epoch: 11 | loss: 0.1555584
	speed: 0.1447s/iter; left time: 28692.0326s
	iters: 1500, epoch: 11 | loss: 0.1508031
	speed: 0.1444s/iter; left time: 28600.0156s
	iters: 1600, epoch: 11 | loss: 0.2053140
	speed: 0.1446s/iter; left time: 28626.8800s
	iters: 1700, epoch: 11 | loss: 0.1969646
	speed: 0.1447s/iter; left time: 28639.0286s
	iters: 1800, epoch: 11 | loss: 0.2002850
	speed: 0.1451s/iter; left time: 28701.5335s
	iters: 1900, epoch: 11 | loss: 0.1558887
	speed: 0.1451s/iter; left time: 28693.8525s
	iters: 2000, epoch: 11 | loss: 0.1752947
	speed: 0.1440s/iter; left time: 28465.7044s
	iters: 2100, epoch: 11 | loss: 0.2417140
	speed: 0.1444s/iter; left time: 28531.7991s
	iters: 2200, epoch: 11 | loss: 0.1552408
	speed: 0.1448s/iter; left time: 28593.3830s
Epoch: 11 cost time: 320.85417461395264
Epoch: 11, Steps: 2218 | Train Loss: 0.1789596 Vali Loss: 0.1523736
Validation loss decreased (0.152391 --> 0.152374).  Saving model ...
Updating learning rate to 4.8828125e-07
	iters: 100, epoch: 12 | loss: 0.2309401
	speed: 0.2664s/iter; left time: 52569.3216s
	iters: 200, epoch: 12 | loss: 0.1633714
	speed: 0.1448s/iter; left time: 28550.2062s
	iters: 300, epoch: 12 | loss: 0.1550946
	speed: 0.1447s/iter; left time: 28522.4494s
	iters: 400, epoch: 12 | loss: 0.1778382
	speed: 0.1444s/iter; left time: 28446.7143s
	iters: 500, epoch: 12 | loss: 0.1742023
	speed: 0.1449s/iter; left time: 28522.1646s
	iters: 600, epoch: 12 | loss: 0.1487298
	speed: 0.1444s/iter; left time: 28425.3427s
	iters: 700, epoch: 12 | loss: 0.2213566
	speed: 0.1447s/iter; left time: 28464.0647s
	iters: 800, epoch: 12 | loss: 0.1372869
	speed: 0.1444s/iter; left time: 28394.0768s
	iters: 900, epoch: 12 | loss: 0.1623244
	speed: 0.1445s/iter; left time: 28386.5106s
	iters: 1000, epoch: 12 | loss: 0.1381091
	speed: 0.1443s/iter; left time: 28334.7387s
	iters: 1100, epoch: 12 | loss: 0.1635729
	speed: 0.1449s/iter; left time: 28451.6311s
	iters: 1200, epoch: 12 | loss: 0.1890419
	speed: 0.1450s/iter; left time: 28445.2123s
	iters: 1300, epoch: 12 | loss: 0.2468530
	speed: 0.1446s/iter; left time: 28358.2182s
	iters: 1400, epoch: 12 | loss: 0.1439683
	speed: 0.1447s/iter; left time: 28365.5736s
	iters: 1500, epoch: 12 | loss: 0.1846758
	speed: 0.1448s/iter; left time: 28361.7596s
	iters: 1600, epoch: 12 | loss: 0.1614214
	speed: 0.1447s/iter; left time: 28336.2743s
	iters: 1700, epoch: 12 | loss: 0.1413135
	speed: 0.1443s/iter; left time: 28246.6414s
	iters: 1800, epoch: 12 | loss: 0.2804396
	speed: 0.1450s/iter; left time: 28370.6685s
	iters: 1900, epoch: 12 | loss: 0.2136054
	speed: 0.1448s/iter; left time: 28304.3663s
	iters: 2000, epoch: 12 | loss: 0.2019680
	speed: 0.1452s/iter; left time: 28368.1307s
	iters: 2100, epoch: 12 | loss: 0.2256232
	speed: 0.1450s/iter; left time: 28326.4769s
	iters: 2200, epoch: 12 | loss: 0.1553537
	speed: 0.1443s/iter; left time: 28159.4833s
Epoch: 12 cost time: 320.81248211860657
Epoch: 12, Steps: 2218 | Train Loss: 0.1789285 Vali Loss: 0.1523449
Validation loss decreased (0.152374 --> 0.152345).  Saving model ...
Updating learning rate to 2.44140625e-07
	iters: 100, epoch: 13 | loss: 0.1827572
	speed: 0.2664s/iter; left time: 51961.0097s
	iters: 200, epoch: 13 | loss: 0.1579080
	speed: 0.1445s/iter; left time: 28182.7670s
	iters: 300, epoch: 13 | loss: 0.1551413
	speed: 0.1449s/iter; left time: 28241.8539s
	iters: 400, epoch: 13 | loss: 0.1742071
	speed: 0.1447s/iter; left time: 28189.1782s
	iters: 500, epoch: 13 | loss: 0.2079738
	speed: 0.1447s/iter; left time: 28162.5924s
	iters: 600, epoch: 13 | loss: 0.1615567
	speed: 0.1442s/iter; left time: 28057.4184s
	iters: 700, epoch: 13 | loss: 0.1575520
	speed: 0.1444s/iter; left time: 28075.2353s
	iters: 800, epoch: 13 | loss: 0.1838324
	speed: 0.1449s/iter; left time: 28172.9494s
	iters: 900, epoch: 13 | loss: 0.2216595
	speed: 0.1445s/iter; left time: 28074.5777s
	iters: 1000, epoch: 13 | loss: 0.1920759
	speed: 0.1443s/iter; left time: 28016.0682s
	iters: 1100, epoch: 13 | loss: 0.1795243
	speed: 0.1447s/iter; left time: 28086.9255s
	iters: 1200, epoch: 13 | loss: 0.1711733
	speed: 0.1440s/iter; left time: 27930.5606s
	iters: 1300, epoch: 13 | loss: 0.1892372
	speed: 0.1448s/iter; left time: 28069.8631s
	iters: 1400, epoch: 13 | loss: 0.1794705
	speed: 0.1445s/iter; left time: 28007.1003s
	iters: 1500, epoch: 13 | loss: 0.1683678
	speed: 0.1443s/iter; left time: 27948.8643s
	iters: 1600, epoch: 13 | loss: 0.1505408
	speed: 0.1449s/iter; left time: 28053.5376s
	iters: 1700, epoch: 13 | loss: 0.1708609
	speed: 0.1447s/iter; left time: 28003.6912s
	iters: 1800, epoch: 13 | loss: 0.2023527
	speed: 0.1447s/iter; left time: 27985.1389s
	iters: 1900, epoch: 13 | loss: 0.1551935
	speed: 0.1450s/iter; left time: 28020.9568s
	iters: 2000, epoch: 13 | loss: 0.1385444
	speed: 0.1449s/iter; left time: 27997.7282s
	iters: 2100, epoch: 13 | loss: 0.1938100
	speed: 0.1446s/iter; left time: 27910.8095s
	iters: 2200, epoch: 13 | loss: 0.1522192
	speed: 0.1448s/iter; left time: 27951.9630s
Epoch: 13 cost time: 320.68053674697876
Epoch: 13, Steps: 2218 | Train Loss: 0.1789338 Vali Loss: 0.1523581
EarlyStopping counter: 1 out of 6
Updating learning rate to 1.220703125e-07
	iters: 100, epoch: 14 | loss: 0.1917775
	speed: 0.2657s/iter; left time: 51244.3176s
	iters: 200, epoch: 14 | loss: 0.1842827
	speed: 0.1440s/iter; left time: 27754.8983s
	iters: 300, epoch: 14 | loss: 0.1726605
	speed: 0.1444s/iter; left time: 27818.0639s
	iters: 400, epoch: 14 | loss: 0.1785055
	speed: 0.1441s/iter; left time: 27741.4654s
	iters: 500, epoch: 14 | loss: 0.1564957
	speed: 0.1441s/iter; left time: 27735.9821s
	iters: 600, epoch: 14 | loss: 0.1550178
	speed: 0.1448s/iter; left time: 27851.4683s
	iters: 700, epoch: 14 | loss: 0.1864600
	speed: 0.1448s/iter; left time: 27843.0084s
	iters: 800, epoch: 14 | loss: 0.1797391
	speed: 0.1447s/iter; left time: 27810.2692s
	iters: 900, epoch: 14 | loss: 0.1993537
	speed: 0.1447s/iter; left time: 27787.2469s
	iters: 1000, epoch: 14 | loss: 0.1913142
	speed: 0.1446s/iter; left time: 27764.8587s
	iters: 1100, epoch: 14 | loss: 0.1498552
	speed: 0.1440s/iter; left time: 27638.2231s
	iters: 1200, epoch: 14 | loss: 0.1766685
	speed: 0.1438s/iter; left time: 27569.6518s
	iters: 1300, epoch: 14 | loss: 0.1962820
	speed: 0.1443s/iter; left time: 27654.1488s
	iters: 1400, epoch: 14 | loss: 0.1398229
	speed: 0.1446s/iter; left time: 27692.7252s
	iters: 1500, epoch: 14 | loss: 0.2141056
	speed: 0.1444s/iter; left time: 27640.5091s
	iters: 1600, epoch: 14 | loss: 0.1639885
	speed: 0.1443s/iter; left time: 27606.7916s
	iters: 1700, epoch: 14 | loss: 0.1835172
	speed: 0.1447s/iter; left time: 27685.5091s
	iters: 1800, epoch: 14 | loss: 0.1969870
	speed: 0.1448s/iter; left time: 27685.7409s
	iters: 1900, epoch: 14 | loss: 0.1580738
	speed: 0.1452s/iter; left time: 27750.0566s
	iters: 2000, epoch: 14 | loss: 0.1981330
	speed: 0.1449s/iter; left time: 27677.6715s
	iters: 2100, epoch: 14 | loss: 0.1827395
	speed: 0.1451s/iter; left time: 27703.6454s
	iters: 2200, epoch: 14 | loss: 0.1614684
	speed: 0.1451s/iter; left time: 27679.8810s
Epoch: 14 cost time: 320.49139952659607
Epoch: 14, Steps: 2218 | Train Loss: 0.1789181 Vali Loss: 0.1523651
EarlyStopping counter: 2 out of 6
Updating learning rate to 6.103515625e-08
	iters: 100, epoch: 15 | loss: 0.1511900
	speed: 0.2661s/iter; left time: 50725.0810s
	iters: 200, epoch: 15 | loss: 0.1882930
	speed: 0.1453s/iter; left time: 27680.6374s
	iters: 300, epoch: 15 | loss: 0.2279794
	speed: 0.1440s/iter; left time: 27426.4452s
	iters: 400, epoch: 15 | loss: 0.1388576
	speed: 0.1442s/iter; left time: 27451.6888s
	iters: 500, epoch: 15 | loss: 0.1667193
	speed: 0.1444s/iter; left time: 27464.0215s
	iters: 600, epoch: 15 | loss: 0.1672792
	speed: 0.1452s/iter; left time: 27608.1174s
	iters: 700, epoch: 15 | loss: 0.1693771
	speed: 0.1449s/iter; left time: 27540.8369s
	iters: 800, epoch: 15 | loss: 0.1683674
	speed: 0.1445s/iter; left time: 27457.0350s
	iters: 900, epoch: 15 | loss: 0.2259907
	speed: 0.1445s/iter; left time: 27438.2193s
	iters: 1000, epoch: 15 | loss: 0.2103704
	speed: 0.1448s/iter; left time: 27474.5989s
	iters: 1100, epoch: 15 | loss: 0.2348993
	speed: 0.1446s/iter; left time: 27420.8382s
	iters: 1200, epoch: 15 | loss: 0.1361667
	speed: 0.1442s/iter; left time: 27337.4892s
	iters: 1300, epoch: 15 | loss: 0.1502521
	speed: 0.1451s/iter; left time: 27497.5045s
	iters: 1400, epoch: 15 | loss: 0.1738306
	speed: 0.1447s/iter; left time: 27390.5836s
	iters: 1500, epoch: 15 | loss: 0.1825999
	speed: 0.1446s/iter; left time: 27373.0286s
	iters: 1600, epoch: 15 | loss: 0.1688083
	speed: 0.1450s/iter; left time: 27424.8151s
	iters: 1700, epoch: 15 | loss: 0.2502696
	speed: 0.1444s/iter; left time: 27307.9783s
	iters: 1800, epoch: 15 | loss: 0.2278136
	speed: 0.1448s/iter; left time: 27362.8862s
	iters: 1900, epoch: 15 | loss: 0.2060742
	speed: 0.1451s/iter; left time: 27392.5540s
	iters: 2000, epoch: 15 | loss: 0.1773652
	speed: 0.1447s/iter; left time: 27319.9982s
	iters: 2100, epoch: 15 | loss: 0.2133978
	speed: 0.1450s/iter; left time: 27356.5180s
	iters: 2200, epoch: 15 | loss: 0.1893976
	speed: 0.1448s/iter; left time: 27305.9721s
Epoch: 15 cost time: 320.8701333999634
Epoch: 15, Steps: 2218 | Train Loss: 0.1789178 Vali Loss: 0.1523602
EarlyStopping counter: 3 out of 6
Updating learning rate to 3.0517578125e-08
	iters: 100, epoch: 16 | loss: 0.2134824
	speed: 0.2655s/iter; left time: 50032.4921s
	iters: 200, epoch: 16 | loss: 0.1570435
	speed: 0.1446s/iter; left time: 27242.0327s
	iters: 300, epoch: 16 | loss: 0.1432730
	speed: 0.1450s/iter; left time: 27298.9010s
	iters: 400, epoch: 16 | loss: 0.2081953
	speed: 0.1446s/iter; left time: 27207.6939s
	iters: 500, epoch: 16 | loss: 0.1843317
	speed: 0.1441s/iter; left time: 27086.9091s
	iters: 600, epoch: 16 | loss: 0.1926670
	speed: 0.1439s/iter; left time: 27048.6564s
	iters: 700, epoch: 16 | loss: 0.1533725
	speed: 0.1445s/iter; left time: 27141.4349s
	iters: 800, epoch: 16 | loss: 0.2421514
	speed: 0.1449s/iter; left time: 27200.3756s
	iters: 900, epoch: 16 | loss: 0.1801935
	speed: 0.1446s/iter; left time: 27123.6427s
	iters: 1000, epoch: 16 | loss: 0.1734312
	speed: 0.1450s/iter; left time: 27183.9533s
	iters: 1100, epoch: 16 | loss: 0.1665334
	speed: 0.1447s/iter; left time: 27125.5861s
	iters: 1200, epoch: 16 | loss: 0.1919632
	speed: 0.1446s/iter; left time: 27092.5710s
	iters: 1300, epoch: 16 | loss: 0.2026813
	speed: 0.1447s/iter; left time: 27088.7975s
	iters: 1400, epoch: 16 | loss: 0.1663011
	speed: 0.1450s/iter; left time: 27134.1984s
	iters: 1500, epoch: 16 | loss: 0.1989751
	speed: 0.1447s/iter; left time: 27060.0012s
	iters: 1600, epoch: 16 | loss: 0.1736137
	speed: 0.1445s/iter; left time: 27007.0938s
	iters: 1700, epoch: 16 | loss: 0.1693895
	speed: 0.1447s/iter; left time: 27034.4573s
	iters: 1800, epoch: 16 | loss: 0.2139799
	speed: 0.1445s/iter; left time: 26987.6305s
	iters: 1900, epoch: 16 | loss: 0.2307608
	speed: 0.1445s/iter; left time: 26959.3008s
	iters: 2000, epoch: 16 | loss: 0.1770842
	speed: 0.1446s/iter; left time: 26977.9537s
	iters: 2100, epoch: 16 | loss: 0.1604521
	speed: 0.1446s/iter; left time: 26951.2225s
	iters: 2200, epoch: 16 | loss: 0.1850237
	speed: 0.1445s/iter; left time: 26931.0775s
Epoch: 16 cost time: 320.58716320991516
Epoch: 16, Steps: 2218 | Train Loss: 0.1789128 Vali Loss: 0.1523598
EarlyStopping counter: 4 out of 6
Updating learning rate to 1.52587890625e-08
	iters: 100, epoch: 17 | loss: 0.1991731
	speed: 0.2664s/iter; left time: 49607.0413s
	iters: 200, epoch: 17 | loss: 0.1774917
	speed: 0.1448s/iter; left time: 26940.7187s
	iters: 300, epoch: 17 | loss: 0.1941753
	speed: 0.1444s/iter; left time: 26857.8221s
	iters: 400, epoch: 17 | loss: 0.1629138
	speed: 0.1446s/iter; left time: 26882.0110s
	iters: 500, epoch: 17 | loss: 0.2376126
	speed: 0.1452s/iter; left time: 26984.0657s
	iters: 600, epoch: 17 | loss: 0.2142432
	speed: 0.1448s/iter; left time: 26891.7166s
	iters: 700, epoch: 17 | loss: 0.1936296
	speed: 0.1438s/iter; left time: 26694.5992s
	iters: 800, epoch: 17 | loss: 0.1870473
	speed: 0.1444s/iter; left time: 26778.8793s
	iters: 900, epoch: 17 | loss: 0.1502757
	speed: 0.1450s/iter; left time: 26881.7287s
	iters: 1000, epoch: 17 | loss: 0.1784359
	speed: 0.1448s/iter; left time: 26825.3387s
	iters: 1100, epoch: 17 | loss: 0.2145592
	speed: 0.1446s/iter; left time: 26783.0548s
	iters: 1200, epoch: 17 | loss: 0.2912590
	speed: 0.1448s/iter; left time: 26806.3220s
	iters: 1300, epoch: 17 | loss: 0.1618087
	speed: 0.1446s/iter; left time: 26752.2103s
	iters: 1400, epoch: 17 | loss: 0.1589631
	speed: 0.1448s/iter; left time: 26768.0770s
	iters: 1500, epoch: 17 | loss: 0.1505108
	speed: 0.1448s/iter; left time: 26762.6338s
	iters: 1600, epoch: 17 | loss: 0.1419090
	speed: 0.1445s/iter; left time: 26683.6890s
	iters: 1700, epoch: 17 | loss: 0.2211524
	speed: 0.1442s/iter; left time: 26630.2293s
	iters: 1800, epoch: 17 | loss: 0.1831780
	speed: 0.1446s/iter; left time: 26680.3639s
	iters: 1900, epoch: 17 | loss: 0.1374230
	speed: 0.1444s/iter; left time: 26623.7088s
	iters: 2000, epoch: 17 | loss: 0.2343024
	speed: 0.1442s/iter; left time: 26570.1453s
	iters: 2100, epoch: 17 | loss: 0.1956068
	speed: 0.1446s/iter; left time: 26634.7527s
	iters: 2200, epoch: 17 | loss: 0.1533383
	speed: 0.1447s/iter; left time: 26634.7410s
Epoch: 17 cost time: 320.62570548057556
Epoch: 17, Steps: 2218 | Train Loss: 0.1789139 Vali Loss: 0.1523597
EarlyStopping counter: 5 out of 6
Updating learning rate to 7.62939453125e-09
	iters: 100, epoch: 18 | loss: 0.1674077
	speed: 0.2662s/iter; left time: 48972.2916s
	iters: 200, epoch: 18 | loss: 0.1718486
	speed: 0.1450s/iter; left time: 26673.0677s
	iters: 300, epoch: 18 | loss: 0.1634714
	speed: 0.1443s/iter; left time: 26517.9237s
	iters: 400, epoch: 18 | loss: 0.1772124
	speed: 0.1447s/iter; left time: 26579.0084s
	iters: 500, epoch: 18 | loss: 0.1555171
	speed: 0.1445s/iter; left time: 26523.4094s
	iters: 600, epoch: 18 | loss: 0.2083790
	speed: 0.1480s/iter; left time: 27165.9121s
	iters: 700, epoch: 18 | loss: 0.1976111
	speed: 0.1447s/iter; left time: 26546.2905s
	iters: 800, epoch: 18 | loss: 0.1887259
	speed: 0.1447s/iter; left time: 26527.6076s
	iters: 900, epoch: 18 | loss: 0.2504098
	speed: 0.1441s/iter; left time: 26395.9083s
	iters: 1000, epoch: 18 | loss: 0.1672650
	speed: 0.1442s/iter; left time: 26394.1233s
	iters: 1100, epoch: 18 | loss: 0.1530448
	speed: 0.1446s/iter; left time: 26464.6446s
	iters: 1200, epoch: 18 | loss: 0.1517777
	speed: 0.1451s/iter; left time: 26529.6783s
	iters: 1300, epoch: 18 | loss: 0.2077611
	speed: 0.1443s/iter; left time: 26385.3281s
	iters: 1400, epoch: 18 | loss: 0.1552918
	speed: 0.1446s/iter; left time: 26412.8460s
	iters: 1500, epoch: 18 | loss: 0.1559799
	speed: 0.1449s/iter; left time: 26454.4570s
	iters: 1600, epoch: 18 | loss: 0.1533395
	speed: 0.1448s/iter; left time: 26427.6517s
	iters: 1700, epoch: 18 | loss: 0.1994158
	speed: 0.1445s/iter; left time: 26354.7791s
	iters: 1800, epoch: 18 | loss: 0.1719031
	speed: 0.1445s/iter; left time: 26333.1563s
	iters: 1900, epoch: 18 | loss: 0.1512170
	speed: 0.1446s/iter; left time: 26346.9791s
	iters: 2000, epoch: 18 | loss: 0.1552415
	speed: 0.1446s/iter; left time: 26329.3980s
	iters: 2100, epoch: 18 | loss: 0.1713496
	speed: 0.1447s/iter; left time: 26335.2515s
	iters: 2200, epoch: 18 | loss: 0.1680499
	speed: 0.1439s/iter; left time: 26170.3431s
Epoch: 18 cost time: 320.90660977363586
Epoch: 18, Steps: 2218 | Train Loss: 0.1789208 Vali Loss: 0.1523595
EarlyStopping counter: 6 out of 6
Early stopping
VALIDATION_RESULT {"best_epoch": 12, "best_mae": 0.246770960899802, "best_mse": 0.15234491803458805, "epochs_ran": 18, "metric_version": "element_weighted_v1", "train_duration_seconds": 5960.2342292377725, "train_peak_cuda_memory_bytes": 5928835072}
>>>>>>>testing : long_term_forecast_p0_timerole_electricity_l336_h336_s2023_TimeRole_custom_ftM_sl336_ll48_pl336_dm64_nh8_el1_dl1_df128_expand2_dc2_fc3_ebtimeF_dtTrue_p0_timerole_electricity_l336_h336_s2023_0<<<<<<<<<<<<<<<<<<<<<<<<<<<<<<<<<
test 4925
EVALUATION_RESULT {"batches": 616, "elapsed_seconds": 20.723238172009587, "elements": 531190800, "gate_abs_mean": 0.20024147629737854, "gate_max": 0.3885257840156555, "gate_mean": 0.1989963799715042, "gate_min": -0.09414450079202652, "gate_values": [0.20473115146160126, 0.16687053442001343, -0.02794458717107773, 0.23985370993614197, 0.15566736459732056, 0.1885194033384323, -0.020165137946605682, 0.26975560188293457, 0.3044396638870239, 0.2862454652786255, 0.1804428994655609, 0.37289756536483765, 0.3237600326538086, 0.20707648992538452, 0.19781464338302612, 0.28013917803764343, 0.20814745128154755, 0.15206235647201538, 0.2582489848136902, 0.33899956941604614, 0.2534133195877075, 0.18635214865207672, 0.23653453588485718, 0.19729526340961456, 0.27287089824676514, 0.35851454734802246, 0.21645785868167877, 0.24773778021335602, 0.21436353027820587, 0.3606868088245392, 0.14319860935211182, 0.3332330584526062, 0.16942031681537628, 0.20896732807159424, 0.28803202509880066, 0.2295096516609192, 0.34742471575737, 0.19982174038887024, 0.33276402950286865, 0.15789245069026947, 0.25584134459495544, 0.25481751561164856, 0.22709056735038757, 0.1498272716999054, 0.16112253069877625, 0.2583615183830261, 0.18515904247760773, 0.18946856260299683, 0.2519642412662506, 0.1965673565864563, 0.3107534348964691, 0.12180862575769424, 0.28000408411026, 0.15513876080513, 0.27667340636253357, 0.2789160907268524, 0.21725280582904816, 0.03817344829440117, 0.1692654937505722, 0.31494957208633423, 0.18657618761062622, 0.19800126552581787, 0.12446551769971848, 0.1044243797659874, 0.1025465875864029, 0.28983914852142334, 0.21108852326869965, 0.19609983265399933, 0.3460719585418701, 0.21918506920337677, 0.18993233144283295, 0.14372125267982483, 0.2228492796421051, 0.19399167597293854, 0.18223418295383453, 0.3541753590106964, 0.21846935153007507, 0.1496962308883667, 0.22434304654598236, 0.24808187782764435, 0.2750817537307739, 0.3555365800857544, 0.27560076117515564, 0.3229813575744629, 0.30747556686401367, 0.3475933074951172, 0.36035826802253723, 0.34536829590797424, 0.21024826169013977, 0.20476438105106354, 0.12277577817440033, 0.1462499052286148, 0.2937799394130707, 0.18639595806598663, 0.16430045664310455, 0.10816033184528351, 0.27055346965789795, 0.1244078055024147, 0.32914671301841736, 0.35117098689079285, 0.3277386724948883, 0.256382018327713, 0.18766433000564575, 0.362779438495636, 0.10867137461900711, 0.3885257840156555, 0.25902342796325684, 0.3796398639678955, 0.30940577387809753, 0.30776622891426086, 0.2822411358356476, 0.22634556889533997, 0.28930506110191345, 0.21130487322807312, -0.09414450079202652, 0.11225636303424835, 0.04450475051999092, 0.3191770613193512, 0.047246284782886505, 0.3211572468280792, 0.3594939112663269, 0.10962444543838501, 0.1659393012523651, 0.36458224058151245, 0.37187692523002625, 0.12579774856567383, 0.3683770000934601, 0.31946125626564026, 0.3349407911300659, 0.3751411736011505, 0.3737896978855133, 0.29767194390296936, 0.3798646330833435, 0.35706621408462524, 0.3555338382720947, 0.16791567206382751, 0.16131679713726044, 0.1715916097164154, 0.17631372809410095, 0.17862920463085175, 0.1950867623090744, 0.19208350777626038, 0.1778736114501953, 0.16770313680171967, 0.13725659251213074, 0.14012734591960907, 0.019963713362812996, 0.1056726947426796, 0.1464039832353592, 0.20516113936901093, 0.16561725735664368, 0.17754347622394562, 0.15387317538261414, 0.12757264077663422, 0.17940753698349, 0.18415586650371552, 0.15041252970695496, 0.14215780794620514, 0.1357959508895874, 0.1776599884033203, 0.15205024182796478, 0.20879517495632172, 0.1602177619934082, 0.17377068102359772, 0.20631173253059387, 0.18167030811309814, 0.1644173264503479, 0.17206215858459473, 0.16363602876663208, 0.1987314522266388, 0.1837412267923355, 0.1845622956752777, 0.16040514409542084, 0.13183751702308655, 0.13319244980812073, 0.08973222970962524, 0.11724256724119186, 0.16911838948726654, 0.14739884436130524, 0.19521190226078033, 0.12757344543933868, 0.14488045871257782, -0.0354684479534626, 0.125760018825531, 0.19262944161891937, 0.17310747504234314, 0.13488613069057465, 0.16279812157154083, 0.1438927948474884, 0.1707562804222107, 0.158858522772789, 0.17649444937705994, 0.14544737339019775, 0.17140966653823853, 0.17000246047973633, 0.16327962279319763, 0.15146633982658386, 0.14947767555713654, 0.14674973487854004, 0.13823121786117554, 0.15355490148067474, 0.17623275518417358, 0.16987329721450806, 0.19806015491485596, 0.1476217359304428, 0.17697688937187195, 0.1620388627052307, -0.022115113213658333, 0.17149507999420166, 0.14937174320220947, 0.17797258496284485, 0.2594500482082367, 0.18019230663776398, 0.1820046603679657, 0.17228607833385468, 0.18308483064174652, 0.19638262689113617, 0.15436208248138428, 0.1445608139038086, 0.21341311931610107, 0.1803429126739502, 0.18188633024692535, 0.13550220429897308, 0.162289097905159, 0.16772447526454926, 0.17223834991455078, 0.20070205628871918, 0.17065799236297607, 0.1514662802219391, 0.13411974906921387, 0.18159304559230804, 0.18529284000396729, 0.23536868393421173, 0.17868216335773468, 0.16928638517856598, 0.16638578474521637, 0.21271075308322906, 0.1705998033285141, 0.15914997458457947, 0.19626374542713165, 0.15623942017555237, 0.17039529979228973, 0.1526302695274353, 0.16250570118427277, 0.1914893537759781, 0.17879031598567963, 0.11310432851314545, 0.14007209241390228, 0.19685937464237213, 0.19377847015857697, 0.16985099017620087, 0.21011367440223694, 0.11415150761604309, 0.1760069578886032, 0.21257390081882477, 0.20305778086185455, 0.1476287692785263, 0.2187577337026596, 0.18436087667942047, 0.1707746386528015, 0.14456050097942352, 0.21942228078842163, 0.18876522779464722, 0.19196315109729767, 0.19284383952617645, 0.1958138793706894, 0.1634494811296463, 0.1694328784942627, 0.17080017924308777, 0.1158912405371666, 0.04448486864566803, 0.19051623344421387, 0.1362125277519226, 0.14996276795864105, 0.19832289218902588, 0.18489117920398712, 0.16668152809143066, 0.16433008015155792, 0.1132664605975151, 0.17661155760288239, 0.1599782258272171, 0.1914852410554886, 0.18006755411624908, 0.15173323452472687, 0.1529957801103592, 0.21421246230602264, 0.13123582303524017, 0.14036624133586884, 0.210484117269516, 0.18816454708576202, 0.22759993374347687, 0.15380282700061798, 0.15554726123809814, 0.2049911916255951, 0.13608381152153015, 0.17799781262874603, 0.2136031687259674, 0.21243610978126526, 0.14112995564937592, 0.37835773825645447, 0.20781736075878143, 0.134942889213562, 0.1392800211906433, 0.10294856131076813, 0.14031001925468445, 0.16241656243801117, 0.21216468513011932, 0.19201278686523438, 0.1895035058259964, 0.28599658608436584, 0.3407124876976013, 0.17777220904827118, 0.20175309479236603, 0.12355593591928482, 0.13954003155231476, 0.14265590906143188, 0.11534859240055084, 0.3422704339027405, 0.28136637806892395, 0.378298819065094, 0.3517163395881653], "mae": 0.27349010953903, "memory_correction_mae": 0.10057916790739316, "memory_correction_rms": 0.1882318886361734, "metric_version": "element_weighted_v1", "milliseconds_per_batch": 33.64162040910647, "mse": 0.17656816713151846, "origin_count": 4925, "origin_metric_version": "per_forecast_origin_mean_v1", "origin_metrics_path": "/home/cwh/Time-Series-Library/logs/timerole_table3_ecl_solar/timerole/formal/checkpoints/long_term_forecast_p0_timerole_electricity_l336_h336_s2023_TimeRole_custom_ftM_sl336_ll48_pl336_dm64_nh8_el1_dl1_df128_expand2_dc2_fc3_ebtimeF_dtTrue_p0_timerole_electricity_l336_h336_s2023_0/test_origin_metrics.npz", "parameter_count": 3270603, "peak_cuda_memory_bytes": 1462524928, "split": "test", "test_accessed": true, "timerole_intervention": "intact"}
mse:0.17656816713151846, mae:0.27349010953903, dtw:Not calculated
