Using GPU
Args in experiment:
[1mBasic Config[0m
  Task Name:          long_term_forecast  Is Training:        1                   
  Model ID:           p0_timerole_solar_l336_h96_s2023Model:              TimeRole            

[1mData Loader[0m
  Data:               custom              Root Path:          /home/cwh/Time-Series-Library/dataset/solar
  Data Path:          solar.csv           Features:           M                   
  Target:             channel_99          Freq:               t                   
  Checkpoints:        /home/cwh/Time-Series-Library/logs/timerole_table3_ecl_solar/timerole/formal/checkpoints

[1mForecasting Task[0m
  Seq Len:            336                 Label Len:          48                  
  Pred Len:           96                  Seasonal Patterns:  Monthly             
  Inverse:            0                   

[1mModel Parameters[0m
  Top k:              5                   Num Kernels:        6                   
  Enc In:             137                 Dec In:             137                 
  C Out:              137                 d model:            64                  
  n heads:            8                   e layers:           1                   
  d layers:           1                   d FF:               128                 
  Moving Avg:         25                  Factor:             3                   
  Distil:             1                   Dropout:            0.1                 
  Embed:              timeF               Activation:         gelu                

[1mRun Parameters[0m
  Num Workers:        0                   Itr:                1                   
  Train Epochs:       100                 Batch Size:         16                  
  Patience:           6                   Learning Rate:      0.0005              
  Des:                p0_timerole_solar_l336_h96_s2023Loss:               MSE                 
  Lradj:              type1               Use Amp:            0                   

[1mGPU[0m
  Use GPU:            1                   GPU:                0                   
  Use Multi GPU:      0                   Devices:            0,1,2,3             

[1mDe-stationary Projector Params[0m
  P Hidden Dims:      128, 128            P Hidden Layers:    2                   

Use GPU: cuda:0
🚀 Lazy Loading: TimeRole ...
[GraphMamba] Building 137x137 static graph from 2000 training samples
[GraphMamba] Saved static graph: /home/cwh/Time-Series-Library/dataset/solar/solar_adj_train_custom_M_uniform_2000_seed2023.npy
>>>>>>>start training : long_term_forecast_p0_timerole_solar_l336_h96_s2023_TimeRole_custom_ftM_sl336_ll48_pl96_dm64_nh8_el1_dl1_df128_expand2_dc2_fc3_ebtimeF_dtTrue_p0_timerole_solar_l336_h96_s2023_0>>>>>>>>>>>>>>>>>>>>>>>>>>
train 36361
val 5161
	iters: 100, epoch: 1 | loss: 0.4153838
	speed: 0.1228s/iter; left time: 27900.3889s
	iters: 200, epoch: 1 | loss: 0.2122127
	speed: 0.1213s/iter; left time: 27542.5565s
	iters: 300, epoch: 1 | loss: 0.2178939
	speed: 0.1212s/iter; left time: 27515.9852s
	iters: 400, epoch: 1 | loss: 0.2404191
	speed: 0.1211s/iter; left time: 27481.5355s
	iters: 500, epoch: 1 | loss: 0.1769673
	speed: 0.1216s/iter; left time: 27577.8852s
	iters: 600, epoch: 1 | loss: 0.2398228
	speed: 0.1213s/iter; left time: 27495.6534s
	iters: 700, epoch: 1 | loss: 0.2094817
	speed: 0.1210s/iter; left time: 27419.8958s
	iters: 800, epoch: 1 | loss: 0.2837569
	speed: 0.1213s/iter; left time: 27482.4861s
	iters: 900, epoch: 1 | loss: 0.2902344
	speed: 0.1216s/iter; left time: 27533.8002s
	iters: 1000, epoch: 1 | loss: 0.2213696
	speed: 0.1213s/iter; left time: 27449.7256s
	iters: 1100, epoch: 1 | loss: 0.2439997
	speed: 0.1216s/iter; left time: 27502.4781s
	iters: 1200, epoch: 1 | loss: 0.2002349
	speed: 0.1212s/iter; left time: 27400.5413s
	iters: 1300, epoch: 1 | loss: 0.2378442
	speed: 0.1213s/iter; left time: 27402.9607s
	iters: 1400, epoch: 1 | loss: 0.1441892
	speed: 0.1214s/iter; left time: 27413.2247s
	iters: 1500, epoch: 1 | loss: 0.1410922
	speed: 0.1209s/iter; left time: 27302.6860s
	iters: 1600, epoch: 1 | loss: 0.1321792
	speed: 0.1215s/iter; left time: 27430.7364s
	iters: 1700, epoch: 1 | loss: 0.2758572
	speed: 0.1208s/iter; left time: 27251.2705s
	iters: 1800, epoch: 1 | loss: 0.1105223
	speed: 0.1217s/iter; left time: 27434.1084s
	iters: 1900, epoch: 1 | loss: 0.1619571
	speed: 0.1213s/iter; left time: 27341.1582s
	iters: 2000, epoch: 1 | loss: 0.2851960
	speed: 0.1214s/iter; left time: 27360.8452s
	iters: 2100, epoch: 1 | loss: 0.1269135
	speed: 0.1211s/iter; left time: 27276.4219s
	iters: 2200, epoch: 1 | loss: 0.1608296
	speed: 0.1215s/iter; left time: 27341.4043s
Epoch: 1 cost time: 275.8728594779968
Epoch: 1, Steps: 2273 | Train Loss: 0.2454741 Vali Loss: 0.1632094
Validation loss decreased (inf --> 0.163209).  Saving model ...
Updating learning rate to 0.0005
	iters: 100, epoch: 2 | loss: 0.1753602
	speed: 0.3004s/iter; left time: 67560.5625s
	iters: 200, epoch: 2 | loss: 0.1965887
	speed: 0.1217s/iter; left time: 27361.4289s
	iters: 300, epoch: 2 | loss: 0.1780989
	speed: 0.1216s/iter; left time: 27318.2816s
	iters: 400, epoch: 2 | loss: 0.1599409
	speed: 0.1216s/iter; left time: 27311.8944s
	iters: 500, epoch: 2 | loss: 0.0820143
	speed: 0.1217s/iter; left time: 27328.4881s
	iters: 600, epoch: 2 | loss: 0.1582061
	speed: 0.1216s/iter; left time: 27289.5830s
	iters: 700, epoch: 2 | loss: 0.1305576
	speed: 0.1212s/iter; left time: 27198.0735s
	iters: 800, epoch: 2 | loss: 0.2126572
	speed: 0.1273s/iter; left time: 28544.1106s
	iters: 900, epoch: 2 | loss: 0.1551200
	speed: 0.1214s/iter; left time: 27219.4900s
	iters: 1000, epoch: 2 | loss: 0.1745028
	speed: 0.1213s/iter; left time: 27169.8285s
	iters: 1100, epoch: 2 | loss: 0.2557645
	speed: 0.1213s/iter; left time: 27172.1903s
	iters: 1200, epoch: 2 | loss: 0.1456423
	speed: 0.1210s/iter; left time: 27093.7513s
	iters: 1300, epoch: 2 | loss: 0.2763161
	speed: 0.1209s/iter; left time: 27054.7404s
	iters: 1400, epoch: 2 | loss: 0.2201514
	speed: 0.1216s/iter; left time: 27187.4089s
	iters: 1500, epoch: 2 | loss: 0.2091464
	speed: 0.1213s/iter; left time: 27118.6524s
	iters: 1600, epoch: 2 | loss: 0.1554849
	speed: 0.1211s/iter; left time: 27048.4626s
	iters: 1700, epoch: 2 | loss: 0.1095524
	speed: 0.1216s/iter; left time: 27166.2064s
	iters: 1800, epoch: 2 | loss: 0.1797800
	speed: 0.1211s/iter; left time: 27042.1041s
	iters: 1900, epoch: 2 | loss: 0.1275516
	speed: 0.1216s/iter; left time: 27123.1091s
	iters: 2000, epoch: 2 | loss: 0.1247598
	speed: 0.1217s/iter; left time: 27134.5402s
	iters: 2100, epoch: 2 | loss: 0.1740159
	speed: 0.1215s/iter; left time: 27088.4533s
	iters: 2200, epoch: 2 | loss: 0.2614188
	speed: 0.1209s/iter; left time: 26949.2717s
Epoch: 2 cost time: 276.41745495796204
Epoch: 2, Steps: 2273 | Train Loss: 0.1800019 Vali Loss: 0.1614456
Validation loss decreased (0.163209 --> 0.161446).  Saving model ...
Updating learning rate to 0.00025
	iters: 100, epoch: 3 | loss: 0.1516039
	speed: 0.2997s/iter; left time: 66724.2077s
	iters: 200, epoch: 3 | loss: 0.1722059
	speed: 0.1212s/iter; left time: 26976.2477s
	iters: 300, epoch: 3 | loss: 0.1282233
	speed: 0.1218s/iter; left time: 27089.6189s
	iters: 400, epoch: 3 | loss: 0.2118437
	speed: 0.1208s/iter; left time: 26859.2391s
	iters: 500, epoch: 3 | loss: 0.1632401
	speed: 0.1215s/iter; left time: 27013.8399s
	iters: 600, epoch: 3 | loss: 0.1934182
	speed: 0.1216s/iter; left time: 27016.4613s
	iters: 700, epoch: 3 | loss: 0.1655891
	speed: 0.1215s/iter; left time: 26981.8258s
	iters: 800, epoch: 3 | loss: 0.1644233
	speed: 0.1215s/iter; left time: 26963.6109s
	iters: 900, epoch: 3 | loss: 0.1049810
	speed: 0.1211s/iter; left time: 26873.5070s
	iters: 1000, epoch: 3 | loss: 0.1689877
	speed: 0.1213s/iter; left time: 26902.6144s
	iters: 1100, epoch: 3 | loss: 0.2307663
	speed: 0.1219s/iter; left time: 27011.3119s
	iters: 1200, epoch: 3 | loss: 0.2184866
	speed: 0.1215s/iter; left time: 26926.5741s
	iters: 1300, epoch: 3 | loss: 0.1252733
	speed: 0.1212s/iter; left time: 26835.2723s
	iters: 1400, epoch: 3 | loss: 0.2315257
	speed: 0.1212s/iter; left time: 26823.4744s
	iters: 1500, epoch: 3 | loss: 0.1288083
	speed: 0.1217s/iter; left time: 26929.1059s
	iters: 1600, epoch: 3 | loss: 0.1654398
	speed: 0.1212s/iter; left time: 26799.3278s
	iters: 1700, epoch: 3 | loss: 0.1419138
	speed: 0.1210s/iter; left time: 26748.9018s
	iters: 1800, epoch: 3 | loss: 0.1856123
	speed: 0.1212s/iter; left time: 26786.4171s
	iters: 1900, epoch: 3 | loss: 0.1783018
	speed: 0.1208s/iter; left time: 26676.1318s
	iters: 2000, epoch: 3 | loss: 0.1027223
	speed: 0.1215s/iter; left time: 26823.1106s
	iters: 2100, epoch: 3 | loss: 0.2487642
	speed: 0.1211s/iter; left time: 26713.0866s
	iters: 2200, epoch: 3 | loss: 0.1841167
	speed: 0.1213s/iter; left time: 26760.1746s
Epoch: 3 cost time: 275.67506217956543
Epoch: 3, Steps: 2273 | Train Loss: 0.1719483 Vali Loss: 0.1550339
Validation loss decreased (0.161446 --> 0.155034).  Saving model ...
Updating learning rate to 0.000125
	iters: 100, epoch: 4 | loss: 0.1486054
	speed: 0.3000s/iter; left time: 66121.7206s
	iters: 200, epoch: 4 | loss: 0.1430584
	speed: 0.1215s/iter; left time: 26774.1915s
	iters: 300, epoch: 4 | loss: 0.1320417
	speed: 0.1211s/iter; left time: 26672.5385s
	iters: 400, epoch: 4 | loss: 0.1888826
	speed: 0.1212s/iter; left time: 26667.3110s
	iters: 500, epoch: 4 | loss: 0.2484628
	speed: 0.1210s/iter; left time: 26624.9977s
	iters: 600, epoch: 4 | loss: 0.1274606
	speed: 0.1211s/iter; left time: 26637.3712s
	iters: 700, epoch: 4 | loss: 0.2236644
	speed: 0.1213s/iter; left time: 26658.8259s
	iters: 800, epoch: 4 | loss: 0.1085018
	speed: 0.1214s/iter; left time: 26668.1757s
	iters: 900, epoch: 4 | loss: 0.1007890
	speed: 0.1213s/iter; left time: 26634.4032s
	iters: 1000, epoch: 4 | loss: 0.1512107
	speed: 0.1211s/iter; left time: 26589.3260s
	iters: 1100, epoch: 4 | loss: 0.1806144
	speed: 0.1214s/iter; left time: 26624.0037s
	iters: 1200, epoch: 4 | loss: 0.3040639
	speed: 0.1215s/iter; left time: 26636.0394s
	iters: 1300, epoch: 4 | loss: 0.1228852
	speed: 0.1216s/iter; left time: 26650.1370s
	iters: 1400, epoch: 4 | loss: 0.2418825
	speed: 0.1218s/iter; left time: 26681.3489s
	iters: 1500, epoch: 4 | loss: 0.1766528
	speed: 0.1216s/iter; left time: 26624.7656s
	iters: 1600, epoch: 4 | loss: 0.2430819
	speed: 0.1217s/iter; left time: 26628.8040s
	iters: 1700, epoch: 4 | loss: 0.1868403
	speed: 0.1212s/iter; left time: 26514.1321s
	iters: 1800, epoch: 4 | loss: 0.1805236
	speed: 0.1214s/iter; left time: 26540.2797s
	iters: 1900, epoch: 4 | loss: 0.2167129
	speed: 0.1215s/iter; left time: 26555.8131s
	iters: 2000, epoch: 4 | loss: 0.2003407
	speed: 0.1216s/iter; left time: 26558.1570s
	iters: 2100, epoch: 4 | loss: 0.1536866
	speed: 0.1213s/iter; left time: 26497.0303s
	iters: 2200, epoch: 4 | loss: 0.1738905
	speed: 0.1215s/iter; left time: 26516.1438s
Epoch: 4 cost time: 275.80734300613403
Epoch: 4, Steps: 2273 | Train Loss: 0.1689105 Vali Loss: 0.1573398
EarlyStopping counter: 1 out of 6
Updating learning rate to 6.25e-05
	iters: 100, epoch: 5 | loss: 0.1680370
	speed: 0.3000s/iter; left time: 65425.7693s
	iters: 200, epoch: 5 | loss: 0.1478963
	speed: 0.1213s/iter; left time: 26444.6338s
	iters: 300, epoch: 5 | loss: 0.1624258
	speed: 0.1218s/iter; left time: 26534.4330s
	iters: 400, epoch: 5 | loss: 0.1246474
	speed: 0.1215s/iter; left time: 26462.3641s
	iters: 500, epoch: 5 | loss: 0.1995986
	speed: 0.1212s/iter; left time: 26380.4558s
	iters: 600, epoch: 5 | loss: 0.1578352
	speed: 0.1216s/iter; left time: 26467.3896s
	iters: 700, epoch: 5 | loss: 0.1886206
	speed: 0.1214s/iter; left time: 26415.0787s
	iters: 800, epoch: 5 | loss: 0.2711603
	speed: 0.1211s/iter; left time: 26331.6518s
	iters: 900, epoch: 5 | loss: 0.1755038
	speed: 0.1212s/iter; left time: 26341.4255s
	iters: 1000, epoch: 5 | loss: 0.1260175
	speed: 0.1214s/iter; left time: 26360.6182s
	iters: 1100, epoch: 5 | loss: 0.1902886
	speed: 0.1211s/iter; left time: 26285.3434s
	iters: 1200, epoch: 5 | loss: 0.1829446
	speed: 0.1210s/iter; left time: 26263.1023s
	iters: 1300, epoch: 5 | loss: 0.1039736
	speed: 0.1214s/iter; left time: 26337.4480s
	iters: 1400, epoch: 5 | loss: 0.1653276
	speed: 0.1216s/iter; left time: 26356.0276s
	iters: 1500, epoch: 5 | loss: 0.2330440
	speed: 0.1219s/iter; left time: 26411.9829s
	iters: 1600, epoch: 5 | loss: 0.1140371
	speed: 0.1215s/iter; left time: 26323.7546s
	iters: 1700, epoch: 5 | loss: 0.2207297
	speed: 0.1209s/iter; left time: 26185.9743s
	iters: 1800, epoch: 5 | loss: 0.1686728
	speed: 0.1214s/iter; left time: 26266.8551s
	iters: 1900, epoch: 5 | loss: 0.0887609
	speed: 0.1220s/iter; left time: 26381.1516s
	iters: 2000, epoch: 5 | loss: 0.2375953
	speed: 0.1219s/iter; left time: 26346.6393s
	iters: 2100, epoch: 5 | loss: 0.1186258
	speed: 0.1212s/iter; left time: 26196.6124s
	iters: 2200, epoch: 5 | loss: 0.1487040
	speed: 0.1215s/iter; left time: 26239.4951s
Epoch: 5 cost time: 275.9163193702698
Epoch: 5, Steps: 2273 | Train Loss: 0.1674715 Vali Loss: 0.1517228
Validation loss decreased (0.155034 --> 0.151723).  Saving model ...
Updating learning rate to 3.125e-05
	iters: 100, epoch: 6 | loss: 0.1085514
	speed: 0.3006s/iter; left time: 64884.5088s
	iters: 200, epoch: 6 | loss: 0.1258321
	speed: 0.1212s/iter; left time: 26149.1009s
	iters: 300, epoch: 6 | loss: 0.2283340
	speed: 0.1213s/iter; left time: 26161.7409s
	iters: 400, epoch: 6 | loss: 0.1847974
	speed: 0.1212s/iter; left time: 26120.5683s
	iters: 500, epoch: 6 | loss: 0.1296693
	speed: 0.1214s/iter; left time: 26149.8451s
	iters: 600, epoch: 6 | loss: 0.1393351
	speed: 0.1212s/iter; left time: 26102.8235s
	iters: 700, epoch: 6 | loss: 0.2133696
	speed: 0.1208s/iter; left time: 26008.9568s
	iters: 800, epoch: 6 | loss: 0.1945570
	speed: 0.1213s/iter; left time: 26096.7603s
	iters: 900, epoch: 6 | loss: 0.1151266
	speed: 0.1209s/iter; left time: 26007.5097s
	iters: 1000, epoch: 6 | loss: 0.1587773
	speed: 0.1209s/iter; left time: 25987.1002s
	iters: 1100, epoch: 6 | loss: 0.2084363
	speed: 0.1213s/iter; left time: 26056.3740s
	iters: 1200, epoch: 6 | loss: 0.2468373
	speed: 0.1212s/iter; left time: 26031.3996s
	iters: 1300, epoch: 6 | loss: 0.1559926
	speed: 0.1214s/iter; left time: 26067.1978s
	iters: 1400, epoch: 6 | loss: 0.1283480
	speed: 0.1213s/iter; left time: 26032.0004s
	iters: 1500, epoch: 6 | loss: 0.0933146
	speed: 0.1207s/iter; left time: 25891.4012s
	iters: 1600, epoch: 6 | loss: 0.1898732
	speed: 0.1213s/iter; left time: 26004.1234s
	iters: 1700, epoch: 6 | loss: 0.1684825
	speed: 0.1206s/iter; left time: 25826.7889s
	iters: 1800, epoch: 6 | loss: 0.1550620
	speed: 0.1209s/iter; left time: 25885.8003s
	iters: 1900, epoch: 6 | loss: 0.1276885
	speed: 0.1208s/iter; left time: 25859.8336s
	iters: 2000, epoch: 6 | loss: 0.2003583
	speed: 0.1211s/iter; left time: 25910.0987s
	iters: 2100, epoch: 6 | loss: 0.1667599
	speed: 0.1215s/iter; left time: 25973.2285s
	iters: 2200, epoch: 6 | loss: 0.1398444
	speed: 0.1211s/iter; left time: 25889.6749s
Epoch: 6 cost time: 275.2181944847107
Epoch: 6, Steps: 2273 | Train Loss: 0.1666662 Vali Loss: 0.1520169
EarlyStopping counter: 1 out of 6
Updating learning rate to 1.5625e-05
	iters: 100, epoch: 7 | loss: 0.2016352
	speed: 0.3000s/iter; left time: 64069.2406s
	iters: 200, epoch: 7 | loss: 0.1275510
	speed: 0.1209s/iter; left time: 25810.2400s
	iters: 300, epoch: 7 | loss: 0.1220703
	speed: 0.1211s/iter; left time: 25835.3819s
	iters: 400, epoch: 7 | loss: 0.3362206
	speed: 0.1211s/iter; left time: 25820.6953s
	iters: 500, epoch: 7 | loss: 0.1847867
	speed: 0.1212s/iter; left time: 25843.2689s
	iters: 600, epoch: 7 | loss: 0.1993326
	speed: 0.1214s/iter; left time: 25855.6365s
	iters: 700, epoch: 7 | loss: 0.1580147
	speed: 0.1220s/iter; left time: 25974.3284s
	iters: 800, epoch: 7 | loss: 0.1445015
	speed: 0.1209s/iter; left time: 25744.8537s
	iters: 900, epoch: 7 | loss: 0.1985758
	speed: 0.1213s/iter; left time: 25804.0641s
	iters: 1000, epoch: 7 | loss: 0.1418542
	speed: 0.1211s/iter; left time: 25744.7413s
	iters: 1100, epoch: 7 | loss: 0.2101968
	speed: 0.1212s/iter; left time: 25773.0712s
	iters: 1200, epoch: 7 | loss: 0.1786029
	speed: 0.1212s/iter; left time: 25741.1158s
	iters: 1300, epoch: 7 | loss: 0.1189150
	speed: 0.1209s/iter; left time: 25671.2071s
	iters: 1400, epoch: 7 | loss: 0.1856518
	speed: 0.1205s/iter; left time: 25578.0239s
	iters: 1500, epoch: 7 | loss: 0.2092166
	speed: 0.1214s/iter; left time: 25746.0630s
	iters: 1600, epoch: 7 | loss: 0.1237351
	speed: 0.1213s/iter; left time: 25716.6036s
	iters: 1700, epoch: 7 | loss: 0.2590976
	speed: 0.1211s/iter; left time: 25665.8350s
	iters: 1800, epoch: 7 | loss: 0.2038035
	speed: 0.1214s/iter; left time: 25725.6485s
	iters: 1900, epoch: 7 | loss: 0.1093644
	speed: 0.1209s/iter; left time: 25596.4550s
	iters: 2000, epoch: 7 | loss: 0.1148075
	speed: 0.1212s/iter; left time: 25656.9072s
	iters: 2100, epoch: 7 | loss: 0.1843613
	speed: 0.1213s/iter; left time: 25664.5346s
	iters: 2200, epoch: 7 | loss: 0.1934453
	speed: 0.1210s/iter; left time: 25596.7936s
Epoch: 7 cost time: 275.36096715927124
Epoch: 7, Steps: 2273 | Train Loss: 0.1662272 Vali Loss: 0.1525819
EarlyStopping counter: 2 out of 6
Updating learning rate to 7.8125e-06
	iters: 100, epoch: 8 | loss: 0.1376742
	speed: 0.2995s/iter; left time: 63279.8902s
	iters: 200, epoch: 8 | loss: 0.1832713
	speed: 0.1217s/iter; left time: 25710.6080s
	iters: 300, epoch: 8 | loss: 0.1587495
	speed: 0.1213s/iter; left time: 25603.0265s
	iters: 400, epoch: 8 | loss: 0.1851631
	speed: 0.1212s/iter; left time: 25574.9914s
	iters: 500, epoch: 8 | loss: 0.1908975
	speed: 0.1211s/iter; left time: 25532.3736s
	iters: 600, epoch: 8 | loss: 0.2170945
	speed: 0.1209s/iter; left time: 25483.6725s
	iters: 700, epoch: 8 | loss: 0.1140042
	speed: 0.1213s/iter; left time: 25547.6353s
	iters: 800, epoch: 8 | loss: 0.1307420
	speed: 0.1215s/iter; left time: 25578.6328s
	iters: 900, epoch: 8 | loss: 0.1427455
	speed: 0.1219s/iter; left time: 25649.6964s
	iters: 1000, epoch: 8 | loss: 0.2805668
	speed: 0.1218s/iter; left time: 25630.0853s
	iters: 1100, epoch: 8 | loss: 0.1387063
	speed: 0.1215s/iter; left time: 25557.7568s
	iters: 1200, epoch: 8 | loss: 0.1739153
	speed: 0.1217s/iter; left time: 25590.4926s
	iters: 1300, epoch: 8 | loss: 0.1547867
	speed: 0.1217s/iter; left time: 25563.6360s
	iters: 1400, epoch: 8 | loss: 0.1145198
	speed: 0.1211s/iter; left time: 25432.9654s
	iters: 1500, epoch: 8 | loss: 0.1518808
	speed: 0.1215s/iter; left time: 25503.7940s
	iters: 1600, epoch: 8 | loss: 0.2242044
	speed: 0.1214s/iter; left time: 25474.6784s
	iters: 1700, epoch: 8 | loss: 0.1059808
	speed: 0.1212s/iter; left time: 25412.2370s
	iters: 1800, epoch: 8 | loss: 0.1404971
	speed: 0.1215s/iter; left time: 25458.7640s
	iters: 1900, epoch: 8 | loss: 0.1433372
	speed: 0.1213s/iter; left time: 25403.5864s
	iters: 2000, epoch: 8 | loss: 0.1503559
	speed: 0.1205s/iter; left time: 25240.1904s
	iters: 2100, epoch: 8 | loss: 0.1762998
	speed: 0.1210s/iter; left time: 25323.0135s
	iters: 2200, epoch: 8 | loss: 0.2042960
	speed: 0.1213s/iter; left time: 25373.9078s
Epoch: 8 cost time: 275.739230632782
Epoch: 8, Steps: 2273 | Train Loss: 0.1659992 Vali Loss: 0.1515467
Validation loss decreased (0.151723 --> 0.151547).  Saving model ...
Updating learning rate to 3.90625e-06
	iters: 100, epoch: 9 | loss: 0.1967093
	speed: 0.3004s/iter; left time: 62797.0439s
	iters: 200, epoch: 9 | loss: 0.2341684
	speed: 0.1215s/iter; left time: 25388.4126s
	iters: 300, epoch: 9 | loss: 0.1523544
	speed: 0.1216s/iter; left time: 25388.0560s
	iters: 400, epoch: 9 | loss: 0.2068533
	speed: 0.1208s/iter; left time: 25221.2386s
	iters: 500, epoch: 9 | loss: 0.0854249
	speed: 0.1207s/iter; left time: 25183.4147s
	iters: 600, epoch: 9 | loss: 0.1798787
	speed: 0.1208s/iter; left time: 25190.8539s
	iters: 700, epoch: 9 | loss: 0.2929988
	speed: 0.1208s/iter; left time: 25171.6861s
	iters: 800, epoch: 9 | loss: 0.1655413
	speed: 0.1213s/iter; left time: 25269.3093s
	iters: 900, epoch: 9 | loss: 0.1743465
	speed: 0.1218s/iter; left time: 25356.3108s
	iters: 1000, epoch: 9 | loss: 0.1130300
	speed: 0.1215s/iter; left time: 25289.9059s
	iters: 1100, epoch: 9 | loss: 0.1654333
	speed: 0.1213s/iter; left time: 25227.9070s
	iters: 1200, epoch: 9 | loss: 0.0576322
	speed: 0.1213s/iter; left time: 25216.6313s
	iters: 1300, epoch: 9 | loss: 0.1883928
	speed: 0.1213s/iter; left time: 25211.0097s
	iters: 1400, epoch: 9 | loss: 0.1930600
	speed: 0.1215s/iter; left time: 25231.3326s
	iters: 1500, epoch: 9 | loss: 0.1346971
	speed: 0.1216s/iter; left time: 25246.6046s
	iters: 1600, epoch: 9 | loss: 0.1208755
	speed: 0.1215s/iter; left time: 25207.2094s
	iters: 1700, epoch: 9 | loss: 0.1604991
	speed: 0.1214s/iter; left time: 25179.9646s
	iters: 1800, epoch: 9 | loss: 0.1098245
	speed: 0.1212s/iter; left time: 25130.7729s
	iters: 1900, epoch: 9 | loss: 0.2025625
	speed: 0.1211s/iter; left time: 25085.2062s
	iters: 2000, epoch: 9 | loss: 0.1807631
	speed: 0.1211s/iter; left time: 25077.8815s
	iters: 2100, epoch: 9 | loss: 0.1436504
	speed: 0.1211s/iter; left time: 25067.8232s
	iters: 2200, epoch: 9 | loss: 0.2214495
	speed: 0.1211s/iter; left time: 25048.9121s
Epoch: 9 cost time: 275.521591424942
Epoch: 9, Steps: 2273 | Train Loss: 0.1659033 Vali Loss: 0.1518500
EarlyStopping counter: 1 out of 6
Updating learning rate to 1.953125e-06
	iters: 100, epoch: 10 | loss: 0.1786866
	speed: 0.3004s/iter; left time: 62110.4629s
	iters: 200, epoch: 10 | loss: 0.2361806
	speed: 0.1211s/iter; left time: 25023.2737s
	iters: 300, epoch: 10 | loss: 0.2237052
	speed: 0.1209s/iter; left time: 24967.5603s
	iters: 400, epoch: 10 | loss: 0.1202015
	speed: 0.1211s/iter; left time: 25003.2672s
	iters: 500, epoch: 10 | loss: 0.1828567
	speed: 0.1216s/iter; left time: 25088.9845s
	iters: 600, epoch: 10 | loss: 0.1609328
	speed: 0.1212s/iter; left time: 24999.9039s
	iters: 700, epoch: 10 | loss: 0.1210368
	speed: 0.1212s/iter; left time: 24979.6360s
	iters: 800, epoch: 10 | loss: 0.1488880
	speed: 0.1211s/iter; left time: 24954.9695s
	iters: 900, epoch: 10 | loss: 0.1653770
	speed: 0.1213s/iter; left time: 24987.7843s
	iters: 1000, epoch: 10 | loss: 0.1748510
	speed: 0.1214s/iter; left time: 24985.1425s
	iters: 1100, epoch: 10 | loss: 0.1285951
	speed: 0.1210s/iter; left time: 24898.6572s
	iters: 1200, epoch: 10 | loss: 0.1193539
	speed: 0.1207s/iter; left time: 24815.0432s
	iters: 1300, epoch: 10 | loss: 0.1681800
	speed: 0.1208s/iter; left time: 24829.5367s
	iters: 1400, epoch: 10 | loss: 0.1465606
	speed: 0.1209s/iter; left time: 24846.0713s
	iters: 1500, epoch: 10 | loss: 0.1934932
	speed: 0.1209s/iter; left time: 24832.8867s
	iters: 1600, epoch: 10 | loss: 0.1210065
	speed: 0.1217s/iter; left time: 24968.7659s
	iters: 1700, epoch: 10 | loss: 0.1553666
	speed: 0.1214s/iter; left time: 24904.6285s
	iters: 1800, epoch: 10 | loss: 0.1230352
	speed: 0.1213s/iter; left time: 24875.4834s
	iters: 1900, epoch: 10 | loss: 0.1198912
	speed: 0.1217s/iter; left time: 24939.3098s
	iters: 2000, epoch: 10 | loss: 0.1252279
	speed: 0.1219s/iter; left time: 24978.4224s
	iters: 2100, epoch: 10 | loss: 0.1791004
	speed: 0.1211s/iter; left time: 24788.9802s
	iters: 2200, epoch: 10 | loss: 0.1178948
	speed: 0.1215s/iter; left time: 24855.8990s
Epoch: 10 cost time: 275.48357248306274
Epoch: 10, Steps: 2273 | Train Loss: 0.1658205 Vali Loss: 0.1516502
EarlyStopping counter: 2 out of 6
Updating learning rate to 9.765625e-07
	iters: 100, epoch: 11 | loss: 0.1849205
	speed: 0.3000s/iter; left time: 61336.7556s
	iters: 200, epoch: 11 | loss: 0.1860999
	speed: 0.1213s/iter; left time: 24798.2949s
	iters: 300, epoch: 11 | loss: 0.1437233
	speed: 0.1213s/iter; left time: 24786.1517s
	iters: 400, epoch: 11 | loss: 0.1497322
	speed: 0.1213s/iter; left time: 24769.3135s
	iters: 500, epoch: 11 | loss: 0.2054961
	speed: 0.1210s/iter; left time: 24688.9018s
	iters: 600, epoch: 11 | loss: 0.1232195
	speed: 0.1208s/iter; left time: 24637.7860s
	iters: 700, epoch: 11 | loss: 0.1670976
	speed: 0.1213s/iter; left time: 24737.6543s
	iters: 800, epoch: 11 | loss: 0.1253917
	speed: 0.1208s/iter; left time: 24621.0411s
	iters: 900, epoch: 11 | loss: 0.2593829
	speed: 0.1211s/iter; left time: 24656.2383s
	iters: 1000, epoch: 11 | loss: 0.2488014
	speed: 0.1209s/iter; left time: 24601.8384s
	iters: 1100, epoch: 11 | loss: 0.1682307
	speed: 0.1212s/iter; left time: 24668.1014s
	iters: 1200, epoch: 11 | loss: 0.1524936
	speed: 0.1212s/iter; left time: 24640.2285s
	iters: 1300, epoch: 11 | loss: 0.2576374
	speed: 0.1215s/iter; left time: 24701.6648s
	iters: 1400, epoch: 11 | loss: 0.1299091
	speed: 0.1212s/iter; left time: 24623.5485s
	iters: 1500, epoch: 11 | loss: 0.1647289
	speed: 0.1214s/iter; left time: 24647.2043s
	iters: 1600, epoch: 11 | loss: 0.1005958
	speed: 0.1215s/iter; left time: 24655.8099s
	iters: 1700, epoch: 11 | loss: 0.2550326
	speed: 0.1208s/iter; left time: 24498.9878s
	iters: 1800, epoch: 11 | loss: 0.1494418
	speed: 0.1211s/iter; left time: 24546.4410s
	iters: 1900, epoch: 11 | loss: 0.1972793
	speed: 0.1212s/iter; left time: 24573.2920s
	iters: 2000, epoch: 11 | loss: 0.1162490
	speed: 0.1213s/iter; left time: 24571.4032s
	iters: 2100, epoch: 11 | loss: 0.2961094
	speed: 0.1215s/iter; left time: 24604.2329s
	iters: 2200, epoch: 11 | loss: 0.1519482
	speed: 0.1212s/iter; left time: 24535.0419s
Epoch: 11 cost time: 275.3983428478241
Epoch: 11, Steps: 2273 | Train Loss: 0.1657783 Vali Loss: 0.1517697
EarlyStopping counter: 3 out of 6
Updating learning rate to 4.8828125e-07
	iters: 100, epoch: 12 | loss: 0.0953096
	speed: 0.3005s/iter; left time: 60750.9697s
	iters: 200, epoch: 12 | loss: 0.1482373
	speed: 0.1212s/iter; left time: 24493.2583s
	iters: 300, epoch: 12 | loss: 0.1683517
	speed: 0.1211s/iter; left time: 24470.4940s
	iters: 400, epoch: 12 | loss: 0.2114278
	speed: 0.1212s/iter; left time: 24462.3606s
	iters: 500, epoch: 12 | loss: 0.1665165
	speed: 0.1213s/iter; left time: 24477.8147s
	iters: 600, epoch: 12 | loss: 0.1859055
	speed: 0.1213s/iter; left time: 24470.6591s
	iters: 700, epoch: 12 | loss: 0.2323683
	speed: 0.1212s/iter; left time: 24437.5826s
	iters: 800, epoch: 12 | loss: 0.1810128
	speed: 0.1215s/iter; left time: 24483.3759s
	iters: 900, epoch: 12 | loss: 0.1264131
	speed: 0.1212s/iter; left time: 24404.1656s
	iters: 1000, epoch: 12 | loss: 0.1006755
	speed: 0.1214s/iter; left time: 24437.7271s
	iters: 1100, epoch: 12 | loss: 0.1617933
	speed: 0.1209s/iter; left time: 24331.8315s
	iters: 1200, epoch: 12 | loss: 0.1625194
	speed: 0.1213s/iter; left time: 24394.7353s
	iters: 1300, epoch: 12 | loss: 0.1153849
	speed: 0.1210s/iter; left time: 24329.1153s
	iters: 1400, epoch: 12 | loss: 0.2130160
	speed: 0.1213s/iter; left time: 24368.8740s
	iters: 1500, epoch: 12 | loss: 0.1213230
	speed: 0.1211s/iter; left time: 24309.7969s
	iters: 1600, epoch: 12 | loss: 0.1537182
	speed: 0.1209s/iter; left time: 24265.9910s
	iters: 1700, epoch: 12 | loss: 0.2255559
	speed: 0.1213s/iter; left time: 24334.3268s
	iters: 1800, epoch: 12 | loss: 0.1683720
	speed: 0.1212s/iter; left time: 24291.0368s
	iters: 1900, epoch: 12 | loss: 0.2181866
	speed: 0.1212s/iter; left time: 24296.9780s
	iters: 2000, epoch: 12 | loss: 0.0927681
	speed: 0.1213s/iter; left time: 24287.8507s
	iters: 2100, epoch: 12 | loss: 0.2615748
	speed: 0.1212s/iter; left time: 24257.4492s
	iters: 2200, epoch: 12 | loss: 0.2391821
	speed: 0.1217s/iter; left time: 24353.5707s
Epoch: 12 cost time: 275.5139081478119
Epoch: 12, Steps: 2273 | Train Loss: 0.1657765 Vali Loss: 0.1517471
EarlyStopping counter: 4 out of 6
Updating learning rate to 2.44140625e-07
	iters: 100, epoch: 13 | loss: 0.2064414
	speed: 0.3001s/iter; left time: 59996.5020s
	iters: 200, epoch: 13 | loss: 0.2129223
	speed: 0.1214s/iter; left time: 24257.0892s
	iters: 300, epoch: 13 | loss: 0.1176370
	speed: 0.1214s/iter; left time: 24239.2339s
	iters: 400, epoch: 13 | loss: 0.2251415
	speed: 0.1212s/iter; left time: 24188.6852s
	iters: 500, epoch: 13 | loss: 0.2384251
	speed: 0.1219s/iter; left time: 24313.7190s
	iters: 600, epoch: 13 | loss: 0.1350899
	speed: 0.1212s/iter; left time: 24177.7223s
	iters: 700, epoch: 13 | loss: 0.1962137
	speed: 0.1214s/iter; left time: 24199.3474s
	iters: 800, epoch: 13 | loss: 0.1472059
	speed: 0.1216s/iter; left time: 24217.4350s
	iters: 900, epoch: 13 | loss: 0.2393160
	speed: 0.1211s/iter; left time: 24117.5001s
	iters: 1000, epoch: 13 | loss: 0.1525135
	speed: 0.1211s/iter; left time: 24097.4066s
	iters: 1100, epoch: 13 | loss: 0.2151455
	speed: 0.1217s/iter; left time: 24213.5516s
	iters: 1200, epoch: 13 | loss: 0.1688094
	speed: 0.1214s/iter; left time: 24132.0716s
	iters: 1300, epoch: 13 | loss: 0.1601261
	speed: 0.1219s/iter; left time: 24215.5494s
	iters: 1400, epoch: 13 | loss: 0.1990886
	speed: 0.1212s/iter; left time: 24082.6514s
	iters: 1500, epoch: 13 | loss: 0.1841831
	speed: 0.1212s/iter; left time: 24070.1396s
	iters: 1600, epoch: 13 | loss: 0.2825757
	speed: 0.1211s/iter; left time: 24032.6300s
	iters: 1700, epoch: 13 | loss: 0.1390733
	speed: 0.1212s/iter; left time: 24034.9268s
	iters: 1800, epoch: 13 | loss: 0.1580075
	speed: 0.1215s/iter; left time: 24086.6747s
	iters: 1900, epoch: 13 | loss: 0.1206506
	speed: 0.1213s/iter; left time: 24024.8976s
	iters: 2000, epoch: 13 | loss: 0.1643866
	speed: 0.1213s/iter; left time: 24028.8975s
	iters: 2100, epoch: 13 | loss: 0.1408661
	speed: 0.1214s/iter; left time: 24024.3583s
	iters: 2200, epoch: 13 | loss: 0.1508844
	speed: 0.1211s/iter; left time: 23959.3405s
Epoch: 13 cost time: 275.7402787208557
Epoch: 13, Steps: 2273 | Train Loss: 0.1657428 Vali Loss: 0.1517453
EarlyStopping counter: 5 out of 6
Updating learning rate to 1.220703125e-07
	iters: 100, epoch: 14 | loss: 0.1574883
	speed: 0.3001s/iter; left time: 59307.4446s
	iters: 200, epoch: 14 | loss: 0.1385904
	speed: 0.1213s/iter; left time: 23953.8658s
	iters: 300, epoch: 14 | loss: 0.1985227
	speed: 0.1212s/iter; left time: 23932.6660s
	iters: 400, epoch: 14 | loss: 0.2013886
	speed: 0.1212s/iter; left time: 23920.2225s
	iters: 500, epoch: 14 | loss: 0.2180256
	speed: 0.1210s/iter; left time: 23866.7469s
	iters: 600, epoch: 14 | loss: 0.1712465
	speed: 0.1212s/iter; left time: 23897.6768s
	iters: 700, epoch: 14 | loss: 0.2425317
	speed: 0.1213s/iter; left time: 23906.4101s
	iters: 800, epoch: 14 | loss: 0.1402500
	speed: 0.1215s/iter; left time: 23926.4751s
	iters: 900, epoch: 14 | loss: 0.1818329
	speed: 0.1213s/iter; left time: 23870.8999s
	iters: 1000, epoch: 14 | loss: 0.2267004
	speed: 0.1210s/iter; left time: 23810.9829s
	iters: 1100, epoch: 14 | loss: 0.1188516
	speed: 0.1211s/iter; left time: 23816.5346s
	iters: 1200, epoch: 14 | loss: 0.0880354
	speed: 0.1210s/iter; left time: 23789.4551s
	iters: 1300, epoch: 14 | loss: 0.1423932
	speed: 0.1210s/iter; left time: 23765.8759s
	iters: 1400, epoch: 14 | loss: 0.0848227
	speed: 0.1212s/iter; left time: 23805.4189s
	iters: 1500, epoch: 14 | loss: 0.2893472
	speed: 0.1210s/iter; left time: 23754.4602s
	iters: 1600, epoch: 14 | loss: 0.1378109
	speed: 0.1213s/iter; left time: 23792.1042s
	iters: 1700, epoch: 14 | loss: 0.1372032
	speed: 0.1213s/iter; left time: 23777.4619s
	iters: 1800, epoch: 14 | loss: 0.1464332
	speed: 0.1215s/iter; left time: 23813.8730s
	iters: 1900, epoch: 14 | loss: 0.1440749
	speed: 0.1213s/iter; left time: 23752.9619s
	iters: 2000, epoch: 14 | loss: 0.1540068
	speed: 0.1214s/iter; left time: 23761.5754s
	iters: 2100, epoch: 14 | loss: 0.1194820
	speed: 0.1213s/iter; left time: 23732.7231s
	iters: 2200, epoch: 14 | loss: 0.1202680
	speed: 0.1213s/iter; left time: 23711.6964s
Epoch: 14 cost time: 276.1119041442871
Epoch: 14, Steps: 2273 | Train Loss: 0.1657438 Vali Loss: 0.1517601
EarlyStopping counter: 6 out of 6
Early stopping
VALIDATION_RESULT {"best_epoch": 8, "best_mae": 0.21909415006105137, "best_mse": 0.15154666753607215, "epochs_ran": 14, "metric_version": "element_weighted_v1", "train_duration_seconds": 3997.135174719151, "train_peak_cuda_memory_bytes": 5055139328}
>>>>>>>testing : long_term_forecast_p0_timerole_solar_l336_h96_s2023_TimeRole_custom_ftM_sl336_ll48_pl96_dm64_nh8_el1_dl1_df128_expand2_dc2_fc3_ebtimeF_dtTrue_p0_timerole_solar_l336_h96_s2023_0<<<<<<<<<<<<<<<<<<<<<<<<<<<<<<<<<
test 10417
EVALUATION_RESULT {"batches": 652, "elapsed_seconds": 18.49171633273363, "elements": 137004384, "gate_abs_mean": 0.27995428442955017, "gate_max": 0.29121750593185425, "gate_mean": 0.27995428442955017, "gate_min": 0.2313476800918579, "gate_values": [0.23965179920196533, 0.28007280826568604, 0.28638845682144165, 0.2828077971935272, 0.280569851398468, 0.28219902515411377, 0.279671311378479, 0.2822745442390442, 0.2880849540233612, 0.28199881315231323, 0.2848716080188751, 0.28393229842185974, 0.28412574529647827, 0.2848365306854248, 0.2810535132884979, 0.28475815057754517, 0.28505319356918335, 0.2828681170940399, 0.2863152027130127, 0.28264540433883667, 0.2855176627635956, 0.28574252128601074, 0.28501391410827637, 0.2881302237510681, 0.28398364782333374, 0.2848201394081116, 0.23419582843780518, 0.28480666875839233, 0.28216230869293213, 0.28545114398002625, 0.2812041640281677, 0.27941301465034485, 0.28604868054389954, 0.28489887714385986, 0.28423789143562317, 0.2870488464832306, 0.28121888637542725, 0.2801699638366699, 0.2843739688396454, 0.28879836201667786, 0.28767281770706177, 0.24009796977043152, 0.28213635087013245, 0.2802615761756897, 0.2758515775203705, 0.24562546610832214, 0.28259316086769104, 0.28705522418022156, 0.27737975120544434, 0.2894562780857086, 0.2813628017902374, 0.28495919704437256, 0.2860696017742157, 0.2338499277830124, 0.28473448753356934, 0.2858859598636627, 0.2887631356716156, 0.2816956341266632, 0.28929904103279114, 0.2864592373371124, 0.2743737995624542, 0.27805307507514954, 0.23864269256591797, 0.2853614091873169, 0.2861182987689972, 0.28196823596954346, 0.2835327982902527, 0.290987104177475, 0.28464239835739136, 0.2856960594654083, 0.2823309302330017, 0.28248342871665955, 0.28216004371643066, 0.2836986780166626, 0.28162622451782227, 0.2863572835922241, 0.2807830274105072, 0.24116827547550201, 0.23909269273281097, 0.2810370624065399, 0.2805277407169342, 0.28767475485801697, 0.24167844653129578, 0.282585471868515, 0.2832809388637543, 0.2822708487510681, 0.28552865982055664, 0.2863874137401581, 0.29121750593185425, 0.2835908830165863, 0.2867688238620758, 0.28219854831695557, 0.28193286061286926, 0.28334492444992065, 0.28563961386680603, 0.2831112742424011, 0.28625744581222534, 0.2802096903324127, 0.2846861183643341, 0.2831025719642639, 0.2825547456741333, 0.28656086325645447, 0.2854750156402588, 0.2313476800918579, 0.2910456657409668, 0.28511473536491394, 0.28960269689559937, 0.28112396597862244, 0.2841426134109497, 0.2433922290802002, 0.28258469700813293, 0.2864874601364136, 0.2788051962852478, 0.28025761246681213, 0.2863302230834961, 0.2821131944656372, 0.2893889546394348, 0.28122133016586304, 0.27867966890335083, 0.28963878750801086, 0.2855819761753082, 0.2794729769229889, 0.28387975692749023, 0.2839984893798828, 0.28596925735473633, 0.2851506471633911, 0.2842198312282562, 0.28059738874435425, 0.2833254635334015, 0.28101226687431335, 0.28652316331863403, 0.28220945596694946, 0.27951154112815857, 0.29043787717819214, 0.23621515929698944, 0.2844361960887909, 0.2805958688259125], "mae": 0.25268108910250275, "memory_correction_mae": 0.33500052459429874, "memory_correction_rms": 0.4638957004540861, "metric_version": "element_weighted_v1", "milliseconds_per_batch": 28.36152811768962, "mse": 0.19924961695178195, "origin_count": 10417, "origin_metric_version": "per_forecast_origin_mean_v1", "origin_metrics_path": "/home/cwh/Time-Series-Library/logs/timerole_table3_ecl_solar/timerole/formal/checkpoints/long_term_forecast_p0_timerole_solar_l336_h96_s2023_TimeRole_custom_ftM_sl336_ll48_pl96_dm64_nh8_el1_dl1_df128_expand2_dc2_fc3_ebtimeF_dtTrue_p0_timerole_solar_l336_h96_s2023_0/test_origin_metrics.npz", "parameter_count": 1013763, "peak_cuda_memory_bytes": 1227662848, "split": "test", "test_accessed": true, "timerole_intervention": "intact"}
mse:0.19924961695178195, mae:0.25268108910250275, dtw:Not calculated
