Using GPU
Args in experiment:
[1mBasic Config[0m
  Task Name:          long_term_forecast  Is Training:        1                   
  Model ID:           p0_timerole_electricity_l336_h192_s2022Model:              TimeRole            

[1mData Loader[0m
  Data:               custom              Root Path:          /home/cwh/Time-Series-Library/dataset/electricity
  Data Path:          electricity.csv     Features:           M                   
  Target:             0                   Freq:               h                   
  Checkpoints:        /home/cwh/Time-Series-Library/logs/timerole_table3_ecl_solar/timerole/formal/checkpoints

[1mForecasting Task[0m
  Seq Len:            336                 Label Len:          48                  
  Pred Len:           192                 Seasonal Patterns:  Monthly             
  Inverse:            0                   

[1mModel Parameters[0m
  Top k:              5                   Num Kernels:        6                   
  Enc In:             321                 Dec In:             321                 
  C Out:              321                 d model:            64                  
  n heads:            8                   e layers:           1                   
  d layers:           1                   d FF:               128                 
  Moving Avg:         25                  Factor:             3                   
  Distil:             1                   Dropout:            0.1                 
  Embed:              timeF               Activation:         gelu                

[1mRun Parameters[0m
  Num Workers:        0                   Itr:                1                   
  Train Epochs:       100                 Batch Size:         8                   
  Patience:           6                   Learning Rate:      0.0005              
  Des:                p0_timerole_electricity_l336_h192_s2022Loss:               MSE                 
  Lradj:              type1               Use Amp:            0                   

[1mGPU[0m
  Use GPU:            1                   GPU:                0                   
  Use Multi GPU:      0                   Devices:            0,1,2,3             

[1mDe-stationary Projector Params[0m
  P Hidden Dims:      128, 128            P Hidden Layers:    2                   

Use GPU: cuda:0
🚀 Lazy Loading: TimeRole ...
[GraphMamba] Loaded static graph: /home/cwh/Time-Series-Library/dataset/electricity/electricity_adj_train_custom_M_uniform_2000_seed2022.npy
>>>>>>>start training : long_term_forecast_p0_timerole_electricity_l336_h192_s2022_TimeRole_custom_ftM_sl336_ll48_pl192_dm64_nh8_el1_dl1_df128_expand2_dc2_fc3_ebtimeF_dtTrue_p0_timerole_electricity_l336_h192_s2022_0>>>>>>>>>>>>>>>>>>>>>>>>>>
train 17885
val 2441
	iters: 100, epoch: 1 | loss: 0.2707767
	speed: 0.1451s/iter; left time: 32424.8673s
	iters: 200, epoch: 1 | loss: 0.2115792
	speed: 0.1440s/iter; left time: 32162.8104s
	iters: 300, epoch: 1 | loss: 0.2291057
	speed: 0.1435s/iter; left time: 32036.7876s
	iters: 400, epoch: 1 | loss: 0.1714193
	speed: 0.1437s/iter; left time: 32069.7709s
	iters: 500, epoch: 1 | loss: 0.1640227
	speed: 0.1439s/iter; left time: 32106.8379s
	iters: 600, epoch: 1 | loss: 0.1893955
	speed: 0.1440s/iter; left time: 32111.1351s
	iters: 700, epoch: 1 | loss: 0.1641944
	speed: 0.1437s/iter; left time: 32020.0045s
	iters: 800, epoch: 1 | loss: 0.1734733
	speed: 0.1443s/iter; left time: 32156.9748s
	iters: 900, epoch: 1 | loss: 0.1716427
	speed: 0.1437s/iter; left time: 31994.6304s
	iters: 1000, epoch: 1 | loss: 0.2077847
	speed: 0.1443s/iter; left time: 32114.7504s
	iters: 1100, epoch: 1 | loss: 0.2037998
	speed: 0.1439s/iter; left time: 32007.9088s
	iters: 1200, epoch: 1 | loss: 0.1680380
	speed: 0.1433s/iter; left time: 31871.7705s
	iters: 1300, epoch: 1 | loss: 0.1751821
	speed: 0.1436s/iter; left time: 31930.8436s
	iters: 1400, epoch: 1 | loss: 0.1579206
	speed: 0.1436s/iter; left time: 31918.0246s
	iters: 1500, epoch: 1 | loss: 0.1321276
	speed: 0.1441s/iter; left time: 31994.9347s
	iters: 1600, epoch: 1 | loss: 0.1579898
	speed: 0.1437s/iter; left time: 31910.1444s
	iters: 1700, epoch: 1 | loss: 0.1625878
	speed: 0.1445s/iter; left time: 32070.7581s
	iters: 1800, epoch: 1 | loss: 0.1947969
	speed: 0.1437s/iter; left time: 31863.5672s
	iters: 1900, epoch: 1 | loss: 0.1901938
	speed: 0.1443s/iter; left time: 31984.3388s
	iters: 2000, epoch: 1 | loss: 0.1967793
	speed: 0.1438s/iter; left time: 31868.0463s
	iters: 2100, epoch: 1 | loss: 0.1885631
	speed: 0.1437s/iter; left time: 31836.4214s
	iters: 2200, epoch: 1 | loss: 0.2640825
	speed: 0.1436s/iter; left time: 31797.7293s
Epoch: 1 cost time: 321.738046169281
Epoch: 1, Steps: 2236 | Train Loss: 0.2027664 Vali Loss: 0.1445738
Validation loss decreased (inf --> 0.144574).  Saving model ...
Updating learning rate to 0.0005
	iters: 100, epoch: 2 | loss: 0.2175477
	speed: 0.2979s/iter; left time: 65909.6419s
	iters: 200, epoch: 2 | loss: 0.1518988
	speed: 0.1441s/iter; left time: 31861.9519s
	iters: 300, epoch: 2 | loss: 0.1548815
	speed: 0.1438s/iter; left time: 31784.1665s
	iters: 400, epoch: 2 | loss: 0.1781856
	speed: 0.1438s/iter; left time: 31771.6406s
	iters: 500, epoch: 2 | loss: 0.1600286
	speed: 0.1440s/iter; left time: 31807.3574s
	iters: 600, epoch: 2 | loss: 0.1503144
	speed: 0.1439s/iter; left time: 31764.8246s
	iters: 700, epoch: 2 | loss: 0.1353411
	speed: 0.1434s/iter; left time: 31646.0461s
	iters: 800, epoch: 2 | loss: 0.1398718
	speed: 0.1439s/iter; left time: 31738.3587s
	iters: 900, epoch: 2 | loss: 0.1505024
	speed: 0.1436s/iter; left time: 31663.9880s
	iters: 1000, epoch: 2 | loss: 0.2032599
	speed: 0.1434s/iter; left time: 31611.2863s
	iters: 1100, epoch: 2 | loss: 0.1609622
	speed: 0.1437s/iter; left time: 31649.1888s
	iters: 1200, epoch: 2 | loss: 0.1848449
	speed: 0.1434s/iter; left time: 31562.2885s
	iters: 1300, epoch: 2 | loss: 0.2427702
	speed: 0.1436s/iter; left time: 31606.6571s
	iters: 1400, epoch: 2 | loss: 0.1467429
	speed: 0.1435s/iter; left time: 31575.3758s
	iters: 1500, epoch: 2 | loss: 0.1515521
	speed: 0.1439s/iter; left time: 31641.7860s
	iters: 1600, epoch: 2 | loss: 0.1827159
	speed: 0.1435s/iter; left time: 31536.6456s
	iters: 1700, epoch: 2 | loss: 0.1686766
	speed: 0.1441s/iter; left time: 31664.0267s
	iters: 1800, epoch: 2 | loss: 0.1551704
	speed: 0.1437s/iter; left time: 31545.7429s
	iters: 1900, epoch: 2 | loss: 0.1557781
	speed: 0.1436s/iter; left time: 31514.9493s
	iters: 2000, epoch: 2 | loss: 0.1895315
	speed: 0.1434s/iter; left time: 31449.6287s
	iters: 2100, epoch: 2 | loss: 0.2023015
	speed: 0.1439s/iter; left time: 31543.4763s
	iters: 2200, epoch: 2 | loss: 0.2223862
	speed: 0.1442s/iter; left time: 31602.9290s
Epoch: 2 cost time: 321.33670234680176
Epoch: 2, Steps: 2236 | Train Loss: 0.1662151 Vali Loss: 0.1422005
Validation loss decreased (0.144574 --> 0.142200).  Saving model ...
Updating learning rate to 0.00025
	iters: 100, epoch: 3 | loss: 0.1750012
	speed: 0.2972s/iter; left time: 65104.1183s
	iters: 200, epoch: 3 | loss: 0.1700890
	speed: 0.1439s/iter; left time: 31501.0308s
	iters: 300, epoch: 3 | loss: 0.1302038
	speed: 0.1440s/iter; left time: 31518.9261s
	iters: 400, epoch: 3 | loss: 0.1286532
	speed: 0.1438s/iter; left time: 31443.2455s
	iters: 500, epoch: 3 | loss: 0.1509936
	speed: 0.1435s/iter; left time: 31382.4598s
	iters: 600, epoch: 3 | loss: 0.1302295
	speed: 0.1434s/iter; left time: 31326.6147s
	iters: 700, epoch: 3 | loss: 0.1457483
	speed: 0.1437s/iter; left time: 31395.3509s
	iters: 800, epoch: 3 | loss: 0.1775676
	speed: 0.1442s/iter; left time: 31479.5039s
	iters: 900, epoch: 3 | loss: 0.1414799
	speed: 0.1435s/iter; left time: 31314.8784s
	iters: 1000, epoch: 3 | loss: 0.1361455
	speed: 0.1436s/iter; left time: 31314.0447s
	iters: 1100, epoch: 3 | loss: 0.1597539
	speed: 0.1435s/iter; left time: 31281.9412s
	iters: 1200, epoch: 3 | loss: 0.1876222
	speed: 0.1439s/iter; left time: 31356.5905s
	iters: 1300, epoch: 3 | loss: 0.1520263
	speed: 0.1437s/iter; left time: 31308.3828s
	iters: 1400, epoch: 3 | loss: 0.1458245
	speed: 0.1441s/iter; left time: 31368.2146s
	iters: 1500, epoch: 3 | loss: 0.1478156
	speed: 0.1438s/iter; left time: 31298.3525s
	iters: 1600, epoch: 3 | loss: 0.1326268
	speed: 0.1438s/iter; left time: 31287.2010s
	iters: 1700, epoch: 3 | loss: 0.1298773
	speed: 0.1434s/iter; left time: 31170.1984s
	iters: 1800, epoch: 3 | loss: 0.1725588
	speed: 0.1442s/iter; left time: 31340.9104s
	iters: 1900, epoch: 3 | loss: 0.1357524
	speed: 0.1443s/iter; left time: 31341.4127s
	iters: 2000, epoch: 3 | loss: 0.1749127
	speed: 0.1436s/iter; left time: 31184.5318s
	iters: 2100, epoch: 3 | loss: 0.1530750
	speed: 0.1438s/iter; left time: 31202.5990s
	iters: 2200, epoch: 3 | loss: 0.2165398
	speed: 0.1439s/iter; left time: 31226.4676s
Epoch: 3 cost time: 321.39589762687683
Epoch: 3, Steps: 2236 | Train Loss: 0.1616507 Vali Loss: 0.1390326
Validation loss decreased (0.142200 --> 0.139033).  Saving model ...
Updating learning rate to 0.000125
	iters: 100, epoch: 4 | loss: 0.1724785
	speed: 0.3003s/iter; left time: 65110.5137s
	iters: 200, epoch: 4 | loss: 0.1364753
	speed: 0.1437s/iter; left time: 31131.4218s
	iters: 300, epoch: 4 | loss: 0.1680758
	speed: 0.1439s/iter; left time: 31158.9557s
	iters: 400, epoch: 4 | loss: 0.1826173
	speed: 0.1434s/iter; left time: 31047.0316s
	iters: 500, epoch: 4 | loss: 0.1271011
	speed: 0.1441s/iter; left time: 31190.3170s
	iters: 600, epoch: 4 | loss: 0.1360008
	speed: 0.1437s/iter; left time: 31078.6465s
	iters: 700, epoch: 4 | loss: 0.1516000
	speed: 0.1436s/iter; left time: 31039.5122s
	iters: 800, epoch: 4 | loss: 0.1350271
	speed: 0.1434s/iter; left time: 30995.7794s
	iters: 900, epoch: 4 | loss: 0.2555871
	speed: 0.1438s/iter; left time: 31067.1453s
	iters: 1000, epoch: 4 | loss: 0.1643858
	speed: 0.1437s/iter; left time: 31017.5333s
	iters: 1100, epoch: 4 | loss: 0.2011983
	speed: 0.1438s/iter; left time: 31021.6591s
	iters: 1200, epoch: 4 | loss: 0.1376326
	speed: 0.1435s/iter; left time: 30959.7475s
	iters: 1300, epoch: 4 | loss: 0.1652092
	speed: 0.1438s/iter; left time: 31003.8661s
	iters: 1400, epoch: 4 | loss: 0.1500437
	speed: 0.1437s/iter; left time: 30969.6279s
	iters: 1500, epoch: 4 | loss: 0.1469940
	speed: 0.1438s/iter; left time: 30975.8271s
	iters: 1600, epoch: 4 | loss: 0.1536238
	speed: 0.1442s/iter; left time: 31038.2191s
	iters: 1700, epoch: 4 | loss: 0.1757925
	speed: 0.1441s/iter; left time: 31002.0014s
	iters: 1800, epoch: 4 | loss: 0.1999857
	speed: 0.1439s/iter; left time: 30956.7640s
	iters: 1900, epoch: 4 | loss: 0.1571598
	speed: 0.1439s/iter; left time: 30934.0530s
	iters: 2000, epoch: 4 | loss: 0.1469172
	speed: 0.1440s/iter; left time: 30936.1564s
	iters: 2100, epoch: 4 | loss: 0.1311594
	speed: 0.1440s/iter; left time: 30934.0817s
	iters: 2200, epoch: 4 | loss: 0.1895496
	speed: 0.1439s/iter; left time: 30883.8133s
Epoch: 4 cost time: 321.4471945762634
Epoch: 4, Steps: 2236 | Train Loss: 0.1596616 Vali Loss: 0.1374310
Validation loss decreased (0.139033 --> 0.137431).  Saving model ...
Updating learning rate to 6.25e-05
	iters: 100, epoch: 5 | loss: 0.1455077
	speed: 0.2967s/iter; left time: 63665.9694s
	iters: 200, epoch: 5 | loss: 0.1512593
	speed: 0.1440s/iter; left time: 30878.6795s
	iters: 300, epoch: 5 | loss: 0.1482064
	speed: 0.1438s/iter; left time: 30817.6303s
	iters: 400, epoch: 5 | loss: 0.2107834
	speed: 0.1436s/iter; left time: 30774.2507s
	iters: 500, epoch: 5 | loss: 0.1782709
	speed: 0.1436s/iter; left time: 30750.5421s
	iters: 600, epoch: 5 | loss: 0.1467419
	speed: 0.1440s/iter; left time: 30822.9333s
	iters: 700, epoch: 5 | loss: 0.1559564
	speed: 0.1436s/iter; left time: 30732.5393s
	iters: 800, epoch: 5 | loss: 0.1674952
	speed: 0.1435s/iter; left time: 30692.9738s
	iters: 900, epoch: 5 | loss: 0.1419802
	speed: 0.1436s/iter; left time: 30698.3829s
	iters: 1000, epoch: 5 | loss: 0.1881258
	speed: 0.1437s/iter; left time: 30704.0113s
	iters: 1100, epoch: 5 | loss: 0.1738401
	speed: 0.1440s/iter; left time: 30751.9165s
	iters: 1200, epoch: 5 | loss: 0.1425977
	speed: 0.1442s/iter; left time: 30770.4392s
	iters: 1300, epoch: 5 | loss: 0.1498773
	speed: 0.1436s/iter; left time: 30638.7308s
	iters: 1400, epoch: 5 | loss: 0.2002261
	speed: 0.1441s/iter; left time: 30729.5448s
	iters: 1500, epoch: 5 | loss: 0.1258075
	speed: 0.1437s/iter; left time: 30639.9105s
	iters: 1600, epoch: 5 | loss: 0.1426740
	speed: 0.1438s/iter; left time: 30628.1111s
	iters: 1700, epoch: 5 | loss: 0.1634430
	speed: 0.1439s/iter; left time: 30646.5292s
	iters: 1800, epoch: 5 | loss: 0.1404045
	speed: 0.1437s/iter; left time: 30597.3016s
	iters: 1900, epoch: 5 | loss: 0.1410458
	speed: 0.1434s/iter; left time: 30519.2816s
	iters: 2000, epoch: 5 | loss: 0.1189525
	speed: 0.1435s/iter; left time: 30526.1539s
	iters: 2100, epoch: 5 | loss: 0.1521039
	speed: 0.1440s/iter; left time: 30613.3717s
	iters: 2200, epoch: 5 | loss: 0.1271159
	speed: 0.1440s/iter; left time: 30590.2062s
Epoch: 5 cost time: 321.39776253700256
Epoch: 5, Steps: 2236 | Train Loss: 0.1584559 Vali Loss: 0.1367839
Validation loss decreased (0.137431 --> 0.136784).  Saving model ...
Updating learning rate to 3.125e-05
	iters: 100, epoch: 6 | loss: 0.1426387
	speed: 0.2983s/iter; left time: 63331.8835s
	iters: 200, epoch: 6 | loss: 0.2457683
	speed: 0.1440s/iter; left time: 30563.5654s
	iters: 300, epoch: 6 | loss: 0.1350482
	speed: 0.1440s/iter; left time: 30548.2255s
	iters: 400, epoch: 6 | loss: 0.1427796
	speed: 0.1445s/iter; left time: 30629.8292s
	iters: 500, epoch: 6 | loss: 0.1629062
	speed: 0.1440s/iter; left time: 30523.1784s
	iters: 600, epoch: 6 | loss: 0.1686511
	speed: 0.1438s/iter; left time: 30453.8599s
	iters: 700, epoch: 6 | loss: 0.1427976
	speed: 0.1437s/iter; left time: 30433.0599s
	iters: 800, epoch: 6 | loss: 0.2139768
	speed: 0.1435s/iter; left time: 30362.2803s
	iters: 900, epoch: 6 | loss: 0.1580050
	speed: 0.1438s/iter; left time: 30421.6179s
	iters: 1000, epoch: 6 | loss: 0.1511458
	speed: 0.1441s/iter; left time: 30457.3660s
	iters: 1100, epoch: 6 | loss: 0.2589221
	speed: 0.1440s/iter; left time: 30423.7732s
	iters: 1200, epoch: 6 | loss: 0.1501345
	speed: 0.1442s/iter; left time: 30453.1765s
	iters: 1300, epoch: 6 | loss: 0.1466750
	speed: 0.1439s/iter; left time: 30370.2728s
	iters: 1400, epoch: 6 | loss: 0.2019110
	speed: 0.1438s/iter; left time: 30342.6456s
	iters: 1500, epoch: 6 | loss: 0.1498520
	speed: 0.1440s/iter; left time: 30366.3619s
	iters: 1600, epoch: 6 | loss: 0.1455532
	speed: 0.1434s/iter; left time: 30242.1192s
	iters: 1700, epoch: 6 | loss: 0.1595432
	speed: 0.1438s/iter; left time: 30294.6575s
	iters: 1800, epoch: 6 | loss: 0.1902594
	speed: 0.1440s/iter; left time: 30332.4251s
	iters: 1900, epoch: 6 | loss: 0.2814430
	speed: 0.1439s/iter; left time: 30284.3157s
	iters: 2000, epoch: 6 | loss: 0.1149171
	speed: 0.1433s/iter; left time: 30153.1174s
	iters: 2100, epoch: 6 | loss: 0.1518350
	speed: 0.1441s/iter; left time: 30301.1602s
	iters: 2200, epoch: 6 | loss: 0.1459262
	speed: 0.1441s/iter; left time: 30291.8714s
Epoch: 6 cost time: 321.61354994773865
Epoch: 6, Steps: 2236 | Train Loss: 0.1577539 Vali Loss: 0.1366728
Validation loss decreased (0.136784 --> 0.136673).  Saving model ...
Updating learning rate to 1.5625e-05
	iters: 100, epoch: 7 | loss: 0.1691098
	speed: 0.2967s/iter; left time: 62341.3683s
	iters: 200, epoch: 7 | loss: 0.1644942
	speed: 0.1441s/iter; left time: 30267.9143s
	iters: 300, epoch: 7 | loss: 0.1426256
	speed: 0.1437s/iter; left time: 30166.6117s
	iters: 400, epoch: 7 | loss: 0.1333427
	speed: 0.1437s/iter; left time: 30144.5437s
	iters: 500, epoch: 7 | loss: 0.2292759
	speed: 0.1435s/iter; left time: 30095.5050s
	iters: 600, epoch: 7 | loss: 0.1595674
	speed: 0.1443s/iter; left time: 30245.8704s
	iters: 700, epoch: 7 | loss: 0.1494673
	speed: 0.1441s/iter; left time: 30179.3598s
	iters: 800, epoch: 7 | loss: 0.1512866
	speed: 0.1436s/iter; left time: 30073.3139s
	iters: 900, epoch: 7 | loss: 0.1371715
	speed: 0.1437s/iter; left time: 30077.1169s
	iters: 1000, epoch: 7 | loss: 0.1480185
	speed: 0.1434s/iter; left time: 30007.4746s
	iters: 1100, epoch: 7 | loss: 0.1670744
	speed: 0.1439s/iter; left time: 30097.7628s
	iters: 1200, epoch: 7 | loss: 0.1290589
	speed: 0.1436s/iter; left time: 30017.4043s
	iters: 1300, epoch: 7 | loss: 0.1800284
	speed: 0.1440s/iter; left time: 30071.8409s
	iters: 1400, epoch: 7 | loss: 0.1360590
	speed: 0.1438s/iter; left time: 30028.2013s
	iters: 1500, epoch: 7 | loss: 0.1375127
	speed: 0.1429s/iter; left time: 29821.3770s
	iters: 1600, epoch: 7 | loss: 0.2249133
	speed: 0.1414s/iter; left time: 29500.5408s
	iters: 1700, epoch: 7 | loss: 0.1589999
	speed: 0.1415s/iter; left time: 29495.7853s
	iters: 1800, epoch: 7 | loss: 0.1371287
	speed: 0.1414s/iter; left time: 29471.2966s
	iters: 1900, epoch: 7 | loss: 0.1453128
	speed: 0.1415s/iter; left time: 29482.6573s
	iters: 2000, epoch: 7 | loss: 0.1391821
	speed: 0.1421s/iter; left time: 29588.2238s
	iters: 2100, epoch: 7 | loss: 0.1362806
	speed: 0.1430s/iter; left time: 29759.5052s
	iters: 2200, epoch: 7 | loss: 0.1484253
	speed: 0.1425s/iter; left time: 29641.2607s
Epoch: 7 cost time: 320.0341863632202
Epoch: 7, Steps: 2236 | Train Loss: 0.1573555 Vali Loss: 0.1363817
Validation loss decreased (0.136673 --> 0.136382).  Saving model ...
Updating learning rate to 7.8125e-06
	iters: 100, epoch: 8 | loss: 0.1436612
	speed: 0.2932s/iter; left time: 60939.0714s
	iters: 200, epoch: 8 | loss: 0.1485716
	speed: 0.1424s/iter; left time: 29584.5077s
	iters: 300, epoch: 8 | loss: 0.1300978
	speed: 0.1427s/iter; left time: 29621.8930s
	iters: 400, epoch: 8 | loss: 0.1614270
	speed: 0.1430s/iter; left time: 29675.3607s
	iters: 500, epoch: 8 | loss: 0.1810859
	speed: 0.1437s/iter; left time: 29818.4879s
	iters: 600, epoch: 8 | loss: 0.1399223
	speed: 0.1438s/iter; left time: 29826.9752s
	iters: 700, epoch: 8 | loss: 0.1357080
	speed: 0.1441s/iter; left time: 29856.2176s
	iters: 800, epoch: 8 | loss: 0.1529669
	speed: 0.1440s/iter; left time: 29825.5600s
	iters: 900, epoch: 8 | loss: 0.1406570
	speed: 0.1438s/iter; left time: 29765.2209s
	iters: 1000, epoch: 8 | loss: 0.1796875
	speed: 0.1440s/iter; left time: 29804.9335s
	iters: 1100, epoch: 8 | loss: 0.1306051
	speed: 0.1437s/iter; left time: 29718.6066s
	iters: 1200, epoch: 8 | loss: 0.1245890
	speed: 0.1438s/iter; left time: 29721.1462s
	iters: 1300, epoch: 8 | loss: 0.1272540
	speed: 0.1436s/iter; left time: 29667.8000s
	iters: 1400, epoch: 8 | loss: 0.1569355
	speed: 0.1441s/iter; left time: 29760.3806s
	iters: 1500, epoch: 8 | loss: 0.2250864
	speed: 0.1438s/iter; left time: 29685.9838s
	iters: 1600, epoch: 8 | loss: 0.1493679
	speed: 0.1439s/iter; left time: 29699.2372s
	iters: 1700, epoch: 8 | loss: 0.1389394
	speed: 0.1438s/iter; left time: 29657.9111s
	iters: 1800, epoch: 8 | loss: 0.1617709
	speed: 0.1441s/iter; left time: 29707.7117s
	iters: 1900, epoch: 8 | loss: 0.1624960
	speed: 0.1438s/iter; left time: 29625.0414s
	iters: 2000, epoch: 8 | loss: 0.1250675
	speed: 0.1436s/iter; left time: 29571.7140s
	iters: 2100, epoch: 8 | loss: 0.1763022
	speed: 0.1436s/iter; left time: 29552.3626s
	iters: 2200, epoch: 8 | loss: 0.1438565
	speed: 0.1438s/iter; left time: 29595.8830s
Epoch: 8 cost time: 321.0115637779236
Epoch: 8, Steps: 2236 | Train Loss: 0.1571514 Vali Loss: 0.1363092
Validation loss decreased (0.136382 --> 0.136309).  Saving model ...
Updating learning rate to 3.90625e-06
	iters: 100, epoch: 9 | loss: 0.1509735
	speed: 0.2965s/iter; left time: 60954.0032s
	iters: 200, epoch: 9 | loss: 0.1976330
	speed: 0.1437s/iter; left time: 29527.0682s
	iters: 300, epoch: 9 | loss: 0.1718600
	speed: 0.1438s/iter; left time: 29533.4805s
	iters: 400, epoch: 9 | loss: 0.1361666
	speed: 0.1438s/iter; left time: 29527.8562s
	iters: 500, epoch: 9 | loss: 0.1364838
	speed: 0.1436s/iter; left time: 29462.9498s
	iters: 600, epoch: 9 | loss: 0.1434886
	speed: 0.1442s/iter; left time: 29570.8689s
	iters: 700, epoch: 9 | loss: 0.2123608
	speed: 0.1439s/iter; left time: 29491.3732s
	iters: 800, epoch: 9 | loss: 0.1668335
	speed: 0.1441s/iter; left time: 29520.3460s
	iters: 900, epoch: 9 | loss: 0.1510044
	speed: 0.1432s/iter; left time: 29337.8089s
	iters: 1000, epoch: 9 | loss: 0.1394042
	speed: 0.1442s/iter; left time: 29520.6270s
	iters: 1100, epoch: 9 | loss: 0.1420298
	speed: 0.1436s/iter; left time: 29389.6622s
	iters: 1200, epoch: 9 | loss: 0.1545870
	speed: 0.1439s/iter; left time: 29419.6129s
	iters: 1300, epoch: 9 | loss: 0.1576623
	speed: 0.1431s/iter; left time: 29243.3491s
	iters: 1400, epoch: 9 | loss: 0.1611419
	speed: 0.1440s/iter; left time: 29411.6401s
	iters: 1500, epoch: 9 | loss: 0.2119224
	speed: 0.1438s/iter; left time: 29366.6817s
	iters: 1600, epoch: 9 | loss: 0.1748095
	speed: 0.1436s/iter; left time: 29318.6124s
	iters: 1700, epoch: 9 | loss: 0.1380057
	speed: 0.1432s/iter; left time: 29213.5739s
	iters: 1800, epoch: 9 | loss: 0.1457464
	speed: 0.1436s/iter; left time: 29290.8511s
	iters: 1900, epoch: 9 | loss: 0.1279463
	speed: 0.1434s/iter; left time: 29234.3611s
	iters: 2000, epoch: 9 | loss: 0.1472957
	speed: 0.1435s/iter; left time: 29226.7010s
	iters: 2100, epoch: 9 | loss: 0.1290211
	speed: 0.1438s/iter; left time: 29283.2769s
	iters: 2200, epoch: 9 | loss: 0.1392554
	speed: 0.1440s/iter; left time: 29310.4303s
Epoch: 9 cost time: 321.2199845314026
Epoch: 9, Steps: 2236 | Train Loss: 0.1570333 Vali Loss: 0.1363111
EarlyStopping counter: 1 out of 6
Updating learning rate to 1.953125e-06
	iters: 100, epoch: 10 | loss: 0.1650340
	speed: 0.2965s/iter; left time: 60292.3064s
	iters: 200, epoch: 10 | loss: 0.1359576
	speed: 0.1434s/iter; left time: 29158.0967s
	iters: 300, epoch: 10 | loss: 0.1524642
	speed: 0.1495s/iter; left time: 30379.6086s
	iters: 400, epoch: 10 | loss: 0.1373810
	speed: 0.1436s/iter; left time: 29170.7440s
	iters: 500, epoch: 10 | loss: 0.1665943
	speed: 0.1443s/iter; left time: 29297.1872s
	iters: 600, epoch: 10 | loss: 0.1314860
	speed: 0.1439s/iter; left time: 29202.1721s
	iters: 700, epoch: 10 | loss: 0.1583071
	speed: 0.1432s/iter; left time: 29038.6487s
	iters: 800, epoch: 10 | loss: 0.1730991
	speed: 0.1440s/iter; left time: 29181.0648s
	iters: 900, epoch: 10 | loss: 0.1495059
	speed: 0.1439s/iter; left time: 29159.9791s
	iters: 1000, epoch: 10 | loss: 0.1283322
	speed: 0.1438s/iter; left time: 29119.9524s
	iters: 1100, epoch: 10 | loss: 0.1476911
	speed: 0.1440s/iter; left time: 29148.7031s
	iters: 1200, epoch: 10 | loss: 0.2109848
	speed: 0.1441s/iter; left time: 29156.9659s
	iters: 1300, epoch: 10 | loss: 0.1215563
	speed: 0.1438s/iter; left time: 29082.8414s
	iters: 1400, epoch: 10 | loss: 0.1660971
	speed: 0.1434s/iter; left time: 28978.7590s
	iters: 1500, epoch: 10 | loss: 0.1768913
	speed: 0.1429s/iter; left time: 28868.2109s
	iters: 1600, epoch: 10 | loss: 0.1483730
	speed: 0.1439s/iter; left time: 29044.5158s
	iters: 1700, epoch: 10 | loss: 0.1630257
	speed: 0.1438s/iter; left time: 29009.6017s
	iters: 1800, epoch: 10 | loss: 0.1703412
	speed: 0.1433s/iter; left time: 28901.4088s
	iters: 1900, epoch: 10 | loss: 0.1608345
	speed: 0.1429s/iter; left time: 28811.4073s
	iters: 2000, epoch: 10 | loss: 0.1703826
	speed: 0.1437s/iter; left time: 28958.5965s
	iters: 2100, epoch: 10 | loss: 0.1255207
	speed: 0.1436s/iter; left time: 28919.4697s
	iters: 2200, epoch: 10 | loss: 0.1540995
	speed: 0.1438s/iter; left time: 28945.3695s
Epoch: 10 cost time: 321.7715117931366
Epoch: 10, Steps: 2236 | Train Loss: 0.1569812 Vali Loss: 0.1362873
Validation loss decreased (0.136309 --> 0.136287).  Saving model ...
Updating learning rate to 9.765625e-07
	iters: 100, epoch: 11 | loss: 0.1651482
	speed: 0.2968s/iter; left time: 59691.7615s
	iters: 200, epoch: 11 | loss: 0.1751893
	speed: 0.1439s/iter; left time: 28930.8028s
	iters: 300, epoch: 11 | loss: 0.1280876
	speed: 0.1438s/iter; left time: 28894.2472s
	iters: 400, epoch: 11 | loss: 0.1560199
	speed: 0.1434s/iter; left time: 28803.6231s
	iters: 500, epoch: 11 | loss: 0.1660101
	speed: 0.1436s/iter; left time: 28826.6620s
	iters: 600, epoch: 11 | loss: 0.1270461
	speed: 0.1440s/iter; left time: 28890.8868s
	iters: 700, epoch: 11 | loss: 0.1521583
	speed: 0.1444s/iter; left time: 28959.3154s
	iters: 800, epoch: 11 | loss: 0.1696997
	speed: 0.1440s/iter; left time: 28861.5482s
	iters: 900, epoch: 11 | loss: 0.2020723
	speed: 0.1440s/iter; left time: 28847.9339s
	iters: 1000, epoch: 11 | loss: 0.1523847
	speed: 0.1442s/iter; left time: 28867.1209s
	iters: 1100, epoch: 11 | loss: 0.1237463
	speed: 0.1441s/iter; left time: 28837.4256s
	iters: 1200, epoch: 11 | loss: 0.1725237
	speed: 0.1441s/iter; left time: 28830.0323s
	iters: 1300, epoch: 11 | loss: 0.1944686
	speed: 0.1439s/iter; left time: 28768.1299s
	iters: 1400, epoch: 11 | loss: 0.1438254
	speed: 0.1434s/iter; left time: 28651.2916s
	iters: 1500, epoch: 11 | loss: 0.1371529
	speed: 0.1438s/iter; left time: 28722.9151s
	iters: 1600, epoch: 11 | loss: 0.1278807
	speed: 0.1440s/iter; left time: 28752.0925s
	iters: 1700, epoch: 11 | loss: 0.1239689
	speed: 0.1432s/iter; left time: 28578.8125s
	iters: 1800, epoch: 11 | loss: 0.2096374
	speed: 0.1436s/iter; left time: 28637.1953s
	iters: 1900, epoch: 11 | loss: 0.1593888
	speed: 0.1438s/iter; left time: 28672.5485s
	iters: 2000, epoch: 11 | loss: 0.2370019
	speed: 0.1439s/iter; left time: 28669.1099s
	iters: 2100, epoch: 11 | loss: 0.1961930
	speed: 0.1440s/iter; left time: 28671.2458s
	iters: 2200, epoch: 11 | loss: 0.1817328
	speed: 0.1440s/iter; left time: 28654.7238s
Epoch: 11 cost time: 321.5440466403961
Epoch: 11, Steps: 2236 | Train Loss: 0.1569504 Vali Loss: 0.1362288
Validation loss decreased (0.136287 --> 0.136229).  Saving model ...
Updating learning rate to 4.8828125e-07
	iters: 100, epoch: 12 | loss: 0.1458919
	speed: 0.2963s/iter; left time: 58945.3663s
	iters: 200, epoch: 12 | loss: 0.1869213
	speed: 0.1438s/iter; left time: 28591.0980s
	iters: 300, epoch: 12 | loss: 0.1466237
	speed: 0.1441s/iter; left time: 28631.7605s
	iters: 400, epoch: 12 | loss: 0.1314358
	speed: 0.1438s/iter; left time: 28563.1944s
	iters: 500, epoch: 12 | loss: 0.1417911
	speed: 0.1438s/iter; left time: 28547.9762s
	iters: 600, epoch: 12 | loss: 0.1839524
	speed: 0.1439s/iter; left time: 28559.9484s
	iters: 700, epoch: 12 | loss: 0.1486432
	speed: 0.1438s/iter; left time: 28522.4458s
	iters: 800, epoch: 12 | loss: 0.1431540
	speed: 0.1436s/iter; left time: 28466.3424s
	iters: 900, epoch: 12 | loss: 0.1480384
	speed: 0.1435s/iter; left time: 28424.3676s
	iters: 1000, epoch: 12 | loss: 0.1269442
	speed: 0.1438s/iter; left time: 28475.9177s
	iters: 1100, epoch: 12 | loss: 0.1313270
	speed: 0.1433s/iter; left time: 28369.1935s
	iters: 1200, epoch: 12 | loss: 0.1953201
	speed: 0.1440s/iter; left time: 28491.6941s
	iters: 1300, epoch: 12 | loss: 0.1692277
	speed: 0.1436s/iter; left time: 28391.7223s
	iters: 1400, epoch: 12 | loss: 0.1446056
	speed: 0.1441s/iter; left time: 28484.5284s
	iters: 1500, epoch: 12 | loss: 0.1261200
	speed: 0.1440s/iter; left time: 28433.0847s
	iters: 1600, epoch: 12 | loss: 0.1977141
	speed: 0.1440s/iter; left time: 28418.0429s
	iters: 1700, epoch: 12 | loss: 0.1631639
	speed: 0.1440s/iter; left time: 28420.1623s
	iters: 1800, epoch: 12 | loss: 0.1465825
	speed: 0.1445s/iter; left time: 28498.7527s
	iters: 1900, epoch: 12 | loss: 0.1442541
	speed: 0.1432s/iter; left time: 28225.1111s
	iters: 2000, epoch: 12 | loss: 0.2095048
	speed: 0.1437s/iter; left time: 28304.6057s
	iters: 2100, epoch: 12 | loss: 0.1449280
	speed: 0.1433s/iter; left time: 28224.5742s
	iters: 2200, epoch: 12 | loss: 0.1615713
	speed: 0.1440s/iter; left time: 28335.3519s
Epoch: 12 cost time: 321.4505217075348
Epoch: 12, Steps: 2236 | Train Loss: 0.1569308 Vali Loss: 0.1362564
EarlyStopping counter: 1 out of 6
Updating learning rate to 2.44140625e-07
	iters: 100, epoch: 13 | loss: 0.1462337
	speed: 0.2958s/iter; left time: 58181.1374s
	iters: 200, epoch: 13 | loss: 0.1878430
	speed: 0.1440s/iter; left time: 28302.3510s
	iters: 300, epoch: 13 | loss: 0.1625112
	speed: 0.1442s/iter; left time: 28321.2901s
	iters: 400, epoch: 13 | loss: 0.1382236
	speed: 0.1436s/iter; left time: 28192.3001s
	iters: 500, epoch: 13 | loss: 0.1273393
	speed: 0.1443s/iter; left time: 28326.1409s
	iters: 600, epoch: 13 | loss: 0.2084076
	speed: 0.1438s/iter; left time: 28208.4060s
	iters: 700, epoch: 13 | loss: 0.1337489
	speed: 0.1442s/iter; left time: 28277.2669s
	iters: 800, epoch: 13 | loss: 0.1460242
	speed: 0.1436s/iter; left time: 28140.1100s
	iters: 900, epoch: 13 | loss: 0.1817585
	speed: 0.1439s/iter; left time: 28190.8211s
	iters: 1000, epoch: 13 | loss: 0.1186180
	speed: 0.1434s/iter; left time: 28081.8444s
	iters: 1100, epoch: 13 | loss: 0.1678455
	speed: 0.1441s/iter; left time: 28195.7477s
	iters: 1200, epoch: 13 | loss: 0.1232068
	speed: 0.1444s/iter; left time: 28246.7335s
	iters: 1300, epoch: 13 | loss: 0.1140626
	speed: 0.1430s/iter; left time: 27954.6026s
	iters: 1400, epoch: 13 | loss: 0.1644422
	speed: 0.1440s/iter; left time: 28139.7416s
	iters: 1500, epoch: 13 | loss: 0.1610550
	speed: 0.1437s/iter; left time: 28062.4033s
	iters: 1600, epoch: 13 | loss: 0.1555014
	speed: 0.1443s/iter; left time: 28170.9127s
	iters: 1700, epoch: 13 | loss: 0.1841782
	speed: 0.1442s/iter; left time: 28133.7352s
	iters: 1800, epoch: 13 | loss: 0.1298633
	speed: 0.1439s/iter; left time: 28049.5984s
	iters: 1900, epoch: 13 | loss: 0.1755400
	speed: 0.1441s/iter; left time: 28084.5062s
	iters: 2000, epoch: 13 | loss: 0.1024246
	speed: 0.1442s/iter; left time: 28078.8053s
	iters: 2100, epoch: 13 | loss: 0.1639383
	speed: 0.1437s/iter; left time: 27966.1085s
	iters: 2200, epoch: 13 | loss: 0.1813959
	speed: 0.1435s/iter; left time: 27913.4731s
Epoch: 13 cost time: 321.64913153648376
Epoch: 13, Steps: 2236 | Train Loss: 0.1569230 Vali Loss: 0.1362446
EarlyStopping counter: 2 out of 6
Updating learning rate to 1.220703125e-07
	iters: 100, epoch: 14 | loss: 0.1225302
	speed: 0.2958s/iter; left time: 57505.6315s
	iters: 200, epoch: 14 | loss: 0.1165657
	speed: 0.1436s/iter; left time: 27904.3088s
	iters: 300, epoch: 14 | loss: 0.1777195
	speed: 0.1436s/iter; left time: 27890.5814s
	iters: 400, epoch: 14 | loss: 0.1738478
	speed: 0.1439s/iter; left time: 27943.5055s
	iters: 500, epoch: 14 | loss: 0.1553218
	speed: 0.1436s/iter; left time: 27855.2751s
	iters: 600, epoch: 14 | loss: 0.1880103
	speed: 0.1433s/iter; left time: 27800.1148s
	iters: 700, epoch: 14 | loss: 0.1400535
	speed: 0.1440s/iter; left time: 27914.5443s
	iters: 800, epoch: 14 | loss: 0.1437554
	speed: 0.1436s/iter; left time: 27827.5626s
	iters: 900, epoch: 14 | loss: 0.1360589
	speed: 0.1439s/iter; left time: 27864.5188s
	iters: 1000, epoch: 14 | loss: 0.1945980
	speed: 0.1438s/iter; left time: 27835.2707s
	iters: 1100, epoch: 14 | loss: 0.1912946
	speed: 0.1434s/iter; left time: 27733.0724s
	iters: 1200, epoch: 14 | loss: 0.1349062
	speed: 0.1437s/iter; left time: 27790.5056s
	iters: 1300, epoch: 14 | loss: 0.1723496
	speed: 0.1434s/iter; left time: 27711.4360s
	iters: 1400, epoch: 14 | loss: 0.1552120
	speed: 0.1440s/iter; left time: 27804.3820s
	iters: 1500, epoch: 14 | loss: 0.1634751
	speed: 0.1439s/iter; left time: 27776.9947s
	iters: 1600, epoch: 14 | loss: 0.1318250
	speed: 0.1437s/iter; left time: 27721.1443s
	iters: 1700, epoch: 14 | loss: 0.1489547
	speed: 0.1437s/iter; left time: 27706.9397s
	iters: 1800, epoch: 14 | loss: 0.1318198
	speed: 0.1443s/iter; left time: 27802.1120s
	iters: 1900, epoch: 14 | loss: 0.1932551
	speed: 0.1444s/iter; left time: 27809.5178s
	iters: 2000, epoch: 14 | loss: 0.1492775
	speed: 0.1437s/iter; left time: 27669.9090s
	iters: 2100, epoch: 14 | loss: 0.1348634
	speed: 0.1439s/iter; left time: 27694.0457s
	iters: 2200, epoch: 14 | loss: 0.1284141
	speed: 0.1434s/iter; left time: 27574.4624s
Epoch: 14 cost time: 321.30375051498413
Epoch: 14, Steps: 2236 | Train Loss: 0.1569200 Vali Loss: 0.1362413
EarlyStopping counter: 3 out of 6
Updating learning rate to 6.103515625e-08
	iters: 100, epoch: 15 | loss: 0.1262228
	speed: 0.2967s/iter; left time: 57028.3862s
	iters: 200, epoch: 15 | loss: 0.1530924
	speed: 0.1441s/iter; left time: 27682.5138s
	iters: 300, epoch: 15 | loss: 0.1524495
	speed: 0.1440s/iter; left time: 27652.2194s
	iters: 400, epoch: 15 | loss: 0.1614759
	speed: 0.1439s/iter; left time: 27609.5085s
	iters: 500, epoch: 15 | loss: 0.1473994
	speed: 0.1437s/iter; left time: 27566.4014s
	iters: 600, epoch: 15 | loss: 0.1527166
	speed: 0.1441s/iter; left time: 27624.7074s
	iters: 700, epoch: 15 | loss: 0.1661027
	speed: 0.1442s/iter; left time: 27623.9470s
	iters: 800, epoch: 15 | loss: 0.1916009
	speed: 0.1436s/iter; left time: 27504.2090s
	iters: 900, epoch: 15 | loss: 0.1441797
	speed: 0.1442s/iter; left time: 27599.4042s
	iters: 1000, epoch: 15 | loss: 0.1532677
	speed: 0.1443s/iter; left time: 27603.1256s
	iters: 1100, epoch: 15 | loss: 0.1612593
	speed: 0.1440s/iter; left time: 27526.2283s
	iters: 1200, epoch: 15 | loss: 0.1516702
	speed: 0.1437s/iter; left time: 27462.4980s
	iters: 1300, epoch: 15 | loss: 0.2081233
	speed: 0.1434s/iter; left time: 27385.0471s
	iters: 1400, epoch: 15 | loss: 0.1487066
	speed: 0.1437s/iter; left time: 27425.1809s
	iters: 1500, epoch: 15 | loss: 0.1914259
	speed: 0.1436s/iter; left time: 27405.0391s
	iters: 1600, epoch: 15 | loss: 0.1328447
	speed: 0.1436s/iter; left time: 27391.4331s
	iters: 1700, epoch: 15 | loss: 0.1591088
	speed: 0.1438s/iter; left time: 27408.8731s
	iters: 1800, epoch: 15 | loss: 0.1283410
	speed: 0.1437s/iter; left time: 27372.3485s
	iters: 1900, epoch: 15 | loss: 0.1357213
	speed: 0.1440s/iter; left time: 27419.3666s
	iters: 2000, epoch: 15 | loss: 0.1539370
	speed: 0.1440s/iter; left time: 27395.4699s
	iters: 2100, epoch: 15 | loss: 0.1697617
	speed: 0.1443s/iter; left time: 27436.8640s
	iters: 2200, epoch: 15 | loss: 0.1343978
	speed: 0.1441s/iter; left time: 27400.6537s
Epoch: 15 cost time: 321.67650175094604
Epoch: 15, Steps: 2236 | Train Loss: 0.1569264 Vali Loss: 0.1362443
EarlyStopping counter: 4 out of 6
Updating learning rate to 3.0517578125e-08
	iters: 100, epoch: 16 | loss: 0.1591168
	speed: 0.2964s/iter; left time: 56302.3287s
	iters: 200, epoch: 16 | loss: 0.1794104
	speed: 0.1437s/iter; left time: 27289.3682s
	iters: 300, epoch: 16 | loss: 0.1300248
	speed: 0.1437s/iter; left time: 27273.4403s
	iters: 400, epoch: 16 | loss: 0.1460594
	speed: 0.1437s/iter; left time: 27251.5986s
	iters: 500, epoch: 16 | loss: 0.1898483
	speed: 0.1439s/iter; left time: 27269.8435s
	iters: 600, epoch: 16 | loss: 0.2061634
	speed: 0.1447s/iter; left time: 27407.1298s
	iters: 700, epoch: 16 | loss: 0.1542268
	speed: 0.1440s/iter; left time: 27260.7977s
	iters: 800, epoch: 16 | loss: 0.1388002
	speed: 0.1442s/iter; left time: 27286.7742s
	iters: 900, epoch: 16 | loss: 0.1605271
	speed: 0.1441s/iter; left time: 27263.2822s
	iters: 1000, epoch: 16 | loss: 0.1314000
	speed: 0.1443s/iter; left time: 27286.6749s
	iters: 1100, epoch: 16 | loss: 0.1284542
	speed: 0.1441s/iter; left time: 27226.8182s
	iters: 1200, epoch: 16 | loss: 0.1410363
	speed: 0.1437s/iter; left time: 27135.2441s
	iters: 1300, epoch: 16 | loss: 0.1643620
	speed: 0.1439s/iter; left time: 27171.8205s
	iters: 1400, epoch: 16 | loss: 0.2059732
	speed: 0.1440s/iter; left time: 27163.9982s
	iters: 1500, epoch: 16 | loss: 0.2164208
	speed: 0.1440s/iter; left time: 27149.4507s
	iters: 1600, epoch: 16 | loss: 0.1548817
	speed: 0.1441s/iter; left time: 27154.5213s
	iters: 1700, epoch: 16 | loss: 0.1389758
	speed: 0.1435s/iter; left time: 27020.8184s
	iters: 1800, epoch: 16 | loss: 0.1491872
	speed: 0.1455s/iter; left time: 27392.7030s
	iters: 1900, epoch: 16 | loss: 0.1705452
	speed: 0.1441s/iter; left time: 27114.5704s
	iters: 2000, epoch: 16 | loss: 0.1880742
	speed: 0.1438s/iter; left time: 27036.3958s
	iters: 2100, epoch: 16 | loss: 0.1597082
	speed: 0.1439s/iter; left time: 27055.6975s
	iters: 2200, epoch: 16 | loss: 0.1736696
	speed: 0.1435s/iter; left time: 26955.3315s
Epoch: 16 cost time: 321.869699716568
Epoch: 16, Steps: 2236 | Train Loss: 0.1569219 Vali Loss: 0.1362418
EarlyStopping counter: 5 out of 6
Updating learning rate to 1.52587890625e-08
	iters: 100, epoch: 17 | loss: 0.2091172
	speed: 0.2966s/iter; left time: 55672.0409s
	iters: 200, epoch: 17 | loss: 0.1369608
	speed: 0.1436s/iter; left time: 26950.2709s
	iters: 300, epoch: 17 | loss: 0.1356052
	speed: 0.1436s/iter; left time: 26932.7889s
	iters: 400, epoch: 17 | loss: 0.1498535
	speed: 0.1440s/iter; left time: 26982.2618s
	iters: 500, epoch: 17 | loss: 0.1469927
	speed: 0.1439s/iter; left time: 26953.6207s
	iters: 600, epoch: 17 | loss: 0.1608397
	speed: 0.1434s/iter; left time: 26854.9993s
	iters: 700, epoch: 17 | loss: 0.1797791
	speed: 0.1435s/iter; left time: 26846.9154s
	iters: 800, epoch: 17 | loss: 0.1410343
	speed: 0.1433s/iter; left time: 26792.5281s
	iters: 900, epoch: 17 | loss: 0.1419415
	speed: 0.1437s/iter; left time: 26851.7954s
	iters: 1000, epoch: 17 | loss: 0.1434600
	speed: 0.1437s/iter; left time: 26837.6095s
	iters: 1100, epoch: 17 | loss: 0.2036752
	speed: 0.1438s/iter; left time: 26842.5005s
	iters: 1200, epoch: 17 | loss: 0.1191569
	speed: 0.1440s/iter; left time: 26881.8424s
	iters: 1300, epoch: 17 | loss: 0.1516337
	speed: 0.1439s/iter; left time: 26843.7329s
	iters: 1400, epoch: 17 | loss: 0.1663578
	speed: 0.1441s/iter; left time: 26865.5281s
	iters: 1500, epoch: 17 | loss: 0.1601785
	speed: 0.1440s/iter; left time: 26840.0056s
	iters: 1600, epoch: 17 | loss: 0.1421779
	speed: 0.1441s/iter; left time: 26840.3351s
	iters: 1700, epoch: 17 | loss: 0.1419223
	speed: 0.1443s/iter; left time: 26850.5849s
	iters: 1800, epoch: 17 | loss: 0.1748913
	speed: 0.1437s/iter; left time: 26739.9096s
	iters: 1900, epoch: 17 | loss: 0.1456228
	speed: 0.1440s/iter; left time: 26765.7890s
	iters: 2000, epoch: 17 | loss: 0.1595728
	speed: 0.1441s/iter; left time: 26783.8834s
	iters: 2100, epoch: 17 | loss: 0.1835989
	speed: 0.1437s/iter; left time: 26679.5087s
	iters: 2200, epoch: 17 | loss: 0.1309662
	speed: 0.1441s/iter; left time: 26752.5776s
Epoch: 17 cost time: 321.49724221229553
Epoch: 17, Steps: 2236 | Train Loss: 0.1569225 Vali Loss: 0.1362416
EarlyStopping counter: 6 out of 6
Early stopping
VALIDATION_RESULT {"best_epoch": 11, "best_mae": 0.23083812657329605, "best_mse": 0.13622881089365502, "epochs_ran": 17, "metric_version": "element_weighted_v1", "train_duration_seconds": 5649.334596001077, "train_peak_cuda_memory_bytes": 5903482368}
>>>>>>>testing : long_term_forecast_p0_timerole_electricity_l336_h192_s2022_TimeRole_custom_ftM_sl336_ll48_pl192_dm64_nh8_el1_dl1_df128_expand2_dc2_fc3_ebtimeF_dtTrue_p0_timerole_electricity_l336_h192_s2022_0<<<<<<<<<<<<<<<<<<<<<<<<<<<<<<<<<
test 5069
EVALUATION_RESULT {"batches": 634, "elapsed_seconds": 21.19885349366814, "elements": 312412608, "gate_abs_mean": 0.20639568567276, "gate_max": 0.40112918615341187, "gate_mean": 0.2053966075181961, "gate_min": -0.05361555516719818, "gate_values": [0.16355842351913452, 0.1470903754234314, -0.008121293969452381, 0.27182888984680176, 0.17112642526626587, 0.22631484270095825, -0.044199731200933456, 0.2808016538619995, 0.31054461002349854, 0.3068064749240875, 0.21791712939739227, 0.37064749002456665, 0.33259379863739014, 0.22447584569454193, 0.2099006175994873, 0.3017762005329132, 0.22413501143455505, 0.1622115671634674, 0.27892524003982544, 0.3490833640098572, 0.2627260088920593, 0.21548470854759216, 0.28467491269111633, 0.22184254229068756, 0.31110483407974243, 0.35482683777809143, 0.2445601373910904, 0.26707911491394043, 0.2286861091852188, 0.3621789813041687, 0.16190160810947418, 0.35371705889701843, 0.1929427683353424, 0.23075489699840546, 0.3225764334201813, 0.2556425929069519, 0.3520869016647339, 0.21091634035110474, 0.3410462737083435, 0.17582926154136658, 0.272673100233078, 0.27180877327919006, 0.22331419587135315, 0.15980397164821625, 0.2005966752767563, 0.2810646593570709, 0.18547017872333527, 0.21839432418346405, 0.2620602548122406, 0.22473149001598358, 0.32906779646873474, 0.15777483582496643, 0.2996427118778229, 0.18173861503601074, 0.29085713624954224, 0.30569183826446533, 0.24598902463912964, 0.08404895663261414, 0.18905039131641388, 0.3361966907978058, 0.2253737896680832, 0.2235247939825058, 0.17112386226654053, 0.15872712433338165, 0.122015081346035, 0.32218030095100403, 0.24477486312389374, 0.22788161039352417, 0.35007914900779724, 0.2607960104942322, 0.19029848277568817, 0.14339087903499603, 0.23750057816505432, 0.18657732009887695, 0.21979190409183502, 0.36549440026283264, 0.25589320063591003, 0.17867586016654968, 0.24070589244365692, 0.27311137318611145, 0.29455339908599854, 0.35323333740234375, 0.263200968503952, 0.33652666211128235, 0.32245177030563354, 0.35617750883102417, 0.36346325278282166, 0.3599785268306732, 0.20341388881206512, 0.20052941143512726, 0.1268213391304016, 0.12477310001850128, 0.31482693552970886, 0.16887690126895905, 0.1418716460466385, 0.09336911141872406, 0.29709941148757935, 0.15388798713684082, 0.3627437651157379, 0.360917329788208, 0.3375667631626129, 0.25911906361579895, 0.18396373093128204, 0.36242595314979553, 0.151899516582489, 0.40112918615341187, 0.2727200388908386, 0.38827070593833923, 0.3294084370136261, 0.33103418350219727, 0.3059377670288086, 0.23015113174915314, 0.2853763699531555, 0.2074618935585022, -0.05361555516719818, 0.09628326445817947, 0.04897487908601761, 0.33108681440353394, 0.040217358618974686, 0.33693772554397583, 0.3599942922592163, 0.09768157452344894, 0.1797463446855545, 0.37055331468582153, 0.37727978825569153, 0.1155150830745697, 0.3753531873226166, 0.32440856099128723, 0.33275339007377625, 0.36983588337898254, 0.37293386459350586, 0.2730133533477783, 0.3765009045600891, 0.3610247075557709, 0.3616575300693512, 0.16629458963871002, 0.1624731868505478, 0.1723034530878067, 0.17178386449813843, 0.1760588437318802, 0.21425935626029968, 0.17940972745418549, 0.190082848072052, 0.17352846264839172, 0.13906145095825195, 0.15501059591770172, 0.027695182710886, 0.11347821354866028, 0.1404213309288025, 0.17103919386863708, 0.1668444126844406, 0.16571468114852905, 0.13777971267700195, 0.12673965096473694, 0.1858769804239273, 0.1863539069890976, 0.15724273025989532, 0.13922281563282013, 0.13942129909992218, 0.18238262832164764, 0.16065995395183563, 0.20061050355434418, 0.1648644506931305, 0.18425093591213226, 0.20845958590507507, 0.1823441982269287, 0.15909789502620697, 0.17258800566196442, 0.16794447600841522, 0.19892717897891998, 0.17073123157024384, 0.18937276303768158, 0.17215637862682343, 0.13815584778785706, 0.15679554641246796, 0.11639579385519028, 0.13790878653526306, 0.15426048636436462, 0.14855988323688507, 0.1768377721309662, 0.15011706948280334, 0.1457376927137375, -0.03556494787335396, 0.14708343148231506, 0.17221248149871826, 0.16179949045181274, 0.1449272781610489, 0.1684626191854477, 0.14375603199005127, 0.17272496223449707, 0.16681960225105286, 0.193643257021904, 0.14864997565746307, 0.14441755414009094, 0.1473979353904724, 0.15974833071231842, 0.13329142332077026, 0.1473083794116974, 0.15610595047473907, 0.1356050968170166, 0.1510118842124939, 0.17198093235492706, 0.15797388553619385, 0.20326624810695648, 0.14885671436786652, 0.1527605503797531, 0.16564060747623444, -0.018850931897759438, 0.18528249859809875, 0.15279054641723633, 0.1718960553407669, 0.2678873538970947, 0.1829732060432434, 0.17762525379657745, 0.17021583020687103, 0.18112269043922424, 0.19996050000190735, 0.16492177546024323, 0.15493237972259521, 0.21910323202610016, 0.17069180309772491, 0.1930084079504013, 0.1379338949918747, 0.1602952927350998, 0.15749521553516388, 0.14594240486621857, 0.1847371608018875, 0.18748798966407776, 0.15468817949295044, 0.13441605865955353, 0.18587863445281982, 0.18111541867256165, 0.2690697908401489, 0.1819283366203308, 0.1715298295021057, 0.1648811250925064, 0.20200136303901672, 0.16828814148902893, 0.16217362880706787, 0.19721992313861847, 0.15468233823776245, 0.16591699421405792, 0.1757601648569107, 0.16791106760501862, 0.17206400632858276, 0.1731964498758316, 0.12128833681344986, 0.14890864491462708, 0.190211683511734, 0.20110540091991425, 0.17333418130874634, 0.21533912420272827, 0.11297448724508286, 0.17786239087581635, 0.225917786359787, 0.21593168377876282, 0.14700189232826233, 0.23230227828025818, 0.20086604356765747, 0.17660844326019287, 0.15014223754405975, 0.21227528154850006, 0.18119554221630096, 0.19007830321788788, 0.19778811931610107, 0.20496851205825806, 0.1697339415550232, 0.17630252242088318, 0.1670510470867157, 0.14637130498886108, 0.07448233664035797, 0.18456390500068665, 0.14785617589950562, 0.16171596944332123, 0.20219936966896057, 0.18441294133663177, 0.16082189977169037, 0.16241298615932465, 0.14821454882621765, 0.17814524471759796, 0.15968836843967438, 0.1827358454465866, 0.1905432641506195, 0.1526571810245514, 0.14086762070655823, 0.20098501443862915, 0.16728490591049194, 0.10722924023866653, 0.17615382373332977, 0.16677120327949524, 0.21503619849681854, 0.1645655632019043, 0.16586419939994812, 0.19502614438533783, 0.12951622903347015, 0.1559721678495407, 0.21990345418453217, 0.2326001226902008, 0.1514270156621933, 0.38056543469429016, 0.2033272236585617, 0.13805510103702545, 0.12660002708435059, 0.10279764235019684, 0.15908744931221008, 0.1388479620218277, 0.21836306154727936, 0.1505783498287201, 0.19592994451522827, 0.2943641245365143, 0.35966387391090393, 0.1844921112060547, 0.2133146971464157, 0.11103831231594086, 0.16060437262058258, 0.13126111030578613, 0.12155112624168396, 0.34827983379364014, 0.29552724957466125, 0.37318989634513855, 0.36314448714256287], "mae": 0.25501254950652474, "memory_correction_mae": 0.1036916366911939, "memory_correction_rms": 0.19287602670607704, "metric_version": "element_weighted_v1", "milliseconds_per_batch": 33.43667743480779, "mse": 0.15915907301006718, "origin_count": 5069, "origin_metric_version": "per_forecast_origin_mean_v1", "origin_metrics_path": "/home/cwh/Time-Series-Library/logs/timerole_table3_ecl_solar/timerole/formal/checkpoints/long_term_forecast_p0_timerole_electricity_l336_h192_s2022_TimeRole_custom_ftM_sl336_ll48_pl192_dm64_nh8_el1_dl1_df128_expand2_dc2_fc3_ebtimeF_dtTrue_p0_timerole_electricity_l336_h192_s2022_0/test_origin_metrics.npz", "parameter_count": 1924779, "peak_cuda_memory_bytes": 1442748928, "split": "test", "test_accessed": true, "timerole_intervention": "intact"}
mse:0.15915907301006718, mae:0.25501254950652474, dtw:Not calculated
