Using GPU
[MONITOR RESOURCE_ALERT] rss=436895744 initial=8192
Args in experiment:
[1mBasic Config[0m
  Task Name:          long_term_forecast  Is Training:        1                   
  Model ID:           trps_smoke_timerole_ettm1_p96_s2021_r1Model:              TimeRole            

[1mData Loader[0m
  Data:               ETTm1               Root Path:          /home/cwh/Time-Series-Library/dataset/ETT-small
  Data Path:          ETTm1.csv           Features:           M                   
  Target:             OT                  Freq:               t                   
  Checkpoints:        /home/cwh/Time-Series-Library/logs/timerole_recent_simplification/checkpoints

[1mForecasting Task[0m
  Seq Len:            336                 Label Len:          48                  
  Pred Len:           96                  Seasonal Patterns:  Monthly             
  Inverse:            0                   

[1mModel Parameters[0m
  Top k:              5                   Num Kernels:        6                   
  Enc In:             7                   Dec In:             7                   
  C Out:              7                   d model:            64                  
  n heads:            8                   e layers:           1                   
  d layers:           1                   d FF:               128                 
  Moving Avg:         25                  Factor:             1                   
  Distil:             1                   Dropout:            0.1                 
  Embed:              timeF               Activation:         gelu                

[1mRun Parameters[0m
  Num Workers:        0                   Itr:                1                   
  Train Epochs:       100                 Batch Size:         32                  
  Patience:           6                   Learning Rate:      0.0005              
  Des:                trps_smoke_timerole_ettm1_p96_s2021_r1Loss:               MSE                 
  Lradj:              type1               Use Amp:            0                   

[1mGPU[0m
  Use GPU:            1                   GPU:                0                   
  Use Multi GPU:      0                   Devices:            0,1,2,3             

[1mDe-stationary Projector Params[0m
  P Hidden Dims:      128, 128            P Hidden Layers:    2                   

Use GPU: cuda:0
🚀 Lazy Loading: TimeRole ...
[GraphMamba] Building 7x7 static graph from 2000 training samples
>>>>>>>start training : long_term_forecast_trps_smoke_timerole_ettm1_p96_s2021_r1_TimeRole_ETTm1_ftM_sl336_ll48_pl96_dm64_nh8_el1_dl1_df128_expand2_dc2_fc1_ebtimeF_dtTrue_trps_smoke_timerole_ettm1_p96_s2021_r1_0>>>>>>>>>>>>>>>>>>>>>>>>>>
train 34129
val 11425
	iters: 100, epoch: 1 | loss: 0.3244803
	speed: 0.0097s/iter; left time: 1034.5940s
	iters: 200, epoch: 1 | loss: 0.3227166
	speed: 0.0070s/iter; left time: 747.4396s
	iters: 300, epoch: 1 | loss: 0.2778465
	speed: 0.0077s/iter; left time: 820.2395s
	iters: 400, epoch: 1 | loss: 0.3415978
	speed: 0.0076s/iter; left time: 804.2758s
	iters: 500, epoch: 1 | loss: 0.2460301
	speed: 0.0073s/iter; left time: 770.1544s
	iters: 600, epoch: 1 | loss: 0.2367811
	speed: 0.0071s/iter; left time: 756.1787s
	iters: 700, epoch: 1 | loss: 0.2974380
	speed: 0.0070s/iter; left time: 747.1164s
	iters: 800, epoch: 1 | loss: 0.2744383
	speed: 0.0071s/iter; left time: 753.8751s
	iters: 900, epoch: 1 | loss: 0.2656530
	speed: 0.0073s/iter; left time: 773.0100s
	iters: 1000, epoch: 1 | loss: 0.2774840
	speed: 0.0072s/iter; left time: 766.1121s
Epoch: 1 cost time: 8.048254251480103
Epoch: 1, Steps: 1067 | Train Loss: 0.2977297 Vali Loss: 0.3894708
Validation loss decreased (inf --> 0.389471).  Saving model ...
Updating learning rate to 0.0005
	iters: 100, epoch: 2 | loss: 0.3624184
	speed: 0.0235s/iter; left time: 2475.1646s
	iters: 200, epoch: 2 | loss: 0.3052094
	speed: 0.0073s/iter; left time: 773.8023s
	iters: 300, epoch: 2 | loss: 0.1998656
	speed: 0.0073s/iter; left time: 767.5625s
	iters: 400, epoch: 2 | loss: 0.1773596
	speed: 0.0075s/iter; left time: 790.1389s
	iters: 500, epoch: 2 | loss: 0.2508617
	speed: 0.0073s/iter; left time: 769.3669s
	iters: 600, epoch: 2 | loss: 0.2392596
	speed: 0.0073s/iter; left time: 762.9068s
	iters: 700, epoch: 2 | loss: 0.2132292
	speed: 0.0074s/iter; left time: 781.4500s
	iters: 800, epoch: 2 | loss: 0.2213273
	speed: 0.0074s/iter; left time: 775.8513s
	iters: 900, epoch: 2 | loss: 0.2680868
	speed: 0.0077s/iter; left time: 809.3104s
	iters: 1000, epoch: 2 | loss: 0.1940141
	speed: 0.0074s/iter; left time: 771.5672s
Epoch: 2 cost time: 7.896990537643433
Epoch: 2, Steps: 1067 | Train Loss: 0.2548732 Vali Loss: 0.3830931
Validation loss decreased (0.389471 --> 0.383093).  Saving model ...
Updating learning rate to 0.00025
	iters: 100, epoch: 3 | loss: 0.2440584
	speed: 0.0241s/iter; left time: 2517.8862s
	iters: 200, epoch: 3 | loss: 0.2243130
	speed: 0.0073s/iter; left time: 759.1694s
	iters: 300, epoch: 3 | loss: 0.1989846
	speed: 0.0075s/iter; left time: 776.9593s
	iters: 400, epoch: 3 | loss: 0.2859863
	speed: 0.0081s/iter; left time: 843.7539s
	iters: 500, epoch: 3 | loss: 0.2720650
	speed: 0.0080s/iter; left time: 832.7263s
	iters: 600, epoch: 3 | loss: 0.2183233
	speed: 0.0074s/iter; left time: 770.3567s
	iters: 700, epoch: 3 | loss: 0.2380266
	speed: 0.0079s/iter; left time: 815.9358s
	iters: 800, epoch: 3 | loss: 0.2412759
	speed: 0.0074s/iter; left time: 768.0769s
	iters: 900, epoch: 3 | loss: 0.2672739
	speed: 0.0076s/iter; left time: 789.3536s
	iters: 1000, epoch: 3 | loss: 0.2135743
	speed: 0.0072s/iter; left time: 741.8569s
Epoch: 3 cost time: 8.078194856643677
Epoch: 3, Steps: 1067 | Train Loss: 0.2416969 Vali Loss: 0.3717593
Validation loss decreased (0.383093 --> 0.371759).  Saving model ...
Updating learning rate to 0.000125
	iters: 100, epoch: 4 | loss: 0.2044604
	speed: 0.0238s/iter; left time: 2456.7240s
	iters: 200, epoch: 4 | loss: 0.2687305
	speed: 0.0076s/iter; left time: 781.4638s
	iters: 300, epoch: 4 | loss: 0.2415214
	speed: 0.0074s/iter; left time: 758.8366s
	iters: 400, epoch: 4 | loss: 0.2608322
	speed: 0.0072s/iter; left time: 746.5617s
	iters: 500, epoch: 4 | loss: 0.1972129
	speed: 0.0072s/iter; left time: 740.5151s
	iters: 600, epoch: 4 | loss: 0.1915488
	speed: 0.0073s/iter; left time: 751.3317s
	iters: 700, epoch: 4 | loss: 0.2912701
	speed: 0.0073s/iter; left time: 749.1800s
	iters: 800, epoch: 4 | loss: 0.2237194
	speed: 0.0071s/iter; left time: 730.5682s
	iters: 900, epoch: 4 | loss: 0.2268399
	speed: 0.0074s/iter; left time: 758.1838s
	iters: 1000, epoch: 4 | loss: 0.2817519
	speed: 0.0073s/iter; left time: 748.3353s
Epoch: 4 cost time: 7.8199074268341064
Epoch: 4, Steps: 1067 | Train Loss: 0.2357047 Vali Loss: 0.3686452
Validation loss decreased (0.371759 --> 0.368645).  Saving model ...
Updating learning rate to 6.25e-05
	iters: 100, epoch: 5 | loss: 0.1843382
	speed: 0.0235s/iter; left time: 2399.7182s
	iters: 200, epoch: 5 | loss: 0.2724571
	speed: 0.0077s/iter; left time: 787.5122s
	iters: 300, epoch: 5 | loss: 0.1719589
	speed: 0.0074s/iter; left time: 753.6864s
	iters: 400, epoch: 5 | loss: 0.2175404
	speed: 0.0077s/iter; left time: 786.7415s
	iters: 500, epoch: 5 | loss: 0.2368587
	speed: 0.0074s/iter; left time: 757.3024s
	iters: 600, epoch: 5 | loss: 0.2878521
	speed: 0.0072s/iter; left time: 735.2548s
	iters: 700, epoch: 5 | loss: 0.2135223
	speed: 0.0073s/iter; left time: 742.2924s
	iters: 800, epoch: 5 | loss: 0.2626335
	speed: 0.0073s/iter; left time: 741.7498s
	iters: 900, epoch: 5 | loss: 0.2741231
	speed: 0.0071s/iter; left time: 719.6369s
	iters: 1000, epoch: 5 | loss: 0.2313719
	speed: 0.0072s/iter; left time: 730.7413s
Epoch: 5 cost time: 7.853572607040405
Epoch: 5, Steps: 1067 | Train Loss: 0.2328587 Vali Loss: 0.3649320
Validation loss decreased (0.368645 --> 0.364932).  Saving model ...
Updating learning rate to 3.125e-05
	iters: 100, epoch: 6 | loss: 0.2430339
	speed: 0.0241s/iter; left time: 2436.5646s
	iters: 200, epoch: 6 | loss: 0.2357885
	speed: 0.0072s/iter; left time: 728.7840s
	iters: 300, epoch: 6 | loss: 0.2482895
	speed: 0.0073s/iter; left time: 733.8619s
	iters: 400, epoch: 6 | loss: 0.2618600
	speed: 0.0073s/iter; left time: 732.8741s
	iters: 500, epoch: 6 | loss: 0.1991640
	speed: 0.0075s/iter; left time: 752.5066s
	iters: 600, epoch: 6 | loss: 0.2119556
	speed: 0.0072s/iter; left time: 730.4287s
	iters: 700, epoch: 6 | loss: 0.2372144
	speed: 0.0074s/iter; left time: 747.2015s
	iters: 800, epoch: 6 | loss: 0.2471340
	speed: 0.0074s/iter; left time: 740.7616s
	iters: 900, epoch: 6 | loss: 0.2296154
	speed: 0.0073s/iter; left time: 728.9406s
	iters: 1000, epoch: 6 | loss: 0.2322781
	speed: 0.0072s/iter; left time: 721.7604s
Epoch: 6 cost time: 7.817853689193726
Epoch: 6, Steps: 1067 | Train Loss: 0.2312888 Vali Loss: 0.3641563
Validation loss decreased (0.364932 --> 0.364156).  Saving model ...
Updating learning rate to 1.5625e-05
	iters: 100, epoch: 7 | loss: 0.2470419
	speed: 0.0235s/iter; left time: 2353.6590s
	iters: 200, epoch: 7 | loss: 0.2511422
	speed: 0.0076s/iter; left time: 756.6513s
	iters: 300, epoch: 7 | loss: 0.2222194
	speed: 0.0076s/iter; left time: 760.1626s
	iters: 400, epoch: 7 | loss: 0.1863068
	speed: 0.0078s/iter; left time: 782.7551s
	iters: 500, epoch: 7 | loss: 0.2401541
	speed: 0.0075s/iter; left time: 753.2834s
	iters: 600, epoch: 7 | loss: 0.2225869
	speed: 0.0076s/iter; left time: 761.8322s
	iters: 700, epoch: 7 | loss: 0.2644148
	speed: 0.0072s/iter; left time: 712.2038s
	iters: 800, epoch: 7 | loss: 0.2722426
	speed: 0.0074s/iter; left time: 736.6164s
	iters: 900, epoch: 7 | loss: 0.2524745
	speed: 0.0073s/iter; left time: 726.1263s
	iters: 1000, epoch: 7 | loss: 0.2203598
	speed: 0.0081s/iter; left time: 808.3361s
Epoch: 7 cost time: 8.064047574996948
Epoch: 7, Steps: 1067 | Train Loss: 0.2304364 Vali Loss: 0.3665732
EarlyStopping counter: 1 out of 6
Updating learning rate to 7.8125e-06
	iters: 100, epoch: 8 | loss: 0.2589263
	speed: 0.0227s/iter; left time: 2252.7412s
	iters: 200, epoch: 8 | loss: 0.2248625
	speed: 0.0072s/iter; left time: 715.2825s
	iters: 300, epoch: 8 | loss: 0.1713981
	speed: 0.0077s/iter; left time: 760.1340s
	iters: 400, epoch: 8 | loss: 0.2196810
	speed: 0.0075s/iter; left time: 737.4239s
	iters: 500, epoch: 8 | loss: 0.2021805
	speed: 0.0071s/iter; left time: 700.6387s
	iters: 600, epoch: 8 | loss: 0.2529108
	speed: 0.0070s/iter; left time: 693.3191s
	iters: 700, epoch: 8 | loss: 0.2276776
	speed: 0.0073s/iter; left time: 715.7418s
	iters: 800, epoch: 8 | loss: 0.1984972
	speed: 0.0075s/iter; left time: 733.3450s
	iters: 900, epoch: 8 | loss: 0.2218842
	speed: 0.0073s/iter; left time: 718.8146s
	iters: 1000, epoch: 8 | loss: 0.2070561
	speed: 0.0073s/iter; left time: 720.7802s
Epoch: 8 cost time: 7.785778999328613
Epoch: 8, Steps: 1067 | Train Loss: 0.2300241 Vali Loss: 0.3647410
EarlyStopping counter: 2 out of 6
Updating learning rate to 3.90625e-06
	iters: 100, epoch: 9 | loss: 0.2426246
	speed: 0.0235s/iter; left time: 2307.7701s
	iters: 200, epoch: 9 | loss: 0.2112681
	speed: 0.0072s/iter; left time: 707.8666s
	iters: 300, epoch: 9 | loss: 0.2088757
	speed: 0.0075s/iter; left time: 731.1110s
	iters: 400, epoch: 9 | loss: 0.2748607
	speed: 0.0075s/iter; left time: 735.7866s
	iters: 500, epoch: 9 | loss: 0.1977291
	speed: 0.0069s/iter; left time: 676.4769s
	iters: 600, epoch: 9 | loss: 0.1988782
	speed: 0.0074s/iter; left time: 717.9426s
	iters: 700, epoch: 9 | loss: 0.2192646
	speed: 0.0071s/iter; left time: 693.5963s
	iters: 800, epoch: 9 | loss: 0.2304265
	speed: 0.0077s/iter; left time: 745.2091s
	iters: 900, epoch: 9 | loss: 0.2187688
	speed: 0.0076s/iter; left time: 736.0495s
	iters: 1000, epoch: 9 | loss: 0.3138658
	speed: 0.0072s/iter; left time: 699.4884s
Epoch: 9 cost time: 7.839437246322632
Epoch: 9, Steps: 1067 | Train Loss: 0.2297205 Vali Loss: 0.3643792
EarlyStopping counter: 3 out of 6
Updating learning rate to 1.953125e-06
	iters: 100, epoch: 10 | loss: 0.2196853
	speed: 0.0228s/iter; left time: 2211.0072s
	iters: 200, epoch: 10 | loss: 0.2268972
	speed: 0.0074s/iter; left time: 714.8401s
	iters: 300, epoch: 10 | loss: 0.2346376
	speed: 0.0074s/iter; left time: 716.7578s
	iters: 400, epoch: 10 | loss: 0.2802679
	speed: 0.0072s/iter; left time: 700.0520s
	iters: 500, epoch: 10 | loss: 0.1856981
	speed: 0.0073s/iter; left time: 700.9835s
	iters: 600, epoch: 10 | loss: 0.2056919
	speed: 0.0072s/iter; left time: 691.4793s
	iters: 700, epoch: 10 | loss: 0.2460085
	speed: 0.0072s/iter; left time: 695.6958s
	iters: 800, epoch: 10 | loss: 0.2168163
	speed: 0.0072s/iter; left time: 688.5634s
	iters: 900, epoch: 10 | loss: 0.2088567
	speed: 0.0071s/iter; left time: 683.7411s
	iters: 1000, epoch: 10 | loss: 0.3185450
	speed: 0.0073s/iter; left time: 702.2232s
Epoch: 10 cost time: 7.726984739303589
Epoch: 10, Steps: 1067 | Train Loss: 0.2296929 Vali Loss: 0.3648473
EarlyStopping counter: 4 out of 6
Updating learning rate to 9.765625e-07
	iters: 100, epoch: 11 | loss: 0.2294974
	speed: 0.0241s/iter; left time: 2308.4877s
	iters: 200, epoch: 11 | loss: 0.2518572
	speed: 0.0074s/iter; left time: 708.2012s
	iters: 300, epoch: 11 | loss: 0.2377515
	speed: 0.0073s/iter; left time: 699.4384s
	iters: 400, epoch: 11 | loss: 0.2281801
	speed: 0.0075s/iter; left time: 714.6873s
	iters: 500, epoch: 11 | loss: 0.2519255
	speed: 0.0072s/iter; left time: 689.8556s
	iters: 600, epoch: 11 | loss: 0.2196615
	speed: 0.0070s/iter; left time: 671.7009s
	iters: 700, epoch: 11 | loss: 0.2296183
	speed: 0.0071s/iter; left time: 675.9358s
	iters: 800, epoch: 11 | loss: 0.2344543
	speed: 0.0074s/iter; left time: 705.6355s
	iters: 900, epoch: 11 | loss: 0.2354558
	speed: 0.0071s/iter; left time: 679.7620s
	iters: 1000, epoch: 11 | loss: 0.2311174
	speed: 0.0074s/iter; left time: 705.7598s
Epoch: 11 cost time: 7.7662012577056885
Epoch: 11, Steps: 1067 | Train Loss: 0.2296087 Vali Loss: 0.3647295
EarlyStopping counter: 5 out of 6
Updating learning rate to 4.8828125e-07
	iters: 100, epoch: 12 | loss: 0.2124964
	speed: 0.0230s/iter; left time: 2178.4443s
	iters: 200, epoch: 12 | loss: 0.2326530
	speed: 0.0072s/iter; left time: 685.0202s
	iters: 300, epoch: 12 | loss: 0.2062574
	speed: 0.0073s/iter; left time: 692.5278s
	iters: 400, epoch: 12 | loss: 0.2014193
	speed: 0.0072s/iter; left time: 680.7472s
	iters: 500, epoch: 12 | loss: 0.2183955
	speed: 0.0072s/iter; left time: 675.9112s
	iters: 600, epoch: 12 | loss: 0.1871196
	speed: 0.0073s/iter; left time: 687.4756s
	iters: 700, epoch: 12 | loss: 0.2279473
	speed: 0.0071s/iter; left time: 670.9730s
	iters: 800, epoch: 12 | loss: 0.1753966
	speed: 0.0072s/iter; left time: 673.7566s
	iters: 900, epoch: 12 | loss: 0.1957036
	speed: 0.0070s/iter; left time: 657.6432s
	iters: 1000, epoch: 12 | loss: 0.2081936
	speed: 0.0074s/iter; left time: 692.0292s
Epoch: 12 cost time: 7.6969828605651855
Epoch: 12, Steps: 1067 | Train Loss: 0.2296623 Vali Loss: 0.3646915
EarlyStopping counter: 6 out of 6
Early stopping
VALIDATION_RESULT {"best_epoch": 6, "best_mae": 0.4008839258243855, "best_mse": 0.3641562752476754, "epochs_ran": 12, "metric_version": "element_weighted_v1", "train_duration_seconds": 108.99235100392252, "train_peak_cuda_memory_bytes": 356508160}
>>>>>>>test skipped (validation-only run)<<<<<<<<<<<<<<<<<<<<<<<<
>>>>>>>evaluating validation checkpoint : long_term_forecast_trps_smoke_timerole_ettm1_p96_s2021_r1_TimeRole_ETTm1_ftM_sl336_ll48_pl96_dm64_nh8_el1_dl1_df128_expand2_dc2_fc1_ebtimeF_dtTrue_trps_smoke_timerole_ettm1_p96_s2021_r1_0<<<<<<<<<<<<<<<<<<<<<<<<<<<<<<<<<
val 11425
EVALUATION_RESULT {"batches": 358, "elapsed_seconds": 1.1463601649738848, "elements": 7677600, "gate_abs_mean": 0.1840549260377884, "gate_max": 0.24117474257946014, "gate_mean": 0.1840549260377884, "gate_min": 0.12862248718738556, "gate_values": [0.21953608095645905, 0.1531827747821808, 0.2213287055492401, 0.16238850355148315, 0.24117474257946014, 0.12862248718738556, 0.16215114295482635], "mae": 0.4008839258243855, "memory_correction_mae": 0.19590684044394652, "memory_correction_rms": 0.302319985755736, "metric_version": "element_weighted_v1", "milliseconds_per_batch": 3.2021233658488404, "mse": 0.3641562752476754, "parameter_count": 699533, "peak_cuda_memory_bytes": 133745152, "split": "val", "test_accessed": false, "timerole_intervention": "intact"}
