Using GPU
[MONITOR RESOURCE_ALERT] rss=426385408 initial=8192
Args in experiment:
[1mBasic Config[0m
  Task Name:          long_term_forecast  Is Training:        1                   
  Model ID:           trps_smoke_timerole_ettm1_p96_s2021_r2Model:              TimeRole            

[1mData Loader[0m
  Data:               ETTm1               Root Path:          /home/cwh/Time-Series-Library/dataset/ETT-small
  Data Path:          ETTm1.csv           Features:           M                   
  Target:             OT                  Freq:               t                   
  Checkpoints:        /home/cwh/Time-Series-Library/logs/timerole_recent_simplification/checkpoints

[1mForecasting Task[0m
  Seq Len:            336                 Label Len:          48                  
  Pred Len:           96                  Seasonal Patterns:  Monthly             
  Inverse:            0                   

[1mModel Parameters[0m
  Top k:              5                   Num Kernels:        6                   
  Enc In:             7                   Dec In:             7                   
  C Out:              7                   d model:            64                  
  n heads:            8                   e layers:           1                   
  d layers:           1                   d FF:               128                 
  Moving Avg:         25                  Factor:             1                   
  Distil:             1                   Dropout:            0.1                 
  Embed:              timeF               Activation:         gelu                

[1mRun Parameters[0m
  Num Workers:        0                   Itr:                1                   
  Train Epochs:       100                 Batch Size:         32                  
  Patience:           6                   Learning Rate:      0.0005              
  Des:                trps_smoke_timerole_ettm1_p96_s2021_r2Loss:               MSE                 
  Lradj:              type1               Use Amp:            0                   

[1mGPU[0m
  Use GPU:            1                   GPU:                0                   
  Use Multi GPU:      0                   Devices:            0,1,2,3             

[1mDe-stationary Projector Params[0m
  P Hidden Dims:      128, 128            P Hidden Layers:    2                   

Use GPU: cuda:0
🚀 Lazy Loading: TimeRole ...
[GraphMamba] Building 7x7 static graph from 2000 training samples
>>>>>>>start training : long_term_forecast_trps_smoke_timerole_ettm1_p96_s2021_r2_TimeRole_ETTm1_ftM_sl336_ll48_pl96_dm64_nh8_el1_dl1_df128_expand2_dc2_fc1_ebtimeF_dtTrue_trps_smoke_timerole_ettm1_p96_s2021_r2_0>>>>>>>>>>>>>>>>>>>>>>>>>>
train 34129
val 11425
	iters: 100, epoch: 1 | loss: 0.3246873
	speed: 0.0092s/iter; left time: 982.3068s
	iters: 200, epoch: 1 | loss: 0.3072037
	speed: 0.0070s/iter; left time: 749.3054s
	iters: 300, epoch: 1 | loss: 0.2750986
	speed: 0.0070s/iter; left time: 745.6744s
	iters: 400, epoch: 1 | loss: 0.3401401
	speed: 0.0069s/iter; left time: 731.3835s
	iters: 500, epoch: 1 | loss: 0.2397863
	speed: 0.0074s/iter; left time: 786.5110s
	iters: 600, epoch: 1 | loss: 0.2328626
	speed: 0.0071s/iter; left time: 756.8278s
	iters: 700, epoch: 1 | loss: 0.2899474
	speed: 0.0069s/iter; left time: 728.1695s
	iters: 800, epoch: 1 | loss: 0.2789100
	speed: 0.0067s/iter; left time: 710.1791s
	iters: 900, epoch: 1 | loss: 0.2630200
	speed: 0.0068s/iter; left time: 718.2310s
	iters: 1000, epoch: 1 | loss: 0.2701251
	speed: 0.0070s/iter; left time: 742.0549s
Epoch: 1 cost time: 7.706716060638428
Epoch: 1, Steps: 1067 | Train Loss: 0.2919297 Vali Loss: 0.3821658
Validation loss decreased (inf --> 0.382166).  Saving model ...
Updating learning rate to 0.0005
	iters: 100, epoch: 2 | loss: 0.3589709
	speed: 0.0221s/iter; left time: 2337.1764s
	iters: 200, epoch: 2 | loss: 0.3019733
	speed: 0.0071s/iter; left time: 751.8900s
	iters: 300, epoch: 2 | loss: 0.2019811
	speed: 0.0069s/iter; left time: 729.5169s
	iters: 400, epoch: 2 | loss: 0.1776888
	speed: 0.0069s/iter; left time: 724.6035s
	iters: 500, epoch: 2 | loss: 0.2526334
	speed: 0.0075s/iter; left time: 787.3911s
	iters: 600, epoch: 2 | loss: 0.2400205
	speed: 0.0069s/iter; left time: 727.8256s
	iters: 700, epoch: 2 | loss: 0.2117033
	speed: 0.0076s/iter; left time: 793.8337s
	iters: 800, epoch: 2 | loss: 0.2140497
	speed: 0.0074s/iter; left time: 780.8980s
	iters: 900, epoch: 2 | loss: 0.2500806
	speed: 0.0074s/iter; left time: 777.3359s
	iters: 1000, epoch: 2 | loss: 0.2010664
	speed: 0.0076s/iter; left time: 794.1629s
Epoch: 2 cost time: 7.728047609329224
Epoch: 2, Steps: 1067 | Train Loss: 0.2522100 Vali Loss: 0.3869741
EarlyStopping counter: 1 out of 6
Updating learning rate to 0.00025
	iters: 100, epoch: 3 | loss: 0.2405076
	speed: 0.0239s/iter; left time: 2499.4648s
	iters: 200, epoch: 3 | loss: 0.2286699
	speed: 0.0072s/iter; left time: 746.5213s
	iters: 300, epoch: 3 | loss: 0.2002632
	speed: 0.0071s/iter; left time: 735.8131s
	iters: 400, epoch: 3 | loss: 0.2763053
	speed: 0.0076s/iter; left time: 794.6070s
	iters: 500, epoch: 3 | loss: 0.2684617
	speed: 0.0074s/iter; left time: 773.2226s
	iters: 600, epoch: 3 | loss: 0.2167581
	speed: 0.0075s/iter; left time: 778.3123s
	iters: 700, epoch: 3 | loss: 0.2418707
	speed: 0.0082s/iter; left time: 856.5269s
	iters: 800, epoch: 3 | loss: 0.2481330
	speed: 0.0070s/iter; left time: 726.6550s
	iters: 900, epoch: 3 | loss: 0.2682275
	speed: 0.0068s/iter; left time: 707.9145s
	iters: 1000, epoch: 3 | loss: 0.2100774
	speed: 0.0073s/iter; left time: 758.1162s
Epoch: 3 cost time: 7.85764217376709
Epoch: 3, Steps: 1067 | Train Loss: 0.2397509 Vali Loss: 0.3750158
Validation loss decreased (0.382166 --> 0.375016).  Saving model ...
Updating learning rate to 0.000125
	iters: 100, epoch: 4 | loss: 0.2043704
	speed: 0.0226s/iter; left time: 2337.1040s
	iters: 200, epoch: 4 | loss: 0.2708079
	speed: 0.0071s/iter; left time: 737.0729s
	iters: 300, epoch: 4 | loss: 0.2428252
	speed: 0.0076s/iter; left time: 781.0166s
	iters: 400, epoch: 4 | loss: 0.2573303
	speed: 0.0074s/iter; left time: 766.5065s
	iters: 500, epoch: 4 | loss: 0.1913021
	speed: 0.0074s/iter; left time: 760.6853s
	iters: 600, epoch: 4 | loss: 0.1957327
	speed: 0.0072s/iter; left time: 736.1108s
	iters: 700, epoch: 4 | loss: 0.2731570
	speed: 0.0071s/iter; left time: 734.0577s
	iters: 800, epoch: 4 | loss: 0.2247549
	speed: 0.0074s/iter; left time: 759.0571s
	iters: 900, epoch: 4 | loss: 0.2229976
	speed: 0.0075s/iter; left time: 769.0127s
	iters: 1000, epoch: 4 | loss: 0.2739537
	speed: 0.0071s/iter; left time: 732.7170s
Epoch: 4 cost time: 7.787378311157227
Epoch: 4, Steps: 1067 | Train Loss: 0.2341590 Vali Loss: 0.3719865
Validation loss decreased (0.375016 --> 0.371987).  Saving model ...
Updating learning rate to 6.25e-05
	iters: 100, epoch: 5 | loss: 0.1768646
	speed: 0.0231s/iter; left time: 2368.8829s
	iters: 200, epoch: 5 | loss: 0.2735588
	speed: 0.0074s/iter; left time: 755.6026s
	iters: 300, epoch: 5 | loss: 0.1744001
	speed: 0.0076s/iter; left time: 778.9975s
	iters: 400, epoch: 5 | loss: 0.2158324
	speed: 0.0077s/iter; left time: 785.5171s
	iters: 500, epoch: 5 | loss: 0.2354138
	speed: 0.0076s/iter; left time: 773.8409s
	iters: 600, epoch: 5 | loss: 0.2876411
	speed: 0.0074s/iter; left time: 749.2826s
	iters: 700, epoch: 5 | loss: 0.2079051
	speed: 0.0074s/iter; left time: 750.7984s
	iters: 800, epoch: 5 | loss: 0.2556913
	speed: 0.0075s/iter; left time: 766.5895s
	iters: 900, epoch: 5 | loss: 0.2713369
	speed: 0.0073s/iter; left time: 739.7898s
	iters: 1000, epoch: 5 | loss: 0.2278048
	speed: 0.0074s/iter; left time: 747.0398s
Epoch: 5 cost time: 7.929147720336914
Epoch: 5, Steps: 1067 | Train Loss: 0.2314671 Vali Loss: 0.3701936
Validation loss decreased (0.371987 --> 0.370194).  Saving model ...
Updating learning rate to 3.125e-05
	iters: 100, epoch: 6 | loss: 0.2452464
	speed: 0.0224s/iter; left time: 2263.7332s
	iters: 200, epoch: 6 | loss: 0.2335468
	speed: 0.0074s/iter; left time: 751.5269s
	iters: 300, epoch: 6 | loss: 0.2435287
	speed: 0.0073s/iter; left time: 741.9083s
	iters: 400, epoch: 6 | loss: 0.2556713
	speed: 0.0073s/iter; left time: 740.4821s
	iters: 500, epoch: 6 | loss: 0.1966428
	speed: 0.0072s/iter; left time: 728.6367s
	iters: 600, epoch: 6 | loss: 0.2100768
	speed: 0.0070s/iter; left time: 706.2685s
	iters: 700, epoch: 6 | loss: 0.2304206
	speed: 0.0071s/iter; left time: 718.9482s
	iters: 800, epoch: 6 | loss: 0.2524852
	speed: 0.0077s/iter; left time: 773.7307s
	iters: 900, epoch: 6 | loss: 0.2325956
	speed: 0.0073s/iter; left time: 737.4472s
	iters: 1000, epoch: 6 | loss: 0.2264089
	speed: 0.0071s/iter; left time: 715.2423s
Epoch: 6 cost time: 7.749980926513672
Epoch: 6, Steps: 1067 | Train Loss: 0.2298937 Vali Loss: 0.3695948
Validation loss decreased (0.370194 --> 0.369595).  Saving model ...
Updating learning rate to 1.5625e-05
	iters: 100, epoch: 7 | loss: 0.2447502
	speed: 0.0242s/iter; left time: 2429.2158s
	iters: 200, epoch: 7 | loss: 0.2485088
	speed: 0.0069s/iter; left time: 691.4609s
	iters: 300, epoch: 7 | loss: 0.2222985
	speed: 0.0074s/iter; left time: 735.2980s
	iters: 400, epoch: 7 | loss: 0.1844405
	speed: 0.0069s/iter; left time: 685.9029s
	iters: 500, epoch: 7 | loss: 0.2430700
	speed: 0.0068s/iter; left time: 678.0068s
	iters: 600, epoch: 7 | loss: 0.2188107
	speed: 0.0071s/iter; left time: 710.2580s
	iters: 700, epoch: 7 | loss: 0.2722273
	speed: 0.0069s/iter; left time: 685.9425s
	iters: 800, epoch: 7 | loss: 0.2684856
	speed: 0.0070s/iter; left time: 697.1279s
	iters: 900, epoch: 7 | loss: 0.2552447
	speed: 0.0071s/iter; left time: 706.4486s
	iters: 1000, epoch: 7 | loss: 0.2284568
	speed: 0.0069s/iter; left time: 688.1476s
Epoch: 7 cost time: 7.5384087562561035
Epoch: 7, Steps: 1067 | Train Loss: 0.2291917 Vali Loss: 0.3721596
EarlyStopping counter: 1 out of 6
Updating learning rate to 7.8125e-06
	iters: 100, epoch: 8 | loss: 0.2545652
	speed: 0.0236s/iter; left time: 2341.5794s
	iters: 200, epoch: 8 | loss: 0.2206078
	speed: 0.0071s/iter; left time: 705.7474s
	iters: 300, epoch: 8 | loss: 0.1737133
	speed: 0.0070s/iter; left time: 695.9397s
	iters: 400, epoch: 8 | loss: 0.2135163
	speed: 0.0072s/iter; left time: 715.3248s
	iters: 500, epoch: 8 | loss: 0.1912292
	speed: 0.0071s/iter; left time: 699.8607s
	iters: 600, epoch: 8 | loss: 0.2504630
	speed: 0.0070s/iter; left time: 691.3936s
	iters: 700, epoch: 8 | loss: 0.2218449
	speed: 0.0074s/iter; left time: 729.2923s
	iters: 800, epoch: 8 | loss: 0.1896297
	speed: 0.0070s/iter; left time: 693.6763s
	iters: 900, epoch: 8 | loss: 0.2167401
	speed: 0.0072s/iter; left time: 710.0387s
	iters: 1000, epoch: 8 | loss: 0.2076259
	speed: 0.0072s/iter; left time: 704.8895s
Epoch: 8 cost time: 7.654607534408569
Epoch: 8, Steps: 1067 | Train Loss: 0.2287491 Vali Loss: 0.3699410
EarlyStopping counter: 2 out of 6
Updating learning rate to 3.90625e-06
	iters: 100, epoch: 9 | loss: 0.2307800
	speed: 0.0230s/iter; left time: 2259.1718s
	iters: 200, epoch: 9 | loss: 0.2084558
	speed: 0.0074s/iter; left time: 720.9384s
	iters: 300, epoch: 9 | loss: 0.2113786
	speed: 0.0071s/iter; left time: 699.1593s
	iters: 400, epoch: 9 | loss: 0.2729710
	speed: 0.0073s/iter; left time: 715.7287s
	iters: 500, epoch: 9 | loss: 0.1977934
	speed: 0.0073s/iter; left time: 710.9450s
	iters: 600, epoch: 9 | loss: 0.1945799
	speed: 0.0072s/iter; left time: 705.7660s
	iters: 700, epoch: 9 | loss: 0.2174848
	speed: 0.0072s/iter; left time: 706.2503s
	iters: 800, epoch: 9 | loss: 0.2246675
	speed: 0.0070s/iter; left time: 684.7940s
	iters: 900, epoch: 9 | loss: 0.2185714
	speed: 0.0073s/iter; left time: 706.2673s
	iters: 1000, epoch: 9 | loss: 0.3162538
	speed: 0.0071s/iter; left time: 689.1812s
Epoch: 9 cost time: 7.693397521972656
Epoch: 9, Steps: 1067 | Train Loss: 0.2286149 Vali Loss: 0.3696524
EarlyStopping counter: 3 out of 6
Updating learning rate to 1.953125e-06
	iters: 100, epoch: 10 | loss: 0.2204742
	speed: 0.0228s/iter; left time: 2207.4835s
	iters: 200, epoch: 10 | loss: 0.2263984
	speed: 0.0072s/iter; left time: 693.3799s
	iters: 300, epoch: 10 | loss: 0.2463534
	speed: 0.0070s/iter; left time: 676.5881s
	iters: 400, epoch: 10 | loss: 0.2736826
	speed: 0.0071s/iter; left time: 685.9737s
	iters: 500, epoch: 10 | loss: 0.1892503
	speed: 0.0073s/iter; left time: 703.2331s
	iters: 600, epoch: 10 | loss: 0.1987581
	speed: 0.0074s/iter; left time: 716.1022s
	iters: 700, epoch: 10 | loss: 0.2530810
	speed: 0.0072s/iter; left time: 696.4897s
	iters: 800, epoch: 10 | loss: 0.2148004
	speed: 0.0071s/iter; left time: 687.3427s
	iters: 900, epoch: 10 | loss: 0.2032593
	speed: 0.0072s/iter; left time: 695.7536s
	iters: 1000, epoch: 10 | loss: 0.3210019
	speed: 0.0070s/iter; left time: 671.8479s
Epoch: 10 cost time: 7.6544189453125
Epoch: 10, Steps: 1067 | Train Loss: 0.2284202 Vali Loss: 0.3698739
EarlyStopping counter: 4 out of 6
Updating learning rate to 9.765625e-07
	iters: 100, epoch: 11 | loss: 0.2375578
	speed: 0.0234s/iter; left time: 2242.6793s
	iters: 200, epoch: 11 | loss: 0.2489565
	speed: 0.0068s/iter; left time: 650.2366s
	iters: 300, epoch: 11 | loss: 0.2285056
	speed: 0.0071s/iter; left time: 681.4864s
	iters: 400, epoch: 11 | loss: 0.2260801
	speed: 0.0071s/iter; left time: 678.3752s
	iters: 500, epoch: 11 | loss: 0.2581554
	speed: 0.0072s/iter; left time: 691.4413s
	iters: 600, epoch: 11 | loss: 0.2162391
	speed: 0.0073s/iter; left time: 699.4522s
	iters: 700, epoch: 11 | loss: 0.2360964
	speed: 0.0070s/iter; left time: 665.2458s
	iters: 800, epoch: 11 | loss: 0.2278986
	speed: 0.0068s/iter; left time: 649.8618s
	iters: 900, epoch: 11 | loss: 0.2321370
	speed: 0.0071s/iter; left time: 671.6903s
	iters: 1000, epoch: 11 | loss: 0.2320133
	speed: 0.0075s/iter; left time: 711.8452s
Epoch: 11 cost time: 7.571608304977417
Epoch: 11, Steps: 1067 | Train Loss: 0.2284862 Vali Loss: 0.3699077
EarlyStopping counter: 5 out of 6
Updating learning rate to 4.8828125e-07
	iters: 100, epoch: 12 | loss: 0.2137835
	speed: 0.0230s/iter; left time: 2186.4085s
	iters: 200, epoch: 12 | loss: 0.2219463
	speed: 0.0072s/iter; left time: 679.0388s
	iters: 300, epoch: 12 | loss: 0.2012768
	speed: 0.0071s/iter; left time: 671.0162s
	iters: 400, epoch: 12 | loss: 0.1999649
	speed: 0.0072s/iter; left time: 677.8532s
	iters: 500, epoch: 12 | loss: 0.2163596
	speed: 0.0073s/iter; left time: 686.7524s
	iters: 600, epoch: 12 | loss: 0.1871846
	speed: 0.0071s/iter; left time: 668.8008s
	iters: 700, epoch: 12 | loss: 0.2194251
	speed: 0.0071s/iter; left time: 672.5033s
	iters: 800, epoch: 12 | loss: 0.1680871
	speed: 0.0072s/iter; left time: 678.6359s
	iters: 900, epoch: 12 | loss: 0.1927141
	speed: 0.0072s/iter; left time: 678.6999s
	iters: 1000, epoch: 12 | loss: 0.2082775
	speed: 0.0070s/iter; left time: 658.1766s
Epoch: 12 cost time: 7.6296093463897705
Epoch: 12, Steps: 1067 | Train Loss: 0.2284766 Vali Loss: 0.3698835
EarlyStopping counter: 6 out of 6
Early stopping
VALIDATION_RESULT {"best_epoch": 6, "best_mae": 0.4031788792261869, "best_mse": 0.3695948234692059, "epochs_ran": 12, "metric_version": "element_weighted_v1", "train_duration_seconds": 106.96201857877895, "train_peak_cuda_memory_bytes": 195919872}
>>>>>>>test skipped (validation-only run)<<<<<<<<<<<<<<<<<<<<<<<<
>>>>>>>evaluating validation checkpoint : long_term_forecast_trps_smoke_timerole_ettm1_p96_s2021_r2_TimeRole_ETTm1_ftM_sl336_ll48_pl96_dm64_nh8_el1_dl1_df128_expand2_dc2_fc1_ebtimeF_dtTrue_trps_smoke_timerole_ettm1_p96_s2021_r2_0<<<<<<<<<<<<<<<<<<<<<<<<<<<<<<<<<
val 11425
EVALUATION_RESULT {"batches": 358, "elapsed_seconds": 1.0997135238721967, "elements": 7677600, "gate_abs_mean": 0.18007969856262207, "gate_max": -0.11718432605266571, "gate_mean": -0.18007969856262207, "gate_min": -0.22816982865333557, "gate_values": [-0.21896900236606598, -0.15751402080059052, -0.21812397241592407, -0.15672644972801208, -0.22816982865333557, -0.11718432605266571, -0.16387023031711578], "mae": 0.4031788792261869, "memory_correction_mae": 0.19957884965594316, "memory_correction_rms": 0.3090297448837835, "metric_version": "element_weighted_v1", "milliseconds_per_batch": 3.071825485676527, "mse": 0.3695948234692059, "parameter_count": 404749, "peak_cuda_memory_bytes": 80711168, "split": "val", "test_accessed": false, "timerole_intervention": "intact"}
