Using GPU
[MONITOR RESOURCE_ALERT] rss=436797440 initial=8192
Args in experiment:
[1mBasic Config[0m
  Task Name:          long_term_forecast  Is Training:        1                   
  Model ID:           trps_smoke_timerole_ettm1_p96_s2021_r3Model:              TimeRole            

[1mData Loader[0m
  Data:               ETTm1               Root Path:          /home/cwh/Time-Series-Library/dataset/ETT-small
  Data Path:          ETTm1.csv           Features:           M                   
  Target:             OT                  Freq:               t                   
  Checkpoints:        /home/cwh/Time-Series-Library/logs/timerole_recent_simplification/checkpoints

[1mForecasting Task[0m
  Seq Len:            336                 Label Len:          48                  
  Pred Len:           96                  Seasonal Patterns:  Monthly             
  Inverse:            0                   

[1mModel Parameters[0m
  Top k:              5                   Num Kernels:        6                   
  Enc In:             7                   Dec In:             7                   
  C Out:              7                   d model:            64                  
  n heads:            8                   e layers:           1                   
  d layers:           1                   d FF:               128                 
  Moving Avg:         25                  Factor:             1                   
  Distil:             1                   Dropout:            0.1                 
  Embed:              timeF               Activation:         gelu                

[1mRun Parameters[0m
  Num Workers:        0                   Itr:                1                   
  Train Epochs:       100                 Batch Size:         32                  
  Patience:           6                   Learning Rate:      0.0005              
  Des:                trps_smoke_timerole_ettm1_p96_s2021_r3Loss:               MSE                 
  Lradj:              type1               Use Amp:            0                   

[1mGPU[0m
  Use GPU:            1                   GPU:                0                   
  Use Multi GPU:      0                   Devices:            0,1,2,3             

[1mDe-stationary Projector Params[0m
  P Hidden Dims:      128, 128            P Hidden Layers:    2                   

Use GPU: cuda:0
🚀 Lazy Loading: TimeRole ...
[GraphMamba] Building 7x7 static graph from 2000 training samples
>>>>>>>start training : long_term_forecast_trps_smoke_timerole_ettm1_p96_s2021_r3_TimeRole_ETTm1_ftM_sl336_ll48_pl96_dm64_nh8_el1_dl1_df128_expand2_dc2_fc1_ebtimeF_dtTrue_trps_smoke_timerole_ettm1_p96_s2021_r3_0>>>>>>>>>>>>>>>>>>>>>>>>>>
train 34129
val 11425
	iters: 100, epoch: 1 | loss: 0.3280730
	speed: 0.0077s/iter; left time: 816.3876s
	iters: 200, epoch: 1 | loss: 0.3183668
	speed: 0.0061s/iter; left time: 652.6088s
	iters: 300, epoch: 1 | loss: 0.2850665
	speed: 0.0063s/iter; left time: 668.6329s
	iters: 400, epoch: 1 | loss: 0.3430928
	speed: 0.0060s/iter; left time: 637.7000s
	iters: 500, epoch: 1 | loss: 0.2413710
	speed: 0.0060s/iter; left time: 632.3619s
	iters: 600, epoch: 1 | loss: 0.2389961
	speed: 0.0062s/iter; left time: 653.3977s
	iters: 700, epoch: 1 | loss: 0.2898711
	speed: 0.0071s/iter; left time: 748.1731s
	iters: 800, epoch: 1 | loss: 0.2711424
	speed: 0.0061s/iter; left time: 647.3395s
	iters: 900, epoch: 1 | loss: 0.2738031
	speed: 0.0062s/iter; left time: 656.7687s
	iters: 1000, epoch: 1 | loss: 0.2710229
	speed: 0.0063s/iter; left time: 668.0580s
Epoch: 1 cost time: 6.784036636352539
Epoch: 1, Steps: 1067 | Train Loss: 0.2988867 Vali Loss: 0.3871950
Validation loss decreased (inf --> 0.387195).  Saving model ...
Updating learning rate to 0.0005
	iters: 100, epoch: 2 | loss: 0.3547917
	speed: 0.0197s/iter; left time: 2081.7312s
	iters: 200, epoch: 2 | loss: 0.3001881
	speed: 0.0059s/iter; left time: 619.0395s
	iters: 300, epoch: 2 | loss: 0.1994347
	speed: 0.0059s/iter; left time: 625.0545s
	iters: 400, epoch: 2 | loss: 0.1755419
	speed: 0.0063s/iter; left time: 665.1757s
	iters: 500, epoch: 2 | loss: 0.2563016
	speed: 0.0061s/iter; left time: 646.2104s
	iters: 600, epoch: 2 | loss: 0.2370178
	speed: 0.0063s/iter; left time: 659.7838s
	iters: 700, epoch: 2 | loss: 0.2132491
	speed: 0.0061s/iter; left time: 637.7633s
	iters: 800, epoch: 2 | loss: 0.2234851
	speed: 0.0061s/iter; left time: 637.4937s
	iters: 900, epoch: 2 | loss: 0.2617132
	speed: 0.0062s/iter; left time: 648.1940s
	iters: 1000, epoch: 2 | loss: 0.1999892
	speed: 0.0059s/iter; left time: 621.5627s
Epoch: 2 cost time: 6.516226053237915
Epoch: 2, Steps: 1067 | Train Loss: 0.2555303 Vali Loss: 0.3881769
EarlyStopping counter: 1 out of 6
Updating learning rate to 0.00025
	iters: 100, epoch: 3 | loss: 0.2495825
	speed: 0.0197s/iter; left time: 2060.1031s
	iters: 200, epoch: 3 | loss: 0.2312306
	speed: 0.0060s/iter; left time: 629.4658s
	iters: 300, epoch: 3 | loss: 0.2022563
	speed: 0.0061s/iter; left time: 639.7990s
	iters: 400, epoch: 3 | loss: 0.2863957
	speed: 0.0061s/iter; left time: 631.6590s
	iters: 500, epoch: 3 | loss: 0.2779824
	speed: 0.0061s/iter; left time: 639.3627s
	iters: 600, epoch: 3 | loss: 0.2179931
	speed: 0.0062s/iter; left time: 646.6549s
	iters: 700, epoch: 3 | loss: 0.2454250
	speed: 0.0059s/iter; left time: 614.1260s
	iters: 800, epoch: 3 | loss: 0.2485435
	speed: 0.0064s/iter; left time: 662.5458s
	iters: 900, epoch: 3 | loss: 0.2712645
	speed: 0.0062s/iter; left time: 645.4380s
	iters: 1000, epoch: 3 | loss: 0.2119914
	speed: 0.0061s/iter; left time: 626.8910s
Epoch: 3 cost time: 6.5456085205078125
Epoch: 3, Steps: 1067 | Train Loss: 0.2434508 Vali Loss: 0.3735555
Validation loss decreased (0.387195 --> 0.373556).  Saving model ...
Updating learning rate to 0.000125
	iters: 100, epoch: 4 | loss: 0.2037291
	speed: 0.0198s/iter; left time: 2042.4514s
	iters: 200, epoch: 4 | loss: 0.2699932
	speed: 0.0059s/iter; left time: 611.9544s
	iters: 300, epoch: 4 | loss: 0.2391896
	speed: 0.0061s/iter; left time: 625.6983s
	iters: 400, epoch: 4 | loss: 0.2578387
	speed: 0.0060s/iter; left time: 618.8231s
	iters: 500, epoch: 4 | loss: 0.1955923
	speed: 0.0059s/iter; left time: 609.7111s
	iters: 600, epoch: 4 | loss: 0.1909471
	speed: 0.0061s/iter; left time: 628.9477s
	iters: 700, epoch: 4 | loss: 0.2869458
	speed: 0.0058s/iter; left time: 597.3784s
	iters: 800, epoch: 4 | loss: 0.2243735
	speed: 0.0060s/iter; left time: 616.5398s
	iters: 900, epoch: 4 | loss: 0.2257735
	speed: 0.0061s/iter; left time: 630.7858s
	iters: 1000, epoch: 4 | loss: 0.2844813
	speed: 0.0060s/iter; left time: 617.5864s
Epoch: 4 cost time: 6.425161361694336
Epoch: 4, Steps: 1067 | Train Loss: 0.2376345 Vali Loss: 0.3707321
Validation loss decreased (0.373556 --> 0.370732).  Saving model ...
Updating learning rate to 6.25e-05
	iters: 100, epoch: 5 | loss: 0.1833078
	speed: 0.0197s/iter; left time: 2011.7371s
	iters: 200, epoch: 5 | loss: 0.2706420
	speed: 0.0062s/iter; left time: 629.6850s
	iters: 300, epoch: 5 | loss: 0.1870875
	speed: 0.0064s/iter; left time: 651.2594s
	iters: 400, epoch: 5 | loss: 0.2205343
	speed: 0.0060s/iter; left time: 613.0603s
	iters: 500, epoch: 5 | loss: 0.2392388
	speed: 0.0059s/iter; left time: 601.9206s
	iters: 600, epoch: 5 | loss: 0.2856398
	speed: 0.0059s/iter; left time: 603.7757s
	iters: 700, epoch: 5 | loss: 0.2170207
	speed: 0.0062s/iter; left time: 626.8935s
	iters: 800, epoch: 5 | loss: 0.2589238
	speed: 0.0062s/iter; left time: 628.3120s
	iters: 900, epoch: 5 | loss: 0.2753382
	speed: 0.0063s/iter; left time: 636.4573s
	iters: 1000, epoch: 5 | loss: 0.2346108
	speed: 0.0062s/iter; left time: 633.7379s
Epoch: 5 cost time: 6.592434883117676
Epoch: 5, Steps: 1067 | Train Loss: 0.2348981 Vali Loss: 0.3685174
Validation loss decreased (0.370732 --> 0.368517).  Saving model ...
Updating learning rate to 3.125e-05
	iters: 100, epoch: 6 | loss: 0.2462862
	speed: 0.0205s/iter; left time: 2071.8273s
	iters: 200, epoch: 6 | loss: 0.2331041
	speed: 0.0064s/iter; left time: 644.7194s
	iters: 300, epoch: 6 | loss: 0.2459483
	speed: 0.0062s/iter; left time: 623.5197s
	iters: 400, epoch: 6 | loss: 0.2660947
	speed: 0.0063s/iter; left time: 635.3529s
	iters: 500, epoch: 6 | loss: 0.2013642
	speed: 0.0061s/iter; left time: 619.1182s
	iters: 600, epoch: 6 | loss: 0.2166059
	speed: 0.0059s/iter; left time: 598.7964s
	iters: 700, epoch: 6 | loss: 0.2316459
	speed: 0.0060s/iter; left time: 602.2933s
	iters: 800, epoch: 6 | loss: 0.2440516
	speed: 0.0061s/iter; left time: 617.6609s
	iters: 900, epoch: 6 | loss: 0.2244233
	speed: 0.0063s/iter; left time: 637.2448s
	iters: 1000, epoch: 6 | loss: 0.2296488
	speed: 0.0064s/iter; left time: 641.1520s
Epoch: 6 cost time: 6.620543956756592
Epoch: 6, Steps: 1067 | Train Loss: 0.2335581 Vali Loss: 0.3675822
Validation loss decreased (0.368517 --> 0.367582).  Saving model ...
Updating learning rate to 1.5625e-05
	iters: 100, epoch: 7 | loss: 0.2457961
	speed: 0.0203s/iter; left time: 2031.7437s
	iters: 200, epoch: 7 | loss: 0.2485669
	speed: 0.0060s/iter; left time: 598.7083s
	iters: 300, epoch: 7 | loss: 0.2235931
	speed: 0.0060s/iter; left time: 603.0385s
	iters: 400, epoch: 7 | loss: 0.1874914
	speed: 0.0058s/iter; left time: 577.7609s
	iters: 500, epoch: 7 | loss: 0.2438774
	speed: 0.0064s/iter; left time: 635.6583s
	iters: 600, epoch: 7 | loss: 0.2230092
	speed: 0.0062s/iter; left time: 614.7096s
	iters: 700, epoch: 7 | loss: 0.2727163
	speed: 0.0060s/iter; left time: 594.7339s
	iters: 800, epoch: 7 | loss: 0.2760999
	speed: 0.0058s/iter; left time: 578.5210s
	iters: 900, epoch: 7 | loss: 0.2557013
	speed: 0.0059s/iter; left time: 590.0074s
	iters: 1000, epoch: 7 | loss: 0.2229467
	speed: 0.0060s/iter; left time: 597.8077s
Epoch: 7 cost time: 6.392756938934326
Epoch: 7, Steps: 1067 | Train Loss: 0.2327169 Vali Loss: 0.3703208
EarlyStopping counter: 1 out of 6
Updating learning rate to 7.8125e-06
	iters: 100, epoch: 8 | loss: 0.2636603
	speed: 0.0190s/iter; left time: 1883.2781s
	iters: 200, epoch: 8 | loss: 0.2242201
	speed: 0.0059s/iter; left time: 585.9967s
	iters: 300, epoch: 8 | loss: 0.1711419
	speed: 0.0062s/iter; left time: 610.0221s
	iters: 400, epoch: 8 | loss: 0.2204175
	speed: 0.0061s/iter; left time: 605.5712s
	iters: 500, epoch: 8 | loss: 0.1972641
	speed: 0.0061s/iter; left time: 605.0489s
	iters: 600, epoch: 8 | loss: 0.2588395
	speed: 0.0058s/iter; left time: 569.0353s
	iters: 700, epoch: 8 | loss: 0.2272294
	speed: 0.0065s/iter; left time: 642.2350s
	iters: 800, epoch: 8 | loss: 0.2004131
	speed: 0.0061s/iter; left time: 598.2573s
	iters: 900, epoch: 8 | loss: 0.2195405
	speed: 0.0061s/iter; left time: 604.6802s
	iters: 1000, epoch: 8 | loss: 0.2126052
	speed: 0.0061s/iter; left time: 599.6842s
Epoch: 8 cost time: 6.516239881515503
Epoch: 8, Steps: 1067 | Train Loss: 0.2322635 Vali Loss: 0.3671335
Validation loss decreased (0.367582 --> 0.367133).  Saving model ...
Updating learning rate to 3.90625e-06
	iters: 100, epoch: 9 | loss: 0.2417569
	speed: 0.0194s/iter; left time: 1899.9738s
	iters: 200, epoch: 9 | loss: 0.2209707
	speed: 0.0063s/iter; left time: 613.4215s
	iters: 300, epoch: 9 | loss: 0.2131625
	speed: 0.0060s/iter; left time: 586.4689s
	iters: 400, epoch: 9 | loss: 0.2771508
	speed: 0.0065s/iter; left time: 637.3287s
	iters: 500, epoch: 9 | loss: 0.1959052
	speed: 0.0061s/iter; left time: 596.5867s
	iters: 600, epoch: 9 | loss: 0.2029397
	speed: 0.0063s/iter; left time: 618.2763s
	iters: 700, epoch: 9 | loss: 0.2219370
	speed: 0.0058s/iter; left time: 560.5995s
	iters: 800, epoch: 9 | loss: 0.2262919
	speed: 0.0061s/iter; left time: 593.7066s
	iters: 900, epoch: 9 | loss: 0.2166323
	speed: 0.0062s/iter; left time: 601.4957s
	iters: 1000, epoch: 9 | loss: 0.3249874
	speed: 0.0061s/iter; left time: 591.2731s
Epoch: 9 cost time: 6.5662620067596436
Epoch: 9, Steps: 1067 | Train Loss: 0.2320664 Vali Loss: 0.3665232
Validation loss decreased (0.367133 --> 0.366523).  Saving model ...
Updating learning rate to 1.953125e-06
	iters: 100, epoch: 10 | loss: 0.2249292
	speed: 0.0198s/iter; left time: 1923.3027s
	iters: 200, epoch: 10 | loss: 0.2267673
	speed: 0.0059s/iter; left time: 574.8315s
	iters: 300, epoch: 10 | loss: 0.2422733
	speed: 0.0060s/iter; left time: 581.8401s
	iters: 400, epoch: 10 | loss: 0.2844501
	speed: 0.0068s/iter; left time: 655.9207s
	iters: 500, epoch: 10 | loss: 0.1886258
	speed: 0.0057s/iter; left time: 550.6283s
	iters: 600, epoch: 10 | loss: 0.2067482
	speed: 0.0059s/iter; left time: 569.2553s
	iters: 700, epoch: 10 | loss: 0.2533488
	speed: 0.0062s/iter; left time: 597.2761s
	iters: 800, epoch: 10 | loss: 0.2213957
	speed: 0.0059s/iter; left time: 570.8843s
	iters: 900, epoch: 10 | loss: 0.2035274
	speed: 0.0060s/iter; left time: 575.6639s
	iters: 1000, epoch: 10 | loss: 0.3170220
	speed: 0.0061s/iter; left time: 589.8466s
Epoch: 10 cost time: 6.470459461212158
Epoch: 10, Steps: 1067 | Train Loss: 0.2320119 Vali Loss: 0.3671695
EarlyStopping counter: 1 out of 6
Updating learning rate to 9.765625e-07
	iters: 100, epoch: 11 | loss: 0.2360087
	speed: 0.0197s/iter; left time: 1885.0555s
	iters: 200, epoch: 11 | loss: 0.2561966
	speed: 0.0061s/iter; left time: 583.0418s
	iters: 300, epoch: 11 | loss: 0.2361676
	speed: 0.0063s/iter; left time: 602.7708s
	iters: 400, epoch: 11 | loss: 0.2295123
	speed: 0.0059s/iter; left time: 568.1057s
	iters: 500, epoch: 11 | loss: 0.2665145
	speed: 0.0063s/iter; left time: 599.1772s
	iters: 600, epoch: 11 | loss: 0.2226189
	speed: 0.0063s/iter; left time: 604.2645s
	iters: 700, epoch: 11 | loss: 0.2399784
	speed: 0.0060s/iter; left time: 570.1008s
	iters: 800, epoch: 11 | loss: 0.2423624
	speed: 0.0059s/iter; left time: 565.9790s
	iters: 900, epoch: 11 | loss: 0.2300730
	speed: 0.0059s/iter; left time: 564.2703s
	iters: 1000, epoch: 11 | loss: 0.2353849
	speed: 0.0059s/iter; left time: 562.6914s
Epoch: 11 cost time: 6.474609375
Epoch: 11, Steps: 1067 | Train Loss: 0.2319265 Vali Loss: 0.3672395
EarlyStopping counter: 2 out of 6
Updating learning rate to 4.8828125e-07
	iters: 100, epoch: 12 | loss: 0.2179066
	speed: 0.0200s/iter; left time: 1899.3382s
	iters: 200, epoch: 12 | loss: 0.2303762
	speed: 0.0059s/iter; left time: 562.6481s
	iters: 300, epoch: 12 | loss: 0.2078695
	speed: 0.0060s/iter; left time: 566.5173s
	iters: 400, epoch: 12 | loss: 0.2081080
	speed: 0.0061s/iter; left time: 576.3407s
	iters: 500, epoch: 12 | loss: 0.2131637
	speed: 0.0060s/iter; left time: 567.9598s
	iters: 600, epoch: 12 | loss: 0.1863429
	speed: 0.0061s/iter; left time: 574.6043s
	iters: 700, epoch: 12 | loss: 0.2285548
	speed: 0.0064s/iter; left time: 606.3159s
	iters: 800, epoch: 12 | loss: 0.1760088
	speed: 0.0060s/iter; left time: 565.4060s
	iters: 900, epoch: 12 | loss: 0.1983401
	speed: 0.0061s/iter; left time: 574.4252s
	iters: 1000, epoch: 12 | loss: 0.2084779
	speed: 0.0063s/iter; left time: 588.0470s
Epoch: 12 cost time: 6.47654128074646
Epoch: 12, Steps: 1067 | Train Loss: 0.2319130 Vali Loss: 0.3672270
EarlyStopping counter: 3 out of 6
Updating learning rate to 2.44140625e-07
	iters: 100, epoch: 13 | loss: 0.2033938
	speed: 0.0192s/iter; left time: 1798.6062s
	iters: 200, epoch: 13 | loss: 0.2087632
	speed: 0.0059s/iter; left time: 553.8293s
	iters: 300, epoch: 13 | loss: 0.2014634
	speed: 0.0062s/iter; left time: 581.0125s
	iters: 400, epoch: 13 | loss: 0.2513696
	speed: 0.0063s/iter; left time: 591.6901s
	iters: 500, epoch: 13 | loss: 0.2183590
	speed: 0.0060s/iter; left time: 563.7706s
	iters: 600, epoch: 13 | loss: 0.2426751
	speed: 0.0060s/iter; left time: 560.8538s
	iters: 700, epoch: 13 | loss: 0.2496884
	speed: 0.0061s/iter; left time: 566.6796s
	iters: 800, epoch: 13 | loss: 0.2333582
	speed: 0.0062s/iter; left time: 577.8416s
	iters: 900, epoch: 13 | loss: 0.1988713
	speed: 0.0063s/iter; left time: 589.8531s
	iters: 1000, epoch: 13 | loss: 0.2172689
	speed: 0.0067s/iter; left time: 622.0671s
Epoch: 13 cost time: 6.642292499542236
Epoch: 13, Steps: 1067 | Train Loss: 0.2318917 Vali Loss: 0.3672350
EarlyStopping counter: 4 out of 6
Updating learning rate to 1.220703125e-07
	iters: 100, epoch: 14 | loss: 0.2005558
	speed: 0.0206s/iter; left time: 1906.1388s
	iters: 200, epoch: 14 | loss: 0.1882341
	speed: 0.0061s/iter; left time: 568.6619s
	iters: 300, epoch: 14 | loss: 0.2476730
	speed: 0.0064s/iter; left time: 592.2777s
	iters: 400, epoch: 14 | loss: 0.1691571
	speed: 0.0065s/iter; left time: 597.8553s
	iters: 500, epoch: 14 | loss: 0.2040838
	speed: 0.0063s/iter; left time: 582.3373s
	iters: 600, epoch: 14 | loss: 0.2431478
	speed: 0.0062s/iter; left time: 575.7242s
	iters: 700, epoch: 14 | loss: 0.2287921
	speed: 0.0062s/iter; left time: 567.0072s
	iters: 800, epoch: 14 | loss: 0.2793667
	speed: 0.0066s/iter; left time: 611.1966s
	iters: 900, epoch: 14 | loss: 0.2834610
	speed: 0.0064s/iter; left time: 588.7444s
	iters: 1000, epoch: 14 | loss: 0.2451703
	speed: 0.0065s/iter; left time: 593.8814s
Epoch: 14 cost time: 6.752281665802002
Epoch: 14, Steps: 1067 | Train Loss: 0.2318035 Vali Loss: 0.3672291
EarlyStopping counter: 5 out of 6
Updating learning rate to 6.103515625e-08
	iters: 100, epoch: 15 | loss: 0.2630505
	speed: 0.0198s/iter; left time: 1811.7033s
	iters: 200, epoch: 15 | loss: 0.2443969
	speed: 0.0064s/iter; left time: 583.1121s
	iters: 300, epoch: 15 | loss: 0.2150369
	speed: 0.0061s/iter; left time: 557.8110s
	iters: 400, epoch: 15 | loss: 0.3005384
	speed: 0.0064s/iter; left time: 582.7875s
	iters: 500, epoch: 15 | loss: 0.2681819
	speed: 0.0061s/iter; left time: 561.0007s
	iters: 600, epoch: 15 | loss: 0.2584149
	speed: 0.0067s/iter; left time: 606.4354s
	iters: 700, epoch: 15 | loss: 0.2249079
	speed: 0.0063s/iter; left time: 572.0311s
	iters: 800, epoch: 15 | loss: 0.2543501
	speed: 0.0061s/iter; left time: 552.3344s
	iters: 900, epoch: 15 | loss: 0.1781880
	speed: 0.0064s/iter; left time: 585.3402s
	iters: 1000, epoch: 15 | loss: 0.2782281
	speed: 0.0063s/iter; left time: 569.3507s
Epoch: 15 cost time: 6.744196653366089
Epoch: 15, Steps: 1067 | Train Loss: 0.2318404 Vali Loss: 0.3672385
EarlyStopping counter: 6 out of 6
Early stopping
VALIDATION_RESULT {"best_epoch": 9, "best_mae": 0.4030144346208762, "best_mse": 0.36652315090680676, "epochs_ran": 15, "metric_version": "element_weighted_v1", "train_duration_seconds": 113.88897203002125, "train_peak_cuda_memory_bytes": 242570240}
>>>>>>>test skipped (validation-only run)<<<<<<<<<<<<<<<<<<<<<<<<
>>>>>>>evaluating validation checkpoint : long_term_forecast_trps_smoke_timerole_ettm1_p96_s2021_r3_TimeRole_ETTm1_ftM_sl336_ll48_pl96_dm64_nh8_el1_dl1_df128_expand2_dc2_fc1_ebtimeF_dtTrue_trps_smoke_timerole_ettm1_p96_s2021_r3_0<<<<<<<<<<<<<<<<<<<<<<<<<<<<<<<<<
val 11425
EVALUATION_RESULT {"batches": 358, "elapsed_seconds": 0.9757839450612664, "elements": 7677600, "gate_abs_mean": 0.19373786449432373, "gate_max": -0.13737499713897705, "gate_mean": -0.19373786449432373, "gate_min": -0.24842773377895355, "gate_values": [-0.22671380639076233, -0.17018428444862366, -0.2313707321882248, -0.1715833693742752, -0.24842773377895355, -0.13737499713897705, -0.17051012814044952], "mae": 0.4030144346208762, "memory_correction_mae": 0.20762084521911436, "memory_correction_rms": 0.31672253061163397, "metric_version": "element_weighted_v1", "milliseconds_per_batch": 2.7256534778247667, "mse": 0.36652315090680676, "parameter_count": 661005, "peak_cuda_memory_bytes": 122426880, "split": "val", "test_accessed": false, "timerole_intervention": "intact"}
