Using GPU
Args in experiment:
[1mBasic Config[0m
  Task Name:          long_term_forecast  Is Training:        1                   
  Model ID:           simpletm_etth1_sl336_pl96_s2022Model:              SimpleTM            

[1mData Loader[0m
  Data:               ETTh1               Root Path:          /home/cwh/Time-Series-Library/dataset/ETT-small
  Data Path:          ETTh1.csv           Features:           M                   
  Target:             OT                  Freq:               h                   
  Checkpoints:        /home/cwh/Time-Series-Library/logs/simpletm_etth1_sl336/checkpoints

[1mForecasting Task[0m
  Seq Len:            336                 Label Len:          0                   
  Pred Len:           96                  Seasonal Patterns:  Monthly             
  Inverse:            0                   

[1mModel Parameters[0m
  Top k:              5                   Num Kernels:        6                   
  Enc In:             7                   Dec In:             7                   
  C Out:              7                   d model:            32                  
  n heads:            8                   e layers:           1                   
  d layers:           1                   d FF:               32                  
  Moving Avg:         25                  Factor:             1                   
  Distil:             1                   Dropout:            0.1                 
  Embed:              timeF               Activation:         gelu                

[1mRun Parameters[0m
  Num Workers:        0                   Itr:                1                   
  Train Epochs:       10                  Batch Size:         256                 
  Patience:           3                   Learning Rate:      0.02                
  Des:                simpletm_etth1_sl336_pl96_s2022Loss:               MSE                 
  Lradj:              type1               Use Amp:            0                   

[1mGPU[0m
  Use GPU:            1                   GPU:                0                   
  Use Multi GPU:      0                   Devices:            0,1,2,3             

[1mDe-stationary Projector Params[0m
  P Hidden Dims:      128, 128            P Hidden Layers:    2                   

Use GPU: cuda:0
🚀 Lazy Loading: SimpleTM ...
>>>>>>>start training : long_term_forecast_simpletm_etth1_sl336_pl96_s2022_SimpleTM_ETTh1_ftM_sl336_ll0_pl96_dm32_nh8_el1_dl1_df32_expand2_dc4_fc1_ebtimeF_dtTrue_simpletm_etth1_sl336_pl96_s2022_0>>>>>>>>>>>>>>>>>>>>>>>>>>
train 8209
val 2785
Epoch: 1 cost time: 0.7583229541778564
Epoch: 1, Steps: 33 | Train Loss: 0.5172795 Vali Loss: 0.7706388
Validation loss decreased (inf --> 0.770639).  Saving model ...
Epoch: 2 cost time: 0.4213521480560303
Epoch: 2, Steps: 33 | Train Loss: 0.3840616 Vali Loss: 0.7224401
Validation loss decreased (0.770639 --> 0.722440).  Saving model ...
Epoch: 3 cost time: 0.4206554889678955
Epoch: 3, Steps: 33 | Train Loss: 0.3582230 Vali Loss: 0.7365127
EarlyStopping counter: 1 out of 3
Epoch: 4 cost time: 0.42249274253845215
Epoch: 4, Steps: 33 | Train Loss: 0.3450440 Vali Loss: 0.7352181
EarlyStopping counter: 2 out of 3
Epoch: 5 cost time: 0.41339659690856934
Epoch: 5, Steps: 33 | Train Loss: 0.3422657 Vali Loss: 0.7054709
Validation loss decreased (0.722440 --> 0.705471).  Saving model ...
Epoch: 6 cost time: 0.4224417209625244
Epoch: 6, Steps: 33 | Train Loss: 0.3395114 Vali Loss: 0.7342530
EarlyStopping counter: 1 out of 3
Epoch: 7 cost time: 0.48241329193115234
Epoch: 7, Steps: 33 | Train Loss: 0.3345080 Vali Loss: 0.7034042
Validation loss decreased (0.705471 --> 0.703404).  Saving model ...
Epoch: 8 cost time: 0.5137524604797363
Epoch: 8, Steps: 33 | Train Loss: 0.3289075 Vali Loss: 0.7133863
EarlyStopping counter: 1 out of 3
Epoch: 9 cost time: 0.531440019607544
Epoch: 9, Steps: 33 | Train Loss: 0.3256179 Vali Loss: 0.7067695
EarlyStopping counter: 2 out of 3
Epoch: 10 cost time: 0.5090112686157227
Epoch: 10, Steps: 33 | Train Loss: 0.3239505 Vali Loss: 0.7103499
EarlyStopping counter: 3 out of 3
Early stopping
VALIDATION_RESULT {"best_epoch": 7, "best_mae": 0.5608002765633014, "best_mse": 0.7034042182290331, "epochs_ran": 10, "metric_version": "element_weighted_v1", "train_duration_seconds": 6.376921713817865, "train_peak_cuda_memory_bytes": 78216704}
>>>>>>>testing : long_term_forecast_simpletm_etth1_sl336_pl96_s2022_SimpleTM_ETTh1_ftM_sl336_ll0_pl96_dm32_nh8_el1_dl1_df32_expand2_dc4_fc1_ebtimeF_dtTrue_simpletm_etth1_sl336_pl96_s2022_0<<<<<<<<<<<<<<<<<<<<<<<<<<<<<<<<<
test 2785
EVALUATION_RESULT {"batches": 11, "elapsed_seconds": 0.08497923985123634, "elements": 1871520, "mae": 0.4082686278232399, "metric_version": "element_weighted_v1", "milliseconds_per_batch": 7.725385441021486, "mse": 0.38546331366015324, "origin_count": 2785, "origin_metric_version": "per_forecast_origin_mean_v1", "origin_metrics_path": "/home/cwh/Time-Series-Library/logs/simpletm_etth1_sl336/checkpoints/long_term_forecast_simpletm_etth1_sl336_pl96_s2022_SimpleTM_ETTh1_ftM_sl336_ll0_pl96_dm32_nh8_el1_dl1_df32_expand2_dc4_fc1_ebtimeF_dtTrue_simpletm_etth1_sl336_pl96_s2022_0/test_origin_metrics.npz", "parameter_count": 20536, "peak_cuda_memory_bytes": 55785472, "split": "test", "test_accessed": true, "timerole_intervention": "intact"}
mse:0.38546331366015324, mae:0.4082686278232399, dtw:Not calculated
