Using GPU
Args in experiment:
[1mBasic Config[0m
  Task Name:          long_term_forecast  Is Training:        1                   
  Model ID:           simpletm_etth1_sl336_pl96_s2023Model:              SimpleTM            

[1mData Loader[0m
  Data:               ETTh1               Root Path:          /home/cwh/Time-Series-Library/dataset/ETT-small
  Data Path:          ETTh1.csv           Features:           M                   
  Target:             OT                  Freq:               h                   
  Checkpoints:        /home/cwh/Time-Series-Library/logs/simpletm_etth1_sl336/checkpoints

[1mForecasting Task[0m
  Seq Len:            336                 Label Len:          0                   
  Pred Len:           96                  Seasonal Patterns:  Monthly             
  Inverse:            0                   

[1mModel Parameters[0m
  Top k:              5                   Num Kernels:        6                   
  Enc In:             7                   Dec In:             7                   
  C Out:              7                   d model:            32                  
  n heads:            8                   e layers:           1                   
  d layers:           1                   d FF:               32                  
  Moving Avg:         25                  Factor:             1                   
  Distil:             1                   Dropout:            0.1                 
  Embed:              timeF               Activation:         gelu                

[1mRun Parameters[0m
  Num Workers:        0                   Itr:                1                   
  Train Epochs:       10                  Batch Size:         256                 
  Patience:           3                   Learning Rate:      0.02                
  Des:                simpletm_etth1_sl336_pl96_s2023Loss:               MSE                 
  Lradj:              type1               Use Amp:            0                   

[1mGPU[0m
  Use GPU:            1                   GPU:                0                   
  Use Multi GPU:      0                   Devices:            0,1,2,3             

[1mDe-stationary Projector Params[0m
  P Hidden Dims:      128, 128            P Hidden Layers:    2                   

Use GPU: cuda:0
🚀 Lazy Loading: SimpleTM ...
>>>>>>>start training : long_term_forecast_simpletm_etth1_sl336_pl96_s2023_SimpleTM_ETTh1_ftM_sl336_ll0_pl96_dm32_nh8_el1_dl1_df32_expand2_dc4_fc1_ebtimeF_dtTrue_simpletm_etth1_sl336_pl96_s2023_0>>>>>>>>>>>>>>>>>>>>>>>>>>
train 8209
val 2785
Epoch: 1 cost time: 0.7658112049102783
Epoch: 1, Steps: 33 | Train Loss: 0.5095258 Vali Loss: 0.7568881
Validation loss decreased (inf --> 0.756888).  Saving model ...
Epoch: 2 cost time: 0.43116068840026855
Epoch: 2, Steps: 33 | Train Loss: 0.3809568 Vali Loss: 0.7533845
Validation loss decreased (0.756888 --> 0.753385).  Saving model ...
Epoch: 3 cost time: 0.45634937286376953
Epoch: 3, Steps: 33 | Train Loss: 0.3571062 Vali Loss: 0.7336236
Validation loss decreased (0.753385 --> 0.733624).  Saving model ...
Epoch: 4 cost time: 0.41750049591064453
Epoch: 4, Steps: 33 | Train Loss: 0.3468548 Vali Loss: 0.7360113
EarlyStopping counter: 1 out of 3
Epoch: 5 cost time: 0.5154898166656494
Epoch: 5, Steps: 33 | Train Loss: 0.3406558 Vali Loss: 0.7034466
Validation loss decreased (0.733624 --> 0.703447).  Saving model ...
Epoch: 6 cost time: 0.5424401760101318
Epoch: 6, Steps: 33 | Train Loss: 0.3335870 Vali Loss: 0.7236701
EarlyStopping counter: 1 out of 3
Epoch: 7 cost time: 0.599341630935669
Epoch: 7, Steps: 33 | Train Loss: 0.3291847 Vali Loss: 0.7253521
EarlyStopping counter: 2 out of 3
Epoch: 8 cost time: 0.5226666927337646
Epoch: 8, Steps: 33 | Train Loss: 0.3248866 Vali Loss: 0.7172608
EarlyStopping counter: 3 out of 3
Early stopping
VALIDATION_RESULT {"best_epoch": 5, "best_mae": 0.5661217386135334, "best_mse": 0.7034466219303026, "epochs_ran": 8, "metric_version": "element_weighted_v1", "train_duration_seconds": 5.549290169030428, "train_peak_cuda_memory_bytes": 78216704}
>>>>>>>testing : long_term_forecast_simpletm_etth1_sl336_pl96_s2023_SimpleTM_ETTh1_ftM_sl336_ll0_pl96_dm32_nh8_el1_dl1_df32_expand2_dc4_fc1_ebtimeF_dtTrue_simpletm_etth1_sl336_pl96_s2023_0<<<<<<<<<<<<<<<<<<<<<<<<<<<<<<<<<
test 2785
EVALUATION_RESULT {"batches": 11, "elapsed_seconds": 0.09021385619416833, "elements": 1871520, "mae": 0.40878669769425385, "metric_version": "element_weighted_v1", "milliseconds_per_batch": 8.201259654015303, "mse": 0.38771573999676734, "origin_count": 2785, "origin_metric_version": "per_forecast_origin_mean_v1", "origin_metrics_path": "/home/cwh/Time-Series-Library/logs/simpletm_etth1_sl336/checkpoints/long_term_forecast_simpletm_etth1_sl336_pl96_s2023_SimpleTM_ETTh1_ftM_sl336_ll0_pl96_dm32_nh8_el1_dl1_df32_expand2_dc4_fc1_ebtimeF_dtTrue_simpletm_etth1_sl336_pl96_s2023_0/test_origin_metrics.npz", "parameter_count": 20536, "peak_cuda_memory_bytes": 55785472, "split": "test", "test_accessed": true, "timerole_intervention": "intact"}
mse:0.38771573999676734, mae:0.40878669769425385, dtw:Not calculated
