Using GPU
Args in experiment:
[1mBasic Config[0m
  Task Name:          long_term_forecast  Is Training:        1                   
  Model ID:           timefilter_etth1_sl336_pl96_s2022Model:              TimeFilter          

[1mData Loader[0m
  Data:               ETTh1               Root Path:          /home/cwh/Time-Series-Library/dataset/ETT-small
  Data Path:          ETTh1.csv           Features:           M                   
  Target:             OT                  Freq:               h                   
  Checkpoints:        /home/cwh/Time-Series-Library/logs/timefilter_main_multiseed/checkpoints

[1mForecasting Task[0m
  Seq Len:            336                 Label Len:          48                  
  Pred Len:           96                  Seasonal Patterns:  Monthly             
  Inverse:            0                   

[1mModel Parameters[0m
  Top k:              5                   Num Kernels:        6                   
  Enc In:             7                   Dec In:             7                   
  C Out:              7                   d model:            128                 
  n heads:            8                   e layers:           2                   
  d layers:           1                   d FF:               256                 
  Moving Avg:         25                  Factor:             3                   
  Distil:             1                   Dropout:            0.8                 
  Embed:              timeF               Activation:         gelu                

[1mRun Parameters[0m
  Num Workers:        0                   Itr:                1                   
  Train Epochs:       10                  Batch Size:         32                  
  Patience:           3                   Learning Rate:      0.0001              
  Des:                timefilter_etth1_sl336_pl96_s2022Loss:               MSE                 
  Lradj:              type1               Use Amp:            0                   

[1mGPU[0m
  Use GPU:            1                   GPU:                0                   
  Use Multi GPU:      0                   Devices:            0,1,2,3             

[1mDe-stationary Projector Params[0m
  P Hidden Dims:      128, 128            P Hidden Layers:    2                   

Use GPU: cuda:0
🚀 Lazy Loading: TimeFilter ...
>>>>>>>start training : long_term_forecast_timefilter_etth1_sl336_pl96_s2022_TimeFilter_ETTh1_ftM_sl336_ll48_pl96_dm128_nh8_el2_dl1_df256_expand2_dc4_fc3_ebtimeF_dtTrue_timefilter_etth1_sl336_pl96_s2022_0>>>>>>>>>>>>>>>>>>>>>>>>>>
train 8209
val 2785
	iters: 100, epoch: 1 | loss: 0.3726179
	speed: 1.3332s/iter; left time: 3294.3815s
	iters: 200, epoch: 1 | loss: 0.3427745
	speed: 1.3285s/iter; left time: 3149.9106s
Epoch: 1 cost time: 340.496954202652
Epoch: 1, Steps: 257 | Train Loss: 0.3821698 Vali Loss: 0.6871448
Validation loss decreased (inf --> 0.687145).  Saving model ...
Updating learning rate to 0.0001
	iters: 100, epoch: 2 | loss: 0.4353438
	speed: 2.4479s/iter; left time: 5419.5794s
	iters: 200, epoch: 2 | loss: 0.3192435
	speed: 1.3333s/iter; left time: 2818.5377s
Traceback (most recent call last):
  File "/home/cwh/Time-Series-Library/run.py", line 423, in <module>
    exp.train(setting)
  File "/home/cwh/Time-Series-Library/exp/exp_long_term_forecasting.py", line 286, in train
    outputs = self.model(batch_x, batch_x_mark, dec_inp, batch_y_mark)
              ^^^^^^^^^^^^^^^^^^^^^^^^^^^^^^^^^^^^^^^^^^^^^^^^^^^^^^^^
  File "/home/cwh/Time-Series-Library/.venv/lib/python3.11/site-packages/torch/nn/modules/module.py", line 1736, in _wrapped_call_impl
    return self._call_impl(*args, **kwargs)
           ^^^^^^^^^^^^^^^^^^^^^^^^^^^^^^^^
  File "/home/cwh/Time-Series-Library/.venv/lib/python3.11/site-packages/torch/nn/modules/module.py", line 1747, in _call_impl
    return forward_call(*args, **kwargs)
           ^^^^^^^^^^^^^^^^^^^^^^^^^^^^^
  File "/home/cwh/Time-Series-Library/models/TimeFilter.py", line 165, in forward
    dec_out = self.forecast(x_enc, x_mark_enc, x_dec, x_mark_dec)
              ^^^^^^^^^^^^^^^^^^^^^^^^^^^^^^^^^^^^^^^^^^^^^^^^^^^
  File "/home/cwh/Time-Series-Library/models/TimeFilter.py", line 99, in forecast
    x, moe_loss = self.backbone(x, self._get_mask(x.device), self.alpha)
                  ^^^^^^^^^^^^^^^^^^^^^^^^^^^^^^^^^^^^^^^^^^^^^^^^^^^^^^
  File "/home/cwh/Time-Series-Library/.venv/lib/python3.11/site-packages/torch/nn/modules/module.py", line 1736, in _wrapped_call_impl
    return self._call_impl(*args, **kwargs)
           ^^^^^^^^^^^^^^^^^^^^^^^^^^^^^^^^
  File "/home/cwh/Time-Series-Library/.venv/lib/python3.11/site-packages/torch/nn/modules/module.py", line 1747, in _call_impl
    return forward_call(*args, **kwargs)
           ^^^^^^^^^^^^^^^^^^^^^^^^^^^^^
  File "/home/cwh/Time-Series-Library/layers/TimeFilter_layers.py", line 280, in forward
    x, loss = block(x, masks, alpha)
              ^^^^^^^^^^^^^^^^^^^^^^
  File "/home/cwh/Time-Series-Library/.venv/lib/python3.11/site-packages/torch/nn/modules/module.py", line 1736, in _wrapped_call_impl
    return self._call_impl(*args, **kwargs)
           ^^^^^^^^^^^^^^^^^^^^^^^^^^^^^^^^
  File "/home/cwh/Time-Series-Library/.venv/lib/python3.11/site-packages/torch/nn/modules/module.py", line 1747, in _call_impl
    return forward_call(*args, **kwargs)
           ^^^^^^^^^^^^^^^^^^^^^^^^^^^^^
  File "/home/cwh/Time-Series-Library/layers/TimeFilter_layers.py", line 258, in forward
    out, loss = self.gnn(self.norm1(x), masks, alpha)
                ^^^^^^^^^^^^^^^^^^^^^^^^^^^^^^^^^^^^^
  File "/home/cwh/Time-Series-Library/.venv/lib/python3.11/site-packages/torch/nn/modules/module.py", line 1736, in _wrapped_call_impl
    return self._call_impl(*args, **kwargs)
           ^^^^^^^^^^^^^^^^^^^^^^^^^^^^^^^^
  File "/home/cwh/Time-Series-Library/.venv/lib/python3.11/site-packages/torch/nn/modules/module.py", line 1747, in _call_impl
    return forward_call(*args, **kwargs)
           ^^^^^^^^^^^^^^^^^^^^^^^^^^^^^
  File "/home/cwh/Time-Series-Library/layers/TimeFilter_layers.py", line 233, in forward
    adj, loss = self.graph_learner(x.reshape(B, L, self.n_heads, -1).permute(0, 2, 1, 3), masks, alpha)  # [B, H, L, L]
                ^^^^^^^^^^^^^^^^^^^^^^^^^^^^^^^^^^^^^^^^^^^^^^^^^^^^^^^^^^^^^^^^^^^^^^^^^^^^^^^^^^^^^^^
  File "/home/cwh/Time-Series-Library/.venv/lib/python3.11/site-packages/torch/nn/modules/module.py", line 1736, in _wrapped_call_impl
    return self._call_impl(*args, **kwargs)
           ^^^^^^^^^^^^^^^^^^^^^^^^^^^^^^^^
  File "/home/cwh/Time-Series-Library/.venv/lib/python3.11/site-packages/torch/nn/modules/module.py", line 1747, in _call_impl
    return forward_call(*args, **kwargs)
           ^^^^^^^^^^^^^^^^^^^^^^^^^^^^^
  File "/home/cwh/Time-Series-Library/layers/TimeFilter_layers.py", line 213, in forward
    mask, loss = self.mask_moe(adj, masks)
                 ^^^^^^^^^^^^^^^^^^^^^^^^^
  File "/home/cwh/Time-Series-Library/.venv/lib/python3.11/site-packages/torch/nn/modules/module.py", line 1736, in _wrapped_call_impl
    return self._call_impl(*args, **kwargs)
           ^^^^^^^^^^^^^^^^^^^^^^^^^^^^^^^^
  File "/home/cwh/Time-Series-Library/.venv/lib/python3.11/site-packages/torch/nn/modules/module.py", line 1747, in _call_impl
    return forward_call(*args, **kwargs)
           ^^^^^^^^^^^^^^^^^^^^^^^^^^^^^
  File "/home/cwh/Time-Series-Library/layers/TimeFilter_layers.py", line 169, in forward
    gates, loss = self.noisy_top_k_gating(x, self.training)
                  ^^^^^^^^^^^^^^^^^^^^^^^^^^^^^^^^^^^^^^^^^
  File "/home/cwh/Time-Series-Library/layers/TimeFilter_layers.py", line 147, in noisy_top_k_gating
    zero_indices = (mask == 0).nonzero(as_tuple=True)
                   ^^^^^^^^^^^^^^^^^^^^^^^^^^^^^^^^^^
KeyboardInterrupt
